Archive member included to satisfy reference by file (symbol)

c:/program files (x86)/atmel/studio/7.0/toolchain/avr8/avr8-gnu-toolchain/bin/../lib/gcc/avr/4.9.2/avrxmega6\libgcc.a(_udivmodhi4.o)
                              CLaserControlApp.o (__udivmodhi4)
c:/program files (x86)/atmel/studio/7.0/toolchain/avr8/avr8-gnu-toolchain/bin/../lib/gcc/avr/4.9.2/avrxmega6\libgcc.a(_divmodsi4.o)
                              CSoundPlayer.o (__divmodsi4)
c:/program files (x86)/atmel/studio/7.0/toolchain/avr8/avr8-gnu-toolchain/bin/../lib/gcc/avr/4.9.2/avrxmega6\libgcc.a(_negsi2.o)
                              c:/program files (x86)/atmel/studio/7.0/toolchain/avr8/avr8-gnu-toolchain/bin/../lib/gcc/avr/4.9.2/avrxmega6\libgcc.a(_divmodsi4.o) (__negsi2)
c:/program files (x86)/atmel/studio/7.0/toolchain/avr8/avr8-gnu-toolchain/bin/../lib/gcc/avr/4.9.2/avrxmega6\libgcc.a(_exit.o)
                              C:/Program Files (x86)/Atmel/Studio/7.0/Packs/atmel/XMEGAA_DFP/1.0.36/gcc/dev/atxmega128a3/avrxmega6/crtatxmega128a3.o (exit)
c:/program files (x86)/atmel/studio/7.0/toolchain/avr8/avr8-gnu-toolchain/bin/../lib/gcc/avr/4.9.2/avrxmega6\libgcc.a(_tablejump2.o)
                              CLaserControlApp.o (__tablejump2__)
c:/program files (x86)/atmel/studio/7.0/toolchain/avr8/avr8-gnu-toolchain/bin/../lib/gcc/avr/4.9.2/avrxmega6\libgcc.a(_copy_data.o)
                              CDGUSUSART.o (__do_copy_data)
c:/program files (x86)/atmel/studio/7.0/toolchain/avr8/avr8-gnu-toolchain/bin/../lib/gcc/avr/4.9.2/avrxmega6\libgcc.a(_clear_bss.o)
                              CLaserControlApp.o (__do_clear_bss)
c:/program files (x86)/atmel/studio/7.0/toolchain/avr8/avr8-gnu-toolchain/bin/../lib/gcc/avr/4.9.2/avrxmega6\libgcc.a(_ctors.o)
                              CLaserControlApp.o (__do_global_ctors)
c:/program files (x86)/atmel/studio/7.0/toolchain/avr8/avr8-gnu-toolchain/bin/../lib/gcc/avr/4.9.2/avrxmega6\libgcc.a(_dtors.o)
                              CLaserControlApp.o (__do_global_dtors)
c:/program files (x86)/atmel/studio/7.0/toolchain/avr8/avr8-gnu-toolchain/bin/../lib/gcc/avr/4.9.2/avrxmega6\libgcc.a(_umulhisi3.o)
                              CLaserControlApp.o (__umulhisi3)
c:/program files (x86)/atmel/studio/7.0/toolchain/avr8/avr8-gnu-toolchain/bin/../lib/gcc/avr/4.9.2/avrxmega6\libgcc.a(_udivmodsi4.o)
                              c:/program files (x86)/atmel/studio/7.0/toolchain/avr8/avr8-gnu-toolchain/bin/../lib/gcc/avr/4.9.2/avrxmega6\libgcc.a(_divmodsi4.o) (__udivmodsi4)
c:/program files (x86)/atmel/studio/7.0/toolchain/avr8/avr8-gnu-toolchain/bin/../lib/gcc/avr/4.9.2/../../../../avr/lib/avrxmega6\libc.a(malloc.o)
                              LaserLib/CSPI.o (malloc)
c:/program files (x86)/atmel/studio/7.0/toolchain/avr8/avr8-gnu-toolchain/bin/../lib/gcc/avr/4.9.2/../../../../avr/lib/avrxmega6\libc.a(memcpy.o)
                              CDGUSDatabase.o (memcpy)
c:/program files (x86)/atmel/studio/7.0/toolchain/avr8/avr8-gnu-toolchain/bin/../lib/gcc/avr/4.9.2/../../../../avr/lib/avrxmega6\libc.a(strcmp.o)
                              CLaserControlApp.o (strcmp)

Allocating common symbols
Common symbol       size              file

__brkval            0x2               c:/program files (x86)/atmel/studio/7.0/toolchain/avr8/avr8-gnu-toolchain/bin/../lib/gcc/avr/4.9.2/../../../../avr/lib/avrxmega6\libc.a(malloc.o)
__flp               0x2               c:/program files (x86)/atmel/studio/7.0/toolchain/avr8/avr8-gnu-toolchain/bin/../lib/gcc/avr/4.9.2/../../../../avr/lib/avrxmega6\libc.a(malloc.o)

Discarded input sections

 .data          0x00000000        0x0 C:/Program Files (x86)/Atmel/Studio/7.0/Packs/atmel/XMEGAA_DFP/1.0.36/gcc/dev/atxmega128a3/avrxmega6/crtatxmega128a3.o
 .bss           0x00000000        0x0 C:/Program Files (x86)/Atmel/Studio/7.0/Packs/atmel/XMEGAA_DFP/1.0.36/gcc/dev/atxmega128a3/avrxmega6/crtatxmega128a3.o
 .text          0x00000000        0x0 CDGUSDatabase.o
 .data          0x00000000        0x0 CDGUSDatabase.o
 .bss           0x00000000        0x0 CDGUSDatabase.o
 .text._ZN13CDGUSDatabase15WriteToDatabaseEPvjm
                0x00000000      0x102 CDGUSDatabase.o
 .text._ZN13CDGUSDatabase16ReadFromDatabaseEPvjm
                0x00000000       0xf0 CDGUSDatabase.o
 .text._ZN13CDGUSDatabase11WriteEnableEv
                0x00000000       0x3e CDGUSDatabase.o
 .text._ZN13CDGUSDatabase12WriteDisableEv
                0x00000000       0x3c CDGUSDatabase.o
 .group         0x00000000        0x8 CDGUSUSART.o
 .text          0x00000000        0x0 CDGUSUSART.o
 .data          0x00000000        0x0 CDGUSUSART.o
 .bss           0x00000000        0x0 CDGUSUSART.o
 .data.bsupport_table
                0x00000000       0x20 CDGUSUSART.o
 .text          0x00000000        0x0 CLaserBoard.o
 .data          0x00000000        0x0 CLaserBoard.o
 .bss           0x00000000        0x0 CLaserBoard.o
 .group         0x00000000        0x8 CLaserControlApp.o
 .text          0x00000000        0x0 CLaserControlApp.o
 .data          0x00000000        0x0 CLaserControlApp.o
 .bss           0x00000000        0x0 CLaserControlApp.o
 .text._Z4swapj
                0x00000000        0x8 CLaserControlApp.o
 .text._Z3minjj
                0x00000000        0xa CLaserControlApp.o
 .text._Z3maxjj
                0x00000000        0xa CLaserControlApp.o
 .text          0x00000000        0x0 CSoundPlayer.o
 .data          0x00000000        0x0 CSoundPlayer.o
 .bss           0x00000000        0x0 CSoundPlayer.o
 .text._ZN12CSoundPlayer4beepEjj
                0x00000000       0x18 CSoundPlayer.o
 .text._ZN12CSoundPlayer4PlayEv
                0x00000000       0x9e CSoundPlayer.o
 .group         0x00000000        0x8 CTimerC.o
 .text          0x00000000        0x0 CTimerC.o
 .data          0x00000000        0x0 CTimerC.o
 .bss           0x00000000        0x0 CTimerC.o
 .text          0x00000000        0x0 LaserLib/CSPI.o
 .data          0x00000000        0x0 LaserLib/CSPI.o
 .bss           0x00000000        0x0 LaserLib/CSPI.o
 .text._ZN4CSPI12DeinitializeEv
                0x00000000        0xc LaserLib/CSPI.o
 .text._ZN4CSPI4SendEPhj
                0x00000000       0x40 LaserLib/CSPI.o
 .text._ZN4CSPI8SendByteEh
                0x00000000        0x6 LaserLib/CSPI.o
 .group         0x00000000        0x8 LaserLib/CTimer.o
 .text          0x00000000        0x0 LaserLib/CTimer.o
 .data          0x00000000        0x0 LaserLib/CTimer.o
 .bss           0x00000000        0x0 LaserLib/CTimer.o
 .group         0x00000000        0x8 LaserLib/CUSART.o
 .text          0x00000000        0x0 LaserLib/CUSART.o
 .data          0x00000000        0x0 LaserLib/CUSART.o
 .bss           0x00000000        0x0 LaserLib/CUSART.o
 .text          0x00000000        0x0 LaserLib/intx128.o
 .data          0x00000000        0x0 LaserLib/intx128.o
 .bss           0x00000000        0x0 LaserLib/intx128.o
 .text          0x00000000        0x0 main.o
 .data          0x00000000        0x0 main.o
 .bss           0x00000000        0x0 main.o
 .data.strxxxx  0x00000000        0xe main.o
 .bss.str       0x00000000        0xe main.o
 .group         0x00000000        0x8 MODBUS/CMBProtocol.o
 .text          0x00000000        0x0 MODBUS/CMBProtocol.o
 .data          0x00000000        0x0 MODBUS/CMBProtocol.o
 .bss           0x00000000        0x0 MODBUS/CMBProtocol.o
 .rodata._ZTV16CMBEventsHandler
                0x00000000       0x16 MODBUS/CMBProtocol.o
 .group         0x00000000        0x8 MODBUS/CMBSender.o
 .text          0x00000000        0x0 MODBUS/CMBSender.o
 .data          0x00000000        0x0 MODBUS/CMBSender.o
 .bss           0x00000000        0x0 MODBUS/CMBSender.o
 .text._ZN9CMBSender12DeinitializeEv
                0x00000000       0x1c MODBUS/CMBSender.o
 .text._ZN9CMBSender19WriteDataToRegisterEhPhh
                0x00000000       0x6a MODBUS/CMBSender.o
 .text._ZN9CMBSender9OnTimeoutEv
                0x00000000        0xe MODBUS/CMBSender.o
 .text._ZN9CMBSender18StopMODBUSListenerEv
                0x00000000        0x8 MODBUS/CMBSender.o
 .text._ZN9CMBSender21StopMODBUSTransmitterEv
                0x00000000        0x8 MODBUS/CMBSender.o
 .text          0x00000000        0x0 c:/program files (x86)/atmel/studio/7.0/toolchain/avr8/avr8-gnu-toolchain/bin/../lib/gcc/avr/4.9.2/avrxmega6\libgcc.a(_udivmodhi4.o)
 .data          0x00000000        0x0 c:/program files (x86)/atmel/studio/7.0/toolchain/avr8/avr8-gnu-toolchain/bin/../lib/gcc/avr/4.9.2/avrxmega6\libgcc.a(_udivmodhi4.o)
 .bss           0x00000000        0x0 c:/program files (x86)/atmel/studio/7.0/toolchain/avr8/avr8-gnu-toolchain/bin/../lib/gcc/avr/4.9.2/avrxmega6\libgcc.a(_udivmodhi4.o)
 .text.libgcc.mul
                0x00000000        0x0 c:/program files (x86)/atmel/studio/7.0/toolchain/avr8/avr8-gnu-toolchain/bin/../lib/gcc/avr/4.9.2/avrxmega6\libgcc.a(_udivmodhi4.o)
 .text.libgcc   0x00000000        0x0 c:/program files (x86)/atmel/studio/7.0/toolchain/avr8/avr8-gnu-toolchain/bin/../lib/gcc/avr/4.9.2/avrxmega6\libgcc.a(_udivmodhi4.o)
 .text.libgcc.prologue
                0x00000000        0x0 c:/program files (x86)/atmel/studio/7.0/toolchain/avr8/avr8-gnu-toolchain/bin/../lib/gcc/avr/4.9.2/avrxmega6\libgcc.a(_udivmodhi4.o)
 .text.libgcc.builtins
                0x00000000        0x0 c:/program files (x86)/atmel/studio/7.0/toolchain/avr8/avr8-gnu-toolchain/bin/../lib/gcc/avr/4.9.2/avrxmega6\libgcc.a(_udivmodhi4.o)
 .text.libgcc.fmul
                0x00000000        0x0 c:/program files (x86)/atmel/studio/7.0/toolchain/avr8/avr8-gnu-toolchain/bin/../lib/gcc/avr/4.9.2/avrxmega6\libgcc.a(_udivmodhi4.o)
 .text.libgcc.fixed
                0x00000000        0x0 c:/program files (x86)/atmel/studio/7.0/toolchain/avr8/avr8-gnu-toolchain/bin/../lib/gcc/avr/4.9.2/avrxmega6\libgcc.a(_udivmodhi4.o)
 .text          0x00000000        0x0 c:/program files (x86)/atmel/studio/7.0/toolchain/avr8/avr8-gnu-toolchain/bin/../lib/gcc/avr/4.9.2/avrxmega6\libgcc.a(_divmodsi4.o)
 .data          0x00000000        0x0 c:/program files (x86)/atmel/studio/7.0/toolchain/avr8/avr8-gnu-toolchain/bin/../lib/gcc/avr/4.9.2/avrxmega6\libgcc.a(_divmodsi4.o)
 .bss           0x00000000        0x0 c:/program files (x86)/atmel/studio/7.0/toolchain/avr8/avr8-gnu-toolchain/bin/../lib/gcc/avr/4.9.2/avrxmega6\libgcc.a(_divmodsi4.o)
 .text.libgcc.mul
                0x00000000        0x0 c:/program files (x86)/atmel/studio/7.0/toolchain/avr8/avr8-gnu-toolchain/bin/../lib/gcc/avr/4.9.2/avrxmega6\libgcc.a(_divmodsi4.o)
 .text.libgcc   0x00000000        0x0 c:/program files (x86)/atmel/studio/7.0/toolchain/avr8/avr8-gnu-toolchain/bin/../lib/gcc/avr/4.9.2/avrxmega6\libgcc.a(_divmodsi4.o)
 .text.libgcc.prologue
                0x00000000        0x0 c:/program files (x86)/atmel/studio/7.0/toolchain/avr8/avr8-gnu-toolchain/bin/../lib/gcc/avr/4.9.2/avrxmega6\libgcc.a(_divmodsi4.o)
 .text.libgcc.builtins
                0x00000000        0x0 c:/program files (x86)/atmel/studio/7.0/toolchain/avr8/avr8-gnu-toolchain/bin/../lib/gcc/avr/4.9.2/avrxmega6\libgcc.a(_divmodsi4.o)
 .text.libgcc.fmul
                0x00000000        0x0 c:/program files (x86)/atmel/studio/7.0/toolchain/avr8/avr8-gnu-toolchain/bin/../lib/gcc/avr/4.9.2/avrxmega6\libgcc.a(_divmodsi4.o)
 .text.libgcc.fixed
                0x00000000        0x0 c:/program files (x86)/atmel/studio/7.0/toolchain/avr8/avr8-gnu-toolchain/bin/../lib/gcc/avr/4.9.2/avrxmega6\libgcc.a(_divmodsi4.o)
 .text          0x00000000        0x0 c:/program files (x86)/atmel/studio/7.0/toolchain/avr8/avr8-gnu-toolchain/bin/../lib/gcc/avr/4.9.2/avrxmega6\libgcc.a(_negsi2.o)
 .data          0x00000000        0x0 c:/program files (x86)/atmel/studio/7.0/toolchain/avr8/avr8-gnu-toolchain/bin/../lib/gcc/avr/4.9.2/avrxmega6\libgcc.a(_negsi2.o)
 .bss           0x00000000        0x0 c:/program files (x86)/atmel/studio/7.0/toolchain/avr8/avr8-gnu-toolchain/bin/../lib/gcc/avr/4.9.2/avrxmega6\libgcc.a(_negsi2.o)
 .text.libgcc.mul
                0x00000000        0x0 c:/program files (x86)/atmel/studio/7.0/toolchain/avr8/avr8-gnu-toolchain/bin/../lib/gcc/avr/4.9.2/avrxmega6\libgcc.a(_negsi2.o)
 .text.libgcc   0x00000000        0x0 c:/program files (x86)/atmel/studio/7.0/toolchain/avr8/avr8-gnu-toolchain/bin/../lib/gcc/avr/4.9.2/avrxmega6\libgcc.a(_negsi2.o)
 .text.libgcc.prologue
                0x00000000        0x0 c:/program files (x86)/atmel/studio/7.0/toolchain/avr8/avr8-gnu-toolchain/bin/../lib/gcc/avr/4.9.2/avrxmega6\libgcc.a(_negsi2.o)
 .text.libgcc.builtins
                0x00000000        0x0 c:/program files (x86)/atmel/studio/7.0/toolchain/avr8/avr8-gnu-toolchain/bin/../lib/gcc/avr/4.9.2/avrxmega6\libgcc.a(_negsi2.o)
 .text.libgcc.fmul
                0x00000000        0x0 c:/program files (x86)/atmel/studio/7.0/toolchain/avr8/avr8-gnu-toolchain/bin/../lib/gcc/avr/4.9.2/avrxmega6\libgcc.a(_negsi2.o)
 .text.libgcc.fixed
                0x00000000        0x0 c:/program files (x86)/atmel/studio/7.0/toolchain/avr8/avr8-gnu-toolchain/bin/../lib/gcc/avr/4.9.2/avrxmega6\libgcc.a(_negsi2.o)
 .text          0x00000000        0x0 c:/program files (x86)/atmel/studio/7.0/toolchain/avr8/avr8-gnu-toolchain/bin/../lib/gcc/avr/4.9.2/avrxmega6\libgcc.a(_exit.o)
 .data          0x00000000        0x0 c:/program files (x86)/atmel/studio/7.0/toolchain/avr8/avr8-gnu-toolchain/bin/../lib/gcc/avr/4.9.2/avrxmega6\libgcc.a(_exit.o)
 .bss           0x00000000        0x0 c:/program files (x86)/atmel/studio/7.0/toolchain/avr8/avr8-gnu-toolchain/bin/../lib/gcc/avr/4.9.2/avrxmega6\libgcc.a(_exit.o)
 .text.libgcc.mul
                0x00000000        0x0 c:/program files (x86)/atmel/studio/7.0/toolchain/avr8/avr8-gnu-toolchain/bin/../lib/gcc/avr/4.9.2/avrxmega6\libgcc.a(_exit.o)
 .text.libgcc.div
                0x00000000        0x0 c:/program files (x86)/atmel/studio/7.0/toolchain/avr8/avr8-gnu-toolchain/bin/../lib/gcc/avr/4.9.2/avrxmega6\libgcc.a(_exit.o)
 .text.libgcc   0x00000000        0x0 c:/program files (x86)/atmel/studio/7.0/toolchain/avr8/avr8-gnu-toolchain/bin/../lib/gcc/avr/4.9.2/avrxmega6\libgcc.a(_exit.o)
 .text.libgcc.prologue
                0x00000000        0x0 c:/program files (x86)/atmel/studio/7.0/toolchain/avr8/avr8-gnu-toolchain/bin/../lib/gcc/avr/4.9.2/avrxmega6\libgcc.a(_exit.o)
 .text.libgcc.builtins
                0x00000000        0x0 c:/program files (x86)/atmel/studio/7.0/toolchain/avr8/avr8-gnu-toolchain/bin/../lib/gcc/avr/4.9.2/avrxmega6\libgcc.a(_exit.o)
 .text.libgcc.fmul
                0x00000000        0x0 c:/program files (x86)/atmel/studio/7.0/toolchain/avr8/avr8-gnu-toolchain/bin/../lib/gcc/avr/4.9.2/avrxmega6\libgcc.a(_exit.o)
 .text.libgcc.fixed
                0x00000000        0x0 c:/program files (x86)/atmel/studio/7.0/toolchain/avr8/avr8-gnu-toolchain/bin/../lib/gcc/avr/4.9.2/avrxmega6\libgcc.a(_exit.o)
 .text          0x00000000        0x0 c:/program files (x86)/atmel/studio/7.0/toolchain/avr8/avr8-gnu-toolchain/bin/../lib/gcc/avr/4.9.2/avrxmega6\libgcc.a(_tablejump2.o)
 .data          0x00000000        0x0 c:/program files (x86)/atmel/studio/7.0/toolchain/avr8/avr8-gnu-toolchain/bin/../lib/gcc/avr/4.9.2/avrxmega6\libgcc.a(_tablejump2.o)
 .bss           0x00000000        0x0 c:/program files (x86)/atmel/studio/7.0/toolchain/avr8/avr8-gnu-toolchain/bin/../lib/gcc/avr/4.9.2/avrxmega6\libgcc.a(_tablejump2.o)
 .text.libgcc.mul
                0x00000000        0x0 c:/program files (x86)/atmel/studio/7.0/toolchain/avr8/avr8-gnu-toolchain/bin/../lib/gcc/avr/4.9.2/avrxmega6\libgcc.a(_tablejump2.o)
 .text.libgcc.div
                0x00000000        0x0 c:/program files (x86)/atmel/studio/7.0/toolchain/avr8/avr8-gnu-toolchain/bin/../lib/gcc/avr/4.9.2/avrxmega6\libgcc.a(_tablejump2.o)
 .text.libgcc.prologue
                0x00000000        0x0 c:/program files (x86)/atmel/studio/7.0/toolchain/avr8/avr8-gnu-toolchain/bin/../lib/gcc/avr/4.9.2/avrxmega6\libgcc.a(_tablejump2.o)
 .text.libgcc.builtins
                0x00000000        0x0 c:/program files (x86)/atmel/studio/7.0/toolchain/avr8/avr8-gnu-toolchain/bin/../lib/gcc/avr/4.9.2/avrxmega6\libgcc.a(_tablejump2.o)
 .text.libgcc.fmul
                0x00000000        0x0 c:/program files (x86)/atmel/studio/7.0/toolchain/avr8/avr8-gnu-toolchain/bin/../lib/gcc/avr/4.9.2/avrxmega6\libgcc.a(_tablejump2.o)
 .text.libgcc.fixed
                0x00000000        0x0 c:/program files (x86)/atmel/studio/7.0/toolchain/avr8/avr8-gnu-toolchain/bin/../lib/gcc/avr/4.9.2/avrxmega6\libgcc.a(_tablejump2.o)
 .text          0x00000000        0x0 c:/program files (x86)/atmel/studio/7.0/toolchain/avr8/avr8-gnu-toolchain/bin/../lib/gcc/avr/4.9.2/avrxmega6\libgcc.a(_copy_data.o)
 .data          0x00000000        0x0 c:/program files (x86)/atmel/studio/7.0/toolchain/avr8/avr8-gnu-toolchain/bin/../lib/gcc/avr/4.9.2/avrxmega6\libgcc.a(_copy_data.o)
 .bss           0x00000000        0x0 c:/program files (x86)/atmel/studio/7.0/toolchain/avr8/avr8-gnu-toolchain/bin/../lib/gcc/avr/4.9.2/avrxmega6\libgcc.a(_copy_data.o)
 .text.libgcc.mul
                0x00000000        0x0 c:/program files (x86)/atmel/studio/7.0/toolchain/avr8/avr8-gnu-toolchain/bin/../lib/gcc/avr/4.9.2/avrxmega6\libgcc.a(_copy_data.o)
 .text.libgcc.div
                0x00000000        0x0 c:/program files (x86)/atmel/studio/7.0/toolchain/avr8/avr8-gnu-toolchain/bin/../lib/gcc/avr/4.9.2/avrxmega6\libgcc.a(_copy_data.o)
 .text.libgcc   0x00000000        0x0 c:/program files (x86)/atmel/studio/7.0/toolchain/avr8/avr8-gnu-toolchain/bin/../lib/gcc/avr/4.9.2/avrxmega6\libgcc.a(_copy_data.o)
 .text.libgcc.prologue
                0x00000000        0x0 c:/program files (x86)/atmel/studio/7.0/toolchain/avr8/avr8-gnu-toolchain/bin/../lib/gcc/avr/4.9.2/avrxmega6\libgcc.a(_copy_data.o)
 .text.libgcc.builtins
                0x00000000        0x0 c:/program files (x86)/atmel/studio/7.0/toolchain/avr8/avr8-gnu-toolchain/bin/../lib/gcc/avr/4.9.2/avrxmega6\libgcc.a(_copy_data.o)
 .text.libgcc.fmul
                0x00000000        0x0 c:/program files (x86)/atmel/studio/7.0/toolchain/avr8/avr8-gnu-toolchain/bin/../lib/gcc/avr/4.9.2/avrxmega6\libgcc.a(_copy_data.o)
 .text.libgcc.fixed
                0x00000000        0x0 c:/program files (x86)/atmel/studio/7.0/toolchain/avr8/avr8-gnu-toolchain/bin/../lib/gcc/avr/4.9.2/avrxmega6\libgcc.a(_copy_data.o)
 .text          0x00000000        0x0 c:/program files (x86)/atmel/studio/7.0/toolchain/avr8/avr8-gnu-toolchain/bin/../lib/gcc/avr/4.9.2/avrxmega6\libgcc.a(_clear_bss.o)
 .data          0x00000000        0x0 c:/program files (x86)/atmel/studio/7.0/toolchain/avr8/avr8-gnu-toolchain/bin/../lib/gcc/avr/4.9.2/avrxmega6\libgcc.a(_clear_bss.o)
 .bss           0x00000000        0x0 c:/program files (x86)/atmel/studio/7.0/toolchain/avr8/avr8-gnu-toolchain/bin/../lib/gcc/avr/4.9.2/avrxmega6\libgcc.a(_clear_bss.o)
 .text.libgcc.mul
                0x00000000        0x0 c:/program files (x86)/atmel/studio/7.0/toolchain/avr8/avr8-gnu-toolchain/bin/../lib/gcc/avr/4.9.2/avrxmega6\libgcc.a(_clear_bss.o)
 .text.libgcc.div
                0x00000000        0x0 c:/program files (x86)/atmel/studio/7.0/toolchain/avr8/avr8-gnu-toolchain/bin/../lib/gcc/avr/4.9.2/avrxmega6\libgcc.a(_clear_bss.o)
 .text.libgcc   0x00000000        0x0 c:/program files (x86)/atmel/studio/7.0/toolchain/avr8/avr8-gnu-toolchain/bin/../lib/gcc/avr/4.9.2/avrxmega6\libgcc.a(_clear_bss.o)
 .text.libgcc.prologue
                0x00000000        0x0 c:/program files (x86)/atmel/studio/7.0/toolchain/avr8/avr8-gnu-toolchain/bin/../lib/gcc/avr/4.9.2/avrxmega6\libgcc.a(_clear_bss.o)
 .text.libgcc.builtins
                0x00000000        0x0 c:/program files (x86)/atmel/studio/7.0/toolchain/avr8/avr8-gnu-toolchain/bin/../lib/gcc/avr/4.9.2/avrxmega6\libgcc.a(_clear_bss.o)
 .text.libgcc.fmul
                0x00000000        0x0 c:/program files (x86)/atmel/studio/7.0/toolchain/avr8/avr8-gnu-toolchain/bin/../lib/gcc/avr/4.9.2/avrxmega6\libgcc.a(_clear_bss.o)
 .text.libgcc.fixed
                0x00000000        0x0 c:/program files (x86)/atmel/studio/7.0/toolchain/avr8/avr8-gnu-toolchain/bin/../lib/gcc/avr/4.9.2/avrxmega6\libgcc.a(_clear_bss.o)
 .text          0x00000000        0x0 c:/program files (x86)/atmel/studio/7.0/toolchain/avr8/avr8-gnu-toolchain/bin/../lib/gcc/avr/4.9.2/avrxmega6\libgcc.a(_ctors.o)
 .data          0x00000000        0x0 c:/program files (x86)/atmel/studio/7.0/toolchain/avr8/avr8-gnu-toolchain/bin/../lib/gcc/avr/4.9.2/avrxmega6\libgcc.a(_ctors.o)
 .bss           0x00000000        0x0 c:/program files (x86)/atmel/studio/7.0/toolchain/avr8/avr8-gnu-toolchain/bin/../lib/gcc/avr/4.9.2/avrxmega6\libgcc.a(_ctors.o)
 .text.libgcc.mul
                0x00000000        0x0 c:/program files (x86)/atmel/studio/7.0/toolchain/avr8/avr8-gnu-toolchain/bin/../lib/gcc/avr/4.9.2/avrxmega6\libgcc.a(_ctors.o)
 .text.libgcc.div
                0x00000000        0x0 c:/program files (x86)/atmel/studio/7.0/toolchain/avr8/avr8-gnu-toolchain/bin/../lib/gcc/avr/4.9.2/avrxmega6\libgcc.a(_ctors.o)
 .text.libgcc   0x00000000        0x0 c:/program files (x86)/atmel/studio/7.0/toolchain/avr8/avr8-gnu-toolchain/bin/../lib/gcc/avr/4.9.2/avrxmega6\libgcc.a(_ctors.o)
 .text.libgcc.prologue
                0x00000000        0x0 c:/program files (x86)/atmel/studio/7.0/toolchain/avr8/avr8-gnu-toolchain/bin/../lib/gcc/avr/4.9.2/avrxmega6\libgcc.a(_ctors.o)
 .text.libgcc.builtins
                0x00000000        0x0 c:/program files (x86)/atmel/studio/7.0/toolchain/avr8/avr8-gnu-toolchain/bin/../lib/gcc/avr/4.9.2/avrxmega6\libgcc.a(_ctors.o)
 .text.libgcc.fmul
                0x00000000        0x0 c:/program files (x86)/atmel/studio/7.0/toolchain/avr8/avr8-gnu-toolchain/bin/../lib/gcc/avr/4.9.2/avrxmega6\libgcc.a(_ctors.o)
 .text.libgcc.fixed
                0x00000000        0x0 c:/program files (x86)/atmel/studio/7.0/toolchain/avr8/avr8-gnu-toolchain/bin/../lib/gcc/avr/4.9.2/avrxmega6\libgcc.a(_ctors.o)
 .text          0x00000000        0x0 c:/program files (x86)/atmel/studio/7.0/toolchain/avr8/avr8-gnu-toolchain/bin/../lib/gcc/avr/4.9.2/avrxmega6\libgcc.a(_dtors.o)
 .data          0x00000000        0x0 c:/program files (x86)/atmel/studio/7.0/toolchain/avr8/avr8-gnu-toolchain/bin/../lib/gcc/avr/4.9.2/avrxmega6\libgcc.a(_dtors.o)
 .bss           0x00000000        0x0 c:/program files (x86)/atmel/studio/7.0/toolchain/avr8/avr8-gnu-toolchain/bin/../lib/gcc/avr/4.9.2/avrxmega6\libgcc.a(_dtors.o)
 .text.libgcc.mul
                0x00000000        0x0 c:/program files (x86)/atmel/studio/7.0/toolchain/avr8/avr8-gnu-toolchain/bin/../lib/gcc/avr/4.9.2/avrxmega6\libgcc.a(_dtors.o)
 .text.libgcc.div
                0x00000000        0x0 c:/program files (x86)/atmel/studio/7.0/toolchain/avr8/avr8-gnu-toolchain/bin/../lib/gcc/avr/4.9.2/avrxmega6\libgcc.a(_dtors.o)
 .text.libgcc   0x00000000        0x0 c:/program files (x86)/atmel/studio/7.0/toolchain/avr8/avr8-gnu-toolchain/bin/../lib/gcc/avr/4.9.2/avrxmega6\libgcc.a(_dtors.o)
 .text.libgcc.prologue
                0x00000000        0x0 c:/program files (x86)/atmel/studio/7.0/toolchain/avr8/avr8-gnu-toolchain/bin/../lib/gcc/avr/4.9.2/avrxmega6\libgcc.a(_dtors.o)
 .text.libgcc.builtins
                0x00000000        0x0 c:/program files (x86)/atmel/studio/7.0/toolchain/avr8/avr8-gnu-toolchain/bin/../lib/gcc/avr/4.9.2/avrxmega6\libgcc.a(_dtors.o)
 .text.libgcc.fmul
                0x00000000        0x0 c:/program files (x86)/atmel/studio/7.0/toolchain/avr8/avr8-gnu-toolchain/bin/../lib/gcc/avr/4.9.2/avrxmega6\libgcc.a(_dtors.o)
 .text.libgcc.fixed
                0x00000000        0x0 c:/program files (x86)/atmel/studio/7.0/toolchain/avr8/avr8-gnu-toolchain/bin/../lib/gcc/avr/4.9.2/avrxmega6\libgcc.a(_dtors.o)
 .text          0x00000000        0x0 c:/program files (x86)/atmel/studio/7.0/toolchain/avr8/avr8-gnu-toolchain/bin/../lib/gcc/avr/4.9.2/avrxmega6\libgcc.a(_umulhisi3.o)
 .data          0x00000000        0x0 c:/program files (x86)/atmel/studio/7.0/toolchain/avr8/avr8-gnu-toolchain/bin/../lib/gcc/avr/4.9.2/avrxmega6\libgcc.a(_umulhisi3.o)
 .bss           0x00000000        0x0 c:/program files (x86)/atmel/studio/7.0/toolchain/avr8/avr8-gnu-toolchain/bin/../lib/gcc/avr/4.9.2/avrxmega6\libgcc.a(_umulhisi3.o)
 .text.libgcc.div
                0x00000000        0x0 c:/program files (x86)/atmel/studio/7.0/toolchain/avr8/avr8-gnu-toolchain/bin/../lib/gcc/avr/4.9.2/avrxmega6\libgcc.a(_umulhisi3.o)
 .text.libgcc   0x00000000        0x0 c:/program files (x86)/atmel/studio/7.0/toolchain/avr8/avr8-gnu-toolchain/bin/../lib/gcc/avr/4.9.2/avrxmega6\libgcc.a(_umulhisi3.o)
 .text.libgcc.prologue
                0x00000000        0x0 c:/program files (x86)/atmel/studio/7.0/toolchain/avr8/avr8-gnu-toolchain/bin/../lib/gcc/avr/4.9.2/avrxmega6\libgcc.a(_umulhisi3.o)
 .text.libgcc.builtins
                0x00000000        0x0 c:/program files (x86)/atmel/studio/7.0/toolchain/avr8/avr8-gnu-toolchain/bin/../lib/gcc/avr/4.9.2/avrxmega6\libgcc.a(_umulhisi3.o)
 .text.libgcc.fmul
                0x00000000        0x0 c:/program files (x86)/atmel/studio/7.0/toolchain/avr8/avr8-gnu-toolchain/bin/../lib/gcc/avr/4.9.2/avrxmega6\libgcc.a(_umulhisi3.o)
 .text.libgcc.fixed
                0x00000000        0x0 c:/program files (x86)/atmel/studio/7.0/toolchain/avr8/avr8-gnu-toolchain/bin/../lib/gcc/avr/4.9.2/avrxmega6\libgcc.a(_umulhisi3.o)
 .text          0x00000000        0x0 c:/program files (x86)/atmel/studio/7.0/toolchain/avr8/avr8-gnu-toolchain/bin/../lib/gcc/avr/4.9.2/avrxmega6\libgcc.a(_udivmodsi4.o)
 .data          0x00000000        0x0 c:/program files (x86)/atmel/studio/7.0/toolchain/avr8/avr8-gnu-toolchain/bin/../lib/gcc/avr/4.9.2/avrxmega6\libgcc.a(_udivmodsi4.o)
 .bss           0x00000000        0x0 c:/program files (x86)/atmel/studio/7.0/toolchain/avr8/avr8-gnu-toolchain/bin/../lib/gcc/avr/4.9.2/avrxmega6\libgcc.a(_udivmodsi4.o)
 .text.libgcc.mul
                0x00000000        0x0 c:/program files (x86)/atmel/studio/7.0/toolchain/avr8/avr8-gnu-toolchain/bin/../lib/gcc/avr/4.9.2/avrxmega6\libgcc.a(_udivmodsi4.o)
 .text.libgcc   0x00000000        0x0 c:/program files (x86)/atmel/studio/7.0/toolchain/avr8/avr8-gnu-toolchain/bin/../lib/gcc/avr/4.9.2/avrxmega6\libgcc.a(_udivmodsi4.o)
 .text.libgcc.prologue
                0x00000000        0x0 c:/program files (x86)/atmel/studio/7.0/toolchain/avr8/avr8-gnu-toolchain/bin/../lib/gcc/avr/4.9.2/avrxmega6\libgcc.a(_udivmodsi4.o)
 .text.libgcc.builtins
                0x00000000        0x0 c:/program files (x86)/atmel/studio/7.0/toolchain/avr8/avr8-gnu-toolchain/bin/../lib/gcc/avr/4.9.2/avrxmega6\libgcc.a(_udivmodsi4.o)
 .text.libgcc.fmul
                0x00000000        0x0 c:/program files (x86)/atmel/studio/7.0/toolchain/avr8/avr8-gnu-toolchain/bin/../lib/gcc/avr/4.9.2/avrxmega6\libgcc.a(_udivmodsi4.o)
 .text.libgcc.fixed
                0x00000000        0x0 c:/program files (x86)/atmel/studio/7.0/toolchain/avr8/avr8-gnu-toolchain/bin/../lib/gcc/avr/4.9.2/avrxmega6\libgcc.a(_udivmodsi4.o)
 .text          0x00000000        0x0 c:/program files (x86)/atmel/studio/7.0/toolchain/avr8/avr8-gnu-toolchain/bin/../lib/gcc/avr/4.9.2/../../../../avr/lib/avrxmega6\libc.a(malloc.o)
 .bss           0x00000000        0x0 c:/program files (x86)/atmel/studio/7.0/toolchain/avr8/avr8-gnu-toolchain/bin/../lib/gcc/avr/4.9.2/../../../../avr/lib/avrxmega6\libc.a(malloc.o)
 .text          0x00000000        0x0 c:/program files (x86)/atmel/studio/7.0/toolchain/avr8/avr8-gnu-toolchain/bin/../lib/gcc/avr/4.9.2/../../../../avr/lib/avrxmega6\libc.a(memcpy.o)
 .data          0x00000000        0x0 c:/program files (x86)/atmel/studio/7.0/toolchain/avr8/avr8-gnu-toolchain/bin/../lib/gcc/avr/4.9.2/../../../../avr/lib/avrxmega6\libc.a(memcpy.o)
 .bss           0x00000000        0x0 c:/program files (x86)/atmel/studio/7.0/toolchain/avr8/avr8-gnu-toolchain/bin/../lib/gcc/avr/4.9.2/../../../../avr/lib/avrxmega6\libc.a(memcpy.o)
 .text          0x00000000        0x0 c:/program files (x86)/atmel/studio/7.0/toolchain/avr8/avr8-gnu-toolchain/bin/../lib/gcc/avr/4.9.2/../../../../avr/lib/avrxmega6\libc.a(strcmp.o)
 .data          0x00000000        0x0 c:/program files (x86)/atmel/studio/7.0/toolchain/avr8/avr8-gnu-toolchain/bin/../lib/gcc/avr/4.9.2/../../../../avr/lib/avrxmega6\libc.a(strcmp.o)
 .bss           0x00000000        0x0 c:/program files (x86)/atmel/studio/7.0/toolchain/avr8/avr8-gnu-toolchain/bin/../lib/gcc/avr/4.9.2/../../../../avr/lib/avrxmega6\libc.a(strcmp.o)

Memory Configuration

Name             Origin             Length             Attributes
text             0x00000000         0x00100000         xr
data             0x00802000         0x0000ffa0         rw !x
eeprom           0x00810000         0x00010000         rw !x
fuse             0x00820000         0x00000400         rw !x
lock             0x00830000         0x00000400         rw !x
signature        0x00840000         0x00000400         rw !x
user_signatures  0x00850000         0x00000400         rw !x
*default*        0x00000000         0xffffffff

Linker script and memory map

LOAD C:/Program Files (x86)/Atmel/Studio/7.0/Packs/atmel/XMEGAA_DFP/1.0.36/gcc/dev/atxmega128a3/avrxmega6/crtatxmega128a3.o
LOAD CDGUSDatabase.o
LOAD CDGUSUSART.o
LOAD CLaserBoard.o
LOAD CLaserControlApp.o
LOAD CSoundPlayer.o
LOAD CTimerC.o
LOAD LaserLib/CSPI.o
LOAD LaserLib/CTimer.o
LOAD LaserLib/CUSART.o
LOAD LaserLib/intx128.o
LOAD main.o
LOAD MODBUS/CMBProtocol.o
LOAD MODBUS/CMBSender.o
START GROUP
LOAD c:/program files (x86)/atmel/studio/7.0/toolchain/avr8/avr8-gnu-toolchain/bin/../lib/gcc/avr/4.9.2/../../../../avr/lib/avrxmega6\libm.a
END GROUP
LOAD c:/program files (x86)/atmel/studio/7.0/toolchain/avr8/avr8-gnu-toolchain/bin/../lib/gcc/avr/4.9.2/avrxmega6\libgcc.a
LOAD c:/program files (x86)/atmel/studio/7.0/toolchain/avr8/avr8-gnu-toolchain/bin/../lib/gcc/avr/4.9.2/../../../../avr/lib/avrxmega6\libm.a
START GROUP
LOAD c:/program files (x86)/atmel/studio/7.0/toolchain/avr8/avr8-gnu-toolchain/bin/../lib/gcc/avr/4.9.2/avrxmega6\libgcc.a
LOAD c:/program files (x86)/atmel/studio/7.0/toolchain/avr8/avr8-gnu-toolchain/bin/../lib/gcc/avr/4.9.2/../../../../avr/lib/avrxmega6\libm.a
LOAD c:/program files (x86)/atmel/studio/7.0/toolchain/avr8/avr8-gnu-toolchain/bin/../lib/gcc/avr/4.9.2/../../../../avr/lib/avrxmega6\libc.a
LOAD C:/Program Files (x86)/Atmel/Studio/7.0/Packs/atmel/XMEGAA_DFP/1.0.36/gcc/dev/atxmega128a3/avrxmega6\libatxmega128a3.a
END GROUP

.hash
 *(.hash)

.dynsym
 *(.dynsym)

.dynstr
 *(.dynstr)

.gnu.version
 *(.gnu.version)

.gnu.version_d
 *(.gnu.version_d)

.gnu.version_r
 *(.gnu.version_r)

.rel.init
 *(.rel.init)

.rela.init
 *(.rela.init)

.rel.text
 *(.rel.text)
 *(.rel.text.*)
 *(.rel.gnu.linkonce.t*)

.rela.text
 *(.rela.text)
 *(.rela.text.*)
 *(.rela.gnu.linkonce.t*)

.rel.fini
 *(.rel.fini)

.rela.fini
 *(.rela.fini)

.rel.rodata
 *(.rel.rodata)
 *(.rel.rodata.*)
 *(.rel.gnu.linkonce.r*)

.rela.rodata
 *(.rela.rodata)
 *(.rela.rodata.*)
 *(.rela.gnu.linkonce.r*)

.rel.data
 *(.rel.data)
 *(.rel.data.*)
 *(.rel.gnu.linkonce.d*)

.rela.data
 *(.rela.data)
 *(.rela.data.*)
 *(.rela.gnu.linkonce.d*)

.rel.ctors
 *(.rel.ctors)

.rela.ctors
 *(.rela.ctors)

.rel.dtors
 *(.rel.dtors)

.rela.dtors
 *(.rela.dtors)

.rel.got
 *(.rel.got)

.rela.got
 *(.rela.got)

.rel.bss
 *(.rel.bss)

.rela.bss
 *(.rela.bss)

.rel.plt
 *(.rel.plt)

.rela.plt
 *(.rela.plt)

.text           0x00000000     0x4c7e
 *(.vectors)
 .vectors       0x00000000      0x1e8 C:/Program Files (x86)/Atmel/Studio/7.0/Packs/atmel/XMEGAA_DFP/1.0.36/gcc/dev/atxmega128a3/avrxmega6/crtatxmega128a3.o
                0x00000000                __vector_default
                0x00000000                __vectors
 *(.vectors)
 *(.progmem.gcc*)
 .progmem.gcc_sw_table._ZN16CLaserControlApp18OnRegisterReceivedEhPhh
                0x000001e8       0x4c CLaserControlApp.o
 .progmem.gcc_sw_table._ZN16CLaserControlApp3RunEv
                0x00000234       0x22 CLaserControlApp.o
 .progmem.gcc_sw_table._ZN9CMBSender13OnReceiveByteEh
                0x00000256       0x16 MODBUS/CMBSender.o
                0x0000026c                . = ALIGN (0x2)
                0x0000026c                __trampolines_start = .
 *(.trampolines)
 .trampolines   0x0000026c      0x164 linker stubs
 *(.trampolines*)
                0x000003d0                __trampolines_end = .
 *(.progmem*)
                0x000003d0                . = ALIGN (0x2)
 *(.jumptables)
 *(.jumptables*)
 *(.lowtext)
 *(.lowtext*)
                0x000003d0                __ctors_start = .
 *(.ctors)
 .ctors         0x000003d0        0x2 CLaserControlApp.o
 .ctors         0x000003d2        0x2 main.o
                0x000003d4                __ctors_end = .
                0x000003d4                __dtors_start = .
 *(.dtors)
 .dtors         0x000003d4        0x2 CLaserControlApp.o
 .dtors         0x000003d6        0x2 main.o
                0x000003d8                __dtors_end = .
 SORT(*)(.ctors)
 SORT(*)(.dtors)
 *(.init0)
 .init0         0x000003d8        0x0 C:/Program Files (x86)/Atmel/Studio/7.0/Packs/atmel/XMEGAA_DFP/1.0.36/gcc/dev/atxmega128a3/avrxmega6/crtatxmega128a3.o
                0x000003d8                __init
 *(.init0)
 *(.init1)
 *(.init1)
 *(.init2)
 .init2         0x000003d8       0x10 C:/Program Files (x86)/Atmel/Studio/7.0/Packs/atmel/XMEGAA_DFP/1.0.36/gcc/dev/atxmega128a3/avrxmega6/crtatxmega128a3.o
 *(.init2)
 *(.init3)
 *(.init3)
 *(.init4)
 .init4         0x000003e8       0x1a c:/program files (x86)/atmel/studio/7.0/toolchain/avr8/avr8-gnu-toolchain/bin/../lib/gcc/avr/4.9.2/avrxmega6\libgcc.a(_copy_data.o)
                0x000003e8                __do_copy_data
 .init4         0x00000402       0x10 c:/program files (x86)/atmel/studio/7.0/toolchain/avr8/avr8-gnu-toolchain/bin/../lib/gcc/avr/4.9.2/avrxmega6\libgcc.a(_clear_bss.o)
                0x00000402                __do_clear_bss
 *(.init4)
 *(.init5)
 *(.init5)
 *(.init6)
 .init6         0x00000412       0x20 c:/program files (x86)/atmel/studio/7.0/toolchain/avr8/avr8-gnu-toolchain/bin/../lib/gcc/avr/4.9.2/avrxmega6\libgcc.a(_ctors.o)
                0x00000412                __do_global_ctors
 *(.init6)
 *(.init7)
 *(.init7)
 *(.init8)
 *(.init8)
 *(.init9)
 .init9         0x00000432        0x8 C:/Program Files (x86)/Atmel/Studio/7.0/Packs/atmel/XMEGAA_DFP/1.0.36/gcc/dev/atxmega128a3/avrxmega6/crtatxmega128a3.o
 *(.init9)
 *(.text)
 .text          0x0000043a        0x4 C:/Program Files (x86)/Atmel/Studio/7.0/Packs/atmel/XMEGAA_DFP/1.0.36/gcc/dev/atxmega128a3/avrxmega6/crtatxmega128a3.o
                0x0000043a                __vector_75
                0x0000043a                __vector_102
                0x0000043a                __bad_interrupt
                0x0000043a                __vector_114
                0x0000043a                __vector_117
                0x0000043a                __vector_107
                0x0000043a                __vector_98
                0x0000043a                __vector_99
                0x0000043a                __vector_100
                0x0000043a                __vector_101
                0x0000043a                __vector_76
                0x0000043a                __vector_115
                0x0000043a                __vector_95
                0x0000043a                __vector_103
                0x0000043a                __vector_96
                0x0000043a                __vector_106
                0x0000043a                __vector_118
                0x0000043a                __vector_94
                0x0000043a                __vector_116
                0x0000043a                __vector_97
                0x0000043e                . = ALIGN (0x2)
 *(.text.*)
 .text._ZN13CDGUSDatabaseC2Ev
                0x0000043e        0x2 CDGUSDatabase.o
                0x0000043e                _ZN13CDGUSDatabaseC2Ev
                0x0000043e                _ZN13CDGUSDatabaseC1Ev
 .text._ZN13CDGUSDatabaseD2Ev
                0x00000440        0x2 CDGUSDatabase.o
                0x00000440                _ZN13CDGUSDatabaseD2Ev
                0x00000440                _ZN13CDGUSDatabaseD1Ev
 .text._ZN13CDGUSDatabase10InitializeEP9CMBSenderj
                0x00000442       0x18 CDGUSDatabase.o
                0x00000442                _ZN13CDGUSDatabase10InitializeEP9CMBSenderj
 .text._ZN13CDGUSDatabase18MapDatabaseToWriteEjmj
                0x0000045a       0xca CDGUSDatabase.o
                0x0000045a                _ZN13CDGUSDatabase18MapDatabaseToWriteEjmj
 .text._ZN13CDGUSDatabase17MapDatabaseToReadEjmj
                0x00000524       0xca CDGUSDatabase.o
                0x00000524                _ZN13CDGUSDatabase17MapDatabaseToReadEjmj
 .text._ZN13CDGUSDatabase5UnMapEv
                0x000005ee       0x3c CDGUSDatabase.o
                0x000005ee                _ZN13CDGUSDatabase5UnMapEv
 .text._ZN13CDGUSDatabase18OnVariableReceivedEjPjj
                0x0000062a       0x20 CDGUSDatabase.o
                0x0000062a                _ZN13CDGUSDatabase18OnVariableReceivedEjPjj
 .text._ZN10CDGUSUSART10InitializeE13BAUDRATE_ENUM11PARITY_ENUM12STOBITS_ENUMb
                0x0000064a       0x76 CDGUSUSART.o
                0x0000064a                _ZN10CDGUSUSART10InitializeE13BAUDRATE_ENUM11PARITY_ENUM12STOBITS_ENUMb
 .text._ZN10CDGUSUSART15GetReceivedByteEv
                0x000006c0        0x6 CDGUSUSART.o
                0x000006c0                _ZN10CDGUSUSART15GetReceivedByteEv
 .text._ZN10CDGUSUSART19SetTransmittingByteEh
                0x000006c6        0x6 CDGUSUSART.o
                0x000006c6                _ZN10CDGUSUSART19SetTransmittingByteEh
 .text._ZN10CDGUSUSART14IsTransmittingEv
                0x000006cc       0x10 CDGUSUSART.o
                0x000006cc                _ZN10CDGUSUSART14IsTransmittingEv
 .text._ZN10CDGUSUSART11IsReceivingEv
                0x000006dc        0xe CDGUSUSART.o
                0x000006dc                _ZN10CDGUSUSART11IsReceivingEv
 .text._ZN10CDGUSUSART11IsDataEmptyEv
                0x000006ea       0x10 CDGUSUSART.o
                0x000006ea                _ZN10CDGUSUSART11IsDataEmptyEv
 .text._ZN10CDGUSUSART25SetRxInterruptionCallbackEPvPFvS0_E
                0x000006fa       0x12 CDGUSUSART.o
                0x000006fa                _ZN10CDGUSUSART25SetRxInterruptionCallbackEPvPFvS0_E
 .text._ZN10CDGUSUSART25SetTxInterruptionCallbackEPvPFvS0_E
                0x0000070c       0x12 CDGUSUSART.o
                0x0000070c                _ZN10CDGUSUSART25SetTxInterruptionCallbackEPvPFvS0_E
 .text._ZN10CDGUSUSART12SetDMARxTrigEP13DMA_CH_struct
                0x0000071e       0x12 CDGUSUSART.o
                0x0000071e                _ZN10CDGUSUSART12SetDMARxTrigEP13DMA_CH_struct
 .text._ZN10CDGUSUSART12SetDMATxTrigEP13DMA_CH_struct
                0x00000730       0x12 CDGUSUSART.o
                0x00000730                _ZN10CDGUSUSART12SetDMATxTrigEP13DMA_CH_struct
 .text._ZN10CDGUSUSARTC2Ev
                0x00000742       0x18 CDGUSUSART.o
                0x00000742                _ZN10CDGUSUSARTC1Ev
                0x00000742                _ZN10CDGUSUSARTC2Ev
 .text._ZN10CDGUSUSARTD2Ev
                0x0000075a       0x10 CDGUSUSART.o
                0x0000075a                _ZN10CDGUSUSARTD2Ev
                0x0000075a                _ZN10CDGUSUSARTD1Ev
 .text._ZN11CLaserBoardC2Ev
                0x0000076a        0x2 CLaserBoard.o
                0x0000076a                _ZN11CLaserBoardC1Ev
                0x0000076a                _ZN11CLaserBoardC2Ev
 .text._ZN11CLaserBoardD2Ev
                0x0000076c        0x2 CLaserBoard.o
                0x0000076c                _ZN11CLaserBoardD2Ev
                0x0000076c                _ZN11CLaserBoardD1Ev
 .text._ZN11CLaserBoard12InitializeIOEv
                0x0000076e       0x68 CLaserBoard.o
                0x0000076e                _ZN11CLaserBoard12InitializeIOEv
 .text._ZN11CLaserBoard15InitializeClockEv
                0x000007d6       0x6a CLaserBoard.o
                0x000007d6                _ZN11CLaserBoard15InitializeClockEv
 .text._ZN11CLaserBoard8Relay1OnEv
                0x00000840        0x8 CLaserBoard.o
                0x00000840                _ZN11CLaserBoard8Relay1OnEv
 .text._ZN11CLaserBoard8Relay2OnEv
                0x00000848        0x8 CLaserBoard.o
                0x00000848                _ZN11CLaserBoard8Relay2OnEv
 .text._ZN11CLaserBoard9Relay1OffEv
                0x00000850        0x8 CLaserBoard.o
                0x00000850                _ZN11CLaserBoard9Relay1OffEv
 .text._ZN11CLaserBoard9Relay2OffEv
                0x00000858        0x8 CLaserBoard.o
                0x00000858                _ZN11CLaserBoard9Relay2OffEv
 .text._ZN11CLaserBoard4BeepEv
                0x00000860       0x30 CLaserBoard.o
                0x00000860                _ZN11CLaserBoard4BeepEv
 .text._ZN11CLaserBoard14BeepClassErrorEv
                0x00000890       0x54 CLaserBoard.o
                0x00000890                _ZN11CLaserBoard14BeepClassErrorEv
 .text._ZN16CLaserControlApp21OnTransactionCallbackEPhj
                0x000008e4        0x2 CLaserControlApp.o
                0x000008e4                _ZN16CLaserControlApp21OnTransactionCallbackEPhj
 .text._ZN16CLaserControlApp18OnRegisterReceivedEhPhh
                0x000008e6       0xb4 CLaserControlApp.o
                0x000008e6                _ZN16CLaserControlApp18OnRegisterReceivedEhPhh
 .text._ZN16CLaserControlApp18OnVariableReceivedEjPjj
                0x0000099a      0x10c CLaserControlApp.o
                0x0000099a                _ZN16CLaserControlApp18OnVariableReceivedEjPjj
 .text._Z11ConvertDataPvS_jj
                0x00000aa6       0x58 CLaserControlApp.o
                0x00000aa6                _Z11ConvertDataPvS_jj
 .text._ZN16CLaserControlAppC2Ev
                0x00000afe        0xc CLaserControlApp.o
                0x00000afe                _ZN16CLaserControlAppC2Ev
                0x00000afe                _ZN16CLaserControlAppC1Ev
 .text._ZN16CLaserControlAppD2Ev
                0x00000b0a       0x10 CLaserControlApp.o
                0x00000b0a                _ZN16CLaserControlAppD2Ev
                0x00000b0a                _ZN16CLaserControlAppD1Ev
 .text._ZN16CLaserControlApp5StartEv
                0x00000b1a      0x152 CLaserControlApp.o
                0x00000b1a                _ZN16CLaserControlApp5StartEv
 .text._GLOBAL__sub_I_timer
                0x00000c6c        0xa CLaserControlApp.o
 .text._GLOBAL__sub_D_timer
                0x00000c76        0xa CLaserControlApp.o
 .text._ZN16CLaserControlApp10InitializeEP9CMBSender
                0x00000c80       0x6a CLaserControlApp.o
                0x00000c80                _ZN16CLaserControlApp10InitializeEP9CMBSender
 .text._ZN16CLaserControlApp3RunEv
                0x00000cea      0x754 CLaserControlApp.o
                0x00000cea                _ZN16CLaserControlApp3RunEv
 .text._ZN16CLaserControlApp9OnTimeoutEv
                0x0000143e       0x12 CLaserControlApp.o
                0x0000143e                _ZN16CLaserControlApp9OnTimeoutEv
 .text._ZN16CLaserControlApp7OnTimerEv
                0x00001450       0xf0 CLaserControlApp.o
                0x00001450                _ZN16CLaserControlApp7OnTimerEv
 .text._ZN16CLaserControlApp13OnTimerStaticEPv
                0x00001540        0x6 CLaserControlApp.o
                0x00001540                _ZN16CLaserControlApp13OnTimerStaticEPv
 .text._ZN12CSoundPlayerC2Ev
                0x00001546        0x2 CSoundPlayer.o
                0x00001546                _ZN12CSoundPlayerC2Ev
                0x00001546                _ZN12CSoundPlayerC1Ev
 .text._ZN12CSoundPlayerD2Ev
                0x00001548        0x2 CSoundPlayer.o
                0x00001548                _ZN12CSoundPlayerD1Ev
                0x00001548                _ZN12CSoundPlayerD2Ev
 .text._ZN12CSoundPlayer19InitializeToneTimerEv
                0x0000154a       0x22 CSoundPlayer.o
                0x0000154a                _ZN12CSoundPlayer19InitializeToneTimerEv
 .text._ZN12CSoundPlayer23InitializeDurationTimerEv
                0x0000156c       0x18 CSoundPlayer.o
                0x0000156c                _ZN12CSoundPlayer23InitializeDurationTimerEv
 .text._ZN12CSoundPlayer10SoundStartEjjh
                0x00001584       0x68 CSoundPlayer.o
                0x00001584                _ZN12CSoundPlayer10SoundStartEjjh
 .text._ZN12CSoundPlayer9SoundStopEv
                0x000015ec       0x3c CSoundPlayer.o
                0x000015ec                _ZN12CSoundPlayer9SoundStopEv
 .text._ZN12CSoundPlayer10InitializeEv
                0x00001628       0x16 CSoundPlayer.o
                0x00001628                _ZN12CSoundPlayer10InitializeEv
 .text._ZN7CTimerC10InitializeE27TIMER_WAVEFORMGEN_MODE_ENUM22TIMER_CLOCKSELECT_ENUM
                0x0000163e       0x36 CTimerC.o
                0x0000163e                _ZN7CTimerC10InitializeE27TIMER_WAVEFORMGEN_MODE_ENUM22TIMER_CLOCKSELECT_ENUM
 .text._ZN7CTimerC5StartEj
                0x00001674       0x1a CTimerC.o
                0x00001674                _ZN7CTimerC5StartEj
 .text._ZN7CTimerC4StopEv
                0x0000168e       0x10 CTimerC.o
                0x0000168e                _ZN7CTimerC4StopEv
 .text._ZN7CTimerC13EnableChannelE19TIMER_CHANNELS_ENUM
                0x0000169e        0xe CTimerC.o
                0x0000169e                _ZN7CTimerC13EnableChannelE19TIMER_CHANNELS_ENUM
 .text._ZN7CTimerC14DisableChannelE19TIMER_CHANNELS_ENUM
                0x000016ac        0xe CTimerC.o
                0x000016ac                _ZN7CTimerC14DisableChannelE19TIMER_CHANNELS_ENUM
 .text._ZN7CTimerC9SetPeriodEj
                0x000016ba        0xa CTimerC.o
                0x000016ba                _ZN7CTimerC9SetPeriodEj
 .text._ZN7CTimerC8SetCOMPAEj
                0x000016c4        0xa CTimerC.o
                0x000016c4                _ZN7CTimerC8SetCOMPAEj
 .text._ZN7CTimerC8SetCOMPBEj
                0x000016ce        0xa CTimerC.o
                0x000016ce                _ZN7CTimerC8SetCOMPBEj
 .text._ZN7CTimerC8SetCOMPCEj
                0x000016d8        0xa CTimerC.o
                0x000016d8                _ZN7CTimerC8SetCOMPCEj
 .text._ZN7CTimerC8SetCOMPDEj
                0x000016e2        0xa CTimerC.o
                0x000016e2                _ZN7CTimerC8SetCOMPDEj
 .text._ZN7CTimerC14SetOVFCallbackEPFvPvES0_17TC_OVFINTLVL_enum
                0x000016ec       0x24 CTimerC.o
                0x000016ec                _ZN7CTimerC14SetOVFCallbackEPFvPvES0_17TC_OVFINTLVL_enum
 .text._ZN7CTimerC14SetERRCallbackEPFvPvES0_17TC_ERRINTLVL_enum
                0x00001710       0x24 CTimerC.o
                0x00001710                _ZN7CTimerC14SetERRCallbackEPFvPvES0_17TC_ERRINTLVL_enum
 .text._ZN7CTimerC16SetCOMPACallbackEPFvPvES0_17TC_CCAINTLVL_enum
                0x00001734       0x24 CTimerC.o
                0x00001734                _ZN7CTimerC16SetCOMPACallbackEPFvPvES0_17TC_CCAINTLVL_enum
 .text._ZN7CTimerC16SetCOMPBCallbackEPFvPvES0_17TC_CCBINTLVL_enum
                0x00001758       0x24 CTimerC.o
                0x00001758                _ZN7CTimerC16SetCOMPBCallbackEPFvPvES0_17TC_CCBINTLVL_enum
 .text._ZN7CTimerC16SetCOMPCCallbackEPFvPvES0_17TC_CCCINTLVL_enum
                0x0000177c       0x24 CTimerC.o
                0x0000177c                _ZN7CTimerC16SetCOMPCCallbackEPFvPvES0_17TC_CCCINTLVL_enum
 .text._ZN7CTimerC16SetCOMPDCallbackEPFvPvES0_17TC_CCDINTLVL_enum
                0x000017a0       0x24 CTimerC.o
                0x000017a0                _ZN7CTimerC16SetCOMPDCallbackEPFvPvES0_17TC_CCDINTLVL_enum
 .text._ZN7CTimerCC2Ev
                0x000017c4       0x18 CTimerC.o
                0x000017c4                _ZN7CTimerCC1Ev
                0x000017c4                _ZN7CTimerCC2Ev
 .text._ZN7CTimerCD2Ev
                0x000017dc       0x10 CTimerC.o
                0x000017dc                _ZN7CTimerCD1Ev
                0x000017dc                _ZN7CTimerCD2Ev
 .text._ZN4CSPIC2Ev
                0x000017ec        0x2 LaserLib/CSPI.o
                0x000017ec                _ZN4CSPIC2Ev
                0x000017ec                _ZN4CSPIC1Ev
 .text._ZN4CSPID2Ev
                0x000017ee        0x2 LaserLib/CSPI.o
                0x000017ee                _ZN4CSPID2Ev
                0x000017ee                _ZN4CSPID1Ev
 .text._ZN4CSPI10InitializeEb19SPI_DATA_ORDER_ENUM13SPI_MODE_ENUMb18SPI_PRESCALER_enum
                0x000017f0       0x88 LaserLib/CSPI.o
                0x000017f0                _ZN4CSPI10InitializeEb19SPI_DATA_ORDER_ENUM13SPI_MODE_ENUMb18SPI_PRESCALER_enum
 .text._ZN4CSPI10OnTransmitEv
                0x00001878       0x30 LaserLib/CSPI.o
                0x00001878                _ZN4CSPI10OnTransmitEv
 .text._ZN4CSPI16StaticOnTransmitEPv
                0x000018a8        0x6 LaserLib/CSPI.o
                0x000018a8                _ZN4CSPI16StaticOnTransmitEPv
 .text._ZN6CTimerC2Ev
                0x000018ae        0xc LaserLib/CTimer.o
                0x000018ae                _ZN6CTimerC1Ev
                0x000018ae                _ZN6CTimerC2Ev
 .text._ZN6CTimerD2Ev
                0x000018ba        0x2 LaserLib/CTimer.o
                0x000018ba                _ZN6CTimerD1Ev
                0x000018ba                _ZN6CTimerD2Ev
 .text._ZN6CUSARTC2Ev
                0x000018bc        0xc LaserLib/CUSART.o
                0x000018bc                _ZN6CUSARTC2Ev
                0x000018bc                _ZN6CUSARTC1Ev
 .text._ZN6CUSARTD2Ev
                0x000018c8        0x2 LaserLib/CUSART.o
                0x000018c8                _ZN6CUSARTD1Ev
                0x000018c8                _ZN6CUSARTD2Ev
 .text.__vector_1
                0x000018ca       0x62 LaserLib/intx128.o
                0x000018ca                __vector_1
 .text.__vector_2
                0x0000192c       0x62 LaserLib/intx128.o
                0x0000192c                __vector_2
 .text.__vector_3
                0x0000198e       0x62 LaserLib/intx128.o
                0x0000198e                __vector_3
 .text.__vector_4
                0x000019f0       0x62 LaserLib/intx128.o
                0x000019f0                __vector_4
 .text.__vector_5
                0x00001a52       0x62 LaserLib/intx128.o
                0x00001a52                __vector_5
 .text.__vector_6
                0x00001ab4       0x62 LaserLib/intx128.o
                0x00001ab4                __vector_6
 .text.__vector_7
                0x00001b16       0x62 LaserLib/intx128.o
                0x00001b16                __vector_7
 .text.__vector_8
                0x00001b78       0x62 LaserLib/intx128.o
                0x00001b78                __vector_8
 .text.__vector_9
                0x00001bda       0x62 LaserLib/intx128.o
                0x00001bda                __vector_9
 .text.__vector_10
                0x00001c3c       0x62 LaserLib/intx128.o
                0x00001c3c                __vector_10
 .text.__vector_11
                0x00001c9e       0x62 LaserLib/intx128.o
                0x00001c9e                __vector_11
 .text.__vector_12
                0x00001d00       0x62 LaserLib/intx128.o
                0x00001d00                __vector_12
 .text.__vector_13
                0x00001d62       0x62 LaserLib/intx128.o
                0x00001d62                __vector_13
 .text.__vector_14
                0x00001dc4       0x62 LaserLib/intx128.o
                0x00001dc4                __vector_14
 .text.__vector_15
                0x00001e26       0x62 LaserLib/intx128.o
                0x00001e26                __vector_15
 .text.__vector_16
                0x00001e88       0x62 LaserLib/intx128.o
                0x00001e88                __vector_16
 .text.__vector_17
                0x00001eea       0x62 LaserLib/intx128.o
                0x00001eea                __vector_17
 .text.__vector_18
                0x00001f4c       0x62 LaserLib/intx128.o
                0x00001f4c                __vector_18
 .text.__vector_19
                0x00001fae       0x62 LaserLib/intx128.o
                0x00001fae                __vector_19
 .text.__vector_20
                0x00002010       0x62 LaserLib/intx128.o
                0x00002010                __vector_20
 .text.__vector_21
                0x00002072       0x62 LaserLib/intx128.o
                0x00002072                __vector_21
 .text.__vector_22
                0x000020d4       0x62 LaserLib/intx128.o
                0x000020d4                __vector_22
 .text.__vector_23
                0x00002136       0x62 LaserLib/intx128.o
                0x00002136                __vector_23
 .text.__vector_24
                0x00002198       0x62 LaserLib/intx128.o
                0x00002198                __vector_24
 .text.__vector_25
                0x000021fa       0x62 LaserLib/intx128.o
                0x000021fa                __vector_25
 .text.__vector_26
                0x0000225c       0x62 LaserLib/intx128.o
                0x0000225c                __vector_26
 .text.__vector_27
                0x000022be       0x62 LaserLib/intx128.o
                0x000022be                __vector_27
 .text.__vector_28
                0x00002320       0x62 LaserLib/intx128.o
                0x00002320                __vector_28
 .text.__vector_29
                0x00002382       0x62 LaserLib/intx128.o
                0x00002382                __vector_29
 .text.__vector_30
                0x000023e4       0x62 LaserLib/intx128.o
                0x000023e4                __vector_30
 .text.__vector_31
                0x00002446       0x62 LaserLib/intx128.o
                0x00002446                __vector_31
 .text.__vector_32
                0x000024a8       0x62 LaserLib/intx128.o
                0x000024a8                __vector_32
 .text.__vector_33
                0x0000250a       0x62 LaserLib/intx128.o
                0x0000250a                __vector_33
 .text.__vector_34
                0x0000256c       0x62 LaserLib/intx128.o
                0x0000256c                __vector_34
 .text.__vector_35
                0x000025ce       0x62 LaserLib/intx128.o
                0x000025ce                __vector_35
 .text.__vector_36
                0x00002630       0x62 LaserLib/intx128.o
                0x00002630                __vector_36
 .text.__vector_37
                0x00002692       0x62 LaserLib/intx128.o
                0x00002692                __vector_37
 .text.__vector_38
                0x000026f4       0x62 LaserLib/intx128.o
                0x000026f4                __vector_38
 .text.__vector_39
                0x00002756       0x62 LaserLib/intx128.o
                0x00002756                __vector_39
 .text.__vector_40
                0x000027b8       0x62 LaserLib/intx128.o
                0x000027b8                __vector_40
 .text.__vector_41
                0x0000281a       0x62 LaserLib/intx128.o
                0x0000281a                __vector_41
 .text.__vector_42
                0x0000287c       0x62 LaserLib/intx128.o
                0x0000287c                __vector_42
 .text.__vector_43
                0x000028de       0x62 LaserLib/intx128.o
                0x000028de                __vector_43
 .text.__vector_44
                0x00002940       0x62 LaserLib/intx128.o
                0x00002940                __vector_44
 .text.__vector_45
                0x000029a2       0x62 LaserLib/intx128.o
                0x000029a2                __vector_45
 .text.__vector_46
                0x00002a04       0x62 LaserLib/intx128.o
                0x00002a04                __vector_46
 .text.__vector_47
                0x00002a66       0x62 LaserLib/intx128.o
                0x00002a66                __vector_47
 .text.__vector_48
                0x00002ac8       0x62 LaserLib/intx128.o
                0x00002ac8                __vector_48
 .text.__vector_49
                0x00002b2a       0x62 LaserLib/intx128.o
                0x00002b2a                __vector_49
 .text.__vector_50
                0x00002b8c       0x62 LaserLib/intx128.o
                0x00002b8c                __vector_50
 .text.__vector_51
                0x00002bee       0x62 LaserLib/intx128.o
                0x00002bee                __vector_51
 .text.__vector_52
                0x00002c50       0x62 LaserLib/intx128.o
                0x00002c50                __vector_52
 .text.__vector_53
                0x00002cb2       0x62 LaserLib/intx128.o
                0x00002cb2                __vector_53
 .text.__vector_54
                0x00002d14       0x62 LaserLib/intx128.o
                0x00002d14                __vector_54
 .text.__vector_55
                0x00002d76       0x62 LaserLib/intx128.o
                0x00002d76                __vector_55
 .text.__vector_56
                0x00002dd8       0x62 LaserLib/intx128.o
                0x00002dd8                __vector_56
 .text.__vector_57
                0x00002e3a       0x62 LaserLib/intx128.o
                0x00002e3a                __vector_57
 .text.__vector_58
                0x00002e9c       0x62 LaserLib/intx128.o
                0x00002e9c                __vector_58
 .text.__vector_59
                0x00002efe       0x62 LaserLib/intx128.o
                0x00002efe                __vector_59
 .text.__vector_60
                0x00002f60       0x62 LaserLib/intx128.o
                0x00002f60                __vector_60
 .text.__vector_61
                0x00002fc2       0x62 LaserLib/intx128.o
                0x00002fc2                __vector_61
 .text.__vector_62
                0x00003024       0x62 LaserLib/intx128.o
                0x00003024                __vector_62
 .text.__vector_63
                0x00003086       0x62 LaserLib/intx128.o
                0x00003086                __vector_63
 .text.__vector_64
                0x000030e8       0x62 LaserLib/intx128.o
                0x000030e8                __vector_64
 .text.__vector_65
                0x0000314a       0x62 LaserLib/intx128.o
                0x0000314a                __vector_65
 .text.__vector_66
                0x000031ac       0x62 LaserLib/intx128.o
                0x000031ac                __vector_66
 .text.__vector_67
                0x0000320e       0x62 LaserLib/intx128.o
                0x0000320e                __vector_67
 .text.__vector_68
                0x00003270       0x62 LaserLib/intx128.o
                0x00003270                __vector_68
 .text.__vector_69
                0x000032d2       0x62 LaserLib/intx128.o
                0x000032d2                __vector_69
 .text.__vector_70
                0x00003334       0x62 LaserLib/intx128.o
                0x00003334                __vector_70
 .text.__vector_71
                0x00003396       0x62 LaserLib/intx128.o
                0x00003396                __vector_71
 .text.__vector_72
                0x000033f8       0x62 LaserLib/intx128.o
                0x000033f8                __vector_72
 .text.__vector_73
                0x0000345a       0x62 LaserLib/intx128.o
                0x0000345a                __vector_73
 .text.__vector_74
                0x000034bc       0x62 LaserLib/intx128.o
                0x000034bc                __vector_74
 .text.__vector_77
                0x0000351e       0x62 LaserLib/intx128.o
                0x0000351e                __vector_77
 .text.__vector_78
                0x00003580       0x62 LaserLib/intx128.o
                0x00003580                __vector_78
 .text.__vector_79
                0x000035e2       0x62 LaserLib/intx128.o
                0x000035e2                __vector_79
 .text.__vector_80
                0x00003644       0x62 LaserLib/intx128.o
                0x00003644                __vector_80
 .text.__vector_81
                0x000036a6       0x62 LaserLib/intx128.o
                0x000036a6                __vector_81
 .text.__vector_82
                0x00003708       0x62 LaserLib/intx128.o
                0x00003708                __vector_82
 .text.__vector_83
                0x0000376a       0x62 LaserLib/intx128.o
                0x0000376a                __vector_83
 .text.__vector_84
                0x000037cc       0x62 LaserLib/intx128.o
                0x000037cc                __vector_84
 .text.__vector_85
                0x0000382e       0x62 LaserLib/intx128.o
                0x0000382e                __vector_85
 .text.__vector_86
                0x00003890       0x62 LaserLib/intx128.o
                0x00003890                __vector_86
 .text.__vector_87
                0x000038f2       0x62 LaserLib/intx128.o
                0x000038f2                __vector_87
 .text.__vector_88
                0x00003954       0x62 LaserLib/intx128.o
                0x00003954                __vector_88
 .text.__vector_89
                0x000039b6       0x62 LaserLib/intx128.o
                0x000039b6                __vector_89
 .text.__vector_90
                0x00003a18       0x62 LaserLib/intx128.o
                0x00003a18                __vector_90
 .text.__vector_91
                0x00003a7a       0x62 LaserLib/intx128.o
                0x00003a7a                __vector_91
 .text.__vector_92
                0x00003adc       0x62 LaserLib/intx128.o
                0x00003adc                __vector_92
 .text.__vector_93
                0x00003b3e       0x62 LaserLib/intx128.o
                0x00003b3e                __vector_93
 .text.__vector_104
                0x00003ba0       0x62 LaserLib/intx128.o
                0x00003ba0                __vector_104
 .text.__vector_105
                0x00003c02       0x62 LaserLib/intx128.o
                0x00003c02                __vector_105
 .text.__vector_108
                0x00003c64       0x62 LaserLib/intx128.o
                0x00003c64                __vector_108
 .text.__vector_109
                0x00003cc6       0x62 LaserLib/intx128.o
                0x00003cc6                __vector_109
 .text.__vector_110
                0x00003d28       0x62 LaserLib/intx128.o
                0x00003d28                __vector_110
 .text.__vector_111
                0x00003d8a       0x62 LaserLib/intx128.o
                0x00003d8a                __vector_111
 .text.__vector_112
                0x00003dec       0x62 LaserLib/intx128.o
                0x00003dec                __vector_112
 .text.__vector_113
                0x00003e4e       0x62 LaserLib/intx128.o
                0x00003e4e                __vector_113
 .text.__vector_119
                0x00003eb0       0x62 LaserLib/intx128.o
                0x00003eb0                __vector_119
 .text.__vector_120
                0x00003f12       0x62 LaserLib/intx128.o
                0x00003f12                __vector_120
 .text.__vector_121
                0x00003f74       0x62 LaserLib/intx128.o
                0x00003f74                __vector_121
 .text.__cxa_pure_virtual
                0x00003fd6        0x6 main.o
                0x00003fd6                __cxa_pure_virtual
 .text._GLOBAL__sub_I_dacSPI
                0x00003fdc       0x3a main.o
 .text._GLOBAL__sub_D_dacSPI
                0x00004016       0x3a main.o
 .text._Z16SystemInitializev
                0x00004050       0x86 main.o
                0x00004050                _Z16SystemInitializev
 .text.main     0x000040d6      0x176 main.o
                0x000040d6                main
 .text._ZN16CMBEventsHandler13FillRegDataTxEhPhh
                0x0000424c       0x62 MODBUS/CMBProtocol.o
                0x0000424c                _ZN16CMBEventsHandler13FillRegDataTxEhPhh
 .text._ZN16CMBEventsHandler13FillRegDataRqEhh
                0x000042ae       0x3e MODBUS/CMBProtocol.o
                0x000042ae                _ZN16CMBEventsHandler13FillRegDataRqEhh
 .text._ZN16CMBEventsHandler13FillVarDataTxEjPjj
                0x000042ec       0x90 MODBUS/CMBProtocol.o
                0x000042ec                _ZN16CMBEventsHandler13FillVarDataTxEjPjj
 .text._ZN16CMBEventsHandler13FillVarDataRqEjj
                0x0000437c       0x46 MODBUS/CMBProtocol.o
                0x0000437c                _ZN16CMBEventsHandler13FillVarDataRqEjj
 .text._ZN16CMBEventsHandler15AllocateBuffersEjj
                0x000043c2       0x36 MODBUS/CMBProtocol.o
                0x000043c2                _ZN16CMBEventsHandler15AllocateBuffersEjj
 .text._ZN16CMBEventsHandler11FreeBuffersEv
                0x000043f8       0x1c MODBUS/CMBProtocol.o
                0x000043f8                _ZN16CMBEventsHandler11FreeBuffersEv
 .text._ZN16CMBEventsHandlerD2Ev
                0x00004414        0x2 MODBUS/CMBProtocol.o
                0x00004414                _ZN16CMBEventsHandlerD2Ev
                0x00004414                _ZN16CMBEventsHandlerD1Ev
 .text._ZN9CMBSender18OnVariableReceivedEjPjj
                0x00004416       0x1e MODBUS/CMBSender.o
                0x00004416                _ZN9CMBSender18OnVariableReceivedEjPjj
 .text._ZN9CMBSender18OnRegisterReceivedEhPhh
                0x00004434       0x1e MODBUS/CMBSender.o
                0x00004434                _ZN9CMBSender18OnRegisterReceivedEhPhh
 .text._ZN9CMBSenderC2Ev
                0x00004452        0xc MODBUS/CMBSender.o
                0x00004452                _ZN9CMBSenderC2Ev
                0x00004452                _ZN9CMBSenderC1Ev
 .text._ZN9CMBSender10InitializeEP6CUSARTP16CMBEventsHandlerjj
                0x0000445e       0x9e MODBUS/CMBSender.o
                0x0000445e                _ZN9CMBSender10InitializeEP6CUSARTP16CMBEventsHandlerjj
 .text._ZN9CMBSenderD2Ev
                0x000044fc       0x10 MODBUS/CMBSender.o
                0x000044fc                _ZN9CMBSenderD1Ev
                0x000044fc                _ZN9CMBSenderD2Ev
 .text._ZN9CMBSender15WriteDataToSRAMEjPjj
                0x0000450c       0x6a MODBUS/CMBSender.o
                0x0000450c                _ZN9CMBSender15WriteDataToSRAMEjPjj
 .text._ZN9CMBSender13OnReceiveByteEh
                0x00004576      0x174 MODBUS/CMBSender.o
                0x00004576                _ZN9CMBSender13OnReceiveByteEh
 .text._ZN9CMBSender18OnUSARTRxInterruptEPv
                0x000046ea       0x26 MODBUS/CMBSender.o
                0x000046ea                _ZN9CMBSender18OnUSARTRxInterruptEPv
 .text._ZN9CMBSender19StartMODBUSListenerEv
                0x00004710       0x12 MODBUS/CMBSender.o
                0x00004710                _ZN9CMBSender19StartMODBUSListenerEv
 .text._ZN9CMBSender14OnTransmitByteEv
                0x00004722       0x92 MODBUS/CMBSender.o
                0x00004722                _ZN9CMBSender14OnTransmitByteEv
 .text._ZN9CMBSender18OnUSARTTxInterruptEPv
                0x000047b4        0x6 MODBUS/CMBSender.o
                0x000047b4                _ZN9CMBSender18OnUSARTTxInterruptEPv
 .text._ZN9CMBSender18WaitMODBUSListenerEv
                0x000047ba       0x22 MODBUS/CMBSender.o
                0x000047ba                _ZN9CMBSender18WaitMODBUSListenerEv
 .text._ZN9CMBSender22StartMODBUSTransmitterEv
                0x000047dc        0xc MODBUS/CMBSender.o
                0x000047dc                _ZN9CMBSender22StartMODBUSTransmitterEv
 .text._ZN9CMBSender24WriteDataToRegisterAsyncEhPhh
                0x000047e8       0x1e MODBUS/CMBSender.o
                0x000047e8                _ZN9CMBSender24WriteDataToRegisterAsyncEhPhh
 .text._ZN9CMBSender20WriteDataToSRAMAsyncEjPjj
                0x00004806       0x1e MODBUS/CMBSender.o
                0x00004806                _ZN9CMBSender20WriteDataToSRAMAsyncEjPjj
 .text._ZN9CMBSender28RequestDataFromRegisterAsyncEhh
                0x00004824       0x1e MODBUS/CMBSender.o
                0x00004824                _ZN9CMBSender28RequestDataFromRegisterAsyncEhh
 .text._ZN9CMBSender24RequestDataFromSRAMAsyncEjh
                0x00004842       0x20 MODBUS/CMBSender.o
                0x00004842                _ZN9CMBSender24RequestDataFromSRAMAsyncEjh
 .text._ZN9CMBSender21WaitMODBUSTransmitterEv
                0x00004862       0x22 MODBUS/CMBSender.o
                0x00004862                _ZN9CMBSender21WaitMODBUSTransmitterEv
 .text._ZN9CMBSender30StartMODBUSRegisterTransactionEhh
                0x00004884        0xc MODBUS/CMBSender.o
                0x00004884                _ZN9CMBSender30StartMODBUSRegisterTransactionEhh
 .text._ZN9CMBSender30StartMODBUSVariableTransactionEjh
                0x00004890        0xc MODBUS/CMBSender.o
                0x00004890                _ZN9CMBSender30StartMODBUSVariableTransactionEjh
 .text._ZN9CMBSender18ProcessTransactionEPhj
                0x0000489c       0x62 MODBUS/CMBSender.o
                0x0000489c                _ZN9CMBSender18ProcessTransactionEPhj
 .text._ZN9CMBSender21OnTransactionCallbackEPhj
                0x000048fe        0x6 MODBUS/CMBSender.o
                0x000048fe                _ZN9CMBSender21OnTransactionCallbackEPhj
 .text.libgcc.div
                0x00004904       0x28 c:/program files (x86)/atmel/studio/7.0/toolchain/avr8/avr8-gnu-toolchain/bin/../lib/gcc/avr/4.9.2/avrxmega6\libgcc.a(_udivmodhi4.o)
                0x00004904                __udivmodhi4
 .text.libgcc.div
                0x0000492c       0x2e c:/program files (x86)/atmel/studio/7.0/toolchain/avr8/avr8-gnu-toolchain/bin/../lib/gcc/avr/4.9.2/avrxmega6\libgcc.a(_divmodsi4.o)
                0x0000492c                __divmodsi4
 .text.libgcc.div
                0x0000495a       0x10 c:/program files (x86)/atmel/studio/7.0/toolchain/avr8/avr8-gnu-toolchain/bin/../lib/gcc/avr/4.9.2/avrxmega6\libgcc.a(_negsi2.o)
                0x0000495a                __negsi2
 .text.libgcc   0x0000496a       0x10 c:/program files (x86)/atmel/studio/7.0/toolchain/avr8/avr8-gnu-toolchain/bin/../lib/gcc/avr/4.9.2/avrxmega6\libgcc.a(_tablejump2.o)
                0x0000496a                __tablejump2__
 .text.libgcc.mul
                0x0000497a       0x1e c:/program files (x86)/atmel/studio/7.0/toolchain/avr8/avr8-gnu-toolchain/bin/../lib/gcc/avr/4.9.2/avrxmega6\libgcc.a(_umulhisi3.o)
                0x0000497a                __umulhisi3
 .text.libgcc.div
                0x00004998       0x44 c:/program files (x86)/atmel/studio/7.0/toolchain/avr8/avr8-gnu-toolchain/bin/../lib/gcc/avr/4.9.2/avrxmega6\libgcc.a(_udivmodsi4.o)
                0x00004998                __udivmodsi4
 .text.avr-libc
                0x000049dc      0x25a c:/program files (x86)/atmel/studio/7.0/toolchain/avr8/avr8-gnu-toolchain/bin/../lib/gcc/avr/4.9.2/../../../../avr/lib/avrxmega6\libc.a(malloc.o)
                0x000049dc                malloc
                0x00004b06                free
 .text.avr-libc
                0x00004c36       0x12 c:/program files (x86)/atmel/studio/7.0/toolchain/avr8/avr8-gnu-toolchain/bin/../lib/gcc/avr/4.9.2/../../../../avr/lib/avrxmega6\libc.a(memcpy.o)
                0x00004c36                memcpy
 .text.avr-libc
                0x00004c48       0x12 c:/program files (x86)/atmel/studio/7.0/toolchain/avr8/avr8-gnu-toolchain/bin/../lib/gcc/avr/4.9.2/../../../../avr/lib/avrxmega6\libc.a(strcmp.o)
                0x00004c48                strcmp
                0x00004c5a                . = ALIGN (0x2)
 *(.fini9)
 .fini9         0x00004c5a        0x0 c:/program files (x86)/atmel/studio/7.0/toolchain/avr8/avr8-gnu-toolchain/bin/../lib/gcc/avr/4.9.2/avrxmega6\libgcc.a(_exit.o)
                0x00004c5a                _exit
                0x00004c5a                exit
 *(.fini9)
 *(.fini8)
 *(.fini8)
 *(.fini7)
 *(.fini7)
 *(.fini6)
 .fini6         0x00004c5a       0x20 c:/program files (x86)/atmel/studio/7.0/toolchain/avr8/avr8-gnu-toolchain/bin/../lib/gcc/avr/4.9.2/avrxmega6\libgcc.a(_dtors.o)
                0x00004c5a                __do_global_dtors
 *(.fini6)
 *(.fini5)
 *(.fini5)
 *(.fini4)
 *(.fini4)
 *(.fini3)
 *(.fini3)
 *(.fini2)
 *(.fini2)
 *(.fini1)
 *(.fini1)
 *(.fini0)
 .fini0         0x00004c7a        0x4 c:/program files (x86)/atmel/studio/7.0/toolchain/avr8/avr8-gnu-toolchain/bin/../lib/gcc/avr/4.9.2/avrxmega6\libgcc.a(_exit.o)
 *(.fini0)
                0x00004c7e                _etext = .

.data           0x00802000      0x100 load address 0x00004c7e
                0x00802000                PROVIDE (__data_start, .)
 *(.data)
 .data          0x00802000        0x6 c:/program files (x86)/atmel/studio/7.0/toolchain/avr8/avr8-gnu-toolchain/bin/../lib/gcc/avr/4.9.2/../../../../avr/lib/avrxmega6\libc.a(malloc.o)
                0x00802000                __malloc_heap_end
                0x00802002                __malloc_heap_start
                0x00802004                __malloc_margin
 *(.data*)
 .data.bscale_table
                0x00802006       0x20 CDGUSUSART.o
                0x00802006                bscale_table
 .data.bsel_table
                0x00802026       0x20 CDGUSUSART.o
                0x00802026                bsel_table
 .data._ZZN16CLaserControlApp3RunEvE2hl
                0x00802046        0x1 CLaserControlApp.o
 .data._ZZN16CLaserControlApp3RunEvE4anim
                0x00802047        0x2 CLaserControlApp.o
 *(.rodata)
 .rodata        0x00802049        0xe main.o
 *(.rodata*)
 .rodata._ZTV10CDGUSUSART
                0x00802057       0x18 CDGUSUSART.o
                0x00802057                _ZTV10CDGUSUSART
 .rodata.str1.1
                0x0080206f        0x5 CLaserControlApp.o
 .rodata._ZTV16CLaserControlApp
                0x00802074       0x16 CLaserControlApp.o
                0x00802074                _ZTV16CLaserControlApp
 .rodata._ZTV7CTimerC
                0x0080208a       0x24 CTimerC.o
                0x0080208a                _ZTV7CTimerC
 .rodata._ZTV6CTimer
                0x008020ae       0x24 LaserLib/CTimer.o
                0x008020ae                _ZTV6CTimer
 .rodata._ZTV6CUSART
                0x008020d2       0x18 LaserLib/CUSART.o
                0x008020d2                _ZTV6CUSART
 .rodata._ZTV9CMBSender
                0x008020ea       0x16 MODBUS/CMBSender.o
                0x008020ea                _ZTV9CMBSender
 *(.gnu.linkonce.d*)
                0x00802100                . = ALIGN (0x2)
                0x00802100                _edata = .
                0x00802100                PROVIDE (__data_end, .)

.bss            0x00802100      0x292
                0x00802100                PROVIDE (__bss_start, .)
 *(.bss)
 *(.bss*)
 .bss._ZZN16CLaserControlApp3RunEvE3bar
                0x00802100        0x2 CLaserControlApp.o
 .bss.timer     0x00802102        0x3 CLaserControlApp.o
                0x00802102                timer
 .bss.InterruptFuncTable
                0x00802105       0xf6 LaserLib/intx128.o
                0x00802105                InterruptFuncTable
 .bss.InterruptSenderTable
                0x008021fb       0xf6 LaserLib/intx128.o
                0x008021fb                InterruptSenderTable
 .bss._ZZ4mainE3prs
                0x008022f1        0x2 main.o
 .bss.empty_record
                0x008022f3       0x44 main.o
                0x008022f3                empty_record
 .bss.Database  0x00802337        0x8 main.o
                0x00802337                Database
 .bss.App       0x0080233f       0x2a main.o
                0x0080233f                App
 .bss.player    0x00802369        0x1 main.o
                0x00802369                player
 .bss.laserBoard
                0x0080236a        0x1 main.o
                0x0080236a                laserBoard
 .bss.sender    0x0080236b       0x19 main.o
                0x0080236b                sender
 .bss.usart     0x00802384        0x2 main.o
                0x00802384                usart
 .bss.dacSPI    0x00802386        0x6 main.o
                0x00802386                dacSPI
 .bss.cnt       0x0080238c        0x2 MODBUS/CMBSender.o
                0x0080238c                cnt
 *(COMMON)
 COMMON         0x0080238e        0x4 c:/program files (x86)/atmel/studio/7.0/toolchain/avr8/avr8-gnu-toolchain/bin/../lib/gcc/avr/4.9.2/../../../../avr/lib/avrxmega6\libc.a(malloc.o)
                0x0080238e                __brkval
                0x00802390                __flp
                0x00802392                PROVIDE (__bss_end, .)
                0x00004c7e                __data_load_start = LOADADDR (.data)
                0x00004d7e                __data_load_end = (__data_load_start + SIZEOF (.data))

.noinit         0x00802392        0x0
                0x00802392                PROVIDE (__noinit_start, .)
 *(.noinit*)
                0x00802392                PROVIDE (__noinit_end, .)
                0x00802392                _end = .
                0x00802392                PROVIDE (__heap_start, .)

.eeprom         0x00810000        0x0
 *(.eeprom*)
                0x00810000                __eeprom_end = .

.fuse
 *(.fuse)
 *(.lfuse)
 *(.hfuse)
 *(.efuse)

.lock
 *(.lock*)

.signature
 *(.signature*)

.user_signatures
 *(.user_signatures*)

.stab
 *(.stab)

.stabstr
 *(.stabstr)

.stab.excl
 *(.stab.excl)

.stab.exclstr
 *(.stab.exclstr)

.stab.index
 *(.stab.index)

.stab.indexstr
 *(.stab.indexstr)

.comment        0x00000000       0x30
 *(.comment)
 .comment       0x00000000       0x30 CDGUSDatabase.o
                                 0x31 (size before relaxing)
 .comment       0x00000030       0x31 CDGUSUSART.o
 .comment       0x00000030       0x31 CLaserBoard.o
 .comment       0x00000030       0x31 CLaserControlApp.o
 .comment       0x00000030       0x31 CSoundPlayer.o
 .comment       0x00000030       0x31 CTimerC.o
 .comment       0x00000030       0x31 LaserLib/CSPI.o
 .comment       0x00000030       0x31 LaserLib/CTimer.o
 .comment       0x00000030       0x31 LaserLib/CUSART.o
 .comment       0x00000030       0x31 LaserLib/intx128.o
 .comment       0x00000030       0x31 main.o
 .comment       0x00000030       0x31 MODBUS/CMBProtocol.o
 .comment       0x00000030       0x31 MODBUS/CMBSender.o
 .comment       0x00000030       0x31 c:/program files (x86)/atmel/studio/7.0/toolchain/avr8/avr8-gnu-toolchain/bin/../lib/gcc/avr/4.9.2/../../../../avr/lib/avrxmega6\libc.a(malloc.o)

.note.gnu.avr.deviceinfo
                0x00000000       0x40
 .note.gnu.avr.deviceinfo
                0x00000000       0x40 C:/Program Files (x86)/Atmel/Studio/7.0/Packs/atmel/XMEGAA_DFP/1.0.36/gcc/dev/atxmega128a3/avrxmega6/crtatxmega128a3.o

.note.gnu.build-id
 *(.note.gnu.build-id)

.debug
 *(.debug)

.line
 *(.line)

.debug_srcinfo
 *(.debug_srcinfo)

.debug_sfnames
 *(.debug_sfnames)

.debug_aranges  0x00000000      0x868
 *(.debug_aranges)
 .debug_aranges
                0x00000000       0x70 CDGUSDatabase.o
 .debug_aranges
                0x00000070       0x78 CDGUSUSART.o
 .debug_aranges
                0x000000e8       0x68 CLaserBoard.o
 .debug_aranges
                0x00000150       0xa0 CLaserControlApp.o
 .debug_aranges
                0x000001f0       0x60 CSoundPlayer.o
 .debug_aranges
                0x00000250       0xa8 CTimerC.o
 .debug_aranges
                0x000002f8       0x58 LaserLib/CSPI.o
 .debug_aranges
                0x00000350       0x28 LaserLib/CTimer.o
 .debug_aranges
                0x00000378       0x28 LaserLib/CUSART.o
 .debug_aranges
                0x000003a0      0x348 LaserLib/intx128.o
 .debug_aranges
                0x000006e8       0x40 main.o
 .debug_aranges
                0x00000728       0x50 MODBUS/CMBProtocol.o
 .debug_aranges
                0x00000778       0xf0 MODBUS/CMBSender.o

.debug_pubnames
 *(.debug_pubnames)

.debug_info     0x00000000     0xb301
 *(.debug_info .gnu.linkonce.wi.*)
 .debug_info    0x00000000      0x9f5 CDGUSDatabase.o
 .debug_info    0x000009f5     0x1095 CDGUSUSART.o
 .debug_info    0x00001a8a      0xad3 CLaserBoard.o
 .debug_info    0x0000255d     0x1f19 CLaserControlApp.o
 .debug_info    0x00004476     0x1385 CSoundPlayer.o
 .debug_info    0x000057fb     0x15ac CTimerC.o
 .debug_info    0x00006da7      0x7ce LaserLib/CSPI.o
 .debug_info    0x00007575      0x6a3 LaserLib/CTimer.o
 .debug_info    0x00007c18      0x606 LaserLib/CUSART.o
 .debug_info    0x0000821e      0x91e LaserLib/intx128.o
 .debug_info    0x00008b3c     0x1057 main.o
 .debug_info    0x00009b93      0x595 MODBUS/CMBProtocol.o
 .debug_info    0x0000a128     0x11d9 MODBUS/CMBSender.o

.debug_abbrev   0x00000000     0x2299
 *(.debug_abbrev)
 .debug_abbrev  0x00000000      0x2ce CDGUSDatabase.o
 .debug_abbrev  0x000002ce      0x2d9 CDGUSUSART.o
 .debug_abbrev  0x000005a7      0x261 CLaserBoard.o
 .debug_abbrev  0x00000808      0x559 CLaserControlApp.o
 .debug_abbrev  0x00000d61      0x2b9 CSoundPlayer.o
 .debug_abbrev  0x0000101a      0x29c CTimerC.o
 .debug_abbrev  0x000012b6      0x28f LaserLib/CSPI.o
 .debug_abbrev  0x00001545      0x182 LaserLib/CTimer.o
 .debug_abbrev  0x000016c7      0x1ed LaserLib/CUSART.o
 .debug_abbrev  0x000018b4       0x83 LaserLib/intx128.o
 .debug_abbrev  0x00001937      0x3b3 main.o
 .debug_abbrev  0x00001cea      0x212 MODBUS/CMBProtocol.o
 .debug_abbrev  0x00001efc      0x39d MODBUS/CMBSender.o

.debug_line     0x00000000     0x284c
 *(.debug_line .debug_line.* .debug_line_end)
 .debug_line    0x00000000      0x225 CDGUSDatabase.o
 .debug_line    0x00000225      0x23e CDGUSUSART.o
 .debug_line    0x00000463      0x2ba CLaserBoard.o
 .debug_line    0x0000071d      0x51e CLaserControlApp.o
 .debug_line    0x00000c3b      0x23b CSoundPlayer.o
 .debug_line    0x00000e76      0x285 CTimerC.o
 .debug_line    0x000010fb      0x24a LaserLib/CSPI.o
 .debug_line    0x00001345      0x135 LaserLib/CTimer.o
 .debug_line    0x0000147a      0x135 LaserLib/CUSART.o
 .debug_line    0x000015af      0xa14 LaserLib/intx128.o
 .debug_line    0x00001fc3      0x2b7 main.o
 .debug_line    0x0000227a      0x1d9 MODBUS/CMBProtocol.o
 .debug_line    0x00002453      0x3f9 MODBUS/CMBSender.o

.debug_frame    0x00000000     0x2f8c
 *(.debug_frame)
 .debug_frame   0x00000000      0x218 CDGUSDatabase.o
 .debug_frame   0x00000218       0xe8 CDGUSUSART.o
 .debug_frame   0x00000300       0xb4 CLaserBoard.o
 .debug_frame   0x000003b4      0x1a8 CLaserControlApp.o
 .debug_frame   0x0000055c       0xd8 CSoundPlayer.o
 .debug_frame   0x00000634      0x140 CTimerC.o
 .debug_frame   0x00000774       0xbc LaserLib/CSPI.o
 .debug_frame   0x00000830       0x34 LaserLib/CTimer.o
 .debug_frame   0x00000864       0x34 LaserLib/CUSART.o
 .debug_frame   0x00000898     0x2324 LaserLib/intx128.o
 .debug_frame   0x00002bbc       0x84 main.o
 .debug_frame   0x00002c40       0xc4 MODBUS/CMBProtocol.o
 .debug_frame   0x00002d04      0x288 MODBUS/CMBSender.o

.debug_str      0x00000000     0x48e0
 *(.debug_str)
 .debug_str     0x00000000      0x5e6 CDGUSDatabase.o
                                0x675 (size before relaxing)
 .debug_str     0x000005e6     0x1448 CDGUSUSART.o
                               0x166d (size before relaxing)
 .debug_str     0x00001a2e      0x631 CLaserBoard.o
                                0xa12 (size before relaxing)
 .debug_str     0x0000205f      0x91b CLaserControlApp.o
                               0x1106 (size before relaxing)
 .debug_str     0x0000297a      0x737 CSoundPlayer.o
                                0xbc6 (size before relaxing)
 .debug_str     0x000030b1      0x680 CTimerC.o
                               0x1291 (size before relaxing)
 .debug_str     0x00003731      0x2f9 LaserLib/CSPI.o
                                0x6f1 (size before relaxing)
 .debug_str     0x00003a2a       0x35 LaserLib/CTimer.o
                                0xa42 (size before relaxing)
 .debug_str     0x00003a5f       0x35 LaserLib/CUSART.o
                                0x7b4 (size before relaxing)
 .debug_str     0x00003a94      0x4e2 LaserLib/intx128.o
                                0x6bf (size before relaxing)
 .debug_str     0x00003f76      0x152 main.o
                                0xe9d (size before relaxing)
 .debug_str     0x000040c8      0x289 MODBUS/CMBProtocol.o
                                0x4ef (size before relaxing)
 .debug_str     0x00004351      0x58f MODBUS/CMBSender.o
                                0xa7b (size before relaxing)

.debug_loc      0x00000000     0x8501
 *(.debug_loc)
 .debug_loc     0x00000000      0x8cf CDGUSDatabase.o
 .debug_loc     0x000008cf      0x210 CDGUSUSART.o
 .debug_loc     0x00000adf      0x32c CLaserBoard.o
 .debug_loc     0x00000e0b      0xb39 CLaserControlApp.o
 .debug_loc     0x00001944      0x344 CSoundPlayer.o
 .debug_loc     0x00001c88      0x366 CTimerC.o
 .debug_loc     0x00001fee      0x276 LaserLib/CSPI.o
 .debug_loc     0x00002264     0x50e2 LaserLib/intx128.o
 .debug_loc     0x00007346      0x110 main.o
 .debug_loc     0x00007456      0x356 MODBUS/CMBProtocol.o
 .debug_loc     0x000077ac      0xd55 MODBUS/CMBSender.o

.debug_macinfo
 *(.debug_macinfo)

.debug_weaknames
 *(.debug_weaknames)

.debug_funcnames
 *(.debug_funcnames)

.debug_typenames
 *(.debug_typenames)

.debug_varnames
 *(.debug_varnames)

.debug_pubtypes
 *(.debug_pubtypes)

.debug_ranges   0x00000000      0x7b0
 *(.debug_ranges)
 .debug_ranges  0x00000000       0x60 CDGUSDatabase.o
 .debug_ranges  0x00000060       0x68 CDGUSUSART.o
 .debug_ranges  0x000000c8       0x58 CLaserBoard.o
 .debug_ranges  0x00000120       0x90 CLaserControlApp.o
 .debug_ranges  0x000001b0       0x50 CSoundPlayer.o
 .debug_ranges  0x00000200       0x98 CTimerC.o
 .debug_ranges  0x00000298       0x48 LaserLib/CSPI.o
 .debug_ranges  0x000002e0       0x18 LaserLib/CTimer.o
 .debug_ranges  0x000002f8       0x18 LaserLib/CUSART.o
 .debug_ranges  0x00000310      0x338 LaserLib/intx128.o
 .debug_ranges  0x00000648       0x48 main.o
 .debug_ranges  0x00000690       0x40 MODBUS/CMBProtocol.o
 .debug_ranges  0x000006d0       0xe0 MODBUS/CMBSender.o

.debug_macro
 *(.debug_macro)
OUTPUT(ATxmegaElectroporation.elf elf32-avr)
LOAD linker stubs
