Archive member included to satisfy reference by file (symbol)

c:/program files (x86)/atmel/studio/7.0/toolchain/avr8/avr8-gnu-toolchain/bin/../lib/gcc/avr/4.9.2/avrxmega6\libgcc.a(_divmodsi4.o)
                              CSoundPlayer.o (__divmodsi4)
c:/program files (x86)/atmel/studio/7.0/toolchain/avr8/avr8-gnu-toolchain/bin/../lib/gcc/avr/4.9.2/avrxmega6\libgcc.a(_negsi2.o)
                              c:/program files (x86)/atmel/studio/7.0/toolchain/avr8/avr8-gnu-toolchain/bin/../lib/gcc/avr/4.9.2/avrxmega6\libgcc.a(_divmodsi4.o) (__negsi2)
c:/program files (x86)/atmel/studio/7.0/toolchain/avr8/avr8-gnu-toolchain/bin/../lib/gcc/avr/4.9.2/avrxmega6\libgcc.a(_exit.o)
                              C:/Program Files (x86)/Atmel/Studio/7.0/Packs/atmel/XMEGAA_DFP/1.0.36/gcc/dev/atxmega128a3/avrxmega6/crtatxmega128a3.o (exit)
c:/program files (x86)/atmel/studio/7.0/toolchain/avr8/avr8-gnu-toolchain/bin/../lib/gcc/avr/4.9.2/avrxmega6\libgcc.a(_tablejump2.o)
                              CLaserControlApp.o (__tablejump2__)
c:/program files (x86)/atmel/studio/7.0/toolchain/avr8/avr8-gnu-toolchain/bin/../lib/gcc/avr/4.9.2/avrxmega6\libgcc.a(_copy_data.o)
                              CDGUSUSART.o (__do_copy_data)
c:/program files (x86)/atmel/studio/7.0/toolchain/avr8/avr8-gnu-toolchain/bin/../lib/gcc/avr/4.9.2/avrxmega6\libgcc.a(_clear_bss.o)
                              CLaserControlApp.o (__do_clear_bss)
c:/program files (x86)/atmel/studio/7.0/toolchain/avr8/avr8-gnu-toolchain/bin/../lib/gcc/avr/4.9.2/avrxmega6\libgcc.a(_ctors.o)
                              CLaserControlApp.o (__do_global_ctors)
c:/program files (x86)/atmel/studio/7.0/toolchain/avr8/avr8-gnu-toolchain/bin/../lib/gcc/avr/4.9.2/avrxmega6\libgcc.a(_dtors.o)
                              CLaserControlApp.o (__do_global_dtors)
c:/program files (x86)/atmel/studio/7.0/toolchain/avr8/avr8-gnu-toolchain/bin/../lib/gcc/avr/4.9.2/avrxmega6\libgcc.a(_umulhisi3.o)
                              main.o (__umulhisi3)
c:/program files (x86)/atmel/studio/7.0/toolchain/avr8/avr8-gnu-toolchain/bin/../lib/gcc/avr/4.9.2/avrxmega6\libgcc.a(_udivmodsi4.o)
                              c:/program files (x86)/atmel/studio/7.0/toolchain/avr8/avr8-gnu-toolchain/bin/../lib/gcc/avr/4.9.2/avrxmega6\libgcc.a(_divmodsi4.o) (__udivmodsi4)
c:/program files (x86)/atmel/studio/7.0/toolchain/avr8/avr8-gnu-toolchain/bin/../lib/gcc/avr/4.9.2/../../../../avr/lib/avrxmega6\libc.a(malloc.o)
                              LaserLib/CSPI.o (malloc)
c:/program files (x86)/atmel/studio/7.0/toolchain/avr8/avr8-gnu-toolchain/bin/../lib/gcc/avr/4.9.2/../../../../avr/lib/avrxmega6\libc.a(memcpy.o)
                              LaserLib/CSPI.o (memcpy)

Allocating common symbols
Common symbol       size              file

__brkval            0x2               c:/program files (x86)/atmel/studio/7.0/toolchain/avr8/avr8-gnu-toolchain/bin/../lib/gcc/avr/4.9.2/../../../../avr/lib/avrxmega6\libc.a(malloc.o)
__flp               0x2               c:/program files (x86)/atmel/studio/7.0/toolchain/avr8/avr8-gnu-toolchain/bin/../lib/gcc/avr/4.9.2/../../../../avr/lib/avrxmega6\libc.a(malloc.o)

Discarded input sections

 .data          0x00000000        0x0 C:/Program Files (x86)/Atmel/Studio/7.0/Packs/atmel/XMEGAA_DFP/1.0.36/gcc/dev/atxmega128a3/avrxmega6/crtatxmega128a3.o
 .bss           0x00000000        0x0 C:/Program Files (x86)/Atmel/Studio/7.0/Packs/atmel/XMEGAA_DFP/1.0.36/gcc/dev/atxmega128a3/avrxmega6/crtatxmega128a3.o
 .group         0x00000000        0x8 CDGUSUSART.o
 .text          0x00000000        0x0 CDGUSUSART.o
 .data          0x00000000        0x0 CDGUSUSART.o
 .bss           0x00000000        0x0 CDGUSUSART.o
 .data.bsupport_table
                0x00000000       0x20 CDGUSUSART.o
 .text          0x00000000        0x0 CLaserBoard.o
 .data          0x00000000        0x0 CLaserBoard.o
 .bss           0x00000000        0x0 CLaserBoard.o
 .group         0x00000000        0x8 CLaserControlApp.o
 .text          0x00000000        0x0 CLaserControlApp.o
 .data          0x00000000        0x0 CLaserControlApp.o
 .bss           0x00000000        0x0 CLaserControlApp.o
 .text._Z4swapj
                0x00000000        0x8 CLaserControlApp.o
 .text._Z3minjj
                0x00000000        0xa CLaserControlApp.o
 .text._Z3maxjj
                0x00000000        0xa CLaserControlApp.o
 .text          0x00000000        0x0 CSoundPlayer.o
 .data          0x00000000        0x0 CSoundPlayer.o
 .bss           0x00000000        0x0 CSoundPlayer.o
 .group         0x00000000        0x8 CTimerC.o
 .text          0x00000000        0x0 CTimerC.o
 .data          0x00000000        0x0 CTimerC.o
 .bss           0x00000000        0x0 CTimerC.o
 .text          0x00000000        0x0 LaserLib/CSPI.o
 .data          0x00000000        0x0 LaserLib/CSPI.o
 .bss           0x00000000        0x0 LaserLib/CSPI.o
 .text._ZN4CSPI12DeinitializeEv
                0x00000000        0xc LaserLib/CSPI.o
 .text._ZN4CSPI4SendEPhj
                0x00000000       0x40 LaserLib/CSPI.o
 .text._ZN4CSPI8SendByteEh
                0x00000000        0x6 LaserLib/CSPI.o
 .group         0x00000000        0x8 LaserLib/CTimer.o
 .text          0x00000000        0x0 LaserLib/CTimer.o
 .data          0x00000000        0x0 LaserLib/CTimer.o
 .bss           0x00000000        0x0 LaserLib/CTimer.o
 .group         0x00000000        0x8 LaserLib/CUSART.o
 .text          0x00000000        0x0 LaserLib/CUSART.o
 .data          0x00000000        0x0 LaserLib/CUSART.o
 .bss           0x00000000        0x0 LaserLib/CUSART.o
 .text          0x00000000        0x0 LaserLib/intx128.o
 .data          0x00000000        0x0 LaserLib/intx128.o
 .bss           0x00000000        0x0 LaserLib/intx128.o
 .text          0x00000000        0x0 main.o
 .data          0x00000000        0x0 main.o
 .bss           0x00000000        0x0 main.o
 .group         0x00000000        0x8 MODBUS/CMBProtocol.o
 .text          0x00000000        0x0 MODBUS/CMBProtocol.o
 .data          0x00000000        0x0 MODBUS/CMBProtocol.o
 .bss           0x00000000        0x0 MODBUS/CMBProtocol.o
 .rodata._ZTV16CMBEventsHandler
                0x00000000       0x16 MODBUS/CMBProtocol.o
 .group         0x00000000        0x8 MODBUS/CMBSender.o
 .text          0x00000000        0x0 MODBUS/CMBSender.o
 .data          0x00000000        0x0 MODBUS/CMBSender.o
 .bss           0x00000000        0x0 MODBUS/CMBSender.o
 .text._ZN9CMBSender12DeinitializeEv
                0x00000000       0x1c MODBUS/CMBSender.o
 .text._ZN9CMBSender19WriteDataToRegisterEhPhh
                0x00000000       0x6a MODBUS/CMBSender.o
 .text._ZN9CMBSender15WriteDataToSRAMEjPjj
                0x00000000       0x6a MODBUS/CMBSender.o
 .text._ZN9CMBSender9OnTimeoutEv
                0x00000000        0xe MODBUS/CMBSender.o
 .text._ZN9CMBSender18StopMODBUSListenerEv
                0x00000000        0x8 MODBUS/CMBSender.o
 .text._ZN9CMBSender21StopMODBUSTransmitterEv
                0x00000000        0x8 MODBUS/CMBSender.o
 .text          0x00000000        0x0 c:/program files (x86)/atmel/studio/7.0/toolchain/avr8/avr8-gnu-toolchain/bin/../lib/gcc/avr/4.9.2/avrxmega6\libgcc.a(_divmodsi4.o)
 .data          0x00000000        0x0 c:/program files (x86)/atmel/studio/7.0/toolchain/avr8/avr8-gnu-toolchain/bin/../lib/gcc/avr/4.9.2/avrxmega6\libgcc.a(_divmodsi4.o)
 .bss           0x00000000        0x0 c:/program files (x86)/atmel/studio/7.0/toolchain/avr8/avr8-gnu-toolchain/bin/../lib/gcc/avr/4.9.2/avrxmega6\libgcc.a(_divmodsi4.o)
 .text.libgcc.mul
                0x00000000        0x0 c:/program files (x86)/atmel/studio/7.0/toolchain/avr8/avr8-gnu-toolchain/bin/../lib/gcc/avr/4.9.2/avrxmega6\libgcc.a(_divmodsi4.o)
 .text.libgcc   0x00000000        0x0 c:/program files (x86)/atmel/studio/7.0/toolchain/avr8/avr8-gnu-toolchain/bin/../lib/gcc/avr/4.9.2/avrxmega6\libgcc.a(_divmodsi4.o)
 .text.libgcc.prologue
                0x00000000        0x0 c:/program files (x86)/atmel/studio/7.0/toolchain/avr8/avr8-gnu-toolchain/bin/../lib/gcc/avr/4.9.2/avrxmega6\libgcc.a(_divmodsi4.o)
 .text.libgcc.builtins
                0x00000000        0x0 c:/program files (x86)/atmel/studio/7.0/toolchain/avr8/avr8-gnu-toolchain/bin/../lib/gcc/avr/4.9.2/avrxmega6\libgcc.a(_divmodsi4.o)
 .text.libgcc.fmul
                0x00000000        0x0 c:/program files (x86)/atmel/studio/7.0/toolchain/avr8/avr8-gnu-toolchain/bin/../lib/gcc/avr/4.9.2/avrxmega6\libgcc.a(_divmodsi4.o)
 .text.libgcc.fixed
                0x00000000        0x0 c:/program files (x86)/atmel/studio/7.0/toolchain/avr8/avr8-gnu-toolchain/bin/../lib/gcc/avr/4.9.2/avrxmega6\libgcc.a(_divmodsi4.o)
 .text          0x00000000        0x0 c:/program files (x86)/atmel/studio/7.0/toolchain/avr8/avr8-gnu-toolchain/bin/../lib/gcc/avr/4.9.2/avrxmega6\libgcc.a(_negsi2.o)
 .data          0x00000000        0x0 c:/program files (x86)/atmel/studio/7.0/toolchain/avr8/avr8-gnu-toolchain/bin/../lib/gcc/avr/4.9.2/avrxmega6\libgcc.a(_negsi2.o)
 .bss           0x00000000        0x0 c:/program files (x86)/atmel/studio/7.0/toolchain/avr8/avr8-gnu-toolchain/bin/../lib/gcc/avr/4.9.2/avrxmega6\libgcc.a(_negsi2.o)
 .text.libgcc.mul
                0x00000000        0x0 c:/program files (x86)/atmel/studio/7.0/toolchain/avr8/avr8-gnu-toolchain/bin/../lib/gcc/avr/4.9.2/avrxmega6\libgcc.a(_negsi2.o)
 .text.libgcc   0x00000000        0x0 c:/program files (x86)/atmel/studio/7.0/toolchain/avr8/avr8-gnu-toolchain/bin/../lib/gcc/avr/4.9.2/avrxmega6\libgcc.a(_negsi2.o)
 .text.libgcc.prologue
                0x00000000        0x0 c:/program files (x86)/atmel/studio/7.0/toolchain/avr8/avr8-gnu-toolchain/bin/../lib/gcc/avr/4.9.2/avrxmega6\libgcc.a(_negsi2.o)
 .text.libgcc.builtins
                0x00000000        0x0 c:/program files (x86)/atmel/studio/7.0/toolchain/avr8/avr8-gnu-toolchain/bin/../lib/gcc/avr/4.9.2/avrxmega6\libgcc.a(_negsi2.o)
 .text.libgcc.fmul
                0x00000000        0x0 c:/program files (x86)/atmel/studio/7.0/toolchain/avr8/avr8-gnu-toolchain/bin/../lib/gcc/avr/4.9.2/avrxmega6\libgcc.a(_negsi2.o)
 .text.libgcc.fixed
                0x00000000        0x0 c:/program files (x86)/atmel/studio/7.0/toolchain/avr8/avr8-gnu-toolchain/bin/../lib/gcc/avr/4.9.2/avrxmega6\libgcc.a(_negsi2.o)
 .text          0x00000000        0x0 c:/program files (x86)/atmel/studio/7.0/toolchain/avr8/avr8-gnu-toolchain/bin/../lib/gcc/avr/4.9.2/avrxmega6\libgcc.a(_exit.o)
 .data          0x00000000        0x0 c:/program files (x86)/atmel/studio/7.0/toolchain/avr8/avr8-gnu-toolchain/bin/../lib/gcc/avr/4.9.2/avrxmega6\libgcc.a(_exit.o)
 .bss           0x00000000        0x0 c:/program files (x86)/atmel/studio/7.0/toolchain/avr8/avr8-gnu-toolchain/bin/../lib/gcc/avr/4.9.2/avrxmega6\libgcc.a(_exit.o)
 .text.libgcc.mul
                0x00000000        0x0 c:/program files (x86)/atmel/studio/7.0/toolchain/avr8/avr8-gnu-toolchain/bin/../lib/gcc/avr/4.9.2/avrxmega6\libgcc.a(_exit.o)
 .text.libgcc.div
                0x00000000        0x0 c:/program files (x86)/atmel/studio/7.0/toolchain/avr8/avr8-gnu-toolchain/bin/../lib/gcc/avr/4.9.2/avrxmega6\libgcc.a(_exit.o)
 .text.libgcc   0x00000000        0x0 c:/program files (x86)/atmel/studio/7.0/toolchain/avr8/avr8-gnu-toolchain/bin/../lib/gcc/avr/4.9.2/avrxmega6\libgcc.a(_exit.o)
 .text.libgcc.prologue
                0x00000000        0x0 c:/program files (x86)/atmel/studio/7.0/toolchain/avr8/avr8-gnu-toolchain/bin/../lib/gcc/avr/4.9.2/avrxmega6\libgcc.a(_exit.o)
 .text.libgcc.builtins
                0x00000000        0x0 c:/program files (x86)/atmel/studio/7.0/toolchain/avr8/avr8-gnu-toolchain/bin/../lib/gcc/avr/4.9.2/avrxmega6\libgcc.a(_exit.o)
 .text.libgcc.fmul
                0x00000000        0x0 c:/program files (x86)/atmel/studio/7.0/toolchain/avr8/avr8-gnu-toolchain/bin/../lib/gcc/avr/4.9.2/avrxmega6\libgcc.a(_exit.o)
 .text.libgcc.fixed
                0x00000000        0x0 c:/program files (x86)/atmel/studio/7.0/toolchain/avr8/avr8-gnu-toolchain/bin/../lib/gcc/avr/4.9.2/avrxmega6\libgcc.a(_exit.o)
 .text          0x00000000        0x0 c:/program files (x86)/atmel/studio/7.0/toolchain/avr8/avr8-gnu-toolchain/bin/../lib/gcc/avr/4.9.2/avrxmega6\libgcc.a(_tablejump2.o)
 .data          0x00000000        0x0 c:/program files (x86)/atmel/studio/7.0/toolchain/avr8/avr8-gnu-toolchain/bin/../lib/gcc/avr/4.9.2/avrxmega6\libgcc.a(_tablejump2.o)
 .bss           0x00000000        0x0 c:/program files (x86)/atmel/studio/7.0/toolchain/avr8/avr8-gnu-toolchain/bin/../lib/gcc/avr/4.9.2/avrxmega6\libgcc.a(_tablejump2.o)
 .text.libgcc.mul
                0x00000000        0x0 c:/program files (x86)/atmel/studio/7.0/toolchain/avr8/avr8-gnu-toolchain/bin/../lib/gcc/avr/4.9.2/avrxmega6\libgcc.a(_tablejump2.o)
 .text.libgcc.div
                0x00000000        0x0 c:/program files (x86)/atmel/studio/7.0/toolchain/avr8/avr8-gnu-toolchain/bin/../lib/gcc/avr/4.9.2/avrxmega6\libgcc.a(_tablejump2.o)
 .text.libgcc.prologue
                0x00000000        0x0 c:/program files (x86)/atmel/studio/7.0/toolchain/avr8/avr8-gnu-toolchain/bin/../lib/gcc/avr/4.9.2/avrxmega6\libgcc.a(_tablejump2.o)
 .text.libgcc.builtins
                0x00000000        0x0 c:/program files (x86)/atmel/studio/7.0/toolchain/avr8/avr8-gnu-toolchain/bin/../lib/gcc/avr/4.9.2/avrxmega6\libgcc.a(_tablejump2.o)
 .text.libgcc.fmul
                0x00000000        0x0 c:/program files (x86)/atmel/studio/7.0/toolchain/avr8/avr8-gnu-toolchain/bin/../lib/gcc/avr/4.9.2/avrxmega6\libgcc.a(_tablejump2.o)
 .text.libgcc.fixed
                0x00000000        0x0 c:/program files (x86)/atmel/studio/7.0/toolchain/avr8/avr8-gnu-toolchain/bin/../lib/gcc/avr/4.9.2/avrxmega6\libgcc.a(_tablejump2.o)
 .text          0x00000000        0x0 c:/program files (x86)/atmel/studio/7.0/toolchain/avr8/avr8-gnu-toolchain/bin/../lib/gcc/avr/4.9.2/avrxmega6\libgcc.a(_copy_data.o)
 .data          0x00000000        0x0 c:/program files (x86)/atmel/studio/7.0/toolchain/avr8/avr8-gnu-toolchain/bin/../lib/gcc/avr/4.9.2/avrxmega6\libgcc.a(_copy_data.o)
 .bss           0x00000000        0x0 c:/program files (x86)/atmel/studio/7.0/toolchain/avr8/avr8-gnu-toolchain/bin/../lib/gcc/avr/4.9.2/avrxmega6\libgcc.a(_copy_data.o)
 .text.libgcc.mul
                0x00000000        0x0 c:/program files (x86)/atmel/studio/7.0/toolchain/avr8/avr8-gnu-toolchain/bin/../lib/gcc/avr/4.9.2/avrxmega6\libgcc.a(_copy_data.o)
 .text.libgcc.div
                0x00000000        0x0 c:/program files (x86)/atmel/studio/7.0/toolchain/avr8/avr8-gnu-toolchain/bin/../lib/gcc/avr/4.9.2/avrxmega6\libgcc.a(_copy_data.o)
 .text.libgcc   0x00000000        0x0 c:/program files (x86)/atmel/studio/7.0/toolchain/avr8/avr8-gnu-toolchain/bin/../lib/gcc/avr/4.9.2/avrxmega6\libgcc.a(_copy_data.o)
 .text.libgcc.prologue
                0x00000000        0x0 c:/program files (x86)/atmel/studio/7.0/toolchain/avr8/avr8-gnu-toolchain/bin/../lib/gcc/avr/4.9.2/avrxmega6\libgcc.a(_copy_data.o)
 .text.libgcc.builtins
                0x00000000        0x0 c:/program files (x86)/atmel/studio/7.0/toolchain/avr8/avr8-gnu-toolchain/bin/../lib/gcc/avr/4.9.2/avrxmega6\libgcc.a(_copy_data.o)
 .text.libgcc.fmul
                0x00000000        0x0 c:/program files (x86)/atmel/studio/7.0/toolchain/avr8/avr8-gnu-toolchain/bin/../lib/gcc/avr/4.9.2/avrxmega6\libgcc.a(_copy_data.o)
 .text.libgcc.fixed
                0x00000000        0x0 c:/program files (x86)/atmel/studio/7.0/toolchain/avr8/avr8-gnu-toolchain/bin/../lib/gcc/avr/4.9.2/avrxmega6\libgcc.a(_copy_data.o)
 .text          0x00000000        0x0 c:/program files (x86)/atmel/studio/7.0/toolchain/avr8/avr8-gnu-toolchain/bin/../lib/gcc/avr/4.9.2/avrxmega6\libgcc.a(_clear_bss.o)
 .data          0x00000000        0x0 c:/program files (x86)/atmel/studio/7.0/toolchain/avr8/avr8-gnu-toolchain/bin/../lib/gcc/avr/4.9.2/avrxmega6\libgcc.a(_clear_bss.o)
 .bss           0x00000000        0x0 c:/program files (x86)/atmel/studio/7.0/toolchain/avr8/avr8-gnu-toolchain/bin/../lib/gcc/avr/4.9.2/avrxmega6\libgcc.a(_clear_bss.o)
 .text.libgcc.mul
                0x00000000        0x0 c:/program files (x86)/atmel/studio/7.0/toolchain/avr8/avr8-gnu-toolchain/bin/../lib/gcc/avr/4.9.2/avrxmega6\libgcc.a(_clear_bss.o)
 .text.libgcc.div
                0x00000000        0x0 c:/program files (x86)/atmel/studio/7.0/toolchain/avr8/avr8-gnu-toolchain/bin/../lib/gcc/avr/4.9.2/avrxmega6\libgcc.a(_clear_bss.o)
 .text.libgcc   0x00000000        0x0 c:/program files (x86)/atmel/studio/7.0/toolchain/avr8/avr8-gnu-toolchain/bin/../lib/gcc/avr/4.9.2/avrxmega6\libgcc.a(_clear_bss.o)
 .text.libgcc.prologue
                0x00000000        0x0 c:/program files (x86)/atmel/studio/7.0/toolchain/avr8/avr8-gnu-toolchain/bin/../lib/gcc/avr/4.9.2/avrxmega6\libgcc.a(_clear_bss.o)
 .text.libgcc.builtins
                0x00000000        0x0 c:/program files (x86)/atmel/studio/7.0/toolchain/avr8/avr8-gnu-toolchain/bin/../lib/gcc/avr/4.9.2/avrxmega6\libgcc.a(_clear_bss.o)
 .text.libgcc.fmul
                0x00000000        0x0 c:/program files (x86)/atmel/studio/7.0/toolchain/avr8/avr8-gnu-toolchain/bin/../lib/gcc/avr/4.9.2/avrxmega6\libgcc.a(_clear_bss.o)
 .text.libgcc.fixed
                0x00000000        0x0 c:/program files (x86)/atmel/studio/7.0/toolchain/avr8/avr8-gnu-toolchain/bin/../lib/gcc/avr/4.9.2/avrxmega6\libgcc.a(_clear_bss.o)
 .text          0x00000000        0x0 c:/program files (x86)/atmel/studio/7.0/toolchain/avr8/avr8-gnu-toolchain/bin/../lib/gcc/avr/4.9.2/avrxmega6\libgcc.a(_ctors.o)
 .data          0x00000000        0x0 c:/program files (x86)/atmel/studio/7.0/toolchain/avr8/avr8-gnu-toolchain/bin/../lib/gcc/avr/4.9.2/avrxmega6\libgcc.a(_ctors.o)
 .bss           0x00000000        0x0 c:/program files (x86)/atmel/studio/7.0/toolchain/avr8/avr8-gnu-toolchain/bin/../lib/gcc/avr/4.9.2/avrxmega6\libgcc.a(_ctors.o)
 .text.libgcc.mul
                0x00000000        0x0 c:/program files (x86)/atmel/studio/7.0/toolchain/avr8/avr8-gnu-toolchain/bin/../lib/gcc/avr/4.9.2/avrxmega6\libgcc.a(_ctors.o)
 .text.libgcc.div
                0x00000000        0x0 c:/program files (x86)/atmel/studio/7.0/toolchain/avr8/avr8-gnu-toolchain/bin/../lib/gcc/avr/4.9.2/avrxmega6\libgcc.a(_ctors.o)
 .text.libgcc   0x00000000        0x0 c:/program files (x86)/atmel/studio/7.0/toolchain/avr8/avr8-gnu-toolchain/bin/../lib/gcc/avr/4.9.2/avrxmega6\libgcc.a(_ctors.o)
 .text.libgcc.prologue
                0x00000000        0x0 c:/program files (x86)/atmel/studio/7.0/toolchain/avr8/avr8-gnu-toolchain/bin/../lib/gcc/avr/4.9.2/avrxmega6\libgcc.a(_ctors.o)
 .text.libgcc.builtins
                0x00000000        0x0 c:/program files (x86)/atmel/studio/7.0/toolchain/avr8/avr8-gnu-toolchain/bin/../lib/gcc/avr/4.9.2/avrxmega6\libgcc.a(_ctors.o)
 .text.libgcc.fmul
                0x00000000        0x0 c:/program files (x86)/atmel/studio/7.0/toolchain/avr8/avr8-gnu-toolchain/bin/../lib/gcc/avr/4.9.2/avrxmega6\libgcc.a(_ctors.o)
 .text.libgcc.fixed
                0x00000000        0x0 c:/program files (x86)/atmel/studio/7.0/toolchain/avr8/avr8-gnu-toolchain/bin/../lib/gcc/avr/4.9.2/avrxmega6\libgcc.a(_ctors.o)
 .text          0x00000000        0x0 c:/program files (x86)/atmel/studio/7.0/toolchain/avr8/avr8-gnu-toolchain/bin/../lib/gcc/avr/4.9.2/avrxmega6\libgcc.a(_dtors.o)
 .data          0x00000000        0x0 c:/program files (x86)/atmel/studio/7.0/toolchain/avr8/avr8-gnu-toolchain/bin/../lib/gcc/avr/4.9.2/avrxmega6\libgcc.a(_dtors.o)
 .bss           0x00000000        0x0 c:/program files (x86)/atmel/studio/7.0/toolchain/avr8/avr8-gnu-toolchain/bin/../lib/gcc/avr/4.9.2/avrxmega6\libgcc.a(_dtors.o)
 .text.libgcc.mul
                0x00000000        0x0 c:/program files (x86)/atmel/studio/7.0/toolchain/avr8/avr8-gnu-toolchain/bin/../lib/gcc/avr/4.9.2/avrxmega6\libgcc.a(_dtors.o)
 .text.libgcc.div
                0x00000000        0x0 c:/program files (x86)/atmel/studio/7.0/toolchain/avr8/avr8-gnu-toolchain/bin/../lib/gcc/avr/4.9.2/avrxmega6\libgcc.a(_dtors.o)
 .text.libgcc   0x00000000        0x0 c:/program files (x86)/atmel/studio/7.0/toolchain/avr8/avr8-gnu-toolchain/bin/../lib/gcc/avr/4.9.2/avrxmega6\libgcc.a(_dtors.o)
 .text.libgcc.prologue
                0x00000000        0x0 c:/program files (x86)/atmel/studio/7.0/toolchain/avr8/avr8-gnu-toolchain/bin/../lib/gcc/avr/4.9.2/avrxmega6\libgcc.a(_dtors.o)
 .text.libgcc.builtins
                0x00000000        0x0 c:/program files (x86)/atmel/studio/7.0/toolchain/avr8/avr8-gnu-toolchain/bin/../lib/gcc/avr/4.9.2/avrxmega6\libgcc.a(_dtors.o)
 .text.libgcc.fmul
                0x00000000        0x0 c:/program files (x86)/atmel/studio/7.0/toolchain/avr8/avr8-gnu-toolchain/bin/../lib/gcc/avr/4.9.2/avrxmega6\libgcc.a(_dtors.o)
 .text.libgcc.fixed
                0x00000000        0x0 c:/program files (x86)/atmel/studio/7.0/toolchain/avr8/avr8-gnu-toolchain/bin/../lib/gcc/avr/4.9.2/avrxmega6\libgcc.a(_dtors.o)
 .text          0x00000000        0x0 c:/program files (x86)/atmel/studio/7.0/toolchain/avr8/avr8-gnu-toolchain/bin/../lib/gcc/avr/4.9.2/avrxmega6\libgcc.a(_umulhisi3.o)
 .data          0x00000000        0x0 c:/program files (x86)/atmel/studio/7.0/toolchain/avr8/avr8-gnu-toolchain/bin/../lib/gcc/avr/4.9.2/avrxmega6\libgcc.a(_umulhisi3.o)
 .bss           0x00000000        0x0 c:/program files (x86)/atmel/studio/7.0/toolchain/avr8/avr8-gnu-toolchain/bin/../lib/gcc/avr/4.9.2/avrxmega6\libgcc.a(_umulhisi3.o)
 .text.libgcc.div
                0x00000000        0x0 c:/program files (x86)/atmel/studio/7.0/toolchain/avr8/avr8-gnu-toolchain/bin/../lib/gcc/avr/4.9.2/avrxmega6\libgcc.a(_umulhisi3.o)
 .text.libgcc   0x00000000        0x0 c:/program files (x86)/atmel/studio/7.0/toolchain/avr8/avr8-gnu-toolchain/bin/../lib/gcc/avr/4.9.2/avrxmega6\libgcc.a(_umulhisi3.o)
 .text.libgcc.prologue
                0x00000000        0x0 c:/program files (x86)/atmel/studio/7.0/toolchain/avr8/avr8-gnu-toolchain/bin/../lib/gcc/avr/4.9.2/avrxmega6\libgcc.a(_umulhisi3.o)
 .text.libgcc.builtins
                0x00000000        0x0 c:/program files (x86)/atmel/studio/7.0/toolchain/avr8/avr8-gnu-toolchain/bin/../lib/gcc/avr/4.9.2/avrxmega6\libgcc.a(_umulhisi3.o)
 .text.libgcc.fmul
                0x00000000        0x0 c:/program files (x86)/atmel/studio/7.0/toolchain/avr8/avr8-gnu-toolchain/bin/../lib/gcc/avr/4.9.2/avrxmega6\libgcc.a(_umulhisi3.o)
 .text.libgcc.fixed
                0x00000000        0x0 c:/program files (x86)/atmel/studio/7.0/toolchain/avr8/avr8-gnu-toolchain/bin/../lib/gcc/avr/4.9.2/avrxmega6\libgcc.a(_umulhisi3.o)
 .text          0x00000000        0x0 c:/program files (x86)/atmel/studio/7.0/toolchain/avr8/avr8-gnu-toolchain/bin/../lib/gcc/avr/4.9.2/avrxmega6\libgcc.a(_udivmodsi4.o)
 .data          0x00000000        0x0 c:/program files (x86)/atmel/studio/7.0/toolchain/avr8/avr8-gnu-toolchain/bin/../lib/gcc/avr/4.9.2/avrxmega6\libgcc.a(_udivmodsi4.o)
 .bss           0x00000000        0x0 c:/program files (x86)/atmel/studio/7.0/toolchain/avr8/avr8-gnu-toolchain/bin/../lib/gcc/avr/4.9.2/avrxmega6\libgcc.a(_udivmodsi4.o)
 .text.libgcc.mul
                0x00000000        0x0 c:/program files (x86)/atmel/studio/7.0/toolchain/avr8/avr8-gnu-toolchain/bin/../lib/gcc/avr/4.9.2/avrxmega6\libgcc.a(_udivmodsi4.o)
 .text.libgcc   0x00000000        0x0 c:/program files (x86)/atmel/studio/7.0/toolchain/avr8/avr8-gnu-toolchain/bin/../lib/gcc/avr/4.9.2/avrxmega6\libgcc.a(_udivmodsi4.o)
 .text.libgcc.prologue
                0x00000000        0x0 c:/program files (x86)/atmel/studio/7.0/toolchain/avr8/avr8-gnu-toolchain/bin/../lib/gcc/avr/4.9.2/avrxmega6\libgcc.a(_udivmodsi4.o)
 .text.libgcc.builtins
                0x00000000        0x0 c:/program files (x86)/atmel/studio/7.0/toolchain/avr8/avr8-gnu-toolchain/bin/../lib/gcc/avr/4.9.2/avrxmega6\libgcc.a(_udivmodsi4.o)
 .text.libgcc.fmul
                0x00000000        0x0 c:/program files (x86)/atmel/studio/7.0/toolchain/avr8/avr8-gnu-toolchain/bin/../lib/gcc/avr/4.9.2/avrxmega6\libgcc.a(_udivmodsi4.o)
 .text.libgcc.fixed
                0x00000000        0x0 c:/program files (x86)/atmel/studio/7.0/toolchain/avr8/avr8-gnu-toolchain/bin/../lib/gcc/avr/4.9.2/avrxmega6\libgcc.a(_udivmodsi4.o)
 .text          0x00000000        0x0 c:/program files (x86)/atmel/studio/7.0/toolchain/avr8/avr8-gnu-toolchain/bin/../lib/gcc/avr/4.9.2/../../../../avr/lib/avrxmega6\libc.a(malloc.o)
 .bss           0x00000000        0x0 c:/program files (x86)/atmel/studio/7.0/toolchain/avr8/avr8-gnu-toolchain/bin/../lib/gcc/avr/4.9.2/../../../../avr/lib/avrxmega6\libc.a(malloc.o)
 .text          0x00000000        0x0 c:/program files (x86)/atmel/studio/7.0/toolchain/avr8/avr8-gnu-toolchain/bin/../lib/gcc/avr/4.9.2/../../../../avr/lib/avrxmega6\libc.a(memcpy.o)
 .data          0x00000000        0x0 c:/program files (x86)/atmel/studio/7.0/toolchain/avr8/avr8-gnu-toolchain/bin/../lib/gcc/avr/4.9.2/../../../../avr/lib/avrxmega6\libc.a(memcpy.o)
 .bss           0x00000000        0x0 c:/program files (x86)/atmel/studio/7.0/toolchain/avr8/avr8-gnu-toolchain/bin/../lib/gcc/avr/4.9.2/../../../../avr/lib/avrxmega6\libc.a(memcpy.o)
 .text.avr-libc
                0x00000000       0x12 c:/program files (x86)/atmel/studio/7.0/toolchain/avr8/avr8-gnu-toolchain/bin/../lib/gcc/avr/4.9.2/../../../../avr/lib/avrxmega6\libc.a(memcpy.o)

Memory Configuration

Name             Origin             Length             Attributes
text             0x00000000         0x00100000         xr
data             0x00802000         0x0000ffa0         rw !x
eeprom           0x00810000         0x00010000         rw !x
fuse             0x00820000         0x00000400         rw !x
lock             0x00830000         0x00000400         rw !x
signature        0x00840000         0x00000400         rw !x
user_signatures  0x00850000         0x00000400         rw !x
*default*        0x00000000         0xffffffff

Linker script and memory map

LOAD C:/Program Files (x86)/Atmel/Studio/7.0/Packs/atmel/XMEGAA_DFP/1.0.36/gcc/dev/atxmega128a3/avrxmega6/crtatxmega128a3.o
LOAD CDGUSUSART.o
LOAD CLaserBoard.o
LOAD CLaserControlApp.o
LOAD CSoundPlayer.o
LOAD CTimerC.o
LOAD LaserLib/CSPI.o
LOAD LaserLib/CTimer.o
LOAD LaserLib/CUSART.o
LOAD LaserLib/intx128.o
LOAD main.o
LOAD MODBUS/CMBProtocol.o
LOAD MODBUS/CMBSender.o
START GROUP
LOAD c:/program files (x86)/atmel/studio/7.0/toolchain/avr8/avr8-gnu-toolchain/bin/../lib/gcc/avr/4.9.2/../../../../avr/lib/avrxmega6\libm.a
END GROUP
LOAD c:/program files (x86)/atmel/studio/7.0/toolchain/avr8/avr8-gnu-toolchain/bin/../lib/gcc/avr/4.9.2/avrxmega6\libgcc.a
LOAD c:/program files (x86)/atmel/studio/7.0/toolchain/avr8/avr8-gnu-toolchain/bin/../lib/gcc/avr/4.9.2/../../../../avr/lib/avrxmega6\libm.a
START GROUP
LOAD c:/program files (x86)/atmel/studio/7.0/toolchain/avr8/avr8-gnu-toolchain/bin/../lib/gcc/avr/4.9.2/avrxmega6\libgcc.a
LOAD c:/program files (x86)/atmel/studio/7.0/toolchain/avr8/avr8-gnu-toolchain/bin/../lib/gcc/avr/4.9.2/../../../../avr/lib/avrxmega6\libm.a
LOAD c:/program files (x86)/atmel/studio/7.0/toolchain/avr8/avr8-gnu-toolchain/bin/../lib/gcc/avr/4.9.2/../../../../avr/lib/avrxmega6\libc.a
LOAD C:/Program Files (x86)/Atmel/Studio/7.0/Packs/atmel/XMEGAA_DFP/1.0.36/gcc/dev/atxmega128a3/avrxmega6\libatxmega128a3.a
END GROUP

.hash
 *(.hash)

.dynsym
 *(.dynsym)

.dynstr
 *(.dynstr)

.gnu.version
 *(.gnu.version)

.gnu.version_d
 *(.gnu.version_d)

.gnu.version_r
 *(.gnu.version_r)

.rel.init
 *(.rel.init)

.rela.init
 *(.rela.init)

.rel.text
 *(.rel.text)
 *(.rel.text.*)
 *(.rel.gnu.linkonce.t*)

.rela.text
 *(.rela.text)
 *(.rela.text.*)
 *(.rela.gnu.linkonce.t*)

.rel.fini
 *(.rel.fini)

.rela.fini
 *(.rela.fini)

.rel.rodata
 *(.rel.rodata)
 *(.rel.rodata.*)
 *(.rel.gnu.linkonce.r*)

.rela.rodata
 *(.rela.rodata)
 *(.rela.rodata.*)
 *(.rela.gnu.linkonce.r*)

.rel.data
 *(.rel.data)
 *(.rel.data.*)
 *(.rel.gnu.linkonce.d*)

.rela.data
 *(.rela.data)
 *(.rela.data.*)
 *(.rela.gnu.linkonce.d*)

.rel.ctors
 *(.rel.ctors)

.rela.ctors
 *(.rela.ctors)

.rel.dtors
 *(.rel.dtors)

.rela.dtors
 *(.rela.dtors)

.rel.got
 *(.rel.got)

.rela.got
 *(.rela.got)

.rel.bss
 *(.rel.bss)

.rela.bss
 *(.rela.bss)

.rel.plt
 *(.rel.plt)

.rela.plt
 *(.rela.plt)

.text           0x00000000     0x43a6
 *(.vectors)
 .vectors       0x00000000      0x1e8 C:/Program Files (x86)/Atmel/Studio/7.0/Packs/atmel/XMEGAA_DFP/1.0.36/gcc/dev/atxmega128a3/avrxmega6/crtatxmega128a3.o
                0x00000000                __vector_default
                0x00000000                __vectors
 *(.vectors)
 *(.progmem.gcc*)
 .progmem.gcc_sw_table._ZN16CLaserControlApp18OnRegisterReceivedEhPhh
                0x000001e8       0x18 CLaserControlApp.o
 .progmem.gcc_sw_table._ZN16CLaserControlApp3RunEv
                0x00000200       0x10 CLaserControlApp.o
 .progmem.gcc_sw_table._ZN9CMBSender13OnReceiveByteEh
                0x00000210       0x16 MODBUS/CMBSender.o
                0x00000226                . = ALIGN (0x2)
                0x00000226                __trampolines_start = .
 *(.trampolines)
 .trampolines   0x00000226      0x11c linker stubs
 *(.trampolines*)
                0x00000342                __trampolines_end = .
 *(.progmem*)
                0x00000342                . = ALIGN (0x2)
 *(.jumptables)
 *(.jumptables*)
 *(.lowtext)
 *(.lowtext*)
                0x00000342                __ctors_start = .
 *(.ctors)
 .ctors         0x00000342        0x2 CLaserControlApp.o
 .ctors         0x00000344        0x2 main.o
                0x00000346                __ctors_end = .
                0x00000346                __dtors_start = .
 *(.dtors)
 .dtors         0x00000346        0x2 CLaserControlApp.o
 .dtors         0x00000348        0x2 main.o
                0x0000034a                __dtors_end = .
 SORT(*)(.ctors)
 SORT(*)(.dtors)
 *(.init0)
 .init0         0x0000034a        0x0 C:/Program Files (x86)/Atmel/Studio/7.0/Packs/atmel/XMEGAA_DFP/1.0.36/gcc/dev/atxmega128a3/avrxmega6/crtatxmega128a3.o
                0x0000034a                __init
 *(.init0)
 *(.init1)
 *(.init1)
 *(.init2)
 .init2         0x0000034a       0x10 C:/Program Files (x86)/Atmel/Studio/7.0/Packs/atmel/XMEGAA_DFP/1.0.36/gcc/dev/atxmega128a3/avrxmega6/crtatxmega128a3.o
 *(.init2)
 *(.init3)
 *(.init3)
 *(.init4)
 .init4         0x0000035a       0x1a c:/program files (x86)/atmel/studio/7.0/toolchain/avr8/avr8-gnu-toolchain/bin/../lib/gcc/avr/4.9.2/avrxmega6\libgcc.a(_copy_data.o)
                0x0000035a                __do_copy_data
 .init4         0x00000374       0x10 c:/program files (x86)/atmel/studio/7.0/toolchain/avr8/avr8-gnu-toolchain/bin/../lib/gcc/avr/4.9.2/avrxmega6\libgcc.a(_clear_bss.o)
                0x00000374                __do_clear_bss
 *(.init4)
 *(.init5)
 *(.init5)
 *(.init6)
 .init6         0x00000384       0x20 c:/program files (x86)/atmel/studio/7.0/toolchain/avr8/avr8-gnu-toolchain/bin/../lib/gcc/avr/4.9.2/avrxmega6\libgcc.a(_ctors.o)
                0x00000384                __do_global_ctors
 *(.init6)
 *(.init7)
 *(.init7)
 *(.init8)
 *(.init8)
 *(.init9)
 .init9         0x000003a4        0x8 C:/Program Files (x86)/Atmel/Studio/7.0/Packs/atmel/XMEGAA_DFP/1.0.36/gcc/dev/atxmega128a3/avrxmega6/crtatxmega128a3.o
 *(.init9)
 *(.text)
 .text          0x000003ac        0x4 C:/Program Files (x86)/Atmel/Studio/7.0/Packs/atmel/XMEGAA_DFP/1.0.36/gcc/dev/atxmega128a3/avrxmega6/crtatxmega128a3.o
                0x000003ac                __vector_75
                0x000003ac                __vector_102
                0x000003ac                __bad_interrupt
                0x000003ac                __vector_114
                0x000003ac                __vector_117
                0x000003ac                __vector_107
                0x000003ac                __vector_98
                0x000003ac                __vector_99
                0x000003ac                __vector_100
                0x000003ac                __vector_101
                0x000003ac                __vector_76
                0x000003ac                __vector_115
                0x000003ac                __vector_95
                0x000003ac                __vector_103
                0x000003ac                __vector_96
                0x000003ac                __vector_106
                0x000003ac                __vector_118
                0x000003ac                __vector_94
                0x000003ac                __vector_116
                0x000003ac                __vector_97
                0x000003b0                . = ALIGN (0x2)
 *(.text.*)
 .text._ZN10CDGUSUSART10InitializeE13BAUDRATE_ENUM11PARITY_ENUM12STOBITS_ENUMb
                0x000003b0       0x76 CDGUSUSART.o
                0x000003b0                _ZN10CDGUSUSART10InitializeE13BAUDRATE_ENUM11PARITY_ENUM12STOBITS_ENUMb
 .text._ZN10CDGUSUSART15GetReceivedByteEv
                0x00000426        0x6 CDGUSUSART.o
                0x00000426                _ZN10CDGUSUSART15GetReceivedByteEv
 .text._ZN10CDGUSUSART19SetTransmittingByteEh
                0x0000042c        0x6 CDGUSUSART.o
                0x0000042c                _ZN10CDGUSUSART19SetTransmittingByteEh
 .text._ZN10CDGUSUSART14IsTransmittingEv
                0x00000432       0x10 CDGUSUSART.o
                0x00000432                _ZN10CDGUSUSART14IsTransmittingEv
 .text._ZN10CDGUSUSART11IsReceivingEv
                0x00000442        0xe CDGUSUSART.o
                0x00000442                _ZN10CDGUSUSART11IsReceivingEv
 .text._ZN10CDGUSUSART11IsDataEmptyEv
                0x00000450       0x10 CDGUSUSART.o
                0x00000450                _ZN10CDGUSUSART11IsDataEmptyEv
 .text._ZN10CDGUSUSART25SetRxInterruptionCallbackEPvPFvS0_E
                0x00000460       0x12 CDGUSUSART.o
                0x00000460                _ZN10CDGUSUSART25SetRxInterruptionCallbackEPvPFvS0_E
 .text._ZN10CDGUSUSART25SetTxInterruptionCallbackEPvPFvS0_E
                0x00000472       0x12 CDGUSUSART.o
                0x00000472                _ZN10CDGUSUSART25SetTxInterruptionCallbackEPvPFvS0_E
 .text._ZN10CDGUSUSART12SetDMARxTrigEP13DMA_CH_struct
                0x00000484       0x12 CDGUSUSART.o
                0x00000484                _ZN10CDGUSUSART12SetDMARxTrigEP13DMA_CH_struct
 .text._ZN10CDGUSUSART12SetDMATxTrigEP13DMA_CH_struct
                0x00000496       0x12 CDGUSUSART.o
                0x00000496                _ZN10CDGUSUSART12SetDMATxTrigEP13DMA_CH_struct
 .text._ZN10CDGUSUSARTC2Ev
                0x000004a8       0x18 CDGUSUSART.o
                0x000004a8                _ZN10CDGUSUSARTC1Ev
                0x000004a8                _ZN10CDGUSUSARTC2Ev
 .text._ZN10CDGUSUSARTD2Ev
                0x000004c0       0x10 CDGUSUSART.o
                0x000004c0                _ZN10CDGUSUSARTD2Ev
                0x000004c0                _ZN10CDGUSUSARTD1Ev
 .text._ZN11CLaserBoardC2Ev
                0x000004d0        0x2 CLaserBoard.o
                0x000004d0                _ZN11CLaserBoardC1Ev
                0x000004d0                _ZN11CLaserBoardC2Ev
 .text._ZN11CLaserBoardD2Ev
                0x000004d2        0x2 CLaserBoard.o
                0x000004d2                _ZN11CLaserBoardD2Ev
                0x000004d2                _ZN11CLaserBoardD1Ev
 .text._ZN11CLaserBoard12InitializeIOEv
                0x000004d4       0x68 CLaserBoard.o
                0x000004d4                _ZN11CLaserBoard12InitializeIOEv
 .text._ZN11CLaserBoard15InitializeClockEv
                0x0000053c       0x6a CLaserBoard.o
                0x0000053c                _ZN11CLaserBoard15InitializeClockEv
 .text._ZN11CLaserBoard8Relay1OnEv
                0x000005a6        0x8 CLaserBoard.o
                0x000005a6                _ZN11CLaserBoard8Relay1OnEv
 .text._ZN11CLaserBoard8Relay2OnEv
                0x000005ae        0x8 CLaserBoard.o
                0x000005ae                _ZN11CLaserBoard8Relay2OnEv
 .text._ZN11CLaserBoard9Relay1OffEv
                0x000005b6        0x8 CLaserBoard.o
                0x000005b6                _ZN11CLaserBoard9Relay1OffEv
 .text._ZN11CLaserBoard9Relay2OffEv
                0x000005be        0x8 CLaserBoard.o
                0x000005be                _ZN11CLaserBoard9Relay2OffEv
 .text._ZN11CLaserBoard4BeepEv
                0x000005c6       0x30 CLaserBoard.o
                0x000005c6                _ZN11CLaserBoard4BeepEv
 .text._ZN11CLaserBoard14BeepClassErrorEv
                0x000005f6       0x54 CLaserBoard.o
                0x000005f6                _ZN11CLaserBoard14BeepClassErrorEv
 .text._ZN16CLaserControlApp21OnTransactionCallbackEPhj
                0x0000064a        0x2 CLaserControlApp.o
                0x0000064a                _ZN16CLaserControlApp21OnTransactionCallbackEPhj
 .text._ZN16CLaserControlApp18OnRegisterReceivedEhPhh
                0x0000064c       0x62 CLaserControlApp.o
                0x0000064c                _ZN16CLaserControlApp18OnRegisterReceivedEhPhh
 .text._ZN16CLaserControlApp18OnVariableReceivedEjPjj
                0x000006ae       0x46 CLaserControlApp.o
                0x000006ae                _ZN16CLaserControlApp18OnVariableReceivedEjPjj
 .text._ZN16CLaserControlAppC2Ev
                0x000006f4        0xc CLaserControlApp.o
                0x000006f4                _ZN16CLaserControlAppC2Ev
                0x000006f4                _ZN16CLaserControlAppC1Ev
 .text._ZN16CLaserControlAppD2Ev
                0x00000700       0x10 CLaserControlApp.o
                0x00000700                _ZN16CLaserControlAppD2Ev
                0x00000700                _ZN16CLaserControlAppD1Ev
 .text._ZN16CLaserControlApp5StartEv
                0x00000710      0x152 CLaserControlApp.o
                0x00000710                _ZN16CLaserControlApp5StartEv
 .text._GLOBAL__sub_I_timer
                0x00000862        0xa CLaserControlApp.o
 .text._GLOBAL__sub_D_timer
                0x0000086c        0xa CLaserControlApp.o
 .text._ZN16CLaserControlApp10InitializeEP9CMBSender
                0x00000876       0x62 CLaserControlApp.o
                0x00000876                _ZN16CLaserControlApp10InitializeEP9CMBSender
 .text._ZN16CLaserControlApp3RunEv
                0x000008d8      0x3d0 CLaserControlApp.o
                0x000008d8                _ZN16CLaserControlApp3RunEv
 .text._ZN16CLaserControlApp9OnTimeoutEv
                0x00000ca8       0x12 CLaserControlApp.o
                0x00000ca8                _ZN16CLaserControlApp9OnTimeoutEv
 .text._ZN16CLaserControlApp7OnTimerEv
                0x00000cba       0xf0 CLaserControlApp.o
                0x00000cba                _ZN16CLaserControlApp7OnTimerEv
 .text._ZN16CLaserControlApp13OnTimerStaticEPv
                0x00000daa        0x6 CLaserControlApp.o
                0x00000daa                _ZN16CLaserControlApp13OnTimerStaticEPv
 .text._ZN12CSoundPlayerC2Ev
                0x00000db0        0x2 CSoundPlayer.o
                0x00000db0                _ZN12CSoundPlayerC2Ev
                0x00000db0                _ZN12CSoundPlayerC1Ev
 .text._ZN12CSoundPlayerD2Ev
                0x00000db2        0x2 CSoundPlayer.o
                0x00000db2                _ZN12CSoundPlayerD1Ev
                0x00000db2                _ZN12CSoundPlayerD2Ev
 .text._ZN12CSoundPlayer19InitializeToneTimerEv
                0x00000db4       0x22 CSoundPlayer.o
                0x00000db4                _ZN12CSoundPlayer19InitializeToneTimerEv
 .text._ZN12CSoundPlayer23InitializeDurationTimerEv
                0x00000dd6       0x18 CSoundPlayer.o
                0x00000dd6                _ZN12CSoundPlayer23InitializeDurationTimerEv
 .text._ZN12CSoundPlayer10SoundStartEjjh
                0x00000dee       0x68 CSoundPlayer.o
                0x00000dee                _ZN12CSoundPlayer10SoundStartEjjh
 .text._ZN12CSoundPlayer9SoundStopEv
                0x00000e56       0x3c CSoundPlayer.o
                0x00000e56                _ZN12CSoundPlayer9SoundStopEv
 .text._ZN12CSoundPlayer4beepEjj
                0x00000e92       0x18 CSoundPlayer.o
                0x00000e92                _ZN12CSoundPlayer4beepEjj
 .text._ZN12CSoundPlayer10InitializeEv
                0x00000eaa       0x16 CSoundPlayer.o
                0x00000eaa                _ZN12CSoundPlayer10InitializeEv
 .text._ZN12CSoundPlayer4PlayEv
                0x00000ec0       0x9e CSoundPlayer.o
                0x00000ec0                _ZN12CSoundPlayer4PlayEv
 .text._ZN7CTimerC10InitializeE27TIMER_WAVEFORMGEN_MODE_ENUM22TIMER_CLOCKSELECT_ENUM
                0x00000f5e       0x36 CTimerC.o
                0x00000f5e                _ZN7CTimerC10InitializeE27TIMER_WAVEFORMGEN_MODE_ENUM22TIMER_CLOCKSELECT_ENUM
 .text._ZN7CTimerC5StartEj
                0x00000f94       0x1a CTimerC.o
                0x00000f94                _ZN7CTimerC5StartEj
 .text._ZN7CTimerC4StopEv
                0x00000fae       0x10 CTimerC.o
                0x00000fae                _ZN7CTimerC4StopEv
 .text._ZN7CTimerC13EnableChannelE19TIMER_CHANNELS_ENUM
                0x00000fbe        0xe CTimerC.o
                0x00000fbe                _ZN7CTimerC13EnableChannelE19TIMER_CHANNELS_ENUM
 .text._ZN7CTimerC14DisableChannelE19TIMER_CHANNELS_ENUM
                0x00000fcc        0xe CTimerC.o
                0x00000fcc                _ZN7CTimerC14DisableChannelE19TIMER_CHANNELS_ENUM
 .text._ZN7CTimerC9SetPeriodEj
                0x00000fda        0xa CTimerC.o
                0x00000fda                _ZN7CTimerC9SetPeriodEj
 .text._ZN7CTimerC8SetCOMPAEj
                0x00000fe4        0xa CTimerC.o
                0x00000fe4                _ZN7CTimerC8SetCOMPAEj
 .text._ZN7CTimerC8SetCOMPBEj
                0x00000fee        0xa CTimerC.o
                0x00000fee                _ZN7CTimerC8SetCOMPBEj
 .text._ZN7CTimerC8SetCOMPCEj
                0x00000ff8        0xa CTimerC.o
                0x00000ff8                _ZN7CTimerC8SetCOMPCEj
 .text._ZN7CTimerC8SetCOMPDEj
                0x00001002        0xa CTimerC.o
                0x00001002                _ZN7CTimerC8SetCOMPDEj
 .text._ZN7CTimerC14SetOVFCallbackEPFvPvES0_17TC_OVFINTLVL_enum
                0x0000100c       0x24 CTimerC.o
                0x0000100c                _ZN7CTimerC14SetOVFCallbackEPFvPvES0_17TC_OVFINTLVL_enum
 .text._ZN7CTimerC14SetERRCallbackEPFvPvES0_17TC_ERRINTLVL_enum
                0x00001030       0x24 CTimerC.o
                0x00001030                _ZN7CTimerC14SetERRCallbackEPFvPvES0_17TC_ERRINTLVL_enum
 .text._ZN7CTimerC16SetCOMPACallbackEPFvPvES0_17TC_CCAINTLVL_enum
                0x00001054       0x24 CTimerC.o
                0x00001054                _ZN7CTimerC16SetCOMPACallbackEPFvPvES0_17TC_CCAINTLVL_enum
 .text._ZN7CTimerC16SetCOMPBCallbackEPFvPvES0_17TC_CCBINTLVL_enum
                0x00001078       0x24 CTimerC.o
                0x00001078                _ZN7CTimerC16SetCOMPBCallbackEPFvPvES0_17TC_CCBINTLVL_enum
 .text._ZN7CTimerC16SetCOMPCCallbackEPFvPvES0_17TC_CCCINTLVL_enum
                0x0000109c       0x24 CTimerC.o
                0x0000109c                _ZN7CTimerC16SetCOMPCCallbackEPFvPvES0_17TC_CCCINTLVL_enum
 .text._ZN7CTimerC16SetCOMPDCallbackEPFvPvES0_17TC_CCDINTLVL_enum
                0x000010c0       0x24 CTimerC.o
                0x000010c0                _ZN7CTimerC16SetCOMPDCallbackEPFvPvES0_17TC_CCDINTLVL_enum
 .text._ZN7CTimerCC2Ev
                0x000010e4       0x18 CTimerC.o
                0x000010e4                _ZN7CTimerCC1Ev
                0x000010e4                _ZN7CTimerCC2Ev
 .text._ZN7CTimerCD2Ev
                0x000010fc       0x10 CTimerC.o
                0x000010fc                _ZN7CTimerCD1Ev
                0x000010fc                _ZN7CTimerCD2Ev
 .text._ZN4CSPIC2Ev
                0x0000110c        0x2 LaserLib/CSPI.o
                0x0000110c                _ZN4CSPIC2Ev
                0x0000110c                _ZN4CSPIC1Ev
 .text._ZN4CSPID2Ev
                0x0000110e        0x2 LaserLib/CSPI.o
                0x0000110e                _ZN4CSPID2Ev
                0x0000110e                _ZN4CSPID1Ev
 .text._ZN4CSPI10InitializeEb19SPI_DATA_ORDER_ENUM13SPI_MODE_ENUMb18SPI_PRESCALER_enum
                0x00001110       0x88 LaserLib/CSPI.o
                0x00001110                _ZN4CSPI10InitializeEb19SPI_DATA_ORDER_ENUM13SPI_MODE_ENUMb18SPI_PRESCALER_enum
 .text._ZN4CSPI10OnTransmitEv
                0x00001198       0x30 LaserLib/CSPI.o
                0x00001198                _ZN4CSPI10OnTransmitEv
 .text._ZN4CSPI16StaticOnTransmitEPv
                0x000011c8        0x6 LaserLib/CSPI.o
                0x000011c8                _ZN4CSPI16StaticOnTransmitEPv
 .text._ZN6CTimerC2Ev
                0x000011ce        0xc LaserLib/CTimer.o
                0x000011ce                _ZN6CTimerC1Ev
                0x000011ce                _ZN6CTimerC2Ev
 .text._ZN6CTimerD2Ev
                0x000011da        0x2 LaserLib/CTimer.o
                0x000011da                _ZN6CTimerD1Ev
                0x000011da                _ZN6CTimerD2Ev
 .text._ZN6CUSARTC2Ev
                0x000011dc        0xc LaserLib/CUSART.o
                0x000011dc                _ZN6CUSARTC2Ev
                0x000011dc                _ZN6CUSARTC1Ev
 .text._ZN6CUSARTD2Ev
                0x000011e8        0x2 LaserLib/CUSART.o
                0x000011e8                _ZN6CUSARTD1Ev
                0x000011e8                _ZN6CUSARTD2Ev
 .text.__vector_1
                0x000011ea       0x62 LaserLib/intx128.o
                0x000011ea                __vector_1
 .text.__vector_2
                0x0000124c       0x62 LaserLib/intx128.o
                0x0000124c                __vector_2
 .text.__vector_3
                0x000012ae       0x62 LaserLib/intx128.o
                0x000012ae                __vector_3
 .text.__vector_4
                0x00001310       0x62 LaserLib/intx128.o
                0x00001310                __vector_4
 .text.__vector_5
                0x00001372       0x62 LaserLib/intx128.o
                0x00001372                __vector_5
 .text.__vector_6
                0x000013d4       0x62 LaserLib/intx128.o
                0x000013d4                __vector_6
 .text.__vector_7
                0x00001436       0x62 LaserLib/intx128.o
                0x00001436                __vector_7
 .text.__vector_8
                0x00001498       0x62 LaserLib/intx128.o
                0x00001498                __vector_8
 .text.__vector_9
                0x000014fa       0x62 LaserLib/intx128.o
                0x000014fa                __vector_9
 .text.__vector_10
                0x0000155c       0x62 LaserLib/intx128.o
                0x0000155c                __vector_10
 .text.__vector_11
                0x000015be       0x62 LaserLib/intx128.o
                0x000015be                __vector_11
 .text.__vector_12
                0x00001620       0x62 LaserLib/intx128.o
                0x00001620                __vector_12
 .text.__vector_13
                0x00001682       0x62 LaserLib/intx128.o
                0x00001682                __vector_13
 .text.__vector_14
                0x000016e4       0x62 LaserLib/intx128.o
                0x000016e4                __vector_14
 .text.__vector_15
                0x00001746       0x62 LaserLib/intx128.o
                0x00001746                __vector_15
 .text.__vector_16
                0x000017a8       0x62 LaserLib/intx128.o
                0x000017a8                __vector_16
 .text.__vector_17
                0x0000180a       0x62 LaserLib/intx128.o
                0x0000180a                __vector_17
 .text.__vector_18
                0x0000186c       0x62 LaserLib/intx128.o
                0x0000186c                __vector_18
 .text.__vector_19
                0x000018ce       0x62 LaserLib/intx128.o
                0x000018ce                __vector_19
 .text.__vector_20
                0x00001930       0x62 LaserLib/intx128.o
                0x00001930                __vector_20
 .text.__vector_21
                0x00001992       0x62 LaserLib/intx128.o
                0x00001992                __vector_21
 .text.__vector_22
                0x000019f4       0x62 LaserLib/intx128.o
                0x000019f4                __vector_22
 .text.__vector_23
                0x00001a56       0x62 LaserLib/intx128.o
                0x00001a56                __vector_23
 .text.__vector_24
                0x00001ab8       0x62 LaserLib/intx128.o
                0x00001ab8                __vector_24
 .text.__vector_25
                0x00001b1a       0x62 LaserLib/intx128.o
                0x00001b1a                __vector_25
 .text.__vector_26
                0x00001b7c       0x62 LaserLib/intx128.o
                0x00001b7c                __vector_26
 .text.__vector_27
                0x00001bde       0x62 LaserLib/intx128.o
                0x00001bde                __vector_27
 .text.__vector_28
                0x00001c40       0x62 LaserLib/intx128.o
                0x00001c40                __vector_28
 .text.__vector_29
                0x00001ca2       0x62 LaserLib/intx128.o
                0x00001ca2                __vector_29
 .text.__vector_30
                0x00001d04       0x62 LaserLib/intx128.o
                0x00001d04                __vector_30
 .text.__vector_31
                0x00001d66       0x62 LaserLib/intx128.o
                0x00001d66                __vector_31
 .text.__vector_32
                0x00001dc8       0x62 LaserLib/intx128.o
                0x00001dc8                __vector_32
 .text.__vector_33
                0x00001e2a       0x62 LaserLib/intx128.o
                0x00001e2a                __vector_33
 .text.__vector_34
                0x00001e8c       0x62 LaserLib/intx128.o
                0x00001e8c                __vector_34
 .text.__vector_35
                0x00001eee       0x62 LaserLib/intx128.o
                0x00001eee                __vector_35
 .text.__vector_36
                0x00001f50       0x62 LaserLib/intx128.o
                0x00001f50                __vector_36
 .text.__vector_37
                0x00001fb2       0x62 LaserLib/intx128.o
                0x00001fb2                __vector_37
 .text.__vector_38
                0x00002014       0x62 LaserLib/intx128.o
                0x00002014                __vector_38
 .text.__vector_39
                0x00002076       0x62 LaserLib/intx128.o
                0x00002076                __vector_39
 .text.__vector_40
                0x000020d8       0x62 LaserLib/intx128.o
                0x000020d8                __vector_40
 .text.__vector_41
                0x0000213a       0x62 LaserLib/intx128.o
                0x0000213a                __vector_41
 .text.__vector_42
                0x0000219c       0x62 LaserLib/intx128.o
                0x0000219c                __vector_42
 .text.__vector_43
                0x000021fe       0x62 LaserLib/intx128.o
                0x000021fe                __vector_43
 .text.__vector_44
                0x00002260       0x62 LaserLib/intx128.o
                0x00002260                __vector_44
 .text.__vector_45
                0x000022c2       0x62 LaserLib/intx128.o
                0x000022c2                __vector_45
 .text.__vector_46
                0x00002324       0x62 LaserLib/intx128.o
                0x00002324                __vector_46
 .text.__vector_47
                0x00002386       0x62 LaserLib/intx128.o
                0x00002386                __vector_47
 .text.__vector_48
                0x000023e8       0x62 LaserLib/intx128.o
                0x000023e8                __vector_48
 .text.__vector_49
                0x0000244a       0x62 LaserLib/intx128.o
                0x0000244a                __vector_49
 .text.__vector_50
                0x000024ac       0x62 LaserLib/intx128.o
                0x000024ac                __vector_50
 .text.__vector_51
                0x0000250e       0x62 LaserLib/intx128.o
                0x0000250e                __vector_51
 .text.__vector_52
                0x00002570       0x62 LaserLib/intx128.o
                0x00002570                __vector_52
 .text.__vector_53
                0x000025d2       0x62 LaserLib/intx128.o
                0x000025d2                __vector_53
 .text.__vector_54
                0x00002634       0x62 LaserLib/intx128.o
                0x00002634                __vector_54
 .text.__vector_55
                0x00002696       0x62 LaserLib/intx128.o
                0x00002696                __vector_55
 .text.__vector_56
                0x000026f8       0x62 LaserLib/intx128.o
                0x000026f8                __vector_56
 .text.__vector_57
                0x0000275a       0x62 LaserLib/intx128.o
                0x0000275a                __vector_57
 .text.__vector_58
                0x000027bc       0x62 LaserLib/intx128.o
                0x000027bc                __vector_58
 .text.__vector_59
                0x0000281e       0x62 LaserLib/intx128.o
                0x0000281e                __vector_59
 .text.__vector_60
                0x00002880       0x62 LaserLib/intx128.o
                0x00002880                __vector_60
 .text.__vector_61
                0x000028e2       0x62 LaserLib/intx128.o
                0x000028e2                __vector_61
 .text.__vector_62
                0x00002944       0x62 LaserLib/intx128.o
                0x00002944                __vector_62
 .text.__vector_63
                0x000029a6       0x62 LaserLib/intx128.o
                0x000029a6                __vector_63
 .text.__vector_64
                0x00002a08       0x62 LaserLib/intx128.o
                0x00002a08                __vector_64
 .text.__vector_65
                0x00002a6a       0x62 LaserLib/intx128.o
                0x00002a6a                __vector_65
 .text.__vector_66
                0x00002acc       0x62 LaserLib/intx128.o
                0x00002acc                __vector_66
 .text.__vector_67
                0x00002b2e       0x62 LaserLib/intx128.o
                0x00002b2e                __vector_67
 .text.__vector_68
                0x00002b90       0x62 LaserLib/intx128.o
                0x00002b90                __vector_68
 .text.__vector_69
                0x00002bf2       0x62 LaserLib/intx128.o
                0x00002bf2                __vector_69
 .text.__vector_70
                0x00002c54       0x62 LaserLib/intx128.o
                0x00002c54                __vector_70
 .text.__vector_71
                0x00002cb6       0x62 LaserLib/intx128.o
                0x00002cb6                __vector_71
 .text.__vector_72
                0x00002d18       0x62 LaserLib/intx128.o
                0x00002d18                __vector_72
 .text.__vector_73
                0x00002d7a       0x62 LaserLib/intx128.o
                0x00002d7a                __vector_73
 .text.__vector_74
                0x00002ddc       0x62 LaserLib/intx128.o
                0x00002ddc                __vector_74
 .text.__vector_77
                0x00002e3e       0x62 LaserLib/intx128.o
                0x00002e3e                __vector_77
 .text.__vector_78
                0x00002ea0       0x62 LaserLib/intx128.o
                0x00002ea0                __vector_78
 .text.__vector_79
                0x00002f02       0x62 LaserLib/intx128.o
                0x00002f02                __vector_79
 .text.__vector_80
                0x00002f64       0x62 LaserLib/intx128.o
                0x00002f64                __vector_80
 .text.__vector_81
                0x00002fc6       0x62 LaserLib/intx128.o
                0x00002fc6                __vector_81
 .text.__vector_82
                0x00003028       0x62 LaserLib/intx128.o
                0x00003028                __vector_82
 .text.__vector_83
                0x0000308a       0x62 LaserLib/intx128.o
                0x0000308a                __vector_83
 .text.__vector_84
                0x000030ec       0x62 LaserLib/intx128.o
                0x000030ec                __vector_84
 .text.__vector_85
                0x0000314e       0x62 LaserLib/intx128.o
                0x0000314e                __vector_85
 .text.__vector_86
                0x000031b0       0x62 LaserLib/intx128.o
                0x000031b0                __vector_86
 .text.__vector_87
                0x00003212       0x62 LaserLib/intx128.o
                0x00003212                __vector_87
 .text.__vector_88
                0x00003274       0x62 LaserLib/intx128.o
                0x00003274                __vector_88
 .text.__vector_89
                0x000032d6       0x62 LaserLib/intx128.o
                0x000032d6                __vector_89
 .text.__vector_90
                0x00003338       0x62 LaserLib/intx128.o
                0x00003338                __vector_90
 .text.__vector_91
                0x0000339a       0x62 LaserLib/intx128.o
                0x0000339a                __vector_91
 .text.__vector_92
                0x000033fc       0x62 LaserLib/intx128.o
                0x000033fc                __vector_92
 .text.__vector_93
                0x0000345e       0x62 LaserLib/intx128.o
                0x0000345e                __vector_93
 .text.__vector_104
                0x000034c0       0x62 LaserLib/intx128.o
                0x000034c0                __vector_104
 .text.__vector_105
                0x00003522       0x62 LaserLib/intx128.o
                0x00003522                __vector_105
 .text.__vector_108
                0x00003584       0x62 LaserLib/intx128.o
                0x00003584                __vector_108
 .text.__vector_109
                0x000035e6       0x62 LaserLib/intx128.o
                0x000035e6                __vector_109
 .text.__vector_110
                0x00003648       0x62 LaserLib/intx128.o
                0x00003648                __vector_110
 .text.__vector_111
                0x000036aa       0x62 LaserLib/intx128.o
                0x000036aa                __vector_111
 .text.__vector_112
                0x0000370c       0x62 LaserLib/intx128.o
                0x0000370c                __vector_112
 .text.__vector_113
                0x0000376e       0x62 LaserLib/intx128.o
                0x0000376e                __vector_113
 .text.__vector_119
                0x000037d0       0x62 LaserLib/intx128.o
                0x000037d0                __vector_119
 .text.__vector_120
                0x00003832       0x62 LaserLib/intx128.o
                0x00003832                __vector_120
 .text.__vector_121
                0x00003894       0x62 LaserLib/intx128.o
                0x00003894                __vector_121
 .text.__cxa_pure_virtual
                0x000038f6        0x6 main.o
                0x000038f6                __cxa_pure_virtual
 .text._GLOBAL__sub_I_dacSPI
                0x000038fc       0x32 main.o
 .text._GLOBAL__sub_D_dacSPI
                0x0000392e       0x32 main.o
 .text._Z16SystemInitializev
                0x00003960       0x76 main.o
                0x00003960                _Z16SystemInitializev
 .text.main     0x000039d6       0x6a main.o
                0x000039d6                main
 .text._ZN16CMBEventsHandler13FillRegDataTxEhPhh
                0x00003a40       0x62 MODBUS/CMBProtocol.o
                0x00003a40                _ZN16CMBEventsHandler13FillRegDataTxEhPhh
 .text._ZN16CMBEventsHandler13FillRegDataRqEhh
                0x00003aa2       0x3e MODBUS/CMBProtocol.o
                0x00003aa2                _ZN16CMBEventsHandler13FillRegDataRqEhh
 .text._ZN16CMBEventsHandler13FillVarDataTxEjPjj
                0x00003ae0       0x92 MODBUS/CMBProtocol.o
                0x00003ae0                _ZN16CMBEventsHandler13FillVarDataTxEjPjj
 .text._ZN16CMBEventsHandler13FillVarDataRqEjj
                0x00003b72       0x48 MODBUS/CMBProtocol.o
                0x00003b72                _ZN16CMBEventsHandler13FillVarDataRqEjj
 .text._ZN16CMBEventsHandler15AllocateBuffersEjj
                0x00003bba       0x36 MODBUS/CMBProtocol.o
                0x00003bba                _ZN16CMBEventsHandler15AllocateBuffersEjj
 .text._ZN16CMBEventsHandler11FreeBuffersEv
                0x00003bf0       0x1c MODBUS/CMBProtocol.o
                0x00003bf0                _ZN16CMBEventsHandler11FreeBuffersEv
 .text._ZN16CMBEventsHandlerD2Ev
                0x00003c0c        0x2 MODBUS/CMBProtocol.o
                0x00003c0c                _ZN16CMBEventsHandlerD2Ev
                0x00003c0c                _ZN16CMBEventsHandlerD1Ev
 .text._ZN9CMBSender18OnVariableReceivedEjPjj
                0x00003c0e       0x1e MODBUS/CMBSender.o
                0x00003c0e                _ZN9CMBSender18OnVariableReceivedEjPjj
 .text._ZN9CMBSender18OnRegisterReceivedEhPhh
                0x00003c2c       0x1e MODBUS/CMBSender.o
                0x00003c2c                _ZN9CMBSender18OnRegisterReceivedEhPhh
 .text._ZN9CMBSenderC2Ev
                0x00003c4a        0xc MODBUS/CMBSender.o
                0x00003c4a                _ZN9CMBSenderC2Ev
                0x00003c4a                _ZN9CMBSenderC1Ev
 .text._ZN9CMBSender10InitializeEP6CUSARTP16CMBEventsHandlerjj
                0x00003c56       0x9e MODBUS/CMBSender.o
                0x00003c56                _ZN9CMBSender10InitializeEP6CUSARTP16CMBEventsHandlerjj
 .text._ZN9CMBSenderD2Ev
                0x00003cf4       0x10 MODBUS/CMBSender.o
                0x00003cf4                _ZN9CMBSenderD1Ev
                0x00003cf4                _ZN9CMBSenderD2Ev
 .text._ZN9CMBSender13OnReceiveByteEh
                0x00003d04      0x15a MODBUS/CMBSender.o
                0x00003d04                _ZN9CMBSender13OnReceiveByteEh
 .text._ZN9CMBSender18OnUSARTRxInterruptEPv
                0x00003e5e       0x26 MODBUS/CMBSender.o
                0x00003e5e                _ZN9CMBSender18OnUSARTRxInterruptEPv
 .text._ZN9CMBSender19StartMODBUSListenerEv
                0x00003e84       0x12 MODBUS/CMBSender.o
                0x00003e84                _ZN9CMBSender19StartMODBUSListenerEv
 .text._ZN9CMBSender14OnTransmitByteEv
                0x00003e96       0x92 MODBUS/CMBSender.o
                0x00003e96                _ZN9CMBSender14OnTransmitByteEv
 .text._ZN9CMBSender18OnUSARTTxInterruptEPv
                0x00003f28        0x6 MODBUS/CMBSender.o
                0x00003f28                _ZN9CMBSender18OnUSARTTxInterruptEPv
 .text._ZN9CMBSender18WaitMODBUSListenerEv
                0x00003f2e       0x22 MODBUS/CMBSender.o
                0x00003f2e                _ZN9CMBSender18WaitMODBUSListenerEv
 .text._ZN9CMBSender22StartMODBUSTransmitterEv
                0x00003f50        0xc MODBUS/CMBSender.o
                0x00003f50                _ZN9CMBSender22StartMODBUSTransmitterEv
 .text._ZN9CMBSender24WriteDataToRegisterAsyncEhPhh
                0x00003f5c       0x1e MODBUS/CMBSender.o
                0x00003f5c                _ZN9CMBSender24WriteDataToRegisterAsyncEhPhh
 .text._ZN9CMBSender20WriteDataToSRAMAsyncEjPjj
                0x00003f7a       0x1e MODBUS/CMBSender.o
                0x00003f7a                _ZN9CMBSender20WriteDataToSRAMAsyncEjPjj
 .text._ZN9CMBSender28RequestDataFromRegisterAsyncEhh
                0x00003f98       0x1e MODBUS/CMBSender.o
                0x00003f98                _ZN9CMBSender28RequestDataFromRegisterAsyncEhh
 .text._ZN9CMBSender24RequestDataFromSRAMAsyncEjh
                0x00003fb6       0x20 MODBUS/CMBSender.o
                0x00003fb6                _ZN9CMBSender24RequestDataFromSRAMAsyncEjh
 .text._ZN9CMBSender21WaitMODBUSTransmitterEv
                0x00003fd6       0x22 MODBUS/CMBSender.o
                0x00003fd6                _ZN9CMBSender21WaitMODBUSTransmitterEv
 .text._ZN9CMBSender30StartMODBUSRegisterTransactionEhh
                0x00003ff8        0xc MODBUS/CMBSender.o
                0x00003ff8                _ZN9CMBSender30StartMODBUSRegisterTransactionEhh
 .text._ZN9CMBSender30StartMODBUSVariableTransactionEjh
                0x00004004        0xc MODBUS/CMBSender.o
                0x00004004                _ZN9CMBSender30StartMODBUSVariableTransactionEjh
 .text._ZN9CMBSender18ProcessTransactionEPhj
                0x00004010       0x62 MODBUS/CMBSender.o
                0x00004010                _ZN9CMBSender18ProcessTransactionEPhj
 .text._ZN9CMBSender21OnTransactionCallbackEPhj
                0x00004072        0x6 MODBUS/CMBSender.o
                0x00004072                _ZN9CMBSender21OnTransactionCallbackEPhj
 .text.libgcc.div
                0x00004078       0x2e c:/program files (x86)/atmel/studio/7.0/toolchain/avr8/avr8-gnu-toolchain/bin/../lib/gcc/avr/4.9.2/avrxmega6\libgcc.a(_divmodsi4.o)
                0x00004078                __divmodsi4
 .text.libgcc.div
                0x000040a6       0x10 c:/program files (x86)/atmel/studio/7.0/toolchain/avr8/avr8-gnu-toolchain/bin/../lib/gcc/avr/4.9.2/avrxmega6\libgcc.a(_negsi2.o)
                0x000040a6                __negsi2
 .text.libgcc   0x000040b6       0x10 c:/program files (x86)/atmel/studio/7.0/toolchain/avr8/avr8-gnu-toolchain/bin/../lib/gcc/avr/4.9.2/avrxmega6\libgcc.a(_tablejump2.o)
                0x000040b6                __tablejump2__
 .text.libgcc.mul
                0x000040c6       0x1e c:/program files (x86)/atmel/studio/7.0/toolchain/avr8/avr8-gnu-toolchain/bin/../lib/gcc/avr/4.9.2/avrxmega6\libgcc.a(_umulhisi3.o)
                0x000040c6                __umulhisi3
 .text.libgcc.div
                0x000040e4       0x44 c:/program files (x86)/atmel/studio/7.0/toolchain/avr8/avr8-gnu-toolchain/bin/../lib/gcc/avr/4.9.2/avrxmega6\libgcc.a(_udivmodsi4.o)
                0x000040e4                __udivmodsi4
 .text.avr-libc
                0x00004128      0x25a c:/program files (x86)/atmel/studio/7.0/toolchain/avr8/avr8-gnu-toolchain/bin/../lib/gcc/avr/4.9.2/../../../../avr/lib/avrxmega6\libc.a(malloc.o)
                0x00004128                malloc
                0x00004252                free
                0x00004382                . = ALIGN (0x2)
 *(.fini9)
 .fini9         0x00004382        0x0 c:/program files (x86)/atmel/studio/7.0/toolchain/avr8/avr8-gnu-toolchain/bin/../lib/gcc/avr/4.9.2/avrxmega6\libgcc.a(_exit.o)
                0x00004382                _exit
                0x00004382                exit
 *(.fini9)
 *(.fini8)
 *(.fini8)
 *(.fini7)
 *(.fini7)
 *(.fini6)
 .fini6         0x00004382       0x20 c:/program files (x86)/atmel/studio/7.0/toolchain/avr8/avr8-gnu-toolchain/bin/../lib/gcc/avr/4.9.2/avrxmega6\libgcc.a(_dtors.o)
                0x00004382                __do_global_dtors
 *(.fini6)
 *(.fini5)
 *(.fini5)
 *(.fini4)
 *(.fini4)
 *(.fini3)
 *(.fini3)
 *(.fini2)
 *(.fini2)
 *(.fini1)
 *(.fini1)
 *(.fini0)
 .fini0         0x000043a2        0x4 c:/program files (x86)/atmel/studio/7.0/toolchain/avr8/avr8-gnu-toolchain/bin/../lib/gcc/avr/4.9.2/avrxmega6\libgcc.a(_exit.o)
 *(.fini0)
                0x000043a6                _etext = .

.data           0x00802000       0xee load address 0x000043a6
                0x00802000                PROVIDE (__data_start, .)
 *(.data)
 .data          0x00802000        0x6 c:/program files (x86)/atmel/studio/7.0/toolchain/avr8/avr8-gnu-toolchain/bin/../lib/gcc/avr/4.9.2/../../../../avr/lib/avrxmega6\libc.a(malloc.o)
                0x00802000                __malloc_heap_end
                0x00802002                __malloc_heap_start
                0x00802004                __malloc_margin
 *(.data*)
 .data.bscale_table
                0x00802006       0x20 CDGUSUSART.o
                0x00802006                bscale_table
 .data.bsel_table
                0x00802026       0x20 CDGUSUSART.o
                0x00802026                bsel_table
 .data._ZZN16CLaserControlApp3RunEvE2hl
                0x00802046        0x1 CLaserControlApp.o
 .data._ZZN16CLaserControlApp3RunEvE4anim
                0x00802047        0x2 CLaserControlApp.o
 *(.rodata)
 *(.rodata*)
 .rodata._ZTV10CDGUSUSART
                0x00802049       0x18 CDGUSUSART.o
                0x00802049                _ZTV10CDGUSUSART
 .rodata._ZTV16CLaserControlApp
                0x00802061       0x16 CLaserControlApp.o
                0x00802061                _ZTV16CLaserControlApp
 .rodata._ZTV7CTimerC
                0x00802077       0x24 CTimerC.o
                0x00802077                _ZTV7CTimerC
 .rodata._ZTV6CTimer
                0x0080209b       0x24 LaserLib/CTimer.o
                0x0080209b                _ZTV6CTimer
 .rodata._ZTV6CUSART
                0x008020bf       0x18 LaserLib/CUSART.o
                0x008020bf                _ZTV6CUSART
 .rodata._ZTV9CMBSender
                0x008020d7       0x16 MODBUS/CMBSender.o
                0x008020d7                _ZTV9CMBSender
 *(.gnu.linkonce.d*)
                0x008020ee                . = ALIGN (0x2)
 *fill*         0x008020ed        0x1 
                0x008020ee                _edata = .
                0x008020ee                PROVIDE (__data_end, .)

.bss            0x008020ee      0x234
                0x008020ee                PROVIDE (__bss_start, .)
 *(.bss)
 *(.bss*)
 .bss.timer     0x008020ee        0x3 CLaserControlApp.o
                0x008020ee                timer
 .bss.InterruptFuncTable
                0x008020f1       0xf6 LaserLib/intx128.o
                0x008020f1                InterruptFuncTable
 .bss.InterruptSenderTable
                0x008021e7       0xf6 LaserLib/intx128.o
                0x008021e7                InterruptSenderTable
 .bss._ZZ4mainE3prs
                0x008022dd        0x2 main.o
 .bss.App       0x008022df       0x1c main.o
                0x008022df                App
 .bss.player    0x008022fb        0x1 main.o
                0x008022fb                player
 .bss.laserBoard
                0x008022fc        0x1 main.o
                0x008022fc                laserBoard
 .bss.sender    0x008022fd       0x19 main.o
                0x008022fd                sender
 .bss.usart     0x00802316        0x2 main.o
                0x00802316                usart
 .bss.dacSPI    0x00802318        0x6 main.o
                0x00802318                dacSPI
 *(COMMON)
 COMMON         0x0080231e        0x4 c:/program files (x86)/atmel/studio/7.0/toolchain/avr8/avr8-gnu-toolchain/bin/../lib/gcc/avr/4.9.2/../../../../avr/lib/avrxmega6\libc.a(malloc.o)
                0x0080231e                __brkval
                0x00802320                __flp
                0x00802322                PROVIDE (__bss_end, .)
                0x000043a6                __data_load_start = LOADADDR (.data)
                0x00004494                __data_load_end = (__data_load_start + SIZEOF (.data))

.noinit         0x00802322        0x0
                0x00802322                PROVIDE (__noinit_start, .)
 *(.noinit*)
                0x00802322                PROVIDE (__noinit_end, .)
                0x00802322                _end = .
                0x00802322                PROVIDE (__heap_start, .)

.eeprom         0x00810000        0x0
 *(.eeprom*)
                0x00810000                __eeprom_end = .

.fuse
 *(.fuse)
 *(.lfuse)
 *(.hfuse)
 *(.efuse)

.lock
 *(.lock*)

.signature
 *(.signature*)

.user_signatures
 *(.user_signatures*)

.stab
 *(.stab)

.stabstr
 *(.stabstr)

.stab.excl
 *(.stab.excl)

.stab.exclstr
 *(.stab.exclstr)

.stab.index
 *(.stab.index)

.stab.indexstr
 *(.stab.indexstr)

.comment        0x00000000       0x30
 *(.comment)
 .comment       0x00000000       0x30 CDGUSUSART.o
                                 0x31 (size before relaxing)
 .comment       0x00000030       0x31 CLaserBoard.o
 .comment       0x00000030       0x31 CLaserControlApp.o
 .comment       0x00000030       0x31 CSoundPlayer.o
 .comment       0x00000030       0x31 CTimerC.o
 .comment       0x00000030       0x31 LaserLib/CSPI.o
 .comment       0x00000030       0x31 LaserLib/CTimer.o
 .comment       0x00000030       0x31 LaserLib/CUSART.o
 .comment       0x00000030       0x31 LaserLib/intx128.o
 .comment       0x00000030       0x31 main.o
 .comment       0x00000030       0x31 MODBUS/CMBProtocol.o
 .comment       0x00000030       0x31 MODBUS/CMBSender.o
 .comment       0x00000030       0x31 c:/program files (x86)/atmel/studio/7.0/toolchain/avr8/avr8-gnu-toolchain/bin/../lib/gcc/avr/4.9.2/../../../../avr/lib/avrxmega6\libc.a(malloc.o)

.note.gnu.avr.deviceinfo
                0x00000000       0x40
 .note.gnu.avr.deviceinfo
                0x00000000       0x40 C:/Program Files (x86)/Atmel/Studio/7.0/Packs/atmel/XMEGAA_DFP/1.0.36/gcc/dev/atxmega128a3/avrxmega6/crtatxmega128a3.o

.note.gnu.build-id
 *(.note.gnu.build-id)

.debug
 *(.debug)

.line
 *(.line)

.debug_srcinfo
 *(.debug_srcinfo)

.debug_sfnames
 *(.debug_sfnames)

.debug_aranges  0x00000000      0x7f0
 *(.debug_aranges)
 .debug_aranges
                0x00000000       0x78 CDGUSUSART.o
 .debug_aranges
                0x00000078       0x68 CLaserBoard.o
 .debug_aranges
                0x000000e0       0x98 CLaserControlApp.o
 .debug_aranges
                0x00000178       0x60 CSoundPlayer.o
 .debug_aranges
                0x000001d8       0xa8 CTimerC.o
 .debug_aranges
                0x00000280       0x58 LaserLib/CSPI.o
 .debug_aranges
                0x000002d8       0x28 LaserLib/CTimer.o
 .debug_aranges
                0x00000300       0x28 LaserLib/CUSART.o
 .debug_aranges
                0x00000328      0x348 LaserLib/intx128.o
 .debug_aranges
                0x00000670       0x40 main.o
 .debug_aranges
                0x000006b0       0x50 MODBUS/CMBProtocol.o
 .debug_aranges
                0x00000700       0xf0 MODBUS/CMBSender.o

.debug_pubnames
 *(.debug_pubnames)

.debug_info     0x00000000     0x9bf0
 *(.debug_info .gnu.linkonce.wi.*)
 .debug_info    0x00000000     0x1095 CDGUSUSART.o
 .debug_info    0x00001095      0xad3 CLaserBoard.o
 .debug_info    0x00001b68     0x16f8 CLaserControlApp.o
 .debug_info    0x00003260     0x1385 CSoundPlayer.o
 .debug_info    0x000045e5     0x15ac CTimerC.o
 .debug_info    0x00005b91      0x7ce LaserLib/CSPI.o
 .debug_info    0x0000635f      0x6a3 LaserLib/CTimer.o
 .debug_info    0x00006a02      0x606 LaserLib/CUSART.o
 .debug_info    0x00007008      0x91e LaserLib/intx128.o
 .debug_info    0x00007926      0xb77 main.o
 .debug_info    0x0000849d      0x592 MODBUS/CMBProtocol.o
 .debug_info    0x00008a2f     0x11c1 MODBUS/CMBSender.o

.debug_abbrev   0x00000000     0x1eae
 *(.debug_abbrev)
 .debug_abbrev  0x00000000      0x2d9 CDGUSUSART.o
 .debug_abbrev  0x000002d9      0x261 CLaserBoard.o
 .debug_abbrev  0x0000053a      0x4dd CLaserControlApp.o
 .debug_abbrev  0x00000a17      0x2b9 CSoundPlayer.o
 .debug_abbrev  0x00000cd0      0x29c CTimerC.o
 .debug_abbrev  0x00000f6c      0x28f LaserLib/CSPI.o
 .debug_abbrev  0x000011fb      0x182 LaserLib/CTimer.o
 .debug_abbrev  0x0000137d      0x1ed LaserLib/CUSART.o
 .debug_abbrev  0x0000156a       0x83 LaserLib/intx128.o
 .debug_abbrev  0x000015ed      0x323 main.o
 .debug_abbrev  0x00001910      0x212 MODBUS/CMBProtocol.o
 .debug_abbrev  0x00001b22      0x38c MODBUS/CMBSender.o

.debug_line     0x00000000     0x24b2
 *(.debug_line .debug_line.* .debug_line_end)
 .debug_line    0x00000000      0x23e CDGUSUSART.o
 .debug_line    0x0000023e      0x2ba CLaserBoard.o
 .debug_line    0x000004f8      0x400 CLaserControlApp.o
 .debug_line    0x000008f8      0x23b CSoundPlayer.o
 .debug_line    0x00000b33      0x285 CTimerC.o
 .debug_line    0x00000db8      0x24a LaserLib/CSPI.o
 .debug_line    0x00001002      0x135 LaserLib/CTimer.o
 .debug_line    0x00001137      0x135 LaserLib/CUSART.o
 .debug_line    0x0000126c      0xa14 LaserLib/intx128.o
 .debug_line    0x00001c80      0x262 main.o
 .debug_line    0x00001ee2      0x1d9 MODBUS/CMBProtocol.o
 .debug_line    0x000020bb      0x3f7 MODBUS/CMBSender.o

.debug_frame    0x00000000     0x2d20
 *(.debug_frame)
 .debug_frame   0x00000000       0xe8 CDGUSUSART.o
 .debug_frame   0x000000e8       0xb4 CLaserBoard.o
 .debug_frame   0x0000019c      0x164 CLaserControlApp.o
 .debug_frame   0x00000300       0xd8 CSoundPlayer.o
 .debug_frame   0x000003d8      0x140 CTimerC.o
 .debug_frame   0x00000518       0xbc LaserLib/CSPI.o
 .debug_frame   0x000005d4       0x34 LaserLib/CTimer.o
 .debug_frame   0x00000608       0x34 LaserLib/CUSART.o
 .debug_frame   0x0000063c     0x2324 LaserLib/intx128.o
 .debug_frame   0x00002960       0x74 main.o
 .debug_frame   0x000029d4       0xc4 MODBUS/CMBProtocol.o
 .debug_frame   0x00002a98      0x288 MODBUS/CMBSender.o

.debug_str      0x00000000     0x44f6
 *(.debug_str)
 .debug_str     0x00000000     0x15eb CDGUSUSART.o
                               0x1668 (size before relaxing)
 .debug_str     0x000015eb      0x67c CLaserBoard.o
                                0xa0d (size before relaxing)
 .debug_str     0x00001c67      0x97e CLaserControlApp.o
                                0xdc7 (size before relaxing)
 .debug_str     0x000025e5      0x73c CSoundPlayer.o
                                0xbc1 (size before relaxing)
 .debug_str     0x00002d21      0x680 CTimerC.o
                               0x128c (size before relaxing)
 .debug_str     0x000033a1      0x300 LaserLib/CSPI.o
                                0x6ec (size before relaxing)
 .debug_str     0x000036a1       0x35 LaserLib/CTimer.o
                                0xa3d (size before relaxing)
 .debug_str     0x000036d6       0x35 LaserLib/CUSART.o
                                0x7af (size before relaxing)
 .debug_str     0x0000370b      0x4e2 LaserLib/intx128.o
                                0x6ba (size before relaxing)
 .debug_str     0x00003bed       0xbd main.o
                                0xbaa (size before relaxing)
 .debug_str     0x00003caa      0x289 MODBUS/CMBProtocol.o
                                0x4ea (size before relaxing)
 .debug_str     0x00003f33      0x5c3 MODBUS/CMBSender.o
                                0xa76 (size before relaxing)

.debug_loc      0x00000000     0x75b1
 *(.debug_loc)
 .debug_loc     0x00000000      0x210 CDGUSUSART.o
 .debug_loc     0x00000210      0x32c CLaserBoard.o
 .debug_loc     0x0000053c      0x566 CLaserControlApp.o
 .debug_loc     0x00000aa2      0x344 CSoundPlayer.o
 .debug_loc     0x00000de6      0x366 CTimerC.o
 .debug_loc     0x0000114c      0x276 LaserLib/CSPI.o
 .debug_loc     0x000013c2     0x50e2 LaserLib/intx128.o
 .debug_loc     0x000064a4       0x3c main.o
 .debug_loc     0x000064e0      0x37c MODBUS/CMBProtocol.o
 .debug_loc     0x0000685c      0xd55 MODBUS/CMBSender.o

.debug_macinfo
 *(.debug_macinfo)

.debug_weaknames
 *(.debug_weaknames)

.debug_funcnames
 *(.debug_funcnames)

.debug_typenames
 *(.debug_typenames)

.debug_varnames
 *(.debug_varnames)

.debug_pubtypes
 *(.debug_pubtypes)

.debug_ranges   0x00000000      0x730
 *(.debug_ranges)
 .debug_ranges  0x00000000       0x68 CDGUSUSART.o
 .debug_ranges  0x00000068       0x58 CLaserBoard.o
 .debug_ranges  0x000000c0       0x88 CLaserControlApp.o
 .debug_ranges  0x00000148       0x50 CSoundPlayer.o
 .debug_ranges  0x00000198       0x98 CTimerC.o
 .debug_ranges  0x00000230       0x48 LaserLib/CSPI.o
 .debug_ranges  0x00000278       0x18 LaserLib/CTimer.o
 .debug_ranges  0x00000290       0x18 LaserLib/CUSART.o
 .debug_ranges  0x000002a8      0x338 LaserLib/intx128.o
 .debug_ranges  0x000005e0       0x30 main.o
 .debug_ranges  0x00000610       0x40 MODBUS/CMBProtocol.o
 .debug_ranges  0x00000650       0xe0 MODBUS/CMBSender.o

.debug_macro
 *(.debug_macro)
OUTPUT(ATxmegaLaserDiode.elf elf32-avr)
LOAD linker stubs
