Archive member included to satisfy reference by file (symbol)

c:/program files (x86)/atmel/studio/7.0/toolchain/avr8/avr8-gnu-toolchain/bin/../lib/gcc/avr/4.9.2/avrxmega6\libgcc.a(_udivmodhi4.o)
                              CLaserControlApp.o (__udivmodhi4)
c:/program files (x86)/atmel/studio/7.0/toolchain/avr8/avr8-gnu-toolchain/bin/../lib/gcc/avr/4.9.2/avrxmega6\libgcc.a(_divmodsi4.o)
                              CSoundPlayer.o (__divmodsi4)
c:/program files (x86)/atmel/studio/7.0/toolchain/avr8/avr8-gnu-toolchain/bin/../lib/gcc/avr/4.9.2/avrxmega6\libgcc.a(_negsi2.o)
                              c:/program files (x86)/atmel/studio/7.0/toolchain/avr8/avr8-gnu-toolchain/bin/../lib/gcc/avr/4.9.2/avrxmega6\libgcc.a(_divmodsi4.o) (__negsi2)
c:/program files (x86)/atmel/studio/7.0/toolchain/avr8/avr8-gnu-toolchain/bin/../lib/gcc/avr/4.9.2/avrxmega6\libgcc.a(_exit.o)
                              C:/Program Files (x86)/Atmel/Studio/7.0/Packs/atmel/XMEGAA_DFP/1.0.36/gcc/dev/atxmega128a3/avrxmega6/crtatxmega128a3.o (exit)
c:/program files (x86)/atmel/studio/7.0/toolchain/avr8/avr8-gnu-toolchain/bin/../lib/gcc/avr/4.9.2/avrxmega6\libgcc.a(_tablejump2.o)
                              CLaserControlApp.o (__tablejump2__)
c:/program files (x86)/atmel/studio/7.0/toolchain/avr8/avr8-gnu-toolchain/bin/../lib/gcc/avr/4.9.2/avrxmega6\libgcc.a(_copy_data.o)
                              CDGUSUSART.o (__do_copy_data)
c:/program files (x86)/atmel/studio/7.0/toolchain/avr8/avr8-gnu-toolchain/bin/../lib/gcc/avr/4.9.2/avrxmega6\libgcc.a(_clear_bss.o)
                              CLaserControlApp.o (__do_clear_bss)
c:/program files (x86)/atmel/studio/7.0/toolchain/avr8/avr8-gnu-toolchain/bin/../lib/gcc/avr/4.9.2/avrxmega6\libgcc.a(_ctors.o)
                              CLaserControlApp.o (__do_global_ctors)
c:/program files (x86)/atmel/studio/7.0/toolchain/avr8/avr8-gnu-toolchain/bin/../lib/gcc/avr/4.9.2/avrxmega6\libgcc.a(_dtors.o)
                              CLaserControlApp.o (__do_global_dtors)
c:/program files (x86)/atmel/studio/7.0/toolchain/avr8/avr8-gnu-toolchain/bin/../lib/gcc/avr/4.9.2/avrxmega6\libgcc.a(_umulhisi3.o)
                              CLaserControlApp.o (__umulhisi3)
c:/program files (x86)/atmel/studio/7.0/toolchain/avr8/avr8-gnu-toolchain/bin/../lib/gcc/avr/4.9.2/avrxmega6\libgcc.a(_udivmodsi4.o)
                              c:/program files (x86)/atmel/studio/7.0/toolchain/avr8/avr8-gnu-toolchain/bin/../lib/gcc/avr/4.9.2/avrxmega6\libgcc.a(_divmodsi4.o) (__udivmodsi4)
c:/program files (x86)/atmel/studio/7.0/toolchain/avr8/avr8-gnu-toolchain/bin/../lib/gcc/avr/4.9.2/../../../../avr/lib/avrxmega6\libc.a(malloc.o)
                              LaserLib/CSPI.o (malloc)
c:/program files (x86)/atmel/studio/7.0/toolchain/avr8/avr8-gnu-toolchain/bin/../lib/gcc/avr/4.9.2/../../../../avr/lib/avrxmega6\libc.a(memcpy.o)
                              CDGUSDatabase.o (memcpy)
c:/program files (x86)/atmel/studio/7.0/toolchain/avr8/avr8-gnu-toolchain/bin/../lib/gcc/avr/4.9.2/../../../../avr/lib/avrxmega6\libc.a(strcmp.o)
                              CLaserControlApp.o (strcmp)

Allocating common symbols
Common symbol       size              file

__brkval            0x2               c:/program files (x86)/atmel/studio/7.0/toolchain/avr8/avr8-gnu-toolchain/bin/../lib/gcc/avr/4.9.2/../../../../avr/lib/avrxmega6\libc.a(malloc.o)
__flp               0x2               c:/program files (x86)/atmel/studio/7.0/toolchain/avr8/avr8-gnu-toolchain/bin/../lib/gcc/avr/4.9.2/../../../../avr/lib/avrxmega6\libc.a(malloc.o)

Discarded input sections

 .data          0x00000000        0x0 C:/Program Files (x86)/Atmel/Studio/7.0/Packs/atmel/XMEGAA_DFP/1.0.36/gcc/dev/atxmega128a3/avrxmega6/crtatxmega128a3.o
 .bss           0x00000000        0x0 C:/Program Files (x86)/Atmel/Studio/7.0/Packs/atmel/XMEGAA_DFP/1.0.36/gcc/dev/atxmega128a3/avrxmega6/crtatxmega128a3.o
 .text          0x00000000        0x0 CDGUSDatabase.o
 .data          0x00000000        0x0 CDGUSDatabase.o
 .bss           0x00000000        0x0 CDGUSDatabase.o
 .text._ZN13CDGUSDatabase15WriteToDatabaseEPvjm
                0x00000000      0x102 CDGUSDatabase.o
 .text._ZN13CDGUSDatabase16ReadFromDatabaseEPvjm
                0x00000000       0xf0 CDGUSDatabase.o
 .text._ZN13CDGUSDatabase11WriteEnableEv
                0x00000000       0x3e CDGUSDatabase.o
 .text._ZN13CDGUSDatabase12WriteDisableEv
                0x00000000       0x3c CDGUSDatabase.o
 .group         0x00000000        0x8 CDGUSUSART.o
 .text          0x00000000        0x0 CDGUSUSART.o
 .data          0x00000000        0x0 CDGUSUSART.o
 .bss           0x00000000        0x0 CDGUSUSART.o
 .data.bsupport_table
                0x00000000       0x20 CDGUSUSART.o
 .text          0x00000000        0x0 CLaserBoard.o
 .data          0x00000000        0x0 CLaserBoard.o
 .bss           0x00000000        0x0 CLaserBoard.o
 .group         0x00000000        0x8 CLaserControlApp.o
 .text          0x00000000        0x0 CLaserControlApp.o
 .data          0x00000000        0x0 CLaserControlApp.o
 .bss           0x00000000        0x0 CLaserControlApp.o
 .text._Z4swapj
                0x00000000        0x8 CLaserControlApp.o
 .text._Z3minjj
                0x00000000        0xa CLaserControlApp.o
 .text._Z3maxjj
                0x00000000        0xa CLaserControlApp.o
 .text          0x00000000        0x0 CSoundPlayer.o
 .data          0x00000000        0x0 CSoundPlayer.o
 .bss           0x00000000        0x0 CSoundPlayer.o
 .group         0x00000000        0x8 CTimerC.o
 .text          0x00000000        0x0 CTimerC.o
 .data          0x00000000        0x0 CTimerC.o
 .bss           0x00000000        0x0 CTimerC.o
 .group         0x00000000        0x8 CTimerF.o
 .text          0x00000000        0x0 CTimerF.o
 .data          0x00000000        0x0 CTimerF.o
 .bss           0x00000000        0x0 CTimerF.o
 .text          0x00000000        0x0 LaserLib/CSPI.o
 .data          0x00000000        0x0 LaserLib/CSPI.o
 .bss           0x00000000        0x0 LaserLib/CSPI.o
 .text._ZN4CSPI12DeinitializeEv
                0x00000000        0xc LaserLib/CSPI.o
 .text._ZN4CSPI4SendEPhj
                0x00000000       0x40 LaserLib/CSPI.o
 .text._ZN4CSPI8SendByteEh
                0x00000000        0x6 LaserLib/CSPI.o
 .group         0x00000000        0x8 LaserLib/CTimer.o
 .text          0x00000000        0x0 LaserLib/CTimer.o
 .data          0x00000000        0x0 LaserLib/CTimer.o
 .bss           0x00000000        0x0 LaserLib/CTimer.o
 .group         0x00000000        0x8 LaserLib/CUSART.o
 .text          0x00000000        0x0 LaserLib/CUSART.o
 .data          0x00000000        0x0 LaserLib/CUSART.o
 .bss           0x00000000        0x0 LaserLib/CUSART.o
 .text          0x00000000        0x0 LaserLib/intx128.o
 .data          0x00000000        0x0 LaserLib/intx128.o
 .bss           0x00000000        0x0 LaserLib/intx128.o
 .text          0x00000000        0x0 main.o
 .data          0x00000000        0x0 main.o
 .bss           0x00000000        0x0 main.o
 .data.strxxxx  0x00000000        0xe main.o
 .bss.str       0x00000000        0xe main.o
 .group         0x00000000        0x8 MODBUS/CMBProtocol.o
 .text          0x00000000        0x0 MODBUS/CMBProtocol.o
 .data          0x00000000        0x0 MODBUS/CMBProtocol.o
 .bss           0x00000000        0x0 MODBUS/CMBProtocol.o
 .rodata._ZTV16CMBEventsHandler
                0x00000000       0x16 MODBUS/CMBProtocol.o
 .group         0x00000000        0x8 MODBUS/CMBSender.o
 .text          0x00000000        0x0 MODBUS/CMBSender.o
 .data          0x00000000        0x0 MODBUS/CMBSender.o
 .bss           0x00000000        0x0 MODBUS/CMBSender.o
 .text._ZN9CMBSender12DeinitializeEv
                0x00000000       0x1c MODBUS/CMBSender.o
 .text._ZN9CMBSender19WriteDataToRegisterEhPhh
                0x00000000       0x6a MODBUS/CMBSender.o
 .text._ZN9CMBSender15WriteDataToSRAMEjPjj
                0x00000000       0x6a MODBUS/CMBSender.o
 .text._ZN9CMBSender9OnTimeoutEv
                0x00000000        0xe MODBUS/CMBSender.o
 .text._ZN9CMBSender18StopMODBUSListenerEv
                0x00000000        0x8 MODBUS/CMBSender.o
 .text._ZN9CMBSender21StopMODBUSTransmitterEv
                0x00000000        0x8 MODBUS/CMBSender.o
 .text          0x00000000        0x0 c:/program files (x86)/atmel/studio/7.0/toolchain/avr8/avr8-gnu-toolchain/bin/../lib/gcc/avr/4.9.2/avrxmega6\libgcc.a(_udivmodhi4.o)
 .data          0x00000000        0x0 c:/program files (x86)/atmel/studio/7.0/toolchain/avr8/avr8-gnu-toolchain/bin/../lib/gcc/avr/4.9.2/avrxmega6\libgcc.a(_udivmodhi4.o)
 .bss           0x00000000        0x0 c:/program files (x86)/atmel/studio/7.0/toolchain/avr8/avr8-gnu-toolchain/bin/../lib/gcc/avr/4.9.2/avrxmega6\libgcc.a(_udivmodhi4.o)
 .text.libgcc.mul
                0x00000000        0x0 c:/program files (x86)/atmel/studio/7.0/toolchain/avr8/avr8-gnu-toolchain/bin/../lib/gcc/avr/4.9.2/avrxmega6\libgcc.a(_udivmodhi4.o)
 .text.libgcc   0x00000000        0x0 c:/program files (x86)/atmel/studio/7.0/toolchain/avr8/avr8-gnu-toolchain/bin/../lib/gcc/avr/4.9.2/avrxmega6\libgcc.a(_udivmodhi4.o)
 .text.libgcc.prologue
                0x00000000        0x0 c:/program files (x86)/atmel/studio/7.0/toolchain/avr8/avr8-gnu-toolchain/bin/../lib/gcc/avr/4.9.2/avrxmega6\libgcc.a(_udivmodhi4.o)
 .text.libgcc.builtins
                0x00000000        0x0 c:/program files (x86)/atmel/studio/7.0/toolchain/avr8/avr8-gnu-toolchain/bin/../lib/gcc/avr/4.9.2/avrxmega6\libgcc.a(_udivmodhi4.o)
 .text.libgcc.fmul
                0x00000000        0x0 c:/program files (x86)/atmel/studio/7.0/toolchain/avr8/avr8-gnu-toolchain/bin/../lib/gcc/avr/4.9.2/avrxmega6\libgcc.a(_udivmodhi4.o)
 .text.libgcc.fixed
                0x00000000        0x0 c:/program files (x86)/atmel/studio/7.0/toolchain/avr8/avr8-gnu-toolchain/bin/../lib/gcc/avr/4.9.2/avrxmega6\libgcc.a(_udivmodhi4.o)
 .text          0x00000000        0x0 c:/program files (x86)/atmel/studio/7.0/toolchain/avr8/avr8-gnu-toolchain/bin/../lib/gcc/avr/4.9.2/avrxmega6\libgcc.a(_divmodsi4.o)
 .data          0x00000000        0x0 c:/program files (x86)/atmel/studio/7.0/toolchain/avr8/avr8-gnu-toolchain/bin/../lib/gcc/avr/4.9.2/avrxmega6\libgcc.a(_divmodsi4.o)
 .bss           0x00000000        0x0 c:/program files (x86)/atmel/studio/7.0/toolchain/avr8/avr8-gnu-toolchain/bin/../lib/gcc/avr/4.9.2/avrxmega6\libgcc.a(_divmodsi4.o)
 .text.libgcc.mul
                0x00000000        0x0 c:/program files (x86)/atmel/studio/7.0/toolchain/avr8/avr8-gnu-toolchain/bin/../lib/gcc/avr/4.9.2/avrxmega6\libgcc.a(_divmodsi4.o)
 .text.libgcc   0x00000000        0x0 c:/program files (x86)/atmel/studio/7.0/toolchain/avr8/avr8-gnu-toolchain/bin/../lib/gcc/avr/4.9.2/avrxmega6\libgcc.a(_divmodsi4.o)
 .text.libgcc.prologue
                0x00000000        0x0 c:/program files (x86)/atmel/studio/7.0/toolchain/avr8/avr8-gnu-toolchain/bin/../lib/gcc/avr/4.9.2/avrxmega6\libgcc.a(_divmodsi4.o)
 .text.libgcc.builtins
                0x00000000        0x0 c:/program files (x86)/atmel/studio/7.0/toolchain/avr8/avr8-gnu-toolchain/bin/../lib/gcc/avr/4.9.2/avrxmega6\libgcc.a(_divmodsi4.o)
 .text.libgcc.fmul
                0x00000000        0x0 c:/program files (x86)/atmel/studio/7.0/toolchain/avr8/avr8-gnu-toolchain/bin/../lib/gcc/avr/4.9.2/avrxmega6\libgcc.a(_divmodsi4.o)
 .text.libgcc.fixed
                0x00000000        0x0 c:/program files (x86)/atmel/studio/7.0/toolchain/avr8/avr8-gnu-toolchain/bin/../lib/gcc/avr/4.9.2/avrxmega6\libgcc.a(_divmodsi4.o)
 .text          0x00000000        0x0 c:/program files (x86)/atmel/studio/7.0/toolchain/avr8/avr8-gnu-toolchain/bin/../lib/gcc/avr/4.9.2/avrxmega6\libgcc.a(_negsi2.o)
 .data          0x00000000        0x0 c:/program files (x86)/atmel/studio/7.0/toolchain/avr8/avr8-gnu-toolchain/bin/../lib/gcc/avr/4.9.2/avrxmega6\libgcc.a(_negsi2.o)
 .bss           0x00000000        0x0 c:/program files (x86)/atmel/studio/7.0/toolchain/avr8/avr8-gnu-toolchain/bin/../lib/gcc/avr/4.9.2/avrxmega6\libgcc.a(_negsi2.o)
 .text.libgcc.mul
                0x00000000        0x0 c:/program files (x86)/atmel/studio/7.0/toolchain/avr8/avr8-gnu-toolchain/bin/../lib/gcc/avr/4.9.2/avrxmega6\libgcc.a(_negsi2.o)
 .text.libgcc   0x00000000        0x0 c:/program files (x86)/atmel/studio/7.0/toolchain/avr8/avr8-gnu-toolchain/bin/../lib/gcc/avr/4.9.2/avrxmega6\libgcc.a(_negsi2.o)
 .text.libgcc.prologue
                0x00000000        0x0 c:/program files (x86)/atmel/studio/7.0/toolchain/avr8/avr8-gnu-toolchain/bin/../lib/gcc/avr/4.9.2/avrxmega6\libgcc.a(_negsi2.o)
 .text.libgcc.builtins
                0x00000000        0x0 c:/program files (x86)/atmel/studio/7.0/toolchain/avr8/avr8-gnu-toolchain/bin/../lib/gcc/avr/4.9.2/avrxmega6\libgcc.a(_negsi2.o)
 .text.libgcc.fmul
                0x00000000        0x0 c:/program files (x86)/atmel/studio/7.0/toolchain/avr8/avr8-gnu-toolchain/bin/../lib/gcc/avr/4.9.2/avrxmega6\libgcc.a(_negsi2.o)
 .text.libgcc.fixed
                0x00000000        0x0 c:/program files (x86)/atmel/studio/7.0/toolchain/avr8/avr8-gnu-toolchain/bin/../lib/gcc/avr/4.9.2/avrxmega6\libgcc.a(_negsi2.o)
 .text          0x00000000        0x0 c:/program files (x86)/atmel/studio/7.0/toolchain/avr8/avr8-gnu-toolchain/bin/../lib/gcc/avr/4.9.2/avrxmega6\libgcc.a(_exit.o)
 .data          0x00000000        0x0 c:/program files (x86)/atmel/studio/7.0/toolchain/avr8/avr8-gnu-toolchain/bin/../lib/gcc/avr/4.9.2/avrxmega6\libgcc.a(_exit.o)
 .bss           0x00000000        0x0 c:/program files (x86)/atmel/studio/7.0/toolchain/avr8/avr8-gnu-toolchain/bin/../lib/gcc/avr/4.9.2/avrxmega6\libgcc.a(_exit.o)
 .text.libgcc.mul
                0x00000000        0x0 c:/program files (x86)/atmel/studio/7.0/toolchain/avr8/avr8-gnu-toolchain/bin/../lib/gcc/avr/4.9.2/avrxmega6\libgcc.a(_exit.o)
 .text.libgcc.div
                0x00000000        0x0 c:/program files (x86)/atmel/studio/7.0/toolchain/avr8/avr8-gnu-toolchain/bin/../lib/gcc/avr/4.9.2/avrxmega6\libgcc.a(_exit.o)
 .text.libgcc   0x00000000        0x0 c:/program files (x86)/atmel/studio/7.0/toolchain/avr8/avr8-gnu-toolchain/bin/../lib/gcc/avr/4.9.2/avrxmega6\libgcc.a(_exit.o)
 .text.libgcc.prologue
                0x00000000        0x0 c:/program files (x86)/atmel/studio/7.0/toolchain/avr8/avr8-gnu-toolchain/bin/../lib/gcc/avr/4.9.2/avrxmega6\libgcc.a(_exit.o)
 .text.libgcc.builtins
                0x00000000        0x0 c:/program files (x86)/atmel/studio/7.0/toolchain/avr8/avr8-gnu-toolchain/bin/../lib/gcc/avr/4.9.2/avrxmega6\libgcc.a(_exit.o)
 .text.libgcc.fmul
                0x00000000        0x0 c:/program files (x86)/atmel/studio/7.0/toolchain/avr8/avr8-gnu-toolchain/bin/../lib/gcc/avr/4.9.2/avrxmega6\libgcc.a(_exit.o)
 .text.libgcc.fixed
                0x00000000        0x0 c:/program files (x86)/atmel/studio/7.0/toolchain/avr8/avr8-gnu-toolchain/bin/../lib/gcc/avr/4.9.2/avrxmega6\libgcc.a(_exit.o)
 .text          0x00000000        0x0 c:/program files (x86)/atmel/studio/7.0/toolchain/avr8/avr8-gnu-toolchain/bin/../lib/gcc/avr/4.9.2/avrxmega6\libgcc.a(_tablejump2.o)
 .data          0x00000000        0x0 c:/program files (x86)/atmel/studio/7.0/toolchain/avr8/avr8-gnu-toolchain/bin/../lib/gcc/avr/4.9.2/avrxmega6\libgcc.a(_tablejump2.o)
 .bss           0x00000000        0x0 c:/program files (x86)/atmel/studio/7.0/toolchain/avr8/avr8-gnu-toolchain/bin/../lib/gcc/avr/4.9.2/avrxmega6\libgcc.a(_tablejump2.o)
 .text.libgcc.mul
                0x00000000        0x0 c:/program files (x86)/atmel/studio/7.0/toolchain/avr8/avr8-gnu-toolchain/bin/../lib/gcc/avr/4.9.2/avrxmega6\libgcc.a(_tablejump2.o)
 .text.libgcc.div
                0x00000000        0x0 c:/program files (x86)/atmel/studio/7.0/toolchain/avr8/avr8-gnu-toolchain/bin/../lib/gcc/avr/4.9.2/avrxmega6\libgcc.a(_tablejump2.o)
 .text.libgcc.prologue
                0x00000000        0x0 c:/program files (x86)/atmel/studio/7.0/toolchain/avr8/avr8-gnu-toolchain/bin/../lib/gcc/avr/4.9.2/avrxmega6\libgcc.a(_tablejump2.o)
 .text.libgcc.builtins
                0x00000000        0x0 c:/program files (x86)/atmel/studio/7.0/toolchain/avr8/avr8-gnu-toolchain/bin/../lib/gcc/avr/4.9.2/avrxmega6\libgcc.a(_tablejump2.o)
 .text.libgcc.fmul
                0x00000000        0x0 c:/program files (x86)/atmel/studio/7.0/toolchain/avr8/avr8-gnu-toolchain/bin/../lib/gcc/avr/4.9.2/avrxmega6\libgcc.a(_tablejump2.o)
 .text.libgcc.fixed
                0x00000000        0x0 c:/program files (x86)/atmel/studio/7.0/toolchain/avr8/avr8-gnu-toolchain/bin/../lib/gcc/avr/4.9.2/avrxmega6\libgcc.a(_tablejump2.o)
 .text          0x00000000        0x0 c:/program files (x86)/atmel/studio/7.0/toolchain/avr8/avr8-gnu-toolchain/bin/../lib/gcc/avr/4.9.2/avrxmega6\libgcc.a(_copy_data.o)
 .data          0x00000000        0x0 c:/program files (x86)/atmel/studio/7.0/toolchain/avr8/avr8-gnu-toolchain/bin/../lib/gcc/avr/4.9.2/avrxmega6\libgcc.a(_copy_data.o)
 .bss           0x00000000        0x0 c:/program files (x86)/atmel/studio/7.0/toolchain/avr8/avr8-gnu-toolchain/bin/../lib/gcc/avr/4.9.2/avrxmega6\libgcc.a(_copy_data.o)
 .text.libgcc.mul
                0x00000000        0x0 c:/program files (x86)/atmel/studio/7.0/toolchain/avr8/avr8-gnu-toolchain/bin/../lib/gcc/avr/4.9.2/avrxmega6\libgcc.a(_copy_data.o)
 .text.libgcc.div
                0x00000000        0x0 c:/program files (x86)/atmel/studio/7.0/toolchain/avr8/avr8-gnu-toolchain/bin/../lib/gcc/avr/4.9.2/avrxmega6\libgcc.a(_copy_data.o)
 .text.libgcc   0x00000000        0x0 c:/program files (x86)/atmel/studio/7.0/toolchain/avr8/avr8-gnu-toolchain/bin/../lib/gcc/avr/4.9.2/avrxmega6\libgcc.a(_copy_data.o)
 .text.libgcc.prologue
                0x00000000        0x0 c:/program files (x86)/atmel/studio/7.0/toolchain/avr8/avr8-gnu-toolchain/bin/../lib/gcc/avr/4.9.2/avrxmega6\libgcc.a(_copy_data.o)
 .text.libgcc.builtins
                0x00000000        0x0 c:/program files (x86)/atmel/studio/7.0/toolchain/avr8/avr8-gnu-toolchain/bin/../lib/gcc/avr/4.9.2/avrxmega6\libgcc.a(_copy_data.o)
 .text.libgcc.fmul
                0x00000000        0x0 c:/program files (x86)/atmel/studio/7.0/toolchain/avr8/avr8-gnu-toolchain/bin/../lib/gcc/avr/4.9.2/avrxmega6\libgcc.a(_copy_data.o)
 .text.libgcc.fixed
                0x00000000        0x0 c:/program files (x86)/atmel/studio/7.0/toolchain/avr8/avr8-gnu-toolchain/bin/../lib/gcc/avr/4.9.2/avrxmega6\libgcc.a(_copy_data.o)
 .text          0x00000000        0x0 c:/program files (x86)/atmel/studio/7.0/toolchain/avr8/avr8-gnu-toolchain/bin/../lib/gcc/avr/4.9.2/avrxmega6\libgcc.a(_clear_bss.o)
 .data          0x00000000        0x0 c:/program files (x86)/atmel/studio/7.0/toolchain/avr8/avr8-gnu-toolchain/bin/../lib/gcc/avr/4.9.2/avrxmega6\libgcc.a(_clear_bss.o)
 .bss           0x00000000        0x0 c:/program files (x86)/atmel/studio/7.0/toolchain/avr8/avr8-gnu-toolchain/bin/../lib/gcc/avr/4.9.2/avrxmega6\libgcc.a(_clear_bss.o)
 .text.libgcc.mul
                0x00000000        0x0 c:/program files (x86)/atmel/studio/7.0/toolchain/avr8/avr8-gnu-toolchain/bin/../lib/gcc/avr/4.9.2/avrxmega6\libgcc.a(_clear_bss.o)
 .text.libgcc.div
                0x00000000        0x0 c:/program files (x86)/atmel/studio/7.0/toolchain/avr8/avr8-gnu-toolchain/bin/../lib/gcc/avr/4.9.2/avrxmega6\libgcc.a(_clear_bss.o)
 .text.libgcc   0x00000000        0x0 c:/program files (x86)/atmel/studio/7.0/toolchain/avr8/avr8-gnu-toolchain/bin/../lib/gcc/avr/4.9.2/avrxmega6\libgcc.a(_clear_bss.o)
 .text.libgcc.prologue
                0x00000000        0x0 c:/program files (x86)/atmel/studio/7.0/toolchain/avr8/avr8-gnu-toolchain/bin/../lib/gcc/avr/4.9.2/avrxmega6\libgcc.a(_clear_bss.o)
 .text.libgcc.builtins
                0x00000000        0x0 c:/program files (x86)/atmel/studio/7.0/toolchain/avr8/avr8-gnu-toolchain/bin/../lib/gcc/avr/4.9.2/avrxmega6\libgcc.a(_clear_bss.o)
 .text.libgcc.fmul
                0x00000000        0x0 c:/program files (x86)/atmel/studio/7.0/toolchain/avr8/avr8-gnu-toolchain/bin/../lib/gcc/avr/4.9.2/avrxmega6\libgcc.a(_clear_bss.o)
 .text.libgcc.fixed
                0x00000000        0x0 c:/program files (x86)/atmel/studio/7.0/toolchain/avr8/avr8-gnu-toolchain/bin/../lib/gcc/avr/4.9.2/avrxmega6\libgcc.a(_clear_bss.o)
 .text          0x00000000        0x0 c:/program files (x86)/atmel/studio/7.0/toolchain/avr8/avr8-gnu-toolchain/bin/../lib/gcc/avr/4.9.2/avrxmega6\libgcc.a(_ctors.o)
 .data          0x00000000        0x0 c:/program files (x86)/atmel/studio/7.0/toolchain/avr8/avr8-gnu-toolchain/bin/../lib/gcc/avr/4.9.2/avrxmega6\libgcc.a(_ctors.o)
 .bss           0x00000000        0x0 c:/program files (x86)/atmel/studio/7.0/toolchain/avr8/avr8-gnu-toolchain/bin/../lib/gcc/avr/4.9.2/avrxmega6\libgcc.a(_ctors.o)
 .text.libgcc.mul
                0x00000000        0x0 c:/program files (x86)/atmel/studio/7.0/toolchain/avr8/avr8-gnu-toolchain/bin/../lib/gcc/avr/4.9.2/avrxmega6\libgcc.a(_ctors.o)
 .text.libgcc.div
                0x00000000        0x0 c:/program files (x86)/atmel/studio/7.0/toolchain/avr8/avr8-gnu-toolchain/bin/../lib/gcc/avr/4.9.2/avrxmega6\libgcc.a(_ctors.o)
 .text.libgcc   0x00000000        0x0 c:/program files (x86)/atmel/studio/7.0/toolchain/avr8/avr8-gnu-toolchain/bin/../lib/gcc/avr/4.9.2/avrxmega6\libgcc.a(_ctors.o)
 .text.libgcc.prologue
                0x00000000        0x0 c:/program files (x86)/atmel/studio/7.0/toolchain/avr8/avr8-gnu-toolchain/bin/../lib/gcc/avr/4.9.2/avrxmega6\libgcc.a(_ctors.o)
 .text.libgcc.builtins
                0x00000000        0x0 c:/program files (x86)/atmel/studio/7.0/toolchain/avr8/avr8-gnu-toolchain/bin/../lib/gcc/avr/4.9.2/avrxmega6\libgcc.a(_ctors.o)
 .text.libgcc.fmul
                0x00000000        0x0 c:/program files (x86)/atmel/studio/7.0/toolchain/avr8/avr8-gnu-toolchain/bin/../lib/gcc/avr/4.9.2/avrxmega6\libgcc.a(_ctors.o)
 .text.libgcc.fixed
                0x00000000        0x0 c:/program files (x86)/atmel/studio/7.0/toolchain/avr8/avr8-gnu-toolchain/bin/../lib/gcc/avr/4.9.2/avrxmega6\libgcc.a(_ctors.o)
 .text          0x00000000        0x0 c:/program files (x86)/atmel/studio/7.0/toolchain/avr8/avr8-gnu-toolchain/bin/../lib/gcc/avr/4.9.2/avrxmega6\libgcc.a(_dtors.o)
 .data          0x00000000        0x0 c:/program files (x86)/atmel/studio/7.0/toolchain/avr8/avr8-gnu-toolchain/bin/../lib/gcc/avr/4.9.2/avrxmega6\libgcc.a(_dtors.o)
 .bss           0x00000000        0x0 c:/program files (x86)/atmel/studio/7.0/toolchain/avr8/avr8-gnu-toolchain/bin/../lib/gcc/avr/4.9.2/avrxmega6\libgcc.a(_dtors.o)
 .text.libgcc.mul
                0x00000000        0x0 c:/program files (x86)/atmel/studio/7.0/toolchain/avr8/avr8-gnu-toolchain/bin/../lib/gcc/avr/4.9.2/avrxmega6\libgcc.a(_dtors.o)
 .text.libgcc.div
                0x00000000        0x0 c:/program files (x86)/atmel/studio/7.0/toolchain/avr8/avr8-gnu-toolchain/bin/../lib/gcc/avr/4.9.2/avrxmega6\libgcc.a(_dtors.o)
 .text.libgcc   0x00000000        0x0 c:/program files (x86)/atmel/studio/7.0/toolchain/avr8/avr8-gnu-toolchain/bin/../lib/gcc/avr/4.9.2/avrxmega6\libgcc.a(_dtors.o)
 .text.libgcc.prologue
                0x00000000        0x0 c:/program files (x86)/atmel/studio/7.0/toolchain/avr8/avr8-gnu-toolchain/bin/../lib/gcc/avr/4.9.2/avrxmega6\libgcc.a(_dtors.o)
 .text.libgcc.builtins
                0x00000000        0x0 c:/program files (x86)/atmel/studio/7.0/toolchain/avr8/avr8-gnu-toolchain/bin/../lib/gcc/avr/4.9.2/avrxmega6\libgcc.a(_dtors.o)
 .text.libgcc.fmul
                0x00000000        0x0 c:/program files (x86)/atmel/studio/7.0/toolchain/avr8/avr8-gnu-toolchain/bin/../lib/gcc/avr/4.9.2/avrxmega6\libgcc.a(_dtors.o)
 .text.libgcc.fixed
                0x00000000        0x0 c:/program files (x86)/atmel/studio/7.0/toolchain/avr8/avr8-gnu-toolchain/bin/../lib/gcc/avr/4.9.2/avrxmega6\libgcc.a(_dtors.o)
 .text          0x00000000        0x0 c:/program files (x86)/atmel/studio/7.0/toolchain/avr8/avr8-gnu-toolchain/bin/../lib/gcc/avr/4.9.2/avrxmega6\libgcc.a(_umulhisi3.o)
 .data          0x00000000        0x0 c:/program files (x86)/atmel/studio/7.0/toolchain/avr8/avr8-gnu-toolchain/bin/../lib/gcc/avr/4.9.2/avrxmega6\libgcc.a(_umulhisi3.o)
 .bss           0x00000000        0x0 c:/program files (x86)/atmel/studio/7.0/toolchain/avr8/avr8-gnu-toolchain/bin/../lib/gcc/avr/4.9.2/avrxmega6\libgcc.a(_umulhisi3.o)
 .text.libgcc.div
                0x00000000        0x0 c:/program files (x86)/atmel/studio/7.0/toolchain/avr8/avr8-gnu-toolchain/bin/../lib/gcc/avr/4.9.2/avrxmega6\libgcc.a(_umulhisi3.o)
 .text.libgcc   0x00000000        0x0 c:/program files (x86)/atmel/studio/7.0/toolchain/avr8/avr8-gnu-toolchain/bin/../lib/gcc/avr/4.9.2/avrxmega6\libgcc.a(_umulhisi3.o)
 .text.libgcc.prologue
                0x00000000        0x0 c:/program files (x86)/atmel/studio/7.0/toolchain/avr8/avr8-gnu-toolchain/bin/../lib/gcc/avr/4.9.2/avrxmega6\libgcc.a(_umulhisi3.o)
 .text.libgcc.builtins
                0x00000000        0x0 c:/program files (x86)/atmel/studio/7.0/toolchain/avr8/avr8-gnu-toolchain/bin/../lib/gcc/avr/4.9.2/avrxmega6\libgcc.a(_umulhisi3.o)
 .text.libgcc.fmul
                0x00000000        0x0 c:/program files (x86)/atmel/studio/7.0/toolchain/avr8/avr8-gnu-toolchain/bin/../lib/gcc/avr/4.9.2/avrxmega6\libgcc.a(_umulhisi3.o)
 .text.libgcc.fixed
                0x00000000        0x0 c:/program files (x86)/atmel/studio/7.0/toolchain/avr8/avr8-gnu-toolchain/bin/../lib/gcc/avr/4.9.2/avrxmega6\libgcc.a(_umulhisi3.o)
 .text          0x00000000        0x0 c:/program files (x86)/atmel/studio/7.0/toolchain/avr8/avr8-gnu-toolchain/bin/../lib/gcc/avr/4.9.2/avrxmega6\libgcc.a(_udivmodsi4.o)
 .data          0x00000000        0x0 c:/program files (x86)/atmel/studio/7.0/toolchain/avr8/avr8-gnu-toolchain/bin/../lib/gcc/avr/4.9.2/avrxmega6\libgcc.a(_udivmodsi4.o)
 .bss           0x00000000        0x0 c:/program files (x86)/atmel/studio/7.0/toolchain/avr8/avr8-gnu-toolchain/bin/../lib/gcc/avr/4.9.2/avrxmega6\libgcc.a(_udivmodsi4.o)
 .text.libgcc.mul
                0x00000000        0x0 c:/program files (x86)/atmel/studio/7.0/toolchain/avr8/avr8-gnu-toolchain/bin/../lib/gcc/avr/4.9.2/avrxmega6\libgcc.a(_udivmodsi4.o)
 .text.libgcc   0x00000000        0x0 c:/program files (x86)/atmel/studio/7.0/toolchain/avr8/avr8-gnu-toolchain/bin/../lib/gcc/avr/4.9.2/avrxmega6\libgcc.a(_udivmodsi4.o)
 .text.libgcc.prologue
                0x00000000        0x0 c:/program files (x86)/atmel/studio/7.0/toolchain/avr8/avr8-gnu-toolchain/bin/../lib/gcc/avr/4.9.2/avrxmega6\libgcc.a(_udivmodsi4.o)
 .text.libgcc.builtins
                0x00000000        0x0 c:/program files (x86)/atmel/studio/7.0/toolchain/avr8/avr8-gnu-toolchain/bin/../lib/gcc/avr/4.9.2/avrxmega6\libgcc.a(_udivmodsi4.o)
 .text.libgcc.fmul
                0x00000000        0x0 c:/program files (x86)/atmel/studio/7.0/toolchain/avr8/avr8-gnu-toolchain/bin/../lib/gcc/avr/4.9.2/avrxmega6\libgcc.a(_udivmodsi4.o)
 .text.libgcc.fixed
                0x00000000        0x0 c:/program files (x86)/atmel/studio/7.0/toolchain/avr8/avr8-gnu-toolchain/bin/../lib/gcc/avr/4.9.2/avrxmega6\libgcc.a(_udivmodsi4.o)
 .text          0x00000000        0x0 c:/program files (x86)/atmel/studio/7.0/toolchain/avr8/avr8-gnu-toolchain/bin/../lib/gcc/avr/4.9.2/../../../../avr/lib/avrxmega6\libc.a(malloc.o)
 .bss           0x00000000        0x0 c:/program files (x86)/atmel/studio/7.0/toolchain/avr8/avr8-gnu-toolchain/bin/../lib/gcc/avr/4.9.2/../../../../avr/lib/avrxmega6\libc.a(malloc.o)
 .text          0x00000000        0x0 c:/program files (x86)/atmel/studio/7.0/toolchain/avr8/avr8-gnu-toolchain/bin/../lib/gcc/avr/4.9.2/../../../../avr/lib/avrxmega6\libc.a(memcpy.o)
 .data          0x00000000        0x0 c:/program files (x86)/atmel/studio/7.0/toolchain/avr8/avr8-gnu-toolchain/bin/../lib/gcc/avr/4.9.2/../../../../avr/lib/avrxmega6\libc.a(memcpy.o)
 .bss           0x00000000        0x0 c:/program files (x86)/atmel/studio/7.0/toolchain/avr8/avr8-gnu-toolchain/bin/../lib/gcc/avr/4.9.2/../../../../avr/lib/avrxmega6\libc.a(memcpy.o)
 .text          0x00000000        0x0 c:/program files (x86)/atmel/studio/7.0/toolchain/avr8/avr8-gnu-toolchain/bin/../lib/gcc/avr/4.9.2/../../../../avr/lib/avrxmega6\libc.a(strcmp.o)
 .data          0x00000000        0x0 c:/program files (x86)/atmel/studio/7.0/toolchain/avr8/avr8-gnu-toolchain/bin/../lib/gcc/avr/4.9.2/../../../../avr/lib/avrxmega6\libc.a(strcmp.o)
 .bss           0x00000000        0x0 c:/program files (x86)/atmel/studio/7.0/toolchain/avr8/avr8-gnu-toolchain/bin/../lib/gcc/avr/4.9.2/../../../../avr/lib/avrxmega6\libc.a(strcmp.o)

Memory Configuration

Name             Origin             Length             Attributes
text             0x00000000         0x00100000         xr
data             0x00802000         0x0000ffa0         rw !x
eeprom           0x00810000         0x00010000         rw !x
fuse             0x00820000         0x00000400         rw !x
lock             0x00830000         0x00000400         rw !x
signature        0x00840000         0x00000400         rw !x
user_signatures  0x00850000         0x00000400         rw !x
*default*        0x00000000         0xffffffff

Linker script and memory map

LOAD C:/Program Files (x86)/Atmel/Studio/7.0/Packs/atmel/XMEGAA_DFP/1.0.36/gcc/dev/atxmega128a3/avrxmega6/crtatxmega128a3.o
LOAD CDGUSDatabase.o
LOAD CDGUSUSART.o
LOAD CLaserBoard.o
LOAD CLaserControlApp.o
LOAD CSoundPlayer.o
LOAD CTimerC.o
LOAD CTimerF.o
LOAD LaserLib/CSPI.o
LOAD LaserLib/CTimer.o
LOAD LaserLib/CUSART.o
LOAD LaserLib/intx128.o
LOAD main.o
LOAD MODBUS/CMBProtocol.o
LOAD MODBUS/CMBSender.o
START GROUP
LOAD c:/program files (x86)/atmel/studio/7.0/toolchain/avr8/avr8-gnu-toolchain/bin/../lib/gcc/avr/4.9.2/../../../../avr/lib/avrxmega6\libm.a
END GROUP
LOAD c:/program files (x86)/atmel/studio/7.0/toolchain/avr8/avr8-gnu-toolchain/bin/../lib/gcc/avr/4.9.2/avrxmega6\libgcc.a
LOAD c:/program files (x86)/atmel/studio/7.0/toolchain/avr8/avr8-gnu-toolchain/bin/../lib/gcc/avr/4.9.2/../../../../avr/lib/avrxmega6\libm.a
START GROUP
LOAD c:/program files (x86)/atmel/studio/7.0/toolchain/avr8/avr8-gnu-toolchain/bin/../lib/gcc/avr/4.9.2/avrxmega6\libgcc.a
LOAD c:/program files (x86)/atmel/studio/7.0/toolchain/avr8/avr8-gnu-toolchain/bin/../lib/gcc/avr/4.9.2/../../../../avr/lib/avrxmega6\libm.a
LOAD c:/program files (x86)/atmel/studio/7.0/toolchain/avr8/avr8-gnu-toolchain/bin/../lib/gcc/avr/4.9.2/../../../../avr/lib/avrxmega6\libc.a
LOAD C:/Program Files (x86)/Atmel/Studio/7.0/Packs/atmel/XMEGAA_DFP/1.0.36/gcc/dev/atxmega128a3/avrxmega6\libatxmega128a3.a
END GROUP

.hash
 *(.hash)

.dynsym
 *(.dynsym)

.dynstr
 *(.dynstr)

.gnu.version
 *(.gnu.version)

.gnu.version_d
 *(.gnu.version_d)

.gnu.version_r
 *(.gnu.version_r)

.rel.init
 *(.rel.init)

.rela.init
 *(.rela.init)

.rel.text
 *(.rel.text)
 *(.rel.text.*)
 *(.rel.gnu.linkonce.t*)

.rela.text
 *(.rela.text)
 *(.rela.text.*)
 *(.rela.gnu.linkonce.t*)

.rel.fini
 *(.rel.fini)

.rela.fini
 *(.rela.fini)

.rel.rodata
 *(.rel.rodata)
 *(.rel.rodata.*)
 *(.rel.gnu.linkonce.r*)

.rela.rodata
 *(.rela.rodata)
 *(.rela.rodata.*)
 *(.rela.gnu.linkonce.r*)

.rel.data
 *(.rel.data)
 *(.rel.data.*)
 *(.rel.gnu.linkonce.d*)

.rela.data
 *(.rela.data)
 *(.rela.data.*)
 *(.rela.gnu.linkonce.d*)

.rel.ctors
 *(.rel.ctors)

.rela.ctors
 *(.rela.ctors)

.rel.dtors
 *(.rel.dtors)

.rela.dtors
 *(.rela.dtors)

.rel.got
 *(.rel.got)

.rela.got
 *(.rela.got)

.rel.bss
 *(.rel.bss)

.rela.bss
 *(.rela.bss)

.rel.plt
 *(.rel.plt)

.rela.plt
 *(.rela.plt)

.text           0x00000000     0x4f3c
 *(.vectors)
 .vectors       0x00000000      0x1e8 C:/Program Files (x86)/Atmel/Studio/7.0/Packs/atmel/XMEGAA_DFP/1.0.36/gcc/dev/atxmega128a3/avrxmega6/crtatxmega128a3.o
                0x00000000                __vector_default
                0x00000000                __vectors
 *(.vectors)
 *(.progmem.gcc*)
 .progmem.gcc_sw_table._ZN16CLaserControlApp18OnRegisterReceivedEhPhh
                0x000001e8       0x4c CLaserControlApp.o
 .progmem.gcc_sw_table._ZN16CLaserControlApp3RunEv
                0x00000234       0x22 CLaserControlApp.o
 .progmem.gcc_sw_table._ZN9CMBSender13OnReceiveByteEh
                0x00000256       0x16 MODBUS/CMBSender.o
                0x0000026c                . = ALIGN (0x2)
                0x0000026c                __trampolines_start = .
 *(.trampolines)
 .trampolines   0x0000026c      0x1ac linker stubs
 *(.trampolines*)
                0x00000418                __trampolines_end = .
 *(.progmem*)
                0x00000418                . = ALIGN (0x2)
 *(.jumptables)
 *(.jumptables*)
 *(.lowtext)
 *(.lowtext*)
                0x00000418                __ctors_start = .
 *(.ctors)
 .ctors         0x00000418        0x2 CLaserControlApp.o
 .ctors         0x0000041a        0x2 main.o
                0x0000041c                __ctors_end = .
                0x0000041c                __dtors_start = .
 *(.dtors)
 .dtors         0x0000041c        0x2 CLaserControlApp.o
 .dtors         0x0000041e        0x2 main.o
                0x00000420                __dtors_end = .
 SORT(*)(.ctors)
 SORT(*)(.dtors)
 *(.init0)
 .init0         0x00000420        0x0 C:/Program Files (x86)/Atmel/Studio/7.0/Packs/atmel/XMEGAA_DFP/1.0.36/gcc/dev/atxmega128a3/avrxmega6/crtatxmega128a3.o
                0x00000420                __init
 *(.init0)
 *(.init1)
 *(.init1)
 *(.init2)
 .init2         0x00000420       0x10 C:/Program Files (x86)/Atmel/Studio/7.0/Packs/atmel/XMEGAA_DFP/1.0.36/gcc/dev/atxmega128a3/avrxmega6/crtatxmega128a3.o
 *(.init2)
 *(.init3)
 *(.init3)
 *(.init4)
 .init4         0x00000430       0x1a c:/program files (x86)/atmel/studio/7.0/toolchain/avr8/avr8-gnu-toolchain/bin/../lib/gcc/avr/4.9.2/avrxmega6\libgcc.a(_copy_data.o)
                0x00000430                __do_copy_data
 .init4         0x0000044a       0x10 c:/program files (x86)/atmel/studio/7.0/toolchain/avr8/avr8-gnu-toolchain/bin/../lib/gcc/avr/4.9.2/avrxmega6\libgcc.a(_clear_bss.o)
                0x0000044a                __do_clear_bss
 *(.init4)
 *(.init5)
 *(.init5)
 *(.init6)
 .init6         0x0000045a       0x20 c:/program files (x86)/atmel/studio/7.0/toolchain/avr8/avr8-gnu-toolchain/bin/../lib/gcc/avr/4.9.2/avrxmega6\libgcc.a(_ctors.o)
                0x0000045a                __do_global_ctors
 *(.init6)
 *(.init7)
 *(.init7)
 *(.init8)
 *(.init8)
 *(.init9)
 .init9         0x0000047a        0x8 C:/Program Files (x86)/Atmel/Studio/7.0/Packs/atmel/XMEGAA_DFP/1.0.36/gcc/dev/atxmega128a3/avrxmega6/crtatxmega128a3.o
 *(.init9)
 *(.text)
 .text          0x00000482        0x4 C:/Program Files (x86)/Atmel/Studio/7.0/Packs/atmel/XMEGAA_DFP/1.0.36/gcc/dev/atxmega128a3/avrxmega6/crtatxmega128a3.o
                0x00000482                __vector_75
                0x00000482                __vector_102
                0x00000482                __bad_interrupt
                0x00000482                __vector_114
                0x00000482                __vector_117
                0x00000482                __vector_107
                0x00000482                __vector_98
                0x00000482                __vector_99
                0x00000482                __vector_100
                0x00000482                __vector_101
                0x00000482                __vector_76
                0x00000482                __vector_115
                0x00000482                __vector_95
                0x00000482                __vector_103
                0x00000482                __vector_96
                0x00000482                __vector_106
                0x00000482                __vector_118
                0x00000482                __vector_94
                0x00000482                __vector_116
                0x00000482                __vector_97
                0x00000486                . = ALIGN (0x2)
 *(.text.*)
 .text._ZN13CDGUSDatabaseC2Ev
                0x00000486        0x2 CDGUSDatabase.o
                0x00000486                _ZN13CDGUSDatabaseC2Ev
                0x00000486                _ZN13CDGUSDatabaseC1Ev
 .text._ZN13CDGUSDatabaseD2Ev
                0x00000488        0x2 CDGUSDatabase.o
                0x00000488                _ZN13CDGUSDatabaseD2Ev
                0x00000488                _ZN13CDGUSDatabaseD1Ev
 .text._ZN13CDGUSDatabase10InitializeEP9CMBSenderj
                0x0000048a       0x18 CDGUSDatabase.o
                0x0000048a                _ZN13CDGUSDatabase10InitializeEP9CMBSenderj
 .text._ZN13CDGUSDatabase18MapDatabaseToWriteEjmj
                0x000004a2       0xca CDGUSDatabase.o
                0x000004a2                _ZN13CDGUSDatabase18MapDatabaseToWriteEjmj
 .text._ZN13CDGUSDatabase17MapDatabaseToReadEjmj
                0x0000056c       0xca CDGUSDatabase.o
                0x0000056c                _ZN13CDGUSDatabase17MapDatabaseToReadEjmj
 .text._ZN13CDGUSDatabase5UnMapEv
                0x00000636       0x3c CDGUSDatabase.o
                0x00000636                _ZN13CDGUSDatabase5UnMapEv
 .text._ZN13CDGUSDatabase18OnVariableReceivedEjPjj
                0x00000672       0x20 CDGUSDatabase.o
                0x00000672                _ZN13CDGUSDatabase18OnVariableReceivedEjPjj
 .text._ZN10CDGUSUSART10InitializeE13BAUDRATE_ENUM11PARITY_ENUM12STOBITS_ENUMb
                0x00000692       0x76 CDGUSUSART.o
                0x00000692                _ZN10CDGUSUSART10InitializeE13BAUDRATE_ENUM11PARITY_ENUM12STOBITS_ENUMb
 .text._ZN10CDGUSUSART15GetReceivedByteEv
                0x00000708        0x6 CDGUSUSART.o
                0x00000708                _ZN10CDGUSUSART15GetReceivedByteEv
 .text._ZN10CDGUSUSART19SetTransmittingByteEh
                0x0000070e        0x6 CDGUSUSART.o
                0x0000070e                _ZN10CDGUSUSART19SetTransmittingByteEh
 .text._ZN10CDGUSUSART14IsTransmittingEv
                0x00000714       0x10 CDGUSUSART.o
                0x00000714                _ZN10CDGUSUSART14IsTransmittingEv
 .text._ZN10CDGUSUSART11IsReceivingEv
                0x00000724        0xe CDGUSUSART.o
                0x00000724                _ZN10CDGUSUSART11IsReceivingEv
 .text._ZN10CDGUSUSART11IsDataEmptyEv
                0x00000732       0x10 CDGUSUSART.o
                0x00000732                _ZN10CDGUSUSART11IsDataEmptyEv
 .text._ZN10CDGUSUSART25SetRxInterruptionCallbackEPvPFvS0_E
                0x00000742       0x12 CDGUSUSART.o
                0x00000742                _ZN10CDGUSUSART25SetRxInterruptionCallbackEPvPFvS0_E
 .text._ZN10CDGUSUSART25SetTxInterruptionCallbackEPvPFvS0_E
                0x00000754       0x12 CDGUSUSART.o
                0x00000754                _ZN10CDGUSUSART25SetTxInterruptionCallbackEPvPFvS0_E
 .text._ZN10CDGUSUSART12SetDMARxTrigEP13DMA_CH_struct
                0x00000766       0x12 CDGUSUSART.o
                0x00000766                _ZN10CDGUSUSART12SetDMARxTrigEP13DMA_CH_struct
 .text._ZN10CDGUSUSART12SetDMATxTrigEP13DMA_CH_struct
                0x00000778       0x12 CDGUSUSART.o
                0x00000778                _ZN10CDGUSUSART12SetDMATxTrigEP13DMA_CH_struct
 .text._ZN10CDGUSUSARTC2Ev
                0x0000078a       0x18 CDGUSUSART.o
                0x0000078a                _ZN10CDGUSUSARTC1Ev
                0x0000078a                _ZN10CDGUSUSARTC2Ev
 .text._ZN10CDGUSUSARTD2Ev
                0x000007a2       0x10 CDGUSUSART.o
                0x000007a2                _ZN10CDGUSUSARTD2Ev
                0x000007a2                _ZN10CDGUSUSARTD1Ev
 .text._ZN11CLaserBoardC2Ev
                0x000007b2        0x2 CLaserBoard.o
                0x000007b2                _ZN11CLaserBoardC1Ev
                0x000007b2                _ZN11CLaserBoardC2Ev
 .text._ZN11CLaserBoardD2Ev
                0x000007b4        0x2 CLaserBoard.o
                0x000007b4                _ZN11CLaserBoardD2Ev
                0x000007b4                _ZN11CLaserBoardD1Ev
 .text._ZN11CLaserBoard12InitializeIOEv
                0x000007b6       0x70 CLaserBoard.o
                0x000007b6                _ZN11CLaserBoard12InitializeIOEv
 .text._ZN11CLaserBoard15InitializeClockEv
                0x00000826       0x6a CLaserBoard.o
                0x00000826                _ZN11CLaserBoard15InitializeClockEv
 .text._ZN11CLaserBoard8Relay1OnEv
                0x00000890        0x8 CLaserBoard.o
                0x00000890                _ZN11CLaserBoard8Relay1OnEv
 .text._ZN11CLaserBoard8Relay2OnEv
                0x00000898        0x8 CLaserBoard.o
                0x00000898                _ZN11CLaserBoard8Relay2OnEv
 .text._ZN11CLaserBoard9Relay1OffEv
                0x000008a0        0x8 CLaserBoard.o
                0x000008a0                _ZN11CLaserBoard9Relay1OffEv
 .text._ZN11CLaserBoard9Relay2OffEv
                0x000008a8        0x8 CLaserBoard.o
                0x000008a8                _ZN11CLaserBoard9Relay2OffEv
 .text._ZN11CLaserBoard4BeepEv
                0x000008b0       0x30 CLaserBoard.o
                0x000008b0                _ZN11CLaserBoard4BeepEv
 .text._ZN11CLaserBoard14BeepClassErrorEv
                0x000008e0       0x54 CLaserBoard.o
                0x000008e0                _ZN11CLaserBoard14BeepClassErrorEv
 .text._ZN16CLaserControlApp21OnTransactionCallbackEPhj
                0x00000934        0x2 CLaserControlApp.o
                0x00000934                _ZN16CLaserControlApp21OnTransactionCallbackEPhj
 .text._ZN16CLaserControlApp18OnRegisterReceivedEhPhh
                0x00000936       0xb4 CLaserControlApp.o
                0x00000936                _ZN16CLaserControlApp18OnRegisterReceivedEhPhh
 .text._ZN16CLaserControlApp18OnVariableReceivedEjPjj
                0x000009ea      0x10c CLaserControlApp.o
                0x000009ea                _ZN16CLaserControlApp18OnVariableReceivedEjPjj
 .text._Z11ConvertDataPvS_jj
                0x00000af6       0x58 CLaserControlApp.o
                0x00000af6                _Z11ConvertDataPvS_jj
 .text._ZN16CLaserControlAppC2Ev
                0x00000b4e        0xc CLaserControlApp.o
                0x00000b4e                _ZN16CLaserControlAppC2Ev
                0x00000b4e                _ZN16CLaserControlAppC1Ev
 .text._ZN16CLaserControlAppD2Ev
                0x00000b5a       0x10 CLaserControlApp.o
                0x00000b5a                _ZN16CLaserControlAppD2Ev
                0x00000b5a                _ZN16CLaserControlAppD1Ev
 .text._ZN16CLaserControlApp5StartEv
                0x00000b6a      0x152 CLaserControlApp.o
                0x00000b6a                _ZN16CLaserControlApp5StartEv
 .text._GLOBAL__sub_I_timer
                0x00000cbc        0xa CLaserControlApp.o
 .text._GLOBAL__sub_D_timer
                0x00000cc6        0xa CLaserControlApp.o
 .text._ZN16CLaserControlApp10InitializeEP9CMBSender
                0x00000cd0       0x6a CLaserControlApp.o
                0x00000cd0                _ZN16CLaserControlApp10InitializeEP9CMBSender
 .text._ZN16CLaserControlApp3RunEv
                0x00000d3a      0x7a4 CLaserControlApp.o
                0x00000d3a                _ZN16CLaserControlApp3RunEv
 .text._ZN16CLaserControlApp9OnTimeoutEv
                0x000014de       0x12 CLaserControlApp.o
                0x000014de                _ZN16CLaserControlApp9OnTimeoutEv
 .text._ZN16CLaserControlApp7OnTimerEv
                0x000014f0       0xf0 CLaserControlApp.o
                0x000014f0                _ZN16CLaserControlApp7OnTimerEv
 .text._ZN16CLaserControlApp13OnTimerStaticEPv
                0x000015e0        0x6 CLaserControlApp.o
                0x000015e0                _ZN16CLaserControlApp13OnTimerStaticEPv
 .text._ZN12CSoundPlayerC2Ev
                0x000015e6        0x2 CSoundPlayer.o
                0x000015e6                _ZN12CSoundPlayerC2Ev
                0x000015e6                _ZN12CSoundPlayerC1Ev
 .text._ZN12CSoundPlayerD2Ev
                0x000015e8        0x2 CSoundPlayer.o
                0x000015e8                _ZN12CSoundPlayerD1Ev
                0x000015e8                _ZN12CSoundPlayerD2Ev
 .text._ZN12CSoundPlayer19InitializeToneTimerEv
                0x000015ea       0x26 CSoundPlayer.o
                0x000015ea                _ZN12CSoundPlayer19InitializeToneTimerEv
 .text._ZN12CSoundPlayer23InitializeDurationTimerEv
                0x00001610       0x18 CSoundPlayer.o
                0x00001610                _ZN12CSoundPlayer23InitializeDurationTimerEv
 .text._ZN12CSoundPlayer10SoundStartEjjh
                0x00001628       0x68 CSoundPlayer.o
                0x00001628                _ZN12CSoundPlayer10SoundStartEjjh
 .text._ZN12CSoundPlayer9SoundStopEv
                0x00001690       0x4a CSoundPlayer.o
                0x00001690                _ZN12CSoundPlayer9SoundStopEv
 .text._ZN12CSoundPlayer4beepEjj
                0x000016da       0x18 CSoundPlayer.o
                0x000016da                _ZN12CSoundPlayer4beepEjj
 .text._ZN12CSoundPlayer4LockEv
                0x000016f2        0xe CSoundPlayer.o
                0x000016f2                _ZN12CSoundPlayer4LockEv
 .text._ZN12CSoundPlayer6SetPWMEj
                0x00001700       0x2c CSoundPlayer.o
                0x00001700                _ZN12CSoundPlayer6SetPWMEj
 .text._ZN12CSoundPlayer6UnLockEv
                0x0000172c       0x12 CSoundPlayer.o
                0x0000172c                _ZN12CSoundPlayer6UnLockEv
 .text._ZN12CSoundPlayer10InitializeEv
                0x0000173e       0x16 CSoundPlayer.o
                0x0000173e                _ZN12CSoundPlayer10InitializeEv
 .text._ZN12CSoundPlayer4PlayEv
                0x00001754       0xa6 CSoundPlayer.o
                0x00001754                _ZN12CSoundPlayer4PlayEv
 .text._ZN7CTimerC10InitializeE27TIMER_WAVEFORMGEN_MODE_ENUM22TIMER_CLOCKSELECT_ENUM
                0x000017fa       0x36 CTimerC.o
                0x000017fa                _ZN7CTimerC10InitializeE27TIMER_WAVEFORMGEN_MODE_ENUM22TIMER_CLOCKSELECT_ENUM
 .text._ZN7CTimerC5StartEj
                0x00001830       0x1a CTimerC.o
                0x00001830                _ZN7CTimerC5StartEj
 .text._ZN7CTimerC4StopEv
                0x0000184a       0x10 CTimerC.o
                0x0000184a                _ZN7CTimerC4StopEv
 .text._ZN7CTimerC13EnableChannelE19TIMER_CHANNELS_ENUM
                0x0000185a        0xe CTimerC.o
                0x0000185a                _ZN7CTimerC13EnableChannelE19TIMER_CHANNELS_ENUM
 .text._ZN7CTimerC14DisableChannelE19TIMER_CHANNELS_ENUM
                0x00001868        0xe CTimerC.o
                0x00001868                _ZN7CTimerC14DisableChannelE19TIMER_CHANNELS_ENUM
 .text._ZN7CTimerC9SetPeriodEj
                0x00001876        0xa CTimerC.o
                0x00001876                _ZN7CTimerC9SetPeriodEj
 .text._ZN7CTimerC8SetCOMPAEj
                0x00001880        0xa CTimerC.o
                0x00001880                _ZN7CTimerC8SetCOMPAEj
 .text._ZN7CTimerC8SetCOMPBEj
                0x0000188a        0xa CTimerC.o
                0x0000188a                _ZN7CTimerC8SetCOMPBEj
 .text._ZN7CTimerC8SetCOMPCEj
                0x00001894        0xa CTimerC.o
                0x00001894                _ZN7CTimerC8SetCOMPCEj
 .text._ZN7CTimerC8SetCOMPDEj
                0x0000189e        0xa CTimerC.o
                0x0000189e                _ZN7CTimerC8SetCOMPDEj
 .text._ZN7CTimerC14SetOVFCallbackEPFvPvES0_17TC_OVFINTLVL_enum
                0x000018a8       0x24 CTimerC.o
                0x000018a8                _ZN7CTimerC14SetOVFCallbackEPFvPvES0_17TC_OVFINTLVL_enum
 .text._ZN7CTimerC14SetERRCallbackEPFvPvES0_17TC_ERRINTLVL_enum
                0x000018cc       0x24 CTimerC.o
                0x000018cc                _ZN7CTimerC14SetERRCallbackEPFvPvES0_17TC_ERRINTLVL_enum
 .text._ZN7CTimerC16SetCOMPACallbackEPFvPvES0_17TC_CCAINTLVL_enum
                0x000018f0       0x24 CTimerC.o
                0x000018f0                _ZN7CTimerC16SetCOMPACallbackEPFvPvES0_17TC_CCAINTLVL_enum
 .text._ZN7CTimerC16SetCOMPBCallbackEPFvPvES0_17TC_CCBINTLVL_enum
                0x00001914       0x24 CTimerC.o
                0x00001914                _ZN7CTimerC16SetCOMPBCallbackEPFvPvES0_17TC_CCBINTLVL_enum
 .text._ZN7CTimerC16SetCOMPCCallbackEPFvPvES0_17TC_CCCINTLVL_enum
                0x00001938       0x24 CTimerC.o
                0x00001938                _ZN7CTimerC16SetCOMPCCallbackEPFvPvES0_17TC_CCCINTLVL_enum
 .text._ZN7CTimerC16SetCOMPDCallbackEPFvPvES0_17TC_CCDINTLVL_enum
                0x0000195c       0x24 CTimerC.o
                0x0000195c                _ZN7CTimerC16SetCOMPDCallbackEPFvPvES0_17TC_CCDINTLVL_enum
 .text._ZN7CTimerCC2Ev
                0x00001980       0x18 CTimerC.o
                0x00001980                _ZN7CTimerCC1Ev
                0x00001980                _ZN7CTimerCC2Ev
 .text._ZN7CTimerCD2Ev
                0x00001998       0x10 CTimerC.o
                0x00001998                _ZN7CTimerCD1Ev
                0x00001998                _ZN7CTimerCD2Ev
 .text._ZN7CTimerF10InitializeE27TIMER_WAVEFORMGEN_MODE_ENUM22TIMER_CLOCKSELECT_ENUM
                0x000019a8       0x36 CTimerF.o
                0x000019a8                _ZN7CTimerF10InitializeE27TIMER_WAVEFORMGEN_MODE_ENUM22TIMER_CLOCKSELECT_ENUM
 .text._ZN7CTimerF5StartEj
                0x000019de       0x1a CTimerF.o
                0x000019de                _ZN7CTimerF5StartEj
 .text._ZN7CTimerF4StopEv
                0x000019f8       0x10 CTimerF.o
                0x000019f8                _ZN7CTimerF4StopEv
 .text._ZN7CTimerF13EnableChannelE19TIMER_CHANNELS_ENUM
                0x00001a08        0xc CTimerF.o
                0x00001a08                _ZN7CTimerF13EnableChannelE19TIMER_CHANNELS_ENUM
 .text._ZN7CTimerF14DisableChannelE19TIMER_CHANNELS_ENUM
                0x00001a14        0xe CTimerF.o
                0x00001a14                _ZN7CTimerF14DisableChannelE19TIMER_CHANNELS_ENUM
 .text._ZN7CTimerF10ChannelSetE19TIMER_CHANNELS_ENUM
                0x00001a22       0x10 CTimerF.o
                0x00001a22                _ZN7CTimerF10ChannelSetE19TIMER_CHANNELS_ENUM
 .text._ZN7CTimerF12ChannelResetE19TIMER_CHANNELS_ENUM
                0x00001a32       0x12 CTimerF.o
                0x00001a32                _ZN7CTimerF12ChannelResetE19TIMER_CHANNELS_ENUM
 .text._ZN7CTimerF9SetPeriodEj
                0x00001a44        0xa CTimerF.o
                0x00001a44                _ZN7CTimerF9SetPeriodEj
 .text._ZN7CTimerF8SetCOMPAEj
                0x00001a4e        0xa CTimerF.o
                0x00001a4e                _ZN7CTimerF8SetCOMPAEj
 .text._ZN7CTimerF8SetCOMPBEj
                0x00001a58        0xa CTimerF.o
                0x00001a58                _ZN7CTimerF8SetCOMPBEj
 .text._ZN7CTimerF8SetCOMPCEj
                0x00001a62        0xa CTimerF.o
                0x00001a62                _ZN7CTimerF8SetCOMPCEj
 .text._ZN7CTimerF8SetCOMPDEj
                0x00001a6c        0xa CTimerF.o
                0x00001a6c                _ZN7CTimerF8SetCOMPDEj
 .text._ZN7CTimerF14SetOVFCallbackEPFvPvES0_17TC_OVFINTLVL_enum
                0x00001a76       0x24 CTimerF.o
                0x00001a76                _ZN7CTimerF14SetOVFCallbackEPFvPvES0_17TC_OVFINTLVL_enum
 .text._ZN7CTimerF14SetERRCallbackEPFvPvES0_17TC_ERRINTLVL_enum
                0x00001a9a       0x24 CTimerF.o
                0x00001a9a                _ZN7CTimerF14SetERRCallbackEPFvPvES0_17TC_ERRINTLVL_enum
 .text._ZN7CTimerF16SetCOMPACallbackEPFvPvES0_17TC_CCAINTLVL_enum
                0x00001abe       0x24 CTimerF.o
                0x00001abe                _ZN7CTimerF16SetCOMPACallbackEPFvPvES0_17TC_CCAINTLVL_enum
 .text._ZN7CTimerF16SetCOMPBCallbackEPFvPvES0_17TC_CCBINTLVL_enum
                0x00001ae2       0x24 CTimerF.o
                0x00001ae2                _ZN7CTimerF16SetCOMPBCallbackEPFvPvES0_17TC_CCBINTLVL_enum
 .text._ZN7CTimerF16SetCOMPCCallbackEPFvPvES0_17TC_CCCINTLVL_enum
                0x00001b06       0x24 CTimerF.o
                0x00001b06                _ZN7CTimerF16SetCOMPCCallbackEPFvPvES0_17TC_CCCINTLVL_enum
 .text._ZN7CTimerF16SetCOMPDCallbackEPFvPvES0_17TC_CCDINTLVL_enum
                0x00001b2a       0x24 CTimerF.o
                0x00001b2a                _ZN7CTimerF16SetCOMPDCallbackEPFvPvES0_17TC_CCDINTLVL_enum
 .text._ZN7CTimerFC2Ev
                0x00001b4e       0x18 CTimerF.o
                0x00001b4e                _ZN7CTimerFC2Ev
                0x00001b4e                _ZN7CTimerFC1Ev
 .text._ZN7CTimerFD2Ev
                0x00001b66       0x10 CTimerF.o
                0x00001b66                _ZN7CTimerFD2Ev
                0x00001b66                _ZN7CTimerFD1Ev
 .text._ZN4CSPIC2Ev
                0x00001b76        0x2 LaserLib/CSPI.o
                0x00001b76                _ZN4CSPIC2Ev
                0x00001b76                _ZN4CSPIC1Ev
 .text._ZN4CSPID2Ev
                0x00001b78        0x2 LaserLib/CSPI.o
                0x00001b78                _ZN4CSPID2Ev
                0x00001b78                _ZN4CSPID1Ev
 .text._ZN4CSPI10InitializeEb19SPI_DATA_ORDER_ENUM13SPI_MODE_ENUMb18SPI_PRESCALER_enum
                0x00001b7a       0x88 LaserLib/CSPI.o
                0x00001b7a                _ZN4CSPI10InitializeEb19SPI_DATA_ORDER_ENUM13SPI_MODE_ENUMb18SPI_PRESCALER_enum
 .text._ZN4CSPI10OnTransmitEv
                0x00001c02       0x30 LaserLib/CSPI.o
                0x00001c02                _ZN4CSPI10OnTransmitEv
 .text._ZN4CSPI16StaticOnTransmitEPv
                0x00001c32        0x6 LaserLib/CSPI.o
                0x00001c32                _ZN4CSPI16StaticOnTransmitEPv
 .text._ZN6CTimerC2Ev
                0x00001c38        0xc LaserLib/CTimer.o
                0x00001c38                _ZN6CTimerC1Ev
                0x00001c38                _ZN6CTimerC2Ev
 .text._ZN6CTimerD2Ev
                0x00001c44        0x2 LaserLib/CTimer.o
                0x00001c44                _ZN6CTimerD1Ev
                0x00001c44                _ZN6CTimerD2Ev
 .text._ZN6CUSARTC2Ev
                0x00001c46        0xc LaserLib/CUSART.o
                0x00001c46                _ZN6CUSARTC2Ev
                0x00001c46                _ZN6CUSARTC1Ev
 .text._ZN6CUSARTD2Ev
                0x00001c52        0x2 LaserLib/CUSART.o
                0x00001c52                _ZN6CUSARTD1Ev
                0x00001c52                _ZN6CUSARTD2Ev
 .text.__vector_1
                0x00001c54       0x62 LaserLib/intx128.o
                0x00001c54                __vector_1
 .text.__vector_2
                0x00001cb6       0x62 LaserLib/intx128.o
                0x00001cb6                __vector_2
 .text.__vector_3
                0x00001d18       0x62 LaserLib/intx128.o
                0x00001d18                __vector_3
 .text.__vector_4
                0x00001d7a       0x62 LaserLib/intx128.o
                0x00001d7a                __vector_4
 .text.__vector_5
                0x00001ddc       0x62 LaserLib/intx128.o
                0x00001ddc                __vector_5
 .text.__vector_6
                0x00001e3e       0x62 LaserLib/intx128.o
                0x00001e3e                __vector_6
 .text.__vector_7
                0x00001ea0       0x62 LaserLib/intx128.o
                0x00001ea0                __vector_7
 .text.__vector_8
                0x00001f02       0x62 LaserLib/intx128.o
                0x00001f02                __vector_8
 .text.__vector_9
                0x00001f64       0x62 LaserLib/intx128.o
                0x00001f64                __vector_9
 .text.__vector_10
                0x00001fc6       0x62 LaserLib/intx128.o
                0x00001fc6                __vector_10
 .text.__vector_11
                0x00002028       0x62 LaserLib/intx128.o
                0x00002028                __vector_11
 .text.__vector_12
                0x0000208a       0x62 LaserLib/intx128.o
                0x0000208a                __vector_12
 .text.__vector_13
                0x000020ec       0x62 LaserLib/intx128.o
                0x000020ec                __vector_13
 .text.__vector_14
                0x0000214e       0x62 LaserLib/intx128.o
                0x0000214e                __vector_14
 .text.__vector_15
                0x000021b0       0x62 LaserLib/intx128.o
                0x000021b0                __vector_15
 .text.__vector_16
                0x00002212       0x62 LaserLib/intx128.o
                0x00002212                __vector_16
 .text.__vector_17
                0x00002274       0x62 LaserLib/intx128.o
                0x00002274                __vector_17
 .text.__vector_18
                0x000022d6       0x62 LaserLib/intx128.o
                0x000022d6                __vector_18
 .text.__vector_19
                0x00002338       0x62 LaserLib/intx128.o
                0x00002338                __vector_19
 .text.__vector_20
                0x0000239a       0x62 LaserLib/intx128.o
                0x0000239a                __vector_20
 .text.__vector_21
                0x000023fc       0x62 LaserLib/intx128.o
                0x000023fc                __vector_21
 .text.__vector_22
                0x0000245e       0x62 LaserLib/intx128.o
                0x0000245e                __vector_22
 .text.__vector_23
                0x000024c0       0x62 LaserLib/intx128.o
                0x000024c0                __vector_23
 .text.__vector_24
                0x00002522       0x62 LaserLib/intx128.o
                0x00002522                __vector_24
 .text.__vector_25
                0x00002584       0x62 LaserLib/intx128.o
                0x00002584                __vector_25
 .text.__vector_26
                0x000025e6       0x62 LaserLib/intx128.o
                0x000025e6                __vector_26
 .text.__vector_27
                0x00002648       0x62 LaserLib/intx128.o
                0x00002648                __vector_27
 .text.__vector_28
                0x000026aa       0x62 LaserLib/intx128.o
                0x000026aa                __vector_28
 .text.__vector_29
                0x0000270c       0x62 LaserLib/intx128.o
                0x0000270c                __vector_29
 .text.__vector_30
                0x0000276e       0x62 LaserLib/intx128.o
                0x0000276e                __vector_30
 .text.__vector_31
                0x000027d0       0x62 LaserLib/intx128.o
                0x000027d0                __vector_31
 .text.__vector_32
                0x00002832       0x62 LaserLib/intx128.o
                0x00002832                __vector_32
 .text.__vector_33
                0x00002894       0x62 LaserLib/intx128.o
                0x00002894                __vector_33
 .text.__vector_34
                0x000028f6       0x62 LaserLib/intx128.o
                0x000028f6                __vector_34
 .text.__vector_35
                0x00002958       0x62 LaserLib/intx128.o
                0x00002958                __vector_35
 .text.__vector_36
                0x000029ba       0x62 LaserLib/intx128.o
                0x000029ba                __vector_36
 .text.__vector_37
                0x00002a1c       0x62 LaserLib/intx128.o
                0x00002a1c                __vector_37
 .text.__vector_38
                0x00002a7e       0x62 LaserLib/intx128.o
                0x00002a7e                __vector_38
 .text.__vector_39
                0x00002ae0       0x62 LaserLib/intx128.o
                0x00002ae0                __vector_39
 .text.__vector_40
                0x00002b42       0x62 LaserLib/intx128.o
                0x00002b42                __vector_40
 .text.__vector_41
                0x00002ba4       0x62 LaserLib/intx128.o
                0x00002ba4                __vector_41
 .text.__vector_42
                0x00002c06       0x62 LaserLib/intx128.o
                0x00002c06                __vector_42
 .text.__vector_43
                0x00002c68       0x62 LaserLib/intx128.o
                0x00002c68                __vector_43
 .text.__vector_44
                0x00002cca       0x62 LaserLib/intx128.o
                0x00002cca                __vector_44
 .text.__vector_45
                0x00002d2c       0x62 LaserLib/intx128.o
                0x00002d2c                __vector_45
 .text.__vector_46
                0x00002d8e       0x62 LaserLib/intx128.o
                0x00002d8e                __vector_46
 .text.__vector_47
                0x00002df0       0x62 LaserLib/intx128.o
                0x00002df0                __vector_47
 .text.__vector_48
                0x00002e52       0x62 LaserLib/intx128.o
                0x00002e52                __vector_48
 .text.__vector_49
                0x00002eb4       0x62 LaserLib/intx128.o
                0x00002eb4                __vector_49
 .text.__vector_50
                0x00002f16       0x62 LaserLib/intx128.o
                0x00002f16                __vector_50
 .text.__vector_51
                0x00002f78       0x62 LaserLib/intx128.o
                0x00002f78                __vector_51
 .text.__vector_52
                0x00002fda       0x62 LaserLib/intx128.o
                0x00002fda                __vector_52
 .text.__vector_53
                0x0000303c       0x62 LaserLib/intx128.o
                0x0000303c                __vector_53
 .text.__vector_54
                0x0000309e       0x62 LaserLib/intx128.o
                0x0000309e                __vector_54
 .text.__vector_55
                0x00003100       0x62 LaserLib/intx128.o
                0x00003100                __vector_55
 .text.__vector_56
                0x00003162       0x62 LaserLib/intx128.o
                0x00003162                __vector_56
 .text.__vector_57
                0x000031c4       0x62 LaserLib/intx128.o
                0x000031c4                __vector_57
 .text.__vector_58
                0x00003226       0x62 LaserLib/intx128.o
                0x00003226                __vector_58
 .text.__vector_59
                0x00003288       0x62 LaserLib/intx128.o
                0x00003288                __vector_59
 .text.__vector_60
                0x000032ea       0x62 LaserLib/intx128.o
                0x000032ea                __vector_60
 .text.__vector_61
                0x0000334c       0x62 LaserLib/intx128.o
                0x0000334c                __vector_61
 .text.__vector_62
                0x000033ae       0x62 LaserLib/intx128.o
                0x000033ae                __vector_62
 .text.__vector_63
                0x00003410       0x62 LaserLib/intx128.o
                0x00003410                __vector_63
 .text.__vector_64
                0x00003472       0x62 LaserLib/intx128.o
                0x00003472                __vector_64
 .text.__vector_65
                0x000034d4       0x62 LaserLib/intx128.o
                0x000034d4                __vector_65
 .text.__vector_66
                0x00003536       0x62 LaserLib/intx128.o
                0x00003536                __vector_66
 .text.__vector_67
                0x00003598       0x62 LaserLib/intx128.o
                0x00003598                __vector_67
 .text.__vector_68
                0x000035fa       0x62 LaserLib/intx128.o
                0x000035fa                __vector_68
 .text.__vector_69
                0x0000365c       0x62 LaserLib/intx128.o
                0x0000365c                __vector_69
 .text.__vector_70
                0x000036be       0x62 LaserLib/intx128.o
                0x000036be                __vector_70
 .text.__vector_71
                0x00003720       0x62 LaserLib/intx128.o
                0x00003720                __vector_71
 .text.__vector_72
                0x00003782       0x62 LaserLib/intx128.o
                0x00003782                __vector_72
 .text.__vector_73
                0x000037e4       0x62 LaserLib/intx128.o
                0x000037e4                __vector_73
 .text.__vector_74
                0x00003846       0x62 LaserLib/intx128.o
                0x00003846                __vector_74
 .text.__vector_77
                0x000038a8       0x62 LaserLib/intx128.o
                0x000038a8                __vector_77
 .text.__vector_78
                0x0000390a       0x62 LaserLib/intx128.o
                0x0000390a                __vector_78
 .text.__vector_79
                0x0000396c       0x62 LaserLib/intx128.o
                0x0000396c                __vector_79
 .text.__vector_80
                0x000039ce       0x62 LaserLib/intx128.o
                0x000039ce                __vector_80
 .text.__vector_81
                0x00003a30       0x62 LaserLib/intx128.o
                0x00003a30                __vector_81
 .text.__vector_82
                0x00003a92       0x62 LaserLib/intx128.o
                0x00003a92                __vector_82
 .text.__vector_83
                0x00003af4       0x62 LaserLib/intx128.o
                0x00003af4                __vector_83
 .text.__vector_84
                0x00003b56       0x62 LaserLib/intx128.o
                0x00003b56                __vector_84
 .text.__vector_85
                0x00003bb8       0x62 LaserLib/intx128.o
                0x00003bb8                __vector_85
 .text.__vector_86
                0x00003c1a       0x62 LaserLib/intx128.o
                0x00003c1a                __vector_86
 .text.__vector_87
                0x00003c7c       0x62 LaserLib/intx128.o
                0x00003c7c                __vector_87
 .text.__vector_88
                0x00003cde       0x62 LaserLib/intx128.o
                0x00003cde                __vector_88
 .text.__vector_89
                0x00003d40       0x62 LaserLib/intx128.o
                0x00003d40                __vector_89
 .text.__vector_90
                0x00003da2       0x62 LaserLib/intx128.o
                0x00003da2                __vector_90
 .text.__vector_91
                0x00003e04       0x62 LaserLib/intx128.o
                0x00003e04                __vector_91
 .text.__vector_92
                0x00003e66       0x62 LaserLib/intx128.o
                0x00003e66                __vector_92
 .text.__vector_93
                0x00003ec8       0x62 LaserLib/intx128.o
                0x00003ec8                __vector_93
 .text.__vector_104
                0x00003f2a       0x62 LaserLib/intx128.o
                0x00003f2a                __vector_104
 .text.__vector_105
                0x00003f8c       0x62 LaserLib/intx128.o
                0x00003f8c                __vector_105
 .text.__vector_108
                0x00003fee       0x62 LaserLib/intx128.o
                0x00003fee                __vector_108
 .text.__vector_109
                0x00004050       0x62 LaserLib/intx128.o
                0x00004050                __vector_109
 .text.__vector_110
                0x000040b2       0x62 LaserLib/intx128.o
                0x000040b2                __vector_110
 .text.__vector_111
                0x00004114       0x62 LaserLib/intx128.o
                0x00004114                __vector_111
 .text.__vector_112
                0x00004176       0x62 LaserLib/intx128.o
                0x00004176                __vector_112
 .text.__vector_113
                0x000041d8       0x62 LaserLib/intx128.o
                0x000041d8                __vector_113
 .text.__vector_119
                0x0000423a       0x62 LaserLib/intx128.o
                0x0000423a                __vector_119
 .text.__vector_120
                0x0000429c       0x62 LaserLib/intx128.o
                0x0000429c                __vector_120
 .text.__vector_121
                0x000042fe       0x62 LaserLib/intx128.o
                0x000042fe                __vector_121
 .text.__cxa_pure_virtual
                0x00004360        0x6 main.o
                0x00004360                __cxa_pure_virtual
 .text._GLOBAL__sub_I_dacSPI
                0x00004366       0x42 main.o
 .text._GLOBAL__sub_D_dacSPI
                0x000043a8       0x42 main.o
 .text._Z16SystemInitializev
                0x000043ea       0xb2 main.o
                0x000043ea                _Z16SystemInitializev
 .text.main     0x0000449c       0xd8 main.o
                0x0000449c                main
 .text._ZN16CMBEventsHandler13FillRegDataTxEhPhh
                0x00004574       0x62 MODBUS/CMBProtocol.o
                0x00004574                _ZN16CMBEventsHandler13FillRegDataTxEhPhh
 .text._ZN16CMBEventsHandler13FillRegDataRqEhh
                0x000045d6       0x3e MODBUS/CMBProtocol.o
                0x000045d6                _ZN16CMBEventsHandler13FillRegDataRqEhh
 .text._ZN16CMBEventsHandler13FillVarDataTxEjPjj
                0x00004614       0x90 MODBUS/CMBProtocol.o
                0x00004614                _ZN16CMBEventsHandler13FillVarDataTxEjPjj
 .text._ZN16CMBEventsHandler13FillVarDataRqEjj
                0x000046a4       0x46 MODBUS/CMBProtocol.o
                0x000046a4                _ZN16CMBEventsHandler13FillVarDataRqEjj
 .text._ZN16CMBEventsHandler15AllocateBuffersEjj
                0x000046ea       0x36 MODBUS/CMBProtocol.o
                0x000046ea                _ZN16CMBEventsHandler15AllocateBuffersEjj
 .text._ZN16CMBEventsHandler11FreeBuffersEv
                0x00004720       0x1c MODBUS/CMBProtocol.o
                0x00004720                _ZN16CMBEventsHandler11FreeBuffersEv
 .text._ZN16CMBEventsHandlerD2Ev
                0x0000473c        0x2 MODBUS/CMBProtocol.o
                0x0000473c                _ZN16CMBEventsHandlerD2Ev
                0x0000473c                _ZN16CMBEventsHandlerD1Ev
 .text._ZN9CMBSender18OnVariableReceivedEjPjj
                0x0000473e       0x1e MODBUS/CMBSender.o
                0x0000473e                _ZN9CMBSender18OnVariableReceivedEjPjj
 .text._ZN9CMBSender18OnRegisterReceivedEhPhh
                0x0000475c       0x1e MODBUS/CMBSender.o
                0x0000475c                _ZN9CMBSender18OnRegisterReceivedEhPhh
 .text._ZN9CMBSenderC2Ev
                0x0000477a        0xc MODBUS/CMBSender.o
                0x0000477a                _ZN9CMBSenderC2Ev
                0x0000477a                _ZN9CMBSenderC1Ev
 .text._ZN9CMBSender10InitializeEP6CUSARTP16CMBEventsHandlerjj
                0x00004786       0x9e MODBUS/CMBSender.o
                0x00004786                _ZN9CMBSender10InitializeEP6CUSARTP16CMBEventsHandlerjj
 .text._ZN9CMBSenderD2Ev
                0x00004824       0x10 MODBUS/CMBSender.o
                0x00004824                _ZN9CMBSenderD1Ev
                0x00004824                _ZN9CMBSenderD2Ev
 .text._ZN9CMBSender13OnReceiveByteEh
                0x00004834      0x174 MODBUS/CMBSender.o
                0x00004834                _ZN9CMBSender13OnReceiveByteEh
 .text._ZN9CMBSender18OnUSARTRxInterruptEPv
                0x000049a8       0x26 MODBUS/CMBSender.o
                0x000049a8                _ZN9CMBSender18OnUSARTRxInterruptEPv
 .text._ZN9CMBSender19StartMODBUSListenerEv
                0x000049ce       0x12 MODBUS/CMBSender.o
                0x000049ce                _ZN9CMBSender19StartMODBUSListenerEv
 .text._ZN9CMBSender14OnTransmitByteEv
                0x000049e0       0x92 MODBUS/CMBSender.o
                0x000049e0                _ZN9CMBSender14OnTransmitByteEv
 .text._ZN9CMBSender18OnUSARTTxInterruptEPv
                0x00004a72        0x6 MODBUS/CMBSender.o
                0x00004a72                _ZN9CMBSender18OnUSARTTxInterruptEPv
 .text._ZN9CMBSender18WaitMODBUSListenerEv
                0x00004a78       0x22 MODBUS/CMBSender.o
                0x00004a78                _ZN9CMBSender18WaitMODBUSListenerEv
 .text._ZN9CMBSender22StartMODBUSTransmitterEv
                0x00004a9a        0xc MODBUS/CMBSender.o
                0x00004a9a                _ZN9CMBSender22StartMODBUSTransmitterEv
 .text._ZN9CMBSender24WriteDataToRegisterAsyncEhPhh
                0x00004aa6       0x1e MODBUS/CMBSender.o
                0x00004aa6                _ZN9CMBSender24WriteDataToRegisterAsyncEhPhh
 .text._ZN9CMBSender20WriteDataToSRAMAsyncEjPjj
                0x00004ac4       0x1e MODBUS/CMBSender.o
                0x00004ac4                _ZN9CMBSender20WriteDataToSRAMAsyncEjPjj
 .text._ZN9CMBSender28RequestDataFromRegisterAsyncEhh
                0x00004ae2       0x1e MODBUS/CMBSender.o
                0x00004ae2                _ZN9CMBSender28RequestDataFromRegisterAsyncEhh
 .text._ZN9CMBSender24RequestDataFromSRAMAsyncEjh
                0x00004b00       0x20 MODBUS/CMBSender.o
                0x00004b00                _ZN9CMBSender24RequestDataFromSRAMAsyncEjh
 .text._ZN9CMBSender21WaitMODBUSTransmitterEv
                0x00004b20       0x22 MODBUS/CMBSender.o
                0x00004b20                _ZN9CMBSender21WaitMODBUSTransmitterEv
 .text._ZN9CMBSender30StartMODBUSRegisterTransactionEhh
                0x00004b42        0xc MODBUS/CMBSender.o
                0x00004b42                _ZN9CMBSender30StartMODBUSRegisterTransactionEhh
 .text._ZN9CMBSender30StartMODBUSVariableTransactionEjh
                0x00004b4e        0xc MODBUS/CMBSender.o
                0x00004b4e                _ZN9CMBSender30StartMODBUSVariableTransactionEjh
 .text._ZN9CMBSender18ProcessTransactionEPhj
                0x00004b5a       0x62 MODBUS/CMBSender.o
                0x00004b5a                _ZN9CMBSender18ProcessTransactionEPhj
 .text._ZN9CMBSender21OnTransactionCallbackEPhj
                0x00004bbc        0x6 MODBUS/CMBSender.o
                0x00004bbc                _ZN9CMBSender21OnTransactionCallbackEPhj
 .text.libgcc.div
                0x00004bc2       0x28 c:/program files (x86)/atmel/studio/7.0/toolchain/avr8/avr8-gnu-toolchain/bin/../lib/gcc/avr/4.9.2/avrxmega6\libgcc.a(_udivmodhi4.o)
                0x00004bc2                __udivmodhi4
 .text.libgcc.div
                0x00004bea       0x2e c:/program files (x86)/atmel/studio/7.0/toolchain/avr8/avr8-gnu-toolchain/bin/../lib/gcc/avr/4.9.2/avrxmega6\libgcc.a(_divmodsi4.o)
                0x00004bea                __divmodsi4
 .text.libgcc.div
                0x00004c18       0x10 c:/program files (x86)/atmel/studio/7.0/toolchain/avr8/avr8-gnu-toolchain/bin/../lib/gcc/avr/4.9.2/avrxmega6\libgcc.a(_negsi2.o)
                0x00004c18                __negsi2
 .text.libgcc   0x00004c28       0x10 c:/program files (x86)/atmel/studio/7.0/toolchain/avr8/avr8-gnu-toolchain/bin/../lib/gcc/avr/4.9.2/avrxmega6\libgcc.a(_tablejump2.o)
                0x00004c28                __tablejump2__
 .text.libgcc.mul
                0x00004c38       0x1e c:/program files (x86)/atmel/studio/7.0/toolchain/avr8/avr8-gnu-toolchain/bin/../lib/gcc/avr/4.9.2/avrxmega6\libgcc.a(_umulhisi3.o)
                0x00004c38                __umulhisi3
 .text.libgcc.div
                0x00004c56       0x44 c:/program files (x86)/atmel/studio/7.0/toolchain/avr8/avr8-gnu-toolchain/bin/../lib/gcc/avr/4.9.2/avrxmega6\libgcc.a(_udivmodsi4.o)
                0x00004c56                __udivmodsi4
 .text.avr-libc
                0x00004c9a      0x25a c:/program files (x86)/atmel/studio/7.0/toolchain/avr8/avr8-gnu-toolchain/bin/../lib/gcc/avr/4.9.2/../../../../avr/lib/avrxmega6\libc.a(malloc.o)
                0x00004c9a                malloc
                0x00004dc4                free
 .text.avr-libc
                0x00004ef4       0x12 c:/program files (x86)/atmel/studio/7.0/toolchain/avr8/avr8-gnu-toolchain/bin/../lib/gcc/avr/4.9.2/../../../../avr/lib/avrxmega6\libc.a(memcpy.o)
                0x00004ef4                memcpy
 .text.avr-libc
                0x00004f06       0x12 c:/program files (x86)/atmel/studio/7.0/toolchain/avr8/avr8-gnu-toolchain/bin/../lib/gcc/avr/4.9.2/../../../../avr/lib/avrxmega6\libc.a(strcmp.o)
                0x00004f06                strcmp
                0x00004f18                . = ALIGN (0x2)
 *(.fini9)
 .fini9         0x00004f18        0x0 c:/program files (x86)/atmel/studio/7.0/toolchain/avr8/avr8-gnu-toolchain/bin/../lib/gcc/avr/4.9.2/avrxmega6\libgcc.a(_exit.o)
                0x00004f18                _exit
                0x00004f18                exit
 *(.fini9)
 *(.fini8)
 *(.fini8)
 *(.fini7)
 *(.fini7)
 *(.fini6)
 .fini6         0x00004f18       0x20 c:/program files (x86)/atmel/studio/7.0/toolchain/avr8/avr8-gnu-toolchain/bin/../lib/gcc/avr/4.9.2/avrxmega6\libgcc.a(_dtors.o)
                0x00004f18                __do_global_dtors
 *(.fini6)
 *(.fini5)
 *(.fini5)
 *(.fini4)
 *(.fini4)
 *(.fini3)
 *(.fini3)
 *(.fini2)
 *(.fini2)
 *(.fini1)
 *(.fini1)
 *(.fini0)
 .fini0         0x00004f38        0x4 c:/program files (x86)/atmel/studio/7.0/toolchain/avr8/avr8-gnu-toolchain/bin/../lib/gcc/avr/4.9.2/avrxmega6\libgcc.a(_exit.o)
 *(.fini0)
                0x00004f3c                _etext = .

.data           0x00802000      0x128 load address 0x00004f3c
                0x00802000                PROVIDE (__data_start, .)
 *(.data)
 .data          0x00802000        0x6 c:/program files (x86)/atmel/studio/7.0/toolchain/avr8/avr8-gnu-toolchain/bin/../lib/gcc/avr/4.9.2/../../../../avr/lib/avrxmega6\libc.a(malloc.o)
                0x00802000                __malloc_heap_end
                0x00802002                __malloc_heap_start
                0x00802004                __malloc_margin
 *(.data*)
 .data.bscale_table
                0x00802006       0x20 CDGUSUSART.o
                0x00802006                bscale_table
 .data.bsel_table
                0x00802026       0x20 CDGUSUSART.o
                0x00802026                bsel_table
 .data._ZZN16CLaserControlApp3RunEvE2hl
                0x00802046        0x1 CLaserControlApp.o
 .data._ZZN16CLaserControlApp3RunEvE4anim
                0x00802047        0x2 CLaserControlApp.o
 *(.rodata)
 .rodata        0x00802049        0xe main.o
 *(.rodata*)
 .rodata._ZTV10CDGUSUSART
                0x00802057       0x18 CDGUSUSART.o
                0x00802057                _ZTV10CDGUSUSART
 .rodata.str1.1
                0x0080206f        0x5 CLaserControlApp.o
 .rodata._ZTV16CLaserControlApp
                0x00802074       0x16 CLaserControlApp.o
                0x00802074                _ZTV16CLaserControlApp
 .rodata._ZTV7CTimerC
                0x0080208a       0x24 CTimerC.o
                0x0080208a                _ZTV7CTimerC
 .rodata._ZTV7CTimerF
                0x008020ae       0x28 CTimerF.o
                0x008020ae                _ZTV7CTimerF
 .rodata._ZTV6CTimer
                0x008020d6       0x24 LaserLib/CTimer.o
                0x008020d6                _ZTV6CTimer
 .rodata._ZTV6CUSART
                0x008020fa       0x18 LaserLib/CUSART.o
                0x008020fa                _ZTV6CUSART
 .rodata._ZTV9CMBSender
                0x00802112       0x16 MODBUS/CMBSender.o
                0x00802112                _ZTV9CMBSender
 *(.gnu.linkonce.d*)
                0x00802128                . = ALIGN (0x2)
                0x00802128                _edata = .
                0x00802128                PROVIDE (__data_end, .)

.bss            0x00802128      0x295
                0x00802128                PROVIDE (__bss_start, .)
 *(.bss)
 *(.bss*)
 .bss._ZZN16CLaserControlApp3RunEvE3bar
                0x00802128        0x2 CLaserControlApp.o
 .bss.timer     0x0080212a        0x3 CLaserControlApp.o
                0x0080212a                timer
 .bss.InterruptFuncTable
                0x0080212d       0xf6 LaserLib/intx128.o
                0x0080212d                InterruptFuncTable
 .bss.InterruptSenderTable
                0x00802223       0xf6 LaserLib/intx128.o
                0x00802223                InterruptSenderTable
 .bss._ZZ4mainE3prs
                0x00802319        0x2 main.o
 .bss.empty_record
                0x0080231b       0x44 main.o
                0x0080231b                empty_record
 .bss.PWMTimer  0x0080235f        0x3 main.o
                0x0080235f                PWMTimer
 .bss.Database  0x00802362        0x8 main.o
                0x00802362                Database
 .bss.App       0x0080236a       0x2a main.o
                0x0080236a                App
 .bss.player    0x00802394        0x1 main.o
                0x00802394                player
 .bss.laserBoard
                0x00802395        0x1 main.o
                0x00802395                laserBoard
 .bss.sender    0x00802396       0x19 main.o
                0x00802396                sender
 .bss.usart     0x008023af        0x2 main.o
                0x008023af                usart
 .bss.dacSPI    0x008023b1        0x6 main.o
                0x008023b1                dacSPI
 .bss.cnt       0x008023b7        0x2 MODBUS/CMBSender.o
                0x008023b7                cnt
 *(COMMON)
 COMMON         0x008023b9        0x4 c:/program files (x86)/atmel/studio/7.0/toolchain/avr8/avr8-gnu-toolchain/bin/../lib/gcc/avr/4.9.2/../../../../avr/lib/avrxmega6\libc.a(malloc.o)
                0x008023b9                __brkval
                0x008023bb                __flp
                0x008023bd                PROVIDE (__bss_end, .)
                0x00004f3c                __data_load_start = LOADADDR (.data)
                0x00005064                __data_load_end = (__data_load_start + SIZEOF (.data))

.noinit         0x008023bd        0x0
                0x008023bd                PROVIDE (__noinit_start, .)
 *(.noinit*)
                0x008023bd                PROVIDE (__noinit_end, .)
                0x008023bd                _end = .
                0x008023bd                PROVIDE (__heap_start, .)

.eeprom         0x00810000        0x0
 *(.eeprom*)
                0x00810000                __eeprom_end = .

.fuse
 *(.fuse)
 *(.lfuse)
 *(.hfuse)
 *(.efuse)

.lock
 *(.lock*)

.signature
 *(.signature*)

.user_signatures
 *(.user_signatures*)

.stab
 *(.stab)

.stabstr
 *(.stabstr)

.stab.excl
 *(.stab.excl)

.stab.exclstr
 *(.stab.exclstr)

.stab.index
 *(.stab.index)

.stab.indexstr
 *(.stab.indexstr)

.comment        0x00000000       0x30
 *(.comment)
 .comment       0x00000000       0x30 CDGUSDatabase.o
                                 0x31 (size before relaxing)
 .comment       0x00000030       0x31 CDGUSUSART.o
 .comment       0x00000030       0x31 CLaserBoard.o
 .comment       0x00000030       0x31 CLaserControlApp.o
 .comment       0x00000030       0x31 CSoundPlayer.o
 .comment       0x00000030       0x31 CTimerC.o
 .comment       0x00000030       0x31 CTimerF.o
 .comment       0x00000030       0x31 LaserLib/CSPI.o
 .comment       0x00000030       0x31 LaserLib/CTimer.o
 .comment       0x00000030       0x31 LaserLib/CUSART.o
 .comment       0x00000030       0x31 LaserLib/intx128.o
 .comment       0x00000030       0x31 main.o
 .comment       0x00000030       0x31 MODBUS/CMBProtocol.o
 .comment       0x00000030       0x31 MODBUS/CMBSender.o
 .comment       0x00000030       0x31 c:/program files (x86)/atmel/studio/7.0/toolchain/avr8/avr8-gnu-toolchain/bin/../lib/gcc/avr/4.9.2/../../../../avr/lib/avrxmega6\libc.a(malloc.o)

.note.gnu.avr.deviceinfo
                0x00000000       0x40
 .note.gnu.avr.deviceinfo
                0x00000000       0x40 C:/Program Files (x86)/Atmel/Studio/7.0/Packs/atmel/XMEGAA_DFP/1.0.36/gcc/dev/atxmega128a3/avrxmega6/crtatxmega128a3.o

.note.gnu.build-id
 *(.note.gnu.build-id)

.debug
 *(.debug)

.line
 *(.line)

.debug_srcinfo
 *(.debug_srcinfo)

.debug_sfnames
 *(.debug_sfnames)

.debug_aranges  0x00000000      0x938
 *(.debug_aranges)
 .debug_aranges
                0x00000000       0x70 CDGUSDatabase.o
 .debug_aranges
                0x00000070       0x78 CDGUSUSART.o
 .debug_aranges
                0x000000e8       0x68 CLaserBoard.o
 .debug_aranges
                0x00000150       0xa0 CLaserControlApp.o
 .debug_aranges
                0x000001f0       0x78 CSoundPlayer.o
 .debug_aranges
                0x00000268       0xa8 CTimerC.o
 .debug_aranges
                0x00000310       0xb8 CTimerF.o
 .debug_aranges
                0x000003c8       0x58 LaserLib/CSPI.o
 .debug_aranges
                0x00000420       0x28 LaserLib/CTimer.o
 .debug_aranges
                0x00000448       0x28 LaserLib/CUSART.o
 .debug_aranges
                0x00000470      0x348 LaserLib/intx128.o
 .debug_aranges
                0x000007b8       0x40 main.o
 .debug_aranges
                0x000007f8       0x50 MODBUS/CMBProtocol.o
 .debug_aranges
                0x00000848       0xf0 MODBUS/CMBSender.o

.debug_pubnames
 *(.debug_pubnames)

.debug_info     0x00000000     0xcd0b
 *(.debug_info .gnu.linkonce.wi.*)
 .debug_info    0x00000000      0x9f5 CDGUSDatabase.o
 .debug_info    0x000009f5     0x1095 CDGUSUSART.o
 .debug_info    0x00001a8a      0xad3 CLaserBoard.o
 .debug_info    0x0000255d     0x1ffb CLaserControlApp.o
 .debug_info    0x00004558     0x147d CSoundPlayer.o
 .debug_info    0x000059d5     0x15ac CTimerC.o
 .debug_info    0x00006f81     0x166e CTimerF.o
 .debug_info    0x000085ef      0x7ce LaserLib/CSPI.o
 .debug_info    0x00008dbd      0x6a3 LaserLib/CTimer.o
 .debug_info    0x00009460      0x606 LaserLib/CUSART.o
 .debug_info    0x00009a66      0x91e LaserLib/intx128.o
 .debug_info    0x0000a384     0x1219 main.o
 .debug_info    0x0000b59d      0x595 MODBUS/CMBProtocol.o
 .debug_info    0x0000bb32     0x11d9 MODBUS/CMBSender.o

.debug_abbrev   0x00000000     0x251a
 *(.debug_abbrev)
 .debug_abbrev  0x00000000      0x2ce CDGUSDatabase.o
 .debug_abbrev  0x000002ce      0x2d9 CDGUSUSART.o
 .debug_abbrev  0x000005a7      0x261 CLaserBoard.o
 .debug_abbrev  0x00000808      0x559 CLaserControlApp.o
 .debug_abbrev  0x00000d61      0x2b2 CSoundPlayer.o
 .debug_abbrev  0x00001013      0x29c CTimerC.o
 .debug_abbrev  0x000012af      0x29c CTimerF.o
 .debug_abbrev  0x0000154b      0x28f LaserLib/CSPI.o
 .debug_abbrev  0x000017da      0x182 LaserLib/CTimer.o
 .debug_abbrev  0x0000195c      0x1ed LaserLib/CUSART.o
 .debug_abbrev  0x00001b49       0x83 LaserLib/intx128.o
 .debug_abbrev  0x00001bcc      0x39f main.o
 .debug_abbrev  0x00001f6b      0x212 MODBUS/CMBProtocol.o
 .debug_abbrev  0x0000217d      0x39d MODBUS/CMBSender.o

.debug_line     0x00000000     0x2b3b
 *(.debug_line .debug_line.* .debug_line_end)
 .debug_line    0x00000000      0x225 CDGUSDatabase.o
 .debug_line    0x00000225      0x23e CDGUSUSART.o
 .debug_line    0x00000463      0x2be CLaserBoard.o
 .debug_line    0x00000721      0x531 CLaserControlApp.o
 .debug_line    0x00000c52      0x276 CSoundPlayer.o
 .debug_line    0x00000ec8      0x285 CTimerC.o
 .debug_line    0x0000114d      0x2a7 CTimerF.o
 .debug_line    0x000013f4      0x24a LaserLib/CSPI.o
 .debug_line    0x0000163e      0x135 LaserLib/CTimer.o
 .debug_line    0x00001773      0x135 LaserLib/CUSART.o
 .debug_line    0x000018a8      0xa14 LaserLib/intx128.o
 .debug_line    0x000022bc      0x2ad main.o
 .debug_line    0x00002569      0x1d9 MODBUS/CMBProtocol.o
 .debug_line    0x00002742      0x3f9 MODBUS/CMBSender.o

.debug_frame    0x00000000     0x311c
 *(.debug_frame)
 .debug_frame   0x00000000      0x218 CDGUSDatabase.o
 .debug_frame   0x00000218       0xe8 CDGUSUSART.o
 .debug_frame   0x00000300       0xb4 CLaserBoard.o
 .debug_frame   0x000003b4      0x1a8 CLaserControlApp.o
 .debug_frame   0x0000055c      0x108 CSoundPlayer.o
 .debug_frame   0x00000664      0x140 CTimerC.o
 .debug_frame   0x000007a4      0x160 CTimerF.o
 .debug_frame   0x00000904       0xbc LaserLib/CSPI.o
 .debug_frame   0x000009c0       0x34 LaserLib/CTimer.o
 .debug_frame   0x000009f4       0x34 LaserLib/CUSART.o
 .debug_frame   0x00000a28     0x2324 LaserLib/intx128.o
 .debug_frame   0x00002d4c       0x84 main.o
 .debug_frame   0x00002dd0       0xc4 MODBUS/CMBProtocol.o
 .debug_frame   0x00002e94      0x288 MODBUS/CMBSender.o

.debug_str      0x00000000     0x4ca0
 *(.debug_str)
 .debug_str     0x00000000      0x5e6 CDGUSDatabase.o
                                0x675 (size before relaxing)
 .debug_str     0x000005e6     0x1448 CDGUSUSART.o
                               0x166d (size before relaxing)
 .debug_str     0x00001a2e      0x631 CLaserBoard.o
                                0xa12 (size before relaxing)
 .debug_str     0x0000205f      0x9a1 CLaserControlApp.o
                               0x119e (size before relaxing)
 .debug_str     0x00002a00      0x742 CSoundPlayer.o
                                0xc3d (size before relaxing)
 .debug_str     0x00003142      0x677 CTimerC.o
                               0x1291 (size before relaxing)
 .debug_str     0x000037b9      0x343 CTimerF.o
                               0x1307 (size before relaxing)
 .debug_str     0x00003afc      0x2f9 LaserLib/CSPI.o
                                0x6f1 (size before relaxing)
 .debug_str     0x00003df5       0x35 LaserLib/CTimer.o
                                0xa42 (size before relaxing)
 .debug_str     0x00003e2a       0x35 LaserLib/CUSART.o
                                0x7b4 (size before relaxing)
 .debug_str     0x00003e5f      0x4e2 LaserLib/intx128.o
                                0x6bf (size before relaxing)
 .debug_str     0x00004341      0x113 main.o
                               0x11c1 (size before relaxing)
 .debug_str     0x00004454      0x289 MODBUS/CMBProtocol.o
                                0x4ef (size before relaxing)
 .debug_str     0x000046dd      0x5c3 MODBUS/CMBSender.o
                                0xa7b (size before relaxing)

.debug_loc      0x00000000     0x899e
 *(.debug_loc)
 .debug_loc     0x00000000      0x8cf CDGUSDatabase.o
 .debug_loc     0x000008cf      0x210 CDGUSUSART.o
 .debug_loc     0x00000adf      0x32c CLaserBoard.o
 .debug_loc     0x00000e0b      0xb39 CLaserControlApp.o
 .debug_loc     0x00001944      0x47a CSoundPlayer.o
 .debug_loc     0x00001dbe      0x366 CTimerC.o
 .debug_loc     0x00002124      0x3f4 CTimerF.o
 .debug_loc     0x00002518      0x276 LaserLib/CSPI.o
 .debug_loc     0x0000278e     0x50e2 LaserLib/intx128.o
 .debug_loc     0x00007870       0x83 main.o
 .debug_loc     0x000078f3      0x356 MODBUS/CMBProtocol.o
 .debug_loc     0x00007c49      0xd55 MODBUS/CMBSender.o

.debug_macinfo
 *(.debug_macinfo)

.debug_weaknames
 *(.debug_weaknames)

.debug_funcnames
 *(.debug_funcnames)

.debug_typenames
 *(.debug_typenames)

.debug_varnames
 *(.debug_varnames)

.debug_pubtypes
 *(.debug_pubtypes)

.debug_ranges   0x00000000      0x858
 *(.debug_ranges)
 .debug_ranges  0x00000000       0x60 CDGUSDatabase.o
 .debug_ranges  0x00000060       0x68 CDGUSUSART.o
 .debug_ranges  0x000000c8       0x58 CLaserBoard.o
 .debug_ranges  0x00000120       0x90 CLaserControlApp.o
 .debug_ranges  0x000001b0       0x68 CSoundPlayer.o
 .debug_ranges  0x00000218       0x98 CTimerC.o
 .debug_ranges  0x000002b0       0xa8 CTimerF.o
 .debug_ranges  0x00000358       0x48 LaserLib/CSPI.o
 .debug_ranges  0x000003a0       0x18 LaserLib/CTimer.o
 .debug_ranges  0x000003b8       0x18 LaserLib/CUSART.o
 .debug_ranges  0x000003d0      0x338 LaserLib/intx128.o
 .debug_ranges  0x00000708       0x30 main.o
 .debug_ranges  0x00000738       0x40 MODBUS/CMBProtocol.o
 .debug_ranges  0x00000778       0xe0 MODBUS/CMBSender.o

.debug_macro
 *(.debug_macro)
OUTPUT(ATxmegaElectroporation.elf elf32-avr)
LOAD linker stubs
