Archive member included to satisfy reference by file (symbol)

c:/program files (x86)/atmel/studio/7.0/toolchain/avr8/avr8-gnu-toolchain/bin/../lib/gcc/avr/4.9.2/avrxmega6\libgcc.a(_udivmodhi4.o)
                              CLaserControlApp.o (__udivmodhi4)
c:/program files (x86)/atmel/studio/7.0/toolchain/avr8/avr8-gnu-toolchain/bin/../lib/gcc/avr/4.9.2/avrxmega6\libgcc.a(_divmodsi4.o)
                              CSoundPlayer.o (__divmodsi4)
c:/program files (x86)/atmel/studio/7.0/toolchain/avr8/avr8-gnu-toolchain/bin/../lib/gcc/avr/4.9.2/avrxmega6\libgcc.a(_negsi2.o)
                              c:/program files (x86)/atmel/studio/7.0/toolchain/avr8/avr8-gnu-toolchain/bin/../lib/gcc/avr/4.9.2/avrxmega6\libgcc.a(_divmodsi4.o) (__negsi2)
c:/program files (x86)/atmel/studio/7.0/toolchain/avr8/avr8-gnu-toolchain/bin/../lib/gcc/avr/4.9.2/avrxmega6\libgcc.a(_exit.o)
                              C:/Program Files (x86)/Atmel/Studio/7.0/Packs/atmel/XMEGAA_DFP/1.0.38/gcc/dev/atxmega128a3/avrxmega6/crtatxmega128a3.o (exit)
c:/program files (x86)/atmel/studio/7.0/toolchain/avr8/avr8-gnu-toolchain/bin/../lib/gcc/avr/4.9.2/avrxmega6\libgcc.a(_tablejump2.o)
                              CLaserControlApp.o (__tablejump2__)
c:/program files (x86)/atmel/studio/7.0/toolchain/avr8/avr8-gnu-toolchain/bin/../lib/gcc/avr/4.9.2/avrxmega6\libgcc.a(_copy_data.o)
                              CDGUSUSART.o (__do_copy_data)
c:/program files (x86)/atmel/studio/7.0/toolchain/avr8/avr8-gnu-toolchain/bin/../lib/gcc/avr/4.9.2/avrxmega6\libgcc.a(_clear_bss.o)
                              CLaserControlApp.o (__do_clear_bss)
c:/program files (x86)/atmel/studio/7.0/toolchain/avr8/avr8-gnu-toolchain/bin/../lib/gcc/avr/4.9.2/avrxmega6\libgcc.a(_ctors.o)
                              CLaserControlApp.o (__do_global_ctors)
c:/program files (x86)/atmel/studio/7.0/toolchain/avr8/avr8-gnu-toolchain/bin/../lib/gcc/avr/4.9.2/avrxmega6\libgcc.a(_dtors.o)
                              CLaserControlApp.o (__do_global_dtors)
c:/program files (x86)/atmel/studio/7.0/toolchain/avr8/avr8-gnu-toolchain/bin/../lib/gcc/avr/4.9.2/avrxmega6\libgcc.a(_umulhisi3.o)
                              CLaserControlApp.o (__umulhisi3)
c:/program files (x86)/atmel/studio/7.0/toolchain/avr8/avr8-gnu-toolchain/bin/../lib/gcc/avr/4.9.2/avrxmega6\libgcc.a(_udivmodsi4.o)
                              c:/program files (x86)/atmel/studio/7.0/toolchain/avr8/avr8-gnu-toolchain/bin/../lib/gcc/avr/4.9.2/avrxmega6\libgcc.a(_divmodsi4.o) (__udivmodsi4)
c:/program files (x86)/atmel/studio/7.0/toolchain/avr8/avr8-gnu-toolchain/bin/../lib/gcc/avr/4.9.2/../../../../avr/lib/avrxmega6\libc.a(malloc.o)
                              LaserLib/CSPI.o (malloc)
c:/program files (x86)/atmel/studio/7.0/toolchain/avr8/avr8-gnu-toolchain/bin/../lib/gcc/avr/4.9.2/../../../../avr/lib/avrxmega6\libc.a(memcpy.o)
                              LaserLib/CSPI.o (memcpy)

Allocating common symbols
Common symbol       size              file

__brkval            0x2               c:/program files (x86)/atmel/studio/7.0/toolchain/avr8/avr8-gnu-toolchain/bin/../lib/gcc/avr/4.9.2/../../../../avr/lib/avrxmega6\libc.a(malloc.o)
__flp               0x2               c:/program files (x86)/atmel/studio/7.0/toolchain/avr8/avr8-gnu-toolchain/bin/../lib/gcc/avr/4.9.2/../../../../avr/lib/avrxmega6\libc.a(malloc.o)

Discarded input sections

 .data          0x00000000        0x0 C:/Program Files (x86)/Atmel/Studio/7.0/Packs/atmel/XMEGAA_DFP/1.0.38/gcc/dev/atxmega128a3/avrxmega6/crtatxmega128a3.o
 .bss           0x00000000        0x0 C:/Program Files (x86)/Atmel/Studio/7.0/Packs/atmel/XMEGAA_DFP/1.0.38/gcc/dev/atxmega128a3/avrxmega6/crtatxmega128a3.o
 .group         0x00000000        0x8 CDGUSUSART.o
 .text          0x00000000        0x0 CDGUSUSART.o
 .data          0x00000000        0x0 CDGUSUSART.o
 .bss           0x00000000        0x0 CDGUSUSART.o
 .data.bsupport_table
                0x00000000       0x20 CDGUSUSART.o
 .text          0x00000000        0x0 CLaserBoard.o
 .data          0x00000000        0x0 CLaserBoard.o
 .bss           0x00000000        0x0 CLaserBoard.o
 .group         0x00000000        0x8 CLaserControlApp.o
 .text          0x00000000        0x0 CLaserControlApp.o
 .data          0x00000000        0x0 CLaserControlApp.o
 .bss           0x00000000        0x0 CLaserControlApp.o
 .text._Z4swapj
                0x00000000        0x8 CLaserControlApp.o
 .text._Z3minjj
                0x00000000        0xa CLaserControlApp.o
 .text._Z3maxjj
                0x00000000        0xa CLaserControlApp.o
 .text._ZN16CLaserControlApp7OnTimerEv
                0x00000000        0x2 CLaserControlApp.o
 .text._ZN16CLaserControlApp9OnTimeoutEv
                0x00000000       0x12 CLaserControlApp.o
 .text          0x00000000        0x0 CSoundPlayer.o
 .data          0x00000000        0x0 CSoundPlayer.o
 .bss           0x00000000        0x0 CSoundPlayer.o
 .group         0x00000000        0x8 CTimerC.o
 .text          0x00000000        0x0 CTimerC.o
 .data          0x00000000        0x0 CTimerC.o
 .bss           0x00000000        0x0 CTimerC.o
 .group         0x00000000        0x8 CTimerF.o
 .text          0x00000000        0x0 CTimerF.o
 .data          0x00000000        0x0 CTimerF.o
 .bss           0x00000000        0x0 CTimerF.o
 .text          0x00000000        0x0 LaserLib/CSPI.o
 .data          0x00000000        0x0 LaserLib/CSPI.o
 .bss           0x00000000        0x0 LaserLib/CSPI.o
 .text._ZN4CSPI12DeinitializeEv
                0x00000000        0xc LaserLib/CSPI.o
 .text._ZN4CSPI8SendByteEh
                0x00000000        0x6 LaserLib/CSPI.o
 .group         0x00000000        0x8 LaserLib/CTimer.o
 .text          0x00000000        0x0 LaserLib/CTimer.o
 .data          0x00000000        0x0 LaserLib/CTimer.o
 .bss           0x00000000        0x0 LaserLib/CTimer.o
 .group         0x00000000        0x8 LaserLib/CUSART.o
 .text          0x00000000        0x0 LaserLib/CUSART.o
 .data          0x00000000        0x0 LaserLib/CUSART.o
 .bss           0x00000000        0x0 LaserLib/CUSART.o
 .text          0x00000000        0x0 LaserLib/intx128.o
 .data          0x00000000        0x0 LaserLib/intx128.o
 .bss           0x00000000        0x0 LaserLib/intx128.o
 .text          0x00000000        0x0 main.o
 .data          0x00000000        0x0 main.o
 .bss           0x00000000        0x0 main.o
 .group         0x00000000        0x8 MODBUS/CMBProtocol.o
 .text          0x00000000        0x0 MODBUS/CMBProtocol.o
 .data          0x00000000        0x0 MODBUS/CMBProtocol.o
 .bss           0x00000000        0x0 MODBUS/CMBProtocol.o
 .rodata._ZTV16CMBEventsHandler
                0x00000000       0x16 MODBUS/CMBProtocol.o
 .group         0x00000000        0x8 MODBUS/CMBSender.o
 .text          0x00000000        0x0 MODBUS/CMBSender.o
 .data          0x00000000        0x0 MODBUS/CMBSender.o
 .bss           0x00000000        0x0 MODBUS/CMBSender.o
 .text._ZN9CMBSender12DeinitializeEv
                0x00000000       0x1c MODBUS/CMBSender.o
 .text._ZN9CMBSender19WriteDataToRegisterEhPhh
                0x00000000       0x6a MODBUS/CMBSender.o
 .text._ZN9CMBSender15WriteDataToSRAMEjPjj
                0x00000000       0x6a MODBUS/CMBSender.o
 .text._ZN9CMBSender9OnTimeoutEv
                0x00000000        0xe MODBUS/CMBSender.o
 .text._ZN9CMBSender18StopMODBUSListenerEv
                0x00000000        0x8 MODBUS/CMBSender.o
 .text._ZN9CMBSender21StopMODBUSTransmitterEv
                0x00000000        0x8 MODBUS/CMBSender.o
 .text          0x00000000        0x0 c:/program files (x86)/atmel/studio/7.0/toolchain/avr8/avr8-gnu-toolchain/bin/../lib/gcc/avr/4.9.2/avrxmega6\libgcc.a(_udivmodhi4.o)
 .data          0x00000000        0x0 c:/program files (x86)/atmel/studio/7.0/toolchain/avr8/avr8-gnu-toolchain/bin/../lib/gcc/avr/4.9.2/avrxmega6\libgcc.a(_udivmodhi4.o)
 .bss           0x00000000        0x0 c:/program files (x86)/atmel/studio/7.0/toolchain/avr8/avr8-gnu-toolchain/bin/../lib/gcc/avr/4.9.2/avrxmega6\libgcc.a(_udivmodhi4.o)
 .text.libgcc.mul
                0x00000000        0x0 c:/program files (x86)/atmel/studio/7.0/toolchain/avr8/avr8-gnu-toolchain/bin/../lib/gcc/avr/4.9.2/avrxmega6\libgcc.a(_udivmodhi4.o)
 .text.libgcc   0x00000000        0x0 c:/program files (x86)/atmel/studio/7.0/toolchain/avr8/avr8-gnu-toolchain/bin/../lib/gcc/avr/4.9.2/avrxmega6\libgcc.a(_udivmodhi4.o)
 .text.libgcc.prologue
                0x00000000        0x0 c:/program files (x86)/atmel/studio/7.0/toolchain/avr8/avr8-gnu-toolchain/bin/../lib/gcc/avr/4.9.2/avrxmega6\libgcc.a(_udivmodhi4.o)
 .text.libgcc.builtins
                0x00000000        0x0 c:/program files (x86)/atmel/studio/7.0/toolchain/avr8/avr8-gnu-toolchain/bin/../lib/gcc/avr/4.9.2/avrxmega6\libgcc.a(_udivmodhi4.o)
 .text.libgcc.fmul
                0x00000000        0x0 c:/program files (x86)/atmel/studio/7.0/toolchain/avr8/avr8-gnu-toolchain/bin/../lib/gcc/avr/4.9.2/avrxmega6\libgcc.a(_udivmodhi4.o)
 .text.libgcc.fixed
                0x00000000        0x0 c:/program files (x86)/atmel/studio/7.0/toolchain/avr8/avr8-gnu-toolchain/bin/../lib/gcc/avr/4.9.2/avrxmega6\libgcc.a(_udivmodhi4.o)
 .text          0x00000000        0x0 c:/program files (x86)/atmel/studio/7.0/toolchain/avr8/avr8-gnu-toolchain/bin/../lib/gcc/avr/4.9.2/avrxmega6\libgcc.a(_divmodsi4.o)
 .data          0x00000000        0x0 c:/program files (x86)/atmel/studio/7.0/toolchain/avr8/avr8-gnu-toolchain/bin/../lib/gcc/avr/4.9.2/avrxmega6\libgcc.a(_divmodsi4.o)
 .bss           0x00000000        0x0 c:/program files (x86)/atmel/studio/7.0/toolchain/avr8/avr8-gnu-toolchain/bin/../lib/gcc/avr/4.9.2/avrxmega6\libgcc.a(_divmodsi4.o)
 .text.libgcc.mul
                0x00000000        0x0 c:/program files (x86)/atmel/studio/7.0/toolchain/avr8/avr8-gnu-toolchain/bin/../lib/gcc/avr/4.9.2/avrxmega6\libgcc.a(_divmodsi4.o)
 .text.libgcc   0x00000000        0x0 c:/program files (x86)/atmel/studio/7.0/toolchain/avr8/avr8-gnu-toolchain/bin/../lib/gcc/avr/4.9.2/avrxmega6\libgcc.a(_divmodsi4.o)
 .text.libgcc.prologue
                0x00000000        0x0 c:/program files (x86)/atmel/studio/7.0/toolchain/avr8/avr8-gnu-toolchain/bin/../lib/gcc/avr/4.9.2/avrxmega6\libgcc.a(_divmodsi4.o)
 .text.libgcc.builtins
                0x00000000        0x0 c:/program files (x86)/atmel/studio/7.0/toolchain/avr8/avr8-gnu-toolchain/bin/../lib/gcc/avr/4.9.2/avrxmega6\libgcc.a(_divmodsi4.o)
 .text.libgcc.fmul
                0x00000000        0x0 c:/program files (x86)/atmel/studio/7.0/toolchain/avr8/avr8-gnu-toolchain/bin/../lib/gcc/avr/4.9.2/avrxmega6\libgcc.a(_divmodsi4.o)
 .text.libgcc.fixed
                0x00000000        0x0 c:/program files (x86)/atmel/studio/7.0/toolchain/avr8/avr8-gnu-toolchain/bin/../lib/gcc/avr/4.9.2/avrxmega6\libgcc.a(_divmodsi4.o)
 .text          0x00000000        0x0 c:/program files (x86)/atmel/studio/7.0/toolchain/avr8/avr8-gnu-toolchain/bin/../lib/gcc/avr/4.9.2/avrxmega6\libgcc.a(_negsi2.o)
 .data          0x00000000        0x0 c:/program files (x86)/atmel/studio/7.0/toolchain/avr8/avr8-gnu-toolchain/bin/../lib/gcc/avr/4.9.2/avrxmega6\libgcc.a(_negsi2.o)
 .bss           0x00000000        0x0 c:/program files (x86)/atmel/studio/7.0/toolchain/avr8/avr8-gnu-toolchain/bin/../lib/gcc/avr/4.9.2/avrxmega6\libgcc.a(_negsi2.o)
 .text.libgcc.mul
                0x00000000        0x0 c:/program files (x86)/atmel/studio/7.0/toolchain/avr8/avr8-gnu-toolchain/bin/../lib/gcc/avr/4.9.2/avrxmega6\libgcc.a(_negsi2.o)
 .text.libgcc   0x00000000        0x0 c:/program files (x86)/atmel/studio/7.0/toolchain/avr8/avr8-gnu-toolchain/bin/../lib/gcc/avr/4.9.2/avrxmega6\libgcc.a(_negsi2.o)
 .text.libgcc.prologue
                0x00000000        0x0 c:/program files (x86)/atmel/studio/7.0/toolchain/avr8/avr8-gnu-toolchain/bin/../lib/gcc/avr/4.9.2/avrxmega6\libgcc.a(_negsi2.o)
 .text.libgcc.builtins
                0x00000000        0x0 c:/program files (x86)/atmel/studio/7.0/toolchain/avr8/avr8-gnu-toolchain/bin/../lib/gcc/avr/4.9.2/avrxmega6\libgcc.a(_negsi2.o)
 .text.libgcc.fmul
                0x00000000        0x0 c:/program files (x86)/atmel/studio/7.0/toolchain/avr8/avr8-gnu-toolchain/bin/../lib/gcc/avr/4.9.2/avrxmega6\libgcc.a(_negsi2.o)
 .text.libgcc.fixed
                0x00000000        0x0 c:/program files (x86)/atmel/studio/7.0/toolchain/avr8/avr8-gnu-toolchain/bin/../lib/gcc/avr/4.9.2/avrxmega6\libgcc.a(_negsi2.o)
 .text          0x00000000        0x0 c:/program files (x86)/atmel/studio/7.0/toolchain/avr8/avr8-gnu-toolchain/bin/../lib/gcc/avr/4.9.2/avrxmega6\libgcc.a(_exit.o)
 .data          0x00000000        0x0 c:/program files (x86)/atmel/studio/7.0/toolchain/avr8/avr8-gnu-toolchain/bin/../lib/gcc/avr/4.9.2/avrxmega6\libgcc.a(_exit.o)
 .bss           0x00000000        0x0 c:/program files (x86)/atmel/studio/7.0/toolchain/avr8/avr8-gnu-toolchain/bin/../lib/gcc/avr/4.9.2/avrxmega6\libgcc.a(_exit.o)
 .text.libgcc.mul
                0x00000000        0x0 c:/program files (x86)/atmel/studio/7.0/toolchain/avr8/avr8-gnu-toolchain/bin/../lib/gcc/avr/4.9.2/avrxmega6\libgcc.a(_exit.o)
 .text.libgcc.div
                0x00000000        0x0 c:/program files (x86)/atmel/studio/7.0/toolchain/avr8/avr8-gnu-toolchain/bin/../lib/gcc/avr/4.9.2/avrxmega6\libgcc.a(_exit.o)
 .text.libgcc   0x00000000        0x0 c:/program files (x86)/atmel/studio/7.0/toolchain/avr8/avr8-gnu-toolchain/bin/../lib/gcc/avr/4.9.2/avrxmega6\libgcc.a(_exit.o)
 .text.libgcc.prologue
                0x00000000        0x0 c:/program files (x86)/atmel/studio/7.0/toolchain/avr8/avr8-gnu-toolchain/bin/../lib/gcc/avr/4.9.2/avrxmega6\libgcc.a(_exit.o)
 .text.libgcc.builtins
                0x00000000        0x0 c:/program files (x86)/atmel/studio/7.0/toolchain/avr8/avr8-gnu-toolchain/bin/../lib/gcc/avr/4.9.2/avrxmega6\libgcc.a(_exit.o)
 .text.libgcc.fmul
                0x00000000        0x0 c:/program files (x86)/atmel/studio/7.0/toolchain/avr8/avr8-gnu-toolchain/bin/../lib/gcc/avr/4.9.2/avrxmega6\libgcc.a(_exit.o)
 .text.libgcc.fixed
                0x00000000        0x0 c:/program files (x86)/atmel/studio/7.0/toolchain/avr8/avr8-gnu-toolchain/bin/../lib/gcc/avr/4.9.2/avrxmega6\libgcc.a(_exit.o)
 .text          0x00000000        0x0 c:/program files (x86)/atmel/studio/7.0/toolchain/avr8/avr8-gnu-toolchain/bin/../lib/gcc/avr/4.9.2/avrxmega6\libgcc.a(_tablejump2.o)
 .data          0x00000000        0x0 c:/program files (x86)/atmel/studio/7.0/toolchain/avr8/avr8-gnu-toolchain/bin/../lib/gcc/avr/4.9.2/avrxmega6\libgcc.a(_tablejump2.o)
 .bss           0x00000000        0x0 c:/program files (x86)/atmel/studio/7.0/toolchain/avr8/avr8-gnu-toolchain/bin/../lib/gcc/avr/4.9.2/avrxmega6\libgcc.a(_tablejump2.o)
 .text.libgcc.mul
                0x00000000        0x0 c:/program files (x86)/atmel/studio/7.0/toolchain/avr8/avr8-gnu-toolchain/bin/../lib/gcc/avr/4.9.2/avrxmega6\libgcc.a(_tablejump2.o)
 .text.libgcc.div
                0x00000000        0x0 c:/program files (x86)/atmel/studio/7.0/toolchain/avr8/avr8-gnu-toolchain/bin/../lib/gcc/avr/4.9.2/avrxmega6\libgcc.a(_tablejump2.o)
 .text.libgcc.prologue
                0x00000000        0x0 c:/program files (x86)/atmel/studio/7.0/toolchain/avr8/avr8-gnu-toolchain/bin/../lib/gcc/avr/4.9.2/avrxmega6\libgcc.a(_tablejump2.o)
 .text.libgcc.builtins
                0x00000000        0x0 c:/program files (x86)/atmel/studio/7.0/toolchain/avr8/avr8-gnu-toolchain/bin/../lib/gcc/avr/4.9.2/avrxmega6\libgcc.a(_tablejump2.o)
 .text.libgcc.fmul
                0x00000000        0x0 c:/program files (x86)/atmel/studio/7.0/toolchain/avr8/avr8-gnu-toolchain/bin/../lib/gcc/avr/4.9.2/avrxmega6\libgcc.a(_tablejump2.o)
 .text.libgcc.fixed
                0x00000000        0x0 c:/program files (x86)/atmel/studio/7.0/toolchain/avr8/avr8-gnu-toolchain/bin/../lib/gcc/avr/4.9.2/avrxmega6\libgcc.a(_tablejump2.o)
 .text          0x00000000        0x0 c:/program files (x86)/atmel/studio/7.0/toolchain/avr8/avr8-gnu-toolchain/bin/../lib/gcc/avr/4.9.2/avrxmega6\libgcc.a(_copy_data.o)
 .data          0x00000000        0x0 c:/program files (x86)/atmel/studio/7.0/toolchain/avr8/avr8-gnu-toolchain/bin/../lib/gcc/avr/4.9.2/avrxmega6\libgcc.a(_copy_data.o)
 .bss           0x00000000        0x0 c:/program files (x86)/atmel/studio/7.0/toolchain/avr8/avr8-gnu-toolchain/bin/../lib/gcc/avr/4.9.2/avrxmega6\libgcc.a(_copy_data.o)
 .text.libgcc.mul
                0x00000000        0x0 c:/program files (x86)/atmel/studio/7.0/toolchain/avr8/avr8-gnu-toolchain/bin/../lib/gcc/avr/4.9.2/avrxmega6\libgcc.a(_copy_data.o)
 .text.libgcc.div
                0x00000000        0x0 c:/program files (x86)/atmel/studio/7.0/toolchain/avr8/avr8-gnu-toolchain/bin/../lib/gcc/avr/4.9.2/avrxmega6\libgcc.a(_copy_data.o)
 .text.libgcc   0x00000000        0x0 c:/program files (x86)/atmel/studio/7.0/toolchain/avr8/avr8-gnu-toolchain/bin/../lib/gcc/avr/4.9.2/avrxmega6\libgcc.a(_copy_data.o)
 .text.libgcc.prologue
                0x00000000        0x0 c:/program files (x86)/atmel/studio/7.0/toolchain/avr8/avr8-gnu-toolchain/bin/../lib/gcc/avr/4.9.2/avrxmega6\libgcc.a(_copy_data.o)
 .text.libgcc.builtins
                0x00000000        0x0 c:/program files (x86)/atmel/studio/7.0/toolchain/avr8/avr8-gnu-toolchain/bin/../lib/gcc/avr/4.9.2/avrxmega6\libgcc.a(_copy_data.o)
 .text.libgcc.fmul
                0x00000000        0x0 c:/program files (x86)/atmel/studio/7.0/toolchain/avr8/avr8-gnu-toolchain/bin/../lib/gcc/avr/4.9.2/avrxmega6\libgcc.a(_copy_data.o)
 .text.libgcc.fixed
                0x00000000        0x0 c:/program files (x86)/atmel/studio/7.0/toolchain/avr8/avr8-gnu-toolchain/bin/../lib/gcc/avr/4.9.2/avrxmega6\libgcc.a(_copy_data.o)
 .text          0x00000000        0x0 c:/program files (x86)/atmel/studio/7.0/toolchain/avr8/avr8-gnu-toolchain/bin/../lib/gcc/avr/4.9.2/avrxmega6\libgcc.a(_clear_bss.o)
 .data          0x00000000        0x0 c:/program files (x86)/atmel/studio/7.0/toolchain/avr8/avr8-gnu-toolchain/bin/../lib/gcc/avr/4.9.2/avrxmega6\libgcc.a(_clear_bss.o)
 .bss           0x00000000        0x0 c:/program files (x86)/atmel/studio/7.0/toolchain/avr8/avr8-gnu-toolchain/bin/../lib/gcc/avr/4.9.2/avrxmega6\libgcc.a(_clear_bss.o)
 .text.libgcc.mul
                0x00000000        0x0 c:/program files (x86)/atmel/studio/7.0/toolchain/avr8/avr8-gnu-toolchain/bin/../lib/gcc/avr/4.9.2/avrxmega6\libgcc.a(_clear_bss.o)
 .text.libgcc.div
                0x00000000        0x0 c:/program files (x86)/atmel/studio/7.0/toolchain/avr8/avr8-gnu-toolchain/bin/../lib/gcc/avr/4.9.2/avrxmega6\libgcc.a(_clear_bss.o)
 .text.libgcc   0x00000000        0x0 c:/program files (x86)/atmel/studio/7.0/toolchain/avr8/avr8-gnu-toolchain/bin/../lib/gcc/avr/4.9.2/avrxmega6\libgcc.a(_clear_bss.o)
 .text.libgcc.prologue
                0x00000000        0x0 c:/program files (x86)/atmel/studio/7.0/toolchain/avr8/avr8-gnu-toolchain/bin/../lib/gcc/avr/4.9.2/avrxmega6\libgcc.a(_clear_bss.o)
 .text.libgcc.builtins
                0x00000000        0x0 c:/program files (x86)/atmel/studio/7.0/toolchain/avr8/avr8-gnu-toolchain/bin/../lib/gcc/avr/4.9.2/avrxmega6\libgcc.a(_clear_bss.o)
 .text.libgcc.fmul
                0x00000000        0x0 c:/program files (x86)/atmel/studio/7.0/toolchain/avr8/avr8-gnu-toolchain/bin/../lib/gcc/avr/4.9.2/avrxmega6\libgcc.a(_clear_bss.o)
 .text.libgcc.fixed
                0x00000000        0x0 c:/program files (x86)/atmel/studio/7.0/toolchain/avr8/avr8-gnu-toolchain/bin/../lib/gcc/avr/4.9.2/avrxmega6\libgcc.a(_clear_bss.o)
 .text          0x00000000        0x0 c:/program files (x86)/atmel/studio/7.0/toolchain/avr8/avr8-gnu-toolchain/bin/../lib/gcc/avr/4.9.2/avrxmega6\libgcc.a(_ctors.o)
 .data          0x00000000        0x0 c:/program files (x86)/atmel/studio/7.0/toolchain/avr8/avr8-gnu-toolchain/bin/../lib/gcc/avr/4.9.2/avrxmega6\libgcc.a(_ctors.o)
 .bss           0x00000000        0x0 c:/program files (x86)/atmel/studio/7.0/toolchain/avr8/avr8-gnu-toolchain/bin/../lib/gcc/avr/4.9.2/avrxmega6\libgcc.a(_ctors.o)
 .text.libgcc.mul
                0x00000000        0x0 c:/program files (x86)/atmel/studio/7.0/toolchain/avr8/avr8-gnu-toolchain/bin/../lib/gcc/avr/4.9.2/avrxmega6\libgcc.a(_ctors.o)
 .text.libgcc.div
                0x00000000        0x0 c:/program files (x86)/atmel/studio/7.0/toolchain/avr8/avr8-gnu-toolchain/bin/../lib/gcc/avr/4.9.2/avrxmega6\libgcc.a(_ctors.o)
 .text.libgcc   0x00000000        0x0 c:/program files (x86)/atmel/studio/7.0/toolchain/avr8/avr8-gnu-toolchain/bin/../lib/gcc/avr/4.9.2/avrxmega6\libgcc.a(_ctors.o)
 .text.libgcc.prologue
                0x00000000        0x0 c:/program files (x86)/atmel/studio/7.0/toolchain/avr8/avr8-gnu-toolchain/bin/../lib/gcc/avr/4.9.2/avrxmega6\libgcc.a(_ctors.o)
 .text.libgcc.builtins
                0x00000000        0x0 c:/program files (x86)/atmel/studio/7.0/toolchain/avr8/avr8-gnu-toolchain/bin/../lib/gcc/avr/4.9.2/avrxmega6\libgcc.a(_ctors.o)
 .text.libgcc.fmul
                0x00000000        0x0 c:/program files (x86)/atmel/studio/7.0/toolchain/avr8/avr8-gnu-toolchain/bin/../lib/gcc/avr/4.9.2/avrxmega6\libgcc.a(_ctors.o)
 .text.libgcc.fixed
                0x00000000        0x0 c:/program files (x86)/atmel/studio/7.0/toolchain/avr8/avr8-gnu-toolchain/bin/../lib/gcc/avr/4.9.2/avrxmega6\libgcc.a(_ctors.o)
 .text          0x00000000        0x0 c:/program files (x86)/atmel/studio/7.0/toolchain/avr8/avr8-gnu-toolchain/bin/../lib/gcc/avr/4.9.2/avrxmega6\libgcc.a(_dtors.o)
 .data          0x00000000        0x0 c:/program files (x86)/atmel/studio/7.0/toolchain/avr8/avr8-gnu-toolchain/bin/../lib/gcc/avr/4.9.2/avrxmega6\libgcc.a(_dtors.o)
 .bss           0x00000000        0x0 c:/program files (x86)/atmel/studio/7.0/toolchain/avr8/avr8-gnu-toolchain/bin/../lib/gcc/avr/4.9.2/avrxmega6\libgcc.a(_dtors.o)
 .text.libgcc.mul
                0x00000000        0x0 c:/program files (x86)/atmel/studio/7.0/toolchain/avr8/avr8-gnu-toolchain/bin/../lib/gcc/avr/4.9.2/avrxmega6\libgcc.a(_dtors.o)
 .text.libgcc.div
                0x00000000        0x0 c:/program files (x86)/atmel/studio/7.0/toolchain/avr8/avr8-gnu-toolchain/bin/../lib/gcc/avr/4.9.2/avrxmega6\libgcc.a(_dtors.o)
 .text.libgcc   0x00000000        0x0 c:/program files (x86)/atmel/studio/7.0/toolchain/avr8/avr8-gnu-toolchain/bin/../lib/gcc/avr/4.9.2/avrxmega6\libgcc.a(_dtors.o)
 .text.libgcc.prologue
                0x00000000        0x0 c:/program files (x86)/atmel/studio/7.0/toolchain/avr8/avr8-gnu-toolchain/bin/../lib/gcc/avr/4.9.2/avrxmega6\libgcc.a(_dtors.o)
 .text.libgcc.builtins
                0x00000000        0x0 c:/program files (x86)/atmel/studio/7.0/toolchain/avr8/avr8-gnu-toolchain/bin/../lib/gcc/avr/4.9.2/avrxmega6\libgcc.a(_dtors.o)
 .text.libgcc.fmul
                0x00000000        0x0 c:/program files (x86)/atmel/studio/7.0/toolchain/avr8/avr8-gnu-toolchain/bin/../lib/gcc/avr/4.9.2/avrxmega6\libgcc.a(_dtors.o)
 .text.libgcc.fixed
                0x00000000        0x0 c:/program files (x86)/atmel/studio/7.0/toolchain/avr8/avr8-gnu-toolchain/bin/../lib/gcc/avr/4.9.2/avrxmega6\libgcc.a(_dtors.o)
 .text          0x00000000        0x0 c:/program files (x86)/atmel/studio/7.0/toolchain/avr8/avr8-gnu-toolchain/bin/../lib/gcc/avr/4.9.2/avrxmega6\libgcc.a(_umulhisi3.o)
 .data          0x00000000        0x0 c:/program files (x86)/atmel/studio/7.0/toolchain/avr8/avr8-gnu-toolchain/bin/../lib/gcc/avr/4.9.2/avrxmega6\libgcc.a(_umulhisi3.o)
 .bss           0x00000000        0x0 c:/program files (x86)/atmel/studio/7.0/toolchain/avr8/avr8-gnu-toolchain/bin/../lib/gcc/avr/4.9.2/avrxmega6\libgcc.a(_umulhisi3.o)
 .text.libgcc.div
                0x00000000        0x0 c:/program files (x86)/atmel/studio/7.0/toolchain/avr8/avr8-gnu-toolchain/bin/../lib/gcc/avr/4.9.2/avrxmega6\libgcc.a(_umulhisi3.o)
 .text.libgcc   0x00000000        0x0 c:/program files (x86)/atmel/studio/7.0/toolchain/avr8/avr8-gnu-toolchain/bin/../lib/gcc/avr/4.9.2/avrxmega6\libgcc.a(_umulhisi3.o)
 .text.libgcc.prologue
                0x00000000        0x0 c:/program files (x86)/atmel/studio/7.0/toolchain/avr8/avr8-gnu-toolchain/bin/../lib/gcc/avr/4.9.2/avrxmega6\libgcc.a(_umulhisi3.o)
 .text.libgcc.builtins
                0x00000000        0x0 c:/program files (x86)/atmel/studio/7.0/toolchain/avr8/avr8-gnu-toolchain/bin/../lib/gcc/avr/4.9.2/avrxmega6\libgcc.a(_umulhisi3.o)
 .text.libgcc.fmul
                0x00000000        0x0 c:/program files (x86)/atmel/studio/7.0/toolchain/avr8/avr8-gnu-toolchain/bin/../lib/gcc/avr/4.9.2/avrxmega6\libgcc.a(_umulhisi3.o)
 .text.libgcc.fixed
                0x00000000        0x0 c:/program files (x86)/atmel/studio/7.0/toolchain/avr8/avr8-gnu-toolchain/bin/../lib/gcc/avr/4.9.2/avrxmega6\libgcc.a(_umulhisi3.o)
 .text          0x00000000        0x0 c:/program files (x86)/atmel/studio/7.0/toolchain/avr8/avr8-gnu-toolchain/bin/../lib/gcc/avr/4.9.2/avrxmega6\libgcc.a(_udivmodsi4.o)
 .data          0x00000000        0x0 c:/program files (x86)/atmel/studio/7.0/toolchain/avr8/avr8-gnu-toolchain/bin/../lib/gcc/avr/4.9.2/avrxmega6\libgcc.a(_udivmodsi4.o)
 .bss           0x00000000        0x0 c:/program files (x86)/atmel/studio/7.0/toolchain/avr8/avr8-gnu-toolchain/bin/../lib/gcc/avr/4.9.2/avrxmega6\libgcc.a(_udivmodsi4.o)
 .text.libgcc.mul
                0x00000000        0x0 c:/program files (x86)/atmel/studio/7.0/toolchain/avr8/avr8-gnu-toolchain/bin/../lib/gcc/avr/4.9.2/avrxmega6\libgcc.a(_udivmodsi4.o)
 .text.libgcc   0x00000000        0x0 c:/program files (x86)/atmel/studio/7.0/toolchain/avr8/avr8-gnu-toolchain/bin/../lib/gcc/avr/4.9.2/avrxmega6\libgcc.a(_udivmodsi4.o)
 .text.libgcc.prologue
                0x00000000        0x0 c:/program files (x86)/atmel/studio/7.0/toolchain/avr8/avr8-gnu-toolchain/bin/../lib/gcc/avr/4.9.2/avrxmega6\libgcc.a(_udivmodsi4.o)
 .text.libgcc.builtins
                0x00000000        0x0 c:/program files (x86)/atmel/studio/7.0/toolchain/avr8/avr8-gnu-toolchain/bin/../lib/gcc/avr/4.9.2/avrxmega6\libgcc.a(_udivmodsi4.o)
 .text.libgcc.fmul
                0x00000000        0x0 c:/program files (x86)/atmel/studio/7.0/toolchain/avr8/avr8-gnu-toolchain/bin/../lib/gcc/avr/4.9.2/avrxmega6\libgcc.a(_udivmodsi4.o)
 .text.libgcc.fixed
                0x00000000        0x0 c:/program files (x86)/atmel/studio/7.0/toolchain/avr8/avr8-gnu-toolchain/bin/../lib/gcc/avr/4.9.2/avrxmega6\libgcc.a(_udivmodsi4.o)
 .text          0x00000000        0x0 c:/program files (x86)/atmel/studio/7.0/toolchain/avr8/avr8-gnu-toolchain/bin/../lib/gcc/avr/4.9.2/../../../../avr/lib/avrxmega6\libc.a(malloc.o)
 .bss           0x00000000        0x0 c:/program files (x86)/atmel/studio/7.0/toolchain/avr8/avr8-gnu-toolchain/bin/../lib/gcc/avr/4.9.2/../../../../avr/lib/avrxmega6\libc.a(malloc.o)
 .text          0x00000000        0x0 c:/program files (x86)/atmel/studio/7.0/toolchain/avr8/avr8-gnu-toolchain/bin/../lib/gcc/avr/4.9.2/../../../../avr/lib/avrxmega6\libc.a(memcpy.o)
 .data          0x00000000        0x0 c:/program files (x86)/atmel/studio/7.0/toolchain/avr8/avr8-gnu-toolchain/bin/../lib/gcc/avr/4.9.2/../../../../avr/lib/avrxmega6\libc.a(memcpy.o)
 .bss           0x00000000        0x0 c:/program files (x86)/atmel/studio/7.0/toolchain/avr8/avr8-gnu-toolchain/bin/../lib/gcc/avr/4.9.2/../../../../avr/lib/avrxmega6\libc.a(memcpy.o)

Memory Configuration

Name             Origin             Length             Attributes
text             0x00000000         0x00100000         xr
data             0x00802000         0x0000ffa0         rw !x
eeprom           0x00810000         0x00010000         rw !x
fuse             0x00820000         0x00000400         rw !x
lock             0x00830000         0x00000400         rw !x
signature        0x00840000         0x00000400         rw !x
user_signatures  0x00850000         0x00000400         rw !x
*default*        0x00000000         0xffffffff

Linker script and memory map

LOAD C:/Program Files (x86)/Atmel/Studio/7.0/Packs/atmel/XMEGAA_DFP/1.0.38/gcc/dev/atxmega128a3/avrxmega6/crtatxmega128a3.o
LOAD CDGUSUSART.o
LOAD CLaserBoard.o
LOAD CLaserControlApp.o
LOAD CSoundPlayer.o
LOAD CTimerC.o
LOAD CTimerF.o
LOAD LaserLib/CSPI.o
LOAD LaserLib/CTimer.o
LOAD LaserLib/CUSART.o
LOAD LaserLib/intx128.o
LOAD main.o
LOAD MODBUS/CMBProtocol.o
LOAD MODBUS/CMBSender.o
START GROUP
LOAD c:/program files (x86)/atmel/studio/7.0/toolchain/avr8/avr8-gnu-toolchain/bin/../lib/gcc/avr/4.9.2/../../../../avr/lib/avrxmega6\libm.a
END GROUP
LOAD c:/program files (x86)/atmel/studio/7.0/toolchain/avr8/avr8-gnu-toolchain/bin/../lib/gcc/avr/4.9.2/avrxmega6\libgcc.a
LOAD c:/program files (x86)/atmel/studio/7.0/toolchain/avr8/avr8-gnu-toolchain/bin/../lib/gcc/avr/4.9.2/../../../../avr/lib/avrxmega6\libm.a
START GROUP
LOAD c:/program files (x86)/atmel/studio/7.0/toolchain/avr8/avr8-gnu-toolchain/bin/../lib/gcc/avr/4.9.2/avrxmega6\libgcc.a
LOAD c:/program files (x86)/atmel/studio/7.0/toolchain/avr8/avr8-gnu-toolchain/bin/../lib/gcc/avr/4.9.2/../../../../avr/lib/avrxmega6\libm.a
LOAD c:/program files (x86)/atmel/studio/7.0/toolchain/avr8/avr8-gnu-toolchain/bin/../lib/gcc/avr/4.9.2/../../../../avr/lib/avrxmega6\libc.a
LOAD C:/Program Files (x86)/Atmel/Studio/7.0/Packs/atmel/XMEGAA_DFP/1.0.38/gcc/dev/atxmega128a3/avrxmega6\libatxmega128a3.a
END GROUP

.hash
 *(.hash)

.dynsym
 *(.dynsym)

.dynstr
 *(.dynstr)

.gnu.version
 *(.gnu.version)

.gnu.version_d
 *(.gnu.version_d)

.gnu.version_r
 *(.gnu.version_r)

.rel.init
 *(.rel.init)

.rela.init
 *(.rela.init)

.rel.text
 *(.rel.text)
 *(.rel.text.*)
 *(.rel.gnu.linkonce.t*)

.rela.text
 *(.rela.text)
 *(.rela.text.*)
 *(.rela.gnu.linkonce.t*)

.rel.fini
 *(.rel.fini)

.rela.fini
 *(.rela.fini)

.rel.rodata
 *(.rel.rodata)
 *(.rel.rodata.*)
 *(.rel.gnu.linkonce.r*)

.rela.rodata
 *(.rela.rodata)
 *(.rela.rodata.*)
 *(.rela.gnu.linkonce.r*)

.rel.data
 *(.rel.data)
 *(.rel.data.*)
 *(.rel.gnu.linkonce.d*)

.rela.data
 *(.rela.data)
 *(.rela.data.*)
 *(.rela.gnu.linkonce.d*)

.rel.ctors
 *(.rel.ctors)

.rela.ctors
 *(.rela.ctors)

.rel.dtors
 *(.rel.dtors)

.rela.dtors
 *(.rela.dtors)

.rel.got
 *(.rel.got)

.rela.got
 *(.rela.got)

.rel.bss
 *(.rel.bss)

.rela.bss
 *(.rela.bss)

.rel.plt
 *(.rel.plt)

.rela.plt
 *(.rela.plt)

.text           0x00000000     0x4eec
 *(.vectors)
 .vectors       0x00000000      0x1e8 C:/Program Files (x86)/Atmel/Studio/7.0/Packs/atmel/XMEGAA_DFP/1.0.38/gcc/dev/atxmega128a3/avrxmega6/crtatxmega128a3.o
                0x00000000                __vector_default
                0x00000000                __vectors
 *(.vectors)
 *(.progmem.gcc*)
 .progmem.gcc_sw_table._ZN16CLaserControlApp18OnRegisterReceivedEhPhh
                0x000001e8       0x28 CLaserControlApp.o
 .progmem.gcc_sw_table._ZN9CMBSender13OnReceiveByteEh
                0x00000210       0x16 MODBUS/CMBSender.o
                0x00000226                . = ALIGN (0x2)
                0x00000226                __trampolines_start = .
 *(.trampolines)
 .trampolines   0x00000226      0x16c linker stubs
 *(.trampolines*)
                0x00000392                __trampolines_end = .
 *(.progmem*)
                0x00000392                . = ALIGN (0x2)
 *(.jumptables)
 *(.jumptables*)
 *(.lowtext)
 *(.lowtext*)
                0x00000392                __ctors_start = .
 *(.ctors)
 .ctors         0x00000392        0x2 CLaserControlApp.o
 .ctors         0x00000394        0x2 main.o
                0x00000396                __ctors_end = .
                0x00000396                __dtors_start = .
 *(.dtors)
 .dtors         0x00000396        0x2 CLaserControlApp.o
 .dtors         0x00000398        0x2 main.o
                0x0000039a                __dtors_end = .
 SORT(*)(.ctors)
 SORT(*)(.dtors)
 *(.init0)
 .init0         0x0000039a        0x0 C:/Program Files (x86)/Atmel/Studio/7.0/Packs/atmel/XMEGAA_DFP/1.0.38/gcc/dev/atxmega128a3/avrxmega6/crtatxmega128a3.o
                0x0000039a                __init
 *(.init0)
 *(.init1)
 *(.init1)
 *(.init2)
 .init2         0x0000039a       0x10 C:/Program Files (x86)/Atmel/Studio/7.0/Packs/atmel/XMEGAA_DFP/1.0.38/gcc/dev/atxmega128a3/avrxmega6/crtatxmega128a3.o
 *(.init2)
 *(.init3)
 *(.init3)
 *(.init4)
 .init4         0x000003aa       0x1a c:/program files (x86)/atmel/studio/7.0/toolchain/avr8/avr8-gnu-toolchain/bin/../lib/gcc/avr/4.9.2/avrxmega6\libgcc.a(_copy_data.o)
                0x000003aa                __do_copy_data
 .init4         0x000003c4       0x10 c:/program files (x86)/atmel/studio/7.0/toolchain/avr8/avr8-gnu-toolchain/bin/../lib/gcc/avr/4.9.2/avrxmega6\libgcc.a(_clear_bss.o)
                0x000003c4                __do_clear_bss
 *(.init4)
 *(.init5)
 *(.init5)
 *(.init6)
 .init6         0x000003d4       0x20 c:/program files (x86)/atmel/studio/7.0/toolchain/avr8/avr8-gnu-toolchain/bin/../lib/gcc/avr/4.9.2/avrxmega6\libgcc.a(_ctors.o)
                0x000003d4                __do_global_ctors
 *(.init6)
 *(.init7)
 *(.init7)
 *(.init8)
 *(.init8)
 *(.init9)
 .init9         0x000003f4        0x8 C:/Program Files (x86)/Atmel/Studio/7.0/Packs/atmel/XMEGAA_DFP/1.0.38/gcc/dev/atxmega128a3/avrxmega6/crtatxmega128a3.o
 *(.init9)
 *(.text)
 .text          0x000003fc        0x4 C:/Program Files (x86)/Atmel/Studio/7.0/Packs/atmel/XMEGAA_DFP/1.0.38/gcc/dev/atxmega128a3/avrxmega6/crtatxmega128a3.o
                0x000003fc                __vector_75
                0x000003fc                __vector_102
                0x000003fc                __bad_interrupt
                0x000003fc                __vector_114
                0x000003fc                __vector_117
                0x000003fc                __vector_107
                0x000003fc                __vector_98
                0x000003fc                __vector_99
                0x000003fc                __vector_100
                0x000003fc                __vector_101
                0x000003fc                __vector_76
                0x000003fc                __vector_115
                0x000003fc                __vector_95
                0x000003fc                __vector_103
                0x000003fc                __vector_96
                0x000003fc                __vector_106
                0x000003fc                __vector_118
                0x000003fc                __vector_94
                0x000003fc                __vector_116
                0x000003fc                __vector_97
                0x00000400                . = ALIGN (0x2)
 *(.text.*)
 .text._ZN10CDGUSUSART10InitializeE13BAUDRATE_ENUM11PARITY_ENUM12STOBITS_ENUMb
                0x00000400       0x76 CDGUSUSART.o
                0x00000400                _ZN10CDGUSUSART10InitializeE13BAUDRATE_ENUM11PARITY_ENUM12STOBITS_ENUMb
 .text._ZN10CDGUSUSART15GetReceivedByteEv
                0x00000476        0x6 CDGUSUSART.o
                0x00000476                _ZN10CDGUSUSART15GetReceivedByteEv
 .text._ZN10CDGUSUSART19SetTransmittingByteEh
                0x0000047c        0x6 CDGUSUSART.o
                0x0000047c                _ZN10CDGUSUSART19SetTransmittingByteEh
 .text._ZN10CDGUSUSART14IsTransmittingEv
                0x00000482       0x10 CDGUSUSART.o
                0x00000482                _ZN10CDGUSUSART14IsTransmittingEv
 .text._ZN10CDGUSUSART11IsReceivingEv
                0x00000492        0xe CDGUSUSART.o
                0x00000492                _ZN10CDGUSUSART11IsReceivingEv
 .text._ZN10CDGUSUSART11IsDataEmptyEv
                0x000004a0       0x10 CDGUSUSART.o
                0x000004a0                _ZN10CDGUSUSART11IsDataEmptyEv
 .text._ZN10CDGUSUSART25SetRxInterruptionCallbackEPvPFvS0_E
                0x000004b0       0x12 CDGUSUSART.o
                0x000004b0                _ZN10CDGUSUSART25SetRxInterruptionCallbackEPvPFvS0_E
 .text._ZN10CDGUSUSART25SetTxInterruptionCallbackEPvPFvS0_E
                0x000004c2       0x12 CDGUSUSART.o
                0x000004c2                _ZN10CDGUSUSART25SetTxInterruptionCallbackEPvPFvS0_E
 .text._ZN10CDGUSUSART12SetDMARxTrigEP13DMA_CH_struct
                0x000004d4       0x12 CDGUSUSART.o
                0x000004d4                _ZN10CDGUSUSART12SetDMARxTrigEP13DMA_CH_struct
 .text._ZN10CDGUSUSART12SetDMATxTrigEP13DMA_CH_struct
                0x000004e6       0x12 CDGUSUSART.o
                0x000004e6                _ZN10CDGUSUSART12SetDMATxTrigEP13DMA_CH_struct
 .text._ZN10CDGUSUSARTC2Ev
                0x000004f8       0x18 CDGUSUSART.o
                0x000004f8                _ZN10CDGUSUSARTC1Ev
                0x000004f8                _ZN10CDGUSUSARTC2Ev
 .text._ZN10CDGUSUSARTD2Ev
                0x00000510       0x10 CDGUSUSART.o
                0x00000510                _ZN10CDGUSUSARTD2Ev
                0x00000510                _ZN10CDGUSUSARTD1Ev
 .text._ZN11CLaserBoardC2Ev
                0x00000520        0x2 CLaserBoard.o
                0x00000520                _ZN11CLaserBoardC1Ev
                0x00000520                _ZN11CLaserBoardC2Ev
 .text._ZN11CLaserBoardD2Ev
                0x00000522        0x2 CLaserBoard.o
                0x00000522                _ZN11CLaserBoardD2Ev
                0x00000522                _ZN11CLaserBoardD1Ev
 .text._ZN11CLaserBoard12InitializeIOEv
                0x00000524       0xae CLaserBoard.o
                0x00000524                _ZN11CLaserBoard12InitializeIOEv
 .text._ZN11CLaserBoard15InitializeClockEv
                0x000005d2       0x6a CLaserBoard.o
                0x000005d2                _ZN11CLaserBoard15InitializeClockEv
 .text._ZN11CLaserBoard8Relay1OnEv
                0x0000063c        0x8 CLaserBoard.o
                0x0000063c                _ZN11CLaserBoard8Relay1OnEv
 .text._ZN11CLaserBoard8Relay2OnEv
                0x00000644        0x8 CLaserBoard.o
                0x00000644                _ZN11CLaserBoard8Relay2OnEv
 .text._ZN11CLaserBoard9Relay1OffEv
                0x0000064c        0x8 CLaserBoard.o
                0x0000064c                _ZN11CLaserBoard9Relay1OffEv
 .text._ZN11CLaserBoard9Relay2OffEv
                0x00000654        0x8 CLaserBoard.o
                0x00000654                _ZN11CLaserBoard9Relay2OffEv
 .text._ZN11CLaserBoard12LaserPowerOnEv
                0x0000065c        0x8 CLaserBoard.o
                0x0000065c                _ZN11CLaserBoard12LaserPowerOnEv
 .text._ZN11CLaserBoard13LaserPowerOffEv
                0x00000664        0x8 CLaserBoard.o
                0x00000664                _ZN11CLaserBoard13LaserPowerOffEv
 .text._ZN11CLaserBoard4BeepEv
                0x0000066c       0x30 CLaserBoard.o
                0x0000066c                _ZN11CLaserBoard4BeepEv
 .text._ZN11CLaserBoard14BeepClassErrorEv
                0x0000069c       0x54 CLaserBoard.o
                0x0000069c                _ZN11CLaserBoard14BeepClassErrorEv
 .text._ZN11CLaserBoard9PortCheckEv
                0x000006f0       0x72 CLaserBoard.o
                0x000006f0                _ZN11CLaserBoard9PortCheckEv
 .text._ZN11CLaserBoard10FootswitchEv
                0x00000762        0x8 CLaserBoard.o
                0x00000762                _ZN11CLaserBoard10FootswitchEv
 .text._ZN16CLaserControlApp21OnTransactionCallbackEPhj
                0x0000076a        0x2 CLaserControlApp.o
                0x0000076a                _ZN16CLaserControlApp21OnTransactionCallbackEPhj
 .text._ZN16CLaserControlApp18OnRegisterReceivedEhPhh
                0x0000076c      0x118 CLaserControlApp.o
                0x0000076c                _ZN16CLaserControlApp18OnRegisterReceivedEhPhh
 .text._ZN16CLaserControlApp13OnTimerStaticEPv
                0x00000884        0x2 CLaserControlApp.o
                0x00000884                _ZN16CLaserControlApp13OnTimerStaticEPv
 .text._Z11ConvertDataPvS_jj
                0x00000886       0x58 CLaserControlApp.o
                0x00000886                _Z11ConvertDataPvS_jj
 .text._ZN16CLaserControlApp18OnVariableReceivedEjPjj
                0x000008de       0x52 CLaserControlApp.o
                0x000008de                _ZN16CLaserControlApp18OnVariableReceivedEjPjj
 .text._ZN16CLaserControlAppC2Ev
                0x00000930        0xc CLaserControlApp.o
                0x00000930                _ZN16CLaserControlAppC2Ev
                0x00000930                _ZN16CLaserControlAppC1Ev
 .text._ZN16CLaserControlAppD2Ev
                0x0000093c       0x10 CLaserControlApp.o
                0x0000093c                _ZN16CLaserControlAppD2Ev
                0x0000093c                _ZN16CLaserControlAppD1Ev
 .text._ZN16CLaserControlApp5StartEv
                0x0000094c       0x6c CLaserControlApp.o
                0x0000094c                _ZN16CLaserControlApp5StartEv
 .text._ZN16CLaserControlApp12OnLaserTimerEv
                0x000009b8       0x22 CLaserControlApp.o
                0x000009b8                _ZN16CLaserControlApp12OnLaserTimerEv
 .text._ZN16CLaserControlApp18OnLaserTimerStaticEPv
                0x000009da        0x6 CLaserControlApp.o
                0x000009da                _ZN16CLaserControlApp18OnLaserTimerStaticEPv
 .text._GLOBAL__sub_I_timer
                0x000009e0       0x12 CLaserControlApp.o
 .text._GLOBAL__sub_D_timer
                0x000009f2       0x12 CLaserControlApp.o
 .text._ZN16CLaserControlApp10InitializeEP9CMBSender
                0x00000a04      0x36a CLaserControlApp.o
                0x00000a04                _ZN16CLaserControlApp10InitializeEP9CMBSender
 .text._ZN16CLaserControlApp3RunEv
                0x00000d6e      0x8de CLaserControlApp.o
                0x00000d6e                _ZN16CLaserControlApp3RunEv
 .text._ZN12CSoundPlayerC2Ev
                0x0000164c        0x2 CSoundPlayer.o
                0x0000164c                _ZN12CSoundPlayerC2Ev
                0x0000164c                _ZN12CSoundPlayerC1Ev
 .text._ZN12CSoundPlayerD2Ev
                0x0000164e        0x2 CSoundPlayer.o
                0x0000164e                _ZN12CSoundPlayerD1Ev
                0x0000164e                _ZN12CSoundPlayerD2Ev
 .text._ZN12CSoundPlayer19InitializeToneTimerEv
                0x00001650       0x22 CSoundPlayer.o
                0x00001650                _ZN12CSoundPlayer19InitializeToneTimerEv
 .text._ZN12CSoundPlayer23InitializeDurationTimerEv
                0x00001672       0x18 CSoundPlayer.o
                0x00001672                _ZN12CSoundPlayer23InitializeDurationTimerEv
 .text._ZN12CSoundPlayer10SoundStartEjjh
                0x0000168a       0x68 CSoundPlayer.o
                0x0000168a                _ZN12CSoundPlayer10SoundStartEjjh
 .text._ZN12CSoundPlayer9SoundStopEv
                0x000016f2       0x3c CSoundPlayer.o
                0x000016f2                _ZN12CSoundPlayer9SoundStopEv
 .text._ZN12CSoundPlayer4beepEjj
                0x0000172e       0x18 CSoundPlayer.o
                0x0000172e                _ZN12CSoundPlayer4beepEjj
 .text._ZN12CSoundPlayer10InitializeEv
                0x00001746       0x16 CSoundPlayer.o
                0x00001746                _ZN12CSoundPlayer10InitializeEv
 .text._ZN12CSoundPlayer4PlayEv
                0x0000175c       0x9e CSoundPlayer.o
                0x0000175c                _ZN12CSoundPlayer4PlayEv
 .text._ZN7CTimerC10InitializeE27TIMER_WAVEFORMGEN_MODE_ENUM22TIMER_CLOCKSELECT_ENUM
                0x000017fa       0x36 CTimerC.o
                0x000017fa                _ZN7CTimerC10InitializeE27TIMER_WAVEFORMGEN_MODE_ENUM22TIMER_CLOCKSELECT_ENUM
 .text._ZN7CTimerC5StartEj
                0x00001830       0x1a CTimerC.o
                0x00001830                _ZN7CTimerC5StartEj
 .text._ZN7CTimerC4StopEv
                0x0000184a       0x10 CTimerC.o
                0x0000184a                _ZN7CTimerC4StopEv
 .text._ZN7CTimerC13EnableChannelE19TIMER_CHANNELS_ENUM
                0x0000185a        0xe CTimerC.o
                0x0000185a                _ZN7CTimerC13EnableChannelE19TIMER_CHANNELS_ENUM
 .text._ZN7CTimerC14DisableChannelE19TIMER_CHANNELS_ENUM
                0x00001868        0xe CTimerC.o
                0x00001868                _ZN7CTimerC14DisableChannelE19TIMER_CHANNELS_ENUM
 .text._ZN7CTimerC9SetPeriodEj
                0x00001876        0xa CTimerC.o
                0x00001876                _ZN7CTimerC9SetPeriodEj
 .text._ZN7CTimerC8SetCOMPAEj
                0x00001880        0xa CTimerC.o
                0x00001880                _ZN7CTimerC8SetCOMPAEj
 .text._ZN7CTimerC8SetCOMPBEj
                0x0000188a        0xa CTimerC.o
                0x0000188a                _ZN7CTimerC8SetCOMPBEj
 .text._ZN7CTimerC8SetCOMPCEj
                0x00001894        0xa CTimerC.o
                0x00001894                _ZN7CTimerC8SetCOMPCEj
 .text._ZN7CTimerC8SetCOMPDEj
                0x0000189e        0xa CTimerC.o
                0x0000189e                _ZN7CTimerC8SetCOMPDEj
 .text._ZN7CTimerC14SetOVFCallbackEPFvPvES0_17TC_OVFINTLVL_enum
                0x000018a8       0x24 CTimerC.o
                0x000018a8                _ZN7CTimerC14SetOVFCallbackEPFvPvES0_17TC_OVFINTLVL_enum
 .text._ZN7CTimerC14SetERRCallbackEPFvPvES0_17TC_ERRINTLVL_enum
                0x000018cc       0x24 CTimerC.o
                0x000018cc                _ZN7CTimerC14SetERRCallbackEPFvPvES0_17TC_ERRINTLVL_enum
 .text._ZN7CTimerC16SetCOMPACallbackEPFvPvES0_17TC_CCAINTLVL_enum
                0x000018f0       0x24 CTimerC.o
                0x000018f0                _ZN7CTimerC16SetCOMPACallbackEPFvPvES0_17TC_CCAINTLVL_enum
 .text._ZN7CTimerC16SetCOMPBCallbackEPFvPvES0_17TC_CCBINTLVL_enum
                0x00001914       0x24 CTimerC.o
                0x00001914                _ZN7CTimerC16SetCOMPBCallbackEPFvPvES0_17TC_CCBINTLVL_enum
 .text._ZN7CTimerC16SetCOMPCCallbackEPFvPvES0_17TC_CCCINTLVL_enum
                0x00001938       0x24 CTimerC.o
                0x00001938                _ZN7CTimerC16SetCOMPCCallbackEPFvPvES0_17TC_CCCINTLVL_enum
 .text._ZN7CTimerC16SetCOMPDCallbackEPFvPvES0_17TC_CCDINTLVL_enum
                0x0000195c       0x24 CTimerC.o
                0x0000195c                _ZN7CTimerC16SetCOMPDCallbackEPFvPvES0_17TC_CCDINTLVL_enum
 .text._ZN7CTimerCC2Ev
                0x00001980       0x18 CTimerC.o
                0x00001980                _ZN7CTimerCC1Ev
                0x00001980                _ZN7CTimerCC2Ev
 .text._ZN7CTimerCD2Ev
                0x00001998       0x10 CTimerC.o
                0x00001998                _ZN7CTimerCD1Ev
                0x00001998                _ZN7CTimerCD2Ev
 .text._ZN7CTimerF10InitializeE27TIMER_WAVEFORMGEN_MODE_ENUM22TIMER_CLOCKSELECT_ENUM
                0x000019a8       0x36 CTimerF.o
                0x000019a8                _ZN7CTimerF10InitializeE27TIMER_WAVEFORMGEN_MODE_ENUM22TIMER_CLOCKSELECT_ENUM
 .text._ZN7CTimerF5StartEj
                0x000019de       0x1a CTimerF.o
                0x000019de                _ZN7CTimerF5StartEj
 .text._ZN7CTimerF4StopEv
                0x000019f8       0x10 CTimerF.o
                0x000019f8                _ZN7CTimerF4StopEv
 .text._ZN7CTimerF13EnableChannelE19TIMER_CHANNELS_ENUM
                0x00001a08        0xc CTimerF.o
                0x00001a08                _ZN7CTimerF13EnableChannelE19TIMER_CHANNELS_ENUM
 .text._ZN7CTimerF14DisableChannelE19TIMER_CHANNELS_ENUM
                0x00001a14        0xe CTimerF.o
                0x00001a14                _ZN7CTimerF14DisableChannelE19TIMER_CHANNELS_ENUM
 .text._ZN7CTimerF10ChannelSetE19TIMER_CHANNELS_ENUM
                0x00001a22       0x10 CTimerF.o
                0x00001a22                _ZN7CTimerF10ChannelSetE19TIMER_CHANNELS_ENUM
 .text._ZN7CTimerF12ChannelResetE19TIMER_CHANNELS_ENUM
                0x00001a32       0x12 CTimerF.o
                0x00001a32                _ZN7CTimerF12ChannelResetE19TIMER_CHANNELS_ENUM
 .text._ZN7CTimerF9SetPeriodEj
                0x00001a44        0xa CTimerF.o
                0x00001a44                _ZN7CTimerF9SetPeriodEj
 .text._ZN7CTimerF8SetCOMPAEj
                0x00001a4e        0xa CTimerF.o
                0x00001a4e                _ZN7CTimerF8SetCOMPAEj
 .text._ZN7CTimerF8SetCOMPBEj
                0x00001a58        0xa CTimerF.o
                0x00001a58                _ZN7CTimerF8SetCOMPBEj
 .text._ZN7CTimerF8SetCOMPCEj
                0x00001a62        0xa CTimerF.o
                0x00001a62                _ZN7CTimerF8SetCOMPCEj
 .text._ZN7CTimerF8SetCOMPDEj
                0x00001a6c        0xa CTimerF.o
                0x00001a6c                _ZN7CTimerF8SetCOMPDEj
 .text._ZN7CTimerF14SetOVFCallbackEPFvPvES0_17TC_OVFINTLVL_enum
                0x00001a76       0x24 CTimerF.o
                0x00001a76                _ZN7CTimerF14SetOVFCallbackEPFvPvES0_17TC_OVFINTLVL_enum
 .text._ZN7CTimerF14SetERRCallbackEPFvPvES0_17TC_ERRINTLVL_enum
                0x00001a9a       0x24 CTimerF.o
                0x00001a9a                _ZN7CTimerF14SetERRCallbackEPFvPvES0_17TC_ERRINTLVL_enum
 .text._ZN7CTimerF16SetCOMPACallbackEPFvPvES0_17TC_CCAINTLVL_enum
                0x00001abe       0x24 CTimerF.o
                0x00001abe                _ZN7CTimerF16SetCOMPACallbackEPFvPvES0_17TC_CCAINTLVL_enum
 .text._ZN7CTimerF16SetCOMPBCallbackEPFvPvES0_17TC_CCBINTLVL_enum
                0x00001ae2       0x24 CTimerF.o
                0x00001ae2                _ZN7CTimerF16SetCOMPBCallbackEPFvPvES0_17TC_CCBINTLVL_enum
 .text._ZN7CTimerF16SetCOMPCCallbackEPFvPvES0_17TC_CCCINTLVL_enum
                0x00001b06       0x24 CTimerF.o
                0x00001b06                _ZN7CTimerF16SetCOMPCCallbackEPFvPvES0_17TC_CCCINTLVL_enum
 .text._ZN7CTimerF16SetCOMPDCallbackEPFvPvES0_17TC_CCDINTLVL_enum
                0x00001b2a       0x24 CTimerF.o
                0x00001b2a                _ZN7CTimerF16SetCOMPDCallbackEPFvPvES0_17TC_CCDINTLVL_enum
 .text._ZN7CTimerFC2Ev
                0x00001b4e       0x18 CTimerF.o
                0x00001b4e                _ZN7CTimerFC2Ev
                0x00001b4e                _ZN7CTimerFC1Ev
 .text._ZN7CTimerFD2Ev
                0x00001b66       0x10 CTimerF.o
                0x00001b66                _ZN7CTimerFD2Ev
                0x00001b66                _ZN7CTimerFD1Ev
 .text._ZN4CSPIC2Ev
                0x00001b76        0x2 LaserLib/CSPI.o
                0x00001b76                _ZN4CSPIC2Ev
                0x00001b76                _ZN4CSPIC1Ev
 .text._ZN4CSPID2Ev
                0x00001b78        0x2 LaserLib/CSPI.o
                0x00001b78                _ZN4CSPID2Ev
                0x00001b78                _ZN4CSPID1Ev
 .text._ZN4CSPI10InitializeEb19SPI_DATA_ORDER_ENUM13SPI_MODE_ENUMb18SPI_PRESCALER_enum
                0x00001b7a       0x88 LaserLib/CSPI.o
                0x00001b7a                _ZN4CSPI10InitializeEb19SPI_DATA_ORDER_ENUM13SPI_MODE_ENUMb18SPI_PRESCALER_enum
 .text._ZN4CSPI4SendEPhj
                0x00001c02       0x40 LaserLib/CSPI.o
                0x00001c02                _ZN4CSPI4SendEPhj
 .text._ZN4CSPI10OnTransmitEv
                0x00001c42       0x30 LaserLib/CSPI.o
                0x00001c42                _ZN4CSPI10OnTransmitEv
 .text._ZN4CSPI16StaticOnTransmitEPv
                0x00001c72        0x6 LaserLib/CSPI.o
                0x00001c72                _ZN4CSPI16StaticOnTransmitEPv
 .text._ZN6CTimerC2Ev
                0x00001c78        0xc LaserLib/CTimer.o
                0x00001c78                _ZN6CTimerC1Ev
                0x00001c78                _ZN6CTimerC2Ev
 .text._ZN6CTimerD2Ev
                0x00001c84        0x2 LaserLib/CTimer.o
                0x00001c84                _ZN6CTimerD1Ev
                0x00001c84                _ZN6CTimerD2Ev
 .text._ZN6CUSARTC2Ev
                0x00001c86        0xc LaserLib/CUSART.o
                0x00001c86                _ZN6CUSARTC2Ev
                0x00001c86                _ZN6CUSARTC1Ev
 .text._ZN6CUSARTD2Ev
                0x00001c92        0x2 LaserLib/CUSART.o
                0x00001c92                _ZN6CUSARTD1Ev
                0x00001c92                _ZN6CUSARTD2Ev
 .text.__vector_1
                0x00001c94       0x62 LaserLib/intx128.o
                0x00001c94                __vector_1
 .text.__vector_2
                0x00001cf6       0x62 LaserLib/intx128.o
                0x00001cf6                __vector_2
 .text.__vector_3
                0x00001d58       0x62 LaserLib/intx128.o
                0x00001d58                __vector_3
 .text.__vector_4
                0x00001dba       0x62 LaserLib/intx128.o
                0x00001dba                __vector_4
 .text.__vector_5
                0x00001e1c       0x62 LaserLib/intx128.o
                0x00001e1c                __vector_5
 .text.__vector_6
                0x00001e7e       0x62 LaserLib/intx128.o
                0x00001e7e                __vector_6
 .text.__vector_7
                0x00001ee0       0x62 LaserLib/intx128.o
                0x00001ee0                __vector_7
 .text.__vector_8
                0x00001f42       0x62 LaserLib/intx128.o
                0x00001f42                __vector_8
 .text.__vector_9
                0x00001fa4       0x62 LaserLib/intx128.o
                0x00001fa4                __vector_9
 .text.__vector_10
                0x00002006       0x62 LaserLib/intx128.o
                0x00002006                __vector_10
 .text.__vector_11
                0x00002068       0x62 LaserLib/intx128.o
                0x00002068                __vector_11
 .text.__vector_12
                0x000020ca       0x62 LaserLib/intx128.o
                0x000020ca                __vector_12
 .text.__vector_13
                0x0000212c       0x62 LaserLib/intx128.o
                0x0000212c                __vector_13
 .text.__vector_14
                0x0000218e       0x62 LaserLib/intx128.o
                0x0000218e                __vector_14
 .text.__vector_15
                0x000021f0       0x62 LaserLib/intx128.o
                0x000021f0                __vector_15
 .text.__vector_16
                0x00002252       0x62 LaserLib/intx128.o
                0x00002252                __vector_16
 .text.__vector_17
                0x000022b4       0x62 LaserLib/intx128.o
                0x000022b4                __vector_17
 .text.__vector_18
                0x00002316       0x62 LaserLib/intx128.o
                0x00002316                __vector_18
 .text.__vector_19
                0x00002378       0x62 LaserLib/intx128.o
                0x00002378                __vector_19
 .text.__vector_20
                0x000023da       0x62 LaserLib/intx128.o
                0x000023da                __vector_20
 .text.__vector_21
                0x0000243c       0x62 LaserLib/intx128.o
                0x0000243c                __vector_21
 .text.__vector_22
                0x0000249e       0x62 LaserLib/intx128.o
                0x0000249e                __vector_22
 .text.__vector_23
                0x00002500       0x62 LaserLib/intx128.o
                0x00002500                __vector_23
 .text.__vector_24
                0x00002562       0x62 LaserLib/intx128.o
                0x00002562                __vector_24
 .text.__vector_25
                0x000025c4       0x62 LaserLib/intx128.o
                0x000025c4                __vector_25
 .text.__vector_26
                0x00002626       0x62 LaserLib/intx128.o
                0x00002626                __vector_26
 .text.__vector_27
                0x00002688       0x62 LaserLib/intx128.o
                0x00002688                __vector_27
 .text.__vector_28
                0x000026ea       0x62 LaserLib/intx128.o
                0x000026ea                __vector_28
 .text.__vector_29
                0x0000274c       0x62 LaserLib/intx128.o
                0x0000274c                __vector_29
 .text.__vector_30
                0x000027ae       0x62 LaserLib/intx128.o
                0x000027ae                __vector_30
 .text.__vector_31
                0x00002810       0x62 LaserLib/intx128.o
                0x00002810                __vector_31
 .text.__vector_32
                0x00002872       0x62 LaserLib/intx128.o
                0x00002872                __vector_32
 .text.__vector_33
                0x000028d4       0x62 LaserLib/intx128.o
                0x000028d4                __vector_33
 .text.__vector_34
                0x00002936       0x62 LaserLib/intx128.o
                0x00002936                __vector_34
 .text.__vector_35
                0x00002998       0x62 LaserLib/intx128.o
                0x00002998                __vector_35
 .text.__vector_36
                0x000029fa       0x62 LaserLib/intx128.o
                0x000029fa                __vector_36
 .text.__vector_37
                0x00002a5c       0x62 LaserLib/intx128.o
                0x00002a5c                __vector_37
 .text.__vector_38
                0x00002abe       0x62 LaserLib/intx128.o
                0x00002abe                __vector_38
 .text.__vector_39
                0x00002b20       0x62 LaserLib/intx128.o
                0x00002b20                __vector_39
 .text.__vector_40
                0x00002b82       0x62 LaserLib/intx128.o
                0x00002b82                __vector_40
 .text.__vector_41
                0x00002be4       0x62 LaserLib/intx128.o
                0x00002be4                __vector_41
 .text.__vector_42
                0x00002c46       0x62 LaserLib/intx128.o
                0x00002c46                __vector_42
 .text.__vector_43
                0x00002ca8       0x62 LaserLib/intx128.o
                0x00002ca8                __vector_43
 .text.__vector_44
                0x00002d0a       0x62 LaserLib/intx128.o
                0x00002d0a                __vector_44
 .text.__vector_45
                0x00002d6c       0x62 LaserLib/intx128.o
                0x00002d6c                __vector_45
 .text.__vector_46
                0x00002dce       0x62 LaserLib/intx128.o
                0x00002dce                __vector_46
 .text.__vector_47
                0x00002e30       0x62 LaserLib/intx128.o
                0x00002e30                __vector_47
 .text.__vector_48
                0x00002e92       0x62 LaserLib/intx128.o
                0x00002e92                __vector_48
 .text.__vector_49
                0x00002ef4       0x62 LaserLib/intx128.o
                0x00002ef4                __vector_49
 .text.__vector_50
                0x00002f56       0x62 LaserLib/intx128.o
                0x00002f56                __vector_50
 .text.__vector_51
                0x00002fb8       0x62 LaserLib/intx128.o
                0x00002fb8                __vector_51
 .text.__vector_52
                0x0000301a       0x62 LaserLib/intx128.o
                0x0000301a                __vector_52
 .text.__vector_53
                0x0000307c       0x62 LaserLib/intx128.o
                0x0000307c                __vector_53
 .text.__vector_54
                0x000030de       0x62 LaserLib/intx128.o
                0x000030de                __vector_54
 .text.__vector_55
                0x00003140       0x62 LaserLib/intx128.o
                0x00003140                __vector_55
 .text.__vector_56
                0x000031a2       0x62 LaserLib/intx128.o
                0x000031a2                __vector_56
 .text.__vector_57
                0x00003204       0x62 LaserLib/intx128.o
                0x00003204                __vector_57
 .text.__vector_58
                0x00003266       0x62 LaserLib/intx128.o
                0x00003266                __vector_58
 .text.__vector_59
                0x000032c8       0x62 LaserLib/intx128.o
                0x000032c8                __vector_59
 .text.__vector_60
                0x0000332a       0x62 LaserLib/intx128.o
                0x0000332a                __vector_60
 .text.__vector_61
                0x0000338c       0x62 LaserLib/intx128.o
                0x0000338c                __vector_61
 .text.__vector_62
                0x000033ee       0x62 LaserLib/intx128.o
                0x000033ee                __vector_62
 .text.__vector_63
                0x00003450       0x62 LaserLib/intx128.o
                0x00003450                __vector_63
 .text.__vector_64
                0x000034b2       0x62 LaserLib/intx128.o
                0x000034b2                __vector_64
 .text.__vector_65
                0x00003514       0x62 LaserLib/intx128.o
                0x00003514                __vector_65
 .text.__vector_66
                0x00003576       0x62 LaserLib/intx128.o
                0x00003576                __vector_66
 .text.__vector_67
                0x000035d8       0x62 LaserLib/intx128.o
                0x000035d8                __vector_67
 .text.__vector_68
                0x0000363a       0x62 LaserLib/intx128.o
                0x0000363a                __vector_68
 .text.__vector_69
                0x0000369c       0x62 LaserLib/intx128.o
                0x0000369c                __vector_69
 .text.__vector_70
                0x000036fe       0x62 LaserLib/intx128.o
                0x000036fe                __vector_70
 .text.__vector_71
                0x00003760       0x62 LaserLib/intx128.o
                0x00003760                __vector_71
 .text.__vector_72
                0x000037c2       0x62 LaserLib/intx128.o
                0x000037c2                __vector_72
 .text.__vector_73
                0x00003824       0x62 LaserLib/intx128.o
                0x00003824                __vector_73
 .text.__vector_74
                0x00003886       0x62 LaserLib/intx128.o
                0x00003886                __vector_74
 .text.__vector_77
                0x000038e8       0x62 LaserLib/intx128.o
                0x000038e8                __vector_77
 .text.__vector_78
                0x0000394a       0x62 LaserLib/intx128.o
                0x0000394a                __vector_78
 .text.__vector_79
                0x000039ac       0x62 LaserLib/intx128.o
                0x000039ac                __vector_79
 .text.__vector_80
                0x00003a0e       0x62 LaserLib/intx128.o
                0x00003a0e                __vector_80
 .text.__vector_81
                0x00003a70       0x62 LaserLib/intx128.o
                0x00003a70                __vector_81
 .text.__vector_82
                0x00003ad2       0x62 LaserLib/intx128.o
                0x00003ad2                __vector_82
 .text.__vector_83
                0x00003b34       0x62 LaserLib/intx128.o
                0x00003b34                __vector_83
 .text.__vector_84
                0x00003b96       0x62 LaserLib/intx128.o
                0x00003b96                __vector_84
 .text.__vector_85
                0x00003bf8       0x62 LaserLib/intx128.o
                0x00003bf8                __vector_85
 .text.__vector_86
                0x00003c5a       0x62 LaserLib/intx128.o
                0x00003c5a                __vector_86
 .text.__vector_87
                0x00003cbc       0x62 LaserLib/intx128.o
                0x00003cbc                __vector_87
 .text.__vector_88
                0x00003d1e       0x62 LaserLib/intx128.o
                0x00003d1e                __vector_88
 .text.__vector_89
                0x00003d80       0x62 LaserLib/intx128.o
                0x00003d80                __vector_89
 .text.__vector_90
                0x00003de2       0x62 LaserLib/intx128.o
                0x00003de2                __vector_90
 .text.__vector_91
                0x00003e44       0x62 LaserLib/intx128.o
                0x00003e44                __vector_91
 .text.__vector_92
                0x00003ea6       0x62 LaserLib/intx128.o
                0x00003ea6                __vector_92
 .text.__vector_93
                0x00003f08       0x62 LaserLib/intx128.o
                0x00003f08                __vector_93
 .text.__vector_104
                0x00003f6a       0x62 LaserLib/intx128.o
                0x00003f6a                __vector_104
 .text.__vector_105
                0x00003fcc       0x62 LaserLib/intx128.o
                0x00003fcc                __vector_105
 .text.__vector_108
                0x0000402e       0x62 LaserLib/intx128.o
                0x0000402e                __vector_108
 .text.__vector_109
                0x00004090       0x62 LaserLib/intx128.o
                0x00004090                __vector_109
 .text.__vector_110
                0x000040f2       0x62 LaserLib/intx128.o
                0x000040f2                __vector_110
 .text.__vector_111
                0x00004154       0x62 LaserLib/intx128.o
                0x00004154                __vector_111
 .text.__vector_112
                0x000041b6       0x62 LaserLib/intx128.o
                0x000041b6                __vector_112
 .text.__vector_113
                0x00004218       0x62 LaserLib/intx128.o
                0x00004218                __vector_113
 .text.__vector_119
                0x0000427a       0x62 LaserLib/intx128.o
                0x0000427a                __vector_119
 .text.__vector_120
                0x000042dc       0x62 LaserLib/intx128.o
                0x000042dc                __vector_120
 .text.__vector_121
                0x0000433e       0x62 LaserLib/intx128.o
                0x0000433e                __vector_121
 .text.__cxa_pure_virtual
                0x000043a0        0x6 main.o
                0x000043a0                __cxa_pure_virtual
 .text._GLOBAL__sub_I_dacSPI
                0x000043a6       0x32 main.o
 .text._GLOBAL__sub_D_dacSPI
                0x000043d8       0x32 main.o
 .text._Z16SystemInitializev
                0x0000440a       0x76 main.o
                0x0000440a                _Z16SystemInitializev
 .text.main     0x00004480       0xb6 main.o
                0x00004480                main
 .text._ZN16CMBEventsHandler13FillRegDataTxEhPhh
                0x00004536       0x62 MODBUS/CMBProtocol.o
                0x00004536                _ZN16CMBEventsHandler13FillRegDataTxEhPhh
 .text._ZN16CMBEventsHandler13FillRegDataRqEhh
                0x00004598       0x3e MODBUS/CMBProtocol.o
                0x00004598                _ZN16CMBEventsHandler13FillRegDataRqEhh
 .text._ZN16CMBEventsHandler13FillVarDataTxEjPjj
                0x000045d6       0x90 MODBUS/CMBProtocol.o
                0x000045d6                _ZN16CMBEventsHandler13FillVarDataTxEjPjj
 .text._ZN16CMBEventsHandler13FillVarDataRqEjj
                0x00004666       0x46 MODBUS/CMBProtocol.o
                0x00004666                _ZN16CMBEventsHandler13FillVarDataRqEjj
 .text._ZN16CMBEventsHandler15AllocateBuffersEjj
                0x000046ac       0x36 MODBUS/CMBProtocol.o
                0x000046ac                _ZN16CMBEventsHandler15AllocateBuffersEjj
 .text._ZN16CMBEventsHandler11FreeBuffersEv
                0x000046e2       0x1c MODBUS/CMBProtocol.o
                0x000046e2                _ZN16CMBEventsHandler11FreeBuffersEv
 .text._ZN16CMBEventsHandlerD2Ev
                0x000046fe        0x2 MODBUS/CMBProtocol.o
                0x000046fe                _ZN16CMBEventsHandlerD2Ev
                0x000046fe                _ZN16CMBEventsHandlerD1Ev
 .text._ZN9CMBSender18OnVariableReceivedEjPjj
                0x00004700       0x1e MODBUS/CMBSender.o
                0x00004700                _ZN9CMBSender18OnVariableReceivedEjPjj
 .text._ZN9CMBSender18OnRegisterReceivedEhPhh
                0x0000471e       0x1e MODBUS/CMBSender.o
                0x0000471e                _ZN9CMBSender18OnRegisterReceivedEhPhh
 .text._ZN9CMBSenderC2Ev
                0x0000473c        0xc MODBUS/CMBSender.o
                0x0000473c                _ZN9CMBSenderC2Ev
                0x0000473c                _ZN9CMBSenderC1Ev
 .text._ZN9CMBSender10InitializeEP6CUSARTP16CMBEventsHandlerjj
                0x00004748       0x9e MODBUS/CMBSender.o
                0x00004748                _ZN9CMBSender10InitializeEP6CUSARTP16CMBEventsHandlerjj
 .text._ZN9CMBSenderD2Ev
                0x000047e6       0x10 MODBUS/CMBSender.o
                0x000047e6                _ZN9CMBSenderD1Ev
                0x000047e6                _ZN9CMBSenderD2Ev
 .text._ZN9CMBSender13OnReceiveByteEh
                0x000047f6      0x174 MODBUS/CMBSender.o
                0x000047f6                _ZN9CMBSender13OnReceiveByteEh
 .text._ZN9CMBSender18OnUSARTRxInterruptEPv
                0x0000496a       0x26 MODBUS/CMBSender.o
                0x0000496a                _ZN9CMBSender18OnUSARTRxInterruptEPv
 .text._ZN9CMBSender19StartMODBUSListenerEv
                0x00004990       0x12 MODBUS/CMBSender.o
                0x00004990                _ZN9CMBSender19StartMODBUSListenerEv
 .text._ZN9CMBSender14OnTransmitByteEv
                0x000049a2       0x92 MODBUS/CMBSender.o
                0x000049a2                _ZN9CMBSender14OnTransmitByteEv
 .text._ZN9CMBSender18OnUSARTTxInterruptEPv
                0x00004a34        0x6 MODBUS/CMBSender.o
                0x00004a34                _ZN9CMBSender18OnUSARTTxInterruptEPv
 .text._ZN9CMBSender18WaitMODBUSListenerEv
                0x00004a3a       0x22 MODBUS/CMBSender.o
                0x00004a3a                _ZN9CMBSender18WaitMODBUSListenerEv
 .text._ZN9CMBSender22StartMODBUSTransmitterEv
                0x00004a5c        0xc MODBUS/CMBSender.o
                0x00004a5c                _ZN9CMBSender22StartMODBUSTransmitterEv
 .text._ZN9CMBSender24WriteDataToRegisterAsyncEhPhh
                0x00004a68       0x1e MODBUS/CMBSender.o
                0x00004a68                _ZN9CMBSender24WriteDataToRegisterAsyncEhPhh
 .text._ZN9CMBSender20WriteDataToSRAMAsyncEjPjj
                0x00004a86       0x1e MODBUS/CMBSender.o
                0x00004a86                _ZN9CMBSender20WriteDataToSRAMAsyncEjPjj
 .text._ZN9CMBSender28RequestDataFromRegisterAsyncEhh
                0x00004aa4       0x1e MODBUS/CMBSender.o
                0x00004aa4                _ZN9CMBSender28RequestDataFromRegisterAsyncEhh
 .text._ZN9CMBSender24RequestDataFromSRAMAsyncEjh
                0x00004ac2       0x20 MODBUS/CMBSender.o
                0x00004ac2                _ZN9CMBSender24RequestDataFromSRAMAsyncEjh
 .text._ZN9CMBSender21WaitMODBUSTransmitterEv
                0x00004ae2       0x22 MODBUS/CMBSender.o
                0x00004ae2                _ZN9CMBSender21WaitMODBUSTransmitterEv
 .text._ZN9CMBSender30StartMODBUSRegisterTransactionEhh
                0x00004b04        0xc MODBUS/CMBSender.o
                0x00004b04                _ZN9CMBSender30StartMODBUSRegisterTransactionEhh
 .text._ZN9CMBSender30StartMODBUSVariableTransactionEjh
                0x00004b10        0xc MODBUS/CMBSender.o
                0x00004b10                _ZN9CMBSender30StartMODBUSVariableTransactionEjh
 .text._ZN9CMBSender18ProcessTransactionEPhj
                0x00004b1c       0x62 MODBUS/CMBSender.o
                0x00004b1c                _ZN9CMBSender18ProcessTransactionEPhj
 .text._ZN9CMBSender21OnTransactionCallbackEPhj
                0x00004b7e        0x6 MODBUS/CMBSender.o
                0x00004b7e                _ZN9CMBSender21OnTransactionCallbackEPhj
 .text.libgcc.div
                0x00004b84       0x28 c:/program files (x86)/atmel/studio/7.0/toolchain/avr8/avr8-gnu-toolchain/bin/../lib/gcc/avr/4.9.2/avrxmega6\libgcc.a(_udivmodhi4.o)
                0x00004b84                __udivmodhi4
 .text.libgcc.div
                0x00004bac       0x2e c:/program files (x86)/atmel/studio/7.0/toolchain/avr8/avr8-gnu-toolchain/bin/../lib/gcc/avr/4.9.2/avrxmega6\libgcc.a(_divmodsi4.o)
                0x00004bac                __divmodsi4
 .text.libgcc.div
                0x00004bda       0x10 c:/program files (x86)/atmel/studio/7.0/toolchain/avr8/avr8-gnu-toolchain/bin/../lib/gcc/avr/4.9.2/avrxmega6\libgcc.a(_negsi2.o)
                0x00004bda                __negsi2
 .text.libgcc   0x00004bea       0x10 c:/program files (x86)/atmel/studio/7.0/toolchain/avr8/avr8-gnu-toolchain/bin/../lib/gcc/avr/4.9.2/avrxmega6\libgcc.a(_tablejump2.o)
                0x00004bea                __tablejump2__
 .text.libgcc.mul
                0x00004bfa       0x1e c:/program files (x86)/atmel/studio/7.0/toolchain/avr8/avr8-gnu-toolchain/bin/../lib/gcc/avr/4.9.2/avrxmega6\libgcc.a(_umulhisi3.o)
                0x00004bfa                __umulhisi3
 .text.libgcc.div
                0x00004c18       0x44 c:/program files (x86)/atmel/studio/7.0/toolchain/avr8/avr8-gnu-toolchain/bin/../lib/gcc/avr/4.9.2/avrxmega6\libgcc.a(_udivmodsi4.o)
                0x00004c18                __udivmodsi4
 .text.avr-libc
                0x00004c5c      0x25a c:/program files (x86)/atmel/studio/7.0/toolchain/avr8/avr8-gnu-toolchain/bin/../lib/gcc/avr/4.9.2/../../../../avr/lib/avrxmega6\libc.a(malloc.o)
                0x00004c5c                malloc
                0x00004d86                free
 .text.avr-libc
                0x00004eb6       0x12 c:/program files (x86)/atmel/studio/7.0/toolchain/avr8/avr8-gnu-toolchain/bin/../lib/gcc/avr/4.9.2/../../../../avr/lib/avrxmega6\libc.a(memcpy.o)
                0x00004eb6                memcpy
                0x00004ec8                . = ALIGN (0x2)
 *(.fini9)
 .fini9         0x00004ec8        0x0 c:/program files (x86)/atmel/studio/7.0/toolchain/avr8/avr8-gnu-toolchain/bin/../lib/gcc/avr/4.9.2/avrxmega6\libgcc.a(_exit.o)
                0x00004ec8                _exit
                0x00004ec8                exit
 *(.fini9)
 *(.fini8)
 *(.fini8)
 *(.fini7)
 *(.fini7)
 *(.fini6)
 .fini6         0x00004ec8       0x20 c:/program files (x86)/atmel/studio/7.0/toolchain/avr8/avr8-gnu-toolchain/bin/../lib/gcc/avr/4.9.2/avrxmega6\libgcc.a(_dtors.o)
                0x00004ec8                __do_global_dtors
 *(.fini6)
 *(.fini5)
 *(.fini5)
 *(.fini4)
 *(.fini4)
 *(.fini3)
 *(.fini3)
 *(.fini2)
 *(.fini2)
 *(.fini1)
 *(.fini1)
 *(.fini0)
 .fini0         0x00004ee8        0x4 c:/program files (x86)/atmel/studio/7.0/toolchain/avr8/avr8-gnu-toolchain/bin/../lib/gcc/avr/4.9.2/avrxmega6\libgcc.a(_exit.o)
 *(.fini0)
                0x00004eec                _etext = .

.data           0x00802000      0x134 load address 0x00004eec
                0x00802000                PROVIDE (__data_start, .)
 *(.data)
 .data          0x00802000        0x6 c:/program files (x86)/atmel/studio/7.0/toolchain/avr8/avr8-gnu-toolchain/bin/../lib/gcc/avr/4.9.2/../../../../avr/lib/avrxmega6\libc.a(malloc.o)
                0x00802000                __malloc_heap_end
                0x00802002                __malloc_heap_start
                0x00802004                __malloc_margin
 *(.data*)
 .data.bscale_table
                0x00802006       0x20 CDGUSUSART.o
                0x00802006                bscale_table
 .data.bsel_table
                0x00802026       0x20 CDGUSUSART.o
                0x00802026                bsel_table
 *(.rodata)
 *(.rodata*)
 .rodata._ZTV10CDGUSUSART
                0x00802046       0x18 CDGUSUSART.o
                0x00802046                _ZTV10CDGUSUSART
 .rodata.str1.1
                0x0080205e       0x21 CLaserControlApp.o
 .rodata._ZTV16CLaserControlApp
                0x0080207f       0x16 CLaserControlApp.o
                0x0080207f                _ZTV16CLaserControlApp
 .rodata._ZTV7CTimerC
                0x00802095       0x24 CTimerC.o
                0x00802095                _ZTV7CTimerC
 .rodata._ZTV7CTimerF
                0x008020b9       0x28 CTimerF.o
                0x008020b9                _ZTV7CTimerF
 .rodata._ZTV6CTimer
                0x008020e1       0x24 LaserLib/CTimer.o
                0x008020e1                _ZTV6CTimer
 .rodata._ZTV6CUSART
                0x00802105       0x18 LaserLib/CUSART.o
                0x00802105                _ZTV6CUSART
 .rodata._ZTV9CMBSender
                0x0080211d       0x16 MODBUS/CMBSender.o
                0x0080211d                _ZTV9CMBSender
 *(.gnu.linkonce.d*)
                0x00802134                . = ALIGN (0x2)
 *fill*         0x00802133        0x1 
                0x00802134                _edata = .
                0x00802134                PROVIDE (__data_end, .)

.bss            0x00802134      0x266
                0x00802134                PROVIDE (__bss_start, .)
 *(.bss)
 *(.bss*)
 .bss._ZZN16CLaserControlApp3RunEvE3cnt
                0x00802134        0x2 CLaserControlApp.o
 .bss.m_structDGUSDATA_Slow
                0x00802136        0xc CLaserControlApp.o
                0x00802136                m_structDGUSDATA_Slow
 .bss.m_structDGUSDATA_Medium
                0x00802142        0xc CLaserControlApp.o
                0x00802142                m_structDGUSDATA_Medium
 .bss.m_structDGUSDATA_Fast
                0x0080214e        0xc CLaserControlApp.o
                0x0080214e                m_structDGUSDATA_Fast
 .bss.laserTimer
                0x0080215a        0x3 CLaserControlApp.o
                0x0080215a                laserTimer
 .bss.timer     0x0080215d        0x3 CLaserControlApp.o
                0x0080215d                timer
 .bss.InterruptFuncTable
                0x00802160       0xf6 LaserLib/intx128.o
                0x00802160                InterruptFuncTable
 .bss.InterruptSenderTable
                0x00802256       0xf6 LaserLib/intx128.o
                0x00802256                InterruptSenderTable
 .bss._ZZ4mainE3prs
                0x0080234c        0x2 main.o
 .bss.App       0x0080234e       0x1a main.o
                0x0080234e                App
 .bss.player    0x00802368        0x1 main.o
                0x00802368                player
 .bss.laserBoard
                0x00802369        0xa main.o
                0x00802369                laserBoard
 .bss.sender    0x00802373       0x19 main.o
                0x00802373                sender
 .bss.usart     0x0080238c        0x2 main.o
                0x0080238c                usart
 .bss.dacSPI    0x0080238e        0x6 main.o
                0x0080238e                dacSPI
 .bss.cnt       0x00802394        0x2 MODBUS/CMBSender.o
                0x00802394                cnt
 *(COMMON)
 COMMON         0x00802396        0x4 c:/program files (x86)/atmel/studio/7.0/toolchain/avr8/avr8-gnu-toolchain/bin/../lib/gcc/avr/4.9.2/../../../../avr/lib/avrxmega6\libc.a(malloc.o)
                0x00802396                __brkval
                0x00802398                __flp
                0x0080239a                PROVIDE (__bss_end, .)
                0x00004eec                __data_load_start = LOADADDR (.data)
                0x00005020                __data_load_end = (__data_load_start + SIZEOF (.data))

.noinit         0x0080239a        0x0
                0x0080239a                PROVIDE (__noinit_start, .)
 *(.noinit*)
                0x0080239a                PROVIDE (__noinit_end, .)
                0x0080239a                _end = .
                0x0080239a                PROVIDE (__heap_start, .)

.eeprom         0x00810000        0x0
 *(.eeprom*)
                0x00810000                __eeprom_end = .

.fuse
 *(.fuse)
 *(.lfuse)
 *(.hfuse)
 *(.efuse)

.lock
 *(.lock*)

.signature
 *(.signature*)

.user_signatures
 *(.user_signatures*)

.stab
 *(.stab)

.stabstr
 *(.stabstr)

.stab.excl
 *(.stab.excl)

.stab.exclstr
 *(.stab.exclstr)

.stab.index
 *(.stab.index)

.stab.indexstr
 *(.stab.indexstr)

.comment        0x00000000       0x30
 *(.comment)
 .comment       0x00000000       0x30 CDGUSUSART.o
                                 0x31 (size before relaxing)
 .comment       0x00000030       0x31 CLaserBoard.o
 .comment       0x00000030       0x31 CLaserControlApp.o
 .comment       0x00000030       0x31 CSoundPlayer.o
 .comment       0x00000030       0x31 CTimerC.o
 .comment       0x00000030       0x31 CTimerF.o
 .comment       0x00000030       0x31 LaserLib/CSPI.o
 .comment       0x00000030       0x31 LaserLib/CTimer.o
 .comment       0x00000030       0x31 LaserLib/CUSART.o
 .comment       0x00000030       0x31 LaserLib/intx128.o
 .comment       0x00000030       0x31 main.o
 .comment       0x00000030       0x31 MODBUS/CMBProtocol.o
 .comment       0x00000030       0x31 MODBUS/CMBSender.o
 .comment       0x00000030       0x31 c:/program files (x86)/atmel/studio/7.0/toolchain/avr8/avr8-gnu-toolchain/bin/../lib/gcc/avr/4.9.2/../../../../avr/lib/avrxmega6\libc.a(malloc.o)

.note.gnu.avr.deviceinfo
                0x00000000       0x40
 .note.gnu.avr.deviceinfo
                0x00000000       0x40 C:/Program Files (x86)/Atmel/Studio/7.0/Packs/atmel/XMEGAA_DFP/1.0.38/gcc/dev/atxmega128a3/avrxmega6/crtatxmega128a3.o

.note.gnu.build-id
 *(.note.gnu.build-id)

.debug
 *(.debug)

.line
 *(.line)

.debug_srcinfo
 *(.debug_srcinfo)

.debug_sfnames
 *(.debug_sfnames)

.debug_aranges  0x00000000      0x8e0
 *(.debug_aranges)
 .debug_aranges
                0x00000000       0x78 CDGUSUSART.o
 .debug_aranges
                0x00000078       0x88 CLaserBoard.o
 .debug_aranges
                0x00000100       0xb0 CLaserControlApp.o
 .debug_aranges
                0x000001b0       0x60 CSoundPlayer.o
 .debug_aranges
                0x00000210       0xa8 CTimerC.o
 .debug_aranges
                0x000002b8       0xb8 CTimerF.o
 .debug_aranges
                0x00000370       0x58 LaserLib/CSPI.o
 .debug_aranges
                0x000003c8       0x28 LaserLib/CTimer.o
 .debug_aranges
                0x000003f0       0x28 LaserLib/CUSART.o
 .debug_aranges
                0x00000418      0x348 LaserLib/intx128.o
 .debug_aranges
                0x00000760       0x40 main.o
 .debug_aranges
                0x000007a0       0x50 MODBUS/CMBProtocol.o
 .debug_aranges
                0x000007f0       0xf0 MODBUS/CMBSender.o

.debug_pubnames
 *(.debug_pubnames)

.debug_info     0x00000000     0xbfe1
 *(.debug_info .gnu.linkonce.wi.*)
 .debug_info    0x00000000     0x1095 CDGUSUSART.o
 .debug_info    0x00001095      0xc83 CLaserBoard.o
 .debug_info    0x00001d18     0x212e CLaserControlApp.o
 .debug_info    0x00003e46     0x1385 CSoundPlayer.o
 .debug_info    0x000051cb     0x15ac CTimerC.o
 .debug_info    0x00006777     0x166e CTimerF.o
 .debug_info    0x00007de5      0x7ce LaserLib/CSPI.o
 .debug_info    0x000085b3      0x6a3 LaserLib/CTimer.o
 .debug_info    0x00008c56      0x606 LaserLib/CUSART.o
 .debug_info    0x0000925c      0x91e LaserLib/intx128.o
 .debug_info    0x00009b7a      0xcf9 main.o
 .debug_info    0x0000a873      0x595 MODBUS/CMBProtocol.o
 .debug_info    0x0000ae08     0x11d9 MODBUS/CMBSender.o

.debug_abbrev   0x00000000     0x22cf
 *(.debug_abbrev)
 .debug_abbrev  0x00000000      0x2d9 CDGUSUSART.o
 .debug_abbrev  0x000002d9      0x2e4 CLaserBoard.o
 .debug_abbrev  0x000005bd      0x58e CLaserControlApp.o
 .debug_abbrev  0x00000b4b      0x2b9 CSoundPlayer.o
 .debug_abbrev  0x00000e04      0x29c CTimerC.o
 .debug_abbrev  0x000010a0      0x29c CTimerF.o
 .debug_abbrev  0x0000133c      0x28f LaserLib/CSPI.o
 .debug_abbrev  0x000015cb      0x182 LaserLib/CTimer.o
 .debug_abbrev  0x0000174d      0x1ed LaserLib/CUSART.o
 .debug_abbrev  0x0000193a       0x83 LaserLib/intx128.o
 .debug_abbrev  0x000019bd      0x363 main.o
 .debug_abbrev  0x00001d20      0x212 MODBUS/CMBProtocol.o
 .debug_abbrev  0x00001f32      0x39d MODBUS/CMBSender.o

.debug_line     0x00000000     0x287f
 *(.debug_line .debug_line.* .debug_line_end)
 .debug_line    0x00000000      0x23e CDGUSUSART.o
 .debug_line    0x0000023e      0x33a CLaserBoard.o
 .debug_line    0x00000578      0x490 CLaserControlApp.o
 .debug_line    0x00000a08      0x23b CSoundPlayer.o
 .debug_line    0x00000c43      0x285 CTimerC.o
 .debug_line    0x00000ec8      0x2a7 CTimerF.o
 .debug_line    0x0000116f      0x24a LaserLib/CSPI.o
 .debug_line    0x000013b9      0x135 LaserLib/CTimer.o
 .debug_line    0x000014ee      0x135 LaserLib/CUSART.o
 .debug_line    0x00001623      0xa14 LaserLib/intx128.o
 .debug_line    0x00002037      0x276 main.o
 .debug_line    0x000022ad      0x1d9 MODBUS/CMBProtocol.o
 .debug_line    0x00002486      0x3f9 MODBUS/CMBSender.o

.debug_frame    0x00000000     0x2f6c
 *(.debug_frame)
 .debug_frame   0x00000000       0xe8 CDGUSUSART.o
 .debug_frame   0x000000e8      0x108 CLaserBoard.o
 .debug_frame   0x000001f0      0x1ec CLaserControlApp.o
 .debug_frame   0x000003dc       0xd8 CSoundPlayer.o
 .debug_frame   0x000004b4      0x140 CTimerC.o
 .debug_frame   0x000005f4      0x160 CTimerF.o
 .debug_frame   0x00000754       0xbc LaserLib/CSPI.o
 .debug_frame   0x00000810       0x34 LaserLib/CTimer.o
 .debug_frame   0x00000844       0x34 LaserLib/CUSART.o
 .debug_frame   0x00000878     0x2324 LaserLib/intx128.o
 .debug_frame   0x00002b9c       0x84 main.o
 .debug_frame   0x00002c20       0xc4 MODBUS/CMBProtocol.o
 .debug_frame   0x00002ce4      0x288 MODBUS/CMBSender.o

.debug_str      0x00000000     0x4bfd
 *(.debug_str)
 .debug_str     0x00000000     0x1608 CDGUSUSART.o
                               0x168a (size before relaxing)
 .debug_str     0x00001608      0x753 CLaserBoard.o
                                0xb0b (size before relaxing)
 .debug_str     0x00001d5b     0x101b CLaserControlApp.o
                               0x15c2 (size before relaxing)
 .debug_str     0x00002d76      0x73c CSoundPlayer.o
                                0xbe3 (size before relaxing)
 .debug_str     0x000034b2      0x625 CTimerC.o
                               0x12ae (size before relaxing)
 .debug_str     0x00003ad7      0x1fc CTimerF.o
                               0x1324 (size before relaxing)
 .debug_str     0x00003cd3       0xd5 LaserLib/CSPI.o
                                0x70e (size before relaxing)
 .debug_str     0x00003da8       0x35 LaserLib/CTimer.o
                                0xa5f (size before relaxing)
 .debug_str     0x00003ddd       0x35 LaserLib/CUSART.o
                                0x7d1 (size before relaxing)
 .debug_str     0x00003e12      0x4e2 LaserLib/intx128.o
                                0x6dc (size before relaxing)
 .debug_str     0x000042f4       0xbd main.o
                                0xc9f (size before relaxing)
 .debug_str     0x000043b1      0x289 MODBUS/CMBProtocol.o
                                0x50c (size before relaxing)
 .debug_str     0x0000463a      0x5c3 MODBUS/CMBSender.o
                                0xa98 (size before relaxing)

.debug_loc      0x00000000     0x7e3f
 *(.debug_loc)
 .debug_loc     0x00000000      0x210 CDGUSUSART.o
 .debug_loc     0x00000210      0x4c2 CLaserBoard.o
 .debug_loc     0x000006d2      0x848 CLaserControlApp.o
 .debug_loc     0x00000f1a      0x344 CSoundPlayer.o
 .debug_loc     0x0000125e      0x366 CTimerC.o
 .debug_loc     0x000015c4      0x3f4 CTimerF.o
 .debug_loc     0x000019b8      0x276 LaserLib/CSPI.o
 .debug_loc     0x00001c2e     0x50e2 LaserLib/intx128.o
 .debug_loc     0x00006d10       0x84 main.o
 .debug_loc     0x00006d94      0x356 MODBUS/CMBProtocol.o
 .debug_loc     0x000070ea      0xd55 MODBUS/CMBSender.o

.debug_macinfo
 *(.debug_macinfo)

.debug_weaknames
 *(.debug_weaknames)

.debug_funcnames
 *(.debug_funcnames)

.debug_typenames
 *(.debug_typenames)

.debug_varnames
 *(.debug_varnames)

.debug_pubtypes
 *(.debug_pubtypes)

.debug_ranges   0x00000000      0x828
 *(.debug_ranges)
 .debug_ranges  0x00000000       0x68 CDGUSUSART.o
 .debug_ranges  0x00000068       0x90 CLaserBoard.o
 .debug_ranges  0x000000f8       0xa0 CLaserControlApp.o
 .debug_ranges  0x00000198       0x50 CSoundPlayer.o
 .debug_ranges  0x000001e8       0x98 CTimerC.o
 .debug_ranges  0x00000280       0xa8 CTimerF.o
 .debug_ranges  0x00000328       0x48 LaserLib/CSPI.o
 .debug_ranges  0x00000370       0x18 LaserLib/CTimer.o
 .debug_ranges  0x00000388       0x18 LaserLib/CUSART.o
 .debug_ranges  0x000003a0      0x338 LaserLib/intx128.o
 .debug_ranges  0x000006d8       0x30 main.o
 .debug_ranges  0x00000708       0x40 MODBUS/CMBProtocol.o
 .debug_ranges  0x00000748       0xe0 MODBUS/CMBSender.o

.debug_macro
 *(.debug_macro)
OUTPUT(ATxmegaLaserDiode.elf elf32-avr)
LOAD linker stubs
