Archive member included to satisfy reference by file (symbol)

c:/program files (x86)/atmel/studio/7.0/toolchain/avr8/avr8-gnu-toolchain/bin/../lib/gcc/avr/4.9.2/../../../../avr/lib/avrxmega6\libm.a(fixsfsi.o)
                              Periphery/CDS18B20.o (__fixsfsi)
c:/program files (x86)/atmel/studio/7.0/toolchain/avr8/avr8-gnu-toolchain/bin/../lib/gcc/avr/4.9.2/../../../../avr/lib/avrxmega6\libm.a(fixunssfsi.o)
                              c:/program files (x86)/atmel/studio/7.0/toolchain/avr8/avr8-gnu-toolchain/bin/../lib/gcc/avr/4.9.2/../../../../avr/lib/avrxmega6\libm.a(fixsfsi.o) (__fixunssfsi)
c:/program files (x86)/atmel/studio/7.0/toolchain/avr8/avr8-gnu-toolchain/bin/../lib/gcc/avr/4.9.2/../../../../avr/lib/avrxmega6\libm.a(floatsisf.o)
                              Periphery/CDS18B20.o (__floatsisf)
c:/program files (x86)/atmel/studio/7.0/toolchain/avr8/avr8-gnu-toolchain/bin/../lib/gcc/avr/4.9.2/../../../../avr/lib/avrxmega6\libm.a(fp_split3.o)
                              c:/program files (x86)/atmel/studio/7.0/toolchain/avr8/avr8-gnu-toolchain/bin/../lib/gcc/avr/4.9.2/../../../../avr/lib/avrxmega6\libm.a(fixunssfsi.o) (__fp_splitA)
c:/program files (x86)/atmel/studio/7.0/toolchain/avr8/avr8-gnu-toolchain/bin/../lib/gcc/avr/4.9.2/../../../../avr/lib/avrxmega6\libm.a(fp_zero.o)
                              c:/program files (x86)/atmel/studio/7.0/toolchain/avr8/avr8-gnu-toolchain/bin/../lib/gcc/avr/4.9.2/../../../../avr/lib/avrxmega6\libm.a(fixunssfsi.o) (__fp_zero)
c:/program files (x86)/atmel/studio/7.0/toolchain/avr8/avr8-gnu-toolchain/bin/../lib/gcc/avr/4.9.2/../../../../avr/lib/avrxmega6\libm.a(mulsf3.o)
                              Periphery/CDS18B20.o (__mulsf3)
c:/program files (x86)/atmel/studio/7.0/toolchain/avr8/avr8-gnu-toolchain/bin/../lib/gcc/avr/4.9.2/../../../../avr/lib/avrxmega6\libm.a(mulsf3x.o)
                              c:/program files (x86)/atmel/studio/7.0/toolchain/avr8/avr8-gnu-toolchain/bin/../lib/gcc/avr/4.9.2/../../../../avr/lib/avrxmega6\libm.a(mulsf3.o) (__mulsf3x)
c:/program files (x86)/atmel/studio/7.0/toolchain/avr8/avr8-gnu-toolchain/bin/../lib/gcc/avr/4.9.2/../../../../avr/lib/avrxmega6\libm.a(fp_inf.o)
                              c:/program files (x86)/atmel/studio/7.0/toolchain/avr8/avr8-gnu-toolchain/bin/../lib/gcc/avr/4.9.2/../../../../avr/lib/avrxmega6\libm.a(mulsf3x.o) (__fp_inf)
c:/program files (x86)/atmel/studio/7.0/toolchain/avr8/avr8-gnu-toolchain/bin/../lib/gcc/avr/4.9.2/../../../../avr/lib/avrxmega6\libm.a(fp_nan.o)
                              c:/program files (x86)/atmel/studio/7.0/toolchain/avr8/avr8-gnu-toolchain/bin/../lib/gcc/avr/4.9.2/../../../../avr/lib/avrxmega6\libm.a(mulsf3x.o) (__fp_nan)
c:/program files (x86)/atmel/studio/7.0/toolchain/avr8/avr8-gnu-toolchain/bin/../lib/gcc/avr/4.9.2/../../../../avr/lib/avrxmega6\libm.a(fp_pscA.o)
                              c:/program files (x86)/atmel/studio/7.0/toolchain/avr8/avr8-gnu-toolchain/bin/../lib/gcc/avr/4.9.2/../../../../avr/lib/avrxmega6\libm.a(mulsf3x.o) (__fp_pscA)
c:/program files (x86)/atmel/studio/7.0/toolchain/avr8/avr8-gnu-toolchain/bin/../lib/gcc/avr/4.9.2/../../../../avr/lib/avrxmega6\libm.a(fp_pscB.o)
                              c:/program files (x86)/atmel/studio/7.0/toolchain/avr8/avr8-gnu-toolchain/bin/../lib/gcc/avr/4.9.2/../../../../avr/lib/avrxmega6\libm.a(mulsf3x.o) (__fp_pscB)
c:/program files (x86)/atmel/studio/7.0/toolchain/avr8/avr8-gnu-toolchain/bin/../lib/gcc/avr/4.9.2/../../../../avr/lib/avrxmega6\libm.a(fp_round.o)
                              c:/program files (x86)/atmel/studio/7.0/toolchain/avr8/avr8-gnu-toolchain/bin/../lib/gcc/avr/4.9.2/../../../../avr/lib/avrxmega6\libm.a(mulsf3.o) (__fp_round)
c:/program files (x86)/atmel/studio/7.0/toolchain/avr8/avr8-gnu-toolchain/bin/../lib/gcc/avr/4.9.2/avrxmega6\libgcc.a(_udivmodhi4.o)
                              CLaserControlApp.o (__udivmodhi4)
c:/program files (x86)/atmel/studio/7.0/toolchain/avr8/avr8-gnu-toolchain/bin/../lib/gcc/avr/4.9.2/avrxmega6\libgcc.a(_divmodhi4.o)
                              CLaserControlApp.o (__divmodhi4)
c:/program files (x86)/atmel/studio/7.0/toolchain/avr8/avr8-gnu-toolchain/bin/../lib/gcc/avr/4.9.2/avrxmega6\libgcc.a(_udivmodsi4.o)
                              CLaserControlApp.o (__udivmodsi4)
c:/program files (x86)/atmel/studio/7.0/toolchain/avr8/avr8-gnu-toolchain/bin/../lib/gcc/avr/4.9.2/avrxmega6\libgcc.a(_divmodsi4.o)
                              Periphery/CSoundPlayer.o (__divmodsi4)
c:/program files (x86)/atmel/studio/7.0/toolchain/avr8/avr8-gnu-toolchain/bin/../lib/gcc/avr/4.9.2/avrxmega6\libgcc.a(_negsi2.o)
                              c:/program files (x86)/atmel/studio/7.0/toolchain/avr8/avr8-gnu-toolchain/bin/../lib/gcc/avr/4.9.2/avrxmega6\libgcc.a(_divmodsi4.o) (__negsi2)
c:/program files (x86)/atmel/studio/7.0/toolchain/avr8/avr8-gnu-toolchain/bin/../lib/gcc/avr/4.9.2/avrxmega6\libgcc.a(_exit.o)
[...]
Memory Configuration

Name             Origin             Length             Attributes
text             0x00000000         0x00100000         xr
data             0x00802000         0x0000ffa0         rw !x
eeprom           0x00810000         0x00010000         rw !x
fuse             0x00820000         0x00000006         rw !x
lock             0x00830000         0x00000400         rw !x
signature        0x00840000         0x00000400         rw !x
user_signatures  0x00850000         0x00000400         rw !x
*default*        0x00000000         0xffffffff

Linker script and memory map

LOAD c:/program files (x86)/atmel/studio/7.0/toolchain/avr8/avr8-gnu-toolchain/bin/../lib/gcc/avr/4.9.2/../../../../avr/lib/avrxmega6/crtatxmega128a3u.o
LOAD CDGUSDatabase.o
LOAD CLaserControlApp.o
LOAD DGUSGUI.o
LOAD LaserLib/CSPI.o
LOAD LaserLib/CTimer.o
LOAD LaserLib/CTimer1.o
LOAD LaserLib/CUSART.o
LOAD LaserLib/intx128.o
LOAD main.o
LOAD MODBUS/CMBProtocol.o
LOAD MODBUS/CMBSender.o
LOAD Periphery/CDGUSUSART.o
LOAD Periphery/CDS18B20.o
LOAD Periphery/CLaserBoard.o
LOAD Periphery/CSoundPlayer.o
LOAD Periphery/CTimerC.o
LOAD Periphery/CTimerC1.o
LOAD Periphery/CTimerD.o
LOAD Periphery/CTimerD1.o
LOAD Periphery/CTimerF.o
START GROUP
LOAD c:/program files (x86)/atmel/studio/7.0/toolchain/avr8/avr8-gnu-toolchain/bin/../lib/gcc/avr/4.9.2/../../../../avr/lib/avrxmega6\libm.a
END GROUP
LOAD c:/program files (x86)/atmel/studio/7.0/toolchain/avr8/avr8-gnu-toolchain/bin/../lib/gcc/avr/4.9.2/avrxmega6\libgcc.a
LOAD c:/program files (x86)/atmel/studio/7.0/toolchain/avr8/avr8-gnu-toolchain/bin/../lib/gcc/avr/4.9.2/../../../../avr/lib/avrxmega6\libm.a
START GROUP
LOAD c:/program files (x86)/atmel/studio/7.0/toolchain/avr8/avr8-gnu-toolchain/bin/../lib/gcc/avr/4.9.2/avrxmega6\libgcc.a
LOAD c:/program files (x86)/atmel/studio/7.0/toolchain/avr8/avr8-gnu-toolchain/bin/../lib/gcc/avr/4.9.2/../../../../avr/lib/avrxmega6\libm.a
LOAD c:/program files (x86)/atmel/studio/7.0/toolchain/avr8/avr8-gnu-toolchain/bin/../lib/gcc/avr/4.9.2/../../../../avr/lib/avrxmega6\libc.a
LOAD c:/program files (x86)/atmel/studio/7.0/toolchain/avr8/avr8-gnu-toolchain/bin/../lib/gcc/avr/4.9.2/../../../../avr/lib/avrxmega6\libatxmega128a3u.a
END GROUP
                0x00100000                __TEXT_REGION_LENGTH__ = DEFINED (__TEXT_REGION_LENGTH__)?__TEXT_REGION_LENGTH__:0x100000
                0x0000ffa0                __DATA_REGION_LENGTH__ = DEFINED (__DATA_REGION_LENGTH__)?__DATA_REGION_LENGTH__:0xffa0
                0x00010000                __EEPROM_REGION_LENGTH__ = DEFINED (__EEPROM_REGION_LENGTH__)?__EEPROM_REGION_LENGTH__:0x10000
                [0x00000006]                __FUSE_REGION_LENGTH__ = DEFINED (__FUSE_REGION_LENGTH__)?__FUSE_REGION_LENGTH__:0x400
                0x00000400                __LOCK_REGION_LENGTH__ = DEFINED (__LOCK_REGION_LENGTH__)?__LOCK_REGION_LENGTH__:0x400
                0x00000400                __SIGNATURE_REGION_LENGTH__ = DEFINED (__SIGNATURE_REGION_LENGTH__)?__SIGNATURE_REGION_LENGTH__:0x400
                0x00000400                __USER_SIGNATURE_REGION_LENGTH__ = DEFINED (__USER_SIGNATURE_REGION_LENGTH__)?__USER_SIGNATURE_REGION_LENGTH__:0x400

.hash
 *(.hash)

.dynsym
 *(.dynsym)

.dynstr
 *(.dynstr)

.gnu.version
 *(.gnu.version)

.gnu.version_d
 *(.gnu.version_d)

.gnu.version_r
 *(.gnu.version_r)

.rel.init
 *(.rel.init)

.rela.init
 *(.rela.init)

.rel.text
 *(.rel.text)
 *(.rel.text.*)
 *(.rel.gnu.linkonce.t*)

.rela.text
 *(.rela.text)
 *(.rela.text.*)
 *(.rela.gnu.linkonce.t*)

.rel.fini
 *(.rel.fini)

.rela.fini
 *(.rela.fini)

.rel.rodata
 *(.rel.rodata)
 *(.rel.rodata.*)
 *(.rel.gnu.linkonce.r*)

.rela.rodata
 *(.rela.rodata)
 *(.rela.rodata.*)
 *(.rela.gnu.linkonce.r*)

.rel.data
 *(.rel.data)
 *(.rel.data.*)
 *(.rel.gnu.linkonce.d*)

.rela.data
 *(.rela.data)
 *(.rela.data.*)
 *(.rela.gnu.linkonce.d*)

.rel.ctors
 *(.rel.ctors)

.rela.ctors
 *(.rela.ctors)

.rel.dtors
 *(.rel.dtors)

.rela.dtors
 *(.rela.dtors)

.rel.got
 *(.rel.got)

.rela.got
 *(.rela.got)

.rel.bss
 *(.rel.bss)

.rela.bss
 *(.rela.bss)

.rel.plt
 *(.rel.plt)

.rela.plt
 *(.rela.plt)

.text           0x00000000     0x76ba
 *(.vectors)
 .vectors       0x00000000      0x1fc c:/program files (x86)/atmel/studio/7.0/toolchain/avr8/avr8-gnu-toolchain/bin/../lib/gcc/avr/4.9.2/../../../../avr/lib/avrxmega6/crtatxmega128a3u.o
                0x00000000                __vector_default
                0x00000000                __vectors
 *(.vectors)
 *(.progmem.gcc*)
 .progmem.gcc_sw_table._ZN16CLaserControlApp18OnRegisterReceivedEhPhh
                0x000001fc       0x60 CLaserControlApp.o
 .progmem.gcc_sw_table._ZN16CLaserControlApp18OnVariableReceivedEjPjj
                0x0000025c       0x24 CLaserControlApp.o
 .progmem.gcc_sw_table._ZN9CMBSender13OnReceiveByteEh
                0x00000280       0x16 MODBUS/CMBSender.o
                0x00000296                . = ALIGN (0x2)
                0x00000296                __trampolines_start = .
 *(.trampolines)
 .trampolines   0x00000296      0x280 linker stubs
 *(.trampolines*)
                0x00000516                __trampolines_end = .
 *libprintf_flt.a:*(.progmem.data)
 *libc.a:*(.progmem.data)
 *(.progmem*)
                0x00000516                . = ALIGN (0x2)
 *(.jumptables)
 *(.jumptables*)
 *(.lowtext)
 *(.lowtext*)
                0x00000516                __ctors_start = .
 *(.ctors)
 .ctors         0x00000516        0x2 main.o
                0x00000518                __ctors_end = .
                0x00000518                __dtors_start = .
 *(.dtors)
 .dtors         0x00000518        0x2 main.o
                0x0000051a                __dtors_end = .
 SORT(*)(.ctors)
 SORT(*)(.dtors)
 *(.init0)
 .init0         0x0000051a        0x0 c:/program files (x86)/atmel/studio/7.0/toolchain/avr8/avr8-gnu-toolchain/bin/../lib/gcc/avr/4.9.2/../../../../avr/lib/avrxmega6/crtatxmega128a3u.o
                0x0000051a                __init
 *(.init0)
 *(.init1)
 *(.init1)
 *(.init2)
 .init2         0x0000051a       0x10 c:/program files (x86)/atmel/studio/7.0/toolchain/avr8/avr8-gnu-toolchain/bin/../lib/gcc/avr/4.9.2/../../../../avr/lib/avrxmega6/crtatxmega128a3u.o
 *(.init2)
 *(.init3)
 *(.init3)
 *(.init4)
 .init4         0x0000052a       0x1a c:/program files (x86)/atmel/studio/7.0/toolchain/avr8/avr8-gnu-toolchain/bin/../lib/gcc/avr/4.9.2/avrxmega6\libgcc.a(_copy_data.o)
                0x0000052a                __do_copy_data
 .init4         0x00000544       0x10 c:/program files (x86)/atmel/studio/7.0/toolchain/avr8/avr8-gnu-toolchain/bin/../lib/gcc/avr/4.9.2/avrxmega6\libgcc.a(_clear_bss.o)
                0x00000544                __do_clear_bss
 *(.init4)
 *(.init5)
 *(.init5)
 *(.init6)
 .init6         0x00000554       0x20 c:/program files (x86)/atmel/studio/7.0/toolchain/avr8/avr8-gnu-toolchain/bin/../lib/gcc/avr/4.9.2/avrxmega6\libgcc.a(_ctors.o)
                0x00000554                __do_global_ctors
 *(.init6)
 *(.init7)
 *(.init7)
 *(.init8)
 *(.init8)
 *(.init9)
 .init9         0x00000574        0x8 c:/program files (x86)/atmel/studio/7.0/toolchain/avr8/avr8-gnu-toolchain/bin/../lib/gcc/avr/4.9.2/../../../../avr/lib/avrxmega6/crtatxmega128a3u.o
 *(.init9)
 *(.text)
 .text          0x0000057c        0x4 c:/program files (x86)/atmel/studio/7.0/toolchain/avr8/avr8-gnu-toolchain/bin/../lib/gcc/avr/4.9.2/../../../../avr/lib/avrxmega6/crtatxmega128a3u.o
                0x0000057c                __vector_75
                0x0000057c                __vector_102
                0x0000057c                __bad_interrupt
                0x0000057c                __vector_122
                0x0000057c                __vector_114
                0x0000057c                __vector_117
                0x0000057c                __vector_107
                0x0000057c                __vector_98
                0x0000057c                __vector_99
                0x0000057c                __vector_125
                0x0000057c                __vector_123
                0x0000057c                __vector_100
                0x0000057c                __vector_101
                0x0000057c                __vector_76
                0x0000057c                __vector_115
                0x0000057c                __vector_95
                0x0000057c                __vector_103
                0x0000057c                __vector_96
                0x0000057c                __vector_106
                0x0000057c                __vector_118
                0x0000057c                __vector_94
                0x0000057c                __vector_126
                0x0000057c                __vector_124
                0x0000057c                __vector_116
                0x0000057c                __vector_97
                0x00000580                . = ALIGN (0x2)
 *(.text.*)
 .text._ZN13CDGUSDatabaseC2Ev
                0x00000580        0x2 CDGUSDatabase.o
                0x00000580                _ZN13CDGUSDatabaseC2Ev
                0x00000580                _ZN13CDGUSDatabaseC1Ev
 .text._ZN13CDGUSDatabaseD2Ev
                0x00000582        0x2 CDGUSDatabase.o
                0x00000582                _ZN13CDGUSDatabaseD2Ev
                0x00000582                _ZN13CDGUSDatabaseD1Ev
 .text._ZN13CDGUSDatabase10InitializeEP9CMBSenderj
                0x00000584       0x18 CDGUSDatabase.o
                0x00000584                _ZN13CDGUSDatabase10InitializeEP9CMBSenderj
 .text._ZN13CDGUSDatabase18MapDatabaseToWriteEjmj
                0x0000059c       0xca CDGUSDatabase.o
                0x0000059c                _ZN13CDGUSDatabase18MapDatabaseToWriteEjmj
 .text._ZN13CDGUSDatabase17MapDatabaseToReadEjmj
                0x00000666       0xca CDGUSDatabase.o
                0x00000666                _ZN13CDGUSDatabase17MapDatabaseToReadEjmj
 .text._ZN13CDGUSDatabase5UnMapEv
                0x00000730       0x3c CDGUSDatabase.o
                0x00000730                _ZN13CDGUSDatabase5UnMapEv
 .text._ZN16CLaserControlApp21OnTransactionCallbackEPhj
                0x0000076c        0x2 CLaserControlApp.o
                0x0000076c                _ZN16CLaserControlApp21OnTransactionCallbackEPhj
 .text._ZN16CLaserControlApp18OnRegisterReceivedEhPhh
                0x0000076e      0x142 CLaserControlApp.o
                0x0000076e                _ZN16CLaserControlApp18OnRegisterReceivedEhPhh
 .text._ZN16CLaserControlApp18OnVariableReceivedEjPjj
                0x000008b0      0x18c CLaserControlApp.o
                0x000008b0                _ZN16CLaserControlApp18OnVariableReceivedEjPjj
 .text._Z13NormalizeStepRjS_S_jPj
                0x00000a3c       0x98 CLaserControlApp.o
                0x00000a3c                _Z13NormalizeStepRjS_S_jPj
 .text._ZN16CLaserControlAppC2Ev
                0x00000ad4        0xc CLaserControlApp.o
                0x00000ad4                _ZN16CLaserControlAppC2Ev
                0x00000ad4                _ZN16CLaserControlAppC1Ev
 .text._ZN16CLaserControlAppD2Ev
                0x00000ae0       0x10 CLaserControlApp.o
                0x00000ae0                _ZN16CLaserControlAppD2Ev
                0x00000ae0                _ZN16CLaserControlAppD1Ev
 .text._ZN16CLaserControlApp18SetLaserDiodePowerEv
                0x00000af0       0x5e CLaserControlApp.o
                0x00000af0                _ZN16CLaserControlApp18SetLaserDiodePowerEv
 .text._ZN16CLaserControlApp22CalculateLaserSettingsEP24DGUS_LASERPROFILE_STRUCT
                0x00000b4e       0xf4 CLaserControlApp.o
                0x00000b4e                _ZN16CLaserControlApp22CalculateLaserSettingsEP24DGUS_LASERPROFILE_STRUCT
 .text._ZN16CLaserControlApp11GetVariableEjj
                0x00000c42       0x28 CLaserControlApp.o
                0x00000c42                _ZN16CLaserControlApp11GetVariableEjj
 .text._ZN16CLaserControlApp11SetVariableEjPjj
                0x00000c6a       0x20 CLaserControlApp.o
                0x00000c6a                _ZN16CLaserControlApp11SetVariableEjPjj
 .text._ZN16CLaserControlApp12SetPictureIdEj
                0x00000c8a       0x4c CLaserControlApp.o
                0x00000c8a                _ZN16CLaserControlApp12SetPictureIdEj
 .text._ZN16CLaserControlApp12OnLaserTimerEv
                0x00000cd6       0x74 CLaserControlApp.o
                0x00000cd6                _ZN16CLaserControlApp12OnLaserTimerEv
 .text._ZN16CLaserControlApp22OnLaserTimerStopStaticEPv
                0x00000d4a        0x6 CLaserControlApp.o
                0x00000d4a                _ZN16CLaserControlApp22OnLaserTimerStopStaticEPv
 .text._ZN16CLaserControlApp13OnPWMTimerOVFEv
                0x00000d50       0x12 CLaserControlApp.o
                0x00000d50                _ZN16CLaserControlApp13OnPWMTimerOVFEv
 .text._ZN16CLaserControlApp13OnPWMTimerCMPEv
                0x00000d62       0x12 CLaserControlApp.o
                0x00000d62                _ZN16CLaserControlApp13OnPWMTimerCMPEv
 .text._ZN16CLaserControlApp19OnPWMTimerOVFStaticEPv
                0x00000d74        0x6 CLaserControlApp.o
                0x00000d74                _ZN16CLaserControlApp19OnPWMTimerOVFStaticEPv
 .text._ZN16CLaserControlApp19OnPWMTimerCMPStaticEPv
                0x00000d7a        0x6 CLaserControlApp.o
                0x00000d7a                _ZN16CLaserControlApp19OnPWMTimerCMPStaticEPv
 .text._ZN16CLaserControlApp19OnPWMTimerREDStaticEPv
                0x00000d80        0x2 CLaserControlApp.o
                0x00000d80                _ZN16CLaserControlApp19OnPWMTimerREDStaticEPv
 .text._ZN16CLaserControlApp19OnPWMTimerGRNStaticEPv
                0x00000d82        0x2 CLaserControlApp.o
                0x00000d82                _ZN16CLaserControlApp19OnPWMTimerGRNStaticEPv
 .text._ZN16CLaserControlApp19OnPWMTimerBLUStaticEPv
                0x00000d84        0x2 CLaserControlApp.o
                0x00000d84                _ZN16CLaserControlApp19OnPWMTimerBLUStaticEPv
 .text._ZN16CLaserControlApp13MelaninPresetEj
                0x00000d86      0x18e CLaserControlApp.o
                0x00000d86                _ZN16CLaserControlApp13MelaninPresetEj
 .text._ZN16CLaserControlApp15PhototypePresetEj
                0x00000f14      0x176 CLaserControlApp.o
                0x00000f14                _ZN16CLaserControlApp15PhototypePresetEj
 .text._ZN16CLaserControlApp12UpdateLimitsEjjj16APP_PROFILE_ENUM
                0x0000108a      0x1b6 CLaserControlApp.o
                0x0000108a                _ZN16CLaserControlApp12UpdateLimitsEjjj16APP_PROFILE_ENUM
 .text._ZN16CLaserControlApp11CheckLimitsERjS0_S0_16APP_PROFILE_ENUM
                0x00001240      0x3c8 CLaserControlApp.o
                0x00001240                _ZN16CLaserControlApp11CheckLimitsERjS0_S0_16APP_PROFILE_ENUM
 .text._ZN16CLaserControlApp17CalculateAllStepsERjS0_16APP_PROFILE_ENUM
                0x00001608      0x1d6 CLaserControlApp.o
                0x00001608                _ZN16CLaserControlApp17CalculateAllStepsERjS0_16APP_PROFILE_ENUM
 .text._ZN16CLaserControlApp11LaserPresetERjS0_S0_16APP_PROFILE_ENUM
                0x000017de      0x194 CLaserControlApp.o
                0x000017de                _ZN16CLaserControlApp11LaserPresetERjS0_S0_16APP_PROFILE_ENUM
 .text._ZN16CLaserControlApp10FreqLimitsERj16APP_PROFILE_ENUM
                0x00001972       0xc4 CLaserControlApp.o
                0x00001972                _ZN16CLaserControlApp10FreqLimitsERj16APP_PROFILE_ENUM
 .text._ZN16CLaserControlApp10InitializeEP9CMBSender
                0x00001a36      0x2ec CLaserControlApp.o
                0x00001a36                _ZN16CLaserControlApp10InitializeEP9CMBSender
 .text._ZN16CLaserControlApp5StartEv
                0x00001d22       0x90 CLaserControlApp.o
                0x00001d22                _ZN16CLaserControlApp5StartEv
 .text._ZN16CLaserControlApp16OnLaserTimerStopEv
                0x00001db2       0x26 CLaserControlApp.o
                0x00001db2                _ZN16CLaserControlApp16OnLaserTimerStopEv
 .text._ZN16CLaserControlApp18OnLaserTimerStaticEPv
                0x00001dd8        0x6 CLaserControlApp.o
                0x00001dd8                _ZN16CLaserControlApp18OnLaserTimerStaticEPv
 .text._ZN16CLaserControlApp3RunEv
                0x00001dde      0xb10 CLaserControlApp.o
                0x00001dde                _ZN16CLaserControlApp3RunEv
 .text._ZN16CLaserControlApp7OnTimerEv
                0x000028ee      0x20c CLaserControlApp.o
                0x000028ee                _ZN16CLaserControlApp7OnTimerEv
 .text._ZN16CLaserControlApp13OnTimerStaticEPv
                0x00002afa        0x6 CLaserControlApp.o
                0x00002afa                _ZN16CLaserControlApp13OnTimerStaticEPv
 .text._ZN16CLaserControlApp6OnINT0Ev
                0x00002b00      0x164 CLaserControlApp.o
                0x00002b00                _ZN16CLaserControlApp6OnINT0Ev
 .text._ZN16CLaserControlApp12OnINT0StaticEPv
                0x00002c64        0x6 CLaserControlApp.o
                0x00002c64                _ZN16CLaserControlApp12OnINT0StaticEPv
 .text._Z11ConvertDataPvS_jj
                0x00002c6a       0x58 DGUSGUI.o
                0x00002c6a                _Z11ConvertDataPvS_jj
 .text._Z3minjj
                0x00002cc2        0xa DGUSGUI.o
                0x00002cc2                _Z3minjj
 .text._Z3maxjj
                0x00002ccc        0xa DGUSGUI.o
                0x00002ccc                _Z3maxjj
 .text._Z4swapj
                0x00002cd6        0x8 DGUSGUI.o
                0x00002cd6                _Z4swapj
 .text._Z6swap32m
                0x00002cde        0x8 DGUSGUI.o
                0x00002cde                _Z6swap32m
 .text._ZN4CSPIC2Ev
                0x00002ce6        0x2 LaserLib/CSPI.o
                0x00002ce6                _ZN4CSPIC2Ev
                0x00002ce6                _ZN4CSPIC1Ev
 .text._ZN4CSPID2Ev
                0x00002ce8        0x2 LaserLib/CSPI.o
                0x00002ce8                _ZN4CSPID2Ev
                0x00002ce8                _ZN4CSPID1Ev
 .text._ZN4CSPI10InitializeEb19SPI_DATA_ORDER_ENUM13SPI_MODE_ENUMb18SPI_PRESCALER_enum
                0x00002cea       0x82 LaserLib/CSPI.o
                0x00002cea                _ZN4CSPI10InitializeEb19SPI_DATA_ORDER_ENUM13SPI_MODE_ENUMb18SPI_PRESCALER_enum
 .text._ZN4CSPI4SendEPhj
                0x00002d6c       0x40 LaserLib/CSPI.o
                0x00002d6c                _ZN4CSPI4SendEPhj
 .text._ZN4CSPI10OnTransmitEv
                0x00002dac       0x30 LaserLib/CSPI.o
                0x00002dac                _ZN4CSPI10OnTransmitEv
 .text._ZN4CSPI16StaticOnTransmitEPv
                0x00002ddc        0x6 LaserLib/CSPI.o
                0x00002ddc                _ZN4CSPI16StaticOnTransmitEPv
 .text._ZN6CTimerC2Ev
                0x00002de2        0xc LaserLib/CTimer.o
                0x00002de2                _ZN6CTimerC1Ev
                0x00002de2                _ZN6CTimerC2Ev
 .text._ZN6CTimerD2Ev
                0x00002dee        0x2 LaserLib/CTimer.o
                0x00002dee                _ZN6CTimerD1Ev
                0x00002dee                _ZN6CTimerD2Ev
 .text._ZN7CTimer1C2Ev
                0x00002df0        0xc LaserLib/CTimer1.o
                0x00002df0                _ZN7CTimer1C1Ev
                0x00002df0                _ZN7CTimer1C2Ev
 .text._ZN7CTimer1D2Ev
                0x00002dfc        0x2 LaserLib/CTimer1.o
                0x00002dfc                _ZN7CTimer1D1Ev
                0x00002dfc                _ZN7CTimer1D2Ev
 .text._ZN6CUSARTC2Ev
                0x00002dfe        0xc LaserLib/CUSART.o
                0x00002dfe                _ZN6CUSARTC2Ev
                0x00002dfe                _ZN6CUSARTC1Ev
 .text._ZN6CUSARTD2Ev
                0x00002e0a        0x2 LaserLib/CUSART.o
                0x00002e0a                _ZN6CUSARTD1Ev
                0x00002e0a                _ZN6CUSARTD2Ev
 .text.__vector_1
                0x00002e0c       0x62 LaserLib/intx128.o
                0x00002e0c                __vector_1
 .text.__vector_2
                0x00002e6e       0x62 LaserLib/intx128.o
                0x00002e6e                __vector_2
 .text.__vector_3
                0x00002ed0       0x62 LaserLib/intx128.o
                0x00002ed0                __vector_3
 .text.__vector_4
                0x00002f32       0x62 LaserLib/intx128.o
                0x00002f32                __vector_4
 .text.__vector_5
                0x00002f94       0x62 LaserLib/intx128.o
                0x00002f94                __vector_5
 .text.__vector_6
                0x00002ff6       0x62 LaserLib/intx128.o
                0x00002ff6                __vector_6
 .text.__vector_7
                0x00003058       0x62 LaserLib/intx128.o
                0x00003058                __vector_7
 .text.__vector_8
                0x000030ba       0x62 LaserLib/intx128.o
                0x000030ba                __vector_8
 .text.__vector_9
                0x0000311c       0x62 LaserLib/intx128.o
                0x0000311c                __vector_9
 .text.__vector_10
                0x0000317e       0x62 LaserLib/intx128.o
                0x0000317e                __vector_10
 .text.__vector_11
                0x000031e0       0x62 LaserLib/intx128.o
                0x000031e0                __vector_11
 .text.__vector_12
                0x00003242       0x62 LaserLib/intx128.o
                0x00003242                __vector_12
 .text.__vector_13
                0x000032a4       0x62 LaserLib/intx128.o
                0x000032a4                __vector_13
 .text.__vector_14
                0x00003306       0x62 LaserLib/intx128.o
                0x00003306                __vector_14
 .text.__vector_15
                0x00003368       0x62 LaserLib/intx128.o
                0x00003368                __vector_15
 .text.__vector_16
                0x000033ca       0x62 LaserLib/intx128.o
                0x000033ca                __vector_16
 .text.__vector_17
                0x0000342c       0x62 LaserLib/intx128.o
                0x0000342c                __vector_17
 .text.__vector_18
                0x0000348e       0x62 LaserLib/intx128.o
                0x0000348e                __vector_18
 .text.__vector_19
                0x000034f0       0x62 LaserLib/intx128.o
                0x000034f0                __vector_19
 .text.__vector_20
                0x00003552       0x62 LaserLib/intx128.o
                0x00003552                __vector_20
 .text.__vector_21
                0x000035b4       0x62 LaserLib/intx128.o
                0x000035b4                __vector_21
 .text.__vector_22
                0x00003616       0x62 LaserLib/intx128.o
                0x00003616                __vector_22
 .text.__vector_23
                0x00003678       0x62 LaserLib/intx128.o
                0x00003678                __vector_23
 .text.__vector_24
                0x000036da       0x62 LaserLib/intx128.o
                0x000036da                __vector_24
 .text.__vector_25
                0x0000373c       0x62 LaserLib/intx128.o
                0x0000373c                __vector_25
 .text.__vector_26
                0x0000379e       0x62 LaserLib/intx128.o
                0x0000379e                __vector_26
 .text.__vector_27
                0x00003800       0x62 LaserLib/intx128.o
                0x00003800                __vector_27
 .text.__vector_28
                0x00003862       0x62 LaserLib/intx128.o
                0x00003862                __vector_28
 .text.__vector_29
                0x000038c4       0x62 LaserLib/intx128.o
                0x000038c4                __vector_29
 .text.__vector_30
                0x00003926       0x62 LaserLib/intx128.o
                0x00003926                __vector_30
 .text.__vector_31
                0x00003988       0x62 LaserLib/intx128.o
                0x00003988                __vector_31
 .text.__vector_32
                0x000039ea       0x62 LaserLib/intx128.o
                0x000039ea                __vector_32
 .text.__vector_33
                0x00003a4c       0x62 LaserLib/intx128.o
                0x00003a4c                __vector_33
 .text.__vector_34
                0x00003aae       0x62 LaserLib/intx128.o
                0x00003aae                __vector_34
 .text.__vector_35
                0x00003b10       0x62 LaserLib/intx128.o
                0x00003b10                __vector_35
 .text.__vector_36
                0x00003b72       0x62 LaserLib/intx128.o
                0x00003b72                __vector_36
 .text.__vector_37
                0x00003bd4       0x62 LaserLib/intx128.o
                0x00003bd4                __vector_37
 .text.__vector_38
                0x00003c36       0x62 LaserLib/intx128.o
                0x00003c36                __vector_38
 .text.__vector_39
                0x00003c98       0x62 LaserLib/intx128.o
                0x00003c98                __vector_39
 .text.__vector_40
                0x00003cfa       0x62 LaserLib/intx128.o
                0x00003cfa                __vector_40
 .text.__vector_41
                0x00003d5c       0x62 LaserLib/intx128.o
                0x00003d5c                __vector_41
 .text.__vector_42
                0x00003dbe       0x62 LaserLib/intx128.o
                0x00003dbe                __vector_42
 .text.__vector_43
                0x00003e20       0x62 LaserLib/intx128.o
                0x00003e20                __vector_43
 .text.__vector_44
                0x00003e82       0x62 LaserLib/intx128.o
                0x00003e82                __vector_44
 .text.__vector_45
                0x00003ee4       0x62 LaserLib/intx128.o
                0x00003ee4                __vector_45
 .text.__vector_46
                0x00003f46       0x62 LaserLib/intx128.o
                0x00003f46                __vector_46
 .text.__vector_47
                0x00003fa8       0x62 LaserLib/intx128.o
                0x00003fa8                __vector_47
 .text.__vector_48
                0x0000400a       0x62 LaserLib/intx128.o
                0x0000400a                __vector_48
 .text.__vector_49
                0x0000406c       0x62 LaserLib/intx128.o
                0x0000406c                __vector_49
 .text.__vector_50
                0x000040ce       0x62 LaserLib/intx128.o
                0x000040ce                __vector_50
 .text.__vector_51
                0x00004130       0x62 LaserLib/intx128.o
                0x00004130                __vector_51
 .text.__vector_52
                0x00004192       0x62 LaserLib/intx128.o
                0x00004192                __vector_52
 .text.__vector_53
                0x000041f4       0x62 LaserLib/intx128.o
                0x000041f4                __vector_53
 .text.__vector_54
                0x00004256       0x62 LaserLib/intx128.o
                0x00004256                __vector_54
 .text.__vector_55
                0x000042b8       0x62 LaserLib/intx128.o
                0x000042b8                __vector_55
 .text.__vector_56
                0x0000431a       0x62 LaserLib/intx128.o
                0x0000431a                __vector_56
 .text.__vector_57
                0x0000437c       0x62 LaserLib/intx128.o
                0x0000437c                __vector_57
 .text.__vector_58
                0x000043de       0x62 LaserLib/intx128.o
                0x000043de                __vector_58
 .text.__vector_59
                0x00004440       0x62 LaserLib/intx128.o
                0x00004440                __vector_59
 .text.__vector_60
                0x000044a2       0x62 LaserLib/intx128.o
                0x000044a2                __vector_60
 .text.__vector_61
                0x00004504       0x62 LaserLib/intx128.o
                0x00004504                __vector_61
 .text.__vector_62
                0x00004566       0x62 LaserLib/intx128.o
                0x00004566                __vector_62
 .text.__vector_63
                0x000045c8       0x62 LaserLib/intx128.o
                0x000045c8                __vector_63
 .text.__vector_64
                0x0000462a       0x62 LaserLib/intx128.o
                0x0000462a                __vector_64
 .text.__vector_65
                0x0000468c       0x62 LaserLib/intx128.o
                0x0000468c                __vector_65
 .text.__vector_66
                0x000046ee       0x62 LaserLib/intx128.o
                0x000046ee                __vector_66
 .text.__vector_67
                0x00004750       0x62 LaserLib/intx128.o
                0x00004750                __vector_67
 .text.__vector_68
                0x000047b2       0x62 LaserLib/intx128.o
                0x000047b2                __vector_68
 .text.__vector_69
                0x00004814       0x62 LaserLib/intx128.o
                0x00004814                __vector_69
 .text.__vector_70
                0x00004876       0x62 LaserLib/intx128.o
                0x00004876                __vector_70
 .text.__vector_71
                0x000048d8       0x62 LaserLib/intx128.o
                0x000048d8                __vector_71
 .text.__vector_72
                0x0000493a       0x62 LaserLib/intx128.o
                0x0000493a                __vector_72
 .text.__vector_73
                0x0000499c       0x62 LaserLib/intx128.o
                0x0000499c                __vector_73
 .text.__vector_74
                0x000049fe       0x62 LaserLib/intx128.o
                0x000049fe                __vector_74
 .text.__vector_77
                0x00004a60       0x62 LaserLib/intx128.o
                0x00004a60                __vector_77
 .text.__vector_78
                0x00004ac2       0x62 LaserLib/intx128.o
                0x00004ac2                __vector_78
 .text.__vector_79
                0x00004b24       0x62 LaserLib/intx128.o
                0x00004b24                __vector_79
 .text.__vector_80
                0x00004b86       0x62 LaserLib/intx128.o
                0x00004b86                __vector_80
 .text.__vector_81
                0x00004be8       0x62 LaserLib/intx128.o
                0x00004be8                __vector_81
 .text.__vector_82
                0x00004c4a       0x62 LaserLib/intx128.o
                0x00004c4a                __vector_82
 .text.__vector_83
                0x00004cac       0x62 LaserLib/intx128.o
                0x00004cac                __vector_83
 .text.__vector_84
                0x00004d0e       0x62 LaserLib/intx128.o
                0x00004d0e                __vector_84
 .text.__vector_85
                0x00004d70       0x62 LaserLib/intx128.o
                0x00004d70                __vector_85
 .text.__vector_86
                0x00004dd2       0x62 LaserLib/intx128.o
                0x00004dd2                __vector_86
 .text.__vector_87
                0x00004e34       0x62 LaserLib/intx128.o
                0x00004e34                __vector_87
 .text.__vector_88
                0x00004e96       0x62 LaserLib/intx128.o
                0x00004e96                __vector_88
 .text.__vector_89
                0x00004ef8       0x62 LaserLib/intx128.o
                0x00004ef8                __vector_89
 .text.__vector_90
                0x00004f5a       0x62 LaserLib/intx128.o
                0x00004f5a                __vector_90
 .text.__vector_91
                0x00004fbc       0x62 LaserLib/intx128.o
                0x00004fbc                __vector_91
 .text.__vector_92
                0x0000501e       0x62 LaserLib/intx128.o
                0x0000501e                __vector_92
 .text.__vector_93
                0x00005080       0x62 LaserLib/intx128.o
                0x00005080                __vector_93
 .text.__vector_104
                0x000050e2       0x62 LaserLib/intx128.o
                0x000050e2                __vector_104
 .text.__vector_105
                0x00005144       0x62 LaserLib/intx128.o
                0x00005144                __vector_105
 .text.__vector_108
                0x000051a6       0x62 LaserLib/intx128.o
                0x000051a6                __vector_108
 .text.__vector_109
                0x00005208       0x62 LaserLib/intx128.o
                0x00005208                __vector_109
 .text.__vector_110
                0x0000526a       0x62 LaserLib/intx128.o
                0x0000526a                __vector_110
 .text.__vector_111
                0x000052cc       0x62 LaserLib/intx128.o
                0x000052cc                __vector_111
 .text.__vector_112
                0x0000532e       0x62 LaserLib/intx128.o
                0x0000532e                __vector_112
 .text.__vector_113
                0x00005390       0x62 LaserLib/intx128.o
                0x00005390                __vector_113
 .text.__vector_119
                0x000053f2       0x62 LaserLib/intx128.o
                0x000053f2                __vector_119
 .text.__vector_120
                0x00005454       0x62 LaserLib/intx128.o
                0x00005454                __vector_120
 .text.__vector_121
                0x000054b6       0x62 LaserLib/intx128.o
                0x000054b6                __vector_121
 .text.__cxa_pure_virtual
                0x00005518        0x6 main.o
                0x00005518                __cxa_pure_virtual
 .text._GLOBAL__sub_I_dacSPI
                0x0000551e       0x6a main.o
 .text._GLOBAL__sub_D_dacSPI
                0x00005588       0x6a main.o
 .text._Z16SystemInitializev
                0x000055f2      0x1f2 main.o
                0x000055f2                _Z16SystemInitializev
 .text.main     0x000057e4       0xe6 main.o
                0x000057e4                main
 .text._ZN16CMBEventsHandler13FillVarDataTxEjPjj
                0x000058ca      0x134 MODBUS/CMBProtocol.o
                0x000058ca                _ZN16CMBEventsHandler13FillVarDataTxEjPjj
 .text._ZN16CMBEventsHandler15AllocateBuffersEjj
                0x000059fe       0x36 MODBUS/CMBProtocol.o
                0x000059fe                _ZN16CMBEventsHandler15AllocateBuffersEjj
 .text._ZN16CMBEventsHandler11FreeBuffersEv
                0x00005a34       0x1c MODBUS/CMBProtocol.o
                0x00005a34                _ZN16CMBEventsHandler11FreeBuffersEv
 .text._ZN16CMBEventsHandler13FillRegDataRqEhh
                0x00005a50       0xc0 MODBUS/CMBProtocol.o
                0x00005a50                _ZN16CMBEventsHandler13FillRegDataRqEhh
 .text._ZN16CMBEventsHandler13FillVarDataRqEjj
                0x00005b10       0xca MODBUS/CMBProtocol.o
                0x00005b10                _ZN16CMBEventsHandler13FillVarDataRqEjj
 .text._ZN16CMBEventsHandler13FillRegDataTxEhPhh
                0x00005bda       0xd6 MODBUS/CMBProtocol.o
                0x00005bda                _ZN16CMBEventsHandler13FillRegDataTxEhPhh
 .text._ZN16CMBEventsHandlerD2Ev
                0x00005cb0        0x2 MODBUS/CMBProtocol.o
                0x00005cb0                _ZN16CMBEventsHandlerD2Ev
                0x00005cb0                _ZN16CMBEventsHandlerD1Ev
 .text._ZN9CMBSender18OnVariableReceivedEjPjj
                0x00005cb2       0x1e MODBUS/CMBSender.o
                0x00005cb2                _ZN9CMBSender18OnVariableReceivedEjPjj
 .text._ZN9CMBSender18OnRegisterReceivedEhPhh
                0x00005cd0       0x1e MODBUS/CMBSender.o
                0x00005cd0                _ZN9CMBSender18OnRegisterReceivedEhPhh
 .text._ZN9CMBSenderC2Ev
                0x00005cee        0xc MODBUS/CMBSender.o
                0x00005cee                _ZN9CMBSenderC2Ev
                0x00005cee                _ZN9CMBSenderC1Ev
 .text._ZN9CMBSender10InitializeEP7CTimer1P6CUSARTP16CMBEventsHandlerjjj
                0x00005cfa       0xe2 MODBUS/CMBSender.o
                0x00005cfa                _ZN9CMBSender10InitializeEP7CTimer1P6CUSARTP16CMBEventsHandlerjjj
 .text._ZN9CMBSenderD2Ev
                0x00005ddc       0x10 MODBUS/CMBSender.o
                0x00005ddc                _ZN9CMBSenderD1Ev
                0x00005ddc                _ZN9CMBSenderD2Ev
 .text._ZN9CMBSender13OnReceiveByteEh
                0x00005dec      0x192 MODBUS/CMBSender.o
                0x00005dec                _ZN9CMBSender13OnReceiveByteEh
 .text._ZN9CMBSender18OnUSARTRxInterruptEPv
                0x00005f7e       0x26 MODBUS/CMBSender.o
                0x00005f7e                _ZN9CMBSender18OnUSARTRxInterruptEPv
 .text._ZN9CMBSender9OnTimeoutEv
                0x00005fa4       0x28 MODBUS/CMBSender.o
                0x00005fa4                _ZN9CMBSender9OnTimeoutEv
 .text._ZN9CMBSender18OnTimeoutInterruptEPv
                0x00005fcc        0x6 MODBUS/CMBSender.o
                0x00005fcc                _ZN9CMBSender18OnTimeoutInterruptEPv
 .text._ZN9CMBSender19StartMODBUSListenerEv
                0x00005fd2       0x32 MODBUS/CMBSender.o
                0x00005fd2                _ZN9CMBSender19StartMODBUSListenerEv
 .text._ZN9CMBSender14OnTransmitByteEv
                0x00006004       0x92 MODBUS/CMBSender.o
                0x00006004                _ZN9CMBSender14OnTransmitByteEv
 .text._ZN9CMBSender18OnUSARTTxInterruptEPv
                0x00006096        0x6 MODBUS/CMBSender.o
                0x00006096                _ZN9CMBSender18OnUSARTTxInterruptEPv
 .text._ZN9CMBSender18WaitMODBUSListenerEv
                0x0000609c       0x22 MODBUS/CMBSender.o
                0x0000609c                _ZN9CMBSender18WaitMODBUSListenerEv
 .text._ZN9CMBSender22StartMODBUSTransmitterEv
                0x000060be       0x2a MODBUS/CMBSender.o
                0x000060be                _ZN9CMBSender22StartMODBUSTransmitterEv
 .text._ZN9CMBSender24WriteDataToRegisterAsyncEhPhh
                0x000060e8       0x1e MODBUS/CMBSender.o
                0x000060e8                _ZN9CMBSender24WriteDataToRegisterAsyncEhPhh
 .text._ZN9CMBSender20WriteDataToSRAMAsyncEjPjj
                0x00006106       0x1e MODBUS/CMBSender.o
                0x00006106                _ZN9CMBSender20WriteDataToSRAMAsyncEjPjj
 .text._ZN9CMBSender28RequestDataFromRegisterAsyncEhh
                0x00006124       0x1e MODBUS/CMBSender.o
                0x00006124                _ZN9CMBSender28RequestDataFromRegisterAsyncEhh
 .text._ZN9CMBSender24RequestDataFromSRAMAsyncEjh
                0x00006142       0x20 MODBUS/CMBSender.o
                0x00006142                _ZN9CMBSender24RequestDataFromSRAMAsyncEjh
 .text._ZN9CMBSender21WaitMODBUSTransmitterEv
                0x00006162       0x22 MODBUS/CMBSender.o
                0x00006162                _ZN9CMBSender21WaitMODBUSTransmitterEv
 .text._ZN9CMBSender30StartMODBUSRegisterTransactionEhh
                0x00006184        0xc MODBUS/CMBSender.o
                0x00006184                _ZN9CMBSender30StartMODBUSRegisterTransactionEhh
 .text._ZN9CMBSender30StartMODBUSVariableTransactionEjh
                0x00006190        0xc MODBUS/CMBSender.o
                0x00006190                _ZN9CMBSender30StartMODBUSVariableTransactionEjh
 .text._ZN9CMBSender18ProcessTransactionEPhj
                0x0000619c       0x62 MODBUS/CMBSender.o
                0x0000619c                _ZN9CMBSender18ProcessTransactionEPhj
 .text._ZN9CMBSender21OnTransactionCallbackEPhj
                0x000061fe        0x6 MODBUS/CMBSender.o
                0x000061fe                _ZN9CMBSender21OnTransactionCallbackEPhj
 .text._ZN10CDGUSUSART10InitializeE13BAUDRATE_ENUM11PARITY_ENUM12STOBITS_ENUMb
                0x00006204       0x76 Periphery/CDGUSUSART.o
                0x00006204                _ZN10CDGUSUSART10InitializeE13BAUDRATE_ENUM11PARITY_ENUM12STOBITS_ENUMb
 .text._ZN10CDGUSUSART15GetReceivedByteEv
                0x0000627a        0x6 Periphery/CDGUSUSART.o
                0x0000627a                _ZN10CDGUSUSART15GetReceivedByteEv
 .text._ZN10CDGUSUSART19SetTransmittingByteEh
                0x00006280        0x6 Periphery/CDGUSUSART.o
                0x00006280                _ZN10CDGUSUSART19SetTransmittingByteEh
 .text._ZN10CDGUSUSART14IsTransmittingEv
                0x00006286       0x10 Periphery/CDGUSUSART.o
                0x00006286                _ZN10CDGUSUSART14IsTransmittingEv
 .text._ZN10CDGUSUSART11IsReceivingEv
                0x00006296        0xe Periphery/CDGUSUSART.o
                0x00006296                _ZN10CDGUSUSART11IsReceivingEv
 .text._ZN10CDGUSUSART11IsDataEmptyEv
                0x000062a4       0x10 Periphery/CDGUSUSART.o
                0x000062a4                _ZN10CDGUSUSART11IsDataEmptyEv
 .text._ZN10CDGUSUSART25SetRxInterruptionCallbackEPvPFvS0_E
                0x000062b4       0x12 Periphery/CDGUSUSART.o
                0x000062b4                _ZN10CDGUSUSART25SetRxInterruptionCallbackEPvPFvS0_E
 .text._ZN10CDGUSUSART25SetTxInterruptionCallbackEPvPFvS0_E
                0x000062c6       0x12 Periphery/CDGUSUSART.o
                0x000062c6                _ZN10CDGUSUSART25SetTxInterruptionCallbackEPvPFvS0_E
 .text._ZN10CDGUSUSART12SetDMARxTrigEP13DMA_CH_struct
                0x000062d8       0x12 Periphery/CDGUSUSART.o
                0x000062d8                _ZN10CDGUSUSART12SetDMARxTrigEP13DMA_CH_struct
 .text._ZN10CDGUSUSART12SetDMATxTrigEP13DMA_CH_struct
                0x000062ea       0x12 Periphery/CDGUSUSART.o
                0x000062ea                _ZN10CDGUSUSART12SetDMATxTrigEP13DMA_CH_struct
 .text._ZN10CDGUSUSARTC2Ev
                0x000062fc       0x18 Periphery/CDGUSUSART.o
                0x000062fc                _ZN10CDGUSUSARTC1Ev
                0x000062fc                _ZN10CDGUSUSARTC2Ev
 .text._ZN10CDGUSUSARTD2Ev
                0x00006314       0x10 Periphery/CDGUSUSART.o
                0x00006314                _ZN10CDGUSUSARTD2Ev
                0x00006314                _ZN10CDGUSUSARTD1Ev
 .text._Z18onewire_crc_updatehh
                0x00006324       0x1c Periphery/CDS18B20.o
                0x00006324                _Z18onewire_crc_updatehh
 .text._ZN8CDS18B20C2Ev
                0x00006340        0x2 Periphery/CDS18B20.o
                0x00006340                _ZN8CDS18B20C2Ev
                0x00006340                _ZN8CDS18B20C1Ev
 .text._ZN8CDS18B20D2Ev
                0x00006342        0x2 Periphery/CDS18B20.o
                0x00006342                _ZN8CDS18B20D1Ev
                0x00006342                _ZN8CDS18B20D2Ev
 .text._ZN8CDS18B207w1_findEv
                0x00006344       0x3a Periphery/CDS18B20.o
                0x00006344                _ZN8CDS18B207w1_findEv
 .text._ZN8CDS18B2010w1_sendcmdEh
                0x0000637e       0x6e Periphery/CDS18B20.o
                0x0000637e                _ZN8CDS18B2010w1_sendcmdEh
 .text._ZN8CDS18B2015w1_receive_byteEv
                0x000063ec       0x66 Periphery/CDS18B20.o
                0x000063ec                _ZN8CDS18B2015w1_receive_byteEv
 .text._ZN8CDS18B2010temp_18b20Ev
                0x00006452       0xee Periphery/CDS18B20.o
                0x00006452                _ZN8CDS18B2010temp_18b20Ev
 .text._ZN8CDS18B2010InitializeEv
                0x00006540       0x1e Periphery/CDS18B20.o
                0x00006540                _ZN8CDS18B2010InitializeEv
 .text._ZN11CLaserBoardC2Ev
                0x0000655e        0x2 Periphery/CLaserBoard.o
                0x0000655e                _ZN11CLaserBoardC1Ev
                0x0000655e                _ZN11CLaserBoardC2Ev
 .text._ZN11CLaserBoardD2Ev
                0x00006560        0x2 Periphery/CLaserBoard.o
                0x00006560                _ZN11CLaserBoardD2Ev
                0x00006560                _ZN11CLaserBoardD1Ev
 .text._ZN11CLaserBoard12InitializeIOEv
                0x00006562       0xc0 Periphery/CLaserBoard.o
                0x00006562                _ZN11CLaserBoard12InitializeIOEv
 .text._ZN11CLaserBoard15InitializeClockEv
                0x00006622       0x6a Periphery/CLaserBoard.o
                0x00006622                _ZN11CLaserBoard15InitializeClockEv
 .text._ZN11CLaserBoard5PWMOnEv
                0x0000668c        0x8 Periphery/CLaserBoard.o
                0x0000668c                _ZN11CLaserBoard5PWMOnEv
 .text._ZN11CLaserBoard6PWMOffEv
                0x00006694        0x8 Periphery/CLaserBoard.o
                0x00006694                _ZN11CLaserBoard6PWMOffEv
 .text._ZN11CLaserBoard5REDOnEv
                0x0000669c        0x8 Periphery/CLaserBoard.o
                0x0000669c                _ZN11CLaserBoard5REDOnEv
 .text._ZN11CLaserBoard5GRNOnEv
                0x000066a4        0x8 Periphery/CLaserBoard.o
                0x000066a4                _ZN11CLaserBoard5GRNOnEv
 .text._ZN11CLaserBoard5BLUOnEv
                0x000066ac        0x8 Periphery/CLaserBoard.o
                0x000066ac                _ZN11CLaserBoard5BLUOnEv
 .text._ZN11CLaserBoard8Relay1OnEv
                0x000066b4        0x8 Periphery/CLaserBoard.o
                0x000066b4                _ZN11CLaserBoard8Relay1OnEv
 .text._ZN11CLaserBoard8Relay2OnEv
                0x000066bc        0x8 Periphery/CLaserBoard.o
                0x000066bc                _ZN11CLaserBoard8Relay2OnEv
 .text._ZN11CLaserBoard9Relay2OffEv
                0x000066c4        0x8 Periphery/CLaserBoard.o
                0x000066c4                _ZN11CLaserBoard9Relay2OffEv
 .text._ZN11CLaserBoard12LaserPowerOnEv
                0x000066cc        0x8 Periphery/CLaserBoard.o
                0x000066cc                _ZN11CLaserBoard12LaserPowerOnEv
 .text._ZN11CLaserBoard13LaserPowerOffEv
                0x000066d4        0x8 Periphery/CLaserBoard.o
                0x000066d4                _ZN11CLaserBoard13LaserPowerOffEv
 .text._ZN11CLaserBoard4BeepEv
                0x000066dc       0x30 Periphery/CLaserBoard.o
                0x000066dc                _ZN11CLaserBoard4BeepEv
 .text._ZN11CLaserBoard14BeepClassErrorEv
                0x0000670c       0x54 Periphery/CLaserBoard.o
                0x0000670c                _ZN11CLaserBoard14BeepClassErrorEv
 .text._ZN11CLaserBoard9PortCheckEv
                0x00006760        0xa Periphery/CLaserBoard.o
                0x00006760                _ZN11CLaserBoard9PortCheckEv
 .text._ZN11CLaserBoard10FootswitchEv
                0x0000676a        0x8 Periphery/CLaserBoard.o
                0x0000676a                _ZN11CLaserBoard10FootswitchEv
 .text._ZN12CSoundPlayerC2Ev
                0x00006772        0x2 Periphery/CSoundPlayer.o
                0x00006772                _ZN12CSoundPlayerC2Ev
                0x00006772                _ZN12CSoundPlayerC1Ev
 .text._ZN12CSoundPlayerD2Ev
                0x00006774        0x2 Periphery/CSoundPlayer.o
                0x00006774                _ZN12CSoundPlayerD1Ev
                0x00006774                _ZN12CSoundPlayerD2Ev
 .text._ZN12CSoundPlayer19InitializeToneTimerEv
                0x00006776       0x22 Periphery/CSoundPlayer.o
                0x00006776                _ZN12CSoundPlayer19InitializeToneTimerEv
 .text._ZN12CSoundPlayer23InitializeDurationTimerEv
                0x00006798       0x18 Periphery/CSoundPlayer.o
                0x00006798                _ZN12CSoundPlayer23InitializeDurationTimerEv
 .text._ZN12CSoundPlayer10SoundStartEjjh
                0x000067b0       0x68 Periphery/CSoundPlayer.o
                0x000067b0                _ZN12CSoundPlayer10SoundStartEjjh
 .text._ZN12CSoundPlayer9SoundStopEv
                0x00006818       0x3c Periphery/CSoundPlayer.o
                0x00006818                _ZN12CSoundPlayer9SoundStopEv
 .text._ZN12CSoundPlayer10InitializeEv
                0x00006854       0x16 Periphery/CSoundPlayer.o
                0x00006854                _ZN12CSoundPlayer10InitializeEv
 .text._ZN7CTimerC10InitializeE27TIMER_WAVEFORMGEN_MODE_ENUM22TIMER_CLOCKSELECT_ENUM
                0x0000686a       0x36 Periphery/CTimerC.o
                0x0000686a                _ZN7CTimerC10InitializeE27TIMER_WAVEFORMGEN_MODE_ENUM22TIMER_CLOCKSELECT_ENUM
 .text._ZN7CTimerC5StartEj
                0x000068a0       0x1a Periphery/CTimerC.o
                0x000068a0                _ZN7CTimerC5StartEj
 .text._ZN7CTimerC4StopEv
                0x000068ba       0x10 Periphery/CTimerC.o
                0x000068ba                _ZN7CTimerC4StopEv
 .text._ZN7CTimerC13EnableChannelE19TIMER_CHANNELS_ENUM
                0x000068ca        0xe Periphery/CTimerC.o
                0x000068ca                _ZN7CTimerC13EnableChannelE19TIMER_CHANNELS_ENUM
 .text._ZN7CTimerC14DisableChannelE19TIMER_CHANNELS_ENUM
                0x000068d8        0xe Periphery/CTimerC.o
                0x000068d8                _ZN7CTimerC14DisableChannelE19TIMER_CHANNELS_ENUM
 .text._ZN7CTimerC9SetPeriodEj
                0x000068e6        0xa Periphery/CTimerC.o
                0x000068e6                _ZN7CTimerC9SetPeriodEj
 .text._ZN7CTimerC8SetCOMPAEj
                0x000068f0        0xa Periphery/CTimerC.o
                0x000068f0                _ZN7CTimerC8SetCOMPAEj
 .text._ZN7CTimerC8SetCOMPBEj
                0x000068fa        0xa Periphery/CTimerC.o
                0x000068fa                _ZN7CTimerC8SetCOMPBEj
 .text._ZN7CTimerC8SetCOMPCEj
                0x00006904        0xa Periphery/CTimerC.o
                0x00006904                _ZN7CTimerC8SetCOMPCEj
 .text._ZN7CTimerC8SetCOMPDEj
                0x0000690e        0xa Periphery/CTimerC.o
                0x0000690e                _ZN7CTimerC8SetCOMPDEj
 .text._ZN7CTimerC14SetOVFCallbackEPFvPvES0_17TC_OVFINTLVL_enum
                0x00006918       0x22 Periphery/CTimerC.o
                0x00006918                _ZN7CTimerC14SetOVFCallbackEPFvPvES0_17TC_OVFINTLVL_enum
 .text._ZN7CTimerC14SetERRCallbackEPFvPvES0_17TC_ERRINTLVL_enum
                0x0000693a       0x22 Periphery/CTimerC.o
                0x0000693a                _ZN7CTimerC14SetERRCallbackEPFvPvES0_17TC_ERRINTLVL_enum
 .text._ZN7CTimerC16SetCOMPACallbackEPFvPvES0_17TC_CCAINTLVL_enum
                0x0000695c       0x22 Periphery/CTimerC.o
                0x0000695c                _ZN7CTimerC16SetCOMPACallbackEPFvPvES0_17TC_CCAINTLVL_enum
 .text._ZN7CTimerC16SetCOMPBCallbackEPFvPvES0_17TC_CCBINTLVL_enum
                0x0000697e       0x22 Periphery/CTimerC.o
                0x0000697e                _ZN7CTimerC16SetCOMPBCallbackEPFvPvES0_17TC_CCBINTLVL_enum
 .text._ZN7CTimerC16SetCOMPCCallbackEPFvPvES0_17TC_CCCINTLVL_enum
                0x000069a0       0x22 Periphery/CTimerC.o
                0x000069a0                _ZN7CTimerC16SetCOMPCCallbackEPFvPvES0_17TC_CCCINTLVL_enum
 .text._ZN7CTimerC16SetCOMPDCallbackEPFvPvES0_17TC_CCDINTLVL_enum
                0x000069c2       0x22 Periphery/CTimerC.o
                0x000069c2                _ZN7CTimerC16SetCOMPDCallbackEPFvPvES0_17TC_CCDINTLVL_enum
 .text._ZN7CTimerCC2Ev
                0x000069e4       0x18 Periphery/CTimerC.o
                0x000069e4                _ZN7CTimerCC1Ev
                0x000069e4                _ZN7CTimerCC2Ev
 .text._ZN7CTimerCD2Ev
                0x000069fc       0x10 Periphery/CTimerC.o
                0x000069fc                _ZN7CTimerCD1Ev
                0x000069fc                _ZN7CTimerCD2Ev
 .text._ZN8CTimerC110InitializeE27TIMER_WAVEFORMGEN_MODE_ENUM22TIMER_CLOCKSELECT_ENUM
                0x00006a0c       0x2e Periphery/CTimerC1.o
                0x00006a0c                _ZN8CTimerC110InitializeE27TIMER_WAVEFORMGEN_MODE_ENUM22TIMER_CLOCKSELECT_ENUM
 .text._ZN8CTimerC15StartEj
                0x00006a3a       0x1a Periphery/CTimerC1.o
                0x00006a3a                _ZN8CTimerC15StartEj
 .text._ZN8CTimerC14StopEv
                0x00006a54       0x10 Periphery/CTimerC1.o
                0x00006a54                _ZN8CTimerC14StopEv
 .text._ZN8CTimerC15ResetEv
                0x00006a64       0x14 Periphery/CTimerC1.o
                0x00006a64                _ZN8CTimerC15ResetEv
 .text._ZN8CTimerC113EnableChannelE19TIMER_CHANNELS_ENUM
                0x00006a78        0xe Periphery/CTimerC1.o
                0x00006a78                _ZN8CTimerC113EnableChannelE19TIMER_CHANNELS_ENUM
 .text._ZN8CTimerC114DisableChannelE19TIMER_CHANNELS_ENUM
                0x00006a86        0xe Periphery/CTimerC1.o
                0x00006a86                _ZN8CTimerC114DisableChannelE19TIMER_CHANNELS_ENUM
 .text._ZN8CTimerC19SetPeriodEj
                0x00006a94        0xa Periphery/CTimerC1.o
                0x00006a94                _ZN8CTimerC19SetPeriodEj
 .text._ZN8CTimerC18SetCOMPAEj
                0x00006a9e        0xa Periphery/CTimerC1.o
                0x00006a9e                _ZN8CTimerC18SetCOMPAEj
 .text._ZN8CTimerC18SetCOMPBEj
                0x00006aa8        0xa Periphery/CTimerC1.o
                0x00006aa8                _ZN8CTimerC18SetCOMPBEj
 .text._ZN8CTimerC114SetOVFCallbackEPFvPvES0_17TC_OVFINTLVL_enum
                0x00006ab2       0x24 Periphery/CTimerC1.o
                0x00006ab2                _ZN8CTimerC114SetOVFCallbackEPFvPvES0_17TC_OVFINTLVL_enum
 .text._ZN8CTimerC114SetERRCallbackEPFvPvES0_17TC_ERRINTLVL_enum
                0x00006ad6       0x24 Periphery/CTimerC1.o
                0x00006ad6                _ZN8CTimerC114SetERRCallbackEPFvPvES0_17TC_ERRINTLVL_enum
 .text._ZN8CTimerC116SetCOMPACallbackEPFvPvES0_17TC_CCAINTLVL_enum
                0x00006afa       0x24 Periphery/CTimerC1.o
                0x00006afa                _ZN8CTimerC116SetCOMPACallbackEPFvPvES0_17TC_CCAINTLVL_enum
 .text._ZN8CTimerC116SetCOMPBCallbackEPFvPvES0_17TC_CCBINTLVL_enum
                0x00006b1e       0x24 Periphery/CTimerC1.o
                0x00006b1e                _ZN8CTimerC116SetCOMPBCallbackEPFvPvES0_17TC_CCBINTLVL_enum
 .text._ZN8CTimerC1C2Ev
                0x00006b42       0x18 Periphery/CTimerC1.o
                0x00006b42                _ZN8CTimerC1C2Ev
                0x00006b42                _ZN8CTimerC1C1Ev
 .text._ZN8CTimerC1D2Ev
                0x00006b5a       0x10 Periphery/CTimerC1.o
                0x00006b5a                _ZN8CTimerC1D2Ev
                0x00006b5a                _ZN8CTimerC1D1Ev
 .text._ZN7CTimerD10InitializeE27TIMER_WAVEFORMGEN_MODE_ENUM22TIMER_CLOCKSELECT_ENUM
                0x00006b6a       0x36 Periphery/CTimerD.o
                0x00006b6a                _ZN7CTimerD10InitializeE27TIMER_WAVEFORMGEN_MODE_ENUM22TIMER_CLOCKSELECT_ENUM
 .text._ZN7CTimerD5StartEj
                0x00006ba0       0x1a Periphery/CTimerD.o
                0x00006ba0                _ZN7CTimerD5StartEj
 .text._ZN7CTimerD4StopEv
                0x00006bba       0x10 Periphery/CTimerD.o
                0x00006bba                _ZN7CTimerD4StopEv
 .text._ZN7CTimerD13EnableChannelE19TIMER_CHANNELS_ENUM
                0x00006bca        0xe Periphery/CTimerD.o
                0x00006bca                _ZN7CTimerD13EnableChannelE19TIMER_CHANNELS_ENUM
 .text._ZN7CTimerD14DisableChannelE19TIMER_CHANNELS_ENUM
                0x00006bd8        0xe Periphery/CTimerD.o
                0x00006bd8                _ZN7CTimerD14DisableChannelE19TIMER_CHANNELS_ENUM
 .text._ZN7CTimerD9SetPeriodEj
                0x00006be6        0xa Periphery/CTimerD.o
                0x00006be6                _ZN7CTimerD9SetPeriodEj
 .text._ZN7CTimerD8SetCOMPAEj
                0x00006bf0        0xa Periphery/CTimerD.o
                0x00006bf0                _ZN7CTimerD8SetCOMPAEj
 .text._ZN7CTimerD8SetCOMPBEj
                0x00006bfa        0xa Periphery/CTimerD.o
                0x00006bfa                _ZN7CTimerD8SetCOMPBEj
 .text._ZN7CTimerD8SetCOMPCEj
                0x00006c04        0xa Periphery/CTimerD.o
                0x00006c04                _ZN7CTimerD8SetCOMPCEj
 .text._ZN7CTimerD8SetCOMPDEj
                0x00006c0e        0xa Periphery/CTimerD.o
                0x00006c0e                _ZN7CTimerD8SetCOMPDEj
 .text._ZN7CTimerD14SetOVFCallbackEPFvPvES0_17TC_OVFINTLVL_enum
                0x00006c18       0x22 Periphery/CTimerD.o
                0x00006c18                _ZN7CTimerD14SetOVFCallbackEPFvPvES0_17TC_OVFINTLVL_enum
 .text._ZN7CTimerD14SetERRCallbackEPFvPvES0_17TC_ERRINTLVL_enum
                0x00006c3a       0x22 Periphery/CTimerD.o
                0x00006c3a                _ZN7CTimerD14SetERRCallbackEPFvPvES0_17TC_ERRINTLVL_enum
 .text._ZN7CTimerD16SetCOMPACallbackEPFvPvES0_17TC_CCAINTLVL_enum
                0x00006c5c       0x22 Periphery/CTimerD.o
                0x00006c5c                _ZN7CTimerD16SetCOMPACallbackEPFvPvES0_17TC_CCAINTLVL_enum
 .text._ZN7CTimerD16SetCOMPBCallbackEPFvPvES0_17TC_CCBINTLVL_enum
                0x00006c7e       0x22 Periphery/CTimerD.o
                0x00006c7e                _ZN7CTimerD16SetCOMPBCallbackEPFvPvES0_17TC_CCBINTLVL_enum
 .text._ZN7CTimerD16SetCOMPCCallbackEPFvPvES0_17TC_CCCINTLVL_enum
                0x00006ca0       0x22 Periphery/CTimerD.o
                0x00006ca0                _ZN7CTimerD16SetCOMPCCallbackEPFvPvES0_17TC_CCCINTLVL_enum
 .text._ZN7CTimerD16SetCOMPDCallbackEPFvPvES0_17TC_CCDINTLVL_enum
                0x00006cc2       0x22 Periphery/CTimerD.o
                0x00006cc2                _ZN7CTimerD16SetCOMPDCallbackEPFvPvES0_17TC_CCDINTLVL_enum
 .text._ZN7CTimerDC2Ev
                0x00006ce4       0x18 Periphery/CTimerD.o
                0x00006ce4                _ZN7CTimerDC1Ev
                0x00006ce4                _ZN7CTimerDC2Ev
 .text._ZN7CTimerDD2Ev
                0x00006cfc       0x10 Periphery/CTimerD.o
                0x00006cfc                _ZN7CTimerDD2Ev
                0x00006cfc                _ZN7CTimerDD1Ev
 .text._ZN8CTimerD110InitializeE27TIMER_WAVEFORMGEN_MODE_ENUM22TIMER_CLOCKSELECT_ENUM
                0x00006d0c       0x2e Periphery/CTimerD1.o
                0x00006d0c                _ZN8CTimerD110InitializeE27TIMER_WAVEFORMGEN_MODE_ENUM22TIMER_CLOCKSELECT_ENUM
 .text._ZN8CTimerD15StartEj
                0x00006d3a       0x1a Periphery/CTimerD1.o
                0x00006d3a                _ZN8CTimerD15StartEj
 .text._ZN8CTimerD14StopEv
                0x00006d54       0x10 Periphery/CTimerD1.o
                0x00006d54                _ZN8CTimerD14StopEv
 .text._ZN8CTimerD15ResetEv
                0x00006d64       0x14 Periphery/CTimerD1.o
                0x00006d64                _ZN8CTimerD15ResetEv
 .text._ZN8CTimerD113EnableChannelE19TIMER_CHANNELS_ENUM
                0x00006d78        0xe Periphery/CTimerD1.o
                0x00006d78                _ZN8CTimerD113EnableChannelE19TIMER_CHANNELS_ENUM
 .text._ZN8CTimerD114DisableChannelE19TIMER_CHANNELS_ENUM
                0x00006d86        0xe Periphery/CTimerD1.o
                0x00006d86                _ZN8CTimerD114DisableChannelE19TIMER_CHANNELS_ENUM
 .text._ZN8CTimerD19SetPeriodEj
                0x00006d94        0xa Periphery/CTimerD1.o
                0x00006d94                _ZN8CTimerD19SetPeriodEj
 .text._ZN8CTimerD18SetCOMPAEj
                0x00006d9e        0xa Periphery/CTimerD1.o
                0x00006d9e                _ZN8CTimerD18SetCOMPAEj
 .text._ZN8CTimerD18SetCOMPBEj
                0x00006da8        0xa Periphery/CTimerD1.o
                0x00006da8                _ZN8CTimerD18SetCOMPBEj
 .text._ZN8CTimerD114SetOVFCallbackEPFvPvES0_17TC_OVFINTLVL_enum
                0x00006db2       0x22 Periphery/CTimerD1.o
                0x00006db2                _ZN8CTimerD114SetOVFCallbackEPFvPvES0_17TC_OVFINTLVL_enum
 .text._ZN8CTimerD114SetERRCallbackEPFvPvES0_17TC_ERRINTLVL_enum
                0x00006dd4       0x22 Periphery/CTimerD1.o
                0x00006dd4                _ZN8CTimerD114SetERRCallbackEPFvPvES0_17TC_ERRINTLVL_enum
 .text._ZN8CTimerD116SetCOMPACallbackEPFvPvES0_17TC_CCAINTLVL_enum
                0x00006df6       0x22 Periphery/CTimerD1.o
                0x00006df6                _ZN8CTimerD116SetCOMPACallbackEPFvPvES0_17TC_CCAINTLVL_enum
 .text._ZN8CTimerD116SetCOMPBCallbackEPFvPvES0_17TC_CCBINTLVL_enum
                0x00006e18       0x22 Periphery/CTimerD1.o
                0x00006e18                _ZN8CTimerD116SetCOMPBCallbackEPFvPvES0_17TC_CCBINTLVL_enum
 .text._ZN8CTimerD1C2Ev
                0x00006e3a       0x18 Periphery/CTimerD1.o
                0x00006e3a                _ZN8CTimerD1C2Ev
                0x00006e3a                _ZN8CTimerD1C1Ev
 .text._ZN8CTimerD1D2Ev
                0x00006e52       0x10 Periphery/CTimerD1.o
                0x00006e52                _ZN8CTimerD1D2Ev
                0x00006e52                _ZN8CTimerD1D1Ev
 .text._ZN7CTimerF10InitializeE27TIMER_WAVEFORMGEN_MODE_ENUM22TIMER_CLOCKSELECT_ENUM
                0x00006e62       0x36 Periphery/CTimerF.o
                0x00006e62                _ZN7CTimerF10InitializeE27TIMER_WAVEFORMGEN_MODE_ENUM22TIMER_CLOCKSELECT_ENUM
 .text._ZN7CTimerF5StartEj
                0x00006e98       0x1a Periphery/CTimerF.o
                0x00006e98                _ZN7CTimerF5StartEj
 .text._ZN7CTimerF4StopEv
                0x00006eb2       0x10 Periphery/CTimerF.o
                0x00006eb2                _ZN7CTimerF4StopEv
 .text._ZN7CTimerF13EnableChannelE19TIMER_CHANNELS_ENUM
                0x00006ec2        0xc Periphery/CTimerF.o
                0x00006ec2                _ZN7CTimerF13EnableChannelE19TIMER_CHANNELS_ENUM
 .text._ZN7CTimerF14DisableChannelE19TIMER_CHANNELS_ENUM
                0x00006ece        0xe Periphery/CTimerF.o
                0x00006ece                _ZN7CTimerF14DisableChannelE19TIMER_CHANNELS_ENUM
 .text._ZN7CTimerF10ChannelSetE19TIMER_CHANNELS_ENUM
                0x00006edc       0x10 Periphery/CTimerF.o
                0x00006edc                _ZN7CTimerF10ChannelSetE19TIMER_CHANNELS_ENUM
 .text._ZN7CTimerF12ChannelResetE19TIMER_CHANNELS_ENUM
                0x00006eec       0x12 Periphery/CTimerF.o
                0x00006eec                _ZN7CTimerF12ChannelResetE19TIMER_CHANNELS_ENUM
 .text._ZN7CTimerF9SetPeriodEj
                0x00006efe        0xa Periphery/CTimerF.o
                0x00006efe                _ZN7CTimerF9SetPeriodEj
 .text._ZN7CTimerF8SetCOMPAEj
                0x00006f08        0xa Periphery/CTimerF.o
                0x00006f08                _ZN7CTimerF8SetCOMPAEj
 .text._ZN7CTimerF8SetCOMPBEj
                0x00006f12        0xa Periphery/CTimerF.o
                0x00006f12                _ZN7CTimerF8SetCOMPBEj
 .text._ZN7CTimerF8SetCOMPCEj
                0x00006f1c        0xa Periphery/CTimerF.o
                0x00006f1c                _ZN7CTimerF8SetCOMPCEj
 .text._ZN7CTimerF8SetCOMPDEj
                0x00006f26        0xa Periphery/CTimerF.o
                0x00006f26                _ZN7CTimerF8SetCOMPDEj
 .text._ZN7CTimerF14SetOVFCallbackEPFvPvES0_17TC_OVFINTLVL_enum
                0x00006f30       0x22 Periphery/CTimerF.o
                0x00006f30                _ZN7CTimerF14SetOVFCallbackEPFvPvES0_17TC_OVFINTLVL_enum
 .text._ZN7CTimerF14SetERRCallbackEPFvPvES0_17TC_ERRINTLVL_enum
                0x00006f52       0x22 Periphery/CTimerF.o
                0x00006f52                _ZN7CTimerF14SetERRCallbackEPFvPvES0_17TC_ERRINTLVL_enum
 .text._ZN7CTimerF16SetCOMPACallbackEPFvPvES0_17TC_CCAINTLVL_enum
                0x00006f74       0x22 Periphery/CTimerF.o
                0x00006f74                _ZN7CTimerF16SetCOMPACallbackEPFvPvES0_17TC_CCAINTLVL_enum
 .text._ZN7CTimerF16SetCOMPBCallbackEPFvPvES0_17TC_CCBINTLVL_enum
                0x00006f96       0x22 Periphery/CTimerF.o
                0x00006f96                _ZN7CTimerF16SetCOMPBCallbackEPFvPvES0_17TC_CCBINTLVL_enum
 .text._ZN7CTimerF16SetCOMPCCallbackEPFvPvES0_17TC_CCCINTLVL_enum
                0x00006fb8       0x22 Periphery/CTimerF.o
                0x00006fb8                _ZN7CTimerF16SetCOMPCCallbackEPFvPvES0_17TC_CCCINTLVL_enum
 .text._ZN7CTimerF16SetCOMPDCallbackEPFvPvES0_17TC_CCDINTLVL_enum
                0x00006fda       0x22 Periphery/CTimerF.o
                0x00006fda                _ZN7CTimerF16SetCOMPDCallbackEPFvPvES0_17TC_CCDINTLVL_enum
 .text._ZN7CTimerFC2Ev
                0x00006ffc       0x18 Periphery/CTimerF.o
                0x00006ffc                _ZN7CTimerFC2Ev
                0x00006ffc                _ZN7CTimerFC1Ev
 .text._ZN7CTimerFD2Ev
                0x00007014       0x10 Periphery/CTimerF.o
                0x00007014                _ZN7CTimerFD2Ev
                0x00007014                _ZN7CTimerFD1Ev
 .text.avr-libc.fplib
                0x00007024        0xe c:/program files (x86)/atmel/studio/7.0/toolchain/avr8/avr8-gnu-toolchain/bin/../lib/gcc/avr/4.9.2/../../../../avr/lib/avrxmega6\libm.a(fixsfsi.o)
                0x00007024                __fixsfsi
 .text.avr-libc.fplib
                0x00007032       0x5e c:/program files (x86)/atmel/studio/7.0/toolchain/avr8/avr8-gnu-toolchain/bin/../lib/gcc/avr/4.9.2/../../../../avr/lib/avrxmega6\libm.a(fixunssfsi.o)
                0x00007032                __fixunssfsi
 .text.avr-libc.fplib
                0x00007090       0x7a c:/program files (x86)/atmel/studio/7.0/toolchain/avr8/avr8-gnu-toolchain/bin/../lib/gcc/avr/4.9.2/../../../../avr/lib/avrxmega6\libm.a(floatsisf.o)
                0x00007090                __floatunsisf
                0x00007094                __floatsisf
 .text.avr-libc.fplib
                0x0000710a       0x44 c:/program files (x86)/atmel/studio/7.0/toolchain/avr8/avr8-gnu-toolchain/bin/../lib/gcc/avr/4.9.2/../../../../avr/lib/avrxmega6\libm.a(fp_split3.o)
                0x0000710a                __fp_split3
                0x0000711a                __fp_splitA
 .text.avr-libc.fplib
                0x0000714e        0xe c:/program files (x86)/atmel/studio/7.0/toolchain/avr8/avr8-gnu-toolchain/bin/../lib/gcc/avr/4.9.2/../../../../avr/lib/avrxmega6\libm.a(fp_zero.o)
                0x0000714e                __fp_zero
                0x00007150                __fp_szero
 .text.avr-libc.fplib
                0x0000715c        0x8 c:/program files (x86)/atmel/studio/7.0/toolchain/avr8/avr8-gnu-toolchain/bin/../lib/gcc/avr/4.9.2/../../../../avr/lib/avrxmega6\libm.a(mulsf3.o)
                0x0000715c                __mulsf3
 .text.avr-libc.fplib
                0x00007164       0xd2 c:/program files (x86)/atmel/studio/7.0/toolchain/avr8/avr8-gnu-toolchain/bin/../lib/gcc/avr/4.9.2/../../../../avr/lib/avrxmega6\libm.a(mulsf3x.o)
                0x00007182                __mulsf3x
                0x00007188                __mulsf3_pse
 .text.avr-libc.fplib
                0x00007236        0xc c:/program files (x86)/atmel/studio/7.0/toolchain/avr8/avr8-gnu-toolchain/bin/../lib/gcc/avr/4.9.2/../../../../avr/lib/avrxmega6\libm.a(fp_inf.o)
                0x00007236                __fp_inf
 .text.avr-libc.fplib
                0x00007242        0x6 c:/program files (x86)/atmel/studio/7.0/toolchain/avr8/avr8-gnu-toolchain/bin/../lib/gcc/avr/4.9.2/../../../../avr/lib/avrxmega6\libm.a(fp_nan.o)
                0x00007242                __fp_nan
 .text.avr-libc.fplib
                0x00007248        0xe c:/program files (x86)/atmel/studio/7.0/toolchain/avr8/avr8-gnu-toolchain/bin/../lib/gcc/avr/4.9.2/../../../../avr/lib/avrxmega6\libm.a(fp_pscA.o)
                0x00007248                __fp_pscA
 .text.avr-libc.fplib
                0x00007256        0xe c:/program files (x86)/atmel/studio/7.0/toolchain/avr8/avr8-gnu-toolchain/bin/../lib/gcc/avr/4.9.2/../../../../avr/lib/avrxmega6\libm.a(fp_pscB.o)
                0x00007256                __fp_pscB
 .text.avr-libc.fplib
                0x00007264       0x22 c:/program files (x86)/atmel/studio/7.0/toolchain/avr8/avr8-gnu-toolchain/bin/../lib/gcc/avr/4.9.2/../../../../avr/lib/avrxmega6\libm.a(fp_round.o)
                0x00007264                __fp_round
 .text.libgcc.div
                0x00007286       0x28 c:/program files (x86)/atmel/studio/7.0/toolchain/avr8/avr8-gnu-toolchain/bin/../lib/gcc/avr/4.9.2/avrxmega6\libgcc.a(_udivmodhi4.o)
                0x00007286                __udivmodhi4
 .text.libgcc.div
                0x000072ae       0x28 c:/program files (x86)/atmel/studio/7.0/toolchain/avr8/avr8-gnu-toolchain/bin/../lib/gcc/avr/4.9.2/avrxmega6\libgcc.a(_divmodhi4.o)
                0x000072ae                _div
                0x000072ae                __divmodhi4
 .text.libgcc.div
                0x000072d6       0x44 c:/program files (x86)/atmel/studio/7.0/toolchain/avr8/avr8-gnu-toolchain/bin/../lib/gcc/avr/4.9.2/avrxmega6\libgcc.a(_udivmodsi4.o)
                0x000072d6                __udivmodsi4
 .text.libgcc.div
                0x0000731a       0x2e c:/program files (x86)/atmel/studio/7.0/toolchain/avr8/avr8-gnu-toolchain/bin/../lib/gcc/avr/4.9.2/avrxmega6\libgcc.a(_divmodsi4.o)
                0x0000731a                __divmodsi4
 .text.libgcc.div
                0x00007348       0x10 c:/program files (x86)/atmel/studio/7.0/toolchain/avr8/avr8-gnu-toolchain/bin/../lib/gcc/avr/4.9.2/avrxmega6\libgcc.a(_negsi2.o)
                0x00007348                __negsi2
 .text.libgcc   0x00007358       0x10 c:/program files (x86)/atmel/studio/7.0/toolchain/avr8/avr8-gnu-toolchain/bin/../lib/gcc/avr/4.9.2/avrxmega6\libgcc.a(_tablejump2.o)
                0x00007358                __tablejump2__
 .text.libgcc.mul
                0x00007368       0x1e c:/program files (x86)/atmel/studio/7.0/toolchain/avr8/avr8-gnu-toolchain/bin/../lib/gcc/avr/4.9.2/avrxmega6\libgcc.a(_umulhisi3.o)
                0x00007368                __umulhisi3
 .text.libgcc.mul
                0x00007386       0x16 c:/program files (x86)/atmel/studio/7.0/toolchain/avr8/avr8-gnu-toolchain/bin/../lib/gcc/avr/4.9.2/avrxmega6\libgcc.a(_muluhisi3.o)
                0x00007386                __muluhisi3
 .text.avr-libc
                0x0000739c      0x25a c:/program files (x86)/atmel/studio/7.0/toolchain/avr8/avr8-gnu-toolchain/bin/../lib/gcc/avr/4.9.2/../../../../avr/lib/avrxmega6\libc.a(malloc.o)
                0x0000739c                malloc
                0x000074c6                free
 .text.avr-libc
                0x000075f6       0x12 c:/program files (x86)/atmel/studio/7.0/toolchain/avr8/avr8-gnu-toolchain/bin/../lib/gcc/avr/4.9.2/../../../../avr/lib/avrxmega6\libc.a(memcpy.o)
                0x000075f6                memcpy
 .text.avr-libc
                0x00007608        0xe c:/program files (x86)/atmel/studio/7.0/toolchain/avr8/avr8-gnu-toolchain/bin/../lib/gcc/avr/4.9.2/../../../../avr/lib/avrxmega6\libatxmega128a3u.a(eerd_dword.o)
                0x00007608                eeprom_read_float
                0x00007608                eeprom_read_dword
 .text.avr-libc
                0x00007616       0x10 c:/program files (x86)/atmel/studio/7.0/toolchain/avr8/avr8-gnu-toolchain/bin/../lib/gcc/avr/4.9.2/../../../../avr/lib/avrxmega6\libatxmega128a3u.a(eewr_dword.o)
                0x00007616                eeprom_write_dword
                0x00007616                eeprom_write_float
 .text.avr-libc
                0x00007626        0xa c:/program files (x86)/atmel/studio/7.0/toolchain/avr8/avr8-gnu-toolchain/bin/../lib/gcc/avr/4.9.2/../../../../avr/lib/avrxmega6\libatxmega128a3u.a(eewr_word.o)
                0x00007626                eeprom_write_word
 .text.avr-libc
                0x00007630       0x20 c:/program files (x86)/atmel/studio/7.0/toolchain/avr8/avr8-gnu-toolchain/bin/../lib/gcc/avr/4.9.2/../../../../avr/lib/avrxmega6\libatxmega128a3u.a(eerd_byte.o)
                0x00007630                eeprom_read_byte
                0x00007638                eeprom_mapen
 .text.avr-libc
                0x00007650       0x46 c:/program files (x86)/atmel/studio/7.0/toolchain/avr8/avr8-gnu-toolchain/bin/../lib/gcc/avr/4.9.2/../../../../avr/lib/avrxmega6\libatxmega128a3u.a(eewr_byte.o)
                0x00007650                eeprom_write_byte
                0x00007652                eeprom_write_r18
                0x00007696                . = ALIGN (0x2)
 *(.fini9)
 .fini9         0x00007696        0x0 c:/program files (x86)/atmel/studio/7.0/toolchain/avr8/avr8-gnu-toolchain/bin/../lib/gcc/avr/4.9.2/avrxmega6\libgcc.a(_exit.o)
                0x00007696                _exit
                0x00007696                exit
 *(.fini9)
 *(.fini8)
 *(.fini8)
 *(.fini7)
 *(.fini7)
 *(.fini6)
 .fini6         0x00007696       0x20 c:/program files (x86)/atmel/studio/7.0/toolchain/avr8/avr8-gnu-toolchain/bin/../lib/gcc/avr/4.9.2/avrxmega6\libgcc.a(_dtors.o)
                0x00007696                __do_global_dtors
 *(.fini6)
 *(.fini5)
 *(.fini5)
 *(.fini4)
 *(.fini4)
 *(.fini3)
 *(.fini3)
 *(.fini2)
 *(.fini2)
 *(.fini1)
 *(.fini1)
 *(.fini0)
 .fini0         0x000076b6        0x4 c:/program files (x86)/atmel/studio/7.0/toolchain/avr8/avr8-gnu-toolchain/bin/../lib/gcc/avr/4.9.2/avrxmega6\libgcc.a(_exit.o)
 *(.fini0)
                0x000076ba                _etext = .

.data           0x00802000      0x3a0 load address 0x000076ba
                0x00802000                PROVIDE (__data_start, .)
 *(.data)
 .data          0x00802000        0x6 c:/program files (x86)/atmel/studio/7.0/toolchain/avr8/avr8-gnu-toolchain/bin/../lib/gcc/avr/4.9.2/../../../../avr/lib/avrxmega6\libc.a(malloc.o)
                0x00802000                __malloc_heap_end
                0x00802002                __malloc_heap_start
                0x00802004                __malloc_margin
 *(.data*)
 .data._ZZN16CLaserControlApp7OnTimerEvE7millsec
                0x00802006        0x2 CLaserControlApp.o
 .data.step_table
                0x00802008       0x14 CLaserControlApp.o
                0x00802008                step_table
 .data.EnergyTable
                0x0080201c       0xdc CLaserControlApp.o
                0x0080201c                EnergyTable
 .data.PowerTable
                0x008020f8       0xdc CLaserControlApp.o
                0x008020f8                PowerTable
 .data.TableNum
                0x008021d4       0x16 CLaserControlApp.o
                0x008021d4                TableNum
 .data.MaxDurationTable
                0x008021ea       0x16 CLaserControlApp.o
                0x008021ea                MaxDurationTable
 .data.MinDurationTable
                0x00802200       0x16 CLaserControlApp.o
                0x00802200                MinDurationTable
 .data.bscale_table
                0x00802216       0x20 Periphery/CDGUSUSART.o
                0x00802216                bscale_table
 .data.bsel_table
                0x00802236       0x20 Periphery/CDGUSUSART.o
                0x00802236                bsel_table
 *(.rodata)
 *(.rodata*)
 .rodata._ZTV16CLaserControlApp
                0x00802256       0x16 CLaserControlApp.o
                0x00802256                _ZTV16CLaserControlApp
 .rodata._ZTV6CTimer
                0x0080226c       0x24 LaserLib/CTimer.o
                0x0080226c                _ZTV6CTimer
 .rodata._ZTV7CTimer1
                0x00802290       0x1e LaserLib/CTimer1.o
                0x00802290                _ZTV7CTimer1
 .rodata._ZTV6CUSART
                0x008022ae       0x18 LaserLib/CUSART.o
                0x008022ae                _ZTV6CUSART
 .rodata._ZTV9CMBSender
                0x008022c6       0x16 MODBUS/CMBSender.o
                0x008022c6                _ZTV9CMBSender
 .rodata._ZTV10CDGUSUSART
                0x008022dc       0x18 Periphery/CDGUSUSART.o
                0x008022dc                _ZTV10CDGUSUSART
 .rodata._ZTV7CTimerC
                0x008022f4       0x24 Periphery/CTimerC.o
                0x008022f4                _ZTV7CTimerC
 .rodata._ZTV8CTimerC1
                0x00802318       0x1e Periphery/CTimerC1.o
                0x00802318                _ZTV8CTimerC1
 .rodata._ZTV7CTimerD
                0x00802336       0x24 Periphery/CTimerD.o
                0x00802336                _ZTV7CTimerD
 .rodata._ZTV8CTimerD1
                0x0080235a       0x1e Periphery/CTimerD1.o
                0x0080235a                _ZTV8CTimerD1
 .rodata._ZTV7CTimerF
                0x00802378       0x28 Periphery/CTimerF.o
                0x00802378                _ZTV7CTimerF
 *(.gnu.linkonce.d*)
                0x008023a0                . = ALIGN (0x2)
                0x008023a0                _edata = .
                0x008023a0                PROVIDE (__data_end, .)

.bss            0x008023a0      0x35d
                0x008023a0                PROVIDE (__bss_start, .)
 *(.bss)
 *(.bss*)
 .bss._ZZN16CLaserControlApp6OnINT0EvE9isstarted
                0x008023a0        0x1 CLaserControlApp.o
 .bss.DatabaseStatusRegister
                0x008023a1        0x1 CLaserControlApp.o
                0x008023a1                DatabaseStatusRegister
 .bss.InterruptFuncTable
                0x008023a2       0xf6 LaserLib/intx128.o
                0x008023a2                InterruptFuncTable
 .bss.InterruptSenderTable
                0x00802498       0xf6 LaserLib/intx128.o
                0x00802498                InterruptSenderTable
 .bss._ZZ4mainE3prs
                0x0080258e        0x2 main.o
 .bss.temperature
                0x00802590        0x2 main.o
                0x00802590                temperature
 .bss.D18B20    0x00802592        0x4 main.o
                0x00802592                D18B20
 .bss.App       0x00802596      0x11c main.o
                0x00802596                App
 .bss.player    0x008026b2        0x1 main.o
                0x008026b2                player
 .bss.laserBoard
                0x008026b3        0xa main.o
                0x008026b3                laserBoard
 .bss.sender    0x008026bd       0x1d main.o
                0x008026bd                sender
 .bss.Database  0x008026da        0x8 main.o
                0x008026da                Database
 .bss.usart     0x008026e2        0x2 main.o
                0x008026e2                usart
 .bss.pwmtimer  0x008026e4        0x3 main.o
                0x008026e4                pwmtimer
 .bss.flowtimer
                0x008026e7        0x3 main.o
                0x008026e7                flowtimer
 .bss.laserTimer
                0x008026ea        0x3 main.o
                0x008026ea                laserTimer
 .bss.timeout   0x008026ed        0x3 main.o
                0x008026ed                timeout
 .bss.timer     0x008026f0        0x3 main.o
                0x008026f0                timer
 .bss.dacSPI    0x008026f3        0x6 main.o
                0x008026f3                dacSPI
 *(COMMON)
 COMMON         0x008026f9        0x4 c:/program files (x86)/atmel/studio/7.0/toolchain/avr8/avr8-gnu-toolchain/bin/../lib/gcc/avr/4.9.2/../../../../avr/lib/avrxmega6\libc.a(malloc.o)
                0x008026f9                __brkval
                0x008026fb                __flp
                0x008026fd                PROVIDE (__bss_end, .)
                0x000076ba                __data_load_start = LOADADDR (.data)
                0x00007a5a                __data_load_end = (__data_load_start + SIZEOF (.data))

.noinit         0x008026fd        0x0
                [!provide]                PROVIDE (__noinit_start, .)
 *(.noinit*)
                [!provide]                PROVIDE (__noinit_end, .)
                0x008026fd                _end = .
                0x008026fd                PROVIDE (__heap_start, .)

.eeprom         0x00810000        0x0
 *(.eeprom*)
                0x00810000                __eeprom_end = .

.fuse
 *(.fuse)
 *(.lfuse)
 *(.hfuse)
 *(.efuse)

.lock
 *(.lock*)

.signature
 *(.signature*)

.user_signatures
 *(.user_signatures*)

.stab
 *(.stab)

.stabstr
 *(.stabstr)

.stab.excl
 *(.stab.excl)

.stab.exclstr
 *(.stab.exclstr)

.stab.index
 *(.stab.index)

.stab.indexstr
 *(.stab.indexstr)

.comment        0x00000000       0x30
 *(.comment)
 .comment       0x00000000       0x30 CDGUSDatabase.o
                                 0x31 (size before relaxing)
 .comment       0x00000030       0x31 CLaserControlApp.o
 .comment       0x00000030       0x31 DGUSGUI.o
 .comment       0x00000030       0x31 LaserLib/CSPI.o
 .comment       0x00000030       0x31 LaserLib/CTimer.o
 .comment       0x00000030       0x31 LaserLib/CTimer1.o
 .comment       0x00000030       0x31 LaserLib/CUSART.o
 .comment       0x00000030       0x31 LaserLib/intx128.o
 .comment       0x00000030       0x31 main.o
 .comment       0x00000030       0x31 MODBUS/CMBProtocol.o
 .comment       0x00000030       0x31 MODBUS/CMBSender.o
 .comment       0x00000030       0x31 Periphery/CDGUSUSART.o
 .comment       0x00000030       0x31 Periphery/CDS18B20.o
 .comment       0x00000030       0x31 Periphery/CLaserBoard.o
 .comment       0x00000030       0x31 Periphery/CSoundPlayer.o
 .comment       0x00000030       0x31 Periphery/CTimerC.o
 .comment       0x00000030       0x31 Periphery/CTimerC1.o
 .comment       0x00000030       0x31 Periphery/CTimerD.o
 .comment       0x00000030       0x31 Periphery/CTimerD1.o
 .comment       0x00000030       0x31 Periphery/CTimerF.o
 .comment       0x00000030       0x31 c:/program files (x86)/atmel/studio/7.0/toolchain/avr8/avr8-gnu-toolchain/bin/../lib/gcc/avr/4.9.2/../../../../avr/lib/avrxmega6\libc.a(malloc.o)

.note.gnu.avr.deviceinfo
                0x00000000       0x40
 .note.gnu.avr.deviceinfo
                0x00000000       0x40 c:/program files (x86)/atmel/studio/7.0/toolchain/avr8/avr8-gnu-toolchain/bin/../lib/gcc/avr/4.9.2/../../../../avr/lib/avrxmega6/crtatxmega128a3u.o

.note.gnu.build-id
 *(.note.gnu.build-id)

.debug
 *(.debug)

.line
 *(.line)

.debug_srcinfo
 *(.debug_srcinfo)

.debug_sfnames
 *(.debug_sfnames)

.debug_aranges  0x00000000      0xcf0
 *(.debug_aranges)
 .debug_aranges
                0x00000000       0x70 CDGUSDatabase.o
 .debug_aranges
                0x00000070      0x178 CLaserControlApp.o
 .debug_aranges
                0x000001e8       0x40 DGUSGUI.o
 .debug_aranges
                0x00000228       0x58 LaserLib/CSPI.o
 .debug_aranges
                0x00000280       0x28 LaserLib/CTimer.o
 .debug_aranges
                0x000002a8       0x28 LaserLib/CTimer1.o
 .debug_aranges
                0x000002d0       0x28 LaserLib/CUSART.o
 .debug_aranges
                0x000002f8      0x348 LaserLib/intx128.o
 .debug_aranges
                0x00000640       0x40 main.o
 .debug_aranges
                0x00000680       0x58 MODBUS/CMBProtocol.o
 .debug_aranges
                0x000006d8       0xf8 MODBUS/CMBSender.o
 .debug_aranges
                0x000007d0       0x78 Periphery/CDGUSUSART.o
 .debug_aranges
                0x00000848       0x58 Periphery/CDS18B20.o
 .debug_aranges
                0x000008a0       0xc8 Periphery/CLaserBoard.o
 .debug_aranges
                0x00000968       0x60 Periphery/CSoundPlayer.o
 .debug_aranges
                0x000009c8       0xa8 Periphery/CTimerC.o
 .debug_aranges
                0x00000a70       0x90 Periphery/CTimerC1.o
 .debug_aranges
                0x00000b00       0xa8 Periphery/CTimerD.o
 .debug_aranges
                0x00000ba8       0x90 Periphery/CTimerD1.o
 .debug_aranges
                0x00000c38       0xb8 Periphery/CTimerF.o

.debug_pubnames
 *(.debug_pubnames)

.debug_info     0x00000000    0x1900a
 *(.debug_info .gnu.linkonce.wi.*)
 .debug_info    0x00000000     0x3409 c:/program files (x86)/atmel/studio/7.0/toolchain/avr8/avr8-gnu-toolchain/bin/../lib/gcc/avr/4.9.2/../../../../avr/lib/avrxmega6/crtatxmega128a3u.o
 .debug_info    0x00003409      0x9f5 CDGUSDatabase.o
 .debug_info    0x00003dfe     0x4cd6 CLaserControlApp.o
 .debug_info    0x00008ad4      0x20f DGUSGUI.o
 .debug_info    0x00008ce3      0x7ee LaserLib/CSPI.o
 .debug_info    0x000094d1      0x6a3 LaserLib/CTimer.o
 .debug_info    0x00009b74      0x5a8 LaserLib/CTimer1.o
 .debug_info    0x0000a11c      0x606 LaserLib/CUSART.o
 .debug_info    0x0000a722      0x91e LaserLib/intx128.o
 .debug_info    0x0000b040     0x2163 main.o
 .debug_info    0x0000d1a3      0x81e MODBUS/CMBProtocol.o
 .debug_info    0x0000d9c1     0x12d1 MODBUS/CMBSender.o
 .debug_info    0x0000ec92     0x1095 Periphery/CDGUSUSART.o
 .debug_info    0x0000fd27      0x95e Periphery/CDS18B20.o
 .debug_info    0x00010685      0xf08 Periphery/CLaserBoard.o
 .debug_info    0x0001158d     0x139d Periphery/CSoundPlayer.o
 .debug_info    0x0001292a     0x15ac Periphery/CTimerC.o
 .debug_info    0x00013ed6     0x128d Periphery/CTimerC1.o
 .debug_info    0x00015163     0x15ac Periphery/CTimerD.o
 .debug_info    0x0001670f     0x128d Periphery/CTimerD1.o
 .debug_info    0x0001799c     0x166e Periphery/CTimerF.o

.debug_abbrev   0x00000000     0x667a
 *(.debug_abbrev)
 .debug_abbrev  0x00000000     0x3148 c:/program files (x86)/atmel/studio/7.0/toolchain/avr8/avr8-gnu-toolchain/bin/../lib/gcc/avr/4.9.2/../../../../avr/lib/avrxmega6/crtatxmega128a3u.o
 .debug_abbrev  0x00003148      0x2ce CDGUSDatabase.o
 .debug_abbrev  0x00003416      0x607 CLaserControlApp.o
 .debug_abbrev  0x00003a1d      0x10d DGUSGUI.o
 .debug_abbrev  0x00003b2a      0x2a7 LaserLib/CSPI.o
 .debug_abbrev  0x00003dd1      0x182 LaserLib/CTimer.o
 .debug_abbrev  0x00003f53      0x182 LaserLib/CTimer1.o
 .debug_abbrev  0x000040d5      0x1ed LaserLib/CUSART.o
 .debug_abbrev  0x000042c2       0x83 LaserLib/intx128.o
 .debug_abbrev  0x00004345      0x3e0 main.o
 .debug_abbrev  0x00004725      0x2b0 MODBUS/CMBProtocol.o
 .debug_abbrev  0x000049d5      0x39b MODBUS/CMBSender.o
 .debug_abbrev  0x00004d70      0x2d9 Periphery/CDGUSUSART.o
 .debug_abbrev  0x00005049      0x33c Periphery/CDS18B20.o
 .debug_abbrev  0x00005385      0x300 Periphery/CLaserBoard.o
 .debug_abbrev  0x00005685      0x2b9 Periphery/CSoundPlayer.o
 .debug_abbrev  0x0000593e      0x29c Periphery/CTimerC.o
 .debug_abbrev  0x00005bda      0x2b4 Periphery/CTimerC1.o
 .debug_abbrev  0x00005e8e      0x29c Periphery/CTimerD.o
 .debug_abbrev  0x0000612a      0x2b4 Periphery/CTimerD1.o
 .debug_abbrev  0x000063de      0x29c Periphery/CTimerF.o

.debug_line     0x00000000     0x64a6
 *(.debug_line .debug_line.* .debug_line_end)
 .debug_line    0x00000000       0x1a c:/program files (x86)/atmel/studio/7.0/toolchain/avr8/avr8-gnu-toolchain/bin/../lib/gcc/avr/4.9.2/../../../../avr/lib/avrxmega6/crtatxmega128a3u.o
 .debug_line    0x0000001a      0x34e CDGUSDatabase.o
 .debug_line    0x00000368     0x15c9 CLaserControlApp.o
 .debug_line    0x00001931      0x11e DGUSGUI.o
 .debug_line    0x00001a4f      0x2f4 LaserLib/CSPI.o
 .debug_line    0x00001d43      0x153 LaserLib/CTimer.o
 .debug_line    0x00001e96      0x155 LaserLib/CTimer1.o
 .debug_line    0x00001feb      0x145 LaserLib/CUSART.o
 .debug_line    0x00002130     0x100e LaserLib/intx128.o
 .debug_line    0x0000313e      0x50b main.o
 .debug_line    0x00003649      0x490 MODBUS/CMBProtocol.o
 .debug_line    0x00003ad9      0x78d MODBUS/CMBSender.o
 .debug_line    0x00004266      0x343 Periphery/CDGUSUSART.o
 .debug_line    0x000045a9      0x403 Periphery/CDS18B20.o
 .debug_line    0x000049ac      0x5a5 Periphery/CLaserBoard.o
 .debug_line    0x00004f51      0x340 Periphery/CSoundPlayer.o
 .debug_line    0x00005291      0x3bb Periphery/CTimerC.o
 .debug_line    0x0000564c      0x35b Periphery/CTimerC1.o
 .debug_line    0x000059a7      0x3bb Periphery/CTimerD.o
 .debug_line    0x00005d62      0x35b Periphery/CTimerD1.o
 .debug_line    0x000060bd      0x3e9 Periphery/CTimerF.o

.debug_frame    0x00000000     0x3c1c
 *(.debug_frame)
 .debug_frame   0x00000000      0x218 CDGUSDatabase.o
 .debug_frame   0x00000218      0x680 CLaserControlApp.o
 .debug_frame   0x00000898       0x8c DGUSGUI.o
 .debug_frame   0x00000924       0xbc LaserLib/CSPI.o
 .debug_frame   0x000009e0       0x34 LaserLib/CTimer.o
 .debug_frame   0x00000a14       0x34 LaserLib/CTimer1.o
 .debug_frame   0x00000a48       0x34 LaserLib/CUSART.o
 .debug_frame   0x00000a7c     0x2324 LaserLib/intx128.o
 .debug_frame   0x00002da0       0x94 main.o
 .debug_frame   0x00002e34       0xf8 MODBUS/CMBProtocol.o
 .debug_frame   0x00002f2c      0x2dc MODBUS/CMBSender.o
 .debug_frame   0x00003208       0xe8 Periphery/CDGUSUSART.o
 .debug_frame   0x000032f0       0xd4 Periphery/CDS18B20.o
 .debug_frame   0x000033c4      0x180 Periphery/CLaserBoard.o
 .debug_frame   0x00003544       0xd8 Periphery/CSoundPlayer.o
 .debug_frame   0x0000361c      0x140 Periphery/CTimerC.o
 .debug_frame   0x0000375c      0x110 Periphery/CTimerC1.o
 .debug_frame   0x0000386c      0x140 Periphery/CTimerD.o
 .debug_frame   0x000039ac      0x110 Periphery/CTimerD1.o
 .debug_frame   0x00003abc      0x160 Periphery/CTimerF.o

.debug_str      0x00000000     0x9693
 *(.debug_str)
 .debug_str     0x00000000     0x223b c:/program files (x86)/atmel/studio/7.0/toolchain/avr8/avr8-gnu-toolchain/bin/../lib/gcc/avr/4.9.2/../../../../avr/lib/avrxmega6/crtatxmega128a3u.o
 .debug_str     0x0000223b      0x5ef CDGUSDatabase.o
                                0x67e (size before relaxing)
 .debug_str     0x0000282a     0x2043 CLaserControlApp.o
                               0x27db (size before relaxing)
 .debug_str     0x0000486d       0x1d DGUSGUI.o
                                0x258 (size before relaxing)
 .debug_str     0x0000488a      0x1b5 LaserLib/CSPI.o
                                0x720 (size before relaxing)
 .debug_str     0x00004a3f      0x4cb LaserLib/CTimer.o
                                0xa4b (size before relaxing)
 .debug_str     0x00004f0a      0x269 LaserLib/CTimer1.o
                                0x8c5 (size before relaxing)
 .debug_str     0x00005173      0x56b LaserLib/CUSART.o
                                0x7bd (size before relaxing)
 .debug_str     0x000056de      0x4e2 LaserLib/intx128.o
                                0x6c8 (size before relaxing)
 .debug_str     0x00005bc0     0x124f main.o
                               0x261c (size before relaxing)
 .debug_str     0x00006e0f      0x2e0 MODBUS/CMBProtocol.o
                                0x560 (size before relaxing)
 .debug_str     0x000070ef      0x5e7 MODBUS/CMBSender.o
                                0xb4b (size before relaxing)
 .debug_str     0x000076d6      0xcd4 Periphery/CDGUSUSART.o
                               0x1676 (size before relaxing)
 .debug_str     0x000083aa       0x7d Periphery/CDS18B20.o
                                0x517 (size before relaxing)
 .debug_str     0x00008427      0x5b5 Periphery/CLaserBoard.o
                                0xce6 (size before relaxing)
 .debug_str     0x000089dc      0x3a2 Periphery/CSoundPlayer.o
                                0xc2d (size before relaxing)
 .debug_str     0x00008d7e      0x263 Periphery/CTimerC.o
                               0x12a2 (size before relaxing)
 .debug_str     0x00008fe1      0x1db Periphery/CTimerC1.o
                               0x1151 (size before relaxing)
 .debug_str     0x000091bc      0x109 Periphery/CTimerD.o
                               0x12a2 (size before relaxing)
 .debug_str     0x000092c5      0x205 Periphery/CTimerD1.o
                               0x1151 (size before relaxing)
 .debug_str     0x000094ca      0x1c9 Periphery/CTimerF.o
                               0x1318 (size before relaxing)

.debug_loc      0x00000000     0xba6c
 *(.debug_loc)
 .debug_loc     0x00000000      0x8cf CDGUSDatabase.o
 .debug_loc     0x000008cf     0x23b2 CLaserControlApp.o
 .debug_loc     0x00002c81      0x2ad DGUSGUI.o
 .debug_loc     0x00002f2e      0x276 LaserLib/CSPI.o
 .debug_loc     0x000031a4     0x50e2 LaserLib/intx128.o
 .debug_loc     0x00008286       0xab main.o
 .debug_loc     0x00008331      0x7ef MODBUS/CMBProtocol.o
 .debug_loc     0x00008b20      0xf70 MODBUS/CMBSender.o
 .debug_loc     0x00009a90      0x210 Periphery/CDGUSUSART.o
 .debug_loc     0x00009ca0      0x49a Periphery/CDS18B20.o
 .debug_loc     0x0000a13a      0x532 Periphery/CLaserBoard.o
 .debug_loc     0x0000a66c      0x344 Periphery/CSoundPlayer.o
 .debug_loc     0x0000a9b0      0x366 Periphery/CTimerC.o
 .debug_loc     0x0000ad16      0x2fe Periphery/CTimerC1.o
 .debug_loc     0x0000b014      0x366 Periphery/CTimerD.o
 .debug_loc     0x0000b37a      0x2fe Periphery/CTimerD1.o
 .debug_loc     0x0000b678      0x3f4 Periphery/CTimerF.o

.debug_macinfo
 *(.debug_macinfo)

.debug_weaknames
 *(.debug_weaknames)

.debug_funcnames
 *(.debug_funcnames)

.debug_typenames
 *(.debug_typenames)

.debug_varnames
 *(.debug_varnames)

.debug_pubtypes
 *(.debug_pubtypes)

.debug_ranges   0x00000000      0xbf8
 *(.debug_ranges)
 .debug_ranges  0x00000000       0x60 CDGUSDatabase.o
 .debug_ranges  0x00000060      0x168 CLaserControlApp.o
 .debug_ranges  0x000001c8       0x30 DGUSGUI.o
 .debug_ranges  0x000001f8       0x48 LaserLib/CSPI.o
 .debug_ranges  0x00000240       0x18 LaserLib/CTimer.o
 .debug_ranges  0x00000258       0x18 LaserLib/CTimer1.o
 .debug_ranges  0x00000270       0x18 LaserLib/CUSART.o
 .debug_ranges  0x00000288      0x338 LaserLib/intx128.o
 .debug_ranges  0x000005c0       0x48 main.o
 .debug_ranges  0x00000608       0x78 MODBUS/CMBProtocol.o
 .debug_ranges  0x00000680       0xe8 MODBUS/CMBSender.o
 .debug_ranges  0x00000768       0x68 Periphery/CDGUSUSART.o
 .debug_ranges  0x000007d0       0x48 Periphery/CDS18B20.o
 .debug_ranges  0x00000818       0xb8 Periphery/CLaserBoard.o
 .debug_ranges  0x000008d0       0x50 Periphery/CSoundPlayer.o
 .debug_ranges  0x00000920       0x98 Periphery/CTimerC.o
 .debug_ranges  0x000009b8       0x80 Periphery/CTimerC1.o
 .debug_ranges  0x00000a38       0x98 Periphery/CTimerD.o
 .debug_ranges  0x00000ad0       0x80 Periphery/CTimerD1.o
 .debug_ranges  0x00000b50       0xa8 Periphery/CTimerF.o

.debug_macro
 *(.debug_macro)
OUTPUT(ATxmegaLaserDiode.elf elf32-avr)
LOAD linker stubs