Archive member included to satisfy reference by file (symbol)

c:/program files (x86)/atmel/studio/7.0/toolchain/avr8/avr8-gnu-toolchain/bin/../lib/gcc/avr/4.9.2/../../../../avr/lib/avrxmega6\libm.a(fixsfsi.o)
                              Periphery/CDS18B20.o (__fixsfsi)
c:/program files (x86)/atmel/studio/7.0/toolchain/avr8/avr8-gnu-toolchain/bin/../lib/gcc/avr/4.9.2/../../../../avr/lib/avrxmega6\libm.a(fixunssfsi.o)
                              c:/program files (x86)/atmel/studio/7.0/toolchain/avr8/avr8-gnu-toolchain/bin/../lib/gcc/avr/4.9.2/../../../../avr/lib/avrxmega6\libm.a(fixsfsi.o) (__fixunssfsi)
c:/program files (x86)/atmel/studio/7.0/toolchain/avr8/avr8-gnu-toolchain/bin/../lib/gcc/avr/4.9.2/../../../../avr/lib/avrxmega6\libm.a(floatsisf.o)
                              Periphery/CDS18B20.o (__floatsisf)
c:/program files (x86)/atmel/studio/7.0/toolchain/avr8/avr8-gnu-toolchain/bin/../lib/gcc/avr/4.9.2/../../../../avr/lib/avrxmega6\libm.a(fp_split3.o)
                              c:/program files (x86)/atmel/studio/7.0/toolchain/avr8/avr8-gnu-toolchain/bin/../lib/gcc/avr/4.9.2/../../../../avr/lib/avrxmega6\libm.a(fixunssfsi.o) (__fp_splitA)
c:/program files (x86)/atmel/studio/7.0/toolchain/avr8/avr8-gnu-toolchain/bin/../lib/gcc/avr/4.9.2/../../../../avr/lib/avrxmega6\libm.a(fp_zero.o)
                              c:/program files (x86)/atmel/studio/7.0/toolchain/avr8/avr8-gnu-toolchain/bin/../lib/gcc/avr/4.9.2/../../../../avr/lib/avrxmega6\libm.a(fixunssfsi.o) (__fp_zero)
c:/program files (x86)/atmel/studio/7.0/toolchain/avr8/avr8-gnu-toolchain/bin/../lib/gcc/avr/4.9.2/../../../../avr/lib/avrxmega6\libm.a(mulsf3.o)
                              Periphery/CDS18B20.o (__mulsf3)
c:/program files (x86)/atmel/studio/7.0/toolchain/avr8/avr8-gnu-toolchain/bin/../lib/gcc/avr/4.9.2/../../../../avr/lib/avrxmega6\libm.a(mulsf3x.o)
                              c:/program files (x86)/atmel/studio/7.0/toolchain/avr8/avr8-gnu-toolchain/bin/../lib/gcc/avr/4.9.2/../../../../avr/lib/avrxmega6\libm.a(mulsf3.o) (__mulsf3x)
c:/program files (x86)/atmel/studio/7.0/toolchain/avr8/avr8-gnu-toolchain/bin/../lib/gcc/avr/4.9.2/../../../../avr/lib/avrxmega6\libm.a(fp_inf.o)
                              c:/program files (x86)/atmel/studio/7.0/toolchain/avr8/avr8-gnu-toolchain/bin/../lib/gcc/avr/4.9.2/../../../../avr/lib/avrxmega6\libm.a(mulsf3x.o) (__fp_inf)
c:/program files (x86)/atmel/studio/7.0/toolchain/avr8/avr8-gnu-toolchain/bin/../lib/gcc/avr/4.9.2/../../../../avr/lib/avrxmega6\libm.a(fp_nan.o)
                              c:/program files (x86)/atmel/studio/7.0/toolchain/avr8/avr8-gnu-toolchain/bin/../lib/gcc/avr/4.9.2/../../../../avr/lib/avrxmega6\libm.a(mulsf3x.o) (__fp_nan)
c:/program files (x86)/atmel/studio/7.0/toolchain/avr8/avr8-gnu-toolchain/bin/../lib/gcc/avr/4.9.2/../../../../avr/lib/avrxmega6\libm.a(fp_pscA.o)
                              c:/program files (x86)/atmel/studio/7.0/toolchain/avr8/avr8-gnu-toolchain/bin/../lib/gcc/avr/4.9.2/../../../../avr/lib/avrxmega6\libm.a(mulsf3x.o) (__fp_pscA)
c:/program files (x86)/atmel/studio/7.0/toolchain/avr8/avr8-gnu-toolchain/bin/../lib/gcc/avr/4.9.2/../../../../avr/lib/avrxmega6\libm.a(fp_pscB.o)
                              c:/program files (x86)/atmel/studio/7.0/toolchain/avr8/avr8-gnu-toolchain/bin/../lib/gcc/avr/4.9.2/../../../../avr/lib/avrxmega6\libm.a(mulsf3x.o) (__fp_pscB)
c:/program files (x86)/atmel/studio/7.0/toolchain/avr8/avr8-gnu-toolchain/bin/../lib/gcc/avr/4.9.2/../../../../avr/lib/avrxmega6\libm.a(fp_round.o)
                              c:/program files (x86)/atmel/studio/7.0/toolchain/avr8/avr8-gnu-toolchain/bin/../lib/gcc/avr/4.9.2/../../../../avr/lib/avrxmega6\libm.a(mulsf3.o) (__fp_round)
c:/program files (x86)/atmel/studio/7.0/toolchain/avr8/avr8-gnu-toolchain/bin/../lib/gcc/avr/4.9.2/avrxmega6\libgcc.a(_mulsi3.o)
                              CLaserControlApp.o (__mulsi3)
c:/program files (x86)/atmel/studio/7.0/toolchain/avr8/avr8-gnu-toolchain/bin/../lib/gcc/avr/4.9.2/avrxmega6\libgcc.a(_udivmodhi4.o)
                              CLaserControlApp.o (__udivmodhi4)
c:/program files (x86)/atmel/studio/7.0/toolchain/avr8/avr8-gnu-toolchain/bin/../lib/gcc/avr/4.9.2/avrxmega6\libgcc.a(_divmodhi4.o)
                              CLaserControlApp.o (__divmodhi4)
c:/program files (x86)/atmel/studio/7.0/toolchain/avr8/avr8-gnu-toolchain/bin/../lib/gcc/avr/4.9.2/avrxmega6\libgcc.a(_udivmodsi4.o)
                              CLaserControlApp.o (__udivmodsi4)
c:/program files (x86)/atmel/studio/7.0/toolchain/avr8/avr8-gnu-toolchain/bin/../lib/gcc/avr/4.9.2/avrxmega6\libgcc.a(_divmodsi4.o)
                              Periphery/CSoundPlayer.o (__divmodsi4)
c:/program files (x86)/atmel/studio/7.0/toolchain/avr8/avr8-gnu-toolchain/bin/../lib/gcc/avr/4.9.2/avrxmega6\libgcc.a(_negsi2.o)
[...]
Memory Configuration

Name             Origin             Length             Attributes
text             0x00000000         0x00100000         xr
data             0x00802000         0x0000ffa0         rw !x
eeprom           0x00810000         0x00010000         rw !x
fuse             0x00820000         0x00000006         rw !x
lock             0x00830000         0x00000400         rw !x
signature        0x00840000         0x00000400         rw !x
user_signatures  0x00850000         0x00000400         rw !x
*default*        0x00000000         0xffffffff

Linker script and memory map

LOAD c:/program files (x86)/atmel/studio/7.0/toolchain/avr8/avr8-gnu-toolchain/bin/../lib/gcc/avr/4.9.2/../../../../avr/lib/avrxmega6/crtatxmega128a3u.o
LOAD CDGUSDatabase.o
LOAD CLaserControlApp.o
LOAD DGUSGUI.o
LOAD LaserLib/CSPI.o
LOAD LaserLib/CTimer.o
LOAD LaserLib/CTimer1.o
LOAD LaserLib/CUSART.o
LOAD LaserLib/intx128.o
LOAD main.o
LOAD MODBUS/CMBProtocol.o
LOAD MODBUS/CMBSender.o
LOAD Periphery/CDGUSUSART.o
LOAD Periphery/CDS18B20.o
LOAD Periphery/CLaserBoard.o
LOAD Periphery/CSoundPlayer.o
LOAD Periphery/CTimerC.o
LOAD Periphery/CTimerC1.o
LOAD Periphery/CTimerD.o
LOAD Periphery/CTimerD1.o
LOAD Periphery/CTimerF.o
START GROUP
LOAD c:/program files (x86)/atmel/studio/7.0/toolchain/avr8/avr8-gnu-toolchain/bin/../lib/gcc/avr/4.9.2/../../../../avr/lib/avrxmega6\libm.a
END GROUP
LOAD c:/program files (x86)/atmel/studio/7.0/toolchain/avr8/avr8-gnu-toolchain/bin/../lib/gcc/avr/4.9.2/avrxmega6\libgcc.a
LOAD c:/program files (x86)/atmel/studio/7.0/toolchain/avr8/avr8-gnu-toolchain/bin/../lib/gcc/avr/4.9.2/../../../../avr/lib/avrxmega6\libm.a
START GROUP
LOAD c:/program files (x86)/atmel/studio/7.0/toolchain/avr8/avr8-gnu-toolchain/bin/../lib/gcc/avr/4.9.2/avrxmega6\libgcc.a
LOAD c:/program files (x86)/atmel/studio/7.0/toolchain/avr8/avr8-gnu-toolchain/bin/../lib/gcc/avr/4.9.2/../../../../avr/lib/avrxmega6\libm.a
LOAD c:/program files (x86)/atmel/studio/7.0/toolchain/avr8/avr8-gnu-toolchain/bin/../lib/gcc/avr/4.9.2/../../../../avr/lib/avrxmega6\libc.a
LOAD c:/program files (x86)/atmel/studio/7.0/toolchain/avr8/avr8-gnu-toolchain/bin/../lib/gcc/avr/4.9.2/../../../../avr/lib/avrxmega6\libatxmega128a3u.a
END GROUP
                0x00100000                __TEXT_REGION_LENGTH__ = DEFINED (__TEXT_REGION_LENGTH__)?__TEXT_REGION_LENGTH__:0x100000
                0x0000ffa0                __DATA_REGION_LENGTH__ = DEFINED (__DATA_REGION_LENGTH__)?__DATA_REGION_LENGTH__:0xffa0
                0x00010000                __EEPROM_REGION_LENGTH__ = DEFINED (__EEPROM_REGION_LENGTH__)?__EEPROM_REGION_LENGTH__:0x10000
                [0x00000006]                __FUSE_REGION_LENGTH__ = DEFINED (__FUSE_REGION_LENGTH__)?__FUSE_REGION_LENGTH__:0x400
                0x00000400                __LOCK_REGION_LENGTH__ = DEFINED (__LOCK_REGION_LENGTH__)?__LOCK_REGION_LENGTH__:0x400
                0x00000400                __SIGNATURE_REGION_LENGTH__ = DEFINED (__SIGNATURE_REGION_LENGTH__)?__SIGNATURE_REGION_LENGTH__:0x400
                0x00000400                __USER_SIGNATURE_REGION_LENGTH__ = DEFINED (__USER_SIGNATURE_REGION_LENGTH__)?__USER_SIGNATURE_REGION_LENGTH__:0x400

.hash
 *(.hash)

.dynsym
 *(.dynsym)

.dynstr
 *(.dynstr)

.gnu.version
 *(.gnu.version)

.gnu.version_d
 *(.gnu.version_d)

.gnu.version_r
 *(.gnu.version_r)

.rel.init
 *(.rel.init)

.rela.init
 *(.rela.init)

.rel.text
 *(.rel.text)
 *(.rel.text.*)
 *(.rel.gnu.linkonce.t*)

.rela.text
 *(.rela.text)
 *(.rela.text.*)
 *(.rela.gnu.linkonce.t*)

.rel.fini
 *(.rel.fini)

.rela.fini
 *(.rela.fini)

.rel.rodata
 *(.rel.rodata)
 *(.rel.rodata.*)
 *(.rel.gnu.linkonce.r*)

.rela.rodata
 *(.rela.rodata)
 *(.rela.rodata.*)
 *(.rela.gnu.linkonce.r*)

.rel.data
 *(.rel.data)
 *(.rel.data.*)
 *(.rel.gnu.linkonce.d*)

.rela.data
 *(.rela.data)
 *(.rela.data.*)
 *(.rela.gnu.linkonce.d*)

.rel.ctors
 *(.rel.ctors)

.rela.ctors
 *(.rela.ctors)

.rel.dtors
 *(.rel.dtors)

.rela.dtors
 *(.rela.dtors)

.rel.got
 *(.rel.got)

.rela.got
 *(.rela.got)

.rel.bss
 *(.rel.bss)

.rela.bss
 *(.rela.bss)

.rel.plt
 *(.rel.plt)

.rela.plt
 *(.rela.plt)

.text           0x00000000     0x6a32
 *(.vectors)
 .vectors       0x00000000      0x1fc c:/program files (x86)/atmel/studio/7.0/toolchain/avr8/avr8-gnu-toolchain/bin/../lib/gcc/avr/4.9.2/../../../../avr/lib/avrxmega6/crtatxmega128a3u.o
                0x00000000                __vector_default
                0x00000000                __vectors
 *(.vectors)
 *(.progmem.gcc*)
 .progmem.gcc_sw_table._ZN16CLaserControlApp18OnRegisterReceivedEhPhh
                0x000001fc       0x60 CLaserControlApp.o
 .progmem.gcc_sw_table._ZN16CLaserControlApp18OnVariableReceivedEjPjj
                0x0000025c       0x24 CLaserControlApp.o
 .progmem.gcc_sw_table._ZN16CLaserControlApp3RunEv
                0x00000280       0x26 CLaserControlApp.o
 .progmem.gcc_sw_table._ZN9CMBSender13OnReceiveByteEh
                0x000002a6       0x16 MODBUS/CMBSender.o
                0x000002bc                . = ALIGN (0x2)
                0x000002bc                __trampolines_start = .
 *(.trampolines)
 .trampolines   0x000002bc      0x2c4 linker stubs
 *(.trampolines*)
                0x00000580                __trampolines_end = .
 *(.progmem*)
                0x00000580                . = ALIGN (0x2)
 *(.jumptables)
 *(.jumptables*)
 *(.lowtext)
 *(.lowtext*)
                0x00000580                __ctors_start = .
 *(.ctors)
 .ctors         0x00000580        0x2 CLaserControlApp.o
 .ctors         0x00000582        0x2 main.o
                0x00000584                __ctors_end = .
                0x00000584                __dtors_start = .
 *(.dtors)
 .dtors         0x00000584        0x2 CLaserControlApp.o
 .dtors         0x00000586        0x2 main.o
                0x00000588                __dtors_end = .
 SORT(*)(.ctors)
 SORT(*)(.dtors)
 *(.init0)
 .init0         0x00000588        0x0 c:/program files (x86)/atmel/studio/7.0/toolchain/avr8/avr8-gnu-toolchain/bin/../lib/gcc/avr/4.9.2/../../../../avr/lib/avrxmega6/crtatxmega128a3u.o
                0x00000588                __init
 *(.init0)
 *(.init1)
 *(.init1)
 *(.init2)
 .init2         0x00000588       0x10 c:/program files (x86)/atmel/studio/7.0/toolchain/avr8/avr8-gnu-toolchain/bin/../lib/gcc/avr/4.9.2/../../../../avr/lib/avrxmega6/crtatxmega128a3u.o
 *(.init2)
 *(.init3)
 *(.init3)
 *(.init4)
 .init4         0x00000598       0x1a c:/program files (x86)/atmel/studio/7.0/toolchain/avr8/avr8-gnu-toolchain/bin/../lib/gcc/avr/4.9.2/avrxmega6\libgcc.a(_copy_data.o)
                0x00000598                __do_copy_data
 .init4         0x000005b2       0x10 c:/program files (x86)/atmel/studio/7.0/toolchain/avr8/avr8-gnu-toolchain/bin/../lib/gcc/avr/4.9.2/avrxmega6\libgcc.a(_clear_bss.o)
                0x000005b2                __do_clear_bss
 *(.init4)
 *(.init5)
 *(.init5)
 *(.init6)
 .init6         0x000005c2       0x20 c:/program files (x86)/atmel/studio/7.0/toolchain/avr8/avr8-gnu-toolchain/bin/../lib/gcc/avr/4.9.2/avrxmega6\libgcc.a(_ctors.o)
                0x000005c2                __do_global_ctors
 *(.init6)
 *(.init7)
 *(.init7)
 *(.init8)
 *(.init8)
 *(.init9)
 .init9         0x000005e2        0x8 c:/program files (x86)/atmel/studio/7.0/toolchain/avr8/avr8-gnu-toolchain/bin/../lib/gcc/avr/4.9.2/../../../../avr/lib/avrxmega6/crtatxmega128a3u.o
 *(.init9)
 *(.text)
 .text          0x000005ea        0x4 c:/program files (x86)/atmel/studio/7.0/toolchain/avr8/avr8-gnu-toolchain/bin/../lib/gcc/avr/4.9.2/../../../../avr/lib/avrxmega6/crtatxmega128a3u.o
                0x000005ea                __vector_75
                0x000005ea                __vector_102
                0x000005ea                __bad_interrupt
                0x000005ea                __vector_122
                0x000005ea                __vector_114
                0x000005ea                __vector_117
                0x000005ea                __vector_107
                0x000005ea                __vector_98
                0x000005ea                __vector_99
                0x000005ea                __vector_125
                0x000005ea                __vector_123
                0x000005ea                __vector_100
                0x000005ea                __vector_101
                0x000005ea                __vector_76
                0x000005ea                __vector_115
                0x000005ea                __vector_95
                0x000005ea                __vector_103
                0x000005ea                __vector_96
                0x000005ea                __vector_106
                0x000005ea                __vector_118
                0x000005ea                __vector_94
                0x000005ea                __vector_126
                0x000005ea                __vector_124
                0x000005ea                __vector_116
                0x000005ea                __vector_97
                0x000005ee                . = ALIGN (0x2)
 *(.text.*)
 .text._ZN13CDGUSDatabaseC2Ev
                0x000005ee        0x2 CDGUSDatabase.o
                0x000005ee                _ZN13CDGUSDatabaseC2Ev
                0x000005ee                _ZN13CDGUSDatabaseC1Ev
 .text._ZN13CDGUSDatabaseD2Ev
                0x000005f0        0x2 CDGUSDatabase.o
                0x000005f0                _ZN13CDGUSDatabaseD2Ev
                0x000005f0                _ZN13CDGUSDatabaseD1Ev
 .text._ZN13CDGUSDatabase10InitializeEP9CMBSenderj
                0x000005f2       0x18 CDGUSDatabase.o
                0x000005f2                _ZN13CDGUSDatabase10InitializeEP9CMBSenderj
 .text._ZN13CDGUSDatabase18MapDatabaseToWriteEjmj
                0x0000060a       0xca CDGUSDatabase.o
                0x0000060a                _ZN13CDGUSDatabase18MapDatabaseToWriteEjmj
 .text._ZN13CDGUSDatabase17MapDatabaseToReadEjmj
                0x000006d4       0xca CDGUSDatabase.o
                0x000006d4                _ZN13CDGUSDatabase17MapDatabaseToReadEjmj
 .text._ZN13CDGUSDatabase5UnMapEv
                0x0000079e       0x3c CDGUSDatabase.o
                0x0000079e                _ZN13CDGUSDatabase5UnMapEv
 .text._ZN16CLaserControlApp21OnTransactionCallbackEPhj
                0x000007da        0x2 CLaserControlApp.o
                0x000007da                _ZN16CLaserControlApp21OnTransactionCallbackEPhj
 .text._ZN16CLaserControlApp18OnRegisterReceivedEhPhh
                0x000007dc       0xd2 CLaserControlApp.o
                0x000007dc                _ZN16CLaserControlApp18OnRegisterReceivedEhPhh
 .text._ZN16CLaserControlApp18OnVariableReceivedEjPjj
                0x000008ae      0x198 CLaserControlApp.o
                0x000008ae                _ZN16CLaserControlApp18OnVariableReceivedEjPjj
 .text._ZN16CLaserControlAppC2Ev
                0x00000a46        0xc CLaserControlApp.o
                0x00000a46                _ZN16CLaserControlAppC2Ev
                0x00000a46                _ZN16CLaserControlAppC1Ev
 .text._ZN16CLaserControlAppD2Ev
                0x00000a52       0x10 CLaserControlApp.o
                0x00000a52                _ZN16CLaserControlAppD2Ev
                0x00000a52                _ZN16CLaserControlAppD1Ev
 .text._ZN16CLaserControlApp22CalculateLaserSettingsEP24DGUS_LASERPROFILE_STRUCT
                0x00000a62      0x14a CLaserControlApp.o
                0x00000a62                _ZN16CLaserControlApp22CalculateLaserSettingsEP24DGUS_LASERPROFILE_STRUCT
 .text._ZN16CLaserControlApp11GetVariableEjj
                0x00000bac       0x28 CLaserControlApp.o
                0x00000bac                _ZN16CLaserControlApp11GetVariableEjj
 .text._ZN16CLaserControlApp11SetVariableEjPjj
                0x00000bd4       0x20 CLaserControlApp.o
                0x00000bd4                _ZN16CLaserControlApp11SetVariableEjPjj
 .text._ZN16CLaserControlApp12SetPictureIdEj
                0x00000bf4       0x4c CLaserControlApp.o
                0x00000bf4                _ZN16CLaserControlApp12SetPictureIdEj
 .text._ZN16CLaserControlApp12OnLaserTimerEv
                0x00000c40       0x52 CLaserControlApp.o
                0x00000c40                _ZN16CLaserControlApp12OnLaserTimerEv
 .text._ZN16CLaserControlApp22OnLaserTimerStopStaticEPv
                0x00000c92        0x6 CLaserControlApp.o
                0x00000c92                _ZN16CLaserControlApp22OnLaserTimerStopStaticEPv
 .text._ZN16CLaserControlApp19OnPWMTimerOVFStaticEPv
                0x00000c98        0xa CLaserControlApp.o
                0x00000c98                _ZN16CLaserControlApp19OnPWMTimerOVFStaticEPv
 .text._ZN16CLaserControlApp19OnPWMTimerCMPStaticEPv
                0x00000ca2        0xa CLaserControlApp.o
                0x00000ca2                _ZN16CLaserControlApp19OnPWMTimerCMPStaticEPv
 .text._ZN16CLaserControlApp13MelaninPresetEj
                0x00000cac      0x16c CLaserControlApp.o
                0x00000cac                _ZN16CLaserControlApp13MelaninPresetEj
 .text._ZN16CLaserControlApp15PhototypePresetEj
                0x00000e18      0x16e CLaserControlApp.o
                0x00000e18                _ZN16CLaserControlApp15PhototypePresetEj
 .text._ZN16CLaserControlApp11CheckLimitsERjS0_16APP_PROFILE_ENUM
                0x00000f86      0x1be CLaserControlApp.o
                0x00000f86                _ZN16CLaserControlApp11CheckLimitsERjS0_16APP_PROFILE_ENUM
 .text._GLOBAL__sub_I_timer
                0x00001144       0x12 CLaserControlApp.o
 .text._GLOBAL__sub_D_timer
                0x00001156       0x12 CLaserControlApp.o
 .text._ZN16CLaserControlApp10InitializeEP9CMBSender
                0x00001168      0x224 CLaserControlApp.o
                0x00001168                _ZN16CLaserControlApp10InitializeEP9CMBSender
 .text._ZN16CLaserControlApp5StartEv
                0x0000138c       0x8c CLaserControlApp.o
                0x0000138c                _ZN16CLaserControlApp5StartEv
 .text._ZN16CLaserControlApp16OnLaserTimerStopEv
                0x00001418       0x26 CLaserControlApp.o
                0x00001418                _ZN16CLaserControlApp16OnLaserTimerStopEv
 .text._ZN16CLaserControlApp18OnLaserTimerStaticEPv
                0x0000143e        0x6 CLaserControlApp.o
                0x0000143e                _ZN16CLaserControlApp18OnLaserTimerStaticEPv
 .text._ZN16CLaserControlApp3RunEv
                0x00001444      0xc36 CLaserControlApp.o
                0x00001444                _ZN16CLaserControlApp3RunEv
 .text._ZN16CLaserControlApp7OnTimerEv
                0x0000207a      0x1a0 CLaserControlApp.o
                0x0000207a                _ZN16CLaserControlApp7OnTimerEv
 .text._ZN16CLaserControlApp13OnTimerStaticEPv
                0x0000221a        0x6 CLaserControlApp.o
                0x0000221a                _ZN16CLaserControlApp13OnTimerStaticEPv
 .text._ZN16CLaserControlApp6OnINT0Ev
                0x00002220      0x120 CLaserControlApp.o
                0x00002220                _ZN16CLaserControlApp6OnINT0Ev
 .text._ZN16CLaserControlApp12OnINT0StaticEPv
                0x00002340        0x6 CLaserControlApp.o
                0x00002340                _ZN16CLaserControlApp12OnINT0StaticEPv
 .text._Z11ConvertDataPvS_jj
                0x00002346       0x58 DGUSGUI.o
                0x00002346                _Z11ConvertDataPvS_jj
 .text._Z3minjj
                0x0000239e        0xa DGUSGUI.o
                0x0000239e                _Z3minjj
 .text._Z3maxjj
                0x000023a8        0xa DGUSGUI.o
                0x000023a8                _Z3maxjj
 .text._Z4swapj
                0x000023b2        0x8 DGUSGUI.o
                0x000023b2                _Z4swapj
 .text._Z6swap32m
                0x000023ba        0x8 DGUSGUI.o
                0x000023ba                _Z6swap32m
 .text._ZN4CSPIC2Ev
                0x000023c2        0x2 LaserLib/CSPI.o
                0x000023c2                _ZN4CSPIC2Ev
                0x000023c2                _ZN4CSPIC1Ev
 .text._ZN4CSPID2Ev
                0x000023c4        0x2 LaserLib/CSPI.o
                0x000023c4                _ZN4CSPID2Ev
                0x000023c4                _ZN4CSPID1Ev
 .text._ZN4CSPI10InitializeEb19SPI_DATA_ORDER_ENUM13SPI_MODE_ENUMb18SPI_PRESCALER_enum
                0x000023c6       0x82 LaserLib/CSPI.o
                0x000023c6                _ZN4CSPI10InitializeEb19SPI_DATA_ORDER_ENUM13SPI_MODE_ENUMb18SPI_PRESCALER_enum
 .text._ZN4CSPI4SendEPhj
                0x00002448       0x40 LaserLib/CSPI.o
                0x00002448                _ZN4CSPI4SendEPhj
 .text._ZN4CSPI10OnTransmitEv
                0x00002488       0x30 LaserLib/CSPI.o
                0x00002488                _ZN4CSPI10OnTransmitEv
 .text._ZN4CSPI16StaticOnTransmitEPv
                0x000024b8        0x6 LaserLib/CSPI.o
                0x000024b8                _ZN4CSPI16StaticOnTransmitEPv
 .text._ZN6CTimerC2Ev
                0x000024be        0xc LaserLib/CTimer.o
                0x000024be                _ZN6CTimerC1Ev
                0x000024be                _ZN6CTimerC2Ev
 .text._ZN6CTimerD2Ev
                0x000024ca        0x2 LaserLib/CTimer.o
                0x000024ca                _ZN6CTimerD1Ev
                0x000024ca                _ZN6CTimerD2Ev
 .text._ZN7CTimer1C2Ev
                0x000024cc        0xc LaserLib/CTimer1.o
                0x000024cc                _ZN7CTimer1C1Ev
                0x000024cc                _ZN7CTimer1C2Ev
 .text._ZN7CTimer1D2Ev
                0x000024d8        0x2 LaserLib/CTimer1.o
                0x000024d8                _ZN7CTimer1D1Ev
                0x000024d8                _ZN7CTimer1D2Ev
 .text._ZN6CUSARTC2Ev
                0x000024da        0xc LaserLib/CUSART.o
                0x000024da                _ZN6CUSARTC2Ev
                0x000024da                _ZN6CUSARTC1Ev
 .text._ZN6CUSARTD2Ev
                0x000024e6        0x2 LaserLib/CUSART.o
                0x000024e6                _ZN6CUSARTD1Ev
                0x000024e6                _ZN6CUSARTD2Ev
 .text.__vector_1
                0x000024e8       0x62 LaserLib/intx128.o
                0x000024e8                __vector_1
 .text.__vector_2
                0x0000254a       0x62 LaserLib/intx128.o
                0x0000254a                __vector_2
 .text.__vector_3
                0x000025ac       0x62 LaserLib/intx128.o
                0x000025ac                __vector_3
 .text.__vector_4
                0x0000260e       0x62 LaserLib/intx128.o
                0x0000260e                __vector_4
 .text.__vector_5
                0x00002670       0x62 LaserLib/intx128.o
                0x00002670                __vector_5
 .text.__vector_6
                0x000026d2       0x62 LaserLib/intx128.o
                0x000026d2                __vector_6
 .text.__vector_7
                0x00002734       0x62 LaserLib/intx128.o
                0x00002734                __vector_7
 .text.__vector_8
                0x00002796       0x62 LaserLib/intx128.o
                0x00002796                __vector_8
 .text.__vector_9
                0x000027f8       0x62 LaserLib/intx128.o
                0x000027f8                __vector_9
 .text.__vector_10
                0x0000285a       0x62 LaserLib/intx128.o
                0x0000285a                __vector_10
 .text.__vector_11
                0x000028bc       0x62 LaserLib/intx128.o
                0x000028bc                __vector_11
 .text.__vector_12
                0x0000291e       0x62 LaserLib/intx128.o
                0x0000291e                __vector_12
 .text.__vector_13
                0x00002980       0x62 LaserLib/intx128.o
                0x00002980                __vector_13
 .text.__vector_14
                0x000029e2       0x62 LaserLib/intx128.o
                0x000029e2                __vector_14
 .text.__vector_15
                0x00002a44       0x62 LaserLib/intx128.o
                0x00002a44                __vector_15
 .text.__vector_16
                0x00002aa6       0x62 LaserLib/intx128.o
                0x00002aa6                __vector_16
 .text.__vector_17
                0x00002b08       0x62 LaserLib/intx128.o
                0x00002b08                __vector_17
 .text.__vector_18
                0x00002b6a       0x62 LaserLib/intx128.o
                0x00002b6a                __vector_18
 .text.__vector_19
                0x00002bcc       0x62 LaserLib/intx128.o
                0x00002bcc                __vector_19
 .text.__vector_20
                0x00002c2e       0x62 LaserLib/intx128.o
                0x00002c2e                __vector_20
 .text.__vector_21
                0x00002c90       0x62 LaserLib/intx128.o
                0x00002c90                __vector_21
 .text.__vector_22
                0x00002cf2       0x62 LaserLib/intx128.o
                0x00002cf2                __vector_22
 .text.__vector_23
                0x00002d54       0x62 LaserLib/intx128.o
                0x00002d54                __vector_23
 .text.__vector_24
                0x00002db6       0x62 LaserLib/intx128.o
                0x00002db6                __vector_24
 .text.__vector_25
                0x00002e18       0x62 LaserLib/intx128.o
                0x00002e18                __vector_25
 .text.__vector_26
                0x00002e7a       0x62 LaserLib/intx128.o
                0x00002e7a                __vector_26
 .text.__vector_27
                0x00002edc       0x62 LaserLib/intx128.o
                0x00002edc                __vector_27
 .text.__vector_28
                0x00002f3e       0x62 LaserLib/intx128.o
                0x00002f3e                __vector_28
 .text.__vector_29
                0x00002fa0       0x62 LaserLib/intx128.o
                0x00002fa0                __vector_29
 .text.__vector_30
                0x00003002       0x62 LaserLib/intx128.o
                0x00003002                __vector_30
 .text.__vector_31
                0x00003064       0x62 LaserLib/intx128.o
                0x00003064                __vector_31
 .text.__vector_32
                0x000030c6       0x62 LaserLib/intx128.o
                0x000030c6                __vector_32
 .text.__vector_33
                0x00003128       0x62 LaserLib/intx128.o
                0x00003128                __vector_33
 .text.__vector_34
                0x0000318a       0x62 LaserLib/intx128.o
                0x0000318a                __vector_34
 .text.__vector_35
                0x000031ec       0x62 LaserLib/intx128.o
                0x000031ec                __vector_35
 .text.__vector_36
                0x0000324e       0x62 LaserLib/intx128.o
                0x0000324e                __vector_36
 .text.__vector_37
                0x000032b0       0x62 LaserLib/intx128.o
                0x000032b0                __vector_37
 .text.__vector_38
                0x00003312       0x62 LaserLib/intx128.o
                0x00003312                __vector_38
 .text.__vector_39
                0x00003374       0x62 LaserLib/intx128.o
                0x00003374                __vector_39
 .text.__vector_40
                0x000033d6       0x62 LaserLib/intx128.o
                0x000033d6                __vector_40
 .text.__vector_41
                0x00003438       0x62 LaserLib/intx128.o
                0x00003438                __vector_41
 .text.__vector_42
                0x0000349a       0x62 LaserLib/intx128.o
                0x0000349a                __vector_42
 .text.__vector_43
                0x000034fc       0x62 LaserLib/intx128.o
                0x000034fc                __vector_43
 .text.__vector_44
                0x0000355e       0x62 LaserLib/intx128.o
                0x0000355e                __vector_44
 .text.__vector_45
                0x000035c0       0x62 LaserLib/intx128.o
                0x000035c0                __vector_45
 .text.__vector_46
                0x00003622       0x62 LaserLib/intx128.o
                0x00003622                __vector_46
 .text.__vector_47
                0x00003684       0x62 LaserLib/intx128.o
                0x00003684                __vector_47
 .text.__vector_48
                0x000036e6       0x62 LaserLib/intx128.o
                0x000036e6                __vector_48
 .text.__vector_49
                0x00003748       0x62 LaserLib/intx128.o
                0x00003748                __vector_49
 .text.__vector_50
                0x000037aa       0x62 LaserLib/intx128.o
                0x000037aa                __vector_50
 .text.__vector_51
                0x0000380c       0x62 LaserLib/intx128.o
                0x0000380c                __vector_51
 .text.__vector_52
                0x0000386e       0x62 LaserLib/intx128.o
                0x0000386e                __vector_52
 .text.__vector_53
                0x000038d0       0x62 LaserLib/intx128.o
                0x000038d0                __vector_53
 .text.__vector_54
                0x00003932       0x62 LaserLib/intx128.o
                0x00003932                __vector_54
 .text.__vector_55
                0x00003994       0x62 LaserLib/intx128.o
                0x00003994                __vector_55
 .text.__vector_56
                0x000039f6       0x62 LaserLib/intx128.o
                0x000039f6                __vector_56
 .text.__vector_57
                0x00003a58       0x62 LaserLib/intx128.o
                0x00003a58                __vector_57
 .text.__vector_58
                0x00003aba       0x62 LaserLib/intx128.o
                0x00003aba                __vector_58
 .text.__vector_59
                0x00003b1c       0x62 LaserLib/intx128.o
                0x00003b1c                __vector_59
 .text.__vector_60
                0x00003b7e       0x62 LaserLib/intx128.o
                0x00003b7e                __vector_60
 .text.__vector_61
                0x00003be0       0x62 LaserLib/intx128.o
                0x00003be0                __vector_61
 .text.__vector_62
                0x00003c42       0x62 LaserLib/intx128.o
                0x00003c42                __vector_62
 .text.__vector_63
                0x00003ca4       0x62 LaserLib/intx128.o
                0x00003ca4                __vector_63
 .text.__vector_64
                0x00003d06       0x62 LaserLib/intx128.o
                0x00003d06                __vector_64
 .text.__vector_65
                0x00003d68       0x62 LaserLib/intx128.o
                0x00003d68                __vector_65
 .text.__vector_66
                0x00003dca       0x62 LaserLib/intx128.o
                0x00003dca                __vector_66
 .text.__vector_67
                0x00003e2c       0x62 LaserLib/intx128.o
                0x00003e2c                __vector_67
 .text.__vector_68
                0x00003e8e       0x62 LaserLib/intx128.o
                0x00003e8e                __vector_68
 .text.__vector_69
                0x00003ef0       0x62 LaserLib/intx128.o
                0x00003ef0                __vector_69
 .text.__vector_70
                0x00003f52       0x62 LaserLib/intx128.o
                0x00003f52                __vector_70
 .text.__vector_71
                0x00003fb4       0x62 LaserLib/intx128.o
                0x00003fb4                __vector_71
 .text.__vector_72
                0x00004016       0x62 LaserLib/intx128.o
                0x00004016                __vector_72
 .text.__vector_73
                0x00004078       0x62 LaserLib/intx128.o
                0x00004078                __vector_73
 .text.__vector_74
                0x000040da       0x62 LaserLib/intx128.o
                0x000040da                __vector_74
 .text.__vector_77
                0x0000413c       0x62 LaserLib/intx128.o
                0x0000413c                __vector_77
 .text.__vector_78
                0x0000419e       0x62 LaserLib/intx128.o
                0x0000419e                __vector_78
 .text.__vector_79
                0x00004200       0x62 LaserLib/intx128.o
                0x00004200                __vector_79
 .text.__vector_80
                0x00004262       0x62 LaserLib/intx128.o
                0x00004262                __vector_80
 .text.__vector_81
                0x000042c4       0x62 LaserLib/intx128.o
                0x000042c4                __vector_81
 .text.__vector_82
                0x00004326       0x62 LaserLib/intx128.o
                0x00004326                __vector_82
 .text.__vector_83
                0x00004388       0x62 LaserLib/intx128.o
                0x00004388                __vector_83
 .text.__vector_84
                0x000043ea       0x62 LaserLib/intx128.o
                0x000043ea                __vector_84
 .text.__vector_85
                0x0000444c       0x62 LaserLib/intx128.o
                0x0000444c                __vector_85
 .text.__vector_86
                0x000044ae       0x62 LaserLib/intx128.o
                0x000044ae                __vector_86
 .text.__vector_87
                0x00004510       0x62 LaserLib/intx128.o
                0x00004510                __vector_87
 .text.__vector_88
                0x00004572       0x62 LaserLib/intx128.o
                0x00004572                __vector_88
 .text.__vector_89
                0x000045d4       0x62 LaserLib/intx128.o
                0x000045d4                __vector_89
 .text.__vector_90
                0x00004636       0x62 LaserLib/intx128.o
                0x00004636                __vector_90
 .text.__vector_91
                0x00004698       0x62 LaserLib/intx128.o
                0x00004698                __vector_91
 .text.__vector_92
                0x000046fa       0x62 LaserLib/intx128.o
                0x000046fa                __vector_92
 .text.__vector_93
                0x0000475c       0x62 LaserLib/intx128.o
                0x0000475c                __vector_93
 .text.__vector_104
                0x000047be       0x62 LaserLib/intx128.o
                0x000047be                __vector_104
 .text.__vector_105
                0x00004820       0x62 LaserLib/intx128.o
                0x00004820                __vector_105
 .text.__vector_108
                0x00004882       0x62 LaserLib/intx128.o
                0x00004882                __vector_108
 .text.__vector_109
                0x000048e4       0x62 LaserLib/intx128.o
                0x000048e4                __vector_109
 .text.__vector_110
                0x00004946       0x62 LaserLib/intx128.o
                0x00004946                __vector_110
 .text.__vector_111
                0x000049a8       0x62 LaserLib/intx128.o
                0x000049a8                __vector_111
 .text.__vector_112
                0x00004a0a       0x62 LaserLib/intx128.o
                0x00004a0a                __vector_112
 .text.__vector_113
                0x00004a6c       0x62 LaserLib/intx128.o
                0x00004a6c                __vector_113
 .text.__vector_119
                0x00004ace       0x62 LaserLib/intx128.o
                0x00004ace                __vector_119
 .text.__vector_120
                0x00004b30       0x62 LaserLib/intx128.o
                0x00004b30                __vector_120
 .text.__vector_121
                0x00004b92       0x62 LaserLib/intx128.o
                0x00004b92                __vector_121
 .text.__cxa_pure_virtual
                0x00004bf4        0x6 main.o
                0x00004bf4                __cxa_pure_virtual
 .text._GLOBAL__sub_I_dacSPI
                0x00004bfa       0x5a main.o
 .text._GLOBAL__sub_D_dacSPI
                0x00004c54       0x5a main.o
 .text._Z16SystemInitializev
                0x00004cae      0x14a main.o
                0x00004cae                _Z16SystemInitializev
 .text.main     0x00004df8      0x104 main.o
                0x00004df8                main
 .text._ZN16CMBEventsHandler13FillRegDataTxEhPhh
                0x00004efc       0x62 MODBUS/CMBProtocol.o
                0x00004efc                _ZN16CMBEventsHandler13FillRegDataTxEhPhh
 .text._ZN16CMBEventsHandler13FillRegDataRqEhh
                0x00004f5e       0x3e MODBUS/CMBProtocol.o
                0x00004f5e                _ZN16CMBEventsHandler13FillRegDataRqEhh
 .text._ZN16CMBEventsHandler13FillVarDataTxEjPjj
                0x00004f9c       0x90 MODBUS/CMBProtocol.o
                0x00004f9c                _ZN16CMBEventsHandler13FillVarDataTxEjPjj
 .text._ZN16CMBEventsHandler13FillVarDataRqEjj
                0x0000502c       0x46 MODBUS/CMBProtocol.o
                0x0000502c                _ZN16CMBEventsHandler13FillVarDataRqEjj
 .text._ZN16CMBEventsHandler15AllocateBuffersEjj
                0x00005072       0x36 MODBUS/CMBProtocol.o
                0x00005072                _ZN16CMBEventsHandler15AllocateBuffersEjj
 .text._ZN16CMBEventsHandler11FreeBuffersEv
                0x000050a8       0x1c MODBUS/CMBProtocol.o
                0x000050a8                _ZN16CMBEventsHandler11FreeBuffersEv
 .text._ZN16CMBEventsHandlerD2Ev
                0x000050c4        0x2 MODBUS/CMBProtocol.o
                0x000050c4                _ZN16CMBEventsHandlerD2Ev
                0x000050c4                _ZN16CMBEventsHandlerD1Ev
 .text._ZN9CMBSender18OnVariableReceivedEjPjj
                0x000050c6       0x1e MODBUS/CMBSender.o
                0x000050c6                _ZN9CMBSender18OnVariableReceivedEjPjj
 .text._ZN9CMBSender18OnRegisterReceivedEhPhh
                0x000050e4       0x1e MODBUS/CMBSender.o
                0x000050e4                _ZN9CMBSender18OnRegisterReceivedEhPhh
 .text._ZN9CMBSenderC2Ev
                0x00005102        0xc MODBUS/CMBSender.o
                0x00005102                _ZN9CMBSenderC2Ev
                0x00005102                _ZN9CMBSenderC1Ev
 .text._ZN9CMBSender10InitializeEP6CTimerP6CUSARTP16CMBEventsHandlerjjj
                0x0000510e       0xde MODBUS/CMBSender.o
                0x0000510e                _ZN9CMBSender10InitializeEP6CTimerP6CUSARTP16CMBEventsHandlerjjj
 .text._ZN9CMBSenderD2Ev
                0x000051ec       0x10 MODBUS/CMBSender.o
                0x000051ec                _ZN9CMBSenderD1Ev
                0x000051ec                _ZN9CMBSenderD2Ev
 .text._ZN9CMBSender13OnReceiveByteEh
                0x000051fc      0x15a MODBUS/CMBSender.o
                0x000051fc                _ZN9CMBSender13OnReceiveByteEh
 .text._ZN9CMBSender18OnUSARTRxInterruptEPv
                0x00005356       0x26 MODBUS/CMBSender.o
                0x00005356                _ZN9CMBSender18OnUSARTRxInterruptEPv
 .text._ZN9CMBSender9OnTimeoutEv
                0x0000537c       0x28 MODBUS/CMBSender.o
                0x0000537c                _ZN9CMBSender9OnTimeoutEv
 .text._ZN9CMBSender18OnTimeoutInterruptEPv
                0x000053a4        0x6 MODBUS/CMBSender.o
                0x000053a4                _ZN9CMBSender18OnTimeoutInterruptEPv
 .text._ZN9CMBSender19StartMODBUSListenerEv
                0x000053aa       0x32 MODBUS/CMBSender.o
                0x000053aa                _ZN9CMBSender19StartMODBUSListenerEv
 .text._ZN9CMBSender14OnTransmitByteEv
                0x000053dc       0x92 MODBUS/CMBSender.o
                0x000053dc                _ZN9CMBSender14OnTransmitByteEv
 .text._ZN9CMBSender18OnUSARTTxInterruptEPv
                0x0000546e        0x6 MODBUS/CMBSender.o
                0x0000546e                _ZN9CMBSender18OnUSARTTxInterruptEPv
 .text._ZN9CMBSender18WaitMODBUSListenerEv
                0x00005474       0x22 MODBUS/CMBSender.o
                0x00005474                _ZN9CMBSender18WaitMODBUSListenerEv
 .text._ZN9CMBSender22StartMODBUSTransmitterEv
                0x00005496       0x2a MODBUS/CMBSender.o
                0x00005496                _ZN9CMBSender22StartMODBUSTransmitterEv
 .text._ZN9CMBSender24WriteDataToRegisterAsyncEhPhh
                0x000054c0       0x1e MODBUS/CMBSender.o
                0x000054c0                _ZN9CMBSender24WriteDataToRegisterAsyncEhPhh
 .text._ZN9CMBSender20WriteDataToSRAMAsyncEjPjj
                0x000054de       0x1e MODBUS/CMBSender.o
                0x000054de                _ZN9CMBSender20WriteDataToSRAMAsyncEjPjj
 .text._ZN9CMBSender28RequestDataFromRegisterAsyncEhh
                0x000054fc       0x1e MODBUS/CMBSender.o
                0x000054fc                _ZN9CMBSender28RequestDataFromRegisterAsyncEhh
 .text._ZN9CMBSender24RequestDataFromSRAMAsyncEjh
                0x0000551a       0x20 MODBUS/CMBSender.o
                0x0000551a                _ZN9CMBSender24RequestDataFromSRAMAsyncEjh
 .text._ZN9CMBSender21WaitMODBUSTransmitterEv
                0x0000553a       0x22 MODBUS/CMBSender.o
                0x0000553a                _ZN9CMBSender21WaitMODBUSTransmitterEv
 .text._ZN9CMBSender30StartMODBUSRegisterTransactionEhh
                0x0000555c        0xc MODBUS/CMBSender.o
                0x0000555c                _ZN9CMBSender30StartMODBUSRegisterTransactionEhh
 .text._ZN9CMBSender30StartMODBUSVariableTransactionEjh
                0x00005568        0xc MODBUS/CMBSender.o
                0x00005568                _ZN9CMBSender30StartMODBUSVariableTransactionEjh
 .text._ZN9CMBSender18ProcessTransactionEPhj
                0x00005574       0x62 MODBUS/CMBSender.o
                0x00005574                _ZN9CMBSender18ProcessTransactionEPhj
 .text._ZN9CMBSender21OnTransactionCallbackEPhj
                0x000055d6        0x6 MODBUS/CMBSender.o
                0x000055d6                _ZN9CMBSender21OnTransactionCallbackEPhj
 .text._ZN10CDGUSUSART10InitializeE13BAUDRATE_ENUM11PARITY_ENUM12STOBITS_ENUMb
                0x000055dc       0x76 Periphery/CDGUSUSART.o
                0x000055dc                _ZN10CDGUSUSART10InitializeE13BAUDRATE_ENUM11PARITY_ENUM12STOBITS_ENUMb
 .text._ZN10CDGUSUSART15GetReceivedByteEv
                0x00005652        0x6 Periphery/CDGUSUSART.o
                0x00005652                _ZN10CDGUSUSART15GetReceivedByteEv
 .text._ZN10CDGUSUSART19SetTransmittingByteEh
                0x00005658        0x6 Periphery/CDGUSUSART.o
                0x00005658                _ZN10CDGUSUSART19SetTransmittingByteEh
 .text._ZN10CDGUSUSART14IsTransmittingEv
                0x0000565e       0x10 Periphery/CDGUSUSART.o
                0x0000565e                _ZN10CDGUSUSART14IsTransmittingEv
 .text._ZN10CDGUSUSART11IsReceivingEv
                0x0000566e        0xe Periphery/CDGUSUSART.o
                0x0000566e                _ZN10CDGUSUSART11IsReceivingEv
 .text._ZN10CDGUSUSART11IsDataEmptyEv
                0x0000567c       0x10 Periphery/CDGUSUSART.o
                0x0000567c                _ZN10CDGUSUSART11IsDataEmptyEv
 .text._ZN10CDGUSUSART25SetRxInterruptionCallbackEPvPFvS0_E
                0x0000568c       0x12 Periphery/CDGUSUSART.o
                0x0000568c                _ZN10CDGUSUSART25SetRxInterruptionCallbackEPvPFvS0_E
 .text._ZN10CDGUSUSART25SetTxInterruptionCallbackEPvPFvS0_E
                0x0000569e       0x12 Periphery/CDGUSUSART.o
                0x0000569e                _ZN10CDGUSUSART25SetTxInterruptionCallbackEPvPFvS0_E
 .text._ZN10CDGUSUSART12SetDMARxTrigEP13DMA_CH_struct
                0x000056b0       0x12 Periphery/CDGUSUSART.o
                0x000056b0                _ZN10CDGUSUSART12SetDMARxTrigEP13DMA_CH_struct
 .text._ZN10CDGUSUSART12SetDMATxTrigEP13DMA_CH_struct
                0x000056c2       0x12 Periphery/CDGUSUSART.o
                0x000056c2                _ZN10CDGUSUSART12SetDMATxTrigEP13DMA_CH_struct
 .text._ZN10CDGUSUSARTC2Ev
                0x000056d4       0x18 Periphery/CDGUSUSART.o
                0x000056d4                _ZN10CDGUSUSARTC1Ev
                0x000056d4                _ZN10CDGUSUSARTC2Ev
 .text._ZN10CDGUSUSARTD2Ev
                0x000056ec       0x10 Periphery/CDGUSUSART.o
                0x000056ec                _ZN10CDGUSUSARTD2Ev
                0x000056ec                _ZN10CDGUSUSARTD1Ev
 .text._ZN8CDS18B20C2Ev
                0x000056fc        0x2 Periphery/CDS18B20.o
                0x000056fc                _ZN8CDS18B20C2Ev
                0x000056fc                _ZN8CDS18B20C1Ev
 .text._ZN8CDS18B20D2Ev
                0x000056fe        0x2 Periphery/CDS18B20.o
                0x000056fe                _ZN8CDS18B20D1Ev
                0x000056fe                _ZN8CDS18B20D2Ev
 .text._ZN8CDS18B207w1_findEv
                0x00005700       0x3a Periphery/CDS18B20.o
                0x00005700                _ZN8CDS18B207w1_findEv
 .text._ZN8CDS18B2010w1_sendcmdEh
                0x0000573a       0x6e Periphery/CDS18B20.o
                0x0000573a                _ZN8CDS18B2010w1_sendcmdEh
 .text._ZN8CDS18B2015w1_receive_byteEv
                0x000057a8       0x66 Periphery/CDS18B20.o
                0x000057a8                _ZN8CDS18B2015w1_receive_byteEv
 .text._ZN8CDS18B2010temp_18b20Ev
                0x0000580e       0x88 Periphery/CDS18B20.o
                0x0000580e                _ZN8CDS18B2010temp_18b20Ev
 .text._ZN8CDS18B2010InitializeEv
                0x00005896        0xc Periphery/CDS18B20.o
                0x00005896                _ZN8CDS18B2010InitializeEv
 .text._ZN11CLaserBoardC2Ev
                0x000058a2        0x2 Periphery/CLaserBoard.o
                0x000058a2                _ZN11CLaserBoardC1Ev
                0x000058a2                _ZN11CLaserBoardC2Ev
 .text._ZN11CLaserBoardD2Ev
                0x000058a4        0x2 Periphery/CLaserBoard.o
                0x000058a4                _ZN11CLaserBoardD2Ev
                0x000058a4                _ZN11CLaserBoardD1Ev
 .text._ZN11CLaserBoard12InitializeIOEv
                0x000058a6       0xc0 Periphery/CLaserBoard.o
                0x000058a6                _ZN11CLaserBoard12InitializeIOEv
 .text._ZN11CLaserBoard15InitializeClockEv
                0x00005966       0x6a Periphery/CLaserBoard.o
                0x00005966                _ZN11CLaserBoard15InitializeClockEv
 .text._ZN11CLaserBoard5PWMOnEv
                0x000059d0        0x8 Periphery/CLaserBoard.o
                0x000059d0                _ZN11CLaserBoard5PWMOnEv
 .text._ZN11CLaserBoard6PWMOffEv
                0x000059d8        0x8 Periphery/CLaserBoard.o
                0x000059d8                _ZN11CLaserBoard6PWMOffEv
 .text._ZN11CLaserBoard8Relay1OnEv
                0x000059e0        0x8 Periphery/CLaserBoard.o
                0x000059e0                _ZN11CLaserBoard8Relay1OnEv
 .text._ZN11CLaserBoard8Relay2OnEv
                0x000059e8        0x8 Periphery/CLaserBoard.o
                0x000059e8                _ZN11CLaserBoard8Relay2OnEv
 .text._ZN11CLaserBoard9Relay2OffEv
                0x000059f0        0x8 Periphery/CLaserBoard.o
                0x000059f0                _ZN11CLaserBoard9Relay2OffEv
 .text._ZN11CLaserBoard12LaserPowerOnEv
                0x000059f8        0x8 Periphery/CLaserBoard.o
                0x000059f8                _ZN11CLaserBoard12LaserPowerOnEv
 .text._ZN11CLaserBoard13LaserPowerOffEv
                0x00005a00        0x8 Periphery/CLaserBoard.o
                0x00005a00                _ZN11CLaserBoard13LaserPowerOffEv
 .text._ZN11CLaserBoard4BeepEv
                0x00005a08       0x30 Periphery/CLaserBoard.o
                0x00005a08                _ZN11CLaserBoard4BeepEv
 .text._ZN11CLaserBoard14BeepClassErrorEv
                0x00005a38       0x54 Periphery/CLaserBoard.o
                0x00005a38                _ZN11CLaserBoard14BeepClassErrorEv
 .text._ZN11CLaserBoard9PortCheckEv
                0x00005a8c        0xa Periphery/CLaserBoard.o
                0x00005a8c                _ZN11CLaserBoard9PortCheckEv
 .text._ZN11CLaserBoard10FootswitchEv
                0x00005a96        0x8 Periphery/CLaserBoard.o
                0x00005a96                _ZN11CLaserBoard10FootswitchEv
 .text._ZN12CSoundPlayerC2Ev
                0x00005a9e        0x2 Periphery/CSoundPlayer.o
                0x00005a9e                _ZN12CSoundPlayerC2Ev
                0x00005a9e                _ZN12CSoundPlayerC1Ev
 .text._ZN12CSoundPlayerD2Ev
                0x00005aa0        0x2 Periphery/CSoundPlayer.o
                0x00005aa0                _ZN12CSoundPlayerD1Ev
                0x00005aa0                _ZN12CSoundPlayerD2Ev
 .text._ZN12CSoundPlayer19InitializeToneTimerEv
                0x00005aa2       0x22 Periphery/CSoundPlayer.o
                0x00005aa2                _ZN12CSoundPlayer19InitializeToneTimerEv
 .text._ZN12CSoundPlayer23InitializeDurationTimerEv
                0x00005ac4       0x18 Periphery/CSoundPlayer.o
                0x00005ac4                _ZN12CSoundPlayer23InitializeDurationTimerEv
 .text._ZN12CSoundPlayer10SoundStartEjjh
                0x00005adc       0x68 Periphery/CSoundPlayer.o
                0x00005adc                _ZN12CSoundPlayer10SoundStartEjjh
 .text._ZN12CSoundPlayer9SoundStopEv
                0x00005b44       0x3c Periphery/CSoundPlayer.o
                0x00005b44                _ZN12CSoundPlayer9SoundStopEv
 .text._ZN12CSoundPlayer10InitializeEv
                0x00005b80       0x16 Periphery/CSoundPlayer.o
                0x00005b80                _ZN12CSoundPlayer10InitializeEv
 .text._ZN7CTimerC10InitializeE27TIMER_WAVEFORMGEN_MODE_ENUM22TIMER_CLOCKSELECT_ENUM
                0x00005b96       0x36 Periphery/CTimerC.o
                0x00005b96                _ZN7CTimerC10InitializeE27TIMER_WAVEFORMGEN_MODE_ENUM22TIMER_CLOCKSELECT_ENUM
 .text._ZN7CTimerC5StartEj
                0x00005bcc       0x1a Periphery/CTimerC.o
                0x00005bcc                _ZN7CTimerC5StartEj
 .text._ZN7CTimerC4StopEv
                0x00005be6       0x10 Periphery/CTimerC.o
                0x00005be6                _ZN7CTimerC4StopEv
 .text._ZN7CTimerC13EnableChannelE19TIMER_CHANNELS_ENUM
                0x00005bf6        0xe Periphery/CTimerC.o
                0x00005bf6                _ZN7CTimerC13EnableChannelE19TIMER_CHANNELS_ENUM
 .text._ZN7CTimerC14DisableChannelE19TIMER_CHANNELS_ENUM
                0x00005c04        0xe Periphery/CTimerC.o
                0x00005c04                _ZN7CTimerC14DisableChannelE19TIMER_CHANNELS_ENUM
 .text._ZN7CTimerC9SetPeriodEj
                0x00005c12        0xa Periphery/CTimerC.o
                0x00005c12                _ZN7CTimerC9SetPeriodEj
 .text._ZN7CTimerC8SetCOMPAEj
                0x00005c1c        0xa Periphery/CTimerC.o
                0x00005c1c                _ZN7CTimerC8SetCOMPAEj
 .text._ZN7CTimerC8SetCOMPBEj
                0x00005c26        0xa Periphery/CTimerC.o
                0x00005c26                _ZN7CTimerC8SetCOMPBEj
 .text._ZN7CTimerC8SetCOMPCEj
                0x00005c30        0xa Periphery/CTimerC.o
                0x00005c30                _ZN7CTimerC8SetCOMPCEj
 .text._ZN7CTimerC8SetCOMPDEj
                0x00005c3a        0xa Periphery/CTimerC.o
                0x00005c3a                _ZN7CTimerC8SetCOMPDEj
 .text._ZN7CTimerC14SetOVFCallbackEPFvPvES0_17TC_OVFINTLVL_enum
                0x00005c44       0x24 Periphery/CTimerC.o
                0x00005c44                _ZN7CTimerC14SetOVFCallbackEPFvPvES0_17TC_OVFINTLVL_enum
 .text._ZN7CTimerC14SetERRCallbackEPFvPvES0_17TC_ERRINTLVL_enum
                0x00005c68       0x24 Periphery/CTimerC.o
                0x00005c68                _ZN7CTimerC14SetERRCallbackEPFvPvES0_17TC_ERRINTLVL_enum
 .text._ZN7CTimerC16SetCOMPACallbackEPFvPvES0_17TC_CCAINTLVL_enum
                0x00005c8c       0x24 Periphery/CTimerC.o
                0x00005c8c                _ZN7CTimerC16SetCOMPACallbackEPFvPvES0_17TC_CCAINTLVL_enum
 .text._ZN7CTimerC16SetCOMPBCallbackEPFvPvES0_17TC_CCBINTLVL_enum
                0x00005cb0       0x24 Periphery/CTimerC.o
                0x00005cb0                _ZN7CTimerC16SetCOMPBCallbackEPFvPvES0_17TC_CCBINTLVL_enum
 .text._ZN7CTimerC16SetCOMPCCallbackEPFvPvES0_17TC_CCCINTLVL_enum
                0x00005cd4       0x24 Periphery/CTimerC.o
                0x00005cd4                _ZN7CTimerC16SetCOMPCCallbackEPFvPvES0_17TC_CCCINTLVL_enum
 .text._ZN7CTimerC16SetCOMPDCallbackEPFvPvES0_17TC_CCDINTLVL_enum
                0x00005cf8       0x24 Periphery/CTimerC.o
                0x00005cf8                _ZN7CTimerC16SetCOMPDCallbackEPFvPvES0_17TC_CCDINTLVL_enum
 .text._ZN7CTimerCC2Ev
                0x00005d1c       0x18 Periphery/CTimerC.o
                0x00005d1c                _ZN7CTimerCC1Ev
                0x00005d1c                _ZN7CTimerCC2Ev
 .text._ZN7CTimerCD2Ev
                0x00005d34       0x10 Periphery/CTimerC.o
                0x00005d34                _ZN7CTimerCD1Ev
                0x00005d34                _ZN7CTimerCD2Ev
 .text._ZN8CTimerC110InitializeE27TIMER_WAVEFORMGEN_MODE_ENUM22TIMER_CLOCKSELECT_ENUM
                0x00005d44       0x2e Periphery/CTimerC1.o
                0x00005d44                _ZN8CTimerC110InitializeE27TIMER_WAVEFORMGEN_MODE_ENUM22TIMER_CLOCKSELECT_ENUM
 .text._ZN8CTimerC15StartEj
                0x00005d72       0x1a Periphery/CTimerC1.o
                0x00005d72                _ZN8CTimerC15StartEj
 .text._ZN8CTimerC14StopEv
                0x00005d8c       0x10 Periphery/CTimerC1.o
                0x00005d8c                _ZN8CTimerC14StopEv
 .text._ZN8CTimerC15ResetEv
                0x00005d9c       0x14 Periphery/CTimerC1.o
                0x00005d9c                _ZN8CTimerC15ResetEv
 .text._ZN8CTimerC113EnableChannelE19TIMER_CHANNELS_ENUM
                0x00005db0        0xe Periphery/CTimerC1.o
                0x00005db0                _ZN8CTimerC113EnableChannelE19TIMER_CHANNELS_ENUM
 .text._ZN8CTimerC114DisableChannelE19TIMER_CHANNELS_ENUM
                0x00005dbe        0xe Periphery/CTimerC1.o
                0x00005dbe                _ZN8CTimerC114DisableChannelE19TIMER_CHANNELS_ENUM
 .text._ZN8CTimerC19SetPeriodEj
                0x00005dcc        0xa Periphery/CTimerC1.o
                0x00005dcc                _ZN8CTimerC19SetPeriodEj
 .text._ZN8CTimerC18SetCOMPAEj
                0x00005dd6        0xa Periphery/CTimerC1.o
                0x00005dd6                _ZN8CTimerC18SetCOMPAEj
 .text._ZN8CTimerC18SetCOMPBEj
                0x00005de0        0xa Periphery/CTimerC1.o
                0x00005de0                _ZN8CTimerC18SetCOMPBEj
 .text._ZN8CTimerC114SetOVFCallbackEPFvPvES0_17TC_OVFINTLVL_enum
                0x00005dea       0x24 Periphery/CTimerC1.o
                0x00005dea                _ZN8CTimerC114SetOVFCallbackEPFvPvES0_17TC_OVFINTLVL_enum
 .text._ZN8CTimerC114SetERRCallbackEPFvPvES0_17TC_ERRINTLVL_enum
                0x00005e0e       0x24 Periphery/CTimerC1.o
                0x00005e0e                _ZN8CTimerC114SetERRCallbackEPFvPvES0_17TC_ERRINTLVL_enum
 .text._ZN8CTimerC116SetCOMPACallbackEPFvPvES0_17TC_CCAINTLVL_enum
                0x00005e32       0x24 Periphery/CTimerC1.o
                0x00005e32                _ZN8CTimerC116SetCOMPACallbackEPFvPvES0_17TC_CCAINTLVL_enum
 .text._ZN8CTimerC116SetCOMPBCallbackEPFvPvES0_17TC_CCBINTLVL_enum
                0x00005e56       0x24 Periphery/CTimerC1.o
                0x00005e56                _ZN8CTimerC116SetCOMPBCallbackEPFvPvES0_17TC_CCBINTLVL_enum
 .text._ZN8CTimerC1C2Ev
                0x00005e7a       0x18 Periphery/CTimerC1.o
                0x00005e7a                _ZN8CTimerC1C2Ev
                0x00005e7a                _ZN8CTimerC1C1Ev
 .text._ZN8CTimerC1D2Ev
                0x00005e92       0x10 Periphery/CTimerC1.o
                0x00005e92                _ZN8CTimerC1D2Ev
                0x00005e92                _ZN8CTimerC1D1Ev
 .text._ZN7CTimerD10InitializeE27TIMER_WAVEFORMGEN_MODE_ENUM22TIMER_CLOCKSELECT_ENUM
                0x00005ea2       0x36 Periphery/CTimerD.o
                0x00005ea2                _ZN7CTimerD10InitializeE27TIMER_WAVEFORMGEN_MODE_ENUM22TIMER_CLOCKSELECT_ENUM
 .text._ZN7CTimerD5StartEj
                0x00005ed8       0x1a Periphery/CTimerD.o
                0x00005ed8                _ZN7CTimerD5StartEj
 .text._ZN7CTimerD4StopEv
                0x00005ef2       0x10 Periphery/CTimerD.o
                0x00005ef2                _ZN7CTimerD4StopEv
 .text._ZN7CTimerD13EnableChannelE19TIMER_CHANNELS_ENUM
                0x00005f02        0xe Periphery/CTimerD.o
                0x00005f02                _ZN7CTimerD13EnableChannelE19TIMER_CHANNELS_ENUM
 .text._ZN7CTimerD14DisableChannelE19TIMER_CHANNELS_ENUM
                0x00005f10        0xe Periphery/CTimerD.o
                0x00005f10                _ZN7CTimerD14DisableChannelE19TIMER_CHANNELS_ENUM
 .text._ZN7CTimerD9SetPeriodEj
                0x00005f1e        0xa Periphery/CTimerD.o
                0x00005f1e                _ZN7CTimerD9SetPeriodEj
 .text._ZN7CTimerD8SetCOMPAEj
                0x00005f28        0xa Periphery/CTimerD.o
                0x00005f28                _ZN7CTimerD8SetCOMPAEj
 .text._ZN7CTimerD8SetCOMPBEj
                0x00005f32        0xa Periphery/CTimerD.o
                0x00005f32                _ZN7CTimerD8SetCOMPBEj
 .text._ZN7CTimerD8SetCOMPCEj
                0x00005f3c        0xa Periphery/CTimerD.o
                0x00005f3c                _ZN7CTimerD8SetCOMPCEj
 .text._ZN7CTimerD8SetCOMPDEj
                0x00005f46        0xa Periphery/CTimerD.o
                0x00005f46                _ZN7CTimerD8SetCOMPDEj
 .text._ZN7CTimerD14SetOVFCallbackEPFvPvES0_17TC_OVFINTLVL_enum
                0x00005f50       0x24 Periphery/CTimerD.o
                0x00005f50                _ZN7CTimerD14SetOVFCallbackEPFvPvES0_17TC_OVFINTLVL_enum
 .text._ZN7CTimerD14SetERRCallbackEPFvPvES0_17TC_ERRINTLVL_enum
                0x00005f74       0x24 Periphery/CTimerD.o
                0x00005f74                _ZN7CTimerD14SetERRCallbackEPFvPvES0_17TC_ERRINTLVL_enum
 .text._ZN7CTimerD16SetCOMPACallbackEPFvPvES0_17TC_CCAINTLVL_enum
                0x00005f98       0x24 Periphery/CTimerD.o
                0x00005f98                _ZN7CTimerD16SetCOMPACallbackEPFvPvES0_17TC_CCAINTLVL_enum
 .text._ZN7CTimerD16SetCOMPBCallbackEPFvPvES0_17TC_CCBINTLVL_enum
                0x00005fbc       0x24 Periphery/CTimerD.o
                0x00005fbc                _ZN7CTimerD16SetCOMPBCallbackEPFvPvES0_17TC_CCBINTLVL_enum
 .text._ZN7CTimerD16SetCOMPCCallbackEPFvPvES0_17TC_CCCINTLVL_enum
                0x00005fe0       0x24 Periphery/CTimerD.o
                0x00005fe0                _ZN7CTimerD16SetCOMPCCallbackEPFvPvES0_17TC_CCCINTLVL_enum
 .text._ZN7CTimerD16SetCOMPDCallbackEPFvPvES0_17TC_CCDINTLVL_enum
                0x00006004       0x24 Periphery/CTimerD.o
                0x00006004                _ZN7CTimerD16SetCOMPDCallbackEPFvPvES0_17TC_CCDINTLVL_enum
 .text._ZN7CTimerDC2Ev
                0x00006028       0x18 Periphery/CTimerD.o
                0x00006028                _ZN7CTimerDC1Ev
                0x00006028                _ZN7CTimerDC2Ev
 .text._ZN7CTimerDD2Ev
                0x00006040       0x10 Periphery/CTimerD.o
                0x00006040                _ZN7CTimerDD2Ev
                0x00006040                _ZN7CTimerDD1Ev
 .text._ZN8CTimerD110InitializeE27TIMER_WAVEFORMGEN_MODE_ENUM22TIMER_CLOCKSELECT_ENUM
                0x00006050       0x2e Periphery/CTimerD1.o
                0x00006050                _ZN8CTimerD110InitializeE27TIMER_WAVEFORMGEN_MODE_ENUM22TIMER_CLOCKSELECT_ENUM
 .text._ZN8CTimerD15StartEj
                0x0000607e       0x1a Periphery/CTimerD1.o
                0x0000607e                _ZN8CTimerD15StartEj
 .text._ZN8CTimerD14StopEv
                0x00006098       0x10 Periphery/CTimerD1.o
                0x00006098                _ZN8CTimerD14StopEv
 .text._ZN8CTimerD15ResetEv
                0x000060a8       0x14 Periphery/CTimerD1.o
                0x000060a8                _ZN8CTimerD15ResetEv
 .text._ZN8CTimerD113EnableChannelE19TIMER_CHANNELS_ENUM
                0x000060bc        0xe Periphery/CTimerD1.o
                0x000060bc                _ZN8CTimerD113EnableChannelE19TIMER_CHANNELS_ENUM
 .text._ZN8CTimerD114DisableChannelE19TIMER_CHANNELS_ENUM
                0x000060ca        0xe Periphery/CTimerD1.o
                0x000060ca                _ZN8CTimerD114DisableChannelE19TIMER_CHANNELS_ENUM
 .text._ZN8CTimerD19SetPeriodEj
                0x000060d8        0xa Periphery/CTimerD1.o
                0x000060d8                _ZN8CTimerD19SetPeriodEj
 .text._ZN8CTimerD18SetCOMPAEj
                0x000060e2        0xa Periphery/CTimerD1.o
                0x000060e2                _ZN8CTimerD18SetCOMPAEj
 .text._ZN8CTimerD18SetCOMPBEj
                0x000060ec        0xa Periphery/CTimerD1.o
                0x000060ec                _ZN8CTimerD18SetCOMPBEj
 .text._ZN8CTimerD114SetOVFCallbackEPFvPvES0_17TC_OVFINTLVL_enum
                0x000060f6       0x24 Periphery/CTimerD1.o
                0x000060f6                _ZN8CTimerD114SetOVFCallbackEPFvPvES0_17TC_OVFINTLVL_enum
 .text._ZN8CTimerD114SetERRCallbackEPFvPvES0_17TC_ERRINTLVL_enum
                0x0000611a       0x24 Periphery/CTimerD1.o
                0x0000611a                _ZN8CTimerD114SetERRCallbackEPFvPvES0_17TC_ERRINTLVL_enum
 .text._ZN8CTimerD116SetCOMPACallbackEPFvPvES0_17TC_CCAINTLVL_enum
                0x0000613e       0x24 Periphery/CTimerD1.o
                0x0000613e                _ZN8CTimerD116SetCOMPACallbackEPFvPvES0_17TC_CCAINTLVL_enum
 .text._ZN8CTimerD116SetCOMPBCallbackEPFvPvES0_17TC_CCBINTLVL_enum
                0x00006162       0x24 Periphery/CTimerD1.o
                0x00006162                _ZN8CTimerD116SetCOMPBCallbackEPFvPvES0_17TC_CCBINTLVL_enum
 .text._ZN8CTimerD1C2Ev
                0x00006186       0x18 Periphery/CTimerD1.o
                0x00006186                _ZN8CTimerD1C2Ev
                0x00006186                _ZN8CTimerD1C1Ev
 .text._ZN8CTimerD1D2Ev
                0x0000619e       0x10 Periphery/CTimerD1.o
                0x0000619e                _ZN8CTimerD1D2Ev
                0x0000619e                _ZN8CTimerD1D1Ev
 .text._ZN7CTimerF10InitializeE27TIMER_WAVEFORMGEN_MODE_ENUM22TIMER_CLOCKSELECT_ENUM
                0x000061ae       0x36 Periphery/CTimerF.o
                0x000061ae                _ZN7CTimerF10InitializeE27TIMER_WAVEFORMGEN_MODE_ENUM22TIMER_CLOCKSELECT_ENUM
 .text._ZN7CTimerF5StartEj
                0x000061e4       0x1a Periphery/CTimerF.o
                0x000061e4                _ZN7CTimerF5StartEj
 .text._ZN7CTimerF4StopEv
                0x000061fe       0x10 Periphery/CTimerF.o
                0x000061fe                _ZN7CTimerF4StopEv
 .text._ZN7CTimerF13EnableChannelE19TIMER_CHANNELS_ENUM
                0x0000620e        0xc Periphery/CTimerF.o
                0x0000620e                _ZN7CTimerF13EnableChannelE19TIMER_CHANNELS_ENUM
 .text._ZN7CTimerF14DisableChannelE19TIMER_CHANNELS_ENUM
                0x0000621a        0xe Periphery/CTimerF.o
                0x0000621a                _ZN7CTimerF14DisableChannelE19TIMER_CHANNELS_ENUM
 .text._ZN7CTimerF10ChannelSetE19TIMER_CHANNELS_ENUM
                0x00006228       0x10 Periphery/CTimerF.o
                0x00006228                _ZN7CTimerF10ChannelSetE19TIMER_CHANNELS_ENUM
 .text._ZN7CTimerF12ChannelResetE19TIMER_CHANNELS_ENUM
                0x00006238       0x12 Periphery/CTimerF.o
                0x00006238                _ZN7CTimerF12ChannelResetE19TIMER_CHANNELS_ENUM
 .text._ZN7CTimerF9SetPeriodEj
                0x0000624a        0xa Periphery/CTimerF.o
                0x0000624a                _ZN7CTimerF9SetPeriodEj
 .text._ZN7CTimerF8SetCOMPAEj
                0x00006254        0xa Periphery/CTimerF.o
                0x00006254                _ZN7CTimerF8SetCOMPAEj
 .text._ZN7CTimerF8SetCOMPBEj
                0x0000625e        0xa Periphery/CTimerF.o
                0x0000625e                _ZN7CTimerF8SetCOMPBEj
 .text._ZN7CTimerF8SetCOMPCEj
                0x00006268        0xa Periphery/CTimerF.o
                0x00006268                _ZN7CTimerF8SetCOMPCEj
 .text._ZN7CTimerF8SetCOMPDEj
                0x00006272        0xa Periphery/CTimerF.o
                0x00006272                _ZN7CTimerF8SetCOMPDEj
 .text._ZN7CTimerF14SetOVFCallbackEPFvPvES0_17TC_OVFINTLVL_enum
                0x0000627c       0x24 Periphery/CTimerF.o
                0x0000627c                _ZN7CTimerF14SetOVFCallbackEPFvPvES0_17TC_OVFINTLVL_enum
 .text._ZN7CTimerF14SetERRCallbackEPFvPvES0_17TC_ERRINTLVL_enum
                0x000062a0       0x24 Periphery/CTimerF.o
                0x000062a0                _ZN7CTimerF14SetERRCallbackEPFvPvES0_17TC_ERRINTLVL_enum
 .text._ZN7CTimerF16SetCOMPACallbackEPFvPvES0_17TC_CCAINTLVL_enum
                0x000062c4       0x24 Periphery/CTimerF.o
                0x000062c4                _ZN7CTimerF16SetCOMPACallbackEPFvPvES0_17TC_CCAINTLVL_enum
 .text._ZN7CTimerF16SetCOMPBCallbackEPFvPvES0_17TC_CCBINTLVL_enum
                0x000062e8       0x24 Periphery/CTimerF.o
                0x000062e8                _ZN7CTimerF16SetCOMPBCallbackEPFvPvES0_17TC_CCBINTLVL_enum
 .text._ZN7CTimerF16SetCOMPCCallbackEPFvPvES0_17TC_CCCINTLVL_enum
                0x0000630c       0x24 Periphery/CTimerF.o
                0x0000630c                _ZN7CTimerF16SetCOMPCCallbackEPFvPvES0_17TC_CCCINTLVL_enum
 .text._ZN7CTimerF16SetCOMPDCallbackEPFvPvES0_17TC_CCDINTLVL_enum
                0x00006330       0x24 Periphery/CTimerF.o
                0x00006330                _ZN7CTimerF16SetCOMPDCallbackEPFvPvES0_17TC_CCDINTLVL_enum
 .text._ZN7CTimerFC2Ev
                0x00006354       0x18 Periphery/CTimerF.o
                0x00006354                _ZN7CTimerFC2Ev
                0x00006354                _ZN7CTimerFC1Ev
 .text._ZN7CTimerFD2Ev
                0x0000636c       0x10 Periphery/CTimerF.o
                0x0000636c                _ZN7CTimerFD2Ev
                0x0000636c                _ZN7CTimerFD1Ev
 .text.avr-libc.fplib
                0x0000637c        0xe c:/program files (x86)/atmel/studio/7.0/toolchain/avr8/avr8-gnu-toolchain/bin/../lib/gcc/avr/4.9.2/../../../../avr/lib/avrxmega6\libm.a(fixsfsi.o)
                0x0000637c                __fixsfsi
 .text.avr-libc.fplib
                0x0000638a       0x5e c:/program files (x86)/atmel/studio/7.0/toolchain/avr8/avr8-gnu-toolchain/bin/../lib/gcc/avr/4.9.2/../../../../avr/lib/avrxmega6\libm.a(fixunssfsi.o)
                0x0000638a                __fixunssfsi
 .text.avr-libc.fplib
                0x000063e8       0x7a c:/program files (x86)/atmel/studio/7.0/toolchain/avr8/avr8-gnu-toolchain/bin/../lib/gcc/avr/4.9.2/../../../../avr/lib/avrxmega6\libm.a(floatsisf.o)
                0x000063e8                __floatunsisf
                0x000063ec                __floatsisf
 .text.avr-libc.fplib
                0x00006462       0x44 c:/program files (x86)/atmel/studio/7.0/toolchain/avr8/avr8-gnu-toolchain/bin/../lib/gcc/avr/4.9.2/../../../../avr/lib/avrxmega6\libm.a(fp_split3.o)
                0x00006462                __fp_split3
                0x00006472                __fp_splitA
 .text.avr-libc.fplib
                0x000064a6        0xe c:/program files (x86)/atmel/studio/7.0/toolchain/avr8/avr8-gnu-toolchain/bin/../lib/gcc/avr/4.9.2/../../../../avr/lib/avrxmega6\libm.a(fp_zero.o)
                0x000064a6                __fp_zero
                0x000064a8                __fp_szero
 .text.avr-libc.fplib
                0x000064b4        0x8 c:/program files (x86)/atmel/studio/7.0/toolchain/avr8/avr8-gnu-toolchain/bin/../lib/gcc/avr/4.9.2/../../../../avr/lib/avrxmega6\libm.a(mulsf3.o)
                0x000064b4                __mulsf3
 .text.avr-libc.fplib
                0x000064bc       0xd2 c:/program files (x86)/atmel/studio/7.0/toolchain/avr8/avr8-gnu-toolchain/bin/../lib/gcc/avr/4.9.2/../../../../avr/lib/avrxmega6\libm.a(mulsf3x.o)
                0x000064da                __mulsf3x
                0x000064e0                __mulsf3_pse
 .text.avr-libc.fplib
                0x0000658e        0xc c:/program files (x86)/atmel/studio/7.0/toolchain/avr8/avr8-gnu-toolchain/bin/../lib/gcc/avr/4.9.2/../../../../avr/lib/avrxmega6\libm.a(fp_inf.o)
                0x0000658e                __fp_inf
 .text.avr-libc.fplib
                0x0000659a        0x6 c:/program files (x86)/atmel/studio/7.0/toolchain/avr8/avr8-gnu-toolchain/bin/../lib/gcc/avr/4.9.2/../../../../avr/lib/avrxmega6\libm.a(fp_nan.o)
                0x0000659a                __fp_nan
 .text.avr-libc.fplib
                0x000065a0        0xe c:/program files (x86)/atmel/studio/7.0/toolchain/avr8/avr8-gnu-toolchain/bin/../lib/gcc/avr/4.9.2/../../../../avr/lib/avrxmega6\libm.a(fp_pscA.o)
                0x000065a0                __fp_pscA
 .text.avr-libc.fplib
                0x000065ae        0xe c:/program files (x86)/atmel/studio/7.0/toolchain/avr8/avr8-gnu-toolchain/bin/../lib/gcc/avr/4.9.2/../../../../avr/lib/avrxmega6\libm.a(fp_pscB.o)
                0x000065ae                __fp_pscB
 .text.avr-libc.fplib
                0x000065bc       0x22 c:/program files (x86)/atmel/studio/7.0/toolchain/avr8/avr8-gnu-toolchain/bin/../lib/gcc/avr/4.9.2/../../../../avr/lib/avrxmega6\libm.a(fp_round.o)
                0x000065bc                __fp_round
 .text.libgcc.mul
                0x000065de       0x20 c:/program files (x86)/atmel/studio/7.0/toolchain/avr8/avr8-gnu-toolchain/bin/../lib/gcc/avr/4.9.2/avrxmega6\libgcc.a(_mulsi3.o)
                0x000065de                __mulsi3
 .text.libgcc.div
                0x000065fe       0x28 c:/program files (x86)/atmel/studio/7.0/toolchain/avr8/avr8-gnu-toolchain/bin/../lib/gcc/avr/4.9.2/avrxmega6\libgcc.a(_udivmodhi4.o)
                0x000065fe                __udivmodhi4
 .text.libgcc.div
                0x00006626       0x28 c:/program files (x86)/atmel/studio/7.0/toolchain/avr8/avr8-gnu-toolchain/bin/../lib/gcc/avr/4.9.2/avrxmega6\libgcc.a(_divmodhi4.o)
                0x00006626                _div
                0x00006626                __divmodhi4
 .text.libgcc.div
                0x0000664e       0x44 c:/program files (x86)/atmel/studio/7.0/toolchain/avr8/avr8-gnu-toolchain/bin/../lib/gcc/avr/4.9.2/avrxmega6\libgcc.a(_udivmodsi4.o)
                0x0000664e                __udivmodsi4
 .text.libgcc.div
                0x00006692       0x2e c:/program files (x86)/atmel/studio/7.0/toolchain/avr8/avr8-gnu-toolchain/bin/../lib/gcc/avr/4.9.2/avrxmega6\libgcc.a(_divmodsi4.o)
                0x00006692                __divmodsi4
 .text.libgcc.div
                0x000066c0       0x10 c:/program files (x86)/atmel/studio/7.0/toolchain/avr8/avr8-gnu-toolchain/bin/../lib/gcc/avr/4.9.2/avrxmega6\libgcc.a(_negsi2.o)
                0x000066c0                __negsi2
 .text.libgcc   0x000066d0       0x10 c:/program files (x86)/atmel/studio/7.0/toolchain/avr8/avr8-gnu-toolchain/bin/../lib/gcc/avr/4.9.2/avrxmega6\libgcc.a(_tablejump2.o)
                0x000066d0                __tablejump2__
 .text.libgcc.mul
                0x000066e0       0x1e c:/program files (x86)/atmel/studio/7.0/toolchain/avr8/avr8-gnu-toolchain/bin/../lib/gcc/avr/4.9.2/avrxmega6\libgcc.a(_umulhisi3.o)
                0x000066e0                __umulhisi3
 .text.libgcc.mul
                0x000066fe       0x16 c:/program files (x86)/atmel/studio/7.0/toolchain/avr8/avr8-gnu-toolchain/bin/../lib/gcc/avr/4.9.2/avrxmega6\libgcc.a(_muluhisi3.o)
                0x000066fe                __muluhisi3
 .text.avr-libc
                0x00006714      0x25a c:/program files (x86)/atmel/studio/7.0/toolchain/avr8/avr8-gnu-toolchain/bin/../lib/gcc/avr/4.9.2/../../../../avr/lib/avrxmega6\libc.a(malloc.o)
                0x00006714                malloc
                0x0000683e                free
 .text.avr-libc
                0x0000696e       0x12 c:/program files (x86)/atmel/studio/7.0/toolchain/avr8/avr8-gnu-toolchain/bin/../lib/gcc/avr/4.9.2/../../../../avr/lib/avrxmega6\libc.a(memcpy.o)
                0x0000696e                memcpy
 .text.avr-libc
                0x00006980        0xe c:/program files (x86)/atmel/studio/7.0/toolchain/avr8/avr8-gnu-toolchain/bin/../lib/gcc/avr/4.9.2/../../../../avr/lib/avrxmega6\libatxmega128a3u.a(eerd_dword.o)
                0x00006980                eeprom_read_float
                0x00006980                eeprom_read_dword
 .text.avr-libc
                0x0000698e       0x10 c:/program files (x86)/atmel/studio/7.0/toolchain/avr8/avr8-gnu-toolchain/bin/../lib/gcc/avr/4.9.2/../../../../avr/lib/avrxmega6\libatxmega128a3u.a(eewr_dword.o)
                0x0000698e                eeprom_write_dword
                0x0000698e                eeprom_write_float
 .text.avr-libc
                0x0000699e        0xa c:/program files (x86)/atmel/studio/7.0/toolchain/avr8/avr8-gnu-toolchain/bin/../lib/gcc/avr/4.9.2/../../../../avr/lib/avrxmega6\libatxmega128a3u.a(eewr_word.o)
                0x0000699e                eeprom_write_word
 .text.avr-libc
                0x000069a8       0x20 c:/program files (x86)/atmel/studio/7.0/toolchain/avr8/avr8-gnu-toolchain/bin/../lib/gcc/avr/4.9.2/../../../../avr/lib/avrxmega6\libatxmega128a3u.a(eerd_byte.o)
                0x000069a8                eeprom_read_byte
                0x000069b0                eeprom_mapen
 .text.avr-libc
                0x000069c8       0x46 c:/program files (x86)/atmel/studio/7.0/toolchain/avr8/avr8-gnu-toolchain/bin/../lib/gcc/avr/4.9.2/../../../../avr/lib/avrxmega6\libatxmega128a3u.a(eewr_byte.o)
                0x000069c8                eeprom_write_byte
                0x000069ca                eeprom_write_r18
                0x00006a0e                . = ALIGN (0x2)
 *(.fini9)
 .fini9         0x00006a0e        0x0 c:/program files (x86)/atmel/studio/7.0/toolchain/avr8/avr8-gnu-toolchain/bin/../lib/gcc/avr/4.9.2/avrxmega6\libgcc.a(_exit.o)
                0x00006a0e                _exit
                0x00006a0e                exit
 *(.fini9)
 *(.fini8)
 *(.fini8)
 *(.fini7)
 *(.fini7)
 *(.fini6)
 .fini6         0x00006a0e       0x20 c:/program files (x86)/atmel/studio/7.0/toolchain/avr8/avr8-gnu-toolchain/bin/../lib/gcc/avr/4.9.2/avrxmega6\libgcc.a(_dtors.o)
                0x00006a0e                __do_global_dtors
 *(.fini6)
 *(.fini5)
 *(.fini5)
 *(.fini4)
 *(.fini4)
 *(.fini3)
 *(.fini3)
 *(.fini2)
 *(.fini2)
 *(.fini1)
 *(.fini1)
 *(.fini0)
 .fini0         0x00006a2e        0x4 c:/program files (x86)/atmel/studio/7.0/toolchain/avr8/avr8-gnu-toolchain/bin/../lib/gcc/avr/4.9.2/avrxmega6\libgcc.a(_exit.o)
 *(.fini0)
                0x00006a32                _etext = .

.data           0x00802000      0x2bc load address 0x00006a32
                0x00802000                PROVIDE (__data_start, .)
 *(.data)
 .data          0x00802000        0x6 c:/program files (x86)/atmel/studio/7.0/toolchain/avr8/avr8-gnu-toolchain/bin/../lib/gcc/avr/4.9.2/../../../../avr/lib/avrxmega6\libc.a(malloc.o)
                0x00802000                __malloc_heap_end
                0x00802002                __malloc_heap_start
                0x00802004                __malloc_margin
 *(.data*)
 .data.PowerTable
                0x00802006       0xdc CLaserControlApp.o
                0x00802006                PowerTable
 .data.TableNum
                0x008020e2       0x16 CLaserControlApp.o
                0x008020e2                TableNum
 .data.MaxDurationTable
                0x008020f8       0x16 CLaserControlApp.o
                0x008020f8                MaxDurationTable
 .data.MinDurationTable
                0x0080210e       0x16 CLaserControlApp.o
                0x0080210e                MinDurationTable
 .data.bscale_table
                0x00802124       0x20 Periphery/CDGUSUSART.o
                0x00802124                bscale_table
 .data.bsel_table
                0x00802144       0x20 Periphery/CDGUSUSART.o
                0x00802144                bsel_table
 *(.rodata)
 .rodata        0x00802164        0xe main.o
 *(.rodata*)
 .rodata._ZTV16CLaserControlApp
                0x00802172       0x16 CLaserControlApp.o
                0x00802172                _ZTV16CLaserControlApp
 .rodata._ZTV6CTimer
                0x00802188       0x24 LaserLib/CTimer.o
                0x00802188                _ZTV6CTimer
 .rodata._ZTV7CTimer1
                0x008021ac       0x1e LaserLib/CTimer1.o
                0x008021ac                _ZTV7CTimer1
 .rodata._ZTV6CUSART
                0x008021ca       0x18 LaserLib/CUSART.o
                0x008021ca                _ZTV6CUSART
 .rodata._ZTV9CMBSender
                0x008021e2       0x16 MODBUS/CMBSender.o
                0x008021e2                _ZTV9CMBSender
 .rodata._ZTV10CDGUSUSART
                0x008021f8       0x18 Periphery/CDGUSUSART.o
                0x008021f8                _ZTV10CDGUSUSART
 .rodata._ZTV7CTimerC
                0x00802210       0x24 Periphery/CTimerC.o
                0x00802210                _ZTV7CTimerC
 .rodata._ZTV8CTimerC1
                0x00802234       0x1e Periphery/CTimerC1.o
                0x00802234                _ZTV8CTimerC1
 .rodata._ZTV7CTimerD
                0x00802252       0x24 Periphery/CTimerD.o
                0x00802252                _ZTV7CTimerD
 .rodata._ZTV8CTimerD1
                0x00802276       0x1e Periphery/CTimerD1.o
                0x00802276                _ZTV8CTimerD1
 .rodata._ZTV7CTimerF
                0x00802294       0x28 Periphery/CTimerF.o
                0x00802294                _ZTV7CTimerF
 *(.gnu.linkonce.d*)
                0x008022bc                . = ALIGN (0x2)
                0x008022bc                _edata = .
                0x008022bc                PROVIDE (__data_end, .)

.bss            0x008022bc      0x2f6
                0x008022bc                PROVIDE (__bss_start, .)
 *(.bss)
 *(.bss*)
 .bss._ZZN16CLaserControlApp6OnINT0EvE9isstarted
                0x008022bc        0x1 CLaserControlApp.o
 .bss.DatabaseStatusRegister
                0x008022bd        0x1 CLaserControlApp.o
                0x008022bd                DatabaseStatusRegister
 .bss.laserTimer
                0x008022be        0x3 CLaserControlApp.o
                0x008022be                laserTimer
 .bss.timer     0x008022c1        0x3 CLaserControlApp.o
                0x008022c1                timer
 .bss.InterruptFuncTable
                0x008022c4       0xf6 LaserLib/intx128.o
                0x008022c4                InterruptFuncTable
 .bss.InterruptSenderTable
                0x008023ba       0xf6 LaserLib/intx128.o
                0x008023ba                InterruptSenderTable
 .bss.empty_record
                0x008024b0       0x44 main.o
                0x008024b0                empty_record
 .bss.temperature
                0x008024f4        0x2 main.o
                0x008024f4                temperature
 .bss.D18B20    0x008024f6        0x1 main.o
                0x008024f6                D18B20
 .bss.App       0x008024f7       0x76 main.o
                0x008024f7                App
 .bss.player    0x0080256d        0x1 main.o
                0x0080256d                player
 .bss.laserBoard
                0x0080256e        0xa main.o
                0x0080256e                laserBoard
 .bss.sender    0x00802578       0x1d main.o
                0x00802578                sender
 .bss.Database  0x00802595        0x8 main.o
                0x00802595                Database
 .bss.usart     0x0080259d        0x2 main.o
                0x0080259d                usart
 .bss.pwmtimer  0x0080259f        0x3 main.o
                0x0080259f                pwmtimer
 .bss.flowtimer
                0x008025a2        0x3 main.o
                0x008025a2                flowtimer
 .bss.timeout   0x008025a5        0x3 main.o
                0x008025a5                timeout
 .bss.dacSPI    0x008025a8        0x6 main.o
                0x008025a8                dacSPI
 *(COMMON)
 COMMON         0x008025ae        0x4 c:/program files (x86)/atmel/studio/7.0/toolchain/avr8/avr8-gnu-toolchain/bin/../lib/gcc/avr/4.9.2/../../../../avr/lib/avrxmega6\libc.a(malloc.o)
                0x008025ae                __brkval
                0x008025b0                __flp
                0x008025b2                PROVIDE (__bss_end, .)
                0x00006a32                __data_load_start = LOADADDR (.data)
                0x00006cee                __data_load_end = (__data_load_start + SIZEOF (.data))

.noinit         0x008025b2        0x0
                [!provide]                PROVIDE (__noinit_start, .)
 *(.noinit*)
                [!provide]                PROVIDE (__noinit_end, .)
                0x008025b2                _end = .
                0x008025b2                PROVIDE (__heap_start, .)

.eeprom         0x00810000        0x0
 *(.eeprom*)
                0x00810000                __eeprom_end = .

.fuse
 *(.fuse)
 *(.lfuse)
 *(.hfuse)
 *(.efuse)

.lock
 *(.lock*)

.signature
 *(.signature*)

.user_signatures
 *(.user_signatures*)

.stab
 *(.stab)

.stabstr
 *(.stabstr)

.stab.excl
 *(.stab.excl)

.stab.exclstr
 *(.stab.exclstr)

.stab.index
 *(.stab.index)

.stab.indexstr
 *(.stab.indexstr)

.comment        0x00000000       0x30
 *(.comment)
 .comment       0x00000000       0x30 CDGUSDatabase.o
                                 0x31 (size before relaxing)
 .comment       0x00000030       0x31 CLaserControlApp.o
 .comment       0x00000030       0x31 DGUSGUI.o
 .comment       0x00000030       0x31 LaserLib/CSPI.o
 .comment       0x00000030       0x31 LaserLib/CTimer.o
 .comment       0x00000030       0x31 LaserLib/CTimer1.o
 .comment       0x00000030       0x31 LaserLib/CUSART.o
 .comment       0x00000030       0x31 LaserLib/intx128.o
 .comment       0x00000030       0x31 main.o
 .comment       0x00000030       0x31 MODBUS/CMBProtocol.o
 .comment       0x00000030       0x31 MODBUS/CMBSender.o
 .comment       0x00000030       0x31 Periphery/CDGUSUSART.o
 .comment       0x00000030       0x31 Periphery/CDS18B20.o
 .comment       0x00000030       0x31 Periphery/CLaserBoard.o
 .comment       0x00000030       0x31 Periphery/CSoundPlayer.o
 .comment       0x00000030       0x31 Periphery/CTimerC.o
 .comment       0x00000030       0x31 Periphery/CTimerC1.o
 .comment       0x00000030       0x31 Periphery/CTimerD.o
 .comment       0x00000030       0x31 Periphery/CTimerD1.o
 .comment       0x00000030       0x31 Periphery/CTimerF.o
 .comment       0x00000030       0x31 c:/program files (x86)/atmel/studio/7.0/toolchain/avr8/avr8-gnu-toolchain/bin/../lib/gcc/avr/4.9.2/../../../../avr/lib/avrxmega6\libc.a(malloc.o)

.note.gnu.avr.deviceinfo
                0x00000000       0x40
 .note.gnu.avr.deviceinfo
                0x00000000       0x40 c:/program files (x86)/atmel/studio/7.0/toolchain/avr8/avr8-gnu-toolchain/bin/../lib/gcc/avr/4.9.2/../../../../avr/lib/avrxmega6/crtatxmega128a3u.o

.note.gnu.build-id
 *(.note.gnu.build-id)

.debug
 *(.debug)

.line
 *(.line)

.debug_srcinfo
 *(.debug_srcinfo)

.debug_sfnames
 *(.debug_sfnames)

.debug_aranges  0x00000000      0xc50
 *(.debug_aranges)
 .debug_aranges
                0x00000000       0x70 CDGUSDatabase.o
 .debug_aranges
                0x00000070      0x118 CLaserControlApp.o
 .debug_aranges
                0x00000188       0x40 DGUSGUI.o
 .debug_aranges
                0x000001c8       0x58 LaserLib/CSPI.o
 .debug_aranges
                0x00000220       0x28 LaserLib/CTimer.o
 .debug_aranges
                0x00000248       0x28 LaserLib/CTimer1.o
 .debug_aranges
                0x00000270       0x28 LaserLib/CUSART.o
 .debug_aranges
                0x00000298      0x348 LaserLib/intx128.o
 .debug_aranges
                0x000005e0       0x40 main.o
 .debug_aranges
                0x00000620       0x50 MODBUS/CMBProtocol.o
 .debug_aranges
                0x00000670       0xf8 MODBUS/CMBSender.o
 .debug_aranges
                0x00000768       0x78 Periphery/CDGUSUSART.o
 .debug_aranges
                0x000007e0       0x50 Periphery/CDS18B20.o
 .debug_aranges
                0x00000830       0x98 Periphery/CLaserBoard.o
 .debug_aranges
                0x000008c8       0x60 Periphery/CSoundPlayer.o
 .debug_aranges
                0x00000928       0xa8 Periphery/CTimerC.o
 .debug_aranges
                0x000009d0       0x90 Periphery/CTimerC1.o
 .debug_aranges
                0x00000a60       0xa8 Periphery/CTimerD.o
 .debug_aranges
                0x00000b08       0x90 Periphery/CTimerD1.o
 .debug_aranges
                0x00000b98       0xb8 Periphery/CTimerF.o

.debug_pubnames
 *(.debug_pubnames)

.debug_info     0x00000000    0x17eba
 *(.debug_info .gnu.linkonce.wi.*)
 .debug_info    0x00000000     0x3409 c:/program files (x86)/atmel/studio/7.0/toolchain/avr8/avr8-gnu-toolchain/bin/../lib/gcc/avr/4.9.2/../../../../avr/lib/avrxmega6/crtatxmega128a3u.o
 .debug_info    0x00003409      0x9f5 CDGUSDatabase.o
 .debug_info    0x00003dfe     0x44d5 CLaserControlApp.o
 .debug_info    0x000082d3      0x20f DGUSGUI.o
 .debug_info    0x000084e2      0x7ee LaserLib/CSPI.o
 .debug_info    0x00008cd0      0x6a3 LaserLib/CTimer.o
 .debug_info    0x00009373      0x5a8 LaserLib/CTimer1.o
 .debug_info    0x0000991b      0x606 LaserLib/CUSART.o
 .debug_info    0x00009f21      0x91e LaserLib/intx128.o
 .debug_info    0x0000a83f     0x1c5c main.o
 .debug_info    0x0000c49b      0x595 MODBUS/CMBProtocol.o
 .debug_info    0x0000ca30     0x12e6 MODBUS/CMBSender.o
 .debug_info    0x0000dd16     0x1095 Periphery/CDGUSUSART.o
 .debug_info    0x0000edab      0x936 Periphery/CDS18B20.o
 .debug_info    0x0000f6e1      0xd5c Periphery/CLaserBoard.o
 .debug_info    0x0001043d     0x139d Periphery/CSoundPlayer.o
 .debug_info    0x000117da     0x15ac Periphery/CTimerC.o
 .debug_info    0x00012d86     0x128d Periphery/CTimerC1.o
 .debug_info    0x00014013     0x15ac Periphery/CTimerD.o
 .debug_info    0x000155bf     0x128d Periphery/CTimerD1.o
 .debug_info    0x0001684c     0x166e Periphery/CTimerF.o

.debug_abbrev   0x00000000     0x657e
 *(.debug_abbrev)
 .debug_abbrev  0x00000000     0x3148 c:/program files (x86)/atmel/studio/7.0/toolchain/avr8/avr8-gnu-toolchain/bin/../lib/gcc/avr/4.9.2/../../../../avr/lib/avrxmega6/crtatxmega128a3u.o
 .debug_abbrev  0x00003148      0x2ce CDGUSDatabase.o
 .debug_abbrev  0x00003416      0x602 CLaserControlApp.o
 .debug_abbrev  0x00003a18      0x10d DGUSGUI.o
 .debug_abbrev  0x00003b25      0x2a7 LaserLib/CSPI.o
 .debug_abbrev  0x00003dcc      0x182 LaserLib/CTimer.o
 .debug_abbrev  0x00003f4e      0x182 LaserLib/CTimer1.o
 .debug_abbrev  0x000040d0      0x1ed LaserLib/CUSART.o
 .debug_abbrev  0x000042bd       0x83 LaserLib/intx128.o
 .debug_abbrev  0x00004340      0x3e7 main.o
 .debug_abbrev  0x00004727      0x212 MODBUS/CMBProtocol.o
 .debug_abbrev  0x00004939      0x39b MODBUS/CMBSender.o
 .debug_abbrev  0x00004cd4      0x2d9 Periphery/CDGUSUSART.o
 .debug_abbrev  0x00004fad      0x2f4 Periphery/CDS18B20.o
 .debug_abbrev  0x000052a1      0x2e8 Periphery/CLaserBoard.o
 .debug_abbrev  0x00005589      0x2b9 Periphery/CSoundPlayer.o
 .debug_abbrev  0x00005842      0x29c Periphery/CTimerC.o
 .debug_abbrev  0x00005ade      0x2b4 Periphery/CTimerC1.o
 .debug_abbrev  0x00005d92      0x29c Periphery/CTimerD.o
 .debug_abbrev  0x0000602e      0x2b4 Periphery/CTimerD1.o
 .debug_abbrev  0x000062e2      0x29c Periphery/CTimerF.o

.debug_line     0x00000000     0x5e43
 *(.debug_line .debug_line.* .debug_line_end)
 .debug_line    0x00000000       0x1a c:/program files (x86)/atmel/studio/7.0/toolchain/avr8/avr8-gnu-toolchain/bin/../lib/gcc/avr/4.9.2/../../../../avr/lib/avrxmega6/crtatxmega128a3u.o
 .debug_line    0x0000001a      0x34e CDGUSDatabase.o
 .debug_line    0x00000368     0x128e CLaserControlApp.o
 .debug_line    0x000015f6      0x11e DGUSGUI.o
 .debug_line    0x00001714      0x2f4 LaserLib/CSPI.o
 .debug_line    0x00001a08      0x153 LaserLib/CTimer.o
 .debug_line    0x00001b5b      0x155 LaserLib/CTimer1.o
 .debug_line    0x00001cb0      0x145 LaserLib/CUSART.o
 .debug_line    0x00001df5     0x100e LaserLib/intx128.o
 .debug_line    0x00002e03      0x4b0 main.o
 .debug_line    0x000032b3      0x2c7 MODBUS/CMBProtocol.o
 .debug_line    0x0000357a      0x79f MODBUS/CMBSender.o
 .debug_line    0x00003d19      0x343 Periphery/CDGUSUSART.o
 .debug_line    0x0000405c      0x36f Periphery/CDS18B20.o
 .debug_line    0x000043cb      0x523 Periphery/CLaserBoard.o
 .debug_line    0x000048ee      0x340 Periphery/CSoundPlayer.o
 .debug_line    0x00004c2e      0x3bb Periphery/CTimerC.o
 .debug_line    0x00004fe9      0x35b Periphery/CTimerC1.o
 .debug_line    0x00005344      0x3bb Periphery/CTimerD.o
 .debug_line    0x000056ff      0x35b Periphery/CTimerD1.o
 .debug_line    0x00005a5a      0x3e9 Periphery/CTimerF.o

.debug_frame    0x00000000     0x38b0
 *(.debug_frame)
 .debug_frame   0x00000000      0x218 CDGUSDatabase.o
 .debug_frame   0x00000218      0x3dc CLaserControlApp.o
 .debug_frame   0x000005f4       0x8c DGUSGUI.o
 .debug_frame   0x00000680       0xbc LaserLib/CSPI.o
 .debug_frame   0x0000073c       0x34 LaserLib/CTimer.o
 .debug_frame   0x00000770       0x34 LaserLib/CTimer1.o
 .debug_frame   0x000007a4       0x34 LaserLib/CUSART.o
 .debug_frame   0x000007d8     0x2324 LaserLib/intx128.o
 .debug_frame   0x00002afc       0x94 main.o
 .debug_frame   0x00002b90       0xc4 MODBUS/CMBProtocol.o
 .debug_frame   0x00002c54      0x2dc MODBUS/CMBSender.o
 .debug_frame   0x00002f30       0xe8 Periphery/CDGUSUSART.o
 .debug_frame   0x00003018       0xa0 Periphery/CDS18B20.o
 .debug_frame   0x000030b8      0x120 Periphery/CLaserBoard.o
 .debug_frame   0x000031d8       0xd8 Periphery/CSoundPlayer.o
 .debug_frame   0x000032b0      0x140 Periphery/CTimerC.o
 .debug_frame   0x000033f0      0x110 Periphery/CTimerC1.o
 .debug_frame   0x00003500      0x140 Periphery/CTimerD.o
 .debug_frame   0x00003640      0x110 Periphery/CTimerD1.o
 .debug_frame   0x00003750      0x160 Periphery/CTimerF.o

.debug_str      0x00000000     0x90e5
 *(.debug_str)
 .debug_str     0x00000000     0x223b c:/program files (x86)/atmel/studio/7.0/toolchain/avr8/avr8-gnu-toolchain/bin/../lib/gcc/avr/4.9.2/../../../../avr/lib/avrxmega6/crtatxmega128a3u.o
 .debug_str     0x0000223b      0x5e2 CDGUSDatabase.o
                                0x671 (size before relaxing)
 .debug_str     0x0000281d     0x1baa CLaserControlApp.o
                               0x2322 (size before relaxing)
 .debug_str     0x000043c7       0x74 DGUSGUI.o
                                0x241 (size before relaxing)
 .debug_str     0x0000443b      0x1b5 LaserLib/CSPI.o
                                0x713 (size before relaxing)
 .debug_str     0x000045f0      0x4cb LaserLib/CTimer.o
                                0xa3e (size before relaxing)
 .debug_str     0x00004abb      0x269 LaserLib/CTimer1.o
                                0x8b8 (size before relaxing)
 .debug_str     0x00004d24      0x56b LaserLib/CUSART.o
                                0x7b0 (size before relaxing)
 .debug_str     0x0000528f      0x4e2 LaserLib/intx128.o
                                0x6bb (size before relaxing)
 .debug_str     0x00005771     0x107e main.o
                               0x2223 (size before relaxing)
 .debug_str     0x000067ef      0x289 MODBUS/CMBProtocol.o
                                0x4eb (size before relaxing)
 .debug_str     0x00006a78      0x608 MODBUS/CMBSender.o
                                0xb3c (size before relaxing)
 .debug_str     0x00007080      0xcd4 Periphery/CDGUSUSART.o
                               0x1669 (size before relaxing)
 .debug_str     0x00007d54       0x4b Periphery/CDS18B20.o
                                0x4d6 (size before relaxing)
 .debug_str     0x00007d9f      0x5b5 Periphery/CLaserBoard.o
                                0xc19 (size before relaxing)
 .debug_str     0x00008354      0x39d Periphery/CSoundPlayer.o
                                0xc20 (size before relaxing)
 .debug_str     0x000086f1      0x263 Periphery/CTimerC.o
                               0x1295 (size before relaxing)
 .debug_str     0x00008954      0x1db Periphery/CTimerC1.o
                               0x1144 (size before relaxing)
 .debug_str     0x00008b2f      0x286 Periphery/CTimerD.o
                               0x1295 (size before relaxing)
 .debug_str     0x00008db5      0x167 Periphery/CTimerD1.o
                               0x1144 (size before relaxing)
 .debug_str     0x00008f1c      0x1c9 Periphery/CTimerF.o
                               0x130b (size before relaxing)

.debug_loc      0x00000000     0xa512
 *(.debug_loc)
 .debug_loc     0x00000000      0x8cf CDGUSDatabase.o
 .debug_loc     0x000008cf     0x1500 CLaserControlApp.o
 .debug_loc     0x00001dcf      0x2ad DGUSGUI.o
 .debug_loc     0x0000207c      0x276 LaserLib/CSPI.o
 .debug_loc     0x000022f2     0x50e2 LaserLib/intx128.o
 .debug_loc     0x000073d4       0xaa main.o
 .debug_loc     0x0000747e      0x356 MODBUS/CMBProtocol.o
 .debug_loc     0x000077d4      0xf2e MODBUS/CMBSender.o
 .debug_loc     0x00008702      0x210 Periphery/CDGUSUSART.o
 .debug_loc     0x00008912      0x3b2 Periphery/CDS18B20.o
 .debug_loc     0x00008cc4      0x44e Periphery/CLaserBoard.o
 .debug_loc     0x00009112      0x344 Periphery/CSoundPlayer.o
 .debug_loc     0x00009456      0x366 Periphery/CTimerC.o
 .debug_loc     0x000097bc      0x2fe Periphery/CTimerC1.o
 .debug_loc     0x00009aba      0x366 Periphery/CTimerD.o
 .debug_loc     0x00009e20      0x2fe Periphery/CTimerD1.o
 .debug_loc     0x0000a11e      0x3f4 Periphery/CTimerF.o

.debug_macinfo
 *(.debug_macinfo)

.debug_weaknames
 *(.debug_weaknames)

.debug_funcnames
 *(.debug_funcnames)

.debug_typenames
 *(.debug_typenames)

.debug_varnames
 *(.debug_varnames)

.debug_pubtypes
 *(.debug_pubtypes)

.debug_ranges   0x00000000      0xb70
 *(.debug_ranges)
 .debug_ranges  0x00000000       0x60 CDGUSDatabase.o
 .debug_ranges  0x00000060      0x168 CLaserControlApp.o
 .debug_ranges  0x000001c8       0x30 DGUSGUI.o
 .debug_ranges  0x000001f8       0x48 LaserLib/CSPI.o
 .debug_ranges  0x00000240       0x18 LaserLib/CTimer.o
 .debug_ranges  0x00000258       0x18 LaserLib/CTimer1.o
 .debug_ranges  0x00000270       0x18 LaserLib/CUSART.o
 .debug_ranges  0x00000288      0x338 LaserLib/intx128.o
 .debug_ranges  0x000005c0       0x30 main.o
 .debug_ranges  0x000005f0       0x40 MODBUS/CMBProtocol.o
 .debug_ranges  0x00000630       0xe8 MODBUS/CMBSender.o
 .debug_ranges  0x00000718       0x68 Periphery/CDGUSUSART.o
 .debug_ranges  0x00000780       0x40 Periphery/CDS18B20.o
 .debug_ranges  0x000007c0       0x88 Periphery/CLaserBoard.o
 .debug_ranges  0x00000848       0x50 Periphery/CSoundPlayer.o
 .debug_ranges  0x00000898       0x98 Periphery/CTimerC.o
 .debug_ranges  0x00000930       0x80 Periphery/CTimerC1.o
 .debug_ranges  0x000009b0       0x98 Periphery/CTimerD.o
 .debug_ranges  0x00000a48       0x80 Periphery/CTimerD1.o
 .debug_ranges  0x00000ac8       0xa8 Periphery/CTimerF.o

.debug_macro
 *(.debug_macro)
OUTPUT(ATxmegaLaserDiode.elf elf32-avr)
LOAD linker stubs
