Archive member included to satisfy reference by file (symbol)

c:/program files (x86)/atmel/studio/7.0/toolchain/avr8/avr8-gnu-toolchain/bin/../lib/gcc/avr/4.9.2/../../../../avr/lib/avrxmega6\libm.a(fixsfsi.o)
                              Periphery/CDS18B20.o (__fixsfsi)
c:/program files (x86)/atmel/studio/7.0/toolchain/avr8/avr8-gnu-toolchain/bin/../lib/gcc/avr/4.9.2/../../../../avr/lib/avrxmega6\libm.a(fixunssfsi.o)
                              c:/program files (x86)/atmel/studio/7.0/toolchain/avr8/avr8-gnu-toolchain/bin/../lib/gcc/avr/4.9.2/../../../../avr/lib/avrxmega6\libm.a(fixsfsi.o) (__fixunssfsi)
c:/program files (x86)/atmel/studio/7.0/toolchain/avr8/avr8-gnu-toolchain/bin/../lib/gcc/avr/4.9.2/../../../../avr/lib/avrxmega6\libm.a(floatsisf.o)
                              Periphery/CDS18B20.o (__floatsisf)
c:/program files (x86)/atmel/studio/7.0/toolchain/avr8/avr8-gnu-toolchain/bin/../lib/gcc/avr/4.9.2/../../../../avr/lib/avrxmega6\libm.a(fp_split3.o)
                              c:/program files (x86)/atmel/studio/7.0/toolchain/avr8/avr8-gnu-toolchain/bin/../lib/gcc/avr/4.9.2/../../../../avr/lib/avrxmega6\libm.a(fixunssfsi.o) (__fp_splitA)
c:/program files (x86)/atmel/studio/7.0/toolchain/avr8/avr8-gnu-toolchain/bin/../lib/gcc/avr/4.9.2/../../../../avr/lib/avrxmega6\libm.a(fp_zero.o)
                              c:/program files (x86)/atmel/studio/7.0/toolchain/avr8/avr8-gnu-toolchain/bin/../lib/gcc/avr/4.9.2/../../../../avr/lib/avrxmega6\libm.a(fixunssfsi.o) (__fp_zero)
c:/program files (x86)/atmel/studio/7.0/toolchain/avr8/avr8-gnu-toolchain/bin/../lib/gcc/avr/4.9.2/../../../../avr/lib/avrxmega6\libm.a(mulsf3.o)
                              Periphery/CDS18B20.o (__mulsf3)
c:/program files (x86)/atmel/studio/7.0/toolchain/avr8/avr8-gnu-toolchain/bin/../lib/gcc/avr/4.9.2/../../../../avr/lib/avrxmega6\libm.a(mulsf3x.o)
                              c:/program files (x86)/atmel/studio/7.0/toolchain/avr8/avr8-gnu-toolchain/bin/../lib/gcc/avr/4.9.2/../../../../avr/lib/avrxmega6\libm.a(mulsf3.o) (__mulsf3x)
c:/program files (x86)/atmel/studio/7.0/toolchain/avr8/avr8-gnu-toolchain/bin/../lib/gcc/avr/4.9.2/../../../../avr/lib/avrxmega6\libm.a(fp_inf.o)
                              c:/program files (x86)/atmel/studio/7.0/toolchain/avr8/avr8-gnu-toolchain/bin/../lib/gcc/avr/4.9.2/../../../../avr/lib/avrxmega6\libm.a(mulsf3x.o) (__fp_inf)
c:/program files (x86)/atmel/studio/7.0/toolchain/avr8/avr8-gnu-toolchain/bin/../lib/gcc/avr/4.9.2/../../../../avr/lib/avrxmega6\libm.a(fp_nan.o)
                              c:/program files (x86)/atmel/studio/7.0/toolchain/avr8/avr8-gnu-toolchain/bin/../lib/gcc/avr/4.9.2/../../../../avr/lib/avrxmega6\libm.a(mulsf3x.o) (__fp_nan)
c:/program files (x86)/atmel/studio/7.0/toolchain/avr8/avr8-gnu-toolchain/bin/../lib/gcc/avr/4.9.2/../../../../avr/lib/avrxmega6\libm.a(fp_pscA.o)
                              c:/program files (x86)/atmel/studio/7.0/toolchain/avr8/avr8-gnu-toolchain/bin/../lib/gcc/avr/4.9.2/../../../../avr/lib/avrxmega6\libm.a(mulsf3x.o) (__fp_pscA)
c:/program files (x86)/atmel/studio/7.0/toolchain/avr8/avr8-gnu-toolchain/bin/../lib/gcc/avr/4.9.2/../../../../avr/lib/avrxmega6\libm.a(fp_pscB.o)
                              c:/program files (x86)/atmel/studio/7.0/toolchain/avr8/avr8-gnu-toolchain/bin/../lib/gcc/avr/4.9.2/../../../../avr/lib/avrxmega6\libm.a(mulsf3x.o) (__fp_pscB)
c:/program files (x86)/atmel/studio/7.0/toolchain/avr8/avr8-gnu-toolchain/bin/../lib/gcc/avr/4.9.2/../../../../avr/lib/avrxmega6\libm.a(fp_round.o)
                              c:/program files (x86)/atmel/studio/7.0/toolchain/avr8/avr8-gnu-toolchain/bin/../lib/gcc/avr/4.9.2/../../../../avr/lib/avrxmega6\libm.a(mulsf3.o) (__fp_round)
c:/program files (x86)/atmel/studio/7.0/toolchain/avr8/avr8-gnu-toolchain/bin/../lib/gcc/avr/4.9.2/avrxmega6\libgcc.a(_mulsi3.o)
                              CLaserControlApp.o (__mulsi3)
c:/program files (x86)/atmel/studio/7.0/toolchain/avr8/avr8-gnu-toolchain/bin/../lib/gcc/avr/4.9.2/avrxmega6\libgcc.a(_udivmodhi4.o)
                              CLaserControlApp.o (__udivmodhi4)
c:/program files (x86)/atmel/studio/7.0/toolchain/avr8/avr8-gnu-toolchain/bin/../lib/gcc/avr/4.9.2/avrxmega6\libgcc.a(_udivmodsi4.o)
                              CLaserControlApp.o (__udivmodsi4)
c:/program files (x86)/atmel/studio/7.0/toolchain/avr8/avr8-gnu-toolchain/bin/../lib/gcc/avr/4.9.2/avrxmega6\libgcc.a(_divmodsi4.o)
                              Periphery/CSoundPlayer.o (__divmodsi4)
c:/program files (x86)/atmel/studio/7.0/toolchain/avr8/avr8-gnu-toolchain/bin/../lib/gcc/avr/4.9.2/avrxmega6\libgcc.a(_negsi2.o)
                              c:/program files (x86)/atmel/studio/7.0/toolchain/avr8/avr8-gnu-toolchain/bin/../lib/gcc/avr/4.9.2/avrxmega6\libgcc.a(_divmodsi4.o) (__negsi2)
c:/program files (x86)/atmel/studio/7.0/toolchain/avr8/avr8-gnu-toolchain/bin/../lib/gcc/avr/4.9.2/avrxmega6\libgcc.a(_exit.o)
[...]
Memory Configuration

Name             Origin             Length             Attributes
text             0x00000000         0x00100000         xr
data             0x00802000         0x0000ffa0         rw !x
eeprom           0x00810000         0x00010000         rw !x
fuse             0x00820000         0x00000400         rw !x
lock             0x00830000         0x00000400         rw !x
signature        0x00840000         0x00000400         rw !x
user_signatures  0x00850000         0x00000400         rw !x
*default*        0x00000000         0xffffffff

Linker script and memory map

LOAD C:/Program Files (x86)/Atmel/Studio/7.0/Packs/atmel/XMEGAA_DFP/1.0.36/gcc/dev/atxmega128a3u/avrxmega6/crtatxmega128a3u.o
LOAD CDGUSDatabase.o
LOAD CLaserControlApp.o
LOAD DGUSGUI.o
LOAD LaserLib/CSPI.o
LOAD LaserLib/CTimer.o
LOAD LaserLib/CTimer1.o
LOAD LaserLib/CUSART.o
LOAD LaserLib/intx128.o
LOAD main.o
LOAD MODBUS/CMBProtocol.o
LOAD MODBUS/CMBSender.o
LOAD Periphery/CDGUSUSART.o
LOAD Periphery/CDS18B20.o
LOAD Periphery/CLaserBoard.o
LOAD Periphery/CSoundPlayer.o
LOAD Periphery/CTimerC.o
LOAD Periphery/CTimerC1.o
LOAD Periphery/CTimerD.o
LOAD Periphery/CTimerD1.o
LOAD Periphery/CTimerF.o
START GROUP
LOAD c:/program files (x86)/atmel/studio/7.0/toolchain/avr8/avr8-gnu-toolchain/bin/../lib/gcc/avr/4.9.2/../../../../avr/lib/avrxmega6\libm.a
END GROUP
LOAD c:/program files (x86)/atmel/studio/7.0/toolchain/avr8/avr8-gnu-toolchain/bin/../lib/gcc/avr/4.9.2/avrxmega6\libgcc.a
LOAD c:/program files (x86)/atmel/studio/7.0/toolchain/avr8/avr8-gnu-toolchain/bin/../lib/gcc/avr/4.9.2/../../../../avr/lib/avrxmega6\libm.a
START GROUP
LOAD c:/program files (x86)/atmel/studio/7.0/toolchain/avr8/avr8-gnu-toolchain/bin/../lib/gcc/avr/4.9.2/avrxmega6\libgcc.a
LOAD c:/program files (x86)/atmel/studio/7.0/toolchain/avr8/avr8-gnu-toolchain/bin/../lib/gcc/avr/4.9.2/../../../../avr/lib/avrxmega6\libm.a
LOAD c:/program files (x86)/atmel/studio/7.0/toolchain/avr8/avr8-gnu-toolchain/bin/../lib/gcc/avr/4.9.2/../../../../avr/lib/avrxmega6\libc.a
LOAD C:/Program Files (x86)/Atmel/Studio/7.0/Packs/atmel/XMEGAA_DFP/1.0.36/gcc/dev/atxmega128a3u/avrxmega6\libatxmega128a3u.a
END GROUP

.hash
 *(.hash)

.dynsym
 *(.dynsym)

.dynstr
 *(.dynstr)

.gnu.version
 *(.gnu.version)

.gnu.version_d
 *(.gnu.version_d)

.gnu.version_r
 *(.gnu.version_r)

.rel.init
 *(.rel.init)

.rela.init
 *(.rela.init)

.rel.text
 *(.rel.text)
 *(.rel.text.*)
 *(.rel.gnu.linkonce.t*)

.rela.text
 *(.rela.text)
 *(.rela.text.*)
 *(.rela.gnu.linkonce.t*)

.rel.fini
 *(.rel.fini)

.rela.fini
 *(.rela.fini)

.rel.rodata
 *(.rel.rodata)
 *(.rel.rodata.*)
 *(.rel.gnu.linkonce.r*)

.rela.rodata
 *(.rela.rodata)
 *(.rela.rodata.*)
 *(.rela.gnu.linkonce.r*)

.rel.data
 *(.rel.data)
 *(.rel.data.*)
 *(.rel.gnu.linkonce.d*)

.rela.data
 *(.rela.data)
 *(.rela.data.*)
 *(.rela.gnu.linkonce.d*)

.rel.ctors
 *(.rel.ctors)

.rela.ctors
 *(.rela.ctors)

.rel.dtors
 *(.rel.dtors)

.rela.dtors
 *(.rela.dtors)

.rel.got
 *(.rel.got)

.rela.got
 *(.rela.got)

.rel.bss
 *(.rel.bss)

.rela.bss
 *(.rela.bss)

.rel.plt
 *(.rel.plt)

.rela.plt
 *(.rela.plt)

.text           0x00000000     0x5b34
 *(.vectors)
 .vectors       0x00000000      0x1fc C:/Program Files (x86)/Atmel/Studio/7.0/Packs/atmel/XMEGAA_DFP/1.0.36/gcc/dev/atxmega128a3u/avrxmega6/crtatxmega128a3u.o
                0x00000000                __vector_default
                0x00000000                __vectors
 *(.vectors)
 *(.progmem.gcc*)
 .progmem.gcc_sw_table._ZN16CLaserControlApp18OnRegisterReceivedEhPhh
                0x000001fc       0x4c CLaserControlApp.o
 .progmem.gcc_sw_table._ZN16CLaserControlApp18OnVariableReceivedEjPjj
                0x00000248       0x24 CLaserControlApp.o
 .progmem.gcc_sw_table._ZN16CLaserControlApp3RunEv
                0x0000026c       0x1c CLaserControlApp.o
 .progmem.gcc_sw_table._ZN9CMBSender13OnReceiveByteEh
                0x00000288       0x16 MODBUS/CMBSender.o
                0x0000029e                . = ALIGN (0x2)
                0x0000029e                __trampolines_start = .
 *(.trampolines)
 .trampolines   0x0000029e      0x298 linker stubs
 *(.trampolines*)
                0x00000536                __trampolines_end = .
 *(.progmem*)
                0x00000536                . = ALIGN (0x2)
 *(.jumptables)
 *(.jumptables*)
 *(.lowtext)
 *(.lowtext*)
                0x00000536                __ctors_start = .
 *(.ctors)
 .ctors         0x00000536        0x2 CLaserControlApp.o
 .ctors         0x00000538        0x2 main.o
                0x0000053a                __ctors_end = .
                0x0000053a                __dtors_start = .
 *(.dtors)
 .dtors         0x0000053a        0x2 CLaserControlApp.o
 .dtors         0x0000053c        0x2 main.o
                0x0000053e                __dtors_end = .
 SORT(*)(.ctors)
 SORT(*)(.dtors)
 *(.init0)
 .init0         0x0000053e        0x0 C:/Program Files (x86)/Atmel/Studio/7.0/Packs/atmel/XMEGAA_DFP/1.0.36/gcc/dev/atxmega128a3u/avrxmega6/crtatxmega128a3u.o
                0x0000053e                __init
 *(.init0)
 *(.init1)
 *(.init1)
 *(.init2)
 .init2         0x0000053e       0x10 C:/Program Files (x86)/Atmel/Studio/7.0/Packs/atmel/XMEGAA_DFP/1.0.36/gcc/dev/atxmega128a3u/avrxmega6/crtatxmega128a3u.o
 *(.init2)
 *(.init3)
 *(.init3)
 *(.init4)
 .init4         0x0000054e       0x1a c:/program files (x86)/atmel/studio/7.0/toolchain/avr8/avr8-gnu-toolchain/bin/../lib/gcc/avr/4.9.2/avrxmega6\libgcc.a(_copy_data.o)
                0x0000054e                __do_copy_data
 .init4         0x00000568       0x10 c:/program files (x86)/atmel/studio/7.0/toolchain/avr8/avr8-gnu-toolchain/bin/../lib/gcc/avr/4.9.2/avrxmega6\libgcc.a(_clear_bss.o)
                0x00000568                __do_clear_bss
 *(.init4)
 *(.init5)
 *(.init5)
 *(.init6)
 .init6         0x00000578       0x20 c:/program files (x86)/atmel/studio/7.0/toolchain/avr8/avr8-gnu-toolchain/bin/../lib/gcc/avr/4.9.2/avrxmega6\libgcc.a(_ctors.o)
                0x00000578                __do_global_ctors
 *(.init6)
 *(.init7)
 *(.init7)
 *(.init8)
 *(.init8)
 *(.init9)
 .init9         0x00000598        0x8 C:/Program Files (x86)/Atmel/Studio/7.0/Packs/atmel/XMEGAA_DFP/1.0.36/gcc/dev/atxmega128a3u/avrxmega6/crtatxmega128a3u.o
 *(.init9)
 *(.text)
 .text          0x000005a0        0x4 C:/Program Files (x86)/Atmel/Studio/7.0/Packs/atmel/XMEGAA_DFP/1.0.36/gcc/dev/atxmega128a3u/avrxmega6/crtatxmega128a3u.o
                0x000005a0                __vector_75
                0x000005a0                __vector_102
                0x000005a0                __bad_interrupt
                0x000005a0                __vector_122
                0x000005a0                __vector_114
                0x000005a0                __vector_117
                0x000005a0                __vector_107
                0x000005a0                __vector_98
                0x000005a0                __vector_99
                0x000005a0                __vector_125
                0x000005a0                __vector_123
                0x000005a0                __vector_100
                0x000005a0                __vector_101
                0x000005a0                __vector_76
                0x000005a0                __vector_115
                0x000005a0                __vector_95
                0x000005a0                __vector_103
                0x000005a0                __vector_96
                0x000005a0                __vector_106
                0x000005a0                __vector_118
                0x000005a0                __vector_94
                0x000005a0                __vector_126
                0x000005a0                __vector_124
                0x000005a0                __vector_116
                0x000005a0                __vector_97
                0x000005a4                . = ALIGN (0x2)
 *(.text.*)
 .text._ZN13CDGUSDatabaseC2Ev
                0x000005a4        0x2 CDGUSDatabase.o
                0x000005a4                _ZN13CDGUSDatabaseC2Ev
                0x000005a4                _ZN13CDGUSDatabaseC1Ev
 .text._ZN13CDGUSDatabaseD2Ev
                0x000005a6        0x2 CDGUSDatabase.o
                0x000005a6                _ZN13CDGUSDatabaseD2Ev
                0x000005a6                _ZN13CDGUSDatabaseD1Ev
 .text._ZN13CDGUSDatabase10InitializeEP9CMBSenderj
                0x000005a8       0x18 CDGUSDatabase.o
                0x000005a8                _ZN13CDGUSDatabase10InitializeEP9CMBSenderj
 .text._ZN13CDGUSDatabase18MapDatabaseToWriteEjmj
                0x000005c0       0xca CDGUSDatabase.o
                0x000005c0                _ZN13CDGUSDatabase18MapDatabaseToWriteEjmj
 .text._ZN13CDGUSDatabase17MapDatabaseToReadEjmj
                0x0000068a       0xca CDGUSDatabase.o
                0x0000068a                _ZN13CDGUSDatabase17MapDatabaseToReadEjmj
 .text._ZN13CDGUSDatabase5UnMapEv
                0x00000754       0x3c CDGUSDatabase.o
                0x00000754                _ZN13CDGUSDatabase5UnMapEv
 .text._ZN16CLaserControlApp21OnTransactionCallbackEPhj
                0x00000790        0x2 CLaserControlApp.o
                0x00000790                _ZN16CLaserControlApp21OnTransactionCallbackEPhj
 .text._ZN16CLaserControlApp18OnRegisterReceivedEhPhh
                0x00000792       0xb0 CLaserControlApp.o
                0x00000792                _ZN16CLaserControlApp18OnRegisterReceivedEhPhh
 .text._ZN16CLaserControlApp18OnVariableReceivedEjPjj
                0x00000842      0x180 CLaserControlApp.o
                0x00000842                _ZN16CLaserControlApp18OnVariableReceivedEjPjj
 .text._ZN16CLaserControlAppC2Ev
                0x000009c2        0xc CLaserControlApp.o
                0x000009c2                _ZN16CLaserControlAppC2Ev
                0x000009c2                _ZN16CLaserControlAppC1Ev
 .text._ZN16CLaserControlAppD2Ev
                0x000009ce       0x10 CLaserControlApp.o
                0x000009ce                _ZN16CLaserControlAppD2Ev
                0x000009ce                _ZN16CLaserControlAppD1Ev
 .text._ZN16CLaserControlApp5StartEv
                0x000009de       0x80 CLaserControlApp.o
                0x000009de                _ZN16CLaserControlApp5StartEv
 .text._ZN16CLaserControlApp22CalculateLaserSettingsEP24DGUS_LASERPROFILE_STRUCT
                0x00000a5e      0x14a CLaserControlApp.o
                0x00000a5e                _ZN16CLaserControlApp22CalculateLaserSettingsEP24DGUS_LASERPROFILE_STRUCT
 .text._ZN16CLaserControlApp11GetVariableEjj
                0x00000ba8       0x28 CLaserControlApp.o
                0x00000ba8                _ZN16CLaserControlApp11GetVariableEjj
 .text._ZN16CLaserControlApp11SetVariableEjPjj
                0x00000bd0       0x20 CLaserControlApp.o
                0x00000bd0                _ZN16CLaserControlApp11SetVariableEjPjj
 .text._ZN16CLaserControlApp12SetPictureIdEj
                0x00000bf0       0x4c CLaserControlApp.o
                0x00000bf0                _ZN16CLaserControlApp12SetPictureIdEj
 .text._ZN16CLaserControlApp12OnLaserTimerEv
                0x00000c3c       0x3c CLaserControlApp.o
                0x00000c3c                _ZN16CLaserControlApp12OnLaserTimerEv
 .text._ZN16CLaserControlApp18OnLaserTimerStaticEPv
                0x00000c78        0x6 CLaserControlApp.o
                0x00000c78                _ZN16CLaserControlApp18OnLaserTimerStaticEPv
 .text._ZN16CLaserControlApp19OnPWMTimerOVFStaticEPv
                0x00000c7e        0x8 CLaserControlApp.o
                0x00000c7e                _ZN16CLaserControlApp19OnPWMTimerOVFStaticEPv
 .text._ZN16CLaserControlApp19OnPWMTimerCMPStaticEPv
                0x00000c86        0x8 CLaserControlApp.o
                0x00000c86                _ZN16CLaserControlApp19OnPWMTimerCMPStaticEPv
 .text._GLOBAL__sub_I_timer
                0x00000c8e       0x12 CLaserControlApp.o
 .text._GLOBAL__sub_D_timer
                0x00000ca0       0x12 CLaserControlApp.o
 .text._ZN16CLaserControlApp10InitializeEP9CMBSender
                0x00000cb2      0x200 CLaserControlApp.o
                0x00000cb2                _ZN16CLaserControlApp10InitializeEP9CMBSender
 .text._ZN16CLaserControlApp6OnINT0Ev
                0x00000eb2       0x8c CLaserControlApp.o
                0x00000eb2                _ZN16CLaserControlApp6OnINT0Ev
 .text._ZN16CLaserControlApp12OnINT0StaticEPv
                0x00000f3e        0x6 CLaserControlApp.o
                0x00000f3e                _ZN16CLaserControlApp12OnINT0StaticEPv
 .text._ZN16CLaserControlApp3RunEv
                0x00000f44      0x454 CLaserControlApp.o
                0x00000f44                _ZN16CLaserControlApp3RunEv
 .text._ZN16CLaserControlApp7OnTimerEv
                0x00001398      0x156 CLaserControlApp.o
                0x00001398                _ZN16CLaserControlApp7OnTimerEv
 .text._ZN16CLaserControlApp13OnTimerStaticEPv
                0x000014ee        0x6 CLaserControlApp.o
                0x000014ee                _ZN16CLaserControlApp13OnTimerStaticEPv
 .text._Z11ConvertDataPvS_jj
                0x000014f4       0x58 DGUSGUI.o
                0x000014f4                _Z11ConvertDataPvS_jj
 .text._Z4swapj
                0x0000154c        0x8 DGUSGUI.o
                0x0000154c                _Z4swapj
 .text._Z6swap32m
                0x00001554        0x8 DGUSGUI.o
                0x00001554                _Z6swap32m
 .text._ZN4CSPIC2Ev
                0x0000155c        0x2 LaserLib/CSPI.o
                0x0000155c                _ZN4CSPIC2Ev
                0x0000155c                _ZN4CSPIC1Ev
 .text._ZN4CSPID2Ev
                0x0000155e        0x2 LaserLib/CSPI.o
                0x0000155e                _ZN4CSPID2Ev
                0x0000155e                _ZN4CSPID1Ev
 .text._ZN4CSPI10InitializeEb19SPI_DATA_ORDER_ENUM13SPI_MODE_ENUMb18SPI_PRESCALER_enum
                0x00001560       0x82 LaserLib/CSPI.o
                0x00001560                _ZN4CSPI10InitializeEb19SPI_DATA_ORDER_ENUM13SPI_MODE_ENUMb18SPI_PRESCALER_enum
 .text._ZN4CSPI12DeinitializeEv
                0x000015e2       0x16 LaserLib/CSPI.o
                0x000015e2                _ZN4CSPI12DeinitializeEv
 .text._ZN4CSPI4SendEPhj
                0x000015f8       0x40 LaserLib/CSPI.o
                0x000015f8                _ZN4CSPI4SendEPhj
 .text._ZN4CSPI10OnTransmitEv
                0x00001638       0x30 LaserLib/CSPI.o
                0x00001638                _ZN4CSPI10OnTransmitEv
 .text._ZN4CSPI16StaticOnTransmitEPv
                0x00001668        0x6 LaserLib/CSPI.o
                0x00001668                _ZN4CSPI16StaticOnTransmitEPv
 .text._ZN6CTimerC2Ev
                0x0000166e        0xc LaserLib/CTimer.o
                0x0000166e                _ZN6CTimerC1Ev
                0x0000166e                _ZN6CTimerC2Ev
 .text._ZN6CTimerD2Ev
                0x0000167a        0x2 LaserLib/CTimer.o
                0x0000167a                _ZN6CTimerD1Ev
                0x0000167a                _ZN6CTimerD2Ev
 .text._ZN7CTimer1C2Ev
                0x0000167c        0xc LaserLib/CTimer1.o
                0x0000167c                _ZN7CTimer1C1Ev
                0x0000167c                _ZN7CTimer1C2Ev
 .text._ZN7CTimer1D2Ev
                0x00001688        0x2 LaserLib/CTimer1.o
                0x00001688                _ZN7CTimer1D1Ev
                0x00001688                _ZN7CTimer1D2Ev
 .text._ZN6CUSARTC2Ev
                0x0000168a        0xc LaserLib/CUSART.o
                0x0000168a                _ZN6CUSARTC2Ev
                0x0000168a                _ZN6CUSARTC1Ev
 .text._ZN6CUSARTD2Ev
                0x00001696        0x2 LaserLib/CUSART.o
                0x00001696                _ZN6CUSARTD1Ev
                0x00001696                _ZN6CUSARTD2Ev
 .text.__vector_1
                0x00001698       0x62 LaserLib/intx128.o
                0x00001698                __vector_1
 .text.__vector_2
                0x000016fa       0x62 LaserLib/intx128.o
                0x000016fa                __vector_2
 .text.__vector_3
                0x0000175c       0x62 LaserLib/intx128.o
                0x0000175c                __vector_3
 .text.__vector_4
                0x000017be       0x62 LaserLib/intx128.o
                0x000017be                __vector_4
 .text.__vector_5
                0x00001820       0x62 LaserLib/intx128.o
                0x00001820                __vector_5
 .text.__vector_6
                0x00001882       0x62 LaserLib/intx128.o
                0x00001882                __vector_6
 .text.__vector_7
                0x000018e4       0x62 LaserLib/intx128.o
                0x000018e4                __vector_7
 .text.__vector_8
                0x00001946       0x62 LaserLib/intx128.o
                0x00001946                __vector_8
 .text.__vector_9
                0x000019a8       0x62 LaserLib/intx128.o
                0x000019a8                __vector_9
 .text.__vector_10
                0x00001a0a       0x62 LaserLib/intx128.o
                0x00001a0a                __vector_10
 .text.__vector_11
                0x00001a6c       0x62 LaserLib/intx128.o
                0x00001a6c                __vector_11
 .text.__vector_12
                0x00001ace       0x62 LaserLib/intx128.o
                0x00001ace                __vector_12
 .text.__vector_13
                0x00001b30       0x62 LaserLib/intx128.o
                0x00001b30                __vector_13
 .text.__vector_14
                0x00001b92       0x62 LaserLib/intx128.o
                0x00001b92                __vector_14
 .text.__vector_15
                0x00001bf4       0x62 LaserLib/intx128.o
                0x00001bf4                __vector_15
 .text.__vector_16
                0x00001c56       0x62 LaserLib/intx128.o
                0x00001c56                __vector_16
 .text.__vector_17
                0x00001cb8       0x62 LaserLib/intx128.o
                0x00001cb8                __vector_17
 .text.__vector_18
                0x00001d1a       0x62 LaserLib/intx128.o
                0x00001d1a                __vector_18
 .text.__vector_19
                0x00001d7c       0x62 LaserLib/intx128.o
                0x00001d7c                __vector_19
 .text.__vector_20
                0x00001dde       0x62 LaserLib/intx128.o
                0x00001dde                __vector_20
 .text.__vector_21
                0x00001e40       0x62 LaserLib/intx128.o
                0x00001e40                __vector_21
 .text.__vector_22
                0x00001ea2       0x62 LaserLib/intx128.o
                0x00001ea2                __vector_22
 .text.__vector_23
                0x00001f04       0x62 LaserLib/intx128.o
                0x00001f04                __vector_23
 .text.__vector_24
                0x00001f66       0x62 LaserLib/intx128.o
                0x00001f66                __vector_24
 .text.__vector_25
                0x00001fc8       0x62 LaserLib/intx128.o
                0x00001fc8                __vector_25
 .text.__vector_26
                0x0000202a       0x62 LaserLib/intx128.o
                0x0000202a                __vector_26
 .text.__vector_27
                0x0000208c       0x62 LaserLib/intx128.o
                0x0000208c                __vector_27
 .text.__vector_28
                0x000020ee       0x62 LaserLib/intx128.o
                0x000020ee                __vector_28
 .text.__vector_29
                0x00002150       0x62 LaserLib/intx128.o
                0x00002150                __vector_29
 .text.__vector_30
                0x000021b2       0x62 LaserLib/intx128.o
                0x000021b2                __vector_30
 .text.__vector_31
                0x00002214       0x62 LaserLib/intx128.o
                0x00002214                __vector_31
 .text.__vector_32
                0x00002276       0x62 LaserLib/intx128.o
                0x00002276                __vector_32
 .text.__vector_33
                0x000022d8       0x62 LaserLib/intx128.o
                0x000022d8                __vector_33
 .text.__vector_34
                0x0000233a       0x62 LaserLib/intx128.o
                0x0000233a                __vector_34
 .text.__vector_35
                0x0000239c       0x62 LaserLib/intx128.o
                0x0000239c                __vector_35
 .text.__vector_36
                0x000023fe       0x62 LaserLib/intx128.o
                0x000023fe                __vector_36
 .text.__vector_37
                0x00002460       0x62 LaserLib/intx128.o
                0x00002460                __vector_37
 .text.__vector_38
                0x000024c2       0x62 LaserLib/intx128.o
                0x000024c2                __vector_38
 .text.__vector_39
                0x00002524       0x62 LaserLib/intx128.o
                0x00002524                __vector_39
 .text.__vector_40
                0x00002586       0x62 LaserLib/intx128.o
                0x00002586                __vector_40
 .text.__vector_41
                0x000025e8       0x62 LaserLib/intx128.o
                0x000025e8                __vector_41
 .text.__vector_42
                0x0000264a       0x62 LaserLib/intx128.o
                0x0000264a                __vector_42
 .text.__vector_43
                0x000026ac       0x62 LaserLib/intx128.o
                0x000026ac                __vector_43
 .text.__vector_44
                0x0000270e       0x62 LaserLib/intx128.o
                0x0000270e                __vector_44
 .text.__vector_45
                0x00002770       0x62 LaserLib/intx128.o
                0x00002770                __vector_45
 .text.__vector_46
                0x000027d2       0x62 LaserLib/intx128.o
                0x000027d2                __vector_46
 .text.__vector_47
                0x00002834       0x62 LaserLib/intx128.o
                0x00002834                __vector_47
 .text.__vector_48
                0x00002896       0x62 LaserLib/intx128.o
                0x00002896                __vector_48
 .text.__vector_49
                0x000028f8       0x62 LaserLib/intx128.o
                0x000028f8                __vector_49
 .text.__vector_50
                0x0000295a       0x62 LaserLib/intx128.o
                0x0000295a                __vector_50
 .text.__vector_51
                0x000029bc       0x62 LaserLib/intx128.o
                0x000029bc                __vector_51
 .text.__vector_52
                0x00002a1e       0x62 LaserLib/intx128.o
                0x00002a1e                __vector_52
 .text.__vector_53
                0x00002a80       0x62 LaserLib/intx128.o
                0x00002a80                __vector_53
 .text.__vector_54
                0x00002ae2       0x62 LaserLib/intx128.o
                0x00002ae2                __vector_54
 .text.__vector_55
                0x00002b44       0x62 LaserLib/intx128.o
                0x00002b44                __vector_55
 .text.__vector_56
                0x00002ba6       0x62 LaserLib/intx128.o
                0x00002ba6                __vector_56
 .text.__vector_57
                0x00002c08       0x62 LaserLib/intx128.o
                0x00002c08                __vector_57
 .text.__vector_58
                0x00002c6a       0x62 LaserLib/intx128.o
                0x00002c6a                __vector_58
 .text.__vector_59
                0x00002ccc       0x62 LaserLib/intx128.o
                0x00002ccc                __vector_59
 .text.__vector_60
                0x00002d2e       0x62 LaserLib/intx128.o
                0x00002d2e                __vector_60
 .text.__vector_61
                0x00002d90       0x62 LaserLib/intx128.o
                0x00002d90                __vector_61
 .text.__vector_62
                0x00002df2       0x62 LaserLib/intx128.o
                0x00002df2                __vector_62
 .text.__vector_63
                0x00002e54       0x62 LaserLib/intx128.o
                0x00002e54                __vector_63
 .text.__vector_64
                0x00002eb6       0x62 LaserLib/intx128.o
                0x00002eb6                __vector_64
 .text.__vector_65
                0x00002f18       0x62 LaserLib/intx128.o
                0x00002f18                __vector_65
 .text.__vector_66
                0x00002f7a       0x62 LaserLib/intx128.o
                0x00002f7a                __vector_66
 .text.__vector_67
                0x00002fdc       0x62 LaserLib/intx128.o
                0x00002fdc                __vector_67
 .text.__vector_68
                0x0000303e       0x62 LaserLib/intx128.o
                0x0000303e                __vector_68
 .text.__vector_69
                0x000030a0       0x62 LaserLib/intx128.o
                0x000030a0                __vector_69
 .text.__vector_70
                0x00003102       0x62 LaserLib/intx128.o
                0x00003102                __vector_70
 .text.__vector_71
                0x00003164       0x62 LaserLib/intx128.o
                0x00003164                __vector_71
 .text.__vector_72
                0x000031c6       0x62 LaserLib/intx128.o
                0x000031c6                __vector_72
 .text.__vector_73
                0x00003228       0x62 LaserLib/intx128.o
                0x00003228                __vector_73
 .text.__vector_74
                0x0000328a       0x62 LaserLib/intx128.o
                0x0000328a                __vector_74
 .text.__vector_77
                0x000032ec       0x62 LaserLib/intx128.o
                0x000032ec                __vector_77
 .text.__vector_78
                0x0000334e       0x62 LaserLib/intx128.o
                0x0000334e                __vector_78
 .text.__vector_79
                0x000033b0       0x62 LaserLib/intx128.o
                0x000033b0                __vector_79
 .text.__vector_80
                0x00003412       0x62 LaserLib/intx128.o
                0x00003412                __vector_80
 .text.__vector_81
                0x00003474       0x62 LaserLib/intx128.o
                0x00003474                __vector_81
 .text.__vector_82
                0x000034d6       0x62 LaserLib/intx128.o
                0x000034d6                __vector_82
 .text.__vector_83
                0x00003538       0x62 LaserLib/intx128.o
                0x00003538                __vector_83
 .text.__vector_84
                0x0000359a       0x62 LaserLib/intx128.o
                0x0000359a                __vector_84
 .text.__vector_85
                0x000035fc       0x62 LaserLib/intx128.o
                0x000035fc                __vector_85
 .text.__vector_86
                0x0000365e       0x62 LaserLib/intx128.o
                0x0000365e                __vector_86
 .text.__vector_87
                0x000036c0       0x62 LaserLib/intx128.o
                0x000036c0                __vector_87
 .text.__vector_88
                0x00003722       0x62 LaserLib/intx128.o
                0x00003722                __vector_88
 .text.__vector_89
                0x00003784       0x62 LaserLib/intx128.o
                0x00003784                __vector_89
 .text.__vector_90
                0x000037e6       0x62 LaserLib/intx128.o
                0x000037e6                __vector_90
 .text.__vector_91
                0x00003848       0x62 LaserLib/intx128.o
                0x00003848                __vector_91
 .text.__vector_92
                0x000038aa       0x62 LaserLib/intx128.o
                0x000038aa                __vector_92
 .text.__vector_93
                0x0000390c       0x62 LaserLib/intx128.o
                0x0000390c                __vector_93
 .text.__vector_104
                0x0000396e       0x62 LaserLib/intx128.o
                0x0000396e                __vector_104
 .text.__vector_105
                0x000039d0       0x62 LaserLib/intx128.o
                0x000039d0                __vector_105
 .text.__vector_108
                0x00003a32       0x62 LaserLib/intx128.o
                0x00003a32                __vector_108
 .text.__vector_109
                0x00003a94       0x62 LaserLib/intx128.o
                0x00003a94                __vector_109
 .text.__vector_110
                0x00003af6       0x62 LaserLib/intx128.o
                0x00003af6                __vector_110
 .text.__vector_111
                0x00003b58       0x62 LaserLib/intx128.o
                0x00003b58                __vector_111
 .text.__vector_112
                0x00003bba       0x62 LaserLib/intx128.o
                0x00003bba                __vector_112
 .text.__vector_113
                0x00003c1c       0x62 LaserLib/intx128.o
                0x00003c1c                __vector_113
 .text.__vector_119
                0x00003c7e       0x62 LaserLib/intx128.o
                0x00003c7e                __vector_119
 .text.__vector_120
                0x00003ce0       0x62 LaserLib/intx128.o
                0x00003ce0                __vector_120
 .text.__vector_121
                0x00003d42       0x62 LaserLib/intx128.o
                0x00003d42                __vector_121
 .text.__cxa_pure_virtual
                0x00003da4        0x6 main.o
                0x00003da4                __cxa_pure_virtual
 .text._GLOBAL__sub_I_dacSPI
                0x00003daa       0x5a main.o
 .text._GLOBAL__sub_D_dacSPI
                0x00003e04       0x5a main.o
 .text._Z16SystemInitializev
                0x00003e5e      0x158 main.o
                0x00003e5e                _Z16SystemInitializev
 .text.main     0x00003fb6      0x10e main.o
                0x00003fb6                main
 .text._ZN16CMBEventsHandler13FillRegDataTxEhPhh
                0x000040c4       0x62 MODBUS/CMBProtocol.o
                0x000040c4                _ZN16CMBEventsHandler13FillRegDataTxEhPhh
 .text._ZN16CMBEventsHandler13FillRegDataRqEhh
                0x00004126       0x3e MODBUS/CMBProtocol.o
                0x00004126                _ZN16CMBEventsHandler13FillRegDataRqEhh
 .text._ZN16CMBEventsHandler13FillVarDataTxEjPjj
                0x00004164       0x90 MODBUS/CMBProtocol.o
                0x00004164                _ZN16CMBEventsHandler13FillVarDataTxEjPjj
 .text._ZN16CMBEventsHandler13FillVarDataRqEjj
                0x000041f4       0x46 MODBUS/CMBProtocol.o
                0x000041f4                _ZN16CMBEventsHandler13FillVarDataRqEjj
 .text._ZN16CMBEventsHandler15AllocateBuffersEjj
                0x0000423a       0x36 MODBUS/CMBProtocol.o
                0x0000423a                _ZN16CMBEventsHandler15AllocateBuffersEjj
 .text._ZN16CMBEventsHandler11FreeBuffersEv
                0x00004270       0x1c MODBUS/CMBProtocol.o
                0x00004270                _ZN16CMBEventsHandler11FreeBuffersEv
 .text._ZN16CMBEventsHandlerD2Ev
                0x0000428c        0x2 MODBUS/CMBProtocol.o
                0x0000428c                _ZN16CMBEventsHandlerD2Ev
                0x0000428c                _ZN16CMBEventsHandlerD1Ev
 .text._ZN9CMBSender18OnVariableReceivedEjPjj
                0x0000428e       0x1e MODBUS/CMBSender.o
                0x0000428e                _ZN9CMBSender18OnVariableReceivedEjPjj
 .text._ZN9CMBSender18OnRegisterReceivedEhPhh
                0x000042ac       0x1e MODBUS/CMBSender.o
                0x000042ac                _ZN9CMBSender18OnRegisterReceivedEhPhh
 .text._ZN9CMBSenderC2Ev
                0x000042ca        0xc MODBUS/CMBSender.o
                0x000042ca                _ZN9CMBSenderC2Ev
                0x000042ca                _ZN9CMBSenderC1Ev
 .text._ZN9CMBSender10InitializeEP6CTimerP6CUSARTP16CMBEventsHandlerjjj
                0x000042d6       0xde MODBUS/CMBSender.o
                0x000042d6                _ZN9CMBSender10InitializeEP6CTimerP6CUSARTP16CMBEventsHandlerjjj
 .text._ZN9CMBSenderD2Ev
                0x000043b4       0x10 MODBUS/CMBSender.o
                0x000043b4                _ZN9CMBSenderD1Ev
                0x000043b4                _ZN9CMBSenderD2Ev
 .text._ZN9CMBSender13OnReceiveByteEh
                0x000043c4      0x15a MODBUS/CMBSender.o
                0x000043c4                _ZN9CMBSender13OnReceiveByteEh
 .text._ZN9CMBSender18OnUSARTRxInterruptEPv
                0x0000451e       0x26 MODBUS/CMBSender.o
                0x0000451e                _ZN9CMBSender18OnUSARTRxInterruptEPv
 .text._ZN9CMBSender9OnTimeoutEv
                0x00004544       0x28 MODBUS/CMBSender.o
                0x00004544                _ZN9CMBSender9OnTimeoutEv
 .text._ZN9CMBSender18OnTimeoutInterruptEPv
                0x0000456c        0x6 MODBUS/CMBSender.o
                0x0000456c                _ZN9CMBSender18OnTimeoutInterruptEPv
 .text._ZN9CMBSender19StartMODBUSListenerEv
                0x00004572       0x32 MODBUS/CMBSender.o
                0x00004572                _ZN9CMBSender19StartMODBUSListenerEv
 .text._ZN9CMBSender14OnTransmitByteEv
                0x000045a4       0x92 MODBUS/CMBSender.o
                0x000045a4                _ZN9CMBSender14OnTransmitByteEv
 .text._ZN9CMBSender18OnUSARTTxInterruptEPv
                0x00004636        0x6 MODBUS/CMBSender.o
                0x00004636                _ZN9CMBSender18OnUSARTTxInterruptEPv
 .text._ZN9CMBSender18WaitMODBUSListenerEv
                0x0000463c       0x22 MODBUS/CMBSender.o
                0x0000463c                _ZN9CMBSender18WaitMODBUSListenerEv
 .text._ZN9CMBSender22StartMODBUSTransmitterEv
                0x0000465e       0x2a MODBUS/CMBSender.o
                0x0000465e                _ZN9CMBSender22StartMODBUSTransmitterEv
 .text._ZN9CMBSender24WriteDataToRegisterAsyncEhPhh
                0x00004688       0x1e MODBUS/CMBSender.o
                0x00004688                _ZN9CMBSender24WriteDataToRegisterAsyncEhPhh
 .text._ZN9CMBSender20WriteDataToSRAMAsyncEjPjj
                0x000046a6       0x1e MODBUS/CMBSender.o
                0x000046a6                _ZN9CMBSender20WriteDataToSRAMAsyncEjPjj
 .text._ZN9CMBSender28RequestDataFromRegisterAsyncEhh
                0x000046c4       0x1e MODBUS/CMBSender.o
                0x000046c4                _ZN9CMBSender28RequestDataFromRegisterAsyncEhh
 .text._ZN9CMBSender24RequestDataFromSRAMAsyncEjh
                0x000046e2       0x20 MODBUS/CMBSender.o
                0x000046e2                _ZN9CMBSender24RequestDataFromSRAMAsyncEjh
 .text._ZN9CMBSender21WaitMODBUSTransmitterEv
                0x00004702       0x22 MODBUS/CMBSender.o
                0x00004702                _ZN9CMBSender21WaitMODBUSTransmitterEv
 .text._ZN9CMBSender30StartMODBUSRegisterTransactionEhh
                0x00004724        0xc MODBUS/CMBSender.o
                0x00004724                _ZN9CMBSender30StartMODBUSRegisterTransactionEhh
 .text._ZN9CMBSender30StartMODBUSVariableTransactionEjh
                0x00004730        0xc MODBUS/CMBSender.o
                0x00004730                _ZN9CMBSender30StartMODBUSVariableTransactionEjh
 .text._ZN9CMBSender18ProcessTransactionEPhj
                0x0000473c       0x62 MODBUS/CMBSender.o
                0x0000473c                _ZN9CMBSender18ProcessTransactionEPhj
 .text._ZN9CMBSender21OnTransactionCallbackEPhj
                0x0000479e        0x6 MODBUS/CMBSender.o
                0x0000479e                _ZN9CMBSender21OnTransactionCallbackEPhj
 .text._ZN10CDGUSUSART10InitializeE13BAUDRATE_ENUM11PARITY_ENUM12STOBITS_ENUMb
                0x000047a4       0x76 Periphery/CDGUSUSART.o
                0x000047a4                _ZN10CDGUSUSART10InitializeE13BAUDRATE_ENUM11PARITY_ENUM12STOBITS_ENUMb
 .text._ZN10CDGUSUSART15GetReceivedByteEv
                0x0000481a        0x6 Periphery/CDGUSUSART.o
                0x0000481a                _ZN10CDGUSUSART15GetReceivedByteEv
 .text._ZN10CDGUSUSART19SetTransmittingByteEh
                0x00004820        0x6 Periphery/CDGUSUSART.o
                0x00004820                _ZN10CDGUSUSART19SetTransmittingByteEh
 .text._ZN10CDGUSUSART14IsTransmittingEv
                0x00004826       0x10 Periphery/CDGUSUSART.o
                0x00004826                _ZN10CDGUSUSART14IsTransmittingEv
 .text._ZN10CDGUSUSART11IsReceivingEv
                0x00004836        0xe Periphery/CDGUSUSART.o
                0x00004836                _ZN10CDGUSUSART11IsReceivingEv
 .text._ZN10CDGUSUSART11IsDataEmptyEv
                0x00004844       0x10 Periphery/CDGUSUSART.o
                0x00004844                _ZN10CDGUSUSART11IsDataEmptyEv
 .text._ZN10CDGUSUSART25SetRxInterruptionCallbackEPvPFvS0_E
                0x00004854       0x12 Periphery/CDGUSUSART.o
                0x00004854                _ZN10CDGUSUSART25SetRxInterruptionCallbackEPvPFvS0_E
 .text._ZN10CDGUSUSART25SetTxInterruptionCallbackEPvPFvS0_E
                0x00004866       0x12 Periphery/CDGUSUSART.o
                0x00004866                _ZN10CDGUSUSART25SetTxInterruptionCallbackEPvPFvS0_E
 .text._ZN10CDGUSUSART12SetDMARxTrigEP13DMA_CH_struct
                0x00004878       0x12 Periphery/CDGUSUSART.o
                0x00004878                _ZN10CDGUSUSART12SetDMARxTrigEP13DMA_CH_struct
 .text._ZN10CDGUSUSART12SetDMATxTrigEP13DMA_CH_struct
                0x0000488a       0x12 Periphery/CDGUSUSART.o
                0x0000488a                _ZN10CDGUSUSART12SetDMATxTrigEP13DMA_CH_struct
 .text._ZN10CDGUSUSARTC2Ev
                0x0000489c       0x18 Periphery/CDGUSUSART.o
                0x0000489c                _ZN10CDGUSUSARTC1Ev
                0x0000489c                _ZN10CDGUSUSARTC2Ev
 .text._ZN10CDGUSUSARTD2Ev
                0x000048b4       0x10 Periphery/CDGUSUSART.o
                0x000048b4                _ZN10CDGUSUSARTD2Ev
                0x000048b4                _ZN10CDGUSUSARTD1Ev
 .text._ZN8CDS18B20C2Ev
                0x000048c4        0x2 Periphery/CDS18B20.o
                0x000048c4                _ZN8CDS18B20C2Ev
                0x000048c4                _ZN8CDS18B20C1Ev
 .text._ZN8CDS18B20D2Ev
                0x000048c6        0x2 Periphery/CDS18B20.o
                0x000048c6                _ZN8CDS18B20D1Ev
                0x000048c6                _ZN8CDS18B20D2Ev
 .text._ZN8CDS18B207w1_findEv
                0x000048c8       0x3c Periphery/CDS18B20.o
                0x000048c8                _ZN8CDS18B207w1_findEv
 .text._ZN8CDS18B2010w1_sendcmdEh
                0x00004904       0x6e Periphery/CDS18B20.o
                0x00004904                _ZN8CDS18B2010w1_sendcmdEh
 .text._ZN8CDS18B2015w1_receive_byteEv
                0x00004972       0x66 Periphery/CDS18B20.o
                0x00004972                _ZN8CDS18B2015w1_receive_byteEv
 .text._ZN8CDS18B2010temp_18b20Ev
                0x000049d8       0x88 Periphery/CDS18B20.o
                0x000049d8                _ZN8CDS18B2010temp_18b20Ev
 .text._ZN8CDS18B2010InitializeEv
                0x00004a60        0xc Periphery/CDS18B20.o
                0x00004a60                _ZN8CDS18B2010InitializeEv
 .text._ZN11CLaserBoardC2Ev
                0x00004a6c        0x2 Periphery/CLaserBoard.o
                0x00004a6c                _ZN11CLaserBoardC1Ev
                0x00004a6c                _ZN11CLaserBoardC2Ev
 .text._ZN11CLaserBoardD2Ev
                0x00004a6e        0x2 Periphery/CLaserBoard.o
                0x00004a6e                _ZN11CLaserBoardD2Ev
                0x00004a6e                _ZN11CLaserBoardD1Ev
 .text._ZN11CLaserBoard12InitializeIOEv
                0x00004a70       0xbe Periphery/CLaserBoard.o
                0x00004a70                _ZN11CLaserBoard12InitializeIOEv
 .text._ZN11CLaserBoard15InitializeClockEv
                0x00004b2e       0x6a Periphery/CLaserBoard.o
                0x00004b2e                _ZN11CLaserBoard15InitializeClockEv
 .text._ZN11CLaserBoard8Relay1OnEv
                0x00004b98        0x8 Periphery/CLaserBoard.o
                0x00004b98                _ZN11CLaserBoard8Relay1OnEv
 .text._ZN11CLaserBoard8Relay2OnEv
                0x00004ba0        0x8 Periphery/CLaserBoard.o
                0x00004ba0                _ZN11CLaserBoard8Relay2OnEv
 .text._ZN11CLaserBoard9Relay2OffEv
                0x00004ba8        0x8 Periphery/CLaserBoard.o
                0x00004ba8                _ZN11CLaserBoard9Relay2OffEv
 .text._ZN11CLaserBoard12LaserPowerOnEv
                0x00004bb0        0x8 Periphery/CLaserBoard.o
                0x00004bb0                _ZN11CLaserBoard12LaserPowerOnEv
 .text._ZN11CLaserBoard13LaserPowerOffEv
                0x00004bb8        0x8 Periphery/CLaserBoard.o
                0x00004bb8                _ZN11CLaserBoard13LaserPowerOffEv
 .text._ZN11CLaserBoard4BeepEv
                0x00004bc0       0x30 Periphery/CLaserBoard.o
                0x00004bc0                _ZN11CLaserBoard4BeepEv
 .text._ZN11CLaserBoard14BeepClassErrorEv
                0x00004bf0       0x54 Periphery/CLaserBoard.o
                0x00004bf0                _ZN11CLaserBoard14BeepClassErrorEv
 .text._ZN11CLaserBoard9PortCheckEv
                0x00004c44        0xa Periphery/CLaserBoard.o
                0x00004c44                _ZN11CLaserBoard9PortCheckEv
 .text._ZN11CLaserBoard10FootswitchEv
                0x00004c4e        0x8 Periphery/CLaserBoard.o
                0x00004c4e                _ZN11CLaserBoard10FootswitchEv
 .text._ZN12CSoundPlayerC2Ev
                0x00004c56        0x2 Periphery/CSoundPlayer.o
                0x00004c56                _ZN12CSoundPlayerC2Ev
                0x00004c56                _ZN12CSoundPlayerC1Ev
 .text._ZN12CSoundPlayerD2Ev
                0x00004c58        0x2 Periphery/CSoundPlayer.o
                0x00004c58                _ZN12CSoundPlayerD1Ev
                0x00004c58                _ZN12CSoundPlayerD2Ev
 .text._ZN12CSoundPlayer19InitializeToneTimerEv
                0x00004c5a       0x22 Periphery/CSoundPlayer.o
                0x00004c5a                _ZN12CSoundPlayer19InitializeToneTimerEv
 .text._ZN12CSoundPlayer23InitializeDurationTimerEv
                0x00004c7c       0x18 Periphery/CSoundPlayer.o
                0x00004c7c                _ZN12CSoundPlayer23InitializeDurationTimerEv
 .text._ZN12CSoundPlayer10SoundStartEjjh
                0x00004c94       0x68 Periphery/CSoundPlayer.o
                0x00004c94                _ZN12CSoundPlayer10SoundStartEjjh
 .text._ZN12CSoundPlayer9SoundStopEv
                0x00004cfc       0x3c Periphery/CSoundPlayer.o
                0x00004cfc                _ZN12CSoundPlayer9SoundStopEv
 .text._ZN12CSoundPlayer10InitializeEv
                0x00004d38       0x16 Periphery/CSoundPlayer.o
                0x00004d38                _ZN12CSoundPlayer10InitializeEv
 .text._ZN7CTimerC10InitializeE27TIMER_WAVEFORMGEN_MODE_ENUM22TIMER_CLOCKSELECT_ENUM
                0x00004d4e       0x36 Periphery/CTimerC.o
                0x00004d4e                _ZN7CTimerC10InitializeE27TIMER_WAVEFORMGEN_MODE_ENUM22TIMER_CLOCKSELECT_ENUM
 .text._ZN7CTimerC5StartEj
                0x00004d84       0x1a Periphery/CTimerC.o
                0x00004d84                _ZN7CTimerC5StartEj
 .text._ZN7CTimerC4StopEv
                0x00004d9e       0x10 Periphery/CTimerC.o
                0x00004d9e                _ZN7CTimerC4StopEv
 .text._ZN7CTimerC13EnableChannelE19TIMER_CHANNELS_ENUM
                0x00004dae        0xe Periphery/CTimerC.o
                0x00004dae                _ZN7CTimerC13EnableChannelE19TIMER_CHANNELS_ENUM
 .text._ZN7CTimerC14DisableChannelE19TIMER_CHANNELS_ENUM
                0x00004dbc        0xe Periphery/CTimerC.o
                0x00004dbc                _ZN7CTimerC14DisableChannelE19TIMER_CHANNELS_ENUM
 .text._ZN7CTimerC9SetPeriodEj
                0x00004dca        0xa Periphery/CTimerC.o
                0x00004dca                _ZN7CTimerC9SetPeriodEj
 .text._ZN7CTimerC8SetCOMPAEj
                0x00004dd4        0xa Periphery/CTimerC.o
                0x00004dd4                _ZN7CTimerC8SetCOMPAEj
 .text._ZN7CTimerC8SetCOMPBEj
                0x00004dde        0xa Periphery/CTimerC.o
                0x00004dde                _ZN7CTimerC8SetCOMPBEj
 .text._ZN7CTimerC8SetCOMPCEj
                0x00004de8        0xa Periphery/CTimerC.o
                0x00004de8                _ZN7CTimerC8SetCOMPCEj
 .text._ZN7CTimerC8SetCOMPDEj
                0x00004df2        0xa Periphery/CTimerC.o
                0x00004df2                _ZN7CTimerC8SetCOMPDEj
 .text._ZN7CTimerC14SetOVFCallbackEPFvPvES0_17TC_OVFINTLVL_enum
                0x00004dfc       0x24 Periphery/CTimerC.o
                0x00004dfc                _ZN7CTimerC14SetOVFCallbackEPFvPvES0_17TC_OVFINTLVL_enum
 .text._ZN7CTimerC14SetERRCallbackEPFvPvES0_17TC_ERRINTLVL_enum
                0x00004e20       0x24 Periphery/CTimerC.o
                0x00004e20                _ZN7CTimerC14SetERRCallbackEPFvPvES0_17TC_ERRINTLVL_enum
 .text._ZN7CTimerC16SetCOMPACallbackEPFvPvES0_17TC_CCAINTLVL_enum
                0x00004e44       0x24 Periphery/CTimerC.o
                0x00004e44                _ZN7CTimerC16SetCOMPACallbackEPFvPvES0_17TC_CCAINTLVL_enum
 .text._ZN7CTimerC16SetCOMPBCallbackEPFvPvES0_17TC_CCBINTLVL_enum
                0x00004e68       0x24 Periphery/CTimerC.o
                0x00004e68                _ZN7CTimerC16SetCOMPBCallbackEPFvPvES0_17TC_CCBINTLVL_enum
 .text._ZN7CTimerC16SetCOMPCCallbackEPFvPvES0_17TC_CCCINTLVL_enum
                0x00004e8c       0x24 Periphery/CTimerC.o
                0x00004e8c                _ZN7CTimerC16SetCOMPCCallbackEPFvPvES0_17TC_CCCINTLVL_enum
 .text._ZN7CTimerC16SetCOMPDCallbackEPFvPvES0_17TC_CCDINTLVL_enum
                0x00004eb0       0x24 Periphery/CTimerC.o
                0x00004eb0                _ZN7CTimerC16SetCOMPDCallbackEPFvPvES0_17TC_CCDINTLVL_enum
 .text._ZN7CTimerCC2Ev
                0x00004ed4       0x18 Periphery/CTimerC.o
                0x00004ed4                _ZN7CTimerCC1Ev
                0x00004ed4                _ZN7CTimerCC2Ev
 .text._ZN7CTimerCD2Ev
                0x00004eec       0x10 Periphery/CTimerC.o
                0x00004eec                _ZN7CTimerCD1Ev
                0x00004eec                _ZN7CTimerCD2Ev
 .text._ZN8CTimerC110InitializeE27TIMER_WAVEFORMGEN_MODE_ENUM22TIMER_CLOCKSELECT_ENUM
                0x00004efc       0x2e Periphery/CTimerC1.o
                0x00004efc                _ZN8CTimerC110InitializeE27TIMER_WAVEFORMGEN_MODE_ENUM22TIMER_CLOCKSELECT_ENUM
 .text._ZN8CTimerC15StartEj
                0x00004f2a       0x1a Periphery/CTimerC1.o
                0x00004f2a                _ZN8CTimerC15StartEj
 .text._ZN8CTimerC14StopEv
                0x00004f44       0x10 Periphery/CTimerC1.o
                0x00004f44                _ZN8CTimerC14StopEv
 .text._ZN8CTimerC15ResetEv
                0x00004f54       0x14 Periphery/CTimerC1.o
                0x00004f54                _ZN8CTimerC15ResetEv
 .text._ZN8CTimerC113EnableChannelE19TIMER_CHANNELS_ENUM
                0x00004f68        0xe Periphery/CTimerC1.o
                0x00004f68                _ZN8CTimerC113EnableChannelE19TIMER_CHANNELS_ENUM
 .text._ZN8CTimerC114DisableChannelE19TIMER_CHANNELS_ENUM
                0x00004f76        0xe Periphery/CTimerC1.o
                0x00004f76                _ZN8CTimerC114DisableChannelE19TIMER_CHANNELS_ENUM
 .text._ZN8CTimerC19SetPeriodEj
                0x00004f84        0xa Periphery/CTimerC1.o
                0x00004f84                _ZN8CTimerC19SetPeriodEj
 .text._ZN8CTimerC18SetCOMPAEj
                0x00004f8e        0xa Periphery/CTimerC1.o
                0x00004f8e                _ZN8CTimerC18SetCOMPAEj
 .text._ZN8CTimerC18SetCOMPBEj
                0x00004f98        0xa Periphery/CTimerC1.o
                0x00004f98                _ZN8CTimerC18SetCOMPBEj
 .text._ZN8CTimerC114SetOVFCallbackEPFvPvES0_17TC_OVFINTLVL_enum
                0x00004fa2       0x24 Periphery/CTimerC1.o
                0x00004fa2                _ZN8CTimerC114SetOVFCallbackEPFvPvES0_17TC_OVFINTLVL_enum
 .text._ZN8CTimerC114SetERRCallbackEPFvPvES0_17TC_ERRINTLVL_enum
                0x00004fc6       0x24 Periphery/CTimerC1.o
                0x00004fc6                _ZN8CTimerC114SetERRCallbackEPFvPvES0_17TC_ERRINTLVL_enum
 .text._ZN8CTimerC116SetCOMPACallbackEPFvPvES0_17TC_CCAINTLVL_enum
                0x00004fea       0x24 Periphery/CTimerC1.o
                0x00004fea                _ZN8CTimerC116SetCOMPACallbackEPFvPvES0_17TC_CCAINTLVL_enum
 .text._ZN8CTimerC116SetCOMPBCallbackEPFvPvES0_17TC_CCBINTLVL_enum
                0x0000500e       0x24 Periphery/CTimerC1.o
                0x0000500e                _ZN8CTimerC116SetCOMPBCallbackEPFvPvES0_17TC_CCBINTLVL_enum
 .text._ZN8CTimerC1C2Ev
                0x00005032       0x18 Periphery/CTimerC1.o
                0x00005032                _ZN8CTimerC1C2Ev
                0x00005032                _ZN8CTimerC1C1Ev
 .text._ZN8CTimerC1D2Ev
                0x0000504a       0x10 Periphery/CTimerC1.o
                0x0000504a                _ZN8CTimerC1D2Ev
                0x0000504a                _ZN8CTimerC1D1Ev
 .text._ZN7CTimerD10InitializeE27TIMER_WAVEFORMGEN_MODE_ENUM22TIMER_CLOCKSELECT_ENUM
                0x0000505a       0x36 Periphery/CTimerD.o
                0x0000505a                _ZN7CTimerD10InitializeE27TIMER_WAVEFORMGEN_MODE_ENUM22TIMER_CLOCKSELECT_ENUM
 .text._ZN7CTimerD5StartEj
                0x00005090       0x1a Periphery/CTimerD.o
                0x00005090                _ZN7CTimerD5StartEj
 .text._ZN7CTimerD4StopEv
                0x000050aa       0x10 Periphery/CTimerD.o
                0x000050aa                _ZN7CTimerD4StopEv
 .text._ZN7CTimerD13EnableChannelE19TIMER_CHANNELS_ENUM
                0x000050ba        0xe Periphery/CTimerD.o
                0x000050ba                _ZN7CTimerD13EnableChannelE19TIMER_CHANNELS_ENUM
 .text._ZN7CTimerD14DisableChannelE19TIMER_CHANNELS_ENUM
                0x000050c8        0xe Periphery/CTimerD.o
                0x000050c8                _ZN7CTimerD14DisableChannelE19TIMER_CHANNELS_ENUM
 .text._ZN7CTimerD9SetPeriodEj
                0x000050d6        0xa Periphery/CTimerD.o
                0x000050d6                _ZN7CTimerD9SetPeriodEj
 .text._ZN7CTimerD8SetCOMPAEj
                0x000050e0        0xa Periphery/CTimerD.o
                0x000050e0                _ZN7CTimerD8SetCOMPAEj
 .text._ZN7CTimerD8SetCOMPBEj
                0x000050ea        0xa Periphery/CTimerD.o
                0x000050ea                _ZN7CTimerD8SetCOMPBEj
 .text._ZN7CTimerD8SetCOMPCEj
                0x000050f4        0xa Periphery/CTimerD.o
                0x000050f4                _ZN7CTimerD8SetCOMPCEj
 .text._ZN7CTimerD8SetCOMPDEj
                0x000050fe        0xa Periphery/CTimerD.o
                0x000050fe                _ZN7CTimerD8SetCOMPDEj
 .text._ZN7CTimerD14SetOVFCallbackEPFvPvES0_17TC_OVFINTLVL_enum
                0x00005108       0x24 Periphery/CTimerD.o
                0x00005108                _ZN7CTimerD14SetOVFCallbackEPFvPvES0_17TC_OVFINTLVL_enum
 .text._ZN7CTimerD14SetERRCallbackEPFvPvES0_17TC_ERRINTLVL_enum
                0x0000512c       0x24 Periphery/CTimerD.o
                0x0000512c                _ZN7CTimerD14SetERRCallbackEPFvPvES0_17TC_ERRINTLVL_enum
 .text._ZN7CTimerD16SetCOMPACallbackEPFvPvES0_17TC_CCAINTLVL_enum
                0x00005150       0x24 Periphery/CTimerD.o
                0x00005150                _ZN7CTimerD16SetCOMPACallbackEPFvPvES0_17TC_CCAINTLVL_enum
 .text._ZN7CTimerD16SetCOMPBCallbackEPFvPvES0_17TC_CCBINTLVL_enum
                0x00005174       0x24 Periphery/CTimerD.o
                0x00005174                _ZN7CTimerD16SetCOMPBCallbackEPFvPvES0_17TC_CCBINTLVL_enum
 .text._ZN7CTimerD16SetCOMPCCallbackEPFvPvES0_17TC_CCCINTLVL_enum
                0x00005198       0x24 Periphery/CTimerD.o
                0x00005198                _ZN7CTimerD16SetCOMPCCallbackEPFvPvES0_17TC_CCCINTLVL_enum
 .text._ZN7CTimerD16SetCOMPDCallbackEPFvPvES0_17TC_CCDINTLVL_enum
                0x000051bc       0x24 Periphery/CTimerD.o
                0x000051bc                _ZN7CTimerD16SetCOMPDCallbackEPFvPvES0_17TC_CCDINTLVL_enum
 .text._ZN7CTimerDC2Ev
                0x000051e0       0x18 Periphery/CTimerD.o
                0x000051e0                _ZN7CTimerDC1Ev
                0x000051e0                _ZN7CTimerDC2Ev
 .text._ZN7CTimerDD2Ev
                0x000051f8       0x10 Periphery/CTimerD.o
                0x000051f8                _ZN7CTimerDD2Ev
                0x000051f8                _ZN7CTimerDD1Ev
 .text._ZN8CTimerD110InitializeE27TIMER_WAVEFORMGEN_MODE_ENUM22TIMER_CLOCKSELECT_ENUM
                0x00005208       0x2e Periphery/CTimerD1.o
                0x00005208                _ZN8CTimerD110InitializeE27TIMER_WAVEFORMGEN_MODE_ENUM22TIMER_CLOCKSELECT_ENUM
 .text._ZN8CTimerD15StartEj
                0x00005236       0x1a Periphery/CTimerD1.o
                0x00005236                _ZN8CTimerD15StartEj
 .text._ZN8CTimerD14StopEv
                0x00005250       0x10 Periphery/CTimerD1.o
                0x00005250                _ZN8CTimerD14StopEv
 .text._ZN8CTimerD15ResetEv
                0x00005260       0x14 Periphery/CTimerD1.o
                0x00005260                _ZN8CTimerD15ResetEv
 .text._ZN8CTimerD113EnableChannelE19TIMER_CHANNELS_ENUM
                0x00005274        0xe Periphery/CTimerD1.o
                0x00005274                _ZN8CTimerD113EnableChannelE19TIMER_CHANNELS_ENUM
 .text._ZN8CTimerD114DisableChannelE19TIMER_CHANNELS_ENUM
                0x00005282        0xe Periphery/CTimerD1.o
                0x00005282                _ZN8CTimerD114DisableChannelE19TIMER_CHANNELS_ENUM
 .text._ZN8CTimerD19SetPeriodEj
                0x00005290        0xa Periphery/CTimerD1.o
                0x00005290                _ZN8CTimerD19SetPeriodEj
 .text._ZN8CTimerD18SetCOMPAEj
                0x0000529a        0xa Periphery/CTimerD1.o
                0x0000529a                _ZN8CTimerD18SetCOMPAEj
 .text._ZN8CTimerD18SetCOMPBEj
                0x000052a4        0xa Periphery/CTimerD1.o
                0x000052a4                _ZN8CTimerD18SetCOMPBEj
 .text._ZN8CTimerD114SetOVFCallbackEPFvPvES0_17TC_OVFINTLVL_enum
                0x000052ae       0x24 Periphery/CTimerD1.o
                0x000052ae                _ZN8CTimerD114SetOVFCallbackEPFvPvES0_17TC_OVFINTLVL_enum
 .text._ZN8CTimerD114SetERRCallbackEPFvPvES0_17TC_ERRINTLVL_enum
                0x000052d2       0x24 Periphery/CTimerD1.o
                0x000052d2                _ZN8CTimerD114SetERRCallbackEPFvPvES0_17TC_ERRINTLVL_enum
 .text._ZN8CTimerD116SetCOMPACallbackEPFvPvES0_17TC_CCAINTLVL_enum
                0x000052f6       0x24 Periphery/CTimerD1.o
                0x000052f6                _ZN8CTimerD116SetCOMPACallbackEPFvPvES0_17TC_CCAINTLVL_enum
 .text._ZN8CTimerD116SetCOMPBCallbackEPFvPvES0_17TC_CCBINTLVL_enum
                0x0000531a       0x24 Periphery/CTimerD1.o
                0x0000531a                _ZN8CTimerD116SetCOMPBCallbackEPFvPvES0_17TC_CCBINTLVL_enum
 .text._ZN8CTimerD1C2Ev
                0x0000533e       0x18 Periphery/CTimerD1.o
                0x0000533e                _ZN8CTimerD1C2Ev
                0x0000533e                _ZN8CTimerD1C1Ev
 .text._ZN8CTimerD1D2Ev
                0x00005356       0x10 Periphery/CTimerD1.o
                0x00005356                _ZN8CTimerD1D2Ev
                0x00005356                _ZN8CTimerD1D1Ev
 .text._ZN7CTimerF10InitializeE27TIMER_WAVEFORMGEN_MODE_ENUM22TIMER_CLOCKSELECT_ENUM
                0x00005366       0x36 Periphery/CTimerF.o
                0x00005366                _ZN7CTimerF10InitializeE27TIMER_WAVEFORMGEN_MODE_ENUM22TIMER_CLOCKSELECT_ENUM
 .text._ZN7CTimerF5StartEj
                0x0000539c       0x1a Periphery/CTimerF.o
                0x0000539c                _ZN7CTimerF5StartEj
 .text._ZN7CTimerF4StopEv
                0x000053b6       0x10 Periphery/CTimerF.o
                0x000053b6                _ZN7CTimerF4StopEv
 .text._ZN7CTimerF13EnableChannelE19TIMER_CHANNELS_ENUM
                0x000053c6        0xc Periphery/CTimerF.o
                0x000053c6                _ZN7CTimerF13EnableChannelE19TIMER_CHANNELS_ENUM
 .text._ZN7CTimerF14DisableChannelE19TIMER_CHANNELS_ENUM
                0x000053d2        0xe Periphery/CTimerF.o
                0x000053d2                _ZN7CTimerF14DisableChannelE19TIMER_CHANNELS_ENUM
 .text._ZN7CTimerF10ChannelSetE19TIMER_CHANNELS_ENUM
                0x000053e0       0x10 Periphery/CTimerF.o
                0x000053e0                _ZN7CTimerF10ChannelSetE19TIMER_CHANNELS_ENUM
 .text._ZN7CTimerF12ChannelResetE19TIMER_CHANNELS_ENUM
                0x000053f0       0x12 Periphery/CTimerF.o
                0x000053f0                _ZN7CTimerF12ChannelResetE19TIMER_CHANNELS_ENUM
 .text._ZN7CTimerF9SetPeriodEj
                0x00005402        0xa Periphery/CTimerF.o
                0x00005402                _ZN7CTimerF9SetPeriodEj
 .text._ZN7CTimerF8SetCOMPAEj
                0x0000540c        0xa Periphery/CTimerF.o
                0x0000540c                _ZN7CTimerF8SetCOMPAEj
 .text._ZN7CTimerF8SetCOMPBEj
                0x00005416        0xa Periphery/CTimerF.o
                0x00005416                _ZN7CTimerF8SetCOMPBEj
 .text._ZN7CTimerF8SetCOMPCEj
                0x00005420        0xa Periphery/CTimerF.o
                0x00005420                _ZN7CTimerF8SetCOMPCEj
 .text._ZN7CTimerF8SetCOMPDEj
                0x0000542a        0xa Periphery/CTimerF.o
                0x0000542a                _ZN7CTimerF8SetCOMPDEj
 .text._ZN7CTimerF14SetOVFCallbackEPFvPvES0_17TC_OVFINTLVL_enum
                0x00005434       0x24 Periphery/CTimerF.o
                0x00005434                _ZN7CTimerF14SetOVFCallbackEPFvPvES0_17TC_OVFINTLVL_enum
 .text._ZN7CTimerF14SetERRCallbackEPFvPvES0_17TC_ERRINTLVL_enum
                0x00005458       0x24 Periphery/CTimerF.o
                0x00005458                _ZN7CTimerF14SetERRCallbackEPFvPvES0_17TC_ERRINTLVL_enum
 .text._ZN7CTimerF16SetCOMPACallbackEPFvPvES0_17TC_CCAINTLVL_enum
                0x0000547c       0x24 Periphery/CTimerF.o
                0x0000547c                _ZN7CTimerF16SetCOMPACallbackEPFvPvES0_17TC_CCAINTLVL_enum
 .text._ZN7CTimerF16SetCOMPBCallbackEPFvPvES0_17TC_CCBINTLVL_enum
                0x000054a0       0x24 Periphery/CTimerF.o
                0x000054a0                _ZN7CTimerF16SetCOMPBCallbackEPFvPvES0_17TC_CCBINTLVL_enum
 .text._ZN7CTimerF16SetCOMPCCallbackEPFvPvES0_17TC_CCCINTLVL_enum
                0x000054c4       0x24 Periphery/CTimerF.o
                0x000054c4                _ZN7CTimerF16SetCOMPCCallbackEPFvPvES0_17TC_CCCINTLVL_enum
 .text._ZN7CTimerF16SetCOMPDCallbackEPFvPvES0_17TC_CCDINTLVL_enum
                0x000054e8       0x24 Periphery/CTimerF.o
                0x000054e8                _ZN7CTimerF16SetCOMPDCallbackEPFvPvES0_17TC_CCDINTLVL_enum
 .text._ZN7CTimerFC2Ev
                0x0000550c       0x18 Periphery/CTimerF.o
                0x0000550c                _ZN7CTimerFC2Ev
                0x0000550c                _ZN7CTimerFC1Ev
 .text._ZN7CTimerFD2Ev
                0x00005524       0x10 Periphery/CTimerF.o
                0x00005524                _ZN7CTimerFD2Ev
                0x00005524                _ZN7CTimerFD1Ev
 .text.avr-libc.fplib
                0x00005534        0xe c:/program files (x86)/atmel/studio/7.0/toolchain/avr8/avr8-gnu-toolchain/bin/../lib/gcc/avr/4.9.2/../../../../avr/lib/avrxmega6\libm.a(fixsfsi.o)
                0x00005534                __fixsfsi
 .text.avr-libc.fplib
                0x00005542       0x5e c:/program files (x86)/atmel/studio/7.0/toolchain/avr8/avr8-gnu-toolchain/bin/../lib/gcc/avr/4.9.2/../../../../avr/lib/avrxmega6\libm.a(fixunssfsi.o)
                0x00005542                __fixunssfsi
 .text.avr-libc.fplib
                0x000055a0       0x7a c:/program files (x86)/atmel/studio/7.0/toolchain/avr8/avr8-gnu-toolchain/bin/../lib/gcc/avr/4.9.2/../../../../avr/lib/avrxmega6\libm.a(floatsisf.o)
                0x000055a0                __floatunsisf
                0x000055a4                __floatsisf
 .text.avr-libc.fplib
                0x0000561a       0x44 c:/program files (x86)/atmel/studio/7.0/toolchain/avr8/avr8-gnu-toolchain/bin/../lib/gcc/avr/4.9.2/../../../../avr/lib/avrxmega6\libm.a(fp_split3.o)
                0x0000561a                __fp_split3
                0x0000562a                __fp_splitA
 .text.avr-libc.fplib
                0x0000565e        0xe c:/program files (x86)/atmel/studio/7.0/toolchain/avr8/avr8-gnu-toolchain/bin/../lib/gcc/avr/4.9.2/../../../../avr/lib/avrxmega6\libm.a(fp_zero.o)
                0x0000565e                __fp_zero
                0x00005660                __fp_szero
 .text.avr-libc.fplib
                0x0000566c        0x8 c:/program files (x86)/atmel/studio/7.0/toolchain/avr8/avr8-gnu-toolchain/bin/../lib/gcc/avr/4.9.2/../../../../avr/lib/avrxmega6\libm.a(mulsf3.o)
                0x0000566c                __mulsf3
 .text.avr-libc.fplib
                0x00005674       0xd2 c:/program files (x86)/atmel/studio/7.0/toolchain/avr8/avr8-gnu-toolchain/bin/../lib/gcc/avr/4.9.2/../../../../avr/lib/avrxmega6\libm.a(mulsf3x.o)
                0x00005692                __mulsf3x
                0x00005698                __mulsf3_pse
 .text.avr-libc.fplib
                0x00005746        0xc c:/program files (x86)/atmel/studio/7.0/toolchain/avr8/avr8-gnu-toolchain/bin/../lib/gcc/avr/4.9.2/../../../../avr/lib/avrxmega6\libm.a(fp_inf.o)
                0x00005746                __fp_inf
 .text.avr-libc.fplib
                0x00005752        0x6 c:/program files (x86)/atmel/studio/7.0/toolchain/avr8/avr8-gnu-toolchain/bin/../lib/gcc/avr/4.9.2/../../../../avr/lib/avrxmega6\libm.a(fp_nan.o)
                0x00005752                __fp_nan
 .text.avr-libc.fplib
                0x00005758        0xe c:/program files (x86)/atmel/studio/7.0/toolchain/avr8/avr8-gnu-toolchain/bin/../lib/gcc/avr/4.9.2/../../../../avr/lib/avrxmega6\libm.a(fp_pscA.o)
                0x00005758                __fp_pscA
 .text.avr-libc.fplib
                0x00005766        0xe c:/program files (x86)/atmel/studio/7.0/toolchain/avr8/avr8-gnu-toolchain/bin/../lib/gcc/avr/4.9.2/../../../../avr/lib/avrxmega6\libm.a(fp_pscB.o)
                0x00005766                __fp_pscB
 .text.avr-libc.fplib
                0x00005774       0x22 c:/program files (x86)/atmel/studio/7.0/toolchain/avr8/avr8-gnu-toolchain/bin/../lib/gcc/avr/4.9.2/../../../../avr/lib/avrxmega6\libm.a(fp_round.o)
                0x00005774                __fp_round
 .text.libgcc.mul
                0x00005796       0x20 c:/program files (x86)/atmel/studio/7.0/toolchain/avr8/avr8-gnu-toolchain/bin/../lib/gcc/avr/4.9.2/avrxmega6\libgcc.a(_mulsi3.o)
                0x00005796                __mulsi3
 .text.libgcc.div
                0x000057b6       0x28 c:/program files (x86)/atmel/studio/7.0/toolchain/avr8/avr8-gnu-toolchain/bin/../lib/gcc/avr/4.9.2/avrxmega6\libgcc.a(_udivmodhi4.o)
                0x000057b6                __udivmodhi4
 .text.libgcc.div
                0x000057de       0x44 c:/program files (x86)/atmel/studio/7.0/toolchain/avr8/avr8-gnu-toolchain/bin/../lib/gcc/avr/4.9.2/avrxmega6\libgcc.a(_udivmodsi4.o)
                0x000057de                __udivmodsi4
 .text.libgcc.div
                0x00005822       0x2e c:/program files (x86)/atmel/studio/7.0/toolchain/avr8/avr8-gnu-toolchain/bin/../lib/gcc/avr/4.9.2/avrxmega6\libgcc.a(_divmodsi4.o)
                0x00005822                __divmodsi4
 .text.libgcc.div
                0x00005850       0x10 c:/program files (x86)/atmel/studio/7.0/toolchain/avr8/avr8-gnu-toolchain/bin/../lib/gcc/avr/4.9.2/avrxmega6\libgcc.a(_negsi2.o)
                0x00005850                __negsi2
 .text.libgcc   0x00005860       0x10 c:/program files (x86)/atmel/studio/7.0/toolchain/avr8/avr8-gnu-toolchain/bin/../lib/gcc/avr/4.9.2/avrxmega6\libgcc.a(_tablejump2.o)
                0x00005860                __tablejump2__
 .text.libgcc.mul
                0x00005870       0x1e c:/program files (x86)/atmel/studio/7.0/toolchain/avr8/avr8-gnu-toolchain/bin/../lib/gcc/avr/4.9.2/avrxmega6\libgcc.a(_umulhisi3.o)
                0x00005870                __umulhisi3
 .text.libgcc.mul
                0x0000588e       0x16 c:/program files (x86)/atmel/studio/7.0/toolchain/avr8/avr8-gnu-toolchain/bin/../lib/gcc/avr/4.9.2/avrxmega6\libgcc.a(_muluhisi3.o)
                0x0000588e                __muluhisi3
 .text.avr-libc
                0x000058a4      0x25a c:/program files (x86)/atmel/studio/7.0/toolchain/avr8/avr8-gnu-toolchain/bin/../lib/gcc/avr/4.9.2/../../../../avr/lib/avrxmega6\libc.a(malloc.o)
                0x000058a4                malloc
                0x000059ce                free
 .text.avr-libc
                0x00005afe       0x12 c:/program files (x86)/atmel/studio/7.0/toolchain/avr8/avr8-gnu-toolchain/bin/../lib/gcc/avr/4.9.2/../../../../avr/lib/avrxmega6\libc.a(memcpy.o)
                0x00005afe                memcpy
                0x00005b10                . = ALIGN (0x2)
 *(.fini9)
 .fini9         0x00005b10        0x0 c:/program files (x86)/atmel/studio/7.0/toolchain/avr8/avr8-gnu-toolchain/bin/../lib/gcc/avr/4.9.2/avrxmega6\libgcc.a(_exit.o)
                0x00005b10                _exit
                0x00005b10                exit
 *(.fini9)
 *(.fini8)
 *(.fini8)
 *(.fini7)
 *(.fini7)
 *(.fini6)
 .fini6         0x00005b10       0x20 c:/program files (x86)/atmel/studio/7.0/toolchain/avr8/avr8-gnu-toolchain/bin/../lib/gcc/avr/4.9.2/avrxmega6\libgcc.a(_dtors.o)
                0x00005b10                __do_global_dtors
 *(.fini6)
 *(.fini5)
 *(.fini5)
 *(.fini4)
 *(.fini4)
 *(.fini3)
 *(.fini3)
 *(.fini2)
 *(.fini2)
 *(.fini1)
 *(.fini1)
 *(.fini0)
 .fini0         0x00005b30        0x4 c:/program files (x86)/atmel/studio/7.0/toolchain/avr8/avr8-gnu-toolchain/bin/../lib/gcc/avr/4.9.2/avrxmega6\libgcc.a(_exit.o)
 *(.fini0)
                0x00005b34                _etext = .

.data           0x00802000      0x192 load address 0x00005b34
                0x00802000                PROVIDE (__data_start, .)
 *(.data)
 .data          0x00802000        0x6 c:/program files (x86)/atmel/studio/7.0/toolchain/avr8/avr8-gnu-toolchain/bin/../lib/gcc/avr/4.9.2/../../../../avr/lib/avrxmega6\libc.a(malloc.o)
                0x00802000                __malloc_heap_end
                0x00802002                __malloc_heap_start
                0x00802004                __malloc_margin
 *(.data*)
 .data._ZZN16CLaserControlApp6OnINT0EvE5first
                0x00802006        0x1 CLaserControlApp.o
 .data.bscale_table
                0x00802007       0x20 Periphery/CDGUSUSART.o
                0x00802007                bscale_table
 .data.bsel_table
                0x00802027       0x20 Periphery/CDGUSUSART.o
                0x00802027                bsel_table
 *(.rodata)
 *(.rodata*)
 .rodata._ZTV16CLaserControlApp
                0x00802047       0x16 CLaserControlApp.o
                0x00802047                _ZTV16CLaserControlApp
 .rodata._ZTV6CTimer
                0x0080205d       0x24 LaserLib/CTimer.o
                0x0080205d                _ZTV6CTimer
 .rodata._ZTV7CTimer1
                0x00802081       0x1e LaserLib/CTimer1.o
                0x00802081                _ZTV7CTimer1
 .rodata._ZTV6CUSART
                0x0080209f       0x18 LaserLib/CUSART.o
                0x0080209f                _ZTV6CUSART
 .rodata._ZTV9CMBSender
                0x008020b7       0x16 MODBUS/CMBSender.o
                0x008020b7                _ZTV9CMBSender
 .rodata._ZTV10CDGUSUSART
                0x008020cd       0x18 Periphery/CDGUSUSART.o
                0x008020cd                _ZTV10CDGUSUSART
 .rodata._ZTV7CTimerC
                0x008020e5       0x24 Periphery/CTimerC.o
                0x008020e5                _ZTV7CTimerC
 .rodata._ZTV8CTimerC1
                0x00802109       0x1e Periphery/CTimerC1.o
                0x00802109                _ZTV8CTimerC1
 .rodata._ZTV7CTimerD
                0x00802127       0x24 Periphery/CTimerD.o
                0x00802127                _ZTV7CTimerD
 .rodata._ZTV8CTimerD1
                0x0080214b       0x1e Periphery/CTimerD1.o
                0x0080214b                _ZTV8CTimerD1
 .rodata._ZTV7CTimerF
                0x00802169       0x28 Periphery/CTimerF.o
                0x00802169                _ZTV7CTimerF
 *(.gnu.linkonce.d*)
                0x00802192                . = ALIGN (0x2)
 *fill*         0x00802191        0x1 
                0x00802192                _edata = .
                0x00802192                PROVIDE (__data_end, .)

.bss            0x00802192      0x2a8
                0x00802192                PROVIDE (__bss_start, .)
 *(.bss)
 *(.bss*)
 .bss.DatabaseStatusRegister
                0x00802192        0x1 CLaserControlApp.o
                0x00802192                DatabaseStatusRegister
 .bss.laserTimer
                0x00802193        0x3 CLaserControlApp.o
                0x00802193                laserTimer
 .bss.timer     0x00802196        0x3 CLaserControlApp.o
                0x00802196                timer
 .bss.InterruptFuncTable
                0x00802199       0xf6 LaserLib/intx128.o
                0x00802199                InterruptFuncTable
 .bss.InterruptSenderTable
                0x0080228f       0xf6 LaserLib/intx128.o
                0x0080228f                InterruptSenderTable
 .bss._ZZ4mainE3prs
                0x00802385        0x2 main.o
 .bss.temperature
                0x00802387        0x2 main.o
                0x00802387                temperature
 .bss.D18B20    0x00802389        0x1 main.o
                0x00802389                D18B20
 .bss.App       0x0080238a       0x6b main.o
                0x0080238a                App
 .bss.player    0x008023f5        0x1 main.o
                0x008023f5                player
 .bss.laserBoard
                0x008023f6        0xa main.o
                0x008023f6                laserBoard
 .bss.sender    0x00802400       0x1d main.o
                0x00802400                sender
 .bss.Database  0x0080241d        0x8 main.o
                0x0080241d                Database
 .bss.usart     0x00802425        0x2 main.o
                0x00802425                usart
 .bss.pwmtimer  0x00802427        0x3 main.o
                0x00802427                pwmtimer
 .bss.flowtimer
                0x0080242a        0x3 main.o
                0x0080242a                flowtimer
 .bss.timeout   0x0080242d        0x3 main.o
                0x0080242d                timeout
 .bss.dacSPI    0x00802430        0x6 main.o
                0x00802430                dacSPI
 *(COMMON)
 COMMON         0x00802436        0x4 c:/program files (x86)/atmel/studio/7.0/toolchain/avr8/avr8-gnu-toolchain/bin/../lib/gcc/avr/4.9.2/../../../../avr/lib/avrxmega6\libc.a(malloc.o)
                0x00802436                __brkval
                0x00802438                __flp
                0x0080243a                PROVIDE (__bss_end, .)
                0x00005b34                __data_load_start = LOADADDR (.data)
                0x00005cc6                __data_load_end = (__data_load_start + SIZEOF (.data))

.noinit         0x0080243a        0x0
                0x0080243a                PROVIDE (__noinit_start, .)
 *(.noinit*)
                0x0080243a                PROVIDE (__noinit_end, .)
                0x0080243a                _end = .
                0x0080243a                PROVIDE (__heap_start, .)

.eeprom         0x00810000        0x0
 *(.eeprom*)
                0x00810000                __eeprom_end = .

.fuse
 *(.fuse)
 *(.lfuse)
 *(.hfuse)
 *(.efuse)

.lock
 *(.lock*)

.signature
 *(.signature*)

.user_signatures
 *(.user_signatures*)

.stab
 *(.stab)

.stabstr
 *(.stabstr)

.stab.excl
 *(.stab.excl)

.stab.exclstr
 *(.stab.exclstr)

.stab.index
 *(.stab.index)

.stab.indexstr
 *(.stab.indexstr)

.comment        0x00000000       0x30
 *(.comment)
 .comment       0x00000000       0x30 CDGUSDatabase.o
                                 0x31 (size before relaxing)
 .comment       0x00000030       0x31 CLaserControlApp.o
 .comment       0x00000030       0x31 DGUSGUI.o
 .comment       0x00000030       0x31 LaserLib/CSPI.o
 .comment       0x00000030       0x31 LaserLib/CTimer.o
 .comment       0x00000030       0x31 LaserLib/CTimer1.o
 .comment       0x00000030       0x31 LaserLib/CUSART.o
 .comment       0x00000030       0x31 LaserLib/intx128.o
 .comment       0x00000030       0x31 main.o
 .comment       0x00000030       0x31 MODBUS/CMBProtocol.o
 .comment       0x00000030       0x31 MODBUS/CMBSender.o
 .comment       0x00000030       0x31 Periphery/CDGUSUSART.o
 .comment       0x00000030       0x31 Periphery/CDS18B20.o
 .comment       0x00000030       0x31 Periphery/CLaserBoard.o
 .comment       0x00000030       0x31 Periphery/CSoundPlayer.o
 .comment       0x00000030       0x31 Periphery/CTimerC.o
 .comment       0x00000030       0x31 Periphery/CTimerC1.o
 .comment       0x00000030       0x31 Periphery/CTimerD.o
 .comment       0x00000030       0x31 Periphery/CTimerD1.o
 .comment       0x00000030       0x31 Periphery/CTimerF.o
 .comment       0x00000030       0x31 c:/program files (x86)/atmel/studio/7.0/toolchain/avr8/avr8-gnu-toolchain/bin/../lib/gcc/avr/4.9.2/../../../../avr/lib/avrxmega6\libc.a(malloc.o)

.note.gnu.avr.deviceinfo
                0x00000000       0x40
 .note.gnu.avr.deviceinfo
                0x00000000       0x40 C:/Program Files (x86)/Atmel/Studio/7.0/Packs/atmel/XMEGAA_DFP/1.0.36/gcc/dev/atxmega128a3u/avrxmega6/crtatxmega128a3u.o

.note.gnu.build-id
 *(.note.gnu.build-id)

.debug
 *(.debug)

.line
 *(.line)

.debug_srcinfo
 *(.debug_srcinfo)

.debug_sfnames
 *(.debug_sfnames)

.debug_aranges  0x00000000      0xc10
 *(.debug_aranges)
 .debug_aranges
                0x00000000       0x70 CDGUSDatabase.o
 .debug_aranges
                0x00000070       0xe8 CLaserControlApp.o
 .debug_aranges
                0x00000158       0x40 DGUSGUI.o
 .debug_aranges
                0x00000198       0x58 LaserLib/CSPI.o
 .debug_aranges
                0x000001f0       0x28 LaserLib/CTimer.o
 .debug_aranges
                0x00000218       0x28 LaserLib/CTimer1.o
 .debug_aranges
                0x00000240       0x28 LaserLib/CUSART.o
 .debug_aranges
                0x00000268      0x348 LaserLib/intx128.o
 .debug_aranges
                0x000005b0       0x40 main.o
 .debug_aranges
                0x000005f0       0x50 MODBUS/CMBProtocol.o
 .debug_aranges
                0x00000640       0xf8 MODBUS/CMBSender.o
 .debug_aranges
                0x00000738       0x78 Periphery/CDGUSUSART.o
 .debug_aranges
                0x000007b0       0x50 Periphery/CDS18B20.o
 .debug_aranges
                0x00000800       0x88 Periphery/CLaserBoard.o
 .debug_aranges
                0x00000888       0x60 Periphery/CSoundPlayer.o
 .debug_aranges
                0x000008e8       0xa8 Periphery/CTimerC.o
 .debug_aranges
                0x00000990       0x90 Periphery/CTimerC1.o
 .debug_aranges
                0x00000a20       0xa8 Periphery/CTimerD.o
 .debug_aranges
                0x00000ac8       0x90 Periphery/CTimerD1.o
 .debug_aranges
                0x00000b58       0xb8 Periphery/CTimerF.o

.debug_pubnames
 *(.debug_pubnames)

.debug_info     0x00000000    0x13b53
 *(.debug_info .gnu.linkonce.wi.*)
 .debug_info    0x00000000      0x9ee CDGUSDatabase.o
 .debug_info    0x000009ee     0x363f CLaserControlApp.o
 .debug_info    0x0000402d      0x20f DGUSGUI.o
 .debug_info    0x0000423c      0x7ee LaserLib/CSPI.o
 .debug_info    0x00004a2a      0x6a3 LaserLib/CTimer.o
 .debug_info    0x000050cd      0x5a8 LaserLib/CTimer1.o
 .debug_info    0x00005675      0x606 LaserLib/CUSART.o
 .debug_info    0x00005c7b      0x91e LaserLib/intx128.o
 .debug_info    0x00006599     0x1c2c main.o
 .debug_info    0x000081c5      0x595 MODBUS/CMBProtocol.o
 .debug_info    0x0000875a     0x12e6 MODBUS/CMBSender.o
 .debug_info    0x00009a40     0x1095 Periphery/CDGUSUSART.o
 .debug_info    0x0000aad5      0x936 Periphery/CDS18B20.o
 .debug_info    0x0000b40b      0xccb Periphery/CLaserBoard.o
 .debug_info    0x0000c0d6     0x139d Periphery/CSoundPlayer.o
 .debug_info    0x0000d473     0x15ac Periphery/CTimerC.o
 .debug_info    0x0000ea1f     0x128d Periphery/CTimerC1.o
 .debug_info    0x0000fcac     0x15ac Periphery/CTimerD.o
 .debug_info    0x00011258     0x128d Periphery/CTimerD1.o
 .debug_info    0x000124e5     0x166e Periphery/CTimerF.o

.debug_abbrev   0x00000000     0x33be
 *(.debug_abbrev)
 .debug_abbrev  0x00000000      0x2ce CDGUSDatabase.o
 .debug_abbrev  0x000002ce      0x5ca CLaserControlApp.o
 .debug_abbrev  0x00000898      0x10d DGUSGUI.o
 .debug_abbrev  0x000009a5      0x2a7 LaserLib/CSPI.o
 .debug_abbrev  0x00000c4c      0x182 LaserLib/CTimer.o
 .debug_abbrev  0x00000dce      0x182 LaserLib/CTimer1.o
 .debug_abbrev  0x00000f50      0x1ed LaserLib/CUSART.o
 .debug_abbrev  0x0000113d       0x83 LaserLib/intx128.o
 .debug_abbrev  0x000011c0      0x3ee main.o
 .debug_abbrev  0x000015ae      0x212 MODBUS/CMBProtocol.o
 .debug_abbrev  0x000017c0      0x39b MODBUS/CMBSender.o
 .debug_abbrev  0x00001b5b      0x2d9 Periphery/CDGUSUSART.o
 .debug_abbrev  0x00001e34      0x2c9 Periphery/CDS18B20.o
 .debug_abbrev  0x000020fd      0x2cc Periphery/CLaserBoard.o
 .debug_abbrev  0x000023c9      0x2b9 Periphery/CSoundPlayer.o
 .debug_abbrev  0x00002682      0x29c Periphery/CTimerC.o
 .debug_abbrev  0x0000291e      0x2b4 Periphery/CTimerC1.o
 .debug_abbrev  0x00002bd2      0x29c Periphery/CTimerD.o
 .debug_abbrev  0x00002e6e      0x2b4 Periphery/CTimerD1.o
 .debug_abbrev  0x00003122      0x29c Periphery/CTimerF.o

.debug_line     0x00000000     0x39da
 *(.debug_line .debug_line.* .debug_line_end)
 .debug_line    0x00000000      0x225 CDGUSDatabase.o
 .debug_line    0x00000225      0x5a8 CLaserControlApp.o
 .debug_line    0x000007cd       0xee DGUSGUI.o
 .debug_line    0x000008bb      0x24b LaserLib/CSPI.o
 .debug_line    0x00000b06      0x144 LaserLib/CTimer.o
 .debug_line    0x00000c4a      0x146 LaserLib/CTimer1.o
 .debug_line    0x00000d90      0x136 LaserLib/CUSART.o
 .debug_line    0x00000ec6      0xa14 LaserLib/intx128.o
 .debug_line    0x000018da      0x36a main.o
 .debug_line    0x00001c44      0x1d9 MODBUS/CMBProtocol.o
 .debug_line    0x00001e1d      0x476 MODBUS/CMBSender.o
 .debug_line    0x00002293      0x252 Periphery/CDGUSUSART.o
 .debug_line    0x000024e5      0x296 Periphery/CDS18B20.o
 .debug_line    0x0000277b      0x320 Periphery/CLaserBoard.o
 .debug_line    0x00002a9b      0x244 Periphery/CSoundPlayer.o
 .debug_line    0x00002cdf      0x2a7 Periphery/CTimerC.o
 .debug_line    0x00002f86      0x272 Periphery/CTimerC1.o
 .debug_line    0x000031f8      0x2a7 Periphery/CTimerD.o
 .debug_line    0x0000349f      0x272 Periphery/CTimerD1.o
 .debug_line    0x00003711      0x2c9 Periphery/CTimerF.o

.debug_frame    0x00000000     0x37a8
 *(.debug_frame)
 .debug_frame   0x00000000      0x218 CDGUSDatabase.o
 .debug_frame   0x00000218      0x2f4 CLaserControlApp.o
 .debug_frame   0x0000050c       0x8c DGUSGUI.o
 .debug_frame   0x00000598       0xbc LaserLib/CSPI.o
 .debug_frame   0x00000654       0x34 LaserLib/CTimer.o
 .debug_frame   0x00000688       0x34 LaserLib/CTimer1.o
 .debug_frame   0x000006bc       0x34 LaserLib/CUSART.o
 .debug_frame   0x000006f0     0x2324 LaserLib/intx128.o
 .debug_frame   0x00002a14       0x94 main.o
 .debug_frame   0x00002aa8       0xc4 MODBUS/CMBProtocol.o
 .debug_frame   0x00002b6c      0x2dc MODBUS/CMBSender.o
 .debug_frame   0x00002e48       0xe8 Periphery/CDGUSUSART.o
 .debug_frame   0x00002f30       0xa0 Periphery/CDS18B20.o
 .debug_frame   0x00002fd0      0x100 Periphery/CLaserBoard.o
 .debug_frame   0x000030d0       0xd8 Periphery/CSoundPlayer.o
 .debug_frame   0x000031a8      0x140 Periphery/CTimerC.o
 .debug_frame   0x000032e8      0x110 Periphery/CTimerC1.o
 .debug_frame   0x000033f8      0x140 Periphery/CTimerD.o
 .debug_frame   0x00003538      0x110 Periphery/CTimerD1.o
 .debug_frame   0x00003648      0x160 Periphery/CTimerF.o

.debug_str      0x00000000     0x6b76
 *(.debug_str)
 .debug_str     0x00000000      0x5e2 CDGUSDatabase.o
                                0x66c (size before relaxing)
 .debug_str     0x000005e2     0x188e CLaserControlApp.o
                               0x1fe0 (size before relaxing)
 .debug_str     0x00001e70       0x36 DGUSGUI.o
                                0x24b (size before relaxing)
 .debug_str     0x00001ea6      0x1b5 LaserLib/CSPI.o
                                0x713 (size before relaxing)
 .debug_str     0x0000205b      0x4cb LaserLib/CTimer.o
                                0xa3e (size before relaxing)
 .debug_str     0x00002526      0x269 LaserLib/CTimer1.o
                                0x8b8 (size before relaxing)
 .debug_str     0x0000278f      0x56b LaserLib/CUSART.o
                                0x7b0 (size before relaxing)
 .debug_str     0x00002cfa      0x4e2 LaserLib/intx128.o
                                0x6bb (size before relaxing)
 .debug_str     0x000031dc     0x1076 main.o
                               0x221f (size before relaxing)
 .debug_str     0x00004252      0x289 MODBUS/CMBProtocol.o
                                0x4eb (size before relaxing)
 .debug_str     0x000044db      0x608 MODBUS/CMBSender.o
                                0xb3c (size before relaxing)
 .debug_str     0x00004ae3      0xcd4 Periphery/CDGUSUSART.o
                               0x1669 (size before relaxing)
 .debug_str     0x000057b7       0x4b Periphery/CDS18B20.o
                                0x4d6 (size before relaxing)
 .debug_str     0x00005802      0x5b5 Periphery/CLaserBoard.o
                                0xbd9 (size before relaxing)
 .debug_str     0x00005db7      0x3b0 Periphery/CSoundPlayer.o
                                0xc20 (size before relaxing)
 .debug_str     0x00006167      0x263 Periphery/CTimerC.o
                               0x1295 (size before relaxing)
 .debug_str     0x000063ca      0x1db Periphery/CTimerC1.o
                               0x1144 (size before relaxing)
 .debug_str     0x000065a5      0x286 Periphery/CTimerD.o
                               0x1295 (size before relaxing)
 .debug_str     0x0000682b      0x149 Periphery/CTimerD1.o
                               0x1144 (size before relaxing)
 .debug_str     0x00006974      0x202 Periphery/CTimerF.o
                               0x130b (size before relaxing)

.debug_loc      0x00000000     0x9dfb
 *(.debug_loc)
 .debug_loc     0x00000000      0x8cf CDGUSDatabase.o
 .debug_loc     0x000008cf      0xe18 CLaserControlApp.o
 .debug_loc     0x000016e7      0x2ad DGUSGUI.o
 .debug_loc     0x00001994      0x276 LaserLib/CSPI.o
 .debug_loc     0x00001c0a     0x50e2 LaserLib/intx128.o
 .debug_loc     0x00006cec       0xab main.o
 .debug_loc     0x00006d97      0x356 MODBUS/CMBProtocol.o
 .debug_loc     0x000070ed      0xf2e MODBUS/CMBSender.o
 .debug_loc     0x0000801b      0x210 Periphery/CDGUSUSART.o
 .debug_loc     0x0000822b      0x3ce Periphery/CDS18B20.o
 .debug_loc     0x000085f9      0x402 Periphery/CLaserBoard.o
 .debug_loc     0x000089fb      0x344 Periphery/CSoundPlayer.o
 .debug_loc     0x00008d3f      0x366 Periphery/CTimerC.o
 .debug_loc     0x000090a5      0x2fe Periphery/CTimerC1.o
 .debug_loc     0x000093a3      0x366 Periphery/CTimerD.o
 .debug_loc     0x00009709      0x2fe Periphery/CTimerD1.o
 .debug_loc     0x00009a07      0x3f4 Periphery/CTimerF.o

.debug_macinfo
 *(.debug_macinfo)

.debug_weaknames
 *(.debug_weaknames)

.debug_funcnames
 *(.debug_funcnames)

.debug_typenames
 *(.debug_typenames)

.debug_varnames
 *(.debug_varnames)

.debug_pubtypes
 *(.debug_pubtypes)

.debug_ranges   0x00000000      0xae8
 *(.debug_ranges)
 .debug_ranges  0x00000000       0x60 CDGUSDatabase.o
 .debug_ranges  0x00000060       0xd8 CLaserControlApp.o
 .debug_ranges  0x00000138       0x30 DGUSGUI.o
 .debug_ranges  0x00000168       0x48 LaserLib/CSPI.o
 .debug_ranges  0x000001b0       0x18 LaserLib/CTimer.o
 .debug_ranges  0x000001c8       0x18 LaserLib/CTimer1.o
 .debug_ranges  0x000001e0       0x18 LaserLib/CUSART.o
 .debug_ranges  0x000001f8      0x338 LaserLib/intx128.o
 .debug_ranges  0x00000530       0x48 main.o
 .debug_ranges  0x00000578       0x40 MODBUS/CMBProtocol.o
 .debug_ranges  0x000005b8       0xe8 MODBUS/CMBSender.o
 .debug_ranges  0x000006a0       0x68 Periphery/CDGUSUSART.o
 .debug_ranges  0x00000708       0x40 Periphery/CDS18B20.o
 .debug_ranges  0x00000748       0x78 Periphery/CLaserBoard.o
 .debug_ranges  0x000007c0       0x50 Periphery/CSoundPlayer.o
 .debug_ranges  0x00000810       0x98 Periphery/CTimerC.o
 .debug_ranges  0x000008a8       0x80 Periphery/CTimerC1.o
 .debug_ranges  0x00000928       0x98 Periphery/CTimerD.o
 .debug_ranges  0x000009c0       0x80 Periphery/CTimerD1.o
 .debug_ranges  0x00000a40       0xa8 Periphery/CTimerF.o

.debug_macro
 *(.debug_macro)
OUTPUT(ATxmegaLaserDiode.elf elf32-avr)
LOAD linker stubs
