Archive member included to satisfy reference by file (symbol)

c:/program files (x86)/atmel/studio/7.0/toolchain/avr8/avr8-gnu-toolchain/bin/../lib/gcc/avr/4.9.2/../../../../avr/lib/avrxmega6\libm.a(fixsfsi.o)
                              Periphery/CDS18B20.o (__fixsfsi)
c:/program files (x86)/atmel/studio/7.0/toolchain/avr8/avr8-gnu-toolchain/bin/../lib/gcc/avr/4.9.2/../../../../avr/lib/avrxmega6\libm.a(fixunssfsi.o)
                              c:/program files (x86)/atmel/studio/7.0/toolchain/avr8/avr8-gnu-toolchain/bin/../lib/gcc/avr/4.9.2/../../../../avr/lib/avrxmega6\libm.a(fixsfsi.o) (__fixunssfsi)
c:/program files (x86)/atmel/studio/7.0/toolchain/avr8/avr8-gnu-toolchain/bin/../lib/gcc/avr/4.9.2/../../../../avr/lib/avrxmega6\libm.a(floatsisf.o)
                              Periphery/CDS18B20.o (__floatsisf)
c:/program files (x86)/atmel/studio/7.0/toolchain/avr8/avr8-gnu-toolchain/bin/../lib/gcc/avr/4.9.2/../../../../avr/lib/avrxmega6\libm.a(fp_split3.o)
                              c:/program files (x86)/atmel/studio/7.0/toolchain/avr8/avr8-gnu-toolchain/bin/../lib/gcc/avr/4.9.2/../../../../avr/lib/avrxmega6\libm.a(fixunssfsi.o) (__fp_splitA)
c:/program files (x86)/atmel/studio/7.0/toolchain/avr8/avr8-gnu-toolchain/bin/../lib/gcc/avr/4.9.2/../../../../avr/lib/avrxmega6\libm.a(fp_zero.o)
                              c:/program files (x86)/atmel/studio/7.0/toolchain/avr8/avr8-gnu-toolchain/bin/../lib/gcc/avr/4.9.2/../../../../avr/lib/avrxmega6\libm.a(fixunssfsi.o) (__fp_zero)
c:/program files (x86)/atmel/studio/7.0/toolchain/avr8/avr8-gnu-toolchain/bin/../lib/gcc/avr/4.9.2/../../../../avr/lib/avrxmega6\libm.a(mulsf3.o)
                              Periphery/CDS18B20.o (__mulsf3)
c:/program files (x86)/atmel/studio/7.0/toolchain/avr8/avr8-gnu-toolchain/bin/../lib/gcc/avr/4.9.2/../../../../avr/lib/avrxmega6\libm.a(mulsf3x.o)
                              c:/program files (x86)/atmel/studio/7.0/toolchain/avr8/avr8-gnu-toolchain/bin/../lib/gcc/avr/4.9.2/../../../../avr/lib/avrxmega6\libm.a(mulsf3.o) (__mulsf3x)
c:/program files (x86)/atmel/studio/7.0/toolchain/avr8/avr8-gnu-toolchain/bin/../lib/gcc/avr/4.9.2/../../../../avr/lib/avrxmega6\libm.a(fp_inf.o)
                              c:/program files (x86)/atmel/studio/7.0/toolchain/avr8/avr8-gnu-toolchain/bin/../lib/gcc/avr/4.9.2/../../../../avr/lib/avrxmega6\libm.a(mulsf3x.o) (__fp_inf)
c:/program files (x86)/atmel/studio/7.0/toolchain/avr8/avr8-gnu-toolchain/bin/../lib/gcc/avr/4.9.2/../../../../avr/lib/avrxmega6\libm.a(fp_nan.o)
                              c:/program files (x86)/atmel/studio/7.0/toolchain/avr8/avr8-gnu-toolchain/bin/../lib/gcc/avr/4.9.2/../../../../avr/lib/avrxmega6\libm.a(mulsf3x.o) (__fp_nan)
c:/program files (x86)/atmel/studio/7.0/toolchain/avr8/avr8-gnu-toolchain/bin/../lib/gcc/avr/4.9.2/../../../../avr/lib/avrxmega6\libm.a(fp_pscA.o)
                              c:/program files (x86)/atmel/studio/7.0/toolchain/avr8/avr8-gnu-toolchain/bin/../lib/gcc/avr/4.9.2/../../../../avr/lib/avrxmega6\libm.a(mulsf3x.o) (__fp_pscA)
c:/program files (x86)/atmel/studio/7.0/toolchain/avr8/avr8-gnu-toolchain/bin/../lib/gcc/avr/4.9.2/../../../../avr/lib/avrxmega6\libm.a(fp_pscB.o)
                              c:/program files (x86)/atmel/studio/7.0/toolchain/avr8/avr8-gnu-toolchain/bin/../lib/gcc/avr/4.9.2/../../../../avr/lib/avrxmega6\libm.a(mulsf3x.o) (__fp_pscB)
c:/program files (x86)/atmel/studio/7.0/toolchain/avr8/avr8-gnu-toolchain/bin/../lib/gcc/avr/4.9.2/../../../../avr/lib/avrxmega6\libm.a(fp_round.o)
                              c:/program files (x86)/atmel/studio/7.0/toolchain/avr8/avr8-gnu-toolchain/bin/../lib/gcc/avr/4.9.2/../../../../avr/lib/avrxmega6\libm.a(mulsf3.o) (__fp_round)
c:/program files (x86)/atmel/studio/7.0/toolchain/avr8/avr8-gnu-toolchain/bin/../lib/gcc/avr/4.9.2/avrxmega6\libgcc.a(_mulsi3.o)
                              CLaserControlApp.o (__mulsi3)
c:/program files (x86)/atmel/studio/7.0/toolchain/avr8/avr8-gnu-toolchain/bin/../lib/gcc/avr/4.9.2/avrxmega6\libgcc.a(_udivmodhi4.o)
                              CLaserControlApp.o (__udivmodhi4)
c:/program files (x86)/atmel/studio/7.0/toolchain/avr8/avr8-gnu-toolchain/bin/../lib/gcc/avr/4.9.2/avrxmega6\libgcc.a(_divmodhi4.o)
                              CLaserControlApp.o (__divmodhi4)
c:/program files (x86)/atmel/studio/7.0/toolchain/avr8/avr8-gnu-toolchain/bin/../lib/gcc/avr/4.9.2/avrxmega6\libgcc.a(_udivmodsi4.o)
                              CLaserControlApp.o (__udivmodsi4)
c:/program files (x86)/atmel/studio/7.0/toolchain/avr8/avr8-gnu-toolchain/bin/../lib/gcc/avr/4.9.2/avrxmega6\libgcc.a(_divmodsi4.o)
                              Periphery/CSoundPlayer.o (__divmodsi4)
c:/program files (x86)/atmel/studio/7.0/toolchain/avr8/avr8-gnu-toolchain/bin/../lib/gcc/avr/4.9.2/avrxmega6\libgcc.a(_negsi2.o)
[...]
Memory Configuration

Name             Origin             Length             Attributes
text             0x00000000         0x00100000         xr
data             0x00802000         0x0000ffa0         rw !x
eeprom           0x00810000         0x00010000         rw !x
fuse             0x00820000         0x00000006         rw !x
lock             0x00830000         0x00000400         rw !x
signature        0x00840000         0x00000400         rw !x
user_signatures  0x00850000         0x00000400         rw !x
*default*        0x00000000         0xffffffff

Linker script and memory map

LOAD c:/program files (x86)/atmel/studio/7.0/toolchain/avr8/avr8-gnu-toolchain/bin/../lib/gcc/avr/4.9.2/../../../../avr/lib/avrxmega6/crtatxmega128a3u.o
LOAD CDGUSDatabase.o
LOAD CLaserControlApp.o
LOAD DGUSGUI.o
LOAD LaserLib/CSPI.o
LOAD LaserLib/CTimer.o
LOAD LaserLib/CTimer1.o
LOAD LaserLib/CUSART.o
LOAD LaserLib/intx128.o
LOAD main.o
LOAD MODBUS/CMBProtocol.o
LOAD MODBUS/CMBSender.o
LOAD Periphery/CDGUSUSART.o
LOAD Periphery/CDS18B20.o
LOAD Periphery/CLaserBoard.o
LOAD Periphery/CSoundPlayer.o
LOAD Periphery/CTimerC.o
LOAD Periphery/CTimerC1.o
LOAD Periphery/CTimerD.o
LOAD Periphery/CTimerD1.o
LOAD Periphery/CTimerF.o
START GROUP
LOAD c:/program files (x86)/atmel/studio/7.0/toolchain/avr8/avr8-gnu-toolchain/bin/../lib/gcc/avr/4.9.2/../../../../avr/lib/avrxmega6\libm.a
END GROUP
LOAD c:/program files (x86)/atmel/studio/7.0/toolchain/avr8/avr8-gnu-toolchain/bin/../lib/gcc/avr/4.9.2/avrxmega6\libgcc.a
LOAD c:/program files (x86)/atmel/studio/7.0/toolchain/avr8/avr8-gnu-toolchain/bin/../lib/gcc/avr/4.9.2/../../../../avr/lib/avrxmega6\libm.a
START GROUP
LOAD c:/program files (x86)/atmel/studio/7.0/toolchain/avr8/avr8-gnu-toolchain/bin/../lib/gcc/avr/4.9.2/avrxmega6\libgcc.a
LOAD c:/program files (x86)/atmel/studio/7.0/toolchain/avr8/avr8-gnu-toolchain/bin/../lib/gcc/avr/4.9.2/../../../../avr/lib/avrxmega6\libm.a
LOAD c:/program files (x86)/atmel/studio/7.0/toolchain/avr8/avr8-gnu-toolchain/bin/../lib/gcc/avr/4.9.2/../../../../avr/lib/avrxmega6\libc.a
LOAD c:/program files (x86)/atmel/studio/7.0/toolchain/avr8/avr8-gnu-toolchain/bin/../lib/gcc/avr/4.9.2/../../../../avr/lib/avrxmega6\libatxmega128a3u.a
END GROUP
                0x00100000                __TEXT_REGION_LENGTH__ = DEFINED (__TEXT_REGION_LENGTH__)?__TEXT_REGION_LENGTH__:0x100000
                0x0000ffa0                __DATA_REGION_LENGTH__ = DEFINED (__DATA_REGION_LENGTH__)?__DATA_REGION_LENGTH__:0xffa0
                0x00010000                __EEPROM_REGION_LENGTH__ = DEFINED (__EEPROM_REGION_LENGTH__)?__EEPROM_REGION_LENGTH__:0x10000
                [0x00000006]                __FUSE_REGION_LENGTH__ = DEFINED (__FUSE_REGION_LENGTH__)?__FUSE_REGION_LENGTH__:0x400
                0x00000400                __LOCK_REGION_LENGTH__ = DEFINED (__LOCK_REGION_LENGTH__)?__LOCK_REGION_LENGTH__:0x400
                0x00000400                __SIGNATURE_REGION_LENGTH__ = DEFINED (__SIGNATURE_REGION_LENGTH__)?__SIGNATURE_REGION_LENGTH__:0x400
                0x00000400                __USER_SIGNATURE_REGION_LENGTH__ = DEFINED (__USER_SIGNATURE_REGION_LENGTH__)?__USER_SIGNATURE_REGION_LENGTH__:0x400

.hash
 *(.hash)

.dynsym
 *(.dynsym)

.dynstr
 *(.dynstr)

.gnu.version
 *(.gnu.version)

.gnu.version_d
 *(.gnu.version_d)

.gnu.version_r
 *(.gnu.version_r)

.rel.init
 *(.rel.init)

.rela.init
 *(.rela.init)

.rel.text
 *(.rel.text)
 *(.rel.text.*)
 *(.rel.gnu.linkonce.t*)

.rela.text
 *(.rela.text)
 *(.rela.text.*)
 *(.rela.gnu.linkonce.t*)

.rel.fini
 *(.rel.fini)

.rela.fini
 *(.rela.fini)

.rel.rodata
 *(.rel.rodata)
 *(.rel.rodata.*)
 *(.rel.gnu.linkonce.r*)

.rela.rodata
 *(.rela.rodata)
 *(.rela.rodata.*)
 *(.rela.gnu.linkonce.r*)

.rel.data
 *(.rel.data)
 *(.rel.data.*)
 *(.rel.gnu.linkonce.d*)

.rela.data
 *(.rela.data)
 *(.rela.data.*)
 *(.rela.gnu.linkonce.d*)

.rel.ctors
 *(.rel.ctors)

.rela.ctors
 *(.rela.ctors)

.rel.dtors
 *(.rel.dtors)

.rela.dtors
 *(.rela.dtors)

.rel.got
 *(.rel.got)

.rela.got
 *(.rela.got)

.rel.bss
 *(.rel.bss)

.rela.bss
 *(.rela.bss)

.rel.plt
 *(.rel.plt)

.rela.plt
 *(.rela.plt)

.text           0x00000000     0x6b6c
 *(.vectors)
 .vectors       0x00000000      0x1fc c:/program files (x86)/atmel/studio/7.0/toolchain/avr8/avr8-gnu-toolchain/bin/../lib/gcc/avr/4.9.2/../../../../avr/lib/avrxmega6/crtatxmega128a3u.o
                0x00000000                __vector_default
                0x00000000                __vectors
 *(.vectors)
 *(.progmem.gcc*)
 .progmem.gcc_sw_table._ZN16CLaserControlApp18OnRegisterReceivedEhPhh
                0x000001fc       0x60 CLaserControlApp.o
 .progmem.gcc_sw_table._ZN16CLaserControlApp18OnVariableReceivedEjPjj
                0x0000025c       0x24 CLaserControlApp.o
 .progmem.gcc_sw_table._ZN9CMBSender13OnReceiveByteEh
                0x00000280       0x16 MODBUS/CMBSender.o
                0x00000296                . = ALIGN (0x2)
                0x00000296                __trampolines_start = .
 *(.trampolines)
 .trampolines   0x00000296      0x280 linker stubs
 *(.trampolines*)
                0x00000516                __trampolines_end = .
 *libprintf_flt.a:*(.progmem.data)
 *libc.a:*(.progmem.data)
 *(.progmem*)
                0x00000516                . = ALIGN (0x2)
 *(.jumptables)
 *(.jumptables*)
 *(.lowtext)
 *(.lowtext*)
                0x00000516                __ctors_start = .
 *(.ctors)
 .ctors         0x00000516        0x2 main.o
                0x00000518                __ctors_end = .
                0x00000518                __dtors_start = .
 *(.dtors)
 .dtors         0x00000518        0x2 main.o
                0x0000051a                __dtors_end = .
 SORT(*)(.ctors)
 SORT(*)(.dtors)
 *(.init0)
 .init0         0x0000051a        0x0 c:/program files (x86)/atmel/studio/7.0/toolchain/avr8/avr8-gnu-toolchain/bin/../lib/gcc/avr/4.9.2/../../../../avr/lib/avrxmega6/crtatxmega128a3u.o
                0x0000051a                __init
 *(.init0)
 *(.init1)
 *(.init1)
 *(.init2)
 .init2         0x0000051a       0x10 c:/program files (x86)/atmel/studio/7.0/toolchain/avr8/avr8-gnu-toolchain/bin/../lib/gcc/avr/4.9.2/../../../../avr/lib/avrxmega6/crtatxmega128a3u.o
 *(.init2)
 *(.init3)
 *(.init3)
 *(.init4)
 .init4         0x0000052a       0x1a c:/program files (x86)/atmel/studio/7.0/toolchain/avr8/avr8-gnu-toolchain/bin/../lib/gcc/avr/4.9.2/avrxmega6\libgcc.a(_copy_data.o)
                0x0000052a                __do_copy_data
 .init4         0x00000544       0x10 c:/program files (x86)/atmel/studio/7.0/toolchain/avr8/avr8-gnu-toolchain/bin/../lib/gcc/avr/4.9.2/avrxmega6\libgcc.a(_clear_bss.o)
                0x00000544                __do_clear_bss
 *(.init4)
 *(.init5)
 *(.init5)
 *(.init6)
 .init6         0x00000554       0x20 c:/program files (x86)/atmel/studio/7.0/toolchain/avr8/avr8-gnu-toolchain/bin/../lib/gcc/avr/4.9.2/avrxmega6\libgcc.a(_ctors.o)
                0x00000554                __do_global_ctors
 *(.init6)
 *(.init7)
 *(.init7)
 *(.init8)
 *(.init8)
 *(.init9)
 .init9         0x00000574        0x8 c:/program files (x86)/atmel/studio/7.0/toolchain/avr8/avr8-gnu-toolchain/bin/../lib/gcc/avr/4.9.2/../../../../avr/lib/avrxmega6/crtatxmega128a3u.o
 *(.init9)
 *(.text)
 .text          0x0000057c        0x4 c:/program files (x86)/atmel/studio/7.0/toolchain/avr8/avr8-gnu-toolchain/bin/../lib/gcc/avr/4.9.2/../../../../avr/lib/avrxmega6/crtatxmega128a3u.o
                0x0000057c                __vector_75
                0x0000057c                __vector_102
                0x0000057c                __bad_interrupt
                0x0000057c                __vector_122
                0x0000057c                __vector_114
                0x0000057c                __vector_117
                0x0000057c                __vector_107
                0x0000057c                __vector_98
                0x0000057c                __vector_99
                0x0000057c                __vector_125
                0x0000057c                __vector_123
                0x0000057c                __vector_100
                0x0000057c                __vector_101
                0x0000057c                __vector_76
                0x0000057c                __vector_115
                0x0000057c                __vector_95
                0x0000057c                __vector_103
                0x0000057c                __vector_96
                0x0000057c                __vector_106
                0x0000057c                __vector_118
                0x0000057c                __vector_94
                0x0000057c                __vector_126
                0x0000057c                __vector_124
                0x0000057c                __vector_116
                0x0000057c                __vector_97
                0x00000580                . = ALIGN (0x2)
 *(.text.*)
 .text._ZN13CDGUSDatabaseC2Ev
                0x00000580        0x2 CDGUSDatabase.o
                0x00000580                _ZN13CDGUSDatabaseC2Ev
                0x00000580                _ZN13CDGUSDatabaseC1Ev
 .text._ZN13CDGUSDatabaseD2Ev
                0x00000582        0x2 CDGUSDatabase.o
                0x00000582                _ZN13CDGUSDatabaseD2Ev
                0x00000582                _ZN13CDGUSDatabaseD1Ev
 .text._ZN13CDGUSDatabase10InitializeEP9CMBSenderj
                0x00000584       0x18 CDGUSDatabase.o
                0x00000584                _ZN13CDGUSDatabase10InitializeEP9CMBSenderj
 .text._ZN13CDGUSDatabase18MapDatabaseToWriteEjmj
                0x0000059c       0xca CDGUSDatabase.o
                0x0000059c                _ZN13CDGUSDatabase18MapDatabaseToWriteEjmj
 .text._ZN13CDGUSDatabase17MapDatabaseToReadEjmj
                0x00000666       0xca CDGUSDatabase.o
                0x00000666                _ZN13CDGUSDatabase17MapDatabaseToReadEjmj
 .text._ZN13CDGUSDatabase5UnMapEv
                0x00000730       0x3c CDGUSDatabase.o
                0x00000730                _ZN13CDGUSDatabase5UnMapEv
 .text._ZN16CLaserControlApp21OnTransactionCallbackEPhj
                0x0000076c        0x2 CLaserControlApp.o
                0x0000076c                _ZN16CLaserControlApp21OnTransactionCallbackEPhj
 .text._ZN16CLaserControlApp18OnRegisterReceivedEhPhh
                0x0000076e      0x142 CLaserControlApp.o
                0x0000076e                _ZN16CLaserControlApp18OnRegisterReceivedEhPhh
 .text._ZN16CLaserControlApp18OnVariableReceivedEjPjj
                0x000008b0      0x19c CLaserControlApp.o
                0x000008b0                _ZN16CLaserControlApp18OnVariableReceivedEjPjj
 .text._ZN16CLaserControlAppC2Ev
                0x00000a4c        0xc CLaserControlApp.o
                0x00000a4c                _ZN16CLaserControlAppC2Ev
                0x00000a4c                _ZN16CLaserControlAppC1Ev
 .text._ZN16CLaserControlAppD2Ev
                0x00000a58       0x10 CLaserControlApp.o
                0x00000a58                _ZN16CLaserControlAppD2Ev
                0x00000a58                _ZN16CLaserControlAppD1Ev
 .text._ZN16CLaserControlApp18SetLaserDiodePowerEv
                0x00000a68       0x5a CLaserControlApp.o
                0x00000a68                _ZN16CLaserControlApp18SetLaserDiodePowerEv
 .text._ZN16CLaserControlApp22CalculateLaserSettingsEP24DGUS_LASERPROFILE_STRUCT
                0x00000ac2      0x14a CLaserControlApp.o
                0x00000ac2                _ZN16CLaserControlApp22CalculateLaserSettingsEP24DGUS_LASERPROFILE_STRUCT
 .text._ZN16CLaserControlApp11GetVariableEjj
                0x00000c0c       0x28 CLaserControlApp.o
                0x00000c0c                _ZN16CLaserControlApp11GetVariableEjj
 .text._ZN16CLaserControlApp11SetVariableEjPjj
                0x00000c34       0x20 CLaserControlApp.o
                0x00000c34                _ZN16CLaserControlApp11SetVariableEjPjj
 .text._ZN16CLaserControlApp12SetPictureIdEj
                0x00000c54       0x4c CLaserControlApp.o
                0x00000c54                _ZN16CLaserControlApp12SetPictureIdEj
 .text._ZN16CLaserControlApp12OnLaserTimerEv
                0x00000ca0       0x74 CLaserControlApp.o
                0x00000ca0                _ZN16CLaserControlApp12OnLaserTimerEv
 .text._ZN16CLaserControlApp22OnLaserTimerStopStaticEPv
                0x00000d14        0x6 CLaserControlApp.o
                0x00000d14                _ZN16CLaserControlApp22OnLaserTimerStopStaticEPv
 .text._ZN16CLaserControlApp13OnPWMTimerOVFEv
                0x00000d1a       0x12 CLaserControlApp.o
                0x00000d1a                _ZN16CLaserControlApp13OnPWMTimerOVFEv
 .text._ZN16CLaserControlApp13OnPWMTimerCMPEv
                0x00000d2c       0x12 CLaserControlApp.o
                0x00000d2c                _ZN16CLaserControlApp13OnPWMTimerCMPEv
 .text._ZN16CLaserControlApp19OnPWMTimerOVFStaticEPv
                0x00000d3e        0x6 CLaserControlApp.o
                0x00000d3e                _ZN16CLaserControlApp19OnPWMTimerOVFStaticEPv
 .text._ZN16CLaserControlApp19OnPWMTimerCMPStaticEPv
                0x00000d44        0x6 CLaserControlApp.o
                0x00000d44                _ZN16CLaserControlApp19OnPWMTimerCMPStaticEPv
 .text._ZN16CLaserControlApp19OnPWMTimerREDStaticEPv
                0x00000d4a        0x2 CLaserControlApp.o
                0x00000d4a                _ZN16CLaserControlApp19OnPWMTimerREDStaticEPv
 .text._ZN16CLaserControlApp19OnPWMTimerGRNStaticEPv
                0x00000d4c        0x2 CLaserControlApp.o
                0x00000d4c                _ZN16CLaserControlApp19OnPWMTimerGRNStaticEPv
 .text._ZN16CLaserControlApp19OnPWMTimerBLUStaticEPv
                0x00000d4e        0x2 CLaserControlApp.o
                0x00000d4e                _ZN16CLaserControlApp19OnPWMTimerBLUStaticEPv
 .text._ZN16CLaserControlApp13MelaninPresetEj
                0x00000d50      0x16c CLaserControlApp.o
                0x00000d50                _ZN16CLaserControlApp13MelaninPresetEj
 .text._ZN16CLaserControlApp15PhototypePresetEj
                0x00000ebc      0x16e CLaserControlApp.o
                0x00000ebc                _ZN16CLaserControlApp15PhototypePresetEj
 .text._ZN16CLaserControlApp11CheckLimitsERjS0_16APP_PROFILE_ENUM
                0x0000102a      0x1e8 CLaserControlApp.o
                0x0000102a                _ZN16CLaserControlApp11CheckLimitsERjS0_16APP_PROFILE_ENUM
 .text._ZN16CLaserControlApp10InitializeEP9CMBSender
                0x00001212      0x23a CLaserControlApp.o
                0x00001212                _ZN16CLaserControlApp10InitializeEP9CMBSender
 .text._ZN16CLaserControlApp5StartEv
                0x0000144c       0x90 CLaserControlApp.o
                0x0000144c                _ZN16CLaserControlApp5StartEv
 .text._ZN16CLaserControlApp16OnLaserTimerStopEv
                0x000014dc       0x26 CLaserControlApp.o
                0x000014dc                _ZN16CLaserControlApp16OnLaserTimerStopEv
 .text._ZN16CLaserControlApp18OnLaserTimerStaticEPv
                0x00001502        0x6 CLaserControlApp.o
                0x00001502                _ZN16CLaserControlApp18OnLaserTimerStaticEPv
 .text._ZN16CLaserControlApp3RunEv
                0x00001508      0x898 CLaserControlApp.o
                0x00001508                _ZN16CLaserControlApp3RunEv
 .text._ZN16CLaserControlApp7OnTimerEv
                0x00001da0      0x20c CLaserControlApp.o
                0x00001da0                _ZN16CLaserControlApp7OnTimerEv
 .text._ZN16CLaserControlApp13OnTimerStaticEPv
                0x00001fac        0x6 CLaserControlApp.o
                0x00001fac                _ZN16CLaserControlApp13OnTimerStaticEPv
 .text._ZN16CLaserControlApp6OnINT0Ev
                0x00001fb2      0x144 CLaserControlApp.o
                0x00001fb2                _ZN16CLaserControlApp6OnINT0Ev
 .text._ZN16CLaserControlApp12OnINT0StaticEPv
                0x000020f6        0x6 CLaserControlApp.o
                0x000020f6                _ZN16CLaserControlApp12OnINT0StaticEPv
 .text._Z11ConvertDataPvS_jj
                0x000020fc       0x58 DGUSGUI.o
                0x000020fc                _Z11ConvertDataPvS_jj
 .text._Z3minjj
                0x00002154        0xa DGUSGUI.o
                0x00002154                _Z3minjj
 .text._Z3maxjj
                0x0000215e        0xa DGUSGUI.o
                0x0000215e                _Z3maxjj
 .text._Z4swapj
                0x00002168        0x8 DGUSGUI.o
                0x00002168                _Z4swapj
 .text._Z6swap32m
                0x00002170        0x8 DGUSGUI.o
                0x00002170                _Z6swap32m
 .text._ZN4CSPIC2Ev
                0x00002178        0x2 LaserLib/CSPI.o
                0x00002178                _ZN4CSPIC2Ev
                0x00002178                _ZN4CSPIC1Ev
 .text._ZN4CSPID2Ev
                0x0000217a        0x2 LaserLib/CSPI.o
                0x0000217a                _ZN4CSPID2Ev
                0x0000217a                _ZN4CSPID1Ev
 .text._ZN4CSPI10InitializeEb19SPI_DATA_ORDER_ENUM13SPI_MODE_ENUMb18SPI_PRESCALER_enum
                0x0000217c       0x82 LaserLib/CSPI.o
                0x0000217c                _ZN4CSPI10InitializeEb19SPI_DATA_ORDER_ENUM13SPI_MODE_ENUMb18SPI_PRESCALER_enum
 .text._ZN4CSPI4SendEPhj
                0x000021fe       0x40 LaserLib/CSPI.o
                0x000021fe                _ZN4CSPI4SendEPhj
 .text._ZN4CSPI10OnTransmitEv
                0x0000223e       0x30 LaserLib/CSPI.o
                0x0000223e                _ZN4CSPI10OnTransmitEv
 .text._ZN4CSPI16StaticOnTransmitEPv
                0x0000226e        0x6 LaserLib/CSPI.o
                0x0000226e                _ZN4CSPI16StaticOnTransmitEPv
 .text._ZN6CTimerC2Ev
                0x00002274        0xc LaserLib/CTimer.o
                0x00002274                _ZN6CTimerC1Ev
                0x00002274                _ZN6CTimerC2Ev
 .text._ZN6CTimerD2Ev
                0x00002280        0x2 LaserLib/CTimer.o
                0x00002280                _ZN6CTimerD1Ev
                0x00002280                _ZN6CTimerD2Ev
 .text._ZN7CTimer1C2Ev
                0x00002282        0xc LaserLib/CTimer1.o
                0x00002282                _ZN7CTimer1C1Ev
                0x00002282                _ZN7CTimer1C2Ev
 .text._ZN7CTimer1D2Ev
                0x0000228e        0x2 LaserLib/CTimer1.o
                0x0000228e                _ZN7CTimer1D1Ev
                0x0000228e                _ZN7CTimer1D2Ev
 .text._ZN6CUSARTC2Ev
                0x00002290        0xc LaserLib/CUSART.o
                0x00002290                _ZN6CUSARTC2Ev
                0x00002290                _ZN6CUSARTC1Ev
 .text._ZN6CUSARTD2Ev
                0x0000229c        0x2 LaserLib/CUSART.o
                0x0000229c                _ZN6CUSARTD1Ev
                0x0000229c                _ZN6CUSARTD2Ev
 .text.__vector_1
                0x0000229e       0x62 LaserLib/intx128.o
                0x0000229e                __vector_1
 .text.__vector_2
                0x00002300       0x62 LaserLib/intx128.o
                0x00002300                __vector_2
 .text.__vector_3
                0x00002362       0x62 LaserLib/intx128.o
                0x00002362                __vector_3
 .text.__vector_4
                0x000023c4       0x62 LaserLib/intx128.o
                0x000023c4                __vector_4
 .text.__vector_5
                0x00002426       0x62 LaserLib/intx128.o
                0x00002426                __vector_5
 .text.__vector_6
                0x00002488       0x62 LaserLib/intx128.o
                0x00002488                __vector_6
 .text.__vector_7
                0x000024ea       0x62 LaserLib/intx128.o
                0x000024ea                __vector_7
 .text.__vector_8
                0x0000254c       0x62 LaserLib/intx128.o
                0x0000254c                __vector_8
 .text.__vector_9
                0x000025ae       0x62 LaserLib/intx128.o
                0x000025ae                __vector_9
 .text.__vector_10
                0x00002610       0x62 LaserLib/intx128.o
                0x00002610                __vector_10
 .text.__vector_11
                0x00002672       0x62 LaserLib/intx128.o
                0x00002672                __vector_11
 .text.__vector_12
                0x000026d4       0x62 LaserLib/intx128.o
                0x000026d4                __vector_12
 .text.__vector_13
                0x00002736       0x62 LaserLib/intx128.o
                0x00002736                __vector_13
 .text.__vector_14
                0x00002798       0x62 LaserLib/intx128.o
                0x00002798                __vector_14
 .text.__vector_15
                0x000027fa       0x62 LaserLib/intx128.o
                0x000027fa                __vector_15
 .text.__vector_16
                0x0000285c       0x62 LaserLib/intx128.o
                0x0000285c                __vector_16
 .text.__vector_17
                0x000028be       0x62 LaserLib/intx128.o
                0x000028be                __vector_17
 .text.__vector_18
                0x00002920       0x62 LaserLib/intx128.o
                0x00002920                __vector_18
 .text.__vector_19
                0x00002982       0x62 LaserLib/intx128.o
                0x00002982                __vector_19
 .text.__vector_20
                0x000029e4       0x62 LaserLib/intx128.o
                0x000029e4                __vector_20
 .text.__vector_21
                0x00002a46       0x62 LaserLib/intx128.o
                0x00002a46                __vector_21
 .text.__vector_22
                0x00002aa8       0x62 LaserLib/intx128.o
                0x00002aa8                __vector_22
 .text.__vector_23
                0x00002b0a       0x62 LaserLib/intx128.o
                0x00002b0a                __vector_23
 .text.__vector_24
                0x00002b6c       0x62 LaserLib/intx128.o
                0x00002b6c                __vector_24
 .text.__vector_25
                0x00002bce       0x62 LaserLib/intx128.o
                0x00002bce                __vector_25
 .text.__vector_26
                0x00002c30       0x62 LaserLib/intx128.o
                0x00002c30                __vector_26
 .text.__vector_27
                0x00002c92       0x62 LaserLib/intx128.o
                0x00002c92                __vector_27
 .text.__vector_28
                0x00002cf4       0x62 LaserLib/intx128.o
                0x00002cf4                __vector_28
 .text.__vector_29
                0x00002d56       0x62 LaserLib/intx128.o
                0x00002d56                __vector_29
 .text.__vector_30
                0x00002db8       0x62 LaserLib/intx128.o
                0x00002db8                __vector_30
 .text.__vector_31
                0x00002e1a       0x62 LaserLib/intx128.o
                0x00002e1a                __vector_31
 .text.__vector_32
                0x00002e7c       0x62 LaserLib/intx128.o
                0x00002e7c                __vector_32
 .text.__vector_33
                0x00002ede       0x62 LaserLib/intx128.o
                0x00002ede                __vector_33
 .text.__vector_34
                0x00002f40       0x62 LaserLib/intx128.o
                0x00002f40                __vector_34
 .text.__vector_35
                0x00002fa2       0x62 LaserLib/intx128.o
                0x00002fa2                __vector_35
 .text.__vector_36
                0x00003004       0x62 LaserLib/intx128.o
                0x00003004                __vector_36
 .text.__vector_37
                0x00003066       0x62 LaserLib/intx128.o
                0x00003066                __vector_37
 .text.__vector_38
                0x000030c8       0x62 LaserLib/intx128.o
                0x000030c8                __vector_38
 .text.__vector_39
                0x0000312a       0x62 LaserLib/intx128.o
                0x0000312a                __vector_39
 .text.__vector_40
                0x0000318c       0x62 LaserLib/intx128.o
                0x0000318c                __vector_40
 .text.__vector_41
                0x000031ee       0x62 LaserLib/intx128.o
                0x000031ee                __vector_41
 .text.__vector_42
                0x00003250       0x62 LaserLib/intx128.o
                0x00003250                __vector_42
 .text.__vector_43
                0x000032b2       0x62 LaserLib/intx128.o
                0x000032b2                __vector_43
 .text.__vector_44
                0x00003314       0x62 LaserLib/intx128.o
                0x00003314                __vector_44
 .text.__vector_45
                0x00003376       0x62 LaserLib/intx128.o
                0x00003376                __vector_45
 .text.__vector_46
                0x000033d8       0x62 LaserLib/intx128.o
                0x000033d8                __vector_46
 .text.__vector_47
                0x0000343a       0x62 LaserLib/intx128.o
                0x0000343a                __vector_47
 .text.__vector_48
                0x0000349c       0x62 LaserLib/intx128.o
                0x0000349c                __vector_48
 .text.__vector_49
                0x000034fe       0x62 LaserLib/intx128.o
                0x000034fe                __vector_49
 .text.__vector_50
                0x00003560       0x62 LaserLib/intx128.o
                0x00003560                __vector_50
 .text.__vector_51
                0x000035c2       0x62 LaserLib/intx128.o
                0x000035c2                __vector_51
 .text.__vector_52
                0x00003624       0x62 LaserLib/intx128.o
                0x00003624                __vector_52
 .text.__vector_53
                0x00003686       0x62 LaserLib/intx128.o
                0x00003686                __vector_53
 .text.__vector_54
                0x000036e8       0x62 LaserLib/intx128.o
                0x000036e8                __vector_54
 .text.__vector_55
                0x0000374a       0x62 LaserLib/intx128.o
                0x0000374a                __vector_55
 .text.__vector_56
                0x000037ac       0x62 LaserLib/intx128.o
                0x000037ac                __vector_56
 .text.__vector_57
                0x0000380e       0x62 LaserLib/intx128.o
                0x0000380e                __vector_57
 .text.__vector_58
                0x00003870       0x62 LaserLib/intx128.o
                0x00003870                __vector_58
 .text.__vector_59
                0x000038d2       0x62 LaserLib/intx128.o
                0x000038d2                __vector_59
 .text.__vector_60
                0x00003934       0x62 LaserLib/intx128.o
                0x00003934                __vector_60
 .text.__vector_61
                0x00003996       0x62 LaserLib/intx128.o
                0x00003996                __vector_61
 .text.__vector_62
                0x000039f8       0x62 LaserLib/intx128.o
                0x000039f8                __vector_62
 .text.__vector_63
                0x00003a5a       0x62 LaserLib/intx128.o
                0x00003a5a                __vector_63
 .text.__vector_64
                0x00003abc       0x62 LaserLib/intx128.o
                0x00003abc                __vector_64
 .text.__vector_65
                0x00003b1e       0x62 LaserLib/intx128.o
                0x00003b1e                __vector_65
 .text.__vector_66
                0x00003b80       0x62 LaserLib/intx128.o
                0x00003b80                __vector_66
 .text.__vector_67
                0x00003be2       0x62 LaserLib/intx128.o
                0x00003be2                __vector_67
 .text.__vector_68
                0x00003c44       0x62 LaserLib/intx128.o
                0x00003c44                __vector_68
 .text.__vector_69
                0x00003ca6       0x62 LaserLib/intx128.o
                0x00003ca6                __vector_69
 .text.__vector_70
                0x00003d08       0x62 LaserLib/intx128.o
                0x00003d08                __vector_70
 .text.__vector_71
                0x00003d6a       0x62 LaserLib/intx128.o
                0x00003d6a                __vector_71
 .text.__vector_72
                0x00003dcc       0x62 LaserLib/intx128.o
                0x00003dcc                __vector_72
 .text.__vector_73
                0x00003e2e       0x62 LaserLib/intx128.o
                0x00003e2e                __vector_73
 .text.__vector_74
                0x00003e90       0x62 LaserLib/intx128.o
                0x00003e90                __vector_74
 .text.__vector_77
                0x00003ef2       0x62 LaserLib/intx128.o
                0x00003ef2                __vector_77
 .text.__vector_78
                0x00003f54       0x62 LaserLib/intx128.o
                0x00003f54                __vector_78
 .text.__vector_79
                0x00003fb6       0x62 LaserLib/intx128.o
                0x00003fb6                __vector_79
 .text.__vector_80
                0x00004018       0x62 LaserLib/intx128.o
                0x00004018                __vector_80
 .text.__vector_81
                0x0000407a       0x62 LaserLib/intx128.o
                0x0000407a                __vector_81
 .text.__vector_82
                0x000040dc       0x62 LaserLib/intx128.o
                0x000040dc                __vector_82
 .text.__vector_83
                0x0000413e       0x62 LaserLib/intx128.o
                0x0000413e                __vector_83
 .text.__vector_84
                0x000041a0       0x62 LaserLib/intx128.o
                0x000041a0                __vector_84
 .text.__vector_85
                0x00004202       0x62 LaserLib/intx128.o
                0x00004202                __vector_85
 .text.__vector_86
                0x00004264       0x62 LaserLib/intx128.o
                0x00004264                __vector_86
 .text.__vector_87
                0x000042c6       0x62 LaserLib/intx128.o
                0x000042c6                __vector_87
 .text.__vector_88
                0x00004328       0x62 LaserLib/intx128.o
                0x00004328                __vector_88
 .text.__vector_89
                0x0000438a       0x62 LaserLib/intx128.o
                0x0000438a                __vector_89
 .text.__vector_90
                0x000043ec       0x62 LaserLib/intx128.o
                0x000043ec                __vector_90
 .text.__vector_91
                0x0000444e       0x62 LaserLib/intx128.o
                0x0000444e                __vector_91
 .text.__vector_92
                0x000044b0       0x62 LaserLib/intx128.o
                0x000044b0                __vector_92
 .text.__vector_93
                0x00004512       0x62 LaserLib/intx128.o
                0x00004512                __vector_93
 .text.__vector_104
                0x00004574       0x62 LaserLib/intx128.o
                0x00004574                __vector_104
 .text.__vector_105
                0x000045d6       0x62 LaserLib/intx128.o
                0x000045d6                __vector_105
 .text.__vector_108
                0x00004638       0x62 LaserLib/intx128.o
                0x00004638                __vector_108
 .text.__vector_109
                0x0000469a       0x62 LaserLib/intx128.o
                0x0000469a                __vector_109
 .text.__vector_110
                0x000046fc       0x62 LaserLib/intx128.o
                0x000046fc                __vector_110
 .text.__vector_111
                0x0000475e       0x62 LaserLib/intx128.o
                0x0000475e                __vector_111
 .text.__vector_112
                0x000047c0       0x62 LaserLib/intx128.o
                0x000047c0                __vector_112
 .text.__vector_113
                0x00004822       0x62 LaserLib/intx128.o
                0x00004822                __vector_113
 .text.__vector_119
                0x00004884       0x62 LaserLib/intx128.o
                0x00004884                __vector_119
 .text.__vector_120
                0x000048e6       0x62 LaserLib/intx128.o
                0x000048e6                __vector_120
 .text.__vector_121
                0x00004948       0x62 LaserLib/intx128.o
                0x00004948                __vector_121
 .text.__cxa_pure_virtual
                0x000049aa        0x6 main.o
                0x000049aa                __cxa_pure_virtual
 .text._GLOBAL__sub_I_dacSPI
                0x000049b0       0x6a main.o
 .text._GLOBAL__sub_D_dacSPI
                0x00004a1a       0x6a main.o
 .text._Z16SystemInitializev
                0x00004a84      0x1f2 main.o
                0x00004a84                _Z16SystemInitializev
 .text.main     0x00004c76       0xe6 main.o
                0x00004c76                main
 .text._ZN16CMBEventsHandler13FillVarDataTxEjPjj
                0x00004d5c      0x134 MODBUS/CMBProtocol.o
                0x00004d5c                _ZN16CMBEventsHandler13FillVarDataTxEjPjj
 .text._ZN16CMBEventsHandler15AllocateBuffersEjj
                0x00004e90       0x36 MODBUS/CMBProtocol.o
                0x00004e90                _ZN16CMBEventsHandler15AllocateBuffersEjj
 .text._ZN16CMBEventsHandler11FreeBuffersEv
                0x00004ec6       0x1c MODBUS/CMBProtocol.o
                0x00004ec6                _ZN16CMBEventsHandler11FreeBuffersEv
 .text._ZN16CMBEventsHandler13FillRegDataRqEhh
                0x00004ee2       0xc0 MODBUS/CMBProtocol.o
                0x00004ee2                _ZN16CMBEventsHandler13FillRegDataRqEhh
 .text._ZN16CMBEventsHandler13FillVarDataRqEjj
                0x00004fa2       0xca MODBUS/CMBProtocol.o
                0x00004fa2                _ZN16CMBEventsHandler13FillVarDataRqEjj
 .text._ZN16CMBEventsHandler13FillRegDataTxEhPhh
                0x0000506c       0xd6 MODBUS/CMBProtocol.o
                0x0000506c                _ZN16CMBEventsHandler13FillRegDataTxEhPhh
 .text._ZN16CMBEventsHandlerD2Ev
                0x00005142        0x2 MODBUS/CMBProtocol.o
                0x00005142                _ZN16CMBEventsHandlerD2Ev
                0x00005142                _ZN16CMBEventsHandlerD1Ev
 .text._ZN9CMBSender18OnVariableReceivedEjPjj
                0x00005144       0x1e MODBUS/CMBSender.o
                0x00005144                _ZN9CMBSender18OnVariableReceivedEjPjj
 .text._ZN9CMBSender18OnRegisterReceivedEhPhh
                0x00005162       0x1e MODBUS/CMBSender.o
                0x00005162                _ZN9CMBSender18OnRegisterReceivedEhPhh
 .text._ZN9CMBSenderC2Ev
                0x00005180        0xc MODBUS/CMBSender.o
                0x00005180                _ZN9CMBSenderC2Ev
                0x00005180                _ZN9CMBSenderC1Ev
 .text._ZN9CMBSender10InitializeEP7CTimer1P6CUSARTP16CMBEventsHandlerjjj
                0x0000518c       0xe2 MODBUS/CMBSender.o
                0x0000518c                _ZN9CMBSender10InitializeEP7CTimer1P6CUSARTP16CMBEventsHandlerjjj
 .text._ZN9CMBSenderD2Ev
                0x0000526e       0x10 MODBUS/CMBSender.o
                0x0000526e                _ZN9CMBSenderD1Ev
                0x0000526e                _ZN9CMBSenderD2Ev
 .text._ZN9CMBSender13OnReceiveByteEh
                0x0000527e      0x192 MODBUS/CMBSender.o
                0x0000527e                _ZN9CMBSender13OnReceiveByteEh
 .text._ZN9CMBSender18OnUSARTRxInterruptEPv
                0x00005410       0x26 MODBUS/CMBSender.o
                0x00005410                _ZN9CMBSender18OnUSARTRxInterruptEPv
 .text._ZN9CMBSender9OnTimeoutEv
                0x00005436       0x28 MODBUS/CMBSender.o
                0x00005436                _ZN9CMBSender9OnTimeoutEv
 .text._ZN9CMBSender18OnTimeoutInterruptEPv
                0x0000545e        0x6 MODBUS/CMBSender.o
                0x0000545e                _ZN9CMBSender18OnTimeoutInterruptEPv
 .text._ZN9CMBSender19StartMODBUSListenerEv
                0x00005464       0x32 MODBUS/CMBSender.o
                0x00005464                _ZN9CMBSender19StartMODBUSListenerEv
 .text._ZN9CMBSender14OnTransmitByteEv
                0x00005496       0x92 MODBUS/CMBSender.o
                0x00005496                _ZN9CMBSender14OnTransmitByteEv
 .text._ZN9CMBSender18OnUSARTTxInterruptEPv
                0x00005528        0x6 MODBUS/CMBSender.o
                0x00005528                _ZN9CMBSender18OnUSARTTxInterruptEPv
 .text._ZN9CMBSender18WaitMODBUSListenerEv
                0x0000552e       0x22 MODBUS/CMBSender.o
                0x0000552e                _ZN9CMBSender18WaitMODBUSListenerEv
 .text._ZN9CMBSender22StartMODBUSTransmitterEv
                0x00005550       0x2a MODBUS/CMBSender.o
                0x00005550                _ZN9CMBSender22StartMODBUSTransmitterEv
 .text._ZN9CMBSender24WriteDataToRegisterAsyncEhPhh
                0x0000557a       0x1e MODBUS/CMBSender.o
                0x0000557a                _ZN9CMBSender24WriteDataToRegisterAsyncEhPhh
 .text._ZN9CMBSender20WriteDataToSRAMAsyncEjPjj
                0x00005598       0x1e MODBUS/CMBSender.o
                0x00005598                _ZN9CMBSender20WriteDataToSRAMAsyncEjPjj
 .text._ZN9CMBSender28RequestDataFromRegisterAsyncEhh
                0x000055b6       0x1e MODBUS/CMBSender.o
                0x000055b6                _ZN9CMBSender28RequestDataFromRegisterAsyncEhh
 .text._ZN9CMBSender24RequestDataFromSRAMAsyncEjh
                0x000055d4       0x20 MODBUS/CMBSender.o
                0x000055d4                _ZN9CMBSender24RequestDataFromSRAMAsyncEjh
 .text._ZN9CMBSender21WaitMODBUSTransmitterEv
                0x000055f4       0x22 MODBUS/CMBSender.o
                0x000055f4                _ZN9CMBSender21WaitMODBUSTransmitterEv
 .text._ZN9CMBSender30StartMODBUSRegisterTransactionEhh
                0x00005616        0xc MODBUS/CMBSender.o
                0x00005616                _ZN9CMBSender30StartMODBUSRegisterTransactionEhh
 .text._ZN9CMBSender30StartMODBUSVariableTransactionEjh
                0x00005622        0xc MODBUS/CMBSender.o
                0x00005622                _ZN9CMBSender30StartMODBUSVariableTransactionEjh
 .text._ZN9CMBSender18ProcessTransactionEPhj
                0x0000562e       0x62 MODBUS/CMBSender.o
                0x0000562e                _ZN9CMBSender18ProcessTransactionEPhj
 .text._ZN9CMBSender21OnTransactionCallbackEPhj
                0x00005690        0x6 MODBUS/CMBSender.o
                0x00005690                _ZN9CMBSender21OnTransactionCallbackEPhj
 .text._ZN10CDGUSUSART10InitializeE13BAUDRATE_ENUM11PARITY_ENUM12STOBITS_ENUMb
                0x00005696       0x76 Periphery/CDGUSUSART.o
                0x00005696                _ZN10CDGUSUSART10InitializeE13BAUDRATE_ENUM11PARITY_ENUM12STOBITS_ENUMb
 .text._ZN10CDGUSUSART15GetReceivedByteEv
                0x0000570c        0x6 Periphery/CDGUSUSART.o
                0x0000570c                _ZN10CDGUSUSART15GetReceivedByteEv
 .text._ZN10CDGUSUSART19SetTransmittingByteEh
                0x00005712        0x6 Periphery/CDGUSUSART.o
                0x00005712                _ZN10CDGUSUSART19SetTransmittingByteEh
 .text._ZN10CDGUSUSART14IsTransmittingEv
                0x00005718       0x10 Periphery/CDGUSUSART.o
                0x00005718                _ZN10CDGUSUSART14IsTransmittingEv
 .text._ZN10CDGUSUSART11IsReceivingEv
                0x00005728        0xe Periphery/CDGUSUSART.o
                0x00005728                _ZN10CDGUSUSART11IsReceivingEv
 .text._ZN10CDGUSUSART11IsDataEmptyEv
                0x00005736       0x10 Periphery/CDGUSUSART.o
                0x00005736                _ZN10CDGUSUSART11IsDataEmptyEv
 .text._ZN10CDGUSUSART25SetRxInterruptionCallbackEPvPFvS0_E
                0x00005746       0x12 Periphery/CDGUSUSART.o
                0x00005746                _ZN10CDGUSUSART25SetRxInterruptionCallbackEPvPFvS0_E
 .text._ZN10CDGUSUSART25SetTxInterruptionCallbackEPvPFvS0_E
                0x00005758       0x12 Periphery/CDGUSUSART.o
                0x00005758                _ZN10CDGUSUSART25SetTxInterruptionCallbackEPvPFvS0_E
 .text._ZN10CDGUSUSART12SetDMARxTrigEP13DMA_CH_struct
                0x0000576a       0x12 Periphery/CDGUSUSART.o
                0x0000576a                _ZN10CDGUSUSART12SetDMARxTrigEP13DMA_CH_struct
 .text._ZN10CDGUSUSART12SetDMATxTrigEP13DMA_CH_struct
                0x0000577c       0x12 Periphery/CDGUSUSART.o
                0x0000577c                _ZN10CDGUSUSART12SetDMATxTrigEP13DMA_CH_struct
 .text._ZN10CDGUSUSARTC2Ev
                0x0000578e       0x18 Periphery/CDGUSUSART.o
                0x0000578e                _ZN10CDGUSUSARTC1Ev
                0x0000578e                _ZN10CDGUSUSARTC2Ev
 .text._ZN10CDGUSUSARTD2Ev
                0x000057a6       0x10 Periphery/CDGUSUSART.o
                0x000057a6                _ZN10CDGUSUSARTD2Ev
                0x000057a6                _ZN10CDGUSUSARTD1Ev
 .text._Z18onewire_crc_updatehh
                0x000057b6       0x1c Periphery/CDS18B20.o
                0x000057b6                _Z18onewire_crc_updatehh
 .text._ZN8CDS18B20C2Ev
                0x000057d2        0x2 Periphery/CDS18B20.o
                0x000057d2                _ZN8CDS18B20C2Ev
                0x000057d2                _ZN8CDS18B20C1Ev
 .text._ZN8CDS18B20D2Ev
                0x000057d4        0x2 Periphery/CDS18B20.o
                0x000057d4                _ZN8CDS18B20D1Ev
                0x000057d4                _ZN8CDS18B20D2Ev
 .text._ZN8CDS18B207w1_findEv
                0x000057d6       0x3a Periphery/CDS18B20.o
                0x000057d6                _ZN8CDS18B207w1_findEv
 .text._ZN8CDS18B2010w1_sendcmdEh
                0x00005810       0x6e Periphery/CDS18B20.o
                0x00005810                _ZN8CDS18B2010w1_sendcmdEh
 .text._ZN8CDS18B2015w1_receive_byteEv
                0x0000587e       0x66 Periphery/CDS18B20.o
                0x0000587e                _ZN8CDS18B2015w1_receive_byteEv
 .text._ZN8CDS18B2010temp_18b20Ev
                0x000058e4       0xee Periphery/CDS18B20.o
                0x000058e4                _ZN8CDS18B2010temp_18b20Ev
 .text._ZN8CDS18B2010InitializeEv
                0x000059d2       0x1e Periphery/CDS18B20.o
                0x000059d2                _ZN8CDS18B2010InitializeEv
 .text._ZN11CLaserBoardC2Ev
                0x000059f0        0x2 Periphery/CLaserBoard.o
                0x000059f0                _ZN11CLaserBoardC1Ev
                0x000059f0                _ZN11CLaserBoardC2Ev
 .text._ZN11CLaserBoardD2Ev
                0x000059f2        0x2 Periphery/CLaserBoard.o
                0x000059f2                _ZN11CLaserBoardD2Ev
                0x000059f2                _ZN11CLaserBoardD1Ev
 .text._ZN11CLaserBoard12InitializeIOEv
                0x000059f4       0xc0 Periphery/CLaserBoard.o
                0x000059f4                _ZN11CLaserBoard12InitializeIOEv
 .text._ZN11CLaserBoard15InitializeClockEv
                0x00005ab4       0x6a Periphery/CLaserBoard.o
                0x00005ab4                _ZN11CLaserBoard15InitializeClockEv
 .text._ZN11CLaserBoard5PWMOnEv
                0x00005b1e        0x8 Periphery/CLaserBoard.o
                0x00005b1e                _ZN11CLaserBoard5PWMOnEv
 .text._ZN11CLaserBoard6PWMOffEv
                0x00005b26        0x8 Periphery/CLaserBoard.o
                0x00005b26                _ZN11CLaserBoard6PWMOffEv
 .text._ZN11CLaserBoard5REDOnEv
                0x00005b2e        0x8 Periphery/CLaserBoard.o
                0x00005b2e                _ZN11CLaserBoard5REDOnEv
 .text._ZN11CLaserBoard5GRNOnEv
                0x00005b36        0x8 Periphery/CLaserBoard.o
                0x00005b36                _ZN11CLaserBoard5GRNOnEv
 .text._ZN11CLaserBoard5BLUOnEv
                0x00005b3e        0x8 Periphery/CLaserBoard.o
                0x00005b3e                _ZN11CLaserBoard5BLUOnEv
 .text._ZN11CLaserBoard8Relay1OnEv
                0x00005b46        0x8 Periphery/CLaserBoard.o
                0x00005b46                _ZN11CLaserBoard8Relay1OnEv
 .text._ZN11CLaserBoard8Relay2OnEv
                0x00005b4e        0x8 Periphery/CLaserBoard.o
                0x00005b4e                _ZN11CLaserBoard8Relay2OnEv
 .text._ZN11CLaserBoard9Relay2OffEv
                0x00005b56        0x8 Periphery/CLaserBoard.o
                0x00005b56                _ZN11CLaserBoard9Relay2OffEv
 .text._ZN11CLaserBoard12LaserPowerOnEv
                0x00005b5e        0x8 Periphery/CLaserBoard.o
                0x00005b5e                _ZN11CLaserBoard12LaserPowerOnEv
 .text._ZN11CLaserBoard13LaserPowerOffEv
                0x00005b66        0x8 Periphery/CLaserBoard.o
                0x00005b66                _ZN11CLaserBoard13LaserPowerOffEv
 .text._ZN11CLaserBoard4BeepEv
                0x00005b6e       0x30 Periphery/CLaserBoard.o
                0x00005b6e                _ZN11CLaserBoard4BeepEv
 .text._ZN11CLaserBoard14BeepClassErrorEv
                0x00005b9e       0x54 Periphery/CLaserBoard.o
                0x00005b9e                _ZN11CLaserBoard14BeepClassErrorEv
 .text._ZN11CLaserBoard9PortCheckEv
                0x00005bf2        0xa Periphery/CLaserBoard.o
                0x00005bf2                _ZN11CLaserBoard9PortCheckEv
 .text._ZN11CLaserBoard10FootswitchEv
                0x00005bfc        0x8 Periphery/CLaserBoard.o
                0x00005bfc                _ZN11CLaserBoard10FootswitchEv
 .text._ZN12CSoundPlayerC2Ev
                0x00005c04        0x2 Periphery/CSoundPlayer.o
                0x00005c04                _ZN12CSoundPlayerC2Ev
                0x00005c04                _ZN12CSoundPlayerC1Ev
 .text._ZN12CSoundPlayerD2Ev
                0x00005c06        0x2 Periphery/CSoundPlayer.o
                0x00005c06                _ZN12CSoundPlayerD1Ev
                0x00005c06                _ZN12CSoundPlayerD2Ev
 .text._ZN12CSoundPlayer19InitializeToneTimerEv
                0x00005c08       0x22 Periphery/CSoundPlayer.o
                0x00005c08                _ZN12CSoundPlayer19InitializeToneTimerEv
 .text._ZN12CSoundPlayer23InitializeDurationTimerEv
                0x00005c2a       0x18 Periphery/CSoundPlayer.o
                0x00005c2a                _ZN12CSoundPlayer23InitializeDurationTimerEv
 .text._ZN12CSoundPlayer10SoundStartEjjh
                0x00005c42       0x68 Periphery/CSoundPlayer.o
                0x00005c42                _ZN12CSoundPlayer10SoundStartEjjh
 .text._ZN12CSoundPlayer9SoundStopEv
                0x00005caa       0x3c Periphery/CSoundPlayer.o
                0x00005caa                _ZN12CSoundPlayer9SoundStopEv
 .text._ZN12CSoundPlayer10InitializeEv
                0x00005ce6       0x16 Periphery/CSoundPlayer.o
                0x00005ce6                _ZN12CSoundPlayer10InitializeEv
 .text._ZN7CTimerC10InitializeE27TIMER_WAVEFORMGEN_MODE_ENUM22TIMER_CLOCKSELECT_ENUM
                0x00005cfc       0x36 Periphery/CTimerC.o
                0x00005cfc                _ZN7CTimerC10InitializeE27TIMER_WAVEFORMGEN_MODE_ENUM22TIMER_CLOCKSELECT_ENUM
 .text._ZN7CTimerC5StartEj
                0x00005d32       0x1a Periphery/CTimerC.o
                0x00005d32                _ZN7CTimerC5StartEj
 .text._ZN7CTimerC4StopEv
                0x00005d4c       0x10 Periphery/CTimerC.o
                0x00005d4c                _ZN7CTimerC4StopEv
 .text._ZN7CTimerC13EnableChannelE19TIMER_CHANNELS_ENUM
                0x00005d5c        0xe Periphery/CTimerC.o
                0x00005d5c                _ZN7CTimerC13EnableChannelE19TIMER_CHANNELS_ENUM
 .text._ZN7CTimerC14DisableChannelE19TIMER_CHANNELS_ENUM
                0x00005d6a        0xe Periphery/CTimerC.o
                0x00005d6a                _ZN7CTimerC14DisableChannelE19TIMER_CHANNELS_ENUM
 .text._ZN7CTimerC9SetPeriodEj
                0x00005d78        0xa Periphery/CTimerC.o
                0x00005d78                _ZN7CTimerC9SetPeriodEj
 .text._ZN7CTimerC8SetCOMPAEj
                0x00005d82        0xa Periphery/CTimerC.o
                0x00005d82                _ZN7CTimerC8SetCOMPAEj
 .text._ZN7CTimerC8SetCOMPBEj
                0x00005d8c        0xa Periphery/CTimerC.o
                0x00005d8c                _ZN7CTimerC8SetCOMPBEj
 .text._ZN7CTimerC8SetCOMPCEj
                0x00005d96        0xa Periphery/CTimerC.o
                0x00005d96                _ZN7CTimerC8SetCOMPCEj
 .text._ZN7CTimerC8SetCOMPDEj
                0x00005da0        0xa Periphery/CTimerC.o
                0x00005da0                _ZN7CTimerC8SetCOMPDEj
 .text._ZN7CTimerC14SetOVFCallbackEPFvPvES0_17TC_OVFINTLVL_enum
                0x00005daa       0x22 Periphery/CTimerC.o
                0x00005daa                _ZN7CTimerC14SetOVFCallbackEPFvPvES0_17TC_OVFINTLVL_enum
 .text._ZN7CTimerC14SetERRCallbackEPFvPvES0_17TC_ERRINTLVL_enum
                0x00005dcc       0x22 Periphery/CTimerC.o
                0x00005dcc                _ZN7CTimerC14SetERRCallbackEPFvPvES0_17TC_ERRINTLVL_enum
 .text._ZN7CTimerC16SetCOMPACallbackEPFvPvES0_17TC_CCAINTLVL_enum
                0x00005dee       0x22 Periphery/CTimerC.o
                0x00005dee                _ZN7CTimerC16SetCOMPACallbackEPFvPvES0_17TC_CCAINTLVL_enum
 .text._ZN7CTimerC16SetCOMPBCallbackEPFvPvES0_17TC_CCBINTLVL_enum
                0x00005e10       0x22 Periphery/CTimerC.o
                0x00005e10                _ZN7CTimerC16SetCOMPBCallbackEPFvPvES0_17TC_CCBINTLVL_enum
 .text._ZN7CTimerC16SetCOMPCCallbackEPFvPvES0_17TC_CCCINTLVL_enum
                0x00005e32       0x22 Periphery/CTimerC.o
                0x00005e32                _ZN7CTimerC16SetCOMPCCallbackEPFvPvES0_17TC_CCCINTLVL_enum
 .text._ZN7CTimerC16SetCOMPDCallbackEPFvPvES0_17TC_CCDINTLVL_enum
                0x00005e54       0x22 Periphery/CTimerC.o
                0x00005e54                _ZN7CTimerC16SetCOMPDCallbackEPFvPvES0_17TC_CCDINTLVL_enum
 .text._ZN7CTimerCC2Ev
                0x00005e76       0x18 Periphery/CTimerC.o
                0x00005e76                _ZN7CTimerCC1Ev
                0x00005e76                _ZN7CTimerCC2Ev
 .text._ZN7CTimerCD2Ev
                0x00005e8e       0x10 Periphery/CTimerC.o
                0x00005e8e                _ZN7CTimerCD1Ev
                0x00005e8e                _ZN7CTimerCD2Ev
 .text._ZN8CTimerC110InitializeE27TIMER_WAVEFORMGEN_MODE_ENUM22TIMER_CLOCKSELECT_ENUM
                0x00005e9e       0x2e Periphery/CTimerC1.o
                0x00005e9e                _ZN8CTimerC110InitializeE27TIMER_WAVEFORMGEN_MODE_ENUM22TIMER_CLOCKSELECT_ENUM
 .text._ZN8CTimerC15StartEj
                0x00005ecc       0x1a Periphery/CTimerC1.o
                0x00005ecc                _ZN8CTimerC15StartEj
 .text._ZN8CTimerC14StopEv
                0x00005ee6       0x10 Periphery/CTimerC1.o
                0x00005ee6                _ZN8CTimerC14StopEv
 .text._ZN8CTimerC15ResetEv
                0x00005ef6       0x14 Periphery/CTimerC1.o
                0x00005ef6                _ZN8CTimerC15ResetEv
 .text._ZN8CTimerC113EnableChannelE19TIMER_CHANNELS_ENUM
                0x00005f0a        0xe Periphery/CTimerC1.o
                0x00005f0a                _ZN8CTimerC113EnableChannelE19TIMER_CHANNELS_ENUM
 .text._ZN8CTimerC114DisableChannelE19TIMER_CHANNELS_ENUM
                0x00005f18        0xe Periphery/CTimerC1.o
                0x00005f18                _ZN8CTimerC114DisableChannelE19TIMER_CHANNELS_ENUM
 .text._ZN8CTimerC19SetPeriodEj
                0x00005f26        0xa Periphery/CTimerC1.o
                0x00005f26                _ZN8CTimerC19SetPeriodEj
 .text._ZN8CTimerC18SetCOMPAEj
                0x00005f30        0xa Periphery/CTimerC1.o
                0x00005f30                _ZN8CTimerC18SetCOMPAEj
 .text._ZN8CTimerC18SetCOMPBEj
                0x00005f3a        0xa Periphery/CTimerC1.o
                0x00005f3a                _ZN8CTimerC18SetCOMPBEj
 .text._ZN8CTimerC114SetOVFCallbackEPFvPvES0_17TC_OVFINTLVL_enum
                0x00005f44       0x24 Periphery/CTimerC1.o
                0x00005f44                _ZN8CTimerC114SetOVFCallbackEPFvPvES0_17TC_OVFINTLVL_enum
 .text._ZN8CTimerC114SetERRCallbackEPFvPvES0_17TC_ERRINTLVL_enum
                0x00005f68       0x24 Periphery/CTimerC1.o
                0x00005f68                _ZN8CTimerC114SetERRCallbackEPFvPvES0_17TC_ERRINTLVL_enum
 .text._ZN8CTimerC116SetCOMPACallbackEPFvPvES0_17TC_CCAINTLVL_enum
                0x00005f8c       0x24 Periphery/CTimerC1.o
                0x00005f8c                _ZN8CTimerC116SetCOMPACallbackEPFvPvES0_17TC_CCAINTLVL_enum
 .text._ZN8CTimerC116SetCOMPBCallbackEPFvPvES0_17TC_CCBINTLVL_enum
                0x00005fb0       0x24 Periphery/CTimerC1.o
                0x00005fb0                _ZN8CTimerC116SetCOMPBCallbackEPFvPvES0_17TC_CCBINTLVL_enum
 .text._ZN8CTimerC1C2Ev
                0x00005fd4       0x18 Periphery/CTimerC1.o
                0x00005fd4                _ZN8CTimerC1C2Ev
                0x00005fd4                _ZN8CTimerC1C1Ev
 .text._ZN8CTimerC1D2Ev
                0x00005fec       0x10 Periphery/CTimerC1.o
                0x00005fec                _ZN8CTimerC1D2Ev
                0x00005fec                _ZN8CTimerC1D1Ev
 .text._ZN7CTimerD10InitializeE27TIMER_WAVEFORMGEN_MODE_ENUM22TIMER_CLOCKSELECT_ENUM
                0x00005ffc       0x36 Periphery/CTimerD.o
                0x00005ffc                _ZN7CTimerD10InitializeE27TIMER_WAVEFORMGEN_MODE_ENUM22TIMER_CLOCKSELECT_ENUM
 .text._ZN7CTimerD5StartEj
                0x00006032       0x1a Periphery/CTimerD.o
                0x00006032                _ZN7CTimerD5StartEj
 .text._ZN7CTimerD4StopEv
                0x0000604c       0x10 Periphery/CTimerD.o
                0x0000604c                _ZN7CTimerD4StopEv
 .text._ZN7CTimerD13EnableChannelE19TIMER_CHANNELS_ENUM
                0x0000605c        0xe Periphery/CTimerD.o
                0x0000605c                _ZN7CTimerD13EnableChannelE19TIMER_CHANNELS_ENUM
 .text._ZN7CTimerD14DisableChannelE19TIMER_CHANNELS_ENUM
                0x0000606a        0xe Periphery/CTimerD.o
                0x0000606a                _ZN7CTimerD14DisableChannelE19TIMER_CHANNELS_ENUM
 .text._ZN7CTimerD9SetPeriodEj
                0x00006078        0xa Periphery/CTimerD.o
                0x00006078                _ZN7CTimerD9SetPeriodEj
 .text._ZN7CTimerD8SetCOMPAEj
                0x00006082        0xa Periphery/CTimerD.o
                0x00006082                _ZN7CTimerD8SetCOMPAEj
 .text._ZN7CTimerD8SetCOMPBEj
                0x0000608c        0xa Periphery/CTimerD.o
                0x0000608c                _ZN7CTimerD8SetCOMPBEj
 .text._ZN7CTimerD8SetCOMPCEj
                0x00006096        0xa Periphery/CTimerD.o
                0x00006096                _ZN7CTimerD8SetCOMPCEj
 .text._ZN7CTimerD8SetCOMPDEj
                0x000060a0        0xa Periphery/CTimerD.o
                0x000060a0                _ZN7CTimerD8SetCOMPDEj
 .text._ZN7CTimerD14SetOVFCallbackEPFvPvES0_17TC_OVFINTLVL_enum
                0x000060aa       0x22 Periphery/CTimerD.o
                0x000060aa                _ZN7CTimerD14SetOVFCallbackEPFvPvES0_17TC_OVFINTLVL_enum
 .text._ZN7CTimerD14SetERRCallbackEPFvPvES0_17TC_ERRINTLVL_enum
                0x000060cc       0x22 Periphery/CTimerD.o
                0x000060cc                _ZN7CTimerD14SetERRCallbackEPFvPvES0_17TC_ERRINTLVL_enum
 .text._ZN7CTimerD16SetCOMPACallbackEPFvPvES0_17TC_CCAINTLVL_enum
                0x000060ee       0x22 Periphery/CTimerD.o
                0x000060ee                _ZN7CTimerD16SetCOMPACallbackEPFvPvES0_17TC_CCAINTLVL_enum
 .text._ZN7CTimerD16SetCOMPBCallbackEPFvPvES0_17TC_CCBINTLVL_enum
                0x00006110       0x22 Periphery/CTimerD.o
                0x00006110                _ZN7CTimerD16SetCOMPBCallbackEPFvPvES0_17TC_CCBINTLVL_enum
 .text._ZN7CTimerD16SetCOMPCCallbackEPFvPvES0_17TC_CCCINTLVL_enum
                0x00006132       0x22 Periphery/CTimerD.o
                0x00006132                _ZN7CTimerD16SetCOMPCCallbackEPFvPvES0_17TC_CCCINTLVL_enum
 .text._ZN7CTimerD16SetCOMPDCallbackEPFvPvES0_17TC_CCDINTLVL_enum
                0x00006154       0x22 Periphery/CTimerD.o
                0x00006154                _ZN7CTimerD16SetCOMPDCallbackEPFvPvES0_17TC_CCDINTLVL_enum
 .text._ZN7CTimerDC2Ev
                0x00006176       0x18 Periphery/CTimerD.o
                0x00006176                _ZN7CTimerDC1Ev
                0x00006176                _ZN7CTimerDC2Ev
 .text._ZN7CTimerDD2Ev
                0x0000618e       0x10 Periphery/CTimerD.o
                0x0000618e                _ZN7CTimerDD2Ev
                0x0000618e                _ZN7CTimerDD1Ev
 .text._ZN8CTimerD110InitializeE27TIMER_WAVEFORMGEN_MODE_ENUM22TIMER_CLOCKSELECT_ENUM
                0x0000619e       0x2e Periphery/CTimerD1.o
                0x0000619e                _ZN8CTimerD110InitializeE27TIMER_WAVEFORMGEN_MODE_ENUM22TIMER_CLOCKSELECT_ENUM
 .text._ZN8CTimerD15StartEj
                0x000061cc       0x1a Periphery/CTimerD1.o
                0x000061cc                _ZN8CTimerD15StartEj
 .text._ZN8CTimerD14StopEv
                0x000061e6       0x10 Periphery/CTimerD1.o
                0x000061e6                _ZN8CTimerD14StopEv
 .text._ZN8CTimerD15ResetEv
                0x000061f6       0x14 Periphery/CTimerD1.o
                0x000061f6                _ZN8CTimerD15ResetEv
 .text._ZN8CTimerD113EnableChannelE19TIMER_CHANNELS_ENUM
                0x0000620a        0xe Periphery/CTimerD1.o
                0x0000620a                _ZN8CTimerD113EnableChannelE19TIMER_CHANNELS_ENUM
 .text._ZN8CTimerD114DisableChannelE19TIMER_CHANNELS_ENUM
                0x00006218        0xe Periphery/CTimerD1.o
                0x00006218                _ZN8CTimerD114DisableChannelE19TIMER_CHANNELS_ENUM
 .text._ZN8CTimerD19SetPeriodEj
                0x00006226        0xa Periphery/CTimerD1.o
                0x00006226                _ZN8CTimerD19SetPeriodEj
 .text._ZN8CTimerD18SetCOMPAEj
                0x00006230        0xa Periphery/CTimerD1.o
                0x00006230                _ZN8CTimerD18SetCOMPAEj
 .text._ZN8CTimerD18SetCOMPBEj
                0x0000623a        0xa Periphery/CTimerD1.o
                0x0000623a                _ZN8CTimerD18SetCOMPBEj
 .text._ZN8CTimerD114SetOVFCallbackEPFvPvES0_17TC_OVFINTLVL_enum
                0x00006244       0x22 Periphery/CTimerD1.o
                0x00006244                _ZN8CTimerD114SetOVFCallbackEPFvPvES0_17TC_OVFINTLVL_enum
 .text._ZN8CTimerD114SetERRCallbackEPFvPvES0_17TC_ERRINTLVL_enum
                0x00006266       0x22 Periphery/CTimerD1.o
                0x00006266                _ZN8CTimerD114SetERRCallbackEPFvPvES0_17TC_ERRINTLVL_enum
 .text._ZN8CTimerD116SetCOMPACallbackEPFvPvES0_17TC_CCAINTLVL_enum
                0x00006288       0x22 Periphery/CTimerD1.o
                0x00006288                _ZN8CTimerD116SetCOMPACallbackEPFvPvES0_17TC_CCAINTLVL_enum
 .text._ZN8CTimerD116SetCOMPBCallbackEPFvPvES0_17TC_CCBINTLVL_enum
                0x000062aa       0x22 Periphery/CTimerD1.o
                0x000062aa                _ZN8CTimerD116SetCOMPBCallbackEPFvPvES0_17TC_CCBINTLVL_enum
 .text._ZN8CTimerD1C2Ev
                0x000062cc       0x18 Periphery/CTimerD1.o
                0x000062cc                _ZN8CTimerD1C2Ev
                0x000062cc                _ZN8CTimerD1C1Ev
 .text._ZN8CTimerD1D2Ev
                0x000062e4       0x10 Periphery/CTimerD1.o
                0x000062e4                _ZN8CTimerD1D2Ev
                0x000062e4                _ZN8CTimerD1D1Ev
 .text._ZN7CTimerF10InitializeE27TIMER_WAVEFORMGEN_MODE_ENUM22TIMER_CLOCKSELECT_ENUM
                0x000062f4       0x36 Periphery/CTimerF.o
                0x000062f4                _ZN7CTimerF10InitializeE27TIMER_WAVEFORMGEN_MODE_ENUM22TIMER_CLOCKSELECT_ENUM
 .text._ZN7CTimerF5StartEj
                0x0000632a       0x1a Periphery/CTimerF.o
                0x0000632a                _ZN7CTimerF5StartEj
 .text._ZN7CTimerF4StopEv
                0x00006344       0x10 Periphery/CTimerF.o
                0x00006344                _ZN7CTimerF4StopEv
 .text._ZN7CTimerF13EnableChannelE19TIMER_CHANNELS_ENUM
                0x00006354        0xc Periphery/CTimerF.o
                0x00006354                _ZN7CTimerF13EnableChannelE19TIMER_CHANNELS_ENUM
 .text._ZN7CTimerF14DisableChannelE19TIMER_CHANNELS_ENUM
                0x00006360        0xe Periphery/CTimerF.o
                0x00006360                _ZN7CTimerF14DisableChannelE19TIMER_CHANNELS_ENUM
 .text._ZN7CTimerF10ChannelSetE19TIMER_CHANNELS_ENUM
                0x0000636e       0x10 Periphery/CTimerF.o
                0x0000636e                _ZN7CTimerF10ChannelSetE19TIMER_CHANNELS_ENUM
 .text._ZN7CTimerF12ChannelResetE19TIMER_CHANNELS_ENUM
                0x0000637e       0x12 Periphery/CTimerF.o
                0x0000637e                _ZN7CTimerF12ChannelResetE19TIMER_CHANNELS_ENUM
 .text._ZN7CTimerF9SetPeriodEj
                0x00006390        0xa Periphery/CTimerF.o
                0x00006390                _ZN7CTimerF9SetPeriodEj
 .text._ZN7CTimerF8SetCOMPAEj
                0x0000639a        0xa Periphery/CTimerF.o
                0x0000639a                _ZN7CTimerF8SetCOMPAEj
 .text._ZN7CTimerF8SetCOMPBEj
                0x000063a4        0xa Periphery/CTimerF.o
                0x000063a4                _ZN7CTimerF8SetCOMPBEj
 .text._ZN7CTimerF8SetCOMPCEj
                0x000063ae        0xa Periphery/CTimerF.o
                0x000063ae                _ZN7CTimerF8SetCOMPCEj
 .text._ZN7CTimerF8SetCOMPDEj
                0x000063b8        0xa Periphery/CTimerF.o
                0x000063b8                _ZN7CTimerF8SetCOMPDEj
 .text._ZN7CTimerF14SetOVFCallbackEPFvPvES0_17TC_OVFINTLVL_enum
                0x000063c2       0x22 Periphery/CTimerF.o
                0x000063c2                _ZN7CTimerF14SetOVFCallbackEPFvPvES0_17TC_OVFINTLVL_enum
 .text._ZN7CTimerF14SetERRCallbackEPFvPvES0_17TC_ERRINTLVL_enum
                0x000063e4       0x22 Periphery/CTimerF.o
                0x000063e4                _ZN7CTimerF14SetERRCallbackEPFvPvES0_17TC_ERRINTLVL_enum
 .text._ZN7CTimerF16SetCOMPACallbackEPFvPvES0_17TC_CCAINTLVL_enum
                0x00006406       0x22 Periphery/CTimerF.o
                0x00006406                _ZN7CTimerF16SetCOMPACallbackEPFvPvES0_17TC_CCAINTLVL_enum
 .text._ZN7CTimerF16SetCOMPBCallbackEPFvPvES0_17TC_CCBINTLVL_enum
                0x00006428       0x22 Periphery/CTimerF.o
                0x00006428                _ZN7CTimerF16SetCOMPBCallbackEPFvPvES0_17TC_CCBINTLVL_enum
 .text._ZN7CTimerF16SetCOMPCCallbackEPFvPvES0_17TC_CCCINTLVL_enum
                0x0000644a       0x22 Periphery/CTimerF.o
                0x0000644a                _ZN7CTimerF16SetCOMPCCallbackEPFvPvES0_17TC_CCCINTLVL_enum
 .text._ZN7CTimerF16SetCOMPDCallbackEPFvPvES0_17TC_CCDINTLVL_enum
                0x0000646c       0x22 Periphery/CTimerF.o
                0x0000646c                _ZN7CTimerF16SetCOMPDCallbackEPFvPvES0_17TC_CCDINTLVL_enum
 .text._ZN7CTimerFC2Ev
                0x0000648e       0x18 Periphery/CTimerF.o
                0x0000648e                _ZN7CTimerFC2Ev
                0x0000648e                _ZN7CTimerFC1Ev
 .text._ZN7CTimerFD2Ev
                0x000064a6       0x10 Periphery/CTimerF.o
                0x000064a6                _ZN7CTimerFD2Ev
                0x000064a6                _ZN7CTimerFD1Ev
 .text.avr-libc.fplib
                0x000064b6        0xe c:/program files (x86)/atmel/studio/7.0/toolchain/avr8/avr8-gnu-toolchain/bin/../lib/gcc/avr/4.9.2/../../../../avr/lib/avrxmega6\libm.a(fixsfsi.o)
                0x000064b6                __fixsfsi
 .text.avr-libc.fplib
                0x000064c4       0x5e c:/program files (x86)/atmel/studio/7.0/toolchain/avr8/avr8-gnu-toolchain/bin/../lib/gcc/avr/4.9.2/../../../../avr/lib/avrxmega6\libm.a(fixunssfsi.o)
                0x000064c4                __fixunssfsi
 .text.avr-libc.fplib
                0x00006522       0x7a c:/program files (x86)/atmel/studio/7.0/toolchain/avr8/avr8-gnu-toolchain/bin/../lib/gcc/avr/4.9.2/../../../../avr/lib/avrxmega6\libm.a(floatsisf.o)
                0x00006522                __floatunsisf
                0x00006526                __floatsisf
 .text.avr-libc.fplib
                0x0000659c       0x44 c:/program files (x86)/atmel/studio/7.0/toolchain/avr8/avr8-gnu-toolchain/bin/../lib/gcc/avr/4.9.2/../../../../avr/lib/avrxmega6\libm.a(fp_split3.o)
                0x0000659c                __fp_split3
                0x000065ac                __fp_splitA
 .text.avr-libc.fplib
                0x000065e0        0xe c:/program files (x86)/atmel/studio/7.0/toolchain/avr8/avr8-gnu-toolchain/bin/../lib/gcc/avr/4.9.2/../../../../avr/lib/avrxmega6\libm.a(fp_zero.o)
                0x000065e0                __fp_zero
                0x000065e2                __fp_szero
 .text.avr-libc.fplib
                0x000065ee        0x8 c:/program files (x86)/atmel/studio/7.0/toolchain/avr8/avr8-gnu-toolchain/bin/../lib/gcc/avr/4.9.2/../../../../avr/lib/avrxmega6\libm.a(mulsf3.o)
                0x000065ee                __mulsf3
 .text.avr-libc.fplib
                0x000065f6       0xd2 c:/program files (x86)/atmel/studio/7.0/toolchain/avr8/avr8-gnu-toolchain/bin/../lib/gcc/avr/4.9.2/../../../../avr/lib/avrxmega6\libm.a(mulsf3x.o)
                0x00006614                __mulsf3x
                0x0000661a                __mulsf3_pse
 .text.avr-libc.fplib
                0x000066c8        0xc c:/program files (x86)/atmel/studio/7.0/toolchain/avr8/avr8-gnu-toolchain/bin/../lib/gcc/avr/4.9.2/../../../../avr/lib/avrxmega6\libm.a(fp_inf.o)
                0x000066c8                __fp_inf
 .text.avr-libc.fplib
                0x000066d4        0x6 c:/program files (x86)/atmel/studio/7.0/toolchain/avr8/avr8-gnu-toolchain/bin/../lib/gcc/avr/4.9.2/../../../../avr/lib/avrxmega6\libm.a(fp_nan.o)
                0x000066d4                __fp_nan
 .text.avr-libc.fplib
                0x000066da        0xe c:/program files (x86)/atmel/studio/7.0/toolchain/avr8/avr8-gnu-toolchain/bin/../lib/gcc/avr/4.9.2/../../../../avr/lib/avrxmega6\libm.a(fp_pscA.o)
                0x000066da                __fp_pscA
 .text.avr-libc.fplib
                0x000066e8        0xe c:/program files (x86)/atmel/studio/7.0/toolchain/avr8/avr8-gnu-toolchain/bin/../lib/gcc/avr/4.9.2/../../../../avr/lib/avrxmega6\libm.a(fp_pscB.o)
                0x000066e8                __fp_pscB
 .text.avr-libc.fplib
                0x000066f6       0x22 c:/program files (x86)/atmel/studio/7.0/toolchain/avr8/avr8-gnu-toolchain/bin/../lib/gcc/avr/4.9.2/../../../../avr/lib/avrxmega6\libm.a(fp_round.o)
                0x000066f6                __fp_round
 .text.libgcc.mul
                0x00006718       0x20 c:/program files (x86)/atmel/studio/7.0/toolchain/avr8/avr8-gnu-toolchain/bin/../lib/gcc/avr/4.9.2/avrxmega6\libgcc.a(_mulsi3.o)
                0x00006718                __mulsi3
 .text.libgcc.div
                0x00006738       0x28 c:/program files (x86)/atmel/studio/7.0/toolchain/avr8/avr8-gnu-toolchain/bin/../lib/gcc/avr/4.9.2/avrxmega6\libgcc.a(_udivmodhi4.o)
                0x00006738                __udivmodhi4
 .text.libgcc.div
                0x00006760       0x28 c:/program files (x86)/atmel/studio/7.0/toolchain/avr8/avr8-gnu-toolchain/bin/../lib/gcc/avr/4.9.2/avrxmega6\libgcc.a(_divmodhi4.o)
                0x00006760                _div
                0x00006760                __divmodhi4
 .text.libgcc.div
                0x00006788       0x44 c:/program files (x86)/atmel/studio/7.0/toolchain/avr8/avr8-gnu-toolchain/bin/../lib/gcc/avr/4.9.2/avrxmega6\libgcc.a(_udivmodsi4.o)
                0x00006788                __udivmodsi4
 .text.libgcc.div
                0x000067cc       0x2e c:/program files (x86)/atmel/studio/7.0/toolchain/avr8/avr8-gnu-toolchain/bin/../lib/gcc/avr/4.9.2/avrxmega6\libgcc.a(_divmodsi4.o)
                0x000067cc                __divmodsi4
 .text.libgcc.div
                0x000067fa       0x10 c:/program files (x86)/atmel/studio/7.0/toolchain/avr8/avr8-gnu-toolchain/bin/../lib/gcc/avr/4.9.2/avrxmega6\libgcc.a(_negsi2.o)
                0x000067fa                __negsi2
 .text.libgcc   0x0000680a       0x10 c:/program files (x86)/atmel/studio/7.0/toolchain/avr8/avr8-gnu-toolchain/bin/../lib/gcc/avr/4.9.2/avrxmega6\libgcc.a(_tablejump2.o)
                0x0000680a                __tablejump2__
 .text.libgcc.mul
                0x0000681a       0x1e c:/program files (x86)/atmel/studio/7.0/toolchain/avr8/avr8-gnu-toolchain/bin/../lib/gcc/avr/4.9.2/avrxmega6\libgcc.a(_umulhisi3.o)
                0x0000681a                __umulhisi3
 .text.libgcc.mul
                0x00006838       0x16 c:/program files (x86)/atmel/studio/7.0/toolchain/avr8/avr8-gnu-toolchain/bin/../lib/gcc/avr/4.9.2/avrxmega6\libgcc.a(_muluhisi3.o)
                0x00006838                __muluhisi3
 .text.avr-libc
                0x0000684e      0x25a c:/program files (x86)/atmel/studio/7.0/toolchain/avr8/avr8-gnu-toolchain/bin/../lib/gcc/avr/4.9.2/../../../../avr/lib/avrxmega6\libc.a(malloc.o)
                0x0000684e                malloc
                0x00006978                free
 .text.avr-libc
                0x00006aa8       0x12 c:/program files (x86)/atmel/studio/7.0/toolchain/avr8/avr8-gnu-toolchain/bin/../lib/gcc/avr/4.9.2/../../../../avr/lib/avrxmega6\libc.a(memcpy.o)
                0x00006aa8                memcpy
 .text.avr-libc
                0x00006aba        0xe c:/program files (x86)/atmel/studio/7.0/toolchain/avr8/avr8-gnu-toolchain/bin/../lib/gcc/avr/4.9.2/../../../../avr/lib/avrxmega6\libatxmega128a3u.a(eerd_dword.o)
                0x00006aba                eeprom_read_float
                0x00006aba                eeprom_read_dword
 .text.avr-libc
                0x00006ac8       0x10 c:/program files (x86)/atmel/studio/7.0/toolchain/avr8/avr8-gnu-toolchain/bin/../lib/gcc/avr/4.9.2/../../../../avr/lib/avrxmega6\libatxmega128a3u.a(eewr_dword.o)
                0x00006ac8                eeprom_write_dword
                0x00006ac8                eeprom_write_float
 .text.avr-libc
                0x00006ad8        0xa c:/program files (x86)/atmel/studio/7.0/toolchain/avr8/avr8-gnu-toolchain/bin/../lib/gcc/avr/4.9.2/../../../../avr/lib/avrxmega6\libatxmega128a3u.a(eewr_word.o)
                0x00006ad8                eeprom_write_word
 .text.avr-libc
                0x00006ae2       0x20 c:/program files (x86)/atmel/studio/7.0/toolchain/avr8/avr8-gnu-toolchain/bin/../lib/gcc/avr/4.9.2/../../../../avr/lib/avrxmega6\libatxmega128a3u.a(eerd_byte.o)
                0x00006ae2                eeprom_read_byte
                0x00006aea                eeprom_mapen
 .text.avr-libc
                0x00006b02       0x46 c:/program files (x86)/atmel/studio/7.0/toolchain/avr8/avr8-gnu-toolchain/bin/../lib/gcc/avr/4.9.2/../../../../avr/lib/avrxmega6\libatxmega128a3u.a(eewr_byte.o)
                0x00006b02                eeprom_write_byte
                0x00006b04                eeprom_write_r18
                0x00006b48                . = ALIGN (0x2)
 *(.fini9)
 .fini9         0x00006b48        0x0 c:/program files (x86)/atmel/studio/7.0/toolchain/avr8/avr8-gnu-toolchain/bin/../lib/gcc/avr/4.9.2/avrxmega6\libgcc.a(_exit.o)
                0x00006b48                _exit
                0x00006b48                exit
 *(.fini9)
 *(.fini8)
 *(.fini8)
 *(.fini7)
 *(.fini7)
 *(.fini6)
 .fini6         0x00006b48       0x20 c:/program files (x86)/atmel/studio/7.0/toolchain/avr8/avr8-gnu-toolchain/bin/../lib/gcc/avr/4.9.2/avrxmega6\libgcc.a(_dtors.o)
                0x00006b48                __do_global_dtors
 *(.fini6)
 *(.fini5)
 *(.fini5)
 *(.fini4)
 *(.fini4)
 *(.fini3)
 *(.fini3)
 *(.fini2)
 *(.fini2)
 *(.fini1)
 *(.fini1)
 *(.fini0)
 .fini0         0x00006b68        0x4 c:/program files (x86)/atmel/studio/7.0/toolchain/avr8/avr8-gnu-toolchain/bin/../lib/gcc/avr/4.9.2/avrxmega6\libgcc.a(_exit.o)
 *(.fini0)
                0x00006b6c                _etext = .

.data           0x00802000      0x38c load address 0x00006b6c
                0x00802000                PROVIDE (__data_start, .)
 *(.data)
 .data          0x00802000        0x6 c:/program files (x86)/atmel/studio/7.0/toolchain/avr8/avr8-gnu-toolchain/bin/../lib/gcc/avr/4.9.2/../../../../avr/lib/avrxmega6\libc.a(malloc.o)
                0x00802000                __malloc_heap_end
                0x00802002                __malloc_heap_start
                0x00802004                __malloc_margin
 *(.data*)
 .data._ZZN16CLaserControlApp7OnTimerEvE7millsec
                0x00802006        0x2 CLaserControlApp.o
 .data.EnergyTable
                0x00802008       0xdc CLaserControlApp.o
                0x00802008                EnergyTable
 .data.PowerTable
                0x008020e4       0xdc CLaserControlApp.o
                0x008020e4                PowerTable
 .data.TableNum
                0x008021c0       0x16 CLaserControlApp.o
                0x008021c0                TableNum
 .data.MaxDurationTable
                0x008021d6       0x16 CLaserControlApp.o
                0x008021d6                MaxDurationTable
 .data.MinDurationTable
                0x008021ec       0x16 CLaserControlApp.o
                0x008021ec                MinDurationTable
 .data.bscale_table
                0x00802202       0x20 Periphery/CDGUSUSART.o
                0x00802202                bscale_table
 .data.bsel_table
                0x00802222       0x20 Periphery/CDGUSUSART.o
                0x00802222                bsel_table
 *(.rodata)
 *(.rodata*)
 .rodata._ZTV16CLaserControlApp
                0x00802242       0x16 CLaserControlApp.o
                0x00802242                _ZTV16CLaserControlApp
 .rodata._ZTV6CTimer
                0x00802258       0x24 LaserLib/CTimer.o
                0x00802258                _ZTV6CTimer
 .rodata._ZTV7CTimer1
                0x0080227c       0x1e LaserLib/CTimer1.o
                0x0080227c                _ZTV7CTimer1
 .rodata._ZTV6CUSART
                0x0080229a       0x18 LaserLib/CUSART.o
                0x0080229a                _ZTV6CUSART
 .rodata._ZTV9CMBSender
                0x008022b2       0x16 MODBUS/CMBSender.o
                0x008022b2                _ZTV9CMBSender
 .rodata._ZTV10CDGUSUSART
                0x008022c8       0x18 Periphery/CDGUSUSART.o
                0x008022c8                _ZTV10CDGUSUSART
 .rodata._ZTV7CTimerC
                0x008022e0       0x24 Periphery/CTimerC.o
                0x008022e0                _ZTV7CTimerC
 .rodata._ZTV8CTimerC1
                0x00802304       0x1e Periphery/CTimerC1.o
                0x00802304                _ZTV8CTimerC1
 .rodata._ZTV7CTimerD
                0x00802322       0x24 Periphery/CTimerD.o
                0x00802322                _ZTV7CTimerD
 .rodata._ZTV8CTimerD1
                0x00802346       0x1e Periphery/CTimerD1.o
                0x00802346                _ZTV8CTimerD1
 .rodata._ZTV7CTimerF
                0x00802364       0x28 Periphery/CTimerF.o
                0x00802364                _ZTV7CTimerF
 *(.gnu.linkonce.d*)
                0x0080238c                . = ALIGN (0x2)
                0x0080238c                _edata = .
                0x0080238c                PROVIDE (__data_end, .)

.bss            0x0080238c      0x2c3
                0x0080238c                PROVIDE (__bss_start, .)
 *(.bss)
 *(.bss*)
 .bss._ZZN16CLaserControlApp6OnINT0EvE9isstarted
                0x0080238c        0x1 CLaserControlApp.o
 .bss.DatabaseStatusRegister
                0x0080238d        0x1 CLaserControlApp.o
                0x0080238d                DatabaseStatusRegister
 .bss.InterruptFuncTable
                0x0080238e       0xf6 LaserLib/intx128.o
                0x0080238e                InterruptFuncTable
 .bss.InterruptSenderTable
                0x00802484       0xf6 LaserLib/intx128.o
                0x00802484                InterruptSenderTable
 .bss._ZZ4mainE3prs
                0x0080257a        0x2 main.o
 .bss.temperature
                0x0080257c        0x2 main.o
                0x0080257c                temperature
 .bss.D18B20    0x0080257e        0x4 main.o
                0x0080257e                D18B20
 .bss.App       0x00802582       0x82 main.o
                0x00802582                App
 .bss.player    0x00802604        0x1 main.o
                0x00802604                player
 .bss.laserBoard
                0x00802605        0xa main.o
                0x00802605                laserBoard
 .bss.sender    0x0080260f       0x1d main.o
                0x0080260f                sender
 .bss.Database  0x0080262c        0x8 main.o
                0x0080262c                Database
 .bss.usart     0x00802634        0x2 main.o
                0x00802634                usart
 .bss.pwmtimer  0x00802636        0x3 main.o
                0x00802636                pwmtimer
 .bss.flowtimer
                0x00802639        0x3 main.o
                0x00802639                flowtimer
 .bss.laserTimer
                0x0080263c        0x3 main.o
                0x0080263c                laserTimer
 .bss.timeout   0x0080263f        0x3 main.o
                0x0080263f                timeout
 .bss.timer     0x00802642        0x3 main.o
                0x00802642                timer
 .bss.dacSPI    0x00802645        0x6 main.o
                0x00802645                dacSPI
 *(COMMON)
 COMMON         0x0080264b        0x4 c:/program files (x86)/atmel/studio/7.0/toolchain/avr8/avr8-gnu-toolchain/bin/../lib/gcc/avr/4.9.2/../../../../avr/lib/avrxmega6\libc.a(malloc.o)
                0x0080264b                __brkval
                0x0080264d                __flp
                0x0080264f                PROVIDE (__bss_end, .)
                0x00006b6c                __data_load_start = LOADADDR (.data)
                0x00006ef8                __data_load_end = (__data_load_start + SIZEOF (.data))

.noinit         0x0080264f        0x0
                [!provide]                PROVIDE (__noinit_start, .)
 *(.noinit*)
                [!provide]                PROVIDE (__noinit_end, .)
                0x0080264f                _end = .
                0x0080264f                PROVIDE (__heap_start, .)

.eeprom         0x00810000        0x0
 *(.eeprom*)
                0x00810000                __eeprom_end = .

.fuse
 *(.fuse)
 *(.lfuse)
 *(.hfuse)
 *(.efuse)

.lock
 *(.lock*)

.signature
 *(.signature*)

.user_signatures
 *(.user_signatures*)

.stab
 *(.stab)

.stabstr
 *(.stabstr)

.stab.excl
 *(.stab.excl)

.stab.exclstr
 *(.stab.exclstr)

.stab.index
 *(.stab.index)

.stab.indexstr
 *(.stab.indexstr)

.comment        0x00000000       0x30
 *(.comment)
 .comment       0x00000000       0x30 CDGUSDatabase.o
                                 0x31 (size before relaxing)
 .comment       0x00000030       0x31 CLaserControlApp.o
 .comment       0x00000030       0x31 DGUSGUI.o
 .comment       0x00000030       0x31 LaserLib/CSPI.o
 .comment       0x00000030       0x31 LaserLib/CTimer.o
 .comment       0x00000030       0x31 LaserLib/CTimer1.o
 .comment       0x00000030       0x31 LaserLib/CUSART.o
 .comment       0x00000030       0x31 LaserLib/intx128.o
 .comment       0x00000030       0x31 main.o
 .comment       0x00000030       0x31 MODBUS/CMBProtocol.o
 .comment       0x00000030       0x31 MODBUS/CMBSender.o
 .comment       0x00000030       0x31 Periphery/CDGUSUSART.o
 .comment       0x00000030       0x31 Periphery/CDS18B20.o
 .comment       0x00000030       0x31 Periphery/CLaserBoard.o
 .comment       0x00000030       0x31 Periphery/CSoundPlayer.o
 .comment       0x00000030       0x31 Periphery/CTimerC.o
 .comment       0x00000030       0x31 Periphery/CTimerC1.o
 .comment       0x00000030       0x31 Periphery/CTimerD.o
 .comment       0x00000030       0x31 Periphery/CTimerD1.o
 .comment       0x00000030       0x31 Periphery/CTimerF.o
 .comment       0x00000030       0x31 c:/program files (x86)/atmel/studio/7.0/toolchain/avr8/avr8-gnu-toolchain/bin/../lib/gcc/avr/4.9.2/../../../../avr/lib/avrxmega6\libc.a(malloc.o)

.note.gnu.avr.deviceinfo
                0x00000000       0x40
 .note.gnu.avr.deviceinfo
                0x00000000       0x40 c:/program files (x86)/atmel/studio/7.0/toolchain/avr8/avr8-gnu-toolchain/bin/../lib/gcc/avr/4.9.2/../../../../avr/lib/avrxmega6/crtatxmega128a3u.o

.note.gnu.build-id
 *(.note.gnu.build-id)

.debug
 *(.debug)

.line
 *(.line)

.debug_srcinfo
 *(.debug_srcinfo)

.debug_sfnames
 *(.debug_sfnames)

.debug_aranges  0x00000000      0xcb8
 *(.debug_aranges)
 .debug_aranges
                0x00000000       0x70 CDGUSDatabase.o
 .debug_aranges
                0x00000070      0x140 CLaserControlApp.o
 .debug_aranges
                0x000001b0       0x40 DGUSGUI.o
 .debug_aranges
                0x000001f0       0x58 LaserLib/CSPI.o
 .debug_aranges
                0x00000248       0x28 LaserLib/CTimer.o
 .debug_aranges
                0x00000270       0x28 LaserLib/CTimer1.o
 .debug_aranges
                0x00000298       0x28 LaserLib/CUSART.o
 .debug_aranges
                0x000002c0      0x348 LaserLib/intx128.o
 .debug_aranges
                0x00000608       0x40 main.o
 .debug_aranges
                0x00000648       0x58 MODBUS/CMBProtocol.o
 .debug_aranges
                0x000006a0       0xf8 MODBUS/CMBSender.o
 .debug_aranges
                0x00000798       0x78 Periphery/CDGUSUSART.o
 .debug_aranges
                0x00000810       0x58 Periphery/CDS18B20.o
 .debug_aranges
                0x00000868       0xc8 Periphery/CLaserBoard.o
 .debug_aranges
                0x00000930       0x60 Periphery/CSoundPlayer.o
 .debug_aranges
                0x00000990       0xa8 Periphery/CTimerC.o
 .debug_aranges
                0x00000a38       0x90 Periphery/CTimerC1.o
 .debug_aranges
                0x00000ac8       0xa8 Periphery/CTimerD.o
 .debug_aranges
                0x00000b70       0x90 Periphery/CTimerD1.o
 .debug_aranges
                0x00000c00       0xb8 Periphery/CTimerF.o

.debug_pubnames
 *(.debug_pubnames)

.debug_info     0x00000000    0x1838c
 *(.debug_info .gnu.linkonce.wi.*)
 .debug_info    0x00000000     0x3409 c:/program files (x86)/atmel/studio/7.0/toolchain/avr8/avr8-gnu-toolchain/bin/../lib/gcc/avr/4.9.2/../../../../avr/lib/avrxmega6/crtatxmega128a3u.o
 .debug_info    0x00003409      0x9f5 CDGUSDatabase.o
 .debug_info    0x00003dfe     0x4058 CLaserControlApp.o
 .debug_info    0x00007e56      0x20f DGUSGUI.o
 .debug_info    0x00008065      0x7ee LaserLib/CSPI.o
 .debug_info    0x00008853      0x6a3 LaserLib/CTimer.o
 .debug_info    0x00008ef6      0x5a8 LaserLib/CTimer1.o
 .debug_info    0x0000949e      0x606 LaserLib/CUSART.o
 .debug_info    0x00009aa4      0x91e LaserLib/intx128.o
 .debug_info    0x0000a3c2     0x2163 main.o
 .debug_info    0x0000c525      0x81e MODBUS/CMBProtocol.o
 .debug_info    0x0000cd43     0x12d1 MODBUS/CMBSender.o
 .debug_info    0x0000e014     0x1095 Periphery/CDGUSUSART.o
 .debug_info    0x0000f0a9      0x95e Periphery/CDS18B20.o
 .debug_info    0x0000fa07      0xf08 Periphery/CLaserBoard.o
 .debug_info    0x0001090f     0x139d Periphery/CSoundPlayer.o
 .debug_info    0x00011cac     0x15ac Periphery/CTimerC.o
 .debug_info    0x00013258     0x128d Periphery/CTimerC1.o
 .debug_info    0x000144e5     0x15ac Periphery/CTimerD.o
 .debug_info    0x00015a91     0x128d Periphery/CTimerD1.o
 .debug_info    0x00016d1e     0x166e Periphery/CTimerF.o

.debug_abbrev   0x00000000     0x660b
 *(.debug_abbrev)
 .debug_abbrev  0x00000000     0x3148 c:/program files (x86)/atmel/studio/7.0/toolchain/avr8/avr8-gnu-toolchain/bin/../lib/gcc/avr/4.9.2/../../../../avr/lib/avrxmega6/crtatxmega128a3u.o
 .debug_abbrev  0x00003148      0x2ce CDGUSDatabase.o
 .debug_abbrev  0x00003416      0x598 CLaserControlApp.o
 .debug_abbrev  0x000039ae      0x10d DGUSGUI.o
 .debug_abbrev  0x00003abb      0x2a7 LaserLib/CSPI.o
 .debug_abbrev  0x00003d62      0x182 LaserLib/CTimer.o
 .debug_abbrev  0x00003ee4      0x182 LaserLib/CTimer1.o
 .debug_abbrev  0x00004066      0x1ed LaserLib/CUSART.o
 .debug_abbrev  0x00004253       0x83 LaserLib/intx128.o
 .debug_abbrev  0x000042d6      0x3e0 main.o
 .debug_abbrev  0x000046b6      0x2b0 MODBUS/CMBProtocol.o
 .debug_abbrev  0x00004966      0x39b MODBUS/CMBSender.o
 .debug_abbrev  0x00004d01      0x2d9 Periphery/CDGUSUSART.o
 .debug_abbrev  0x00004fda      0x33c Periphery/CDS18B20.o
 .debug_abbrev  0x00005316      0x300 Periphery/CLaserBoard.o
 .debug_abbrev  0x00005616      0x2b9 Periphery/CSoundPlayer.o
 .debug_abbrev  0x000058cf      0x29c Periphery/CTimerC.o
 .debug_abbrev  0x00005b6b      0x2b4 Periphery/CTimerC1.o
 .debug_abbrev  0x00005e1f      0x29c Periphery/CTimerD.o
 .debug_abbrev  0x000060bb      0x2b4 Periphery/CTimerD1.o
 .debug_abbrev  0x0000636f      0x29c Periphery/CTimerF.o

.debug_line     0x00000000     0x6020
 *(.debug_line .debug_line.* .debug_line_end)
 .debug_line    0x00000000       0x1a c:/program files (x86)/atmel/studio/7.0/toolchain/avr8/avr8-gnu-toolchain/bin/../lib/gcc/avr/4.9.2/../../../../avr/lib/avrxmega6/crtatxmega128a3u.o
 .debug_line    0x0000001a      0x34e CDGUSDatabase.o
 .debug_line    0x00000368     0x1143 CLaserControlApp.o
 .debug_line    0x000014ab      0x11e DGUSGUI.o
 .debug_line    0x000015c9      0x2f4 LaserLib/CSPI.o
 .debug_line    0x000018bd      0x153 LaserLib/CTimer.o
 .debug_line    0x00001a10      0x155 LaserLib/CTimer1.o
 .debug_line    0x00001b65      0x145 LaserLib/CUSART.o
 .debug_line    0x00001caa     0x100e LaserLib/intx128.o
 .debug_line    0x00002cb8      0x50b main.o
 .debug_line    0x000031c3      0x490 MODBUS/CMBProtocol.o
 .debug_line    0x00003653      0x78d MODBUS/CMBSender.o
 .debug_line    0x00003de0      0x343 Periphery/CDGUSUSART.o
 .debug_line    0x00004123      0x403 Periphery/CDS18B20.o
 .debug_line    0x00004526      0x5a5 Periphery/CLaserBoard.o
 .debug_line    0x00004acb      0x340 Periphery/CSoundPlayer.o
 .debug_line    0x00004e0b      0x3bb Periphery/CTimerC.o
 .debug_line    0x000051c6      0x35b Periphery/CTimerC1.o
 .debug_line    0x00005521      0x3bb Periphery/CTimerD.o
 .debug_line    0x000058dc      0x35b Periphery/CTimerD1.o
 .debug_line    0x00005c37      0x3e9 Periphery/CTimerF.o

.debug_frame    0x00000000     0x39ec
 *(.debug_frame)
 .debug_frame   0x00000000      0x218 CDGUSDatabase.o
 .debug_frame   0x00000218      0x450 CLaserControlApp.o
 .debug_frame   0x00000668       0x8c DGUSGUI.o
 .debug_frame   0x000006f4       0xbc LaserLib/CSPI.o
 .debug_frame   0x000007b0       0x34 LaserLib/CTimer.o
 .debug_frame   0x000007e4       0x34 LaserLib/CTimer1.o
 .debug_frame   0x00000818       0x34 LaserLib/CUSART.o
 .debug_frame   0x0000084c     0x2324 LaserLib/intx128.o
 .debug_frame   0x00002b70       0x94 main.o
 .debug_frame   0x00002c04       0xf8 MODBUS/CMBProtocol.o
 .debug_frame   0x00002cfc      0x2dc MODBUS/CMBSender.o
 .debug_frame   0x00002fd8       0xe8 Periphery/CDGUSUSART.o
 .debug_frame   0x000030c0       0xd4 Periphery/CDS18B20.o
 .debug_frame   0x00003194      0x180 Periphery/CLaserBoard.o
 .debug_frame   0x00003314       0xd8 Periphery/CSoundPlayer.o
 .debug_frame   0x000033ec      0x140 Periphery/CTimerC.o
 .debug_frame   0x0000352c      0x110 Periphery/CTimerC1.o
 .debug_frame   0x0000363c      0x140 Periphery/CTimerD.o
 .debug_frame   0x0000377c      0x110 Periphery/CTimerD1.o
 .debug_frame   0x0000388c      0x160 Periphery/CTimerF.o

.debug_str      0x00000000     0x9391
 *(.debug_str)
 .debug_str     0x00000000     0x223b c:/program files (x86)/atmel/studio/7.0/toolchain/avr8/avr8-gnu-toolchain/bin/../lib/gcc/avr/4.9.2/../../../../avr/lib/avrxmega6/crtatxmega128a3u.o
 .debug_str     0x0000223b      0x5ef CDGUSDatabase.o
                                0x67e (size before relaxing)
 .debug_str     0x0000282a     0x1d3a CLaserControlApp.o
                               0x24cb (size before relaxing)
 .debug_str     0x00004564       0x24 DGUSGUI.o
                                0x258 (size before relaxing)
 .debug_str     0x00004588      0x1b5 LaserLib/CSPI.o
                                0x720 (size before relaxing)
 .debug_str     0x0000473d      0x4cb LaserLib/CTimer.o
                                0xa4b (size before relaxing)
 .debug_str     0x00004c08      0x269 LaserLib/CTimer1.o
                                0x8c5 (size before relaxing)
 .debug_str     0x00004e71      0x56b LaserLib/CUSART.o
                                0x7bd (size before relaxing)
 .debug_str     0x000053dc      0x4e2 LaserLib/intx128.o
                                0x6c8 (size before relaxing)
 .debug_str     0x000058be     0x124f main.o
                               0x261c (size before relaxing)
 .debug_str     0x00006b0d      0x2e0 MODBUS/CMBProtocol.o
                                0x560 (size before relaxing)
 .debug_str     0x00006ded      0x5e7 MODBUS/CMBSender.o
                                0xb4b (size before relaxing)
 .debug_str     0x000073d4      0xcd4 Periphery/CDGUSUSART.o
                               0x1676 (size before relaxing)
 .debug_str     0x000080a8       0x7d Periphery/CDS18B20.o
                                0x517 (size before relaxing)
 .debug_str     0x00008125      0x5b5 Periphery/CLaserBoard.o
                                0xce6 (size before relaxing)
 .debug_str     0x000086da      0x3a2 Periphery/CSoundPlayer.o
                                0xc2d (size before relaxing)
 .debug_str     0x00008a7c      0x263 Periphery/CTimerC.o
                               0x12a2 (size before relaxing)
 .debug_str     0x00008cdf      0x1db Periphery/CTimerC1.o
                               0x1151 (size before relaxing)
 .debug_str     0x00008eba      0x109 Periphery/CTimerD.o
                               0x12a2 (size before relaxing)
 .debug_str     0x00008fc3      0x205 Periphery/CTimerD1.o
                               0x1151 (size before relaxing)
 .debug_str     0x000091c8      0x1c9 Periphery/CTimerF.o
                               0x1318 (size before relaxing)

.debug_loc      0x00000000     0xab81
 *(.debug_loc)
 .debug_loc     0x00000000      0x8cf CDGUSDatabase.o
 .debug_loc     0x000008cf     0x14c7 CLaserControlApp.o
 .debug_loc     0x00001d96      0x2ad DGUSGUI.o
 .debug_loc     0x00002043      0x276 LaserLib/CSPI.o
 .debug_loc     0x000022b9     0x50e2 LaserLib/intx128.o
 .debug_loc     0x0000739b       0xab main.o
 .debug_loc     0x00007446      0x7ef MODBUS/CMBProtocol.o
 .debug_loc     0x00007c35      0xf70 MODBUS/CMBSender.o
 .debug_loc     0x00008ba5      0x210 Periphery/CDGUSUSART.o
 .debug_loc     0x00008db5      0x49a Periphery/CDS18B20.o
 .debug_loc     0x0000924f      0x532 Periphery/CLaserBoard.o
 .debug_loc     0x00009781      0x344 Periphery/CSoundPlayer.o
 .debug_loc     0x00009ac5      0x366 Periphery/CTimerC.o
 .debug_loc     0x00009e2b      0x2fe Periphery/CTimerC1.o
 .debug_loc     0x0000a129      0x366 Periphery/CTimerD.o
 .debug_loc     0x0000a48f      0x2fe Periphery/CTimerD1.o
 .debug_loc     0x0000a78d      0x3f4 Periphery/CTimerF.o

.debug_macinfo
 *(.debug_macinfo)

.debug_weaknames
 *(.debug_weaknames)

.debug_funcnames
 *(.debug_funcnames)

.debug_typenames
 *(.debug_typenames)

.debug_varnames
 *(.debug_varnames)

.debug_pubtypes
 *(.debug_pubtypes)

.debug_ranges   0x00000000      0xbc0
 *(.debug_ranges)
 .debug_ranges  0x00000000       0x60 CDGUSDatabase.o
 .debug_ranges  0x00000060      0x130 CLaserControlApp.o
 .debug_ranges  0x00000190       0x30 DGUSGUI.o
 .debug_ranges  0x000001c0       0x48 LaserLib/CSPI.o
 .debug_ranges  0x00000208       0x18 LaserLib/CTimer.o
 .debug_ranges  0x00000220       0x18 LaserLib/CTimer1.o
 .debug_ranges  0x00000238       0x18 LaserLib/CUSART.o
 .debug_ranges  0x00000250      0x338 LaserLib/intx128.o
 .debug_ranges  0x00000588       0x48 main.o
 .debug_ranges  0x000005d0       0x78 MODBUS/CMBProtocol.o
 .debug_ranges  0x00000648       0xe8 MODBUS/CMBSender.o
 .debug_ranges  0x00000730       0x68 Periphery/CDGUSUSART.o
 .debug_ranges  0x00000798       0x48 Periphery/CDS18B20.o
 .debug_ranges  0x000007e0       0xb8 Periphery/CLaserBoard.o
 .debug_ranges  0x00000898       0x50 Periphery/CSoundPlayer.o
 .debug_ranges  0x000008e8       0x98 Periphery/CTimerC.o
 .debug_ranges  0x00000980       0x80 Periphery/CTimerC1.o
 .debug_ranges  0x00000a00       0x98 Periphery/CTimerD.o
 .debug_ranges  0x00000a98       0x80 Periphery/CTimerD1.o
 .debug_ranges  0x00000b18       0xa8 Periphery/CTimerF.o

.debug_macro
 *(.debug_macro)
OUTPUT(ATxmegaLaserDiode.elf elf32-avr)
LOAD linker stubs
