Archive member included to satisfy reference by file (symbol)

c:/program files (x86)/atmel/studio/7.0/toolchain/avr8/avr8-gnu-toolchain/bin/../lib/gcc/avr/4.9.2/../../../../avr/lib/avrxmega6\libm.a(fixsfsi.o)
                              Periphery/CDS18B20.o (__fixsfsi)
c:/program files (x86)/atmel/studio/7.0/toolchain/avr8/avr8-gnu-toolchain/bin/../lib/gcc/avr/4.9.2/../../../../avr/lib/avrxmega6\libm.a(fixunssfsi.o)
                              c:/program files (x86)/atmel/studio/7.0/toolchain/avr8/avr8-gnu-toolchain/bin/../lib/gcc/avr/4.9.2/../../../../avr/lib/avrxmega6\libm.a(fixsfsi.o) (__fixunssfsi)
c:/program files (x86)/atmel/studio/7.0/toolchain/avr8/avr8-gnu-toolchain/bin/../lib/gcc/avr/4.9.2/../../../../avr/lib/avrxmega6\libm.a(floatsisf.o)
                              Periphery/CDS18B20.o (__floatsisf)
c:/program files (x86)/atmel/studio/7.0/toolchain/avr8/avr8-gnu-toolchain/bin/../lib/gcc/avr/4.9.2/../../../../avr/lib/avrxmega6\libm.a(fp_split3.o)
                              c:/program files (x86)/atmel/studio/7.0/toolchain/avr8/avr8-gnu-toolchain/bin/../lib/gcc/avr/4.9.2/../../../../avr/lib/avrxmega6\libm.a(fixunssfsi.o) (__fp_splitA)
c:/program files (x86)/atmel/studio/7.0/toolchain/avr8/avr8-gnu-toolchain/bin/../lib/gcc/avr/4.9.2/../../../../avr/lib/avrxmega6\libm.a(fp_zero.o)
                              c:/program files (x86)/atmel/studio/7.0/toolchain/avr8/avr8-gnu-toolchain/bin/../lib/gcc/avr/4.9.2/../../../../avr/lib/avrxmega6\libm.a(fixunssfsi.o) (__fp_zero)
c:/program files (x86)/atmel/studio/7.0/toolchain/avr8/avr8-gnu-toolchain/bin/../lib/gcc/avr/4.9.2/../../../../avr/lib/avrxmega6\libm.a(mulsf3.o)
                              Periphery/CDS18B20.o (__mulsf3)
c:/program files (x86)/atmel/studio/7.0/toolchain/avr8/avr8-gnu-toolchain/bin/../lib/gcc/avr/4.9.2/../../../../avr/lib/avrxmega6\libm.a(mulsf3x.o)
                              c:/program files (x86)/atmel/studio/7.0/toolchain/avr8/avr8-gnu-toolchain/bin/../lib/gcc/avr/4.9.2/../../../../avr/lib/avrxmega6\libm.a(mulsf3.o) (__mulsf3x)
c:/program files (x86)/atmel/studio/7.0/toolchain/avr8/avr8-gnu-toolchain/bin/../lib/gcc/avr/4.9.2/../../../../avr/lib/avrxmega6\libm.a(fp_inf.o)
                              c:/program files (x86)/atmel/studio/7.0/toolchain/avr8/avr8-gnu-toolchain/bin/../lib/gcc/avr/4.9.2/../../../../avr/lib/avrxmega6\libm.a(mulsf3x.o) (__fp_inf)
c:/program files (x86)/atmel/studio/7.0/toolchain/avr8/avr8-gnu-toolchain/bin/../lib/gcc/avr/4.9.2/../../../../avr/lib/avrxmega6\libm.a(fp_nan.o)
                              c:/program files (x86)/atmel/studio/7.0/toolchain/avr8/avr8-gnu-toolchain/bin/../lib/gcc/avr/4.9.2/../../../../avr/lib/avrxmega6\libm.a(mulsf3x.o) (__fp_nan)
c:/program files (x86)/atmel/studio/7.0/toolchain/avr8/avr8-gnu-toolchain/bin/../lib/gcc/avr/4.9.2/../../../../avr/lib/avrxmega6\libm.a(fp_pscA.o)
                              c:/program files (x86)/atmel/studio/7.0/toolchain/avr8/avr8-gnu-toolchain/bin/../lib/gcc/avr/4.9.2/../../../../avr/lib/avrxmega6\libm.a(mulsf3x.o) (__fp_pscA)
c:/program files (x86)/atmel/studio/7.0/toolchain/avr8/avr8-gnu-toolchain/bin/../lib/gcc/avr/4.9.2/../../../../avr/lib/avrxmega6\libm.a(fp_pscB.o)
                              c:/program files (x86)/atmel/studio/7.0/toolchain/avr8/avr8-gnu-toolchain/bin/../lib/gcc/avr/4.9.2/../../../../avr/lib/avrxmega6\libm.a(mulsf3x.o) (__fp_pscB)
c:/program files (x86)/atmel/studio/7.0/toolchain/avr8/avr8-gnu-toolchain/bin/../lib/gcc/avr/4.9.2/../../../../avr/lib/avrxmega6\libm.a(fp_round.o)
                              c:/program files (x86)/atmel/studio/7.0/toolchain/avr8/avr8-gnu-toolchain/bin/../lib/gcc/avr/4.9.2/../../../../avr/lib/avrxmega6\libm.a(mulsf3.o) (__fp_round)
c:/program files (x86)/atmel/studio/7.0/toolchain/avr8/avr8-gnu-toolchain/bin/../lib/gcc/avr/4.9.2/avrxmega6\libgcc.a(_udivmodhi4.o)
                              CLaserControlApp.o (__udivmodhi4)
c:/program files (x86)/atmel/studio/7.0/toolchain/avr8/avr8-gnu-toolchain/bin/../lib/gcc/avr/4.9.2/avrxmega6\libgcc.a(_divmodhi4.o)
                              CLaserControlApp.o (__divmodhi4)
c:/program files (x86)/atmel/studio/7.0/toolchain/avr8/avr8-gnu-toolchain/bin/../lib/gcc/avr/4.9.2/avrxmega6\libgcc.a(_udivmodsi4.o)
                              CLaserControlApp.o (__udivmodsi4)
c:/program files (x86)/atmel/studio/7.0/toolchain/avr8/avr8-gnu-toolchain/bin/../lib/gcc/avr/4.9.2/avrxmega6\libgcc.a(_divmodsi4.o)
                              Periphery/CSoundPlayer.o (__divmodsi4)
c:/program files (x86)/atmel/studio/7.0/toolchain/avr8/avr8-gnu-toolchain/bin/../lib/gcc/avr/4.9.2/avrxmega6\libgcc.a(_negsi2.o)
                              c:/program files (x86)/atmel/studio/7.0/toolchain/avr8/avr8-gnu-toolchain/bin/../lib/gcc/avr/4.9.2/avrxmega6\libgcc.a(_divmodsi4.o) (__negsi2)
c:/program files (x86)/atmel/studio/7.0/toolchain/avr8/avr8-gnu-toolchain/bin/../lib/gcc/avr/4.9.2/avrxmega6\libgcc.a(_exit.o)
[...]
Memory Configuration

Name             Origin             Length             Attributes
text             0x00000000         0x00100000         xr
data             0x00802000         0x0000ffa0         rw !x
eeprom           0x00810000         0x00010000         rw !x
fuse             0x00820000         0x00000006         rw !x
lock             0x00830000         0x00000400         rw !x
signature        0x00840000         0x00000400         rw !x
user_signatures  0x00850000         0x00000400         rw !x
*default*        0x00000000         0xffffffff

Linker script and memory map

LOAD c:/program files (x86)/atmel/studio/7.0/toolchain/avr8/avr8-gnu-toolchain/bin/../lib/gcc/avr/4.9.2/../../../../avr/lib/avrxmega6/crtatxmega128a3u.o
LOAD CDGUSDatabase.o
LOAD CLaserControlApp.o
LOAD DGUSGUI.o
LOAD LaserLib/CSPI.o
LOAD LaserLib/CTimer.o
LOAD LaserLib/CTimer1.o
LOAD LaserLib/CUSART.o
LOAD LaserLib/intx128.o
LOAD main.o
LOAD MODBUS/CMBProtocol.o
LOAD MODBUS/CMBSender.o
LOAD Periphery/CDGUSUSART.o
LOAD Periphery/CDS18B20.o
LOAD Periphery/CLaserBoard.o
LOAD Periphery/CSoundPlayer.o
LOAD Periphery/CTimerC.o
LOAD Periphery/CTimerC1.o
LOAD Periphery/CTimerD.o
LOAD Periphery/CTimerD1.o
LOAD Periphery/CTimerF.o
START GROUP
LOAD c:/program files (x86)/atmel/studio/7.0/toolchain/avr8/avr8-gnu-toolchain/bin/../lib/gcc/avr/4.9.2/../../../../avr/lib/avrxmega6\libm.a
END GROUP
LOAD c:/program files (x86)/atmel/studio/7.0/toolchain/avr8/avr8-gnu-toolchain/bin/../lib/gcc/avr/4.9.2/avrxmega6\libgcc.a
LOAD c:/program files (x86)/atmel/studio/7.0/toolchain/avr8/avr8-gnu-toolchain/bin/../lib/gcc/avr/4.9.2/../../../../avr/lib/avrxmega6\libm.a
START GROUP
LOAD c:/program files (x86)/atmel/studio/7.0/toolchain/avr8/avr8-gnu-toolchain/bin/../lib/gcc/avr/4.9.2/avrxmega6\libgcc.a
LOAD c:/program files (x86)/atmel/studio/7.0/toolchain/avr8/avr8-gnu-toolchain/bin/../lib/gcc/avr/4.9.2/../../../../avr/lib/avrxmega6\libm.a
LOAD c:/program files (x86)/atmel/studio/7.0/toolchain/avr8/avr8-gnu-toolchain/bin/../lib/gcc/avr/4.9.2/../../../../avr/lib/avrxmega6\libc.a
LOAD c:/program files (x86)/atmel/studio/7.0/toolchain/avr8/avr8-gnu-toolchain/bin/../lib/gcc/avr/4.9.2/../../../../avr/lib/avrxmega6\libatxmega128a3u.a
END GROUP
                0x00100000                __TEXT_REGION_LENGTH__ = DEFINED (__TEXT_REGION_LENGTH__)?__TEXT_REGION_LENGTH__:0x100000
                0x0000ffa0                __DATA_REGION_LENGTH__ = DEFINED (__DATA_REGION_LENGTH__)?__DATA_REGION_LENGTH__:0xffa0
                0x00010000                __EEPROM_REGION_LENGTH__ = DEFINED (__EEPROM_REGION_LENGTH__)?__EEPROM_REGION_LENGTH__:0x10000
                [0x00000006]                __FUSE_REGION_LENGTH__ = DEFINED (__FUSE_REGION_LENGTH__)?__FUSE_REGION_LENGTH__:0x400
                0x00000400                __LOCK_REGION_LENGTH__ = DEFINED (__LOCK_REGION_LENGTH__)?__LOCK_REGION_LENGTH__:0x400
                0x00000400                __SIGNATURE_REGION_LENGTH__ = DEFINED (__SIGNATURE_REGION_LENGTH__)?__SIGNATURE_REGION_LENGTH__:0x400
                0x00000400                __USER_SIGNATURE_REGION_LENGTH__ = DEFINED (__USER_SIGNATURE_REGION_LENGTH__)?__USER_SIGNATURE_REGION_LENGTH__:0x400

.hash
 *(.hash)

.dynsym
 *(.dynsym)

.dynstr
 *(.dynstr)

.gnu.version
 *(.gnu.version)

.gnu.version_d
 *(.gnu.version_d)

.gnu.version_r
 *(.gnu.version_r)

.rel.init
 *(.rel.init)

.rela.init
 *(.rela.init)

.rel.text
 *(.rel.text)
 *(.rel.text.*)
 *(.rel.gnu.linkonce.t*)

.rela.text
 *(.rela.text)
 *(.rela.text.*)
 *(.rela.gnu.linkonce.t*)

.rel.fini
 *(.rel.fini)

.rela.fini
 *(.rela.fini)

.rel.rodata
 *(.rel.rodata)
 *(.rel.rodata.*)
 *(.rel.gnu.linkonce.r*)

.rela.rodata
 *(.rela.rodata)
 *(.rela.rodata.*)
 *(.rela.gnu.linkonce.r*)

.rel.data
 *(.rel.data)
 *(.rel.data.*)
 *(.rel.gnu.linkonce.d*)

.rela.data
 *(.rela.data)
 *(.rela.data.*)
 *(.rela.gnu.linkonce.d*)

.rel.ctors
 *(.rel.ctors)

.rela.ctors
 *(.rela.ctors)

.rel.dtors
 *(.rel.dtors)

.rela.dtors
 *(.rela.dtors)

.rel.got
 *(.rel.got)

.rela.got
 *(.rela.got)

.rel.bss
 *(.rel.bss)

.rela.bss
 *(.rela.bss)

.rel.plt
 *(.rel.plt)

.rela.plt
 *(.rela.plt)

.text           0x00000000     0x8386
 *(.vectors)
 .vectors       0x00000000      0x1fc c:/program files (x86)/atmel/studio/7.0/toolchain/avr8/avr8-gnu-toolchain/bin/../lib/gcc/avr/4.9.2/../../../../avr/lib/avrxmega6/crtatxmega128a3u.o
                0x00000000                __vector_default
                0x00000000                __vectors
 *(.vectors)
 *(.progmem.gcc*)
 .progmem.gcc_sw_table._ZN16CLaserControlApp18OnRegisterReceivedEhPhh
                0x000001fc       0x60 CLaserControlApp.o
 .progmem.gcc_sw_table._ZN16CLaserControlApp18OnVariableReceivedEjPjj
                0x0000025c       0x24 CLaserControlApp.o
 .progmem.gcc_sw_table._ZN9CMBSender13OnReceiveByteEh
                0x00000280       0x16 MODBUS/CMBSender.o
                0x00000296                . = ALIGN (0x2)
                0x00000296                __trampolines_start = .
 *(.trampolines)
 .trampolines   0x00000296      0x280 linker stubs
 *(.trampolines*)
                0x00000516                __trampolines_end = .
 *libprintf_flt.a:*(.progmem.data)
 *libc.a:*(.progmem.data)
 *(.progmem*)
                0x00000516                . = ALIGN (0x2)
 *(.jumptables)
 *(.jumptables*)
 *(.lowtext)
 *(.lowtext*)
                0x00000516                __ctors_start = .
 *(.ctors)
 .ctors         0x00000516        0x2 main.o
                0x00000518                __ctors_end = .
                0x00000518                __dtors_start = .
 *(.dtors)
 .dtors         0x00000518        0x2 main.o
                0x0000051a                __dtors_end = .
 SORT(*)(.ctors)
 SORT(*)(.dtors)
 *(.init0)
 .init0         0x0000051a        0x0 c:/program files (x86)/atmel/studio/7.0/toolchain/avr8/avr8-gnu-toolchain/bin/../lib/gcc/avr/4.9.2/../../../../avr/lib/avrxmega6/crtatxmega128a3u.o
                0x0000051a                __init
 *(.init0)
 *(.init1)
 *(.init1)
 *(.init2)
 .init2         0x0000051a       0x10 c:/program files (x86)/atmel/studio/7.0/toolchain/avr8/avr8-gnu-toolchain/bin/../lib/gcc/avr/4.9.2/../../../../avr/lib/avrxmega6/crtatxmega128a3u.o
 *(.init2)
 *(.init3)
 *(.init3)
 *(.init4)
 .init4         0x0000052a       0x1a c:/program files (x86)/atmel/studio/7.0/toolchain/avr8/avr8-gnu-toolchain/bin/../lib/gcc/avr/4.9.2/avrxmega6\libgcc.a(_copy_data.o)
                0x0000052a                __do_copy_data
 .init4         0x00000544       0x10 c:/program files (x86)/atmel/studio/7.0/toolchain/avr8/avr8-gnu-toolchain/bin/../lib/gcc/avr/4.9.2/avrxmega6\libgcc.a(_clear_bss.o)
                0x00000544                __do_clear_bss
 *(.init4)
 *(.init5)
 *(.init5)
 *(.init6)
 .init6         0x00000554       0x20 c:/program files (x86)/atmel/studio/7.0/toolchain/avr8/avr8-gnu-toolchain/bin/../lib/gcc/avr/4.9.2/avrxmega6\libgcc.a(_ctors.o)
                0x00000554                __do_global_ctors
 *(.init6)
 *(.init7)
 *(.init7)
 *(.init8)
 *(.init8)
 *(.init9)
 .init9         0x00000574        0x8 c:/program files (x86)/atmel/studio/7.0/toolchain/avr8/avr8-gnu-toolchain/bin/../lib/gcc/avr/4.9.2/../../../../avr/lib/avrxmega6/crtatxmega128a3u.o
 *(.init9)
 *(.text)
 .text          0x0000057c        0x4 c:/program files (x86)/atmel/studio/7.0/toolchain/avr8/avr8-gnu-toolchain/bin/../lib/gcc/avr/4.9.2/../../../../avr/lib/avrxmega6/crtatxmega128a3u.o
                0x0000057c                __vector_75
                0x0000057c                __vector_102
                0x0000057c                __bad_interrupt
                0x0000057c                __vector_122
                0x0000057c                __vector_114
                0x0000057c                __vector_117
                0x0000057c                __vector_107
                0x0000057c                __vector_98
                0x0000057c                __vector_99
                0x0000057c                __vector_125
                0x0000057c                __vector_123
                0x0000057c                __vector_100
                0x0000057c                __vector_101
                0x0000057c                __vector_76
                0x0000057c                __vector_115
                0x0000057c                __vector_95
                0x0000057c                __vector_103
                0x0000057c                __vector_96
                0x0000057c                __vector_106
                0x0000057c                __vector_118
                0x0000057c                __vector_94
                0x0000057c                __vector_126
                0x0000057c                __vector_124
                0x0000057c                __vector_116
                0x0000057c                __vector_97
                0x00000580                . = ALIGN (0x2)
 *(.text.*)
 .text._ZN13CDGUSDatabaseC2Ev
                0x00000580        0x2 CDGUSDatabase.o
                0x00000580                _ZN13CDGUSDatabaseC2Ev
                0x00000580                _ZN13CDGUSDatabaseC1Ev
 .text._ZN13CDGUSDatabaseD2Ev
                0x00000582        0x2 CDGUSDatabase.o
                0x00000582                _ZN13CDGUSDatabaseD2Ev
                0x00000582                _ZN13CDGUSDatabaseD1Ev
 .text._ZN13CDGUSDatabase10InitializeEP9CMBSenderj
                0x00000584       0x18 CDGUSDatabase.o
                0x00000584                _ZN13CDGUSDatabase10InitializeEP9CMBSenderj
 .text._ZN13CDGUSDatabase18MapDatabaseToWriteEjmj
                0x0000059c       0xca CDGUSDatabase.o
                0x0000059c                _ZN13CDGUSDatabase18MapDatabaseToWriteEjmj
 .text._ZN13CDGUSDatabase17MapDatabaseToReadEjmj
                0x00000666       0xca CDGUSDatabase.o
                0x00000666                _ZN13CDGUSDatabase17MapDatabaseToReadEjmj
 .text._ZN13CDGUSDatabase5UnMapEv
                0x00000730       0x3c CDGUSDatabase.o
                0x00000730                _ZN13CDGUSDatabase5UnMapEv
 .text._ZN16CLaserControlApp21OnTransactionCallbackEPhj
                0x0000076c        0x2 CLaserControlApp.o
                0x0000076c                _ZN16CLaserControlApp21OnTransactionCallbackEPhj
 .text._ZN16CLaserControlApp18OnRegisterReceivedEhPhh
                0x0000076e      0x150 CLaserControlApp.o
                0x0000076e                _ZN16CLaserControlApp18OnRegisterReceivedEhPhh
 .text._ZN16CLaserControlApp18OnLaserTimerStaticEPv
                0x000008be        0x2 CLaserControlApp.o
                0x000008be                _ZN16CLaserControlApp18OnLaserTimerStaticEPv
 .text._ZN16CLaserControlApp18OnVariableReceivedEjPjj
                0x000008c0      0x19c CLaserControlApp.o
                0x000008c0                _ZN16CLaserControlApp18OnVariableReceivedEjPjj
 .text._Z13NormalizeStepRjS_S_jPj
                0x00000a5c       0x98 CLaserControlApp.o
                0x00000a5c                _Z13NormalizeStepRjS_S_jPj
 .text._ZN16CLaserControlAppC2Ev
                0x00000af4        0xc CLaserControlApp.o
                0x00000af4                _ZN16CLaserControlAppC2Ev
                0x00000af4                _ZN16CLaserControlAppC1Ev
 .text._ZN16CLaserControlAppD2Ev
                0x00000b00       0x10 CLaserControlApp.o
                0x00000b00                _ZN16CLaserControlAppD2Ev
                0x00000b00                _ZN16CLaserControlAppD1Ev
 .text._ZN16CLaserControlApp18SetLaserDiodePowerEv
                0x00000b10       0x70 CLaserControlApp.o
                0x00000b10                _ZN16CLaserControlApp18SetLaserDiodePowerEv
 .text._ZN16CLaserControlApp11GetVariableEjj
                0x00000b80       0x28 CLaserControlApp.o
                0x00000b80                _ZN16CLaserControlApp11GetVariableEjj
 .text._ZN16CLaserControlApp11SetVariableEjPjj
                0x00000ba8       0x20 CLaserControlApp.o
                0x00000ba8                _ZN16CLaserControlApp11SetVariableEjPjj
 .text._ZN16CLaserControlApp12SetPictureIdEj
                0x00000bc8       0x4c CLaserControlApp.o
                0x00000bc8                _ZN16CLaserControlApp12SetPictureIdEj
 .text._ZN16CLaserControlApp13OnPWMTimerOVFEv
                0x00000c14       0x12 CLaserControlApp.o
                0x00000c14                _ZN16CLaserControlApp13OnPWMTimerOVFEv
 .text._ZN16CLaserControlApp13OnPWMTimerCMPEv
                0x00000c26       0x12 CLaserControlApp.o
                0x00000c26                _ZN16CLaserControlApp13OnPWMTimerCMPEv
 .text._ZN16CLaserControlApp19OnPWMTimerOVFStaticEPv
                0x00000c38        0x6 CLaserControlApp.o
                0x00000c38                _ZN16CLaserControlApp19OnPWMTimerOVFStaticEPv
 .text._ZN16CLaserControlApp19OnPWMTimerCMPStaticEPv
                0x00000c3e        0x6 CLaserControlApp.o
                0x00000c3e                _ZN16CLaserControlApp19OnPWMTimerCMPStaticEPv
 .text._ZN16CLaserControlApp19OnPWMTimerREDStaticEPv
                0x00000c44        0x2 CLaserControlApp.o
                0x00000c44                _ZN16CLaserControlApp19OnPWMTimerREDStaticEPv
 .text._ZN16CLaserControlApp19OnPWMTimerGRNStaticEPv
                0x00000c46        0x2 CLaserControlApp.o
                0x00000c46                _ZN16CLaserControlApp19OnPWMTimerGRNStaticEPv
 .text._ZN16CLaserControlApp19OnPWMTimerBLUStaticEPv
                0x00000c48        0x2 CLaserControlApp.o
                0x00000c48                _ZN16CLaserControlApp19OnPWMTimerBLUStaticEPv
 .text._ZN16CLaserControlApp12UpdateLimitsEjjj16APP_PROFILE_ENUM
                0x00000c4a      0x24a CLaserControlApp.o
                0x00000c4a                _ZN16CLaserControlApp12UpdateLimitsEjjj16APP_PROFILE_ENUM
 .text._ZN16CLaserControlApp11CheckLimitsERjS0_S0_16APP_PROFILE_ENUM
                0x00000e94      0x468 CLaserControlApp.o
                0x00000e94                _ZN16CLaserControlApp11CheckLimitsERjS0_S0_16APP_PROFILE_ENUM
 .text._ZN16CLaserControlApp22CalculateDurationStepsERjS0_
                0x000012fc       0xfa CLaserControlApp.o
                0x000012fc                _ZN16CLaserControlApp22CalculateDurationStepsERjS0_
 .text._ZN16CLaserControlApp20CalculateEnergyStepsERjS0_
                0x000013f6       0xe0 CLaserControlApp.o
                0x000013f6                _ZN16CLaserControlApp20CalculateEnergyStepsERjS0_
 .text._ZN16CLaserControlApp17CalculateAllStepsERjS0_16APP_PROFILE_ENUM
                0x000014d6      0x242 CLaserControlApp.o
                0x000014d6                _ZN16CLaserControlApp17CalculateAllStepsERjS0_16APP_PROFILE_ENUM
 .text._ZN16CLaserControlApp11LaserPresetERjS0_S0_16APP_PROFILE_ENUM
                0x00001718      0x1b6 CLaserControlApp.o
                0x00001718                _ZN16CLaserControlApp11LaserPresetERjS0_S0_16APP_PROFILE_ENUM
 .text._ZN16CLaserControlApp10FreqLimitsERj16APP_PROFILE_ENUM
                0x000018ce       0xc4 CLaserControlApp.o
                0x000018ce                _ZN16CLaserControlApp10FreqLimitsERj16APP_PROFILE_ENUM
 .text._ZN16CLaserControlApp19CheckLimitsFastModeERjS0_S0_
                0x00001992      0x18e CLaserControlApp.o
                0x00001992                _ZN16CLaserControlApp19CheckLimitsFastModeERjS0_S0_
 .text._ZN16CLaserControlApp22CalculateLaserSettingsEP24DGUS_LASERPROFILE_STRUCTP25DGUS_LASERSETTINGS_STRUCT
                0x00001b20      0x11e CLaserControlApp.o
                0x00001b20                _ZN16CLaserControlApp22CalculateLaserSettingsEP24DGUS_LASERPROFILE_STRUCTP25DGUS_LASERSETTINGS_STRUCT
 .text._ZN16CLaserControlApp13MelaninPresetEj
                0x00001c3e      0x18c CLaserControlApp.o
                0x00001c3e                _ZN16CLaserControlApp13MelaninPresetEj
 .text._ZN16CLaserControlApp15PhototypePresetEj
                0x00001dca      0x1a0 CLaserControlApp.o
                0x00001dca                _ZN16CLaserControlApp15PhototypePresetEj
 .text._ZN16CLaserControlApp10InitializeEP9CMBSender
                0x00001f6a      0x2fc CLaserControlApp.o
                0x00001f6a                _ZN16CLaserControlApp10InitializeEP9CMBSender
 .text._ZN16CLaserControlApp5StartEv
                0x00002266       0xd0 CLaserControlApp.o
                0x00002266                _ZN16CLaserControlApp5StartEv
 .text._ZN16CLaserControlApp32CalculateMultiPulseLaserSettingsEP24DGUS_LASERPROFILE_STRUCTP25DGUS_LASERSETTINGS_STRUCT
                0x00002336      0x140 CLaserControlApp.o
                0x00002336                _ZN16CLaserControlApp32CalculateMultiPulseLaserSettingsEP24DGUS_LASERPROFILE_STRUCTP25DGUS_LASERSETTINGS_STRUCT
 .text._ZN16CLaserControlApp7OnTimerEv
                0x00002476      0x2e4 CLaserControlApp.o
                0x00002476                _ZN16CLaserControlApp7OnTimerEv
 .text._ZN16CLaserControlApp13OnTimerStaticEPv
                0x0000275a        0x6 CLaserControlApp.o
                0x0000275a                _ZN16CLaserControlApp13OnTimerStaticEPv
 .text._ZN16CLaserControlApp9StopLaserEv
                0x00002760       0x2a CLaserControlApp.o
                0x00002760                _ZN16CLaserControlApp9StopLaserEv
 .text._ZN16CLaserControlApp3RunEv
                0x0000278a      0xd0e CLaserControlApp.o
                0x0000278a                _ZN16CLaserControlApp3RunEv
 .text._ZN16CLaserControlApp16OnLaserTimerStopEv
                0x00003498      0x2ae CLaserControlApp.o
                0x00003498                _ZN16CLaserControlApp16OnLaserTimerStopEv
 .text._ZN16CLaserControlApp22OnLaserTimerStopStaticEPv
                0x00003746        0x6 CLaserControlApp.o
                0x00003746                _ZN16CLaserControlApp22OnLaserTimerStopStaticEPv
 .text._ZN16CLaserControlApp10StartLaserEv
                0x0000374c       0xfc CLaserControlApp.o
                0x0000374c                _ZN16CLaserControlApp10StartLaserEv
 .text._ZN16CLaserControlApp6OnINT0Ev
                0x00003848       0xde CLaserControlApp.o
                0x00003848                _ZN16CLaserControlApp6OnINT0Ev
 .text._ZN16CLaserControlApp12OnINT0StaticEPv
                0x00003926        0x6 CLaserControlApp.o
                0x00003926                _ZN16CLaserControlApp12OnINT0StaticEPv
 .text._Z11ConvertDataPvS_jj
                0x0000392c       0x58 DGUSGUI.o
                0x0000392c                _Z11ConvertDataPvS_jj
 .text._Z3minjj
                0x00003984        0xa DGUSGUI.o
                0x00003984                _Z3minjj
 .text._Z3maxjj
                0x0000398e        0xa DGUSGUI.o
                0x0000398e                _Z3maxjj
 .text._Z4swapj
                0x00003998        0x8 DGUSGUI.o
                0x00003998                _Z4swapj
 .text._Z6swap32m
                0x000039a0        0x8 DGUSGUI.o
                0x000039a0                _Z6swap32m
 .text._ZN4CSPIC2Ev
                0x000039a8        0x2 LaserLib/CSPI.o
                0x000039a8                _ZN4CSPIC2Ev
                0x000039a8                _ZN4CSPIC1Ev
 .text._ZN4CSPID2Ev
                0x000039aa        0x2 LaserLib/CSPI.o
                0x000039aa                _ZN4CSPID2Ev
                0x000039aa                _ZN4CSPID1Ev
 .text._ZN4CSPI10InitializeEb19SPI_DATA_ORDER_ENUM13SPI_MODE_ENUMb18SPI_PRESCALER_enum
                0x000039ac       0x82 LaserLib/CSPI.o
                0x000039ac                _ZN4CSPI10InitializeEb19SPI_DATA_ORDER_ENUM13SPI_MODE_ENUMb18SPI_PRESCALER_enum
 .text._ZN4CSPI4SendEPhj
                0x00003a2e       0x40 LaserLib/CSPI.o
                0x00003a2e                _ZN4CSPI4SendEPhj
 .text._ZN4CSPI10OnTransmitEv
                0x00003a6e       0x30 LaserLib/CSPI.o
                0x00003a6e                _ZN4CSPI10OnTransmitEv
 .text._ZN4CSPI16StaticOnTransmitEPv
                0x00003a9e        0x6 LaserLib/CSPI.o
                0x00003a9e                _ZN4CSPI16StaticOnTransmitEPv
 .text._ZN6CTimerC2Ev
                0x00003aa4        0xc LaserLib/CTimer.o
                0x00003aa4                _ZN6CTimerC1Ev
                0x00003aa4                _ZN6CTimerC2Ev
 .text._ZN6CTimerD2Ev
                0x00003ab0        0x2 LaserLib/CTimer.o
                0x00003ab0                _ZN6CTimerD1Ev
                0x00003ab0                _ZN6CTimerD2Ev
 .text._ZN7CTimer1C2Ev
                0x00003ab2        0xc LaserLib/CTimer1.o
                0x00003ab2                _ZN7CTimer1C1Ev
                0x00003ab2                _ZN7CTimer1C2Ev
 .text._ZN7CTimer1D2Ev
                0x00003abe        0x2 LaserLib/CTimer1.o
                0x00003abe                _ZN7CTimer1D1Ev
                0x00003abe                _ZN7CTimer1D2Ev
 .text._ZN6CUSARTC2Ev
                0x00003ac0        0xc LaserLib/CUSART.o
                0x00003ac0                _ZN6CUSARTC2Ev
                0x00003ac0                _ZN6CUSARTC1Ev
 .text._ZN6CUSARTD2Ev
                0x00003acc        0x2 LaserLib/CUSART.o
                0x00003acc                _ZN6CUSARTD1Ev
                0x00003acc                _ZN6CUSARTD2Ev
 .text.__vector_1
                0x00003ace       0x62 LaserLib/intx128.o
                0x00003ace                __vector_1
 .text.__vector_2
                0x00003b30       0x62 LaserLib/intx128.o
                0x00003b30                __vector_2
 .text.__vector_3
                0x00003b92       0x62 LaserLib/intx128.o
                0x00003b92                __vector_3
 .text.__vector_4
                0x00003bf4       0x62 LaserLib/intx128.o
                0x00003bf4                __vector_4
 .text.__vector_5
                0x00003c56       0x62 LaserLib/intx128.o
                0x00003c56                __vector_5
 .text.__vector_6
                0x00003cb8       0x62 LaserLib/intx128.o
                0x00003cb8                __vector_6
 .text.__vector_7
                0x00003d1a       0x62 LaserLib/intx128.o
                0x00003d1a                __vector_7
 .text.__vector_8
                0x00003d7c       0x62 LaserLib/intx128.o
                0x00003d7c                __vector_8
 .text.__vector_9
                0x00003dde       0x62 LaserLib/intx128.o
                0x00003dde                __vector_9
 .text.__vector_10
                0x00003e40       0x62 LaserLib/intx128.o
                0x00003e40                __vector_10
 .text.__vector_11
                0x00003ea2       0x62 LaserLib/intx128.o
                0x00003ea2                __vector_11
 .text.__vector_12
                0x00003f04       0x62 LaserLib/intx128.o
                0x00003f04                __vector_12
 .text.__vector_13
                0x00003f66       0x62 LaserLib/intx128.o
                0x00003f66                __vector_13
 .text.__vector_14
                0x00003fc8       0x62 LaserLib/intx128.o
                0x00003fc8                __vector_14
 .text.__vector_15
                0x0000402a       0x62 LaserLib/intx128.o
                0x0000402a                __vector_15
 .text.__vector_16
                0x0000408c       0x62 LaserLib/intx128.o
                0x0000408c                __vector_16
 .text.__vector_17
                0x000040ee       0x62 LaserLib/intx128.o
                0x000040ee                __vector_17
 .text.__vector_18
                0x00004150       0x62 LaserLib/intx128.o
                0x00004150                __vector_18
 .text.__vector_19
                0x000041b2       0x62 LaserLib/intx128.o
                0x000041b2                __vector_19
 .text.__vector_20
                0x00004214       0x62 LaserLib/intx128.o
                0x00004214                __vector_20
 .text.__vector_21
                0x00004276       0x62 LaserLib/intx128.o
                0x00004276                __vector_21
 .text.__vector_22
                0x000042d8       0x62 LaserLib/intx128.o
                0x000042d8                __vector_22
 .text.__vector_23
                0x0000433a       0x62 LaserLib/intx128.o
                0x0000433a                __vector_23
 .text.__vector_24
                0x0000439c       0x62 LaserLib/intx128.o
                0x0000439c                __vector_24
 .text.__vector_25
                0x000043fe       0x62 LaserLib/intx128.o
                0x000043fe                __vector_25
 .text.__vector_26
                0x00004460       0x62 LaserLib/intx128.o
                0x00004460                __vector_26
 .text.__vector_27
                0x000044c2       0x62 LaserLib/intx128.o
                0x000044c2                __vector_27
 .text.__vector_28
                0x00004524       0x62 LaserLib/intx128.o
                0x00004524                __vector_28
 .text.__vector_29
                0x00004586       0x62 LaserLib/intx128.o
                0x00004586                __vector_29
 .text.__vector_30
                0x000045e8       0x62 LaserLib/intx128.o
                0x000045e8                __vector_30
 .text.__vector_31
                0x0000464a       0x62 LaserLib/intx128.o
                0x0000464a                __vector_31
 .text.__vector_32
                0x000046ac       0x62 LaserLib/intx128.o
                0x000046ac                __vector_32
 .text.__vector_33
                0x0000470e       0x62 LaserLib/intx128.o
                0x0000470e                __vector_33
 .text.__vector_34
                0x00004770       0x62 LaserLib/intx128.o
                0x00004770                __vector_34
 .text.__vector_35
                0x000047d2       0x62 LaserLib/intx128.o
                0x000047d2                __vector_35
 .text.__vector_36
                0x00004834       0x62 LaserLib/intx128.o
                0x00004834                __vector_36
 .text.__vector_37
                0x00004896       0x62 LaserLib/intx128.o
                0x00004896                __vector_37
 .text.__vector_38
                0x000048f8       0x62 LaserLib/intx128.o
                0x000048f8                __vector_38
 .text.__vector_39
                0x0000495a       0x62 LaserLib/intx128.o
                0x0000495a                __vector_39
 .text.__vector_40
                0x000049bc       0x62 LaserLib/intx128.o
                0x000049bc                __vector_40
 .text.__vector_41
                0x00004a1e       0x62 LaserLib/intx128.o
                0x00004a1e                __vector_41
 .text.__vector_42
                0x00004a80       0x62 LaserLib/intx128.o
                0x00004a80                __vector_42
 .text.__vector_43
                0x00004ae2       0x62 LaserLib/intx128.o
                0x00004ae2                __vector_43
 .text.__vector_44
                0x00004b44       0x62 LaserLib/intx128.o
                0x00004b44                __vector_44
 .text.__vector_45
                0x00004ba6       0x62 LaserLib/intx128.o
                0x00004ba6                __vector_45
 .text.__vector_46
                0x00004c08       0x62 LaserLib/intx128.o
                0x00004c08                __vector_46
 .text.__vector_47
                0x00004c6a       0x62 LaserLib/intx128.o
                0x00004c6a                __vector_47
 .text.__vector_48
                0x00004ccc       0x62 LaserLib/intx128.o
                0x00004ccc                __vector_48
 .text.__vector_49
                0x00004d2e       0x62 LaserLib/intx128.o
                0x00004d2e                __vector_49
 .text.__vector_50
                0x00004d90       0x62 LaserLib/intx128.o
                0x00004d90                __vector_50
 .text.__vector_51
                0x00004df2       0x62 LaserLib/intx128.o
                0x00004df2                __vector_51
 .text.__vector_52
                0x00004e54       0x62 LaserLib/intx128.o
                0x00004e54                __vector_52
 .text.__vector_53
                0x00004eb6       0x62 LaserLib/intx128.o
                0x00004eb6                __vector_53
 .text.__vector_54
                0x00004f18       0x62 LaserLib/intx128.o
                0x00004f18                __vector_54
 .text.__vector_55
                0x00004f7a       0x62 LaserLib/intx128.o
                0x00004f7a                __vector_55
 .text.__vector_56
                0x00004fdc       0x62 LaserLib/intx128.o
                0x00004fdc                __vector_56
 .text.__vector_57
                0x0000503e       0x62 LaserLib/intx128.o
                0x0000503e                __vector_57
 .text.__vector_58
                0x000050a0       0x62 LaserLib/intx128.o
                0x000050a0                __vector_58
 .text.__vector_59
                0x00005102       0x62 LaserLib/intx128.o
                0x00005102                __vector_59
 .text.__vector_60
                0x00005164       0x62 LaserLib/intx128.o
                0x00005164                __vector_60
 .text.__vector_61
                0x000051c6       0x62 LaserLib/intx128.o
                0x000051c6                __vector_61
 .text.__vector_62
                0x00005228       0x62 LaserLib/intx128.o
                0x00005228                __vector_62
 .text.__vector_63
                0x0000528a       0x62 LaserLib/intx128.o
                0x0000528a                __vector_63
 .text.__vector_64
                0x000052ec       0x62 LaserLib/intx128.o
                0x000052ec                __vector_64
 .text.__vector_65
                0x0000534e       0x62 LaserLib/intx128.o
                0x0000534e                __vector_65
 .text.__vector_66
                0x000053b0       0x62 LaserLib/intx128.o
                0x000053b0                __vector_66
 .text.__vector_67
                0x00005412       0x62 LaserLib/intx128.o
                0x00005412                __vector_67
 .text.__vector_68
                0x00005474       0x62 LaserLib/intx128.o
                0x00005474                __vector_68
 .text.__vector_69
                0x000054d6       0x62 LaserLib/intx128.o
                0x000054d6                __vector_69
 .text.__vector_70
                0x00005538       0x62 LaserLib/intx128.o
                0x00005538                __vector_70
 .text.__vector_71
                0x0000559a       0x62 LaserLib/intx128.o
                0x0000559a                __vector_71
 .text.__vector_72
                0x000055fc       0x62 LaserLib/intx128.o
                0x000055fc                __vector_72
 .text.__vector_73
                0x0000565e       0x62 LaserLib/intx128.o
                0x0000565e                __vector_73
 .text.__vector_74
                0x000056c0       0x62 LaserLib/intx128.o
                0x000056c0                __vector_74
 .text.__vector_77
                0x00005722       0x62 LaserLib/intx128.o
                0x00005722                __vector_77
 .text.__vector_78
                0x00005784       0x62 LaserLib/intx128.o
                0x00005784                __vector_78
 .text.__vector_79
                0x000057e6       0x62 LaserLib/intx128.o
                0x000057e6                __vector_79
 .text.__vector_80
                0x00005848       0x62 LaserLib/intx128.o
                0x00005848                __vector_80
 .text.__vector_81
                0x000058aa       0x62 LaserLib/intx128.o
                0x000058aa                __vector_81
 .text.__vector_82
                0x0000590c       0x62 LaserLib/intx128.o
                0x0000590c                __vector_82
 .text.__vector_83
                0x0000596e       0x62 LaserLib/intx128.o
                0x0000596e                __vector_83
 .text.__vector_84
                0x000059d0       0x62 LaserLib/intx128.o
                0x000059d0                __vector_84
 .text.__vector_85
                0x00005a32       0x62 LaserLib/intx128.o
                0x00005a32                __vector_85
 .text.__vector_86
                0x00005a94       0x62 LaserLib/intx128.o
                0x00005a94                __vector_86
 .text.__vector_87
                0x00005af6       0x62 LaserLib/intx128.o
                0x00005af6                __vector_87
 .text.__vector_88
                0x00005b58       0x62 LaserLib/intx128.o
                0x00005b58                __vector_88
 .text.__vector_89
                0x00005bba       0x62 LaserLib/intx128.o
                0x00005bba                __vector_89
 .text.__vector_90
                0x00005c1c       0x62 LaserLib/intx128.o
                0x00005c1c                __vector_90
 .text.__vector_91
                0x00005c7e       0x62 LaserLib/intx128.o
                0x00005c7e                __vector_91
 .text.__vector_92
                0x00005ce0       0x62 LaserLib/intx128.o
                0x00005ce0                __vector_92
 .text.__vector_93
                0x00005d42       0x62 LaserLib/intx128.o
                0x00005d42                __vector_93
 .text.__vector_104
                0x00005da4       0x62 LaserLib/intx128.o
                0x00005da4                __vector_104
 .text.__vector_105
                0x00005e06       0x62 LaserLib/intx128.o
                0x00005e06                __vector_105
 .text.__vector_108
                0x00005e68       0x62 LaserLib/intx128.o
                0x00005e68                __vector_108
 .text.__vector_109
                0x00005eca       0x62 LaserLib/intx128.o
                0x00005eca                __vector_109
 .text.__vector_110
                0x00005f2c       0x62 LaserLib/intx128.o
                0x00005f2c                __vector_110
 .text.__vector_111
                0x00005f8e       0x62 LaserLib/intx128.o
                0x00005f8e                __vector_111
 .text.__vector_112
                0x00005ff0       0x62 LaserLib/intx128.o
                0x00005ff0                __vector_112
 .text.__vector_113
                0x00006052       0x62 LaserLib/intx128.o
                0x00006052                __vector_113
 .text.__vector_119
                0x000060b4       0x62 LaserLib/intx128.o
                0x000060b4                __vector_119
 .text.__vector_120
                0x00006116       0x62 LaserLib/intx128.o
                0x00006116                __vector_120
 .text.__vector_121
                0x00006178       0x62 LaserLib/intx128.o
                0x00006178                __vector_121
 .text.__cxa_pure_virtual
                0x000061da        0x6 main.o
                0x000061da                __cxa_pure_virtual
 .text._GLOBAL__sub_I_dacSPI
                0x000061e0       0x6a main.o
 .text._GLOBAL__sub_D_dacSPI
                0x0000624a       0x6a main.o
 .text._Z16SystemInitializev
                0x000062b4      0x1f2 main.o
                0x000062b4                _Z16SystemInitializev
 .text.main     0x000064a6       0xe6 main.o
                0x000064a6                main
 .text._ZN16CMBEventsHandler13FillVarDataTxEjPjj
                0x0000658c      0x134 MODBUS/CMBProtocol.o
                0x0000658c                _ZN16CMBEventsHandler13FillVarDataTxEjPjj
 .text._ZN16CMBEventsHandler15AllocateBuffersEjj
                0x000066c0       0x36 MODBUS/CMBProtocol.o
                0x000066c0                _ZN16CMBEventsHandler15AllocateBuffersEjj
 .text._ZN16CMBEventsHandler11FreeBuffersEv
                0x000066f6       0x1c MODBUS/CMBProtocol.o
                0x000066f6                _ZN16CMBEventsHandler11FreeBuffersEv
 .text._ZN16CMBEventsHandler13FillRegDataRqEhh
                0x00006712       0xc0 MODBUS/CMBProtocol.o
                0x00006712                _ZN16CMBEventsHandler13FillRegDataRqEhh
 .text._ZN16CMBEventsHandler13FillVarDataRqEjj
                0x000067d2       0xca MODBUS/CMBProtocol.o
                0x000067d2                _ZN16CMBEventsHandler13FillVarDataRqEjj
 .text._ZN16CMBEventsHandler13FillRegDataTxEhPhh
                0x0000689c       0xd6 MODBUS/CMBProtocol.o
                0x0000689c                _ZN16CMBEventsHandler13FillRegDataTxEhPhh
 .text._ZN16CMBEventsHandlerD2Ev
                0x00006972        0x2 MODBUS/CMBProtocol.o
                0x00006972                _ZN16CMBEventsHandlerD2Ev
                0x00006972                _ZN16CMBEventsHandlerD1Ev
 .text._ZN9CMBSender18OnVariableReceivedEjPjj
                0x00006974       0x1e MODBUS/CMBSender.o
                0x00006974                _ZN9CMBSender18OnVariableReceivedEjPjj
 .text._ZN9CMBSender18OnRegisterReceivedEhPhh
                0x00006992       0x1e MODBUS/CMBSender.o
                0x00006992                _ZN9CMBSender18OnRegisterReceivedEhPhh
 .text._ZN9CMBSenderC2Ev
                0x000069b0        0xc MODBUS/CMBSender.o
                0x000069b0                _ZN9CMBSenderC2Ev
                0x000069b0                _ZN9CMBSenderC1Ev
 .text._ZN9CMBSender10InitializeEP7CTimer1P6CUSARTP16CMBEventsHandlerjjj
                0x000069bc       0xe2 MODBUS/CMBSender.o
                0x000069bc                _ZN9CMBSender10InitializeEP7CTimer1P6CUSARTP16CMBEventsHandlerjjj
 .text._ZN9CMBSenderD2Ev
                0x00006a9e       0x10 MODBUS/CMBSender.o
                0x00006a9e                _ZN9CMBSenderD1Ev
                0x00006a9e                _ZN9CMBSenderD2Ev
 .text._ZN9CMBSender13OnReceiveByteEh
                0x00006aae      0x192 MODBUS/CMBSender.o
                0x00006aae                _ZN9CMBSender13OnReceiveByteEh
 .text._ZN9CMBSender18OnUSARTRxInterruptEPv
                0x00006c40       0x26 MODBUS/CMBSender.o
                0x00006c40                _ZN9CMBSender18OnUSARTRxInterruptEPv
 .text._ZN9CMBSender9OnTimeoutEv
                0x00006c66       0x28 MODBUS/CMBSender.o
                0x00006c66                _ZN9CMBSender9OnTimeoutEv
 .text._ZN9CMBSender18OnTimeoutInterruptEPv
                0x00006c8e        0x6 MODBUS/CMBSender.o
                0x00006c8e                _ZN9CMBSender18OnTimeoutInterruptEPv
 .text._ZN9CMBSender19StartMODBUSListenerEv
                0x00006c94       0x32 MODBUS/CMBSender.o
                0x00006c94                _ZN9CMBSender19StartMODBUSListenerEv
 .text._ZN9CMBSender14OnTransmitByteEv
                0x00006cc6       0x92 MODBUS/CMBSender.o
                0x00006cc6                _ZN9CMBSender14OnTransmitByteEv
 .text._ZN9CMBSender18OnUSARTTxInterruptEPv
                0x00006d58        0x6 MODBUS/CMBSender.o
                0x00006d58                _ZN9CMBSender18OnUSARTTxInterruptEPv
 .text._ZN9CMBSender18WaitMODBUSListenerEv
                0x00006d5e       0x22 MODBUS/CMBSender.o
                0x00006d5e                _ZN9CMBSender18WaitMODBUSListenerEv
 .text._ZN9CMBSender22StartMODBUSTransmitterEv
                0x00006d80       0x2a MODBUS/CMBSender.o
                0x00006d80                _ZN9CMBSender22StartMODBUSTransmitterEv
 .text._ZN9CMBSender24WriteDataToRegisterAsyncEhPhh
                0x00006daa       0x1e MODBUS/CMBSender.o
                0x00006daa                _ZN9CMBSender24WriteDataToRegisterAsyncEhPhh
 .text._ZN9CMBSender20WriteDataToSRAMAsyncEjPjj
                0x00006dc8       0x1e MODBUS/CMBSender.o
                0x00006dc8                _ZN9CMBSender20WriteDataToSRAMAsyncEjPjj
 .text._ZN9CMBSender28RequestDataFromRegisterAsyncEhh
                0x00006de6       0x1e MODBUS/CMBSender.o
                0x00006de6                _ZN9CMBSender28RequestDataFromRegisterAsyncEhh
 .text._ZN9CMBSender24RequestDataFromSRAMAsyncEjh
                0x00006e04       0x20 MODBUS/CMBSender.o
                0x00006e04                _ZN9CMBSender24RequestDataFromSRAMAsyncEjh
 .text._ZN9CMBSender21WaitMODBUSTransmitterEv
                0x00006e24       0x22 MODBUS/CMBSender.o
                0x00006e24                _ZN9CMBSender21WaitMODBUSTransmitterEv
 .text._ZN9CMBSender30StartMODBUSRegisterTransactionEhh
                0x00006e46        0xc MODBUS/CMBSender.o
                0x00006e46                _ZN9CMBSender30StartMODBUSRegisterTransactionEhh
 .text._ZN9CMBSender30StartMODBUSVariableTransactionEjh
                0x00006e52        0xc MODBUS/CMBSender.o
                0x00006e52                _ZN9CMBSender30StartMODBUSVariableTransactionEjh
 .text._ZN9CMBSender18ProcessTransactionEPhj
                0x00006e5e       0x62 MODBUS/CMBSender.o
                0x00006e5e                _ZN9CMBSender18ProcessTransactionEPhj
 .text._ZN9CMBSender21OnTransactionCallbackEPhj
                0x00006ec0        0x6 MODBUS/CMBSender.o
                0x00006ec0                _ZN9CMBSender21OnTransactionCallbackEPhj
 .text._ZN10CDGUSUSART10InitializeE13BAUDRATE_ENUM11PARITY_ENUM12STOBITS_ENUMb
                0x00006ec6       0x76 Periphery/CDGUSUSART.o
                0x00006ec6                _ZN10CDGUSUSART10InitializeE13BAUDRATE_ENUM11PARITY_ENUM12STOBITS_ENUMb
 .text._ZN10CDGUSUSART15GetReceivedByteEv
                0x00006f3c        0x6 Periphery/CDGUSUSART.o
                0x00006f3c                _ZN10CDGUSUSART15GetReceivedByteEv
 .text._ZN10CDGUSUSART19SetTransmittingByteEh
                0x00006f42        0x6 Periphery/CDGUSUSART.o
                0x00006f42                _ZN10CDGUSUSART19SetTransmittingByteEh
 .text._ZN10CDGUSUSART14IsTransmittingEv
                0x00006f48       0x10 Periphery/CDGUSUSART.o
                0x00006f48                _ZN10CDGUSUSART14IsTransmittingEv
 .text._ZN10CDGUSUSART11IsReceivingEv
                0x00006f58        0xe Periphery/CDGUSUSART.o
                0x00006f58                _ZN10CDGUSUSART11IsReceivingEv
 .text._ZN10CDGUSUSART11IsDataEmptyEv
                0x00006f66       0x10 Periphery/CDGUSUSART.o
                0x00006f66                _ZN10CDGUSUSART11IsDataEmptyEv
 .text._ZN10CDGUSUSART25SetRxInterruptionCallbackEPvPFvS0_E
                0x00006f76       0x12 Periphery/CDGUSUSART.o
                0x00006f76                _ZN10CDGUSUSART25SetRxInterruptionCallbackEPvPFvS0_E
 .text._ZN10CDGUSUSART25SetTxInterruptionCallbackEPvPFvS0_E
                0x00006f88       0x12 Periphery/CDGUSUSART.o
                0x00006f88                _ZN10CDGUSUSART25SetTxInterruptionCallbackEPvPFvS0_E
 .text._ZN10CDGUSUSART12SetDMARxTrigEP13DMA_CH_struct
                0x00006f9a       0x12 Periphery/CDGUSUSART.o
                0x00006f9a                _ZN10CDGUSUSART12SetDMARxTrigEP13DMA_CH_struct
 .text._ZN10CDGUSUSART12SetDMATxTrigEP13DMA_CH_struct
                0x00006fac       0x12 Periphery/CDGUSUSART.o
                0x00006fac                _ZN10CDGUSUSART12SetDMATxTrigEP13DMA_CH_struct
 .text._ZN10CDGUSUSARTC2Ev
                0x00006fbe       0x18 Periphery/CDGUSUSART.o
                0x00006fbe                _ZN10CDGUSUSARTC1Ev
                0x00006fbe                _ZN10CDGUSUSARTC2Ev
 .text._ZN10CDGUSUSARTD2Ev
                0x00006fd6       0x10 Periphery/CDGUSUSART.o
                0x00006fd6                _ZN10CDGUSUSARTD2Ev
                0x00006fd6                _ZN10CDGUSUSARTD1Ev
 .text._Z18onewire_crc_updatehh
                0x00006fe6       0x1c Periphery/CDS18B20.o
                0x00006fe6                _Z18onewire_crc_updatehh
 .text._ZN8CDS18B20C2Ev
                0x00007002        0x2 Periphery/CDS18B20.o
                0x00007002                _ZN8CDS18B20C2Ev
                0x00007002                _ZN8CDS18B20C1Ev
 .text._ZN8CDS18B20D2Ev
                0x00007004        0x2 Periphery/CDS18B20.o
                0x00007004                _ZN8CDS18B20D1Ev
                0x00007004                _ZN8CDS18B20D2Ev
 .text._ZN8CDS18B207w1_findEv
                0x00007006       0x3a Periphery/CDS18B20.o
                0x00007006                _ZN8CDS18B207w1_findEv
 .text._ZN8CDS18B2010w1_sendcmdEh
                0x00007040       0x6e Periphery/CDS18B20.o
                0x00007040                _ZN8CDS18B2010w1_sendcmdEh
 .text._ZN8CDS18B2015w1_receive_byteEv
                0x000070ae       0x66 Periphery/CDS18B20.o
                0x000070ae                _ZN8CDS18B2015w1_receive_byteEv
 .text._ZN8CDS18B2010temp_18b20Ev
                0x00007114       0xee Periphery/CDS18B20.o
                0x00007114                _ZN8CDS18B2010temp_18b20Ev
 .text._ZN8CDS18B2010InitializeEv
                0x00007202       0x1e Periphery/CDS18B20.o
                0x00007202                _ZN8CDS18B2010InitializeEv
 .text._ZN11CLaserBoardC2Ev
                0x00007220        0x2 Periphery/CLaserBoard.o
                0x00007220                _ZN11CLaserBoardC1Ev
                0x00007220                _ZN11CLaserBoardC2Ev
 .text._ZN11CLaserBoardD2Ev
                0x00007222        0x2 Periphery/CLaserBoard.o
                0x00007222                _ZN11CLaserBoardD2Ev
                0x00007222                _ZN11CLaserBoardD1Ev
 .text._ZN11CLaserBoard12InitializeIOEv
                0x00007224       0xca Periphery/CLaserBoard.o
                0x00007224                _ZN11CLaserBoard12InitializeIOEv
 .text._ZN11CLaserBoard15InitializeClockEv
                0x000072ee       0x6a Periphery/CLaserBoard.o
                0x000072ee                _ZN11CLaserBoard15InitializeClockEv
 .text._ZN11CLaserBoard5PWMOnEv
                0x00007358        0x8 Periphery/CLaserBoard.o
                0x00007358                _ZN11CLaserBoard5PWMOnEv
 .text._ZN11CLaserBoard6PWMOffEv
                0x00007360        0x8 Periphery/CLaserBoard.o
                0x00007360                _ZN11CLaserBoard6PWMOffEv
 .text._ZN11CLaserBoard5REDOnEv
                0x00007368        0x8 Periphery/CLaserBoard.o
                0x00007368                _ZN11CLaserBoard5REDOnEv
 .text._ZN11CLaserBoard5GRNOnEv
                0x00007370        0x8 Periphery/CLaserBoard.o
                0x00007370                _ZN11CLaserBoard5GRNOnEv
 .text._ZN11CLaserBoard5BLUOnEv
                0x00007378        0x8 Periphery/CLaserBoard.o
                0x00007378                _ZN11CLaserBoard5BLUOnEv
 .text._ZN11CLaserBoard8Relay1OnEv
                0x00007380        0x8 Periphery/CLaserBoard.o
                0x00007380                _ZN11CLaserBoard8Relay1OnEv
 .text._ZN11CLaserBoard8Relay2OnEv
                0x00007388        0x8 Periphery/CLaserBoard.o
                0x00007388                _ZN11CLaserBoard8Relay2OnEv
 .text._ZN11CLaserBoard9Relay2OffEv
                0x00007390        0x8 Periphery/CLaserBoard.o
                0x00007390                _ZN11CLaserBoard9Relay2OffEv
 .text._ZN11CLaserBoard12LaserPowerOnEv
                0x00007398        0x8 Periphery/CLaserBoard.o
                0x00007398                _ZN11CLaserBoard12LaserPowerOnEv
 .text._ZN11CLaserBoard13LaserPowerOffEv
                0x000073a0        0x8 Periphery/CLaserBoard.o
                0x000073a0                _ZN11CLaserBoard13LaserPowerOffEv
 .text._ZN11CLaserBoard4BeepEv
                0x000073a8       0x30 Periphery/CLaserBoard.o
                0x000073a8                _ZN11CLaserBoard4BeepEv
 .text._ZN11CLaserBoard14BeepClassErrorEv
                0x000073d8       0x54 Periphery/CLaserBoard.o
                0x000073d8                _ZN11CLaserBoard14BeepClassErrorEv
 .text._ZN11CLaserBoard9PortCheckEv
                0x0000742c        0xa Periphery/CLaserBoard.o
                0x0000742c                _ZN11CLaserBoard9PortCheckEv
 .text._ZN11CLaserBoard10FootswitchEv
                0x00007436        0x8 Periphery/CLaserBoard.o
                0x00007436                _ZN11CLaserBoard10FootswitchEv
 .text._ZN12CSoundPlayerC2Ev
                0x0000743e        0x2 Periphery/CSoundPlayer.o
                0x0000743e                _ZN12CSoundPlayerC2Ev
                0x0000743e                _ZN12CSoundPlayerC1Ev
 .text._ZN12CSoundPlayerD2Ev
                0x00007440        0x2 Periphery/CSoundPlayer.o
                0x00007440                _ZN12CSoundPlayerD1Ev
                0x00007440                _ZN12CSoundPlayerD2Ev
 .text._ZN12CSoundPlayer19InitializeToneTimerEv
                0x00007442       0x22 Periphery/CSoundPlayer.o
                0x00007442                _ZN12CSoundPlayer19InitializeToneTimerEv
 .text._ZN12CSoundPlayer23InitializeDurationTimerEv
                0x00007464       0x18 Periphery/CSoundPlayer.o
                0x00007464                _ZN12CSoundPlayer23InitializeDurationTimerEv
 .text._ZN12CSoundPlayer10SoundStartEjjh
                0x0000747c       0x68 Periphery/CSoundPlayer.o
                0x0000747c                _ZN12CSoundPlayer10SoundStartEjjh
 .text._ZN12CSoundPlayer9SoundStopEv
                0x000074e4       0x3c Periphery/CSoundPlayer.o
                0x000074e4                _ZN12CSoundPlayer9SoundStopEv
 .text._ZN12CSoundPlayer10InitializeEv
                0x00007520       0x16 Periphery/CSoundPlayer.o
                0x00007520                _ZN12CSoundPlayer10InitializeEv
 .text._ZN7CTimerC10InitializeE27TIMER_WAVEFORMGEN_MODE_ENUM22TIMER_CLOCKSELECT_ENUM
                0x00007536       0x36 Periphery/CTimerC.o
                0x00007536                _ZN7CTimerC10InitializeE27TIMER_WAVEFORMGEN_MODE_ENUM22TIMER_CLOCKSELECT_ENUM
 .text._ZN7CTimerC5StartEj
                0x0000756c       0x1a Periphery/CTimerC.o
                0x0000756c                _ZN7CTimerC5StartEj
 .text._ZN7CTimerC4StopEv
                0x00007586       0x10 Periphery/CTimerC.o
                0x00007586                _ZN7CTimerC4StopEv
 .text._ZN7CTimerC13EnableChannelE19TIMER_CHANNELS_ENUM
                0x00007596        0xe Periphery/CTimerC.o
                0x00007596                _ZN7CTimerC13EnableChannelE19TIMER_CHANNELS_ENUM
 .text._ZN7CTimerC14DisableChannelE19TIMER_CHANNELS_ENUM
                0x000075a4        0xe Periphery/CTimerC.o
                0x000075a4                _ZN7CTimerC14DisableChannelE19TIMER_CHANNELS_ENUM
 .text._ZN7CTimerC9SetPeriodEj
                0x000075b2        0xa Periphery/CTimerC.o
                0x000075b2                _ZN7CTimerC9SetPeriodEj
 .text._ZN7CTimerC8SetCOMPAEj
                0x000075bc        0xa Periphery/CTimerC.o
                0x000075bc                _ZN7CTimerC8SetCOMPAEj
 .text._ZN7CTimerC8SetCOMPBEj
                0x000075c6        0xa Periphery/CTimerC.o
                0x000075c6                _ZN7CTimerC8SetCOMPBEj
 .text._ZN7CTimerC8SetCOMPCEj
                0x000075d0        0xa Periphery/CTimerC.o
                0x000075d0                _ZN7CTimerC8SetCOMPCEj
 .text._ZN7CTimerC8SetCOMPDEj
                0x000075da        0xa Periphery/CTimerC.o
                0x000075da                _ZN7CTimerC8SetCOMPDEj
 .text._ZN7CTimerC14SetOVFCallbackEPFvPvES0_17TC_OVFINTLVL_enum
                0x000075e4       0x22 Periphery/CTimerC.o
                0x000075e4                _ZN7CTimerC14SetOVFCallbackEPFvPvES0_17TC_OVFINTLVL_enum
 .text._ZN7CTimerC14SetERRCallbackEPFvPvES0_17TC_ERRINTLVL_enum
                0x00007606       0x22 Periphery/CTimerC.o
                0x00007606                _ZN7CTimerC14SetERRCallbackEPFvPvES0_17TC_ERRINTLVL_enum
 .text._ZN7CTimerC16SetCOMPACallbackEPFvPvES0_17TC_CCAINTLVL_enum
                0x00007628       0x22 Periphery/CTimerC.o
                0x00007628                _ZN7CTimerC16SetCOMPACallbackEPFvPvES0_17TC_CCAINTLVL_enum
 .text._ZN7CTimerC16SetCOMPBCallbackEPFvPvES0_17TC_CCBINTLVL_enum
                0x0000764a       0x22 Periphery/CTimerC.o
                0x0000764a                _ZN7CTimerC16SetCOMPBCallbackEPFvPvES0_17TC_CCBINTLVL_enum
 .text._ZN7CTimerC16SetCOMPCCallbackEPFvPvES0_17TC_CCCINTLVL_enum
                0x0000766c       0x22 Periphery/CTimerC.o
                0x0000766c                _ZN7CTimerC16SetCOMPCCallbackEPFvPvES0_17TC_CCCINTLVL_enum
 .text._ZN7CTimerC16SetCOMPDCallbackEPFvPvES0_17TC_CCDINTLVL_enum
                0x0000768e       0x22 Periphery/CTimerC.o
                0x0000768e                _ZN7CTimerC16SetCOMPDCallbackEPFvPvES0_17TC_CCDINTLVL_enum
 .text._ZN7CTimerCC2Ev
                0x000076b0       0x18 Periphery/CTimerC.o
                0x000076b0                _ZN7CTimerCC1Ev
                0x000076b0                _ZN7CTimerCC2Ev
 .text._ZN7CTimerCD2Ev
                0x000076c8       0x10 Periphery/CTimerC.o
                0x000076c8                _ZN7CTimerCD1Ev
                0x000076c8                _ZN7CTimerCD2Ev
 .text._ZN8CTimerC110InitializeE27TIMER_WAVEFORMGEN_MODE_ENUM22TIMER_CLOCKSELECT_ENUM
                0x000076d8       0x2e Periphery/CTimerC1.o
                0x000076d8                _ZN8CTimerC110InitializeE27TIMER_WAVEFORMGEN_MODE_ENUM22TIMER_CLOCKSELECT_ENUM
 .text._ZN8CTimerC15StartEj
                0x00007706       0x1a Periphery/CTimerC1.o
                0x00007706                _ZN8CTimerC15StartEj
 .text._ZN8CTimerC14StopEv
                0x00007720       0x10 Periphery/CTimerC1.o
                0x00007720                _ZN8CTimerC14StopEv
 .text._ZN8CTimerC15ResetEv
                0x00007730       0x14 Periphery/CTimerC1.o
                0x00007730                _ZN8CTimerC15ResetEv
 .text._ZN8CTimerC113EnableChannelE19TIMER_CHANNELS_ENUM
                0x00007744        0xe Periphery/CTimerC1.o
                0x00007744                _ZN8CTimerC113EnableChannelE19TIMER_CHANNELS_ENUM
 .text._ZN8CTimerC114DisableChannelE19TIMER_CHANNELS_ENUM
                0x00007752        0xe Periphery/CTimerC1.o
                0x00007752                _ZN8CTimerC114DisableChannelE19TIMER_CHANNELS_ENUM
 .text._ZN8CTimerC19SetPeriodEj
                0x00007760        0xa Periphery/CTimerC1.o
                0x00007760                _ZN8CTimerC19SetPeriodEj
 .text._ZN8CTimerC18SetCOMPAEj
                0x0000776a        0xa Periphery/CTimerC1.o
                0x0000776a                _ZN8CTimerC18SetCOMPAEj
 .text._ZN8CTimerC18SetCOMPBEj
                0x00007774        0xa Periphery/CTimerC1.o
                0x00007774                _ZN8CTimerC18SetCOMPBEj
 .text._ZN8CTimerC114SetOVFCallbackEPFvPvES0_17TC_OVFINTLVL_enum
                0x0000777e       0x24 Periphery/CTimerC1.o
                0x0000777e                _ZN8CTimerC114SetOVFCallbackEPFvPvES0_17TC_OVFINTLVL_enum
 .text._ZN8CTimerC114SetERRCallbackEPFvPvES0_17TC_ERRINTLVL_enum
                0x000077a2       0x24 Periphery/CTimerC1.o
                0x000077a2                _ZN8CTimerC114SetERRCallbackEPFvPvES0_17TC_ERRINTLVL_enum
 .text._ZN8CTimerC116SetCOMPACallbackEPFvPvES0_17TC_CCAINTLVL_enum
                0x000077c6       0x24 Periphery/CTimerC1.o
                0x000077c6                _ZN8CTimerC116SetCOMPACallbackEPFvPvES0_17TC_CCAINTLVL_enum
 .text._ZN8CTimerC116SetCOMPBCallbackEPFvPvES0_17TC_CCBINTLVL_enum
                0x000077ea       0x24 Periphery/CTimerC1.o
                0x000077ea                _ZN8CTimerC116SetCOMPBCallbackEPFvPvES0_17TC_CCBINTLVL_enum
 .text._ZN8CTimerC1C2Ev
                0x0000780e       0x18 Periphery/CTimerC1.o
                0x0000780e                _ZN8CTimerC1C2Ev
                0x0000780e                _ZN8CTimerC1C1Ev
 .text._ZN8CTimerC1D2Ev
                0x00007826       0x10 Periphery/CTimerC1.o
                0x00007826                _ZN8CTimerC1D2Ev
                0x00007826                _ZN8CTimerC1D1Ev
 .text._ZN7CTimerD10InitializeE27TIMER_WAVEFORMGEN_MODE_ENUM22TIMER_CLOCKSELECT_ENUM
                0x00007836       0x36 Periphery/CTimerD.o
                0x00007836                _ZN7CTimerD10InitializeE27TIMER_WAVEFORMGEN_MODE_ENUM22TIMER_CLOCKSELECT_ENUM
 .text._ZN7CTimerD5StartEj
                0x0000786c       0x1a Periphery/CTimerD.o
                0x0000786c                _ZN7CTimerD5StartEj
 .text._ZN7CTimerD4StopEv
                0x00007886       0x10 Periphery/CTimerD.o
                0x00007886                _ZN7CTimerD4StopEv
 .text._ZN7CTimerD13EnableChannelE19TIMER_CHANNELS_ENUM
                0x00007896        0xe Periphery/CTimerD.o
                0x00007896                _ZN7CTimerD13EnableChannelE19TIMER_CHANNELS_ENUM
 .text._ZN7CTimerD14DisableChannelE19TIMER_CHANNELS_ENUM
                0x000078a4        0xe Periphery/CTimerD.o
                0x000078a4                _ZN7CTimerD14DisableChannelE19TIMER_CHANNELS_ENUM
 .text._ZN7CTimerD9SetPeriodEj
                0x000078b2        0xa Periphery/CTimerD.o
                0x000078b2                _ZN7CTimerD9SetPeriodEj
 .text._ZN7CTimerD8SetCOMPAEj
                0x000078bc        0xa Periphery/CTimerD.o
                0x000078bc                _ZN7CTimerD8SetCOMPAEj
 .text._ZN7CTimerD8SetCOMPBEj
                0x000078c6        0xa Periphery/CTimerD.o
                0x000078c6                _ZN7CTimerD8SetCOMPBEj
 .text._ZN7CTimerD8SetCOMPCEj
                0x000078d0        0xa Periphery/CTimerD.o
                0x000078d0                _ZN7CTimerD8SetCOMPCEj
 .text._ZN7CTimerD8SetCOMPDEj
                0x000078da        0xa Periphery/CTimerD.o
                0x000078da                _ZN7CTimerD8SetCOMPDEj
 .text._ZN7CTimerD14SetOVFCallbackEPFvPvES0_17TC_OVFINTLVL_enum
                0x000078e4       0x22 Periphery/CTimerD.o
                0x000078e4                _ZN7CTimerD14SetOVFCallbackEPFvPvES0_17TC_OVFINTLVL_enum
 .text._ZN7CTimerD14SetERRCallbackEPFvPvES0_17TC_ERRINTLVL_enum
                0x00007906       0x22 Periphery/CTimerD.o
                0x00007906                _ZN7CTimerD14SetERRCallbackEPFvPvES0_17TC_ERRINTLVL_enum
 .text._ZN7CTimerD16SetCOMPACallbackEPFvPvES0_17TC_CCAINTLVL_enum
                0x00007928       0x22 Periphery/CTimerD.o
                0x00007928                _ZN7CTimerD16SetCOMPACallbackEPFvPvES0_17TC_CCAINTLVL_enum
 .text._ZN7CTimerD16SetCOMPBCallbackEPFvPvES0_17TC_CCBINTLVL_enum
                0x0000794a       0x22 Periphery/CTimerD.o
                0x0000794a                _ZN7CTimerD16SetCOMPBCallbackEPFvPvES0_17TC_CCBINTLVL_enum
 .text._ZN7CTimerD16SetCOMPCCallbackEPFvPvES0_17TC_CCCINTLVL_enum
                0x0000796c       0x22 Periphery/CTimerD.o
                0x0000796c                _ZN7CTimerD16SetCOMPCCallbackEPFvPvES0_17TC_CCCINTLVL_enum
 .text._ZN7CTimerD16SetCOMPDCallbackEPFvPvES0_17TC_CCDINTLVL_enum
                0x0000798e       0x22 Periphery/CTimerD.o
                0x0000798e                _ZN7CTimerD16SetCOMPDCallbackEPFvPvES0_17TC_CCDINTLVL_enum
 .text._ZN7CTimerDC2Ev
                0x000079b0       0x18 Periphery/CTimerD.o
                0x000079b0                _ZN7CTimerDC1Ev
                0x000079b0                _ZN7CTimerDC2Ev
 .text._ZN7CTimerDD2Ev
                0x000079c8       0x10 Periphery/CTimerD.o
                0x000079c8                _ZN7CTimerDD2Ev
                0x000079c8                _ZN7CTimerDD1Ev
 .text._ZN8CTimerD110InitializeE27TIMER_WAVEFORMGEN_MODE_ENUM22TIMER_CLOCKSELECT_ENUM
                0x000079d8       0x2e Periphery/CTimerD1.o
                0x000079d8                _ZN8CTimerD110InitializeE27TIMER_WAVEFORMGEN_MODE_ENUM22TIMER_CLOCKSELECT_ENUM
 .text._ZN8CTimerD15StartEj
                0x00007a06       0x1a Periphery/CTimerD1.o
                0x00007a06                _ZN8CTimerD15StartEj
 .text._ZN8CTimerD14StopEv
                0x00007a20       0x10 Periphery/CTimerD1.o
                0x00007a20                _ZN8CTimerD14StopEv
 .text._ZN8CTimerD15ResetEv
                0x00007a30       0x14 Periphery/CTimerD1.o
                0x00007a30                _ZN8CTimerD15ResetEv
 .text._ZN8CTimerD113EnableChannelE19TIMER_CHANNELS_ENUM
                0x00007a44        0xe Periphery/CTimerD1.o
                0x00007a44                _ZN8CTimerD113EnableChannelE19TIMER_CHANNELS_ENUM
 .text._ZN8CTimerD114DisableChannelE19TIMER_CHANNELS_ENUM
                0x00007a52        0xe Periphery/CTimerD1.o
                0x00007a52                _ZN8CTimerD114DisableChannelE19TIMER_CHANNELS_ENUM
 .text._ZN8CTimerD19SetPeriodEj
                0x00007a60        0xa Periphery/CTimerD1.o
                0x00007a60                _ZN8CTimerD19SetPeriodEj
 .text._ZN8CTimerD18SetCOMPAEj
                0x00007a6a        0xa Periphery/CTimerD1.o
                0x00007a6a                _ZN8CTimerD18SetCOMPAEj
 .text._ZN8CTimerD18SetCOMPBEj
                0x00007a74        0xa Periphery/CTimerD1.o
                0x00007a74                _ZN8CTimerD18SetCOMPBEj
 .text._ZN8CTimerD114SetOVFCallbackEPFvPvES0_17TC_OVFINTLVL_enum
                0x00007a7e       0x22 Periphery/CTimerD1.o
                0x00007a7e                _ZN8CTimerD114SetOVFCallbackEPFvPvES0_17TC_OVFINTLVL_enum
 .text._ZN8CTimerD114SetERRCallbackEPFvPvES0_17TC_ERRINTLVL_enum
                0x00007aa0       0x22 Periphery/CTimerD1.o
                0x00007aa0                _ZN8CTimerD114SetERRCallbackEPFvPvES0_17TC_ERRINTLVL_enum
 .text._ZN8CTimerD116SetCOMPACallbackEPFvPvES0_17TC_CCAINTLVL_enum
                0x00007ac2       0x22 Periphery/CTimerD1.o
                0x00007ac2                _ZN8CTimerD116SetCOMPACallbackEPFvPvES0_17TC_CCAINTLVL_enum
 .text._ZN8CTimerD116SetCOMPBCallbackEPFvPvES0_17TC_CCBINTLVL_enum
                0x00007ae4       0x22 Periphery/CTimerD1.o
                0x00007ae4                _ZN8CTimerD116SetCOMPBCallbackEPFvPvES0_17TC_CCBINTLVL_enum
 .text._ZN8CTimerD1C2Ev
                0x00007b06       0x18 Periphery/CTimerD1.o
                0x00007b06                _ZN8CTimerD1C2Ev
                0x00007b06                _ZN8CTimerD1C1Ev
 .text._ZN8CTimerD1D2Ev
                0x00007b1e       0x10 Periphery/CTimerD1.o
                0x00007b1e                _ZN8CTimerD1D2Ev
                0x00007b1e                _ZN8CTimerD1D1Ev
 .text._ZN7CTimerF10InitializeE27TIMER_WAVEFORMGEN_MODE_ENUM22TIMER_CLOCKSELECT_ENUM
                0x00007b2e       0x36 Periphery/CTimerF.o
                0x00007b2e                _ZN7CTimerF10InitializeE27TIMER_WAVEFORMGEN_MODE_ENUM22TIMER_CLOCKSELECT_ENUM
 .text._ZN7CTimerF5StartEj
                0x00007b64       0x1a Periphery/CTimerF.o
                0x00007b64                _ZN7CTimerF5StartEj
 .text._ZN7CTimerF4StopEv
                0x00007b7e       0x10 Periphery/CTimerF.o
                0x00007b7e                _ZN7CTimerF4StopEv
 .text._ZN7CTimerF13EnableChannelE19TIMER_CHANNELS_ENUM
                0x00007b8e        0xc Periphery/CTimerF.o
                0x00007b8e                _ZN7CTimerF13EnableChannelE19TIMER_CHANNELS_ENUM
 .text._ZN7CTimerF14DisableChannelE19TIMER_CHANNELS_ENUM
                0x00007b9a        0xe Periphery/CTimerF.o
                0x00007b9a                _ZN7CTimerF14DisableChannelE19TIMER_CHANNELS_ENUM
 .text._ZN7CTimerF10ChannelSetE19TIMER_CHANNELS_ENUM
                0x00007ba8       0x10 Periphery/CTimerF.o
                0x00007ba8                _ZN7CTimerF10ChannelSetE19TIMER_CHANNELS_ENUM
 .text._ZN7CTimerF12ChannelResetE19TIMER_CHANNELS_ENUM
                0x00007bb8       0x12 Periphery/CTimerF.o
                0x00007bb8                _ZN7CTimerF12ChannelResetE19TIMER_CHANNELS_ENUM
 .text._ZN7CTimerF9SetPeriodEj
                0x00007bca        0xa Periphery/CTimerF.o
                0x00007bca                _ZN7CTimerF9SetPeriodEj
 .text._ZN7CTimerF8SetCOMPAEj
                0x00007bd4        0xa Periphery/CTimerF.o
                0x00007bd4                _ZN7CTimerF8SetCOMPAEj
 .text._ZN7CTimerF8SetCOMPBEj
                0x00007bde        0xa Periphery/CTimerF.o
                0x00007bde                _ZN7CTimerF8SetCOMPBEj
 .text._ZN7CTimerF8SetCOMPCEj
                0x00007be8        0xa Periphery/CTimerF.o
                0x00007be8                _ZN7CTimerF8SetCOMPCEj
 .text._ZN7CTimerF8SetCOMPDEj
                0x00007bf2        0xa Periphery/CTimerF.o
                0x00007bf2                _ZN7CTimerF8SetCOMPDEj
 .text._ZN7CTimerF14SetOVFCallbackEPFvPvES0_17TC_OVFINTLVL_enum
                0x00007bfc       0x22 Periphery/CTimerF.o
                0x00007bfc                _ZN7CTimerF14SetOVFCallbackEPFvPvES0_17TC_OVFINTLVL_enum
 .text._ZN7CTimerF14SetERRCallbackEPFvPvES0_17TC_ERRINTLVL_enum
                0x00007c1e       0x22 Periphery/CTimerF.o
                0x00007c1e                _ZN7CTimerF14SetERRCallbackEPFvPvES0_17TC_ERRINTLVL_enum
 .text._ZN7CTimerF16SetCOMPACallbackEPFvPvES0_17TC_CCAINTLVL_enum
                0x00007c40       0x22 Periphery/CTimerF.o
                0x00007c40                _ZN7CTimerF16SetCOMPACallbackEPFvPvES0_17TC_CCAINTLVL_enum
 .text._ZN7CTimerF16SetCOMPBCallbackEPFvPvES0_17TC_CCBINTLVL_enum
                0x00007c62       0x22 Periphery/CTimerF.o
                0x00007c62                _ZN7CTimerF16SetCOMPBCallbackEPFvPvES0_17TC_CCBINTLVL_enum
 .text._ZN7CTimerF16SetCOMPCCallbackEPFvPvES0_17TC_CCCINTLVL_enum
                0x00007c84       0x22 Periphery/CTimerF.o
                0x00007c84                _ZN7CTimerF16SetCOMPCCallbackEPFvPvES0_17TC_CCCINTLVL_enum
 .text._ZN7CTimerF16SetCOMPDCallbackEPFvPvES0_17TC_CCDINTLVL_enum
                0x00007ca6       0x22 Periphery/CTimerF.o
                0x00007ca6                _ZN7CTimerF16SetCOMPDCallbackEPFvPvES0_17TC_CCDINTLVL_enum
 .text._ZN7CTimerFC2Ev
                0x00007cc8       0x18 Periphery/CTimerF.o
                0x00007cc8                _ZN7CTimerFC2Ev
                0x00007cc8                _ZN7CTimerFC1Ev
 .text._ZN7CTimerFD2Ev
                0x00007ce0       0x10 Periphery/CTimerF.o
                0x00007ce0                _ZN7CTimerFD2Ev
                0x00007ce0                _ZN7CTimerFD1Ev
 .text.avr-libc.fplib
                0x00007cf0        0xe c:/program files (x86)/atmel/studio/7.0/toolchain/avr8/avr8-gnu-toolchain/bin/../lib/gcc/avr/4.9.2/../../../../avr/lib/avrxmega6\libm.a(fixsfsi.o)
                0x00007cf0                __fixsfsi
 .text.avr-libc.fplib
                0x00007cfe       0x5e c:/program files (x86)/atmel/studio/7.0/toolchain/avr8/avr8-gnu-toolchain/bin/../lib/gcc/avr/4.9.2/../../../../avr/lib/avrxmega6\libm.a(fixunssfsi.o)
                0x00007cfe                __fixunssfsi
 .text.avr-libc.fplib
                0x00007d5c       0x7a c:/program files (x86)/atmel/studio/7.0/toolchain/avr8/avr8-gnu-toolchain/bin/../lib/gcc/avr/4.9.2/../../../../avr/lib/avrxmega6\libm.a(floatsisf.o)
                0x00007d5c                __floatunsisf
                0x00007d60                __floatsisf
 .text.avr-libc.fplib
                0x00007dd6       0x44 c:/program files (x86)/atmel/studio/7.0/toolchain/avr8/avr8-gnu-toolchain/bin/../lib/gcc/avr/4.9.2/../../../../avr/lib/avrxmega6\libm.a(fp_split3.o)
                0x00007dd6                __fp_split3
                0x00007de6                __fp_splitA
 .text.avr-libc.fplib
                0x00007e1a        0xe c:/program files (x86)/atmel/studio/7.0/toolchain/avr8/avr8-gnu-toolchain/bin/../lib/gcc/avr/4.9.2/../../../../avr/lib/avrxmega6\libm.a(fp_zero.o)
                0x00007e1a                __fp_zero
                0x00007e1c                __fp_szero
 .text.avr-libc.fplib
                0x00007e28        0x8 c:/program files (x86)/atmel/studio/7.0/toolchain/avr8/avr8-gnu-toolchain/bin/../lib/gcc/avr/4.9.2/../../../../avr/lib/avrxmega6\libm.a(mulsf3.o)
                0x00007e28                __mulsf3
 .text.avr-libc.fplib
                0x00007e30       0xd2 c:/program files (x86)/atmel/studio/7.0/toolchain/avr8/avr8-gnu-toolchain/bin/../lib/gcc/avr/4.9.2/../../../../avr/lib/avrxmega6\libm.a(mulsf3x.o)
                0x00007e4e                __mulsf3x
                0x00007e54                __mulsf3_pse
 .text.avr-libc.fplib
                0x00007f02        0xc c:/program files (x86)/atmel/studio/7.0/toolchain/avr8/avr8-gnu-toolchain/bin/../lib/gcc/avr/4.9.2/../../../../avr/lib/avrxmega6\libm.a(fp_inf.o)
                0x00007f02                __fp_inf
 .text.avr-libc.fplib
                0x00007f0e        0x6 c:/program files (x86)/atmel/studio/7.0/toolchain/avr8/avr8-gnu-toolchain/bin/../lib/gcc/avr/4.9.2/../../../../avr/lib/avrxmega6\libm.a(fp_nan.o)
                0x00007f0e                __fp_nan
 .text.avr-libc.fplib
                0x00007f14        0xe c:/program files (x86)/atmel/studio/7.0/toolchain/avr8/avr8-gnu-toolchain/bin/../lib/gcc/avr/4.9.2/../../../../avr/lib/avrxmega6\libm.a(fp_pscA.o)
                0x00007f14                __fp_pscA
 .text.avr-libc.fplib
                0x00007f22        0xe c:/program files (x86)/atmel/studio/7.0/toolchain/avr8/avr8-gnu-toolchain/bin/../lib/gcc/avr/4.9.2/../../../../avr/lib/avrxmega6\libm.a(fp_pscB.o)
                0x00007f22                __fp_pscB
 .text.avr-libc.fplib
                0x00007f30       0x22 c:/program files (x86)/atmel/studio/7.0/toolchain/avr8/avr8-gnu-toolchain/bin/../lib/gcc/avr/4.9.2/../../../../avr/lib/avrxmega6\libm.a(fp_round.o)
                0x00007f30                __fp_round
 .text.libgcc.div
                0x00007f52       0x28 c:/program files (x86)/atmel/studio/7.0/toolchain/avr8/avr8-gnu-toolchain/bin/../lib/gcc/avr/4.9.2/avrxmega6\libgcc.a(_udivmodhi4.o)
                0x00007f52                __udivmodhi4
 .text.libgcc.div
                0x00007f7a       0x28 c:/program files (x86)/atmel/studio/7.0/toolchain/avr8/avr8-gnu-toolchain/bin/../lib/gcc/avr/4.9.2/avrxmega6\libgcc.a(_divmodhi4.o)
                0x00007f7a                _div
                0x00007f7a                __divmodhi4
 .text.libgcc.div
                0x00007fa2       0x44 c:/program files (x86)/atmel/studio/7.0/toolchain/avr8/avr8-gnu-toolchain/bin/../lib/gcc/avr/4.9.2/avrxmega6\libgcc.a(_udivmodsi4.o)
                0x00007fa2                __udivmodsi4
 .text.libgcc.div
                0x00007fe6       0x2e c:/program files (x86)/atmel/studio/7.0/toolchain/avr8/avr8-gnu-toolchain/bin/../lib/gcc/avr/4.9.2/avrxmega6\libgcc.a(_divmodsi4.o)
                0x00007fe6                __divmodsi4
 .text.libgcc.div
                0x00008014       0x10 c:/program files (x86)/atmel/studio/7.0/toolchain/avr8/avr8-gnu-toolchain/bin/../lib/gcc/avr/4.9.2/avrxmega6\libgcc.a(_negsi2.o)
                0x00008014                __negsi2
 .text.libgcc   0x00008024       0x10 c:/program files (x86)/atmel/studio/7.0/toolchain/avr8/avr8-gnu-toolchain/bin/../lib/gcc/avr/4.9.2/avrxmega6\libgcc.a(_tablejump2.o)
                0x00008024                __tablejump2__
 .text.libgcc.mul
                0x00008034       0x1e c:/program files (x86)/atmel/studio/7.0/toolchain/avr8/avr8-gnu-toolchain/bin/../lib/gcc/avr/4.9.2/avrxmega6\libgcc.a(_umulhisi3.o)
                0x00008034                __umulhisi3
 .text.libgcc.mul
                0x00008052       0x16 c:/program files (x86)/atmel/studio/7.0/toolchain/avr8/avr8-gnu-toolchain/bin/../lib/gcc/avr/4.9.2/avrxmega6\libgcc.a(_muluhisi3.o)
                0x00008052                __muluhisi3
 .text.avr-libc
                0x00008068      0x25a c:/program files (x86)/atmel/studio/7.0/toolchain/avr8/avr8-gnu-toolchain/bin/../lib/gcc/avr/4.9.2/../../../../avr/lib/avrxmega6\libc.a(malloc.o)
                0x00008068                malloc
                0x00008192                free
 .text.avr-libc
                0x000082c2       0x12 c:/program files (x86)/atmel/studio/7.0/toolchain/avr8/avr8-gnu-toolchain/bin/../lib/gcc/avr/4.9.2/../../../../avr/lib/avrxmega6\libc.a(memcpy.o)
                0x000082c2                memcpy
 .text.avr-libc
                0x000082d4        0xe c:/program files (x86)/atmel/studio/7.0/toolchain/avr8/avr8-gnu-toolchain/bin/../lib/gcc/avr/4.9.2/../../../../avr/lib/avrxmega6\libatxmega128a3u.a(eerd_dword.o)
                0x000082d4                eeprom_read_float
                0x000082d4                eeprom_read_dword
 .text.avr-libc
                0x000082e2       0x10 c:/program files (x86)/atmel/studio/7.0/toolchain/avr8/avr8-gnu-toolchain/bin/../lib/gcc/avr/4.9.2/../../../../avr/lib/avrxmega6\libatxmega128a3u.a(eewr_dword.o)
                0x000082e2                eeprom_write_dword
                0x000082e2                eeprom_write_float
 .text.avr-libc
                0x000082f2        0xa c:/program files (x86)/atmel/studio/7.0/toolchain/avr8/avr8-gnu-toolchain/bin/../lib/gcc/avr/4.9.2/../../../../avr/lib/avrxmega6\libatxmega128a3u.a(eewr_word.o)
                0x000082f2                eeprom_write_word
 .text.avr-libc
                0x000082fc       0x20 c:/program files (x86)/atmel/studio/7.0/toolchain/avr8/avr8-gnu-toolchain/bin/../lib/gcc/avr/4.9.2/../../../../avr/lib/avrxmega6\libatxmega128a3u.a(eerd_byte.o)
                0x000082fc                eeprom_read_byte
                0x00008304                eeprom_mapen
 .text.avr-libc
                0x0000831c       0x46 c:/program files (x86)/atmel/studio/7.0/toolchain/avr8/avr8-gnu-toolchain/bin/../lib/gcc/avr/4.9.2/../../../../avr/lib/avrxmega6\libatxmega128a3u.a(eewr_byte.o)
                0x0000831c                eeprom_write_byte
                0x0000831e                eeprom_write_r18
                0x00008362                . = ALIGN (0x2)
 *(.fini9)
 .fini9         0x00008362        0x0 c:/program files (x86)/atmel/studio/7.0/toolchain/avr8/avr8-gnu-toolchain/bin/../lib/gcc/avr/4.9.2/avrxmega6\libgcc.a(_exit.o)
                0x00008362                _exit
                0x00008362                exit
 *(.fini9)
 *(.fini8)
 *(.fini8)
 *(.fini7)
 *(.fini7)
 *(.fini6)
 .fini6         0x00008362       0x20 c:/program files (x86)/atmel/studio/7.0/toolchain/avr8/avr8-gnu-toolchain/bin/../lib/gcc/avr/4.9.2/avrxmega6\libgcc.a(_dtors.o)
                0x00008362                __do_global_dtors
 *(.fini6)
 *(.fini5)
 *(.fini5)
 *(.fini4)
 *(.fini4)
 *(.fini3)
 *(.fini3)
 *(.fini2)
 *(.fini2)
 *(.fini1)
 *(.fini1)
 *(.fini0)
 .fini0         0x00008382        0x4 c:/program files (x86)/atmel/studio/7.0/toolchain/avr8/avr8-gnu-toolchain/bin/../lib/gcc/avr/4.9.2/avrxmega6\libgcc.a(_exit.o)
 *(.fini0)
                0x00008386                _etext = .

.data           0x00802000      0x2c4 load address 0x00008386
                0x00802000                PROVIDE (__data_start, .)
 *(.data)
 .data          0x00802000        0x6 c:/program files (x86)/atmel/studio/7.0/toolchain/avr8/avr8-gnu-toolchain/bin/../lib/gcc/avr/4.9.2/../../../../avr/lib/avrxmega6\libc.a(malloc.o)
                0x00802000                __malloc_heap_end
                0x00802002                __malloc_heap_start
                0x00802004                __malloc_margin
 *(.data*)
 .data._ZZN16CLaserControlApp7OnTimerEvE7millsec
                0x00802006        0x2 CLaserControlApp.o
 .data.step_table
                0x00802008       0x14 CLaserControlApp.o
                0x00802008                step_table
 .data.EnergyTable
                0x0080201c       0xdc CLaserControlApp.o
                0x0080201c                EnergyTable
 .data.TableNum
                0x008020f8       0x16 CLaserControlApp.o
                0x008020f8                TableNum
 .data.MaxDurationTable
                0x0080210e       0x16 CLaserControlApp.o
                0x0080210e                MaxDurationTable
 .data.MinDurationTable
                0x00802124       0x16 CLaserControlApp.o
                0x00802124                MinDurationTable
 .data.bscale_table
                0x0080213a       0x20 Periphery/CDGUSUSART.o
                0x0080213a                bscale_table
 .data.bsel_table
                0x0080215a       0x20 Periphery/CDGUSUSART.o
                0x0080215a                bsel_table
 *(.rodata)
 *(.rodata*)
 .rodata._ZTV16CLaserControlApp
                0x0080217a       0x16 CLaserControlApp.o
                0x0080217a                _ZTV16CLaserControlApp
 .rodata._ZTV6CTimer
                0x00802190       0x24 LaserLib/CTimer.o
                0x00802190                _ZTV6CTimer
 .rodata._ZTV7CTimer1
                0x008021b4       0x1e LaserLib/CTimer1.o
                0x008021b4                _ZTV7CTimer1
 .rodata._ZTV6CUSART
                0x008021d2       0x18 LaserLib/CUSART.o
                0x008021d2                _ZTV6CUSART
 .rodata._ZTV9CMBSender
                0x008021ea       0x16 MODBUS/CMBSender.o
                0x008021ea                _ZTV9CMBSender
 .rodata._ZTV10CDGUSUSART
                0x00802200       0x18 Periphery/CDGUSUSART.o
                0x00802200                _ZTV10CDGUSUSART
 .rodata._ZTV7CTimerC
                0x00802218       0x24 Periphery/CTimerC.o
                0x00802218                _ZTV7CTimerC
 .rodata._ZTV8CTimerC1
                0x0080223c       0x1e Periphery/CTimerC1.o
                0x0080223c                _ZTV8CTimerC1
 .rodata._ZTV7CTimerD
                0x0080225a       0x24 Periphery/CTimerD.o
                0x0080225a                _ZTV7CTimerD
 .rodata._ZTV8CTimerD1
                0x0080227e       0x1e Periphery/CTimerD1.o
                0x0080227e                _ZTV8CTimerD1
 .rodata._ZTV7CTimerF
                0x0080229c       0x28 Periphery/CTimerF.o
                0x0080229c                _ZTV7CTimerF
 *(.gnu.linkonce.d*)
                0x008022c4                . = ALIGN (0x2)
                0x008022c4                _edata = .
                0x008022c4                PROVIDE (__data_end, .)

.bss            0x008022c4      0x36b
                0x008022c4                PROVIDE (__bss_start, .)
 *(.bss)
 *(.bss*)
 .bss._ZZN16CLaserControlApp6OnINT0EvE9isstarted
                0x008022c4        0x1 CLaserControlApp.o
 .bss.DatabaseStatusRegister
                0x008022c5        0x1 CLaserControlApp.o
                0x008022c5                DatabaseStatusRegister
 .bss.InterruptFuncTable
                0x008022c6       0xf6 LaserLib/intx128.o
                0x008022c6                InterruptFuncTable
 .bss.InterruptSenderTable
                0x008023bc       0xf6 LaserLib/intx128.o
                0x008023bc                InterruptSenderTable
 .bss._ZZ4mainE3prs
                0x008024b2        0x2 main.o
 .bss.temperature
                0x008024b4        0x2 main.o
                0x008024b4                temperature
 .bss.D18B20    0x008024b6        0x4 main.o
                0x008024b6                D18B20
 .bss.App       0x008024ba      0x12a main.o
                0x008024ba                App
 .bss.player    0x008025e4        0x1 main.o
                0x008025e4                player
 .bss.laserBoard
                0x008025e5        0xa main.o
                0x008025e5                laserBoard
 .bss.sender    0x008025ef       0x1d main.o
                0x008025ef                sender
 .bss.Database  0x0080260c        0x8 main.o
                0x0080260c                Database
 .bss.usart     0x00802614        0x2 main.o
                0x00802614                usart
 .bss.pwmtimer  0x00802616        0x3 main.o
                0x00802616                pwmtimer
 .bss.flowtimer
                0x00802619        0x3 main.o
                0x00802619                flowtimer
 .bss.laserTimer
                0x0080261c        0x3 main.o
                0x0080261c                laserTimer
 .bss.timeout   0x0080261f        0x3 main.o
                0x0080261f                timeout
 .bss.timer     0x00802622        0x3 main.o
                0x00802622                timer
 .bss.dacSPI    0x00802625        0x6 main.o
                0x00802625                dacSPI
 *(COMMON)
 COMMON         0x0080262b        0x4 c:/program files (x86)/atmel/studio/7.0/toolchain/avr8/avr8-gnu-toolchain/bin/../lib/gcc/avr/4.9.2/../../../../avr/lib/avrxmega6\libc.a(malloc.o)
                0x0080262b                __brkval
                0x0080262d                __flp
                0x0080262f                PROVIDE (__bss_end, .)
                0x00008386                __data_load_start = LOADADDR (.data)
                0x0000864a                __data_load_end = (__data_load_start + SIZEOF (.data))

.noinit         0x0080262f        0x0
                [!provide]                PROVIDE (__noinit_start, .)
 *(.noinit*)
                [!provide]                PROVIDE (__noinit_end, .)
                0x0080262f                _end = .
                0x0080262f                PROVIDE (__heap_start, .)

.eeprom         0x00810000        0x0
 *(.eeprom*)
                0x00810000                __eeprom_end = .

.fuse
 *(.fuse)
 *(.lfuse)
 *(.hfuse)
 *(.efuse)

.lock
 *(.lock*)

.signature
 *(.signature*)

.user_signatures
 *(.user_signatures*)

.stab
 *(.stab)

.stabstr
 *(.stabstr)

.stab.excl
 *(.stab.excl)

.stab.exclstr
 *(.stab.exclstr)

.stab.index
 *(.stab.index)

.stab.indexstr
 *(.stab.indexstr)

.comment        0x00000000       0x30
 *(.comment)
 .comment       0x00000000       0x30 CDGUSDatabase.o
                                 0x31 (size before relaxing)
 .comment       0x00000030       0x31 CLaserControlApp.o
 .comment       0x00000030       0x31 DGUSGUI.o
 .comment       0x00000030       0x31 LaserLib/CSPI.o
 .comment       0x00000030       0x31 LaserLib/CTimer.o
 .comment       0x00000030       0x31 LaserLib/CTimer1.o
 .comment       0x00000030       0x31 LaserLib/CUSART.o
 .comment       0x00000030       0x31 LaserLib/intx128.o
 .comment       0x00000030       0x31 main.o
 .comment       0x00000030       0x31 MODBUS/CMBProtocol.o
 .comment       0x00000030       0x31 MODBUS/CMBSender.o
 .comment       0x00000030       0x31 Periphery/CDGUSUSART.o
 .comment       0x00000030       0x31 Periphery/CDS18B20.o
 .comment       0x00000030       0x31 Periphery/CLaserBoard.o
 .comment       0x00000030       0x31 Periphery/CSoundPlayer.o
 .comment       0x00000030       0x31 Periphery/CTimerC.o
 .comment       0x00000030       0x31 Periphery/CTimerC1.o
 .comment       0x00000030       0x31 Periphery/CTimerD.o
 .comment       0x00000030       0x31 Periphery/CTimerD1.o
 .comment       0x00000030       0x31 Periphery/CTimerF.o
 .comment       0x00000030       0x31 c:/program files (x86)/atmel/studio/7.0/toolchain/avr8/avr8-gnu-toolchain/bin/../lib/gcc/avr/4.9.2/../../../../avr/lib/avrxmega6\libc.a(malloc.o)

.note.gnu.avr.deviceinfo
                0x00000000       0x40
 .note.gnu.avr.deviceinfo
                0x00000000       0x40 c:/program files (x86)/atmel/studio/7.0/toolchain/avr8/avr8-gnu-toolchain/bin/../lib/gcc/avr/4.9.2/../../../../avr/lib/avrxmega6/crtatxmega128a3u.o

.note.gnu.build-id
 *(.note.gnu.build-id)

.debug
 *(.debug)

.line
 *(.line)

.debug_srcinfo
 *(.debug_srcinfo)

.debug_sfnames
 *(.debug_sfnames)

.debug_aranges  0x00000000      0xd10
 *(.debug_aranges)
 .debug_aranges
                0x00000000       0x70 CDGUSDatabase.o
 .debug_aranges
                0x00000070      0x198 CLaserControlApp.o
 .debug_aranges
                0x00000208       0x40 DGUSGUI.o
 .debug_aranges
                0x00000248       0x58 LaserLib/CSPI.o
 .debug_aranges
                0x000002a0       0x28 LaserLib/CTimer.o
 .debug_aranges
                0x000002c8       0x28 LaserLib/CTimer1.o
 .debug_aranges
                0x000002f0       0x28 LaserLib/CUSART.o
 .debug_aranges
                0x00000318      0x348 LaserLib/intx128.o
 .debug_aranges
                0x00000660       0x40 main.o
 .debug_aranges
                0x000006a0       0x58 MODBUS/CMBProtocol.o
 .debug_aranges
                0x000006f8       0xf8 MODBUS/CMBSender.o
 .debug_aranges
                0x000007f0       0x78 Periphery/CDGUSUSART.o
 .debug_aranges
                0x00000868       0x58 Periphery/CDS18B20.o
 .debug_aranges
                0x000008c0       0xc8 Periphery/CLaserBoard.o
 .debug_aranges
                0x00000988       0x60 Periphery/CSoundPlayer.o
 .debug_aranges
                0x000009e8       0xa8 Periphery/CTimerC.o
 .debug_aranges
                0x00000a90       0x90 Periphery/CTimerC1.o
 .debug_aranges
                0x00000b20       0xa8 Periphery/CTimerD.o
 .debug_aranges
                0x00000bc8       0x90 Periphery/CTimerD1.o
 .debug_aranges
                0x00000c58       0xb8 Periphery/CTimerF.o

.debug_pubnames
 *(.debug_pubnames)

.debug_info     0x00000000    0x195f8
 *(.debug_info .gnu.linkonce.wi.*)
 .debug_info    0x00000000     0x3409 c:/program files (x86)/atmel/studio/7.0/toolchain/avr8/avr8-gnu-toolchain/bin/../lib/gcc/avr/4.9.2/../../../../avr/lib/avrxmega6/crtatxmega128a3u.o
 .debug_info    0x00003409      0x9f5 CDGUSDatabase.o
 .debug_info    0x00003dfe     0x52c4 CLaserControlApp.o
 .debug_info    0x000090c2      0x20f DGUSGUI.o
 .debug_info    0x000092d1      0x7ee LaserLib/CSPI.o
 .debug_info    0x00009abf      0x6a3 LaserLib/CTimer.o
 .debug_info    0x0000a162      0x5a8 LaserLib/CTimer1.o
 .debug_info    0x0000a70a      0x606 LaserLib/CUSART.o
 .debug_info    0x0000ad10      0x91e LaserLib/intx128.o
 .debug_info    0x0000b62e     0x2163 main.o
 .debug_info    0x0000d791      0x81e MODBUS/CMBProtocol.o
 .debug_info    0x0000dfaf     0x12d1 MODBUS/CMBSender.o
 .debug_info    0x0000f280     0x1095 Periphery/CDGUSUSART.o
 .debug_info    0x00010315      0x95e Periphery/CDS18B20.o
 .debug_info    0x00010c73      0xf08 Periphery/CLaserBoard.o
 .debug_info    0x00011b7b     0x139d Periphery/CSoundPlayer.o
 .debug_info    0x00012f18     0x15ac Periphery/CTimerC.o
 .debug_info    0x000144c4     0x128d Periphery/CTimerC1.o
 .debug_info    0x00015751     0x15ac Periphery/CTimerD.o
 .debug_info    0x00016cfd     0x128d Periphery/CTimerD1.o
 .debug_info    0x00017f8a     0x166e Periphery/CTimerF.o

.debug_abbrev   0x00000000     0x6681
 *(.debug_abbrev)
 .debug_abbrev  0x00000000     0x3148 c:/program files (x86)/atmel/studio/7.0/toolchain/avr8/avr8-gnu-toolchain/bin/../lib/gcc/avr/4.9.2/../../../../avr/lib/avrxmega6/crtatxmega128a3u.o
 .debug_abbrev  0x00003148      0x2ce CDGUSDatabase.o
 .debug_abbrev  0x00003416      0x60e CLaserControlApp.o
 .debug_abbrev  0x00003a24      0x10d DGUSGUI.o
 .debug_abbrev  0x00003b31      0x2a7 LaserLib/CSPI.o
 .debug_abbrev  0x00003dd8      0x182 LaserLib/CTimer.o
 .debug_abbrev  0x00003f5a      0x182 LaserLib/CTimer1.o
 .debug_abbrev  0x000040dc      0x1ed LaserLib/CUSART.o
 .debug_abbrev  0x000042c9       0x83 LaserLib/intx128.o
 .debug_abbrev  0x0000434c      0x3e0 main.o
 .debug_abbrev  0x0000472c      0x2b0 MODBUS/CMBProtocol.o
 .debug_abbrev  0x000049dc      0x39b MODBUS/CMBSender.o
 .debug_abbrev  0x00004d77      0x2d9 Periphery/CDGUSUSART.o
 .debug_abbrev  0x00005050      0x33c Periphery/CDS18B20.o
 .debug_abbrev  0x0000538c      0x300 Periphery/CLaserBoard.o
 .debug_abbrev  0x0000568c      0x2b9 Periphery/CSoundPlayer.o
 .debug_abbrev  0x00005945      0x29c Periphery/CTimerC.o
 .debug_abbrev  0x00005be1      0x2b4 Periphery/CTimerC1.o
 .debug_abbrev  0x00005e95      0x29c Periphery/CTimerD.o
 .debug_abbrev  0x00006131      0x2b4 Periphery/CTimerD1.o
 .debug_abbrev  0x000063e5      0x29c Periphery/CTimerF.o

.debug_line     0x00000000     0x699b
 *(.debug_line .debug_line.* .debug_line_end)
 .debug_line    0x00000000       0x1a c:/program files (x86)/atmel/studio/7.0/toolchain/avr8/avr8-gnu-toolchain/bin/../lib/gcc/avr/4.9.2/../../../../avr/lib/avrxmega6/crtatxmega128a3u.o
 .debug_line    0x0000001a      0x34e CDGUSDatabase.o
 .debug_line    0x00000368     0x1ab2 CLaserControlApp.o
 .debug_line    0x00001e1a      0x11e DGUSGUI.o
 .debug_line    0x00001f38      0x2f4 LaserLib/CSPI.o
 .debug_line    0x0000222c      0x153 LaserLib/CTimer.o
 .debug_line    0x0000237f      0x155 LaserLib/CTimer1.o
 .debug_line    0x000024d4      0x145 LaserLib/CUSART.o
 .debug_line    0x00002619     0x100e LaserLib/intx128.o
 .debug_line    0x00003627      0x50b main.o
 .debug_line    0x00003b32      0x490 MODBUS/CMBProtocol.o
 .debug_line    0x00003fc2      0x78d MODBUS/CMBSender.o
 .debug_line    0x0000474f      0x343 Periphery/CDGUSUSART.o
 .debug_line    0x00004a92      0x403 Periphery/CDS18B20.o
 .debug_line    0x00004e95      0x5b1 Periphery/CLaserBoard.o
 .debug_line    0x00005446      0x340 Periphery/CSoundPlayer.o
 .debug_line    0x00005786      0x3bb Periphery/CTimerC.o
 .debug_line    0x00005b41      0x35b Periphery/CTimerC1.o
 .debug_line    0x00005e9c      0x3bb Periphery/CTimerD.o
 .debug_line    0x00006257      0x35b Periphery/CTimerD1.o
 .debug_line    0x000065b2      0x3e9 Periphery/CTimerF.o

.debug_frame    0x00000000     0x3d24
 *(.debug_frame)
 .debug_frame   0x00000000      0x218 CDGUSDatabase.o
 .debug_frame   0x00000218      0x788 CLaserControlApp.o
 .debug_frame   0x000009a0       0x8c DGUSGUI.o
 .debug_frame   0x00000a2c       0xbc LaserLib/CSPI.o
 .debug_frame   0x00000ae8       0x34 LaserLib/CTimer.o
 .debug_frame   0x00000b1c       0x34 LaserLib/CTimer1.o
 .debug_frame   0x00000b50       0x34 LaserLib/CUSART.o
 .debug_frame   0x00000b84     0x2324 LaserLib/intx128.o
 .debug_frame   0x00002ea8       0x94 main.o
 .debug_frame   0x00002f3c       0xf8 MODBUS/CMBProtocol.o
 .debug_frame   0x00003034      0x2dc MODBUS/CMBSender.o
 .debug_frame   0x00003310       0xe8 Periphery/CDGUSUSART.o
 .debug_frame   0x000033f8       0xd4 Periphery/CDS18B20.o
 .debug_frame   0x000034cc      0x180 Periphery/CLaserBoard.o
 .debug_frame   0x0000364c       0xd8 Periphery/CSoundPlayer.o
 .debug_frame   0x00003724      0x140 Periphery/CTimerC.o
 .debug_frame   0x00003864      0x110 Periphery/CTimerC1.o
 .debug_frame   0x00003974      0x140 Periphery/CTimerD.o
 .debug_frame   0x00003ab4      0x110 Periphery/CTimerD1.o
 .debug_frame   0x00003bc4      0x160 Periphery/CTimerF.o

.debug_str      0x00000000     0x9899
 *(.debug_str)
 .debug_str     0x00000000     0x223b c:/program files (x86)/atmel/studio/7.0/toolchain/avr8/avr8-gnu-toolchain/bin/../lib/gcc/avr/4.9.2/../../../../avr/lib/avrxmega6/crtatxmega128a3u.o
 .debug_str     0x0000223b      0x5ef CDGUSDatabase.o
                                0x67e (size before relaxing)
 .debug_str     0x0000282a     0x228a CLaserControlApp.o
                               0x2a1c (size before relaxing)
 .debug_str     0x00004ab4       0x1d DGUSGUI.o
                                0x258 (size before relaxing)
 .debug_str     0x00004ad1      0x1b5 LaserLib/CSPI.o
                                0x720 (size before relaxing)
 .debug_str     0x00004c86      0x4bc LaserLib/CTimer.o
                                0xa4b (size before relaxing)
 .debug_str     0x00005142      0x269 LaserLib/CTimer1.o
                                0x8c5 (size before relaxing)
 .debug_str     0x000053ab      0x56b LaserLib/CUSART.o
                                0x7bd (size before relaxing)
 .debug_str     0x00005916      0x4e2 LaserLib/intx128.o
                                0x6c8 (size before relaxing)
 .debug_str     0x00005df8     0x124f main.o
                               0x261c (size before relaxing)
 .debug_str     0x00007047      0x2e0 MODBUS/CMBProtocol.o
                                0x560 (size before relaxing)
 .debug_str     0x00007327      0x5e7 MODBUS/CMBSender.o
                                0xb4b (size before relaxing)
 .debug_str     0x0000790e      0xcd4 Periphery/CDGUSUSART.o
                               0x1676 (size before relaxing)
 .debug_str     0x000085e2       0x7d Periphery/CDS18B20.o
                                0x517 (size before relaxing)
 .debug_str     0x0000865f      0x5b5 Periphery/CLaserBoard.o
                                0xce6 (size before relaxing)
 .debug_str     0x00008c14      0x3a2 Periphery/CSoundPlayer.o
                                0xc2d (size before relaxing)
 .debug_str     0x00008fb6      0x263 Periphery/CTimerC.o
                               0x12a2 (size before relaxing)
 .debug_str     0x00009219      0x1db Periphery/CTimerC1.o
                               0x1151 (size before relaxing)
 .debug_str     0x000093f4      0x109 Periphery/CTimerD.o
                               0x12a2 (size before relaxing)
 .debug_str     0x000094fd      0x205 Periphery/CTimerD1.o
                               0x1151 (size before relaxing)
 .debug_str     0x00009702      0x197 Periphery/CTimerF.o
                               0x1318 (size before relaxing)

.debug_loc      0x00000000     0xc239
 *(.debug_loc)
 .debug_loc     0x00000000      0x8cf CDGUSDatabase.o
 .debug_loc     0x000008cf     0x2b7f CLaserControlApp.o
 .debug_loc     0x0000344e      0x2ad DGUSGUI.o
 .debug_loc     0x000036fb      0x276 LaserLib/CSPI.o
 .debug_loc     0x00003971     0x50e2 LaserLib/intx128.o
 .debug_loc     0x00008a53       0xab main.o
 .debug_loc     0x00008afe      0x7ef MODBUS/CMBProtocol.o
 .debug_loc     0x000092ed      0xf70 MODBUS/CMBSender.o
 .debug_loc     0x0000a25d      0x210 Periphery/CDGUSUSART.o
 .debug_loc     0x0000a46d      0x49a Periphery/CDS18B20.o
 .debug_loc     0x0000a907      0x532 Periphery/CLaserBoard.o
 .debug_loc     0x0000ae39      0x344 Periphery/CSoundPlayer.o
 .debug_loc     0x0000b17d      0x366 Periphery/CTimerC.o
 .debug_loc     0x0000b4e3      0x2fe Periphery/CTimerC1.o
 .debug_loc     0x0000b7e1      0x366 Periphery/CTimerD.o
 .debug_loc     0x0000bb47      0x2fe Periphery/CTimerD1.o
 .debug_loc     0x0000be45      0x3f4 Periphery/CTimerF.o

.debug_macinfo
 *(.debug_macinfo)

.debug_weaknames
 *(.debug_weaknames)

.debug_funcnames
 *(.debug_funcnames)

.debug_typenames
 *(.debug_typenames)

.debug_varnames
 *(.debug_varnames)

.debug_pubtypes
 *(.debug_pubtypes)

.debug_ranges   0x00000000      0xc30
 *(.debug_ranges)
 .debug_ranges  0x00000000       0x60 CDGUSDatabase.o
 .debug_ranges  0x00000060      0x1a0 CLaserControlApp.o
 .debug_ranges  0x00000200       0x30 DGUSGUI.o
 .debug_ranges  0x00000230       0x48 LaserLib/CSPI.o
 .debug_ranges  0x00000278       0x18 LaserLib/CTimer.o
 .debug_ranges  0x00000290       0x18 LaserLib/CTimer1.o
 .debug_ranges  0x000002a8       0x18 LaserLib/CUSART.o
 .debug_ranges  0x000002c0      0x338 LaserLib/intx128.o
 .debug_ranges  0x000005f8       0x48 main.o
 .debug_ranges  0x00000640       0x78 MODBUS/CMBProtocol.o
 .debug_ranges  0x000006b8       0xe8 MODBUS/CMBSender.o
 .debug_ranges  0x000007a0       0x68 Periphery/CDGUSUSART.o
 .debug_ranges  0x00000808       0x48 Periphery/CDS18B20.o
 .debug_ranges  0x00000850       0xb8 Periphery/CLaserBoard.o
 .debug_ranges  0x00000908       0x50 Periphery/CSoundPlayer.o
 .debug_ranges  0x00000958       0x98 Periphery/CTimerC.o
 .debug_ranges  0x000009f0       0x80 Periphery/CTimerC1.o
 .debug_ranges  0x00000a70       0x98 Periphery/CTimerD.o
 .debug_ranges  0x00000b08       0x80 Periphery/CTimerD1.o
 .debug_ranges  0x00000b88       0xa8 Periphery/CTimerF.o

.debug_macro
 *(.debug_macro)
OUTPUT(ATxmegaLaserDiode.elf elf32-avr)
LOAD linker stubs