Archive member included to satisfy reference by file (symbol)

c:/program files (x86)/atmel/studio/7.0/toolchain/avr8/avr8-gnu-toolchain/bin/../lib/gcc/avr/4.9.2/avrxmega6\libgcc.a(_udivmodhi4.o)
                              CLaserControlApp.o (__udivmodhi4)
c:/program files (x86)/atmel/studio/7.0/toolchain/avr8/avr8-gnu-toolchain/bin/../lib/gcc/avr/4.9.2/avrxmega6\libgcc.a(_divmodsi4.o)
                              CSoundPlayer.o (__divmodsi4)
c:/program files (x86)/atmel/studio/7.0/toolchain/avr8/avr8-gnu-toolchain/bin/../lib/gcc/avr/4.9.2/avrxmega6\libgcc.a(_negsi2.o)
                              c:/program files (x86)/atmel/studio/7.0/toolchain/avr8/avr8-gnu-toolchain/bin/../lib/gcc/avr/4.9.2/avrxmega6\libgcc.a(_divmodsi4.o) (__negsi2)
c:/program files (x86)/atmel/studio/7.0/toolchain/avr8/avr8-gnu-toolchain/bin/../lib/gcc/avr/4.9.2/avrxmega6\libgcc.a(_exit.o)
                              C:/Program Files (x86)/Atmel/Studio/7.0/Packs/atmel/XMEGAA_DFP/1.0.36/gcc/dev/atxmega128a3/avrxmega6/crtatxmega128a3.o (exit)
c:/program files (x86)/atmel/studio/7.0/toolchain/avr8/avr8-gnu-toolchain/bin/../lib/gcc/avr/4.9.2/avrxmega6\libgcc.a(_tablejump2.o)
                              CLaserControlApp.o (__tablejump2__)
c:/program files (x86)/atmel/studio/7.0/toolchain/avr8/avr8-gnu-toolchain/bin/../lib/gcc/avr/4.9.2/avrxmega6\libgcc.a(_copy_data.o)
                              CDGUSUSART.o (__do_copy_data)
c:/program files (x86)/atmel/studio/7.0/toolchain/avr8/avr8-gnu-toolchain/bin/../lib/gcc/avr/4.9.2/avrxmega6\libgcc.a(_clear_bss.o)
                              CLaserControlApp.o (__do_clear_bss)
c:/program files (x86)/atmel/studio/7.0/toolchain/avr8/avr8-gnu-toolchain/bin/../lib/gcc/avr/4.9.2/avrxmega6\libgcc.a(_ctors.o)
                              CLaserControlApp.o (__do_global_ctors)
c:/program files (x86)/atmel/studio/7.0/toolchain/avr8/avr8-gnu-toolchain/bin/../lib/gcc/avr/4.9.2/avrxmega6\libgcc.a(_dtors.o)
                              CLaserControlApp.o (__do_global_dtors)
c:/program files (x86)/atmel/studio/7.0/toolchain/avr8/avr8-gnu-toolchain/bin/../lib/gcc/avr/4.9.2/avrxmega6\libgcc.a(_umulhisi3.o)
                              CLaserControlApp.o (__umulhisi3)
c:/program files (x86)/atmel/studio/7.0/toolchain/avr8/avr8-gnu-toolchain/bin/../lib/gcc/avr/4.9.2/avrxmega6\libgcc.a(_udivmodsi4.o)
                              c:/program files (x86)/atmel/studio/7.0/toolchain/avr8/avr8-gnu-toolchain/bin/../lib/gcc/avr/4.9.2/avrxmega6\libgcc.a(_divmodsi4.o) (__udivmodsi4)
c:/program files (x86)/atmel/studio/7.0/toolchain/avr8/avr8-gnu-toolchain/bin/../lib/gcc/avr/4.9.2/../../../../avr/lib/avrxmega6\libc.a(malloc.o)
                              LaserLib/CSPI.o (malloc)
c:/program files (x86)/atmel/studio/7.0/toolchain/avr8/avr8-gnu-toolchain/bin/../lib/gcc/avr/4.9.2/../../../../avr/lib/avrxmega6\libc.a(memcpy.o)
                              LaserLib/CSPI.o (memcpy)

Allocating common symbols
Common symbol       size              file

__brkval            0x2               c:/program files (x86)/atmel/studio/7.0/toolchain/avr8/avr8-gnu-toolchain/bin/../lib/gcc/avr/4.9.2/../../../../avr/lib/avrxmega6\libc.a(malloc.o)
__flp               0x2               c:/program files (x86)/atmel/studio/7.0/toolchain/avr8/avr8-gnu-toolchain/bin/../lib/gcc/avr/4.9.2/../../../../avr/lib/avrxmega6\libc.a(malloc.o)

Discarded input sections

 .data          0x00000000        0x0 C:/Program Files (x86)/Atmel/Studio/7.0/Packs/atmel/XMEGAA_DFP/1.0.36/gcc/dev/atxmega128a3/avrxmega6/crtatxmega128a3.o
 .bss           0x00000000        0x0 C:/Program Files (x86)/Atmel/Studio/7.0/Packs/atmel/XMEGAA_DFP/1.0.36/gcc/dev/atxmega128a3/avrxmega6/crtatxmega128a3.o
 .group         0x00000000        0x8 CDGUSUSART.o
 .text          0x00000000        0x0 CDGUSUSART.o
 .data          0x00000000        0x0 CDGUSUSART.o
 .bss           0x00000000        0x0 CDGUSUSART.o
 .data.bsupport_table
                0x00000000       0x20 CDGUSUSART.o
 .text          0x00000000        0x0 CLaserBoard.o
 .data          0x00000000        0x0 CLaserBoard.o
 .bss           0x00000000        0x0 CLaserBoard.o
 .group         0x00000000        0x8 CLaserControlApp.o
 .text          0x00000000        0x0 CLaserControlApp.o
 .data          0x00000000        0x0 CLaserControlApp.o
 .bss           0x00000000        0x0 CLaserControlApp.o
 .text._Z4swapj
                0x00000000        0x8 CLaserControlApp.o
 .text._Z3minjj
                0x00000000        0xa CLaserControlApp.o
 .text._Z3maxjj
                0x00000000        0xa CLaserControlApp.o
 .text._ZN16CLaserControlApp7OnTimerEv
                0x00000000        0x2 CLaserControlApp.o
 .text._ZN16CLaserControlApp9OnTimeoutEv
                0x00000000       0x12 CLaserControlApp.o
 .text          0x00000000        0x0 CSoundPlayer.o
 .data          0x00000000        0x0 CSoundPlayer.o
 .bss           0x00000000        0x0 CSoundPlayer.o
 .group         0x00000000        0x8 CTimerC.o
 .text          0x00000000        0x0 CTimerC.o
 .data          0x00000000        0x0 CTimerC.o
 .bss           0x00000000        0x0 CTimerC.o
 .group         0x00000000        0x8 CTimerF.o
 .text          0x00000000        0x0 CTimerF.o
 .data          0x00000000        0x0 CTimerF.o
 .bss           0x00000000        0x0 CTimerF.o
 .text          0x00000000        0x0 LaserLib/CSPI.o
 .data          0x00000000        0x0 LaserLib/CSPI.o
 .bss           0x00000000        0x0 LaserLib/CSPI.o
 .text._ZN4CSPI12DeinitializeEv
                0x00000000        0xc LaserLib/CSPI.o
 .text._ZN4CSPI8SendByteEh
                0x00000000        0x6 LaserLib/CSPI.o
 .group         0x00000000        0x8 LaserLib/CTimer.o
 .text          0x00000000        0x0 LaserLib/CTimer.o
 .data          0x00000000        0x0 LaserLib/CTimer.o
 .bss           0x00000000        0x0 LaserLib/CTimer.o
 .group         0x00000000        0x8 LaserLib/CUSART.o
 .text          0x00000000        0x0 LaserLib/CUSART.o
 .data          0x00000000        0x0 LaserLib/CUSART.o
 .bss           0x00000000        0x0 LaserLib/CUSART.o
 .text          0x00000000        0x0 LaserLib/intx128.o
 .data          0x00000000        0x0 LaserLib/intx128.o
 .bss           0x00000000        0x0 LaserLib/intx128.o
 .text          0x00000000        0x0 main.o
 .data          0x00000000        0x0 main.o
 .bss           0x00000000        0x0 main.o
 .group         0x00000000        0x8 MODBUS/CMBProtocol.o
 .text          0x00000000        0x0 MODBUS/CMBProtocol.o
 .data          0x00000000        0x0 MODBUS/CMBProtocol.o
 .bss           0x00000000        0x0 MODBUS/CMBProtocol.o
 .rodata._ZTV16CMBEventsHandler
                0x00000000       0x16 MODBUS/CMBProtocol.o
 .group         0x00000000        0x8 MODBUS/CMBSender.o
 .text          0x00000000        0x0 MODBUS/CMBSender.o
 .data          0x00000000        0x0 MODBUS/CMBSender.o
 .bss           0x00000000        0x0 MODBUS/CMBSender.o
 .text._ZN9CMBSender12DeinitializeEv
                0x00000000       0x1c MODBUS/CMBSender.o
 .text._ZN9CMBSender19WriteDataToRegisterEhPhh
                0x00000000       0x6a MODBUS/CMBSender.o
 .text._ZN9CMBSender15WriteDataToSRAMEjPjj
                0x00000000       0x6a MODBUS/CMBSender.o
 .text._ZN9CMBSender9OnTimeoutEv
                0x00000000        0xe MODBUS/CMBSender.o
 .text._ZN9CMBSender18StopMODBUSListenerEv
                0x00000000        0x8 MODBUS/CMBSender.o
 .text._ZN9CMBSender21StopMODBUSTransmitterEv
                0x00000000        0x8 MODBUS/CMBSender.o
 .text          0x00000000        0x0 c:/program files (x86)/atmel/studio/7.0/toolchain/avr8/avr8-gnu-toolchain/bin/../lib/gcc/avr/4.9.2/avrxmega6\libgcc.a(_udivmodhi4.o)
 .data          0x00000000        0x0 c:/program files (x86)/atmel/studio/7.0/toolchain/avr8/avr8-gnu-toolchain/bin/../lib/gcc/avr/4.9.2/avrxmega6\libgcc.a(_udivmodhi4.o)
 .bss           0x00000000        0x0 c:/program files (x86)/atmel/studio/7.0/toolchain/avr8/avr8-gnu-toolchain/bin/../lib/gcc/avr/4.9.2/avrxmega6\libgcc.a(_udivmodhi4.o)
 .text.libgcc.mul
                0x00000000        0x0 c:/program files (x86)/atmel/studio/7.0/toolchain/avr8/avr8-gnu-toolchain/bin/../lib/gcc/avr/4.9.2/avrxmega6\libgcc.a(_udivmodhi4.o)
 .text.libgcc   0x00000000        0x0 c:/program files (x86)/atmel/studio/7.0/toolchain/avr8/avr8-gnu-toolchain/bin/../lib/gcc/avr/4.9.2/avrxmega6\libgcc.a(_udivmodhi4.o)
 .text.libgcc.prologue
                0x00000000        0x0 c:/program files (x86)/atmel/studio/7.0/toolchain/avr8/avr8-gnu-toolchain/bin/../lib/gcc/avr/4.9.2/avrxmega6\libgcc.a(_udivmodhi4.o)
 .text.libgcc.builtins
                0x00000000        0x0 c:/program files (x86)/atmel/studio/7.0/toolchain/avr8/avr8-gnu-toolchain/bin/../lib/gcc/avr/4.9.2/avrxmega6\libgcc.a(_udivmodhi4.o)
 .text.libgcc.fmul
                0x00000000        0x0 c:/program files (x86)/atmel/studio/7.0/toolchain/avr8/avr8-gnu-toolchain/bin/../lib/gcc/avr/4.9.2/avrxmega6\libgcc.a(_udivmodhi4.o)
 .text.libgcc.fixed
                0x00000000        0x0 c:/program files (x86)/atmel/studio/7.0/toolchain/avr8/avr8-gnu-toolchain/bin/../lib/gcc/avr/4.9.2/avrxmega6\libgcc.a(_udivmodhi4.o)
 .text          0x00000000        0x0 c:/program files (x86)/atmel/studio/7.0/toolchain/avr8/avr8-gnu-toolchain/bin/../lib/gcc/avr/4.9.2/avrxmega6\libgcc.a(_divmodsi4.o)
 .data          0x00000000        0x0 c:/program files (x86)/atmel/studio/7.0/toolchain/avr8/avr8-gnu-toolchain/bin/../lib/gcc/avr/4.9.2/avrxmega6\libgcc.a(_divmodsi4.o)
 .bss           0x00000000        0x0 c:/program files (x86)/atmel/studio/7.0/toolchain/avr8/avr8-gnu-toolchain/bin/../lib/gcc/avr/4.9.2/avrxmega6\libgcc.a(_divmodsi4.o)
 .text.libgcc.mul
                0x00000000        0x0 c:/program files (x86)/atmel/studio/7.0/toolchain/avr8/avr8-gnu-toolchain/bin/../lib/gcc/avr/4.9.2/avrxmega6\libgcc.a(_divmodsi4.o)
 .text.libgcc   0x00000000        0x0 c:/program files (x86)/atmel/studio/7.0/toolchain/avr8/avr8-gnu-toolchain/bin/../lib/gcc/avr/4.9.2/avrxmega6\libgcc.a(_divmodsi4.o)
 .text.libgcc.prologue
                0x00000000        0x0 c:/program files (x86)/atmel/studio/7.0/toolchain/avr8/avr8-gnu-toolchain/bin/../lib/gcc/avr/4.9.2/avrxmega6\libgcc.a(_divmodsi4.o)
 .text.libgcc.builtins
                0x00000000        0x0 c:/program files (x86)/atmel/studio/7.0/toolchain/avr8/avr8-gnu-toolchain/bin/../lib/gcc/avr/4.9.2/avrxmega6\libgcc.a(_divmodsi4.o)
 .text.libgcc.fmul
                0x00000000        0x0 c:/program files (x86)/atmel/studio/7.0/toolchain/avr8/avr8-gnu-toolchain/bin/../lib/gcc/avr/4.9.2/avrxmega6\libgcc.a(_divmodsi4.o)
 .text.libgcc.fixed
                0x00000000        0x0 c:/program files (x86)/atmel/studio/7.0/toolchain/avr8/avr8-gnu-toolchain/bin/../lib/gcc/avr/4.9.2/avrxmega6\libgcc.a(_divmodsi4.o)
 .text          0x00000000        0x0 c:/program files (x86)/atmel/studio/7.0/toolchain/avr8/avr8-gnu-toolchain/bin/../lib/gcc/avr/4.9.2/avrxmega6\libgcc.a(_negsi2.o)
 .data          0x00000000        0x0 c:/program files (x86)/atmel/studio/7.0/toolchain/avr8/avr8-gnu-toolchain/bin/../lib/gcc/avr/4.9.2/avrxmega6\libgcc.a(_negsi2.o)
 .bss           0x00000000        0x0 c:/program files (x86)/atmel/studio/7.0/toolchain/avr8/avr8-gnu-toolchain/bin/../lib/gcc/avr/4.9.2/avrxmega6\libgcc.a(_negsi2.o)
 .text.libgcc.mul
                0x00000000        0x0 c:/program files (x86)/atmel/studio/7.0/toolchain/avr8/avr8-gnu-toolchain/bin/../lib/gcc/avr/4.9.2/avrxmega6\libgcc.a(_negsi2.o)
 .text.libgcc   0x00000000        0x0 c:/program files (x86)/atmel/studio/7.0/toolchain/avr8/avr8-gnu-toolchain/bin/../lib/gcc/avr/4.9.2/avrxmega6\libgcc.a(_negsi2.o)
 .text.libgcc.prologue
                0x00000000        0x0 c:/program files (x86)/atmel/studio/7.0/toolchain/avr8/avr8-gnu-toolchain/bin/../lib/gcc/avr/4.9.2/avrxmega6\libgcc.a(_negsi2.o)
 .text.libgcc.builtins
                0x00000000        0x0 c:/program files (x86)/atmel/studio/7.0/toolchain/avr8/avr8-gnu-toolchain/bin/../lib/gcc/avr/4.9.2/avrxmega6\libgcc.a(_negsi2.o)
 .text.libgcc.fmul
                0x00000000        0x0 c:/program files (x86)/atmel/studio/7.0/toolchain/avr8/avr8-gnu-toolchain/bin/../lib/gcc/avr/4.9.2/avrxmega6\libgcc.a(_negsi2.o)
 .text.libgcc.fixed
                0x00000000        0x0 c:/program files (x86)/atmel/studio/7.0/toolchain/avr8/avr8-gnu-toolchain/bin/../lib/gcc/avr/4.9.2/avrxmega6\libgcc.a(_negsi2.o)
 .text          0x00000000        0x0 c:/program files (x86)/atmel/studio/7.0/toolchain/avr8/avr8-gnu-toolchain/bin/../lib/gcc/avr/4.9.2/avrxmega6\libgcc.a(_exit.o)
 .data          0x00000000        0x0 c:/program files (x86)/atmel/studio/7.0/toolchain/avr8/avr8-gnu-toolchain/bin/../lib/gcc/avr/4.9.2/avrxmega6\libgcc.a(_exit.o)
 .bss           0x00000000        0x0 c:/program files (x86)/atmel/studio/7.0/toolchain/avr8/avr8-gnu-toolchain/bin/../lib/gcc/avr/4.9.2/avrxmega6\libgcc.a(_exit.o)
 .text.libgcc.mul
                0x00000000        0x0 c:/program files (x86)/atmel/studio/7.0/toolchain/avr8/avr8-gnu-toolchain/bin/../lib/gcc/avr/4.9.2/avrxmega6\libgcc.a(_exit.o)
 .text.libgcc.div
                0x00000000        0x0 c:/program files (x86)/atmel/studio/7.0/toolchain/avr8/avr8-gnu-toolchain/bin/../lib/gcc/avr/4.9.2/avrxmega6\libgcc.a(_exit.o)
 .text.libgcc   0x00000000        0x0 c:/program files (x86)/atmel/studio/7.0/toolchain/avr8/avr8-gnu-toolchain/bin/../lib/gcc/avr/4.9.2/avrxmega6\libgcc.a(_exit.o)
 .text.libgcc.prologue
                0x00000000        0x0 c:/program files (x86)/atmel/studio/7.0/toolchain/avr8/avr8-gnu-toolchain/bin/../lib/gcc/avr/4.9.2/avrxmega6\libgcc.a(_exit.o)
 .text.libgcc.builtins
                0x00000000        0x0 c:/program files (x86)/atmel/studio/7.0/toolchain/avr8/avr8-gnu-toolchain/bin/../lib/gcc/avr/4.9.2/avrxmega6\libgcc.a(_exit.o)
 .text.libgcc.fmul
                0x00000000        0x0 c:/program files (x86)/atmel/studio/7.0/toolchain/avr8/avr8-gnu-toolchain/bin/../lib/gcc/avr/4.9.2/avrxmega6\libgcc.a(_exit.o)
 .text.libgcc.fixed
                0x00000000        0x0 c:/program files (x86)/atmel/studio/7.0/toolchain/avr8/avr8-gnu-toolchain/bin/../lib/gcc/avr/4.9.2/avrxmega6\libgcc.a(_exit.o)
 .text          0x00000000        0x0 c:/program files (x86)/atmel/studio/7.0/toolchain/avr8/avr8-gnu-toolchain/bin/../lib/gcc/avr/4.9.2/avrxmega6\libgcc.a(_tablejump2.o)
 .data          0x00000000        0x0 c:/program files (x86)/atmel/studio/7.0/toolchain/avr8/avr8-gnu-toolchain/bin/../lib/gcc/avr/4.9.2/avrxmega6\libgcc.a(_tablejump2.o)
 .bss           0x00000000        0x0 c:/program files (x86)/atmel/studio/7.0/toolchain/avr8/avr8-gnu-toolchain/bin/../lib/gcc/avr/4.9.2/avrxmega6\libgcc.a(_tablejump2.o)
 .text.libgcc.mul
                0x00000000        0x0 c:/program files (x86)/atmel/studio/7.0/toolchain/avr8/avr8-gnu-toolchain/bin/../lib/gcc/avr/4.9.2/avrxmega6\libgcc.a(_tablejump2.o)
 .text.libgcc.div
                0x00000000        0x0 c:/program files (x86)/atmel/studio/7.0/toolchain/avr8/avr8-gnu-toolchain/bin/../lib/gcc/avr/4.9.2/avrxmega6\libgcc.a(_tablejump2.o)
 .text.libgcc.prologue
                0x00000000        0x0 c:/program files (x86)/atmel/studio/7.0/toolchain/avr8/avr8-gnu-toolchain/bin/../lib/gcc/avr/4.9.2/avrxmega6\libgcc.a(_tablejump2.o)
 .text.libgcc.builtins
                0x00000000        0x0 c:/program files (x86)/atmel/studio/7.0/toolchain/avr8/avr8-gnu-toolchain/bin/../lib/gcc/avr/4.9.2/avrxmega6\libgcc.a(_tablejump2.o)
 .text.libgcc.fmul
                0x00000000        0x0 c:/program files (x86)/atmel/studio/7.0/toolchain/avr8/avr8-gnu-toolchain/bin/../lib/gcc/avr/4.9.2/avrxmega6\libgcc.a(_tablejump2.o)
 .text.libgcc.fixed
                0x00000000        0x0 c:/program files (x86)/atmel/studio/7.0/toolchain/avr8/avr8-gnu-toolchain/bin/../lib/gcc/avr/4.9.2/avrxmega6\libgcc.a(_tablejump2.o)
 .text          0x00000000        0x0 c:/program files (x86)/atmel/studio/7.0/toolchain/avr8/avr8-gnu-toolchain/bin/../lib/gcc/avr/4.9.2/avrxmega6\libgcc.a(_copy_data.o)
 .data          0x00000000        0x0 c:/program files (x86)/atmel/studio/7.0/toolchain/avr8/avr8-gnu-toolchain/bin/../lib/gcc/avr/4.9.2/avrxmega6\libgcc.a(_copy_data.o)
 .bss           0x00000000        0x0 c:/program files (x86)/atmel/studio/7.0/toolchain/avr8/avr8-gnu-toolchain/bin/../lib/gcc/avr/4.9.2/avrxmega6\libgcc.a(_copy_data.o)
 .text.libgcc.mul
                0x00000000        0x0 c:/program files (x86)/atmel/studio/7.0/toolchain/avr8/avr8-gnu-toolchain/bin/../lib/gcc/avr/4.9.2/avrxmega6\libgcc.a(_copy_data.o)
 .text.libgcc.div
                0x00000000        0x0 c:/program files (x86)/atmel/studio/7.0/toolchain/avr8/avr8-gnu-toolchain/bin/../lib/gcc/avr/4.9.2/avrxmega6\libgcc.a(_copy_data.o)
 .text.libgcc   0x00000000        0x0 c:/program files (x86)/atmel/studio/7.0/toolchain/avr8/avr8-gnu-toolchain/bin/../lib/gcc/avr/4.9.2/avrxmega6\libgcc.a(_copy_data.o)
 .text.libgcc.prologue
                0x00000000        0x0 c:/program files (x86)/atmel/studio/7.0/toolchain/avr8/avr8-gnu-toolchain/bin/../lib/gcc/avr/4.9.2/avrxmega6\libgcc.a(_copy_data.o)
 .text.libgcc.builtins
                0x00000000        0x0 c:/program files (x86)/atmel/studio/7.0/toolchain/avr8/avr8-gnu-toolchain/bin/../lib/gcc/avr/4.9.2/avrxmega6\libgcc.a(_copy_data.o)
 .text.libgcc.fmul
                0x00000000        0x0 c:/program files (x86)/atmel/studio/7.0/toolchain/avr8/avr8-gnu-toolchain/bin/../lib/gcc/avr/4.9.2/avrxmega6\libgcc.a(_copy_data.o)
 .text.libgcc.fixed
                0x00000000        0x0 c:/program files (x86)/atmel/studio/7.0/toolchain/avr8/avr8-gnu-toolchain/bin/../lib/gcc/avr/4.9.2/avrxmega6\libgcc.a(_copy_data.o)
 .text          0x00000000        0x0 c:/program files (x86)/atmel/studio/7.0/toolchain/avr8/avr8-gnu-toolchain/bin/../lib/gcc/avr/4.9.2/avrxmega6\libgcc.a(_clear_bss.o)
 .data          0x00000000        0x0 c:/program files (x86)/atmel/studio/7.0/toolchain/avr8/avr8-gnu-toolchain/bin/../lib/gcc/avr/4.9.2/avrxmega6\libgcc.a(_clear_bss.o)
 .bss           0x00000000        0x0 c:/program files (x86)/atmel/studio/7.0/toolchain/avr8/avr8-gnu-toolchain/bin/../lib/gcc/avr/4.9.2/avrxmega6\libgcc.a(_clear_bss.o)
 .text.libgcc.mul
                0x00000000        0x0 c:/program files (x86)/atmel/studio/7.0/toolchain/avr8/avr8-gnu-toolchain/bin/../lib/gcc/avr/4.9.2/avrxmega6\libgcc.a(_clear_bss.o)
 .text.libgcc.div
                0x00000000        0x0 c:/program files (x86)/atmel/studio/7.0/toolchain/avr8/avr8-gnu-toolchain/bin/../lib/gcc/avr/4.9.2/avrxmega6\libgcc.a(_clear_bss.o)
 .text.libgcc   0x00000000        0x0 c:/program files (x86)/atmel/studio/7.0/toolchain/avr8/avr8-gnu-toolchain/bin/../lib/gcc/avr/4.9.2/avrxmega6\libgcc.a(_clear_bss.o)
 .text.libgcc.prologue
                0x00000000        0x0 c:/program files (x86)/atmel/studio/7.0/toolchain/avr8/avr8-gnu-toolchain/bin/../lib/gcc/avr/4.9.2/avrxmega6\libgcc.a(_clear_bss.o)
 .text.libgcc.builtins
                0x00000000        0x0 c:/program files (x86)/atmel/studio/7.0/toolchain/avr8/avr8-gnu-toolchain/bin/../lib/gcc/avr/4.9.2/avrxmega6\libgcc.a(_clear_bss.o)
 .text.libgcc.fmul
                0x00000000        0x0 c:/program files (x86)/atmel/studio/7.0/toolchain/avr8/avr8-gnu-toolchain/bin/../lib/gcc/avr/4.9.2/avrxmega6\libgcc.a(_clear_bss.o)
 .text.libgcc.fixed
                0x00000000        0x0 c:/program files (x86)/atmel/studio/7.0/toolchain/avr8/avr8-gnu-toolchain/bin/../lib/gcc/avr/4.9.2/avrxmega6\libgcc.a(_clear_bss.o)
 .text          0x00000000        0x0 c:/program files (x86)/atmel/studio/7.0/toolchain/avr8/avr8-gnu-toolchain/bin/../lib/gcc/avr/4.9.2/avrxmega6\libgcc.a(_ctors.o)
 .data          0x00000000        0x0 c:/program files (x86)/atmel/studio/7.0/toolchain/avr8/avr8-gnu-toolchain/bin/../lib/gcc/avr/4.9.2/avrxmega6\libgcc.a(_ctors.o)
 .bss           0x00000000        0x0 c:/program files (x86)/atmel/studio/7.0/toolchain/avr8/avr8-gnu-toolchain/bin/../lib/gcc/avr/4.9.2/avrxmega6\libgcc.a(_ctors.o)
 .text.libgcc.mul
                0x00000000        0x0 c:/program files (x86)/atmel/studio/7.0/toolchain/avr8/avr8-gnu-toolchain/bin/../lib/gcc/avr/4.9.2/avrxmega6\libgcc.a(_ctors.o)
 .text.libgcc.div
                0x00000000        0x0 c:/program files (x86)/atmel/studio/7.0/toolchain/avr8/avr8-gnu-toolchain/bin/../lib/gcc/avr/4.9.2/avrxmega6\libgcc.a(_ctors.o)
 .text.libgcc   0x00000000        0x0 c:/program files (x86)/atmel/studio/7.0/toolchain/avr8/avr8-gnu-toolchain/bin/../lib/gcc/avr/4.9.2/avrxmega6\libgcc.a(_ctors.o)
 .text.libgcc.prologue
                0x00000000        0x0 c:/program files (x86)/atmel/studio/7.0/toolchain/avr8/avr8-gnu-toolchain/bin/../lib/gcc/avr/4.9.2/avrxmega6\libgcc.a(_ctors.o)
 .text.libgcc.builtins
                0x00000000        0x0 c:/program files (x86)/atmel/studio/7.0/toolchain/avr8/avr8-gnu-toolchain/bin/../lib/gcc/avr/4.9.2/avrxmega6\libgcc.a(_ctors.o)
 .text.libgcc.fmul
                0x00000000        0x0 c:/program files (x86)/atmel/studio/7.0/toolchain/avr8/avr8-gnu-toolchain/bin/../lib/gcc/avr/4.9.2/avrxmega6\libgcc.a(_ctors.o)
 .text.libgcc.fixed
                0x00000000        0x0 c:/program files (x86)/atmel/studio/7.0/toolchain/avr8/avr8-gnu-toolchain/bin/../lib/gcc/avr/4.9.2/avrxmega6\libgcc.a(_ctors.o)
 .text          0x00000000        0x0 c:/program files (x86)/atmel/studio/7.0/toolchain/avr8/avr8-gnu-toolchain/bin/../lib/gcc/avr/4.9.2/avrxmega6\libgcc.a(_dtors.o)
 .data          0x00000000        0x0 c:/program files (x86)/atmel/studio/7.0/toolchain/avr8/avr8-gnu-toolchain/bin/../lib/gcc/avr/4.9.2/avrxmega6\libgcc.a(_dtors.o)
 .bss           0x00000000        0x0 c:/program files (x86)/atmel/studio/7.0/toolchain/avr8/avr8-gnu-toolchain/bin/../lib/gcc/avr/4.9.2/avrxmega6\libgcc.a(_dtors.o)
 .text.libgcc.mul
                0x00000000        0x0 c:/program files (x86)/atmel/studio/7.0/toolchain/avr8/avr8-gnu-toolchain/bin/../lib/gcc/avr/4.9.2/avrxmega6\libgcc.a(_dtors.o)
 .text.libgcc.div
                0x00000000        0x0 c:/program files (x86)/atmel/studio/7.0/toolchain/avr8/avr8-gnu-toolchain/bin/../lib/gcc/avr/4.9.2/avrxmega6\libgcc.a(_dtors.o)
 .text.libgcc   0x00000000        0x0 c:/program files (x86)/atmel/studio/7.0/toolchain/avr8/avr8-gnu-toolchain/bin/../lib/gcc/avr/4.9.2/avrxmega6\libgcc.a(_dtors.o)
 .text.libgcc.prologue
                0x00000000        0x0 c:/program files (x86)/atmel/studio/7.0/toolchain/avr8/avr8-gnu-toolchain/bin/../lib/gcc/avr/4.9.2/avrxmega6\libgcc.a(_dtors.o)
 .text.libgcc.builtins
                0x00000000        0x0 c:/program files (x86)/atmel/studio/7.0/toolchain/avr8/avr8-gnu-toolchain/bin/../lib/gcc/avr/4.9.2/avrxmega6\libgcc.a(_dtors.o)
 .text.libgcc.fmul
                0x00000000        0x0 c:/program files (x86)/atmel/studio/7.0/toolchain/avr8/avr8-gnu-toolchain/bin/../lib/gcc/avr/4.9.2/avrxmega6\libgcc.a(_dtors.o)
 .text.libgcc.fixed
                0x00000000        0x0 c:/program files (x86)/atmel/studio/7.0/toolchain/avr8/avr8-gnu-toolchain/bin/../lib/gcc/avr/4.9.2/avrxmega6\libgcc.a(_dtors.o)
 .text          0x00000000        0x0 c:/program files (x86)/atmel/studio/7.0/toolchain/avr8/avr8-gnu-toolchain/bin/../lib/gcc/avr/4.9.2/avrxmega6\libgcc.a(_umulhisi3.o)
 .data          0x00000000        0x0 c:/program files (x86)/atmel/studio/7.0/toolchain/avr8/avr8-gnu-toolchain/bin/../lib/gcc/avr/4.9.2/avrxmega6\libgcc.a(_umulhisi3.o)
 .bss           0x00000000        0x0 c:/program files (x86)/atmel/studio/7.0/toolchain/avr8/avr8-gnu-toolchain/bin/../lib/gcc/avr/4.9.2/avrxmega6\libgcc.a(_umulhisi3.o)
 .text.libgcc.div
                0x00000000        0x0 c:/program files (x86)/atmel/studio/7.0/toolchain/avr8/avr8-gnu-toolchain/bin/../lib/gcc/avr/4.9.2/avrxmega6\libgcc.a(_umulhisi3.o)
 .text.libgcc   0x00000000        0x0 c:/program files (x86)/atmel/studio/7.0/toolchain/avr8/avr8-gnu-toolchain/bin/../lib/gcc/avr/4.9.2/avrxmega6\libgcc.a(_umulhisi3.o)
 .text.libgcc.prologue
                0x00000000        0x0 c:/program files (x86)/atmel/studio/7.0/toolchain/avr8/avr8-gnu-toolchain/bin/../lib/gcc/avr/4.9.2/avrxmega6\libgcc.a(_umulhisi3.o)
 .text.libgcc.builtins
                0x00000000        0x0 c:/program files (x86)/atmel/studio/7.0/toolchain/avr8/avr8-gnu-toolchain/bin/../lib/gcc/avr/4.9.2/avrxmega6\libgcc.a(_umulhisi3.o)
 .text.libgcc.fmul
                0x00000000        0x0 c:/program files (x86)/atmel/studio/7.0/toolchain/avr8/avr8-gnu-toolchain/bin/../lib/gcc/avr/4.9.2/avrxmega6\libgcc.a(_umulhisi3.o)
 .text.libgcc.fixed
                0x00000000        0x0 c:/program files (x86)/atmel/studio/7.0/toolchain/avr8/avr8-gnu-toolchain/bin/../lib/gcc/avr/4.9.2/avrxmega6\libgcc.a(_umulhisi3.o)
 .text          0x00000000        0x0 c:/program files (x86)/atmel/studio/7.0/toolchain/avr8/avr8-gnu-toolchain/bin/../lib/gcc/avr/4.9.2/avrxmega6\libgcc.a(_udivmodsi4.o)
 .data          0x00000000        0x0 c:/program files (x86)/atmel/studio/7.0/toolchain/avr8/avr8-gnu-toolchain/bin/../lib/gcc/avr/4.9.2/avrxmega6\libgcc.a(_udivmodsi4.o)
 .bss           0x00000000        0x0 c:/program files (x86)/atmel/studio/7.0/toolchain/avr8/avr8-gnu-toolchain/bin/../lib/gcc/avr/4.9.2/avrxmega6\libgcc.a(_udivmodsi4.o)
 .text.libgcc.mul
                0x00000000        0x0 c:/program files (x86)/atmel/studio/7.0/toolchain/avr8/avr8-gnu-toolchain/bin/../lib/gcc/avr/4.9.2/avrxmega6\libgcc.a(_udivmodsi4.o)
 .text.libgcc   0x00000000        0x0 c:/program files (x86)/atmel/studio/7.0/toolchain/avr8/avr8-gnu-toolchain/bin/../lib/gcc/avr/4.9.2/avrxmega6\libgcc.a(_udivmodsi4.o)
 .text.libgcc.prologue
                0x00000000        0x0 c:/program files (x86)/atmel/studio/7.0/toolchain/avr8/avr8-gnu-toolchain/bin/../lib/gcc/avr/4.9.2/avrxmega6\libgcc.a(_udivmodsi4.o)
 .text.libgcc.builtins
                0x00000000        0x0 c:/program files (x86)/atmel/studio/7.0/toolchain/avr8/avr8-gnu-toolchain/bin/../lib/gcc/avr/4.9.2/avrxmega6\libgcc.a(_udivmodsi4.o)
 .text.libgcc.fmul
                0x00000000        0x0 c:/program files (x86)/atmel/studio/7.0/toolchain/avr8/avr8-gnu-toolchain/bin/../lib/gcc/avr/4.9.2/avrxmega6\libgcc.a(_udivmodsi4.o)
 .text.libgcc.fixed
                0x00000000        0x0 c:/program files (x86)/atmel/studio/7.0/toolchain/avr8/avr8-gnu-toolchain/bin/../lib/gcc/avr/4.9.2/avrxmega6\libgcc.a(_udivmodsi4.o)
 .text          0x00000000        0x0 c:/program files (x86)/atmel/studio/7.0/toolchain/avr8/avr8-gnu-toolchain/bin/../lib/gcc/avr/4.9.2/../../../../avr/lib/avrxmega6\libc.a(malloc.o)
 .bss           0x00000000        0x0 c:/program files (x86)/atmel/studio/7.0/toolchain/avr8/avr8-gnu-toolchain/bin/../lib/gcc/avr/4.9.2/../../../../avr/lib/avrxmega6\libc.a(malloc.o)
 .text          0x00000000        0x0 c:/program files (x86)/atmel/studio/7.0/toolchain/avr8/avr8-gnu-toolchain/bin/../lib/gcc/avr/4.9.2/../../../../avr/lib/avrxmega6\libc.a(memcpy.o)
 .data          0x00000000        0x0 c:/program files (x86)/atmel/studio/7.0/toolchain/avr8/avr8-gnu-toolchain/bin/../lib/gcc/avr/4.9.2/../../../../avr/lib/avrxmega6\libc.a(memcpy.o)
 .bss           0x00000000        0x0 c:/program files (x86)/atmel/studio/7.0/toolchain/avr8/avr8-gnu-toolchain/bin/../lib/gcc/avr/4.9.2/../../../../avr/lib/avrxmega6\libc.a(memcpy.o)

Memory Configuration

Name             Origin             Length             Attributes
text             0x00000000         0x00100000         xr
data             0x00802000         0x0000ffa0         rw !x
eeprom           0x00810000         0x00010000         rw !x
fuse             0x00820000         0x00000400         rw !x
lock             0x00830000         0x00000400         rw !x
signature        0x00840000         0x00000400         rw !x
user_signatures  0x00850000         0x00000400         rw !x
*default*        0x00000000         0xffffffff

Linker script and memory map

LOAD C:/Program Files (x86)/Atmel/Studio/7.0/Packs/atmel/XMEGAA_DFP/1.0.36/gcc/dev/atxmega128a3/avrxmega6/crtatxmega128a3.o
LOAD CDGUSUSART.o
LOAD CLaserBoard.o
LOAD CLaserControlApp.o
LOAD CSoundPlayer.o
LOAD CTimerC.o
LOAD CTimerF.o
LOAD LaserLib/CSPI.o
LOAD LaserLib/CTimer.o
LOAD LaserLib/CUSART.o
LOAD LaserLib/intx128.o
LOAD main.o
LOAD MODBUS/CMBProtocol.o
LOAD MODBUS/CMBSender.o
START GROUP
LOAD c:/program files (x86)/atmel/studio/7.0/toolchain/avr8/avr8-gnu-toolchain/bin/../lib/gcc/avr/4.9.2/../../../../avr/lib/avrxmega6\libm.a
END GROUP
LOAD c:/program files (x86)/atmel/studio/7.0/toolchain/avr8/avr8-gnu-toolchain/bin/../lib/gcc/avr/4.9.2/avrxmega6\libgcc.a
LOAD c:/program files (x86)/atmel/studio/7.0/toolchain/avr8/avr8-gnu-toolchain/bin/../lib/gcc/avr/4.9.2/../../../../avr/lib/avrxmega6\libm.a
START GROUP
LOAD c:/program files (x86)/atmel/studio/7.0/toolchain/avr8/avr8-gnu-toolchain/bin/../lib/gcc/avr/4.9.2/avrxmega6\libgcc.a
LOAD c:/program files (x86)/atmel/studio/7.0/toolchain/avr8/avr8-gnu-toolchain/bin/../lib/gcc/avr/4.9.2/../../../../avr/lib/avrxmega6\libm.a
LOAD c:/program files (x86)/atmel/studio/7.0/toolchain/avr8/avr8-gnu-toolchain/bin/../lib/gcc/avr/4.9.2/../../../../avr/lib/avrxmega6\libc.a
LOAD C:/Program Files (x86)/Atmel/Studio/7.0/Packs/atmel/XMEGAA_DFP/1.0.36/gcc/dev/atxmega128a3/avrxmega6\libatxmega128a3.a
END GROUP

.hash
 *(.hash)

.dynsym
 *(.dynsym)

.dynstr
 *(.dynstr)

.gnu.version
 *(.gnu.version)

.gnu.version_d
 *(.gnu.version_d)

.gnu.version_r
 *(.gnu.version_r)

.rel.init
 *(.rel.init)

.rela.init
 *(.rela.init)

.rel.text
 *(.rel.text)
 *(.rel.text.*)
 *(.rel.gnu.linkonce.t*)

.rela.text
 *(.rela.text)
 *(.rela.text.*)
 *(.rela.gnu.linkonce.t*)

.rel.fini
 *(.rel.fini)

.rela.fini
 *(.rela.fini)

.rel.rodata
 *(.rel.rodata)
 *(.rel.rodata.*)
 *(.rel.gnu.linkonce.r*)

.rela.rodata
 *(.rela.rodata)
 *(.rela.rodata.*)
 *(.rela.gnu.linkonce.r*)

.rel.data
 *(.rel.data)
 *(.rel.data.*)
 *(.rel.gnu.linkonce.d*)

.rela.data
 *(.rela.data)
 *(.rela.data.*)
 *(.rela.gnu.linkonce.d*)

.rel.ctors
 *(.rel.ctors)

.rela.ctors
 *(.rela.ctors)

.rel.dtors
 *(.rel.dtors)

.rela.dtors
 *(.rela.dtors)

.rel.got
 *(.rel.got)

.rela.got
 *(.rela.got)

.rel.bss
 *(.rel.bss)

.rela.bss
 *(.rela.bss)

.rel.plt
 *(.rel.plt)

.rela.plt
 *(.rela.plt)

.text           0x00000000     0x4cb2
 *(.vectors)
 .vectors       0x00000000      0x1e8 C:/Program Files (x86)/Atmel/Studio/7.0/Packs/atmel/XMEGAA_DFP/1.0.36/gcc/dev/atxmega128a3/avrxmega6/crtatxmega128a3.o
                0x00000000                __vector_default
                0x00000000                __vectors
 *(.vectors)
 *(.progmem.gcc*)
 .progmem.gcc_sw_table._ZN16CLaserControlApp18OnRegisterReceivedEhPhh
                0x000001e8       0x28 CLaserControlApp.o
 .progmem.gcc_sw_table._ZN9CMBSender13OnReceiveByteEh
                0x00000210       0x16 MODBUS/CMBSender.o
                0x00000226                . = ALIGN (0x2)
                0x00000226                __trampolines_start = .
 *(.trampolines)
 .trampolines   0x00000226      0x16c linker stubs
 *(.trampolines*)
                0x00000392                __trampolines_end = .
 *(.progmem*)
                0x00000392                . = ALIGN (0x2)
 *(.jumptables)
 *(.jumptables*)
 *(.lowtext)
 *(.lowtext*)
                0x00000392                __ctors_start = .
 *(.ctors)
 .ctors         0x00000392        0x2 CLaserControlApp.o
 .ctors         0x00000394        0x2 main.o
                0x00000396                __ctors_end = .
                0x00000396                __dtors_start = .
 *(.dtors)
 .dtors         0x00000396        0x2 CLaserControlApp.o
 .dtors         0x00000398        0x2 main.o
                0x0000039a                __dtors_end = .
 SORT(*)(.ctors)
 SORT(*)(.dtors)
 *(.init0)
 .init0         0x0000039a        0x0 C:/Program Files (x86)/Atmel/Studio/7.0/Packs/atmel/XMEGAA_DFP/1.0.36/gcc/dev/atxmega128a3/avrxmega6/crtatxmega128a3.o
                0x0000039a                __init
 *(.init0)
 *(.init1)
 *(.init1)
 *(.init2)
 .init2         0x0000039a       0x10 C:/Program Files (x86)/Atmel/Studio/7.0/Packs/atmel/XMEGAA_DFP/1.0.36/gcc/dev/atxmega128a3/avrxmega6/crtatxmega128a3.o
 *(.init2)
 *(.init3)
 *(.init3)
 *(.init4)
 .init4         0x000003aa       0x1a c:/program files (x86)/atmel/studio/7.0/toolchain/avr8/avr8-gnu-toolchain/bin/../lib/gcc/avr/4.9.2/avrxmega6\libgcc.a(_copy_data.o)
                0x000003aa                __do_copy_data
 .init4         0x000003c4       0x10 c:/program files (x86)/atmel/studio/7.0/toolchain/avr8/avr8-gnu-toolchain/bin/../lib/gcc/avr/4.9.2/avrxmega6\libgcc.a(_clear_bss.o)
                0x000003c4                __do_clear_bss
 *(.init4)
 *(.init5)
 *(.init5)
 *(.init6)
 .init6         0x000003d4       0x20 c:/program files (x86)/atmel/studio/7.0/toolchain/avr8/avr8-gnu-toolchain/bin/../lib/gcc/avr/4.9.2/avrxmega6\libgcc.a(_ctors.o)
                0x000003d4                __do_global_ctors
 *(.init6)
 *(.init7)
 *(.init7)
 *(.init8)
 *(.init8)
 *(.init9)
 .init9         0x000003f4        0x8 C:/Program Files (x86)/Atmel/Studio/7.0/Packs/atmel/XMEGAA_DFP/1.0.36/gcc/dev/atxmega128a3/avrxmega6/crtatxmega128a3.o
 *(.init9)
 *(.text)
 .text          0x000003fc        0x4 C:/Program Files (x86)/Atmel/Studio/7.0/Packs/atmel/XMEGAA_DFP/1.0.36/gcc/dev/atxmega128a3/avrxmega6/crtatxmega128a3.o
                0x000003fc                __vector_75
                0x000003fc                __vector_102
                0x000003fc                __bad_interrupt
                0x000003fc                __vector_114
                0x000003fc                __vector_117
                0x000003fc                __vector_107
                0x000003fc                __vector_98
                0x000003fc                __vector_99
                0x000003fc                __vector_100
                0x000003fc                __vector_101
                0x000003fc                __vector_76
                0x000003fc                __vector_115
                0x000003fc                __vector_95
                0x000003fc                __vector_103
                0x000003fc                __vector_96
                0x000003fc                __vector_106
                0x000003fc                __vector_118
                0x000003fc                __vector_94
                0x000003fc                __vector_116
                0x000003fc                __vector_97
                0x00000400                . = ALIGN (0x2)
 *(.text.*)
 .text._ZN10CDGUSUSART10InitializeE13BAUDRATE_ENUM11PARITY_ENUM12STOBITS_ENUMb
                0x00000400       0x76 CDGUSUSART.o
                0x00000400                _ZN10CDGUSUSART10InitializeE13BAUDRATE_ENUM11PARITY_ENUM12STOBITS_ENUMb
 .text._ZN10CDGUSUSART15GetReceivedByteEv
                0x00000476        0x6 CDGUSUSART.o
                0x00000476                _ZN10CDGUSUSART15GetReceivedByteEv
 .text._ZN10CDGUSUSART19SetTransmittingByteEh
                0x0000047c        0x6 CDGUSUSART.o
                0x0000047c                _ZN10CDGUSUSART19SetTransmittingByteEh
 .text._ZN10CDGUSUSART14IsTransmittingEv
                0x00000482       0x10 CDGUSUSART.o
                0x00000482                _ZN10CDGUSUSART14IsTransmittingEv
 .text._ZN10CDGUSUSART11IsReceivingEv
                0x00000492        0xe CDGUSUSART.o
                0x00000492                _ZN10CDGUSUSART11IsReceivingEv
 .text._ZN10CDGUSUSART11IsDataEmptyEv
                0x000004a0       0x10 CDGUSUSART.o
                0x000004a0                _ZN10CDGUSUSART11IsDataEmptyEv
 .text._ZN10CDGUSUSART25SetRxInterruptionCallbackEPvPFvS0_E
                0x000004b0       0x12 CDGUSUSART.o
                0x000004b0                _ZN10CDGUSUSART25SetRxInterruptionCallbackEPvPFvS0_E
 .text._ZN10CDGUSUSART25SetTxInterruptionCallbackEPvPFvS0_E
                0x000004c2       0x12 CDGUSUSART.o
                0x000004c2                _ZN10CDGUSUSART25SetTxInterruptionCallbackEPvPFvS0_E
 .text._ZN10CDGUSUSART12SetDMARxTrigEP13DMA_CH_struct
                0x000004d4       0x12 CDGUSUSART.o
                0x000004d4                _ZN10CDGUSUSART12SetDMARxTrigEP13DMA_CH_struct
 .text._ZN10CDGUSUSART12SetDMATxTrigEP13DMA_CH_struct
                0x000004e6       0x12 CDGUSUSART.o
                0x000004e6                _ZN10CDGUSUSART12SetDMATxTrigEP13DMA_CH_struct
 .text._ZN10CDGUSUSARTC2Ev
                0x000004f8       0x18 CDGUSUSART.o
                0x000004f8                _ZN10CDGUSUSARTC1Ev
                0x000004f8                _ZN10CDGUSUSARTC2Ev
 .text._ZN10CDGUSUSARTD2Ev
                0x00000510       0x10 CDGUSUSART.o
                0x00000510                _ZN10CDGUSUSARTD2Ev
                0x00000510                _ZN10CDGUSUSARTD1Ev
 .text._ZN11CLaserBoardC2Ev
                0x00000520        0x2 CLaserBoard.o
                0x00000520                _ZN11CLaserBoardC1Ev
                0x00000520                _ZN11CLaserBoardC2Ev
 .text._ZN11CLaserBoardD2Ev
                0x00000522        0x2 CLaserBoard.o
                0x00000522                _ZN11CLaserBoardD2Ev
                0x00000522                _ZN11CLaserBoardD1Ev
 .text._ZN11CLaserBoard12InitializeIOEv
                0x00000524       0xae CLaserBoard.o
                0x00000524                _ZN11CLaserBoard12InitializeIOEv
 .text._ZN11CLaserBoard15InitializeClockEv
                0x000005d2       0x6a CLaserBoard.o
                0x000005d2                _ZN11CLaserBoard15InitializeClockEv
 .text._ZN11CLaserBoard8Relay1OnEv
                0x0000063c        0x8 CLaserBoard.o
                0x0000063c                _ZN11CLaserBoard8Relay1OnEv
 .text._ZN11CLaserBoard8Relay2OnEv
                0x00000644        0x8 CLaserBoard.o
                0x00000644                _ZN11CLaserBoard8Relay2OnEv
 .text._ZN11CLaserBoard9Relay1OffEv
                0x0000064c        0x8 CLaserBoard.o
                0x0000064c                _ZN11CLaserBoard9Relay1OffEv
 .text._ZN11CLaserBoard9Relay2OffEv
                0x00000654        0x8 CLaserBoard.o
                0x00000654                _ZN11CLaserBoard9Relay2OffEv
 .text._ZN11CLaserBoard12LaserPowerOnEv
                0x0000065c        0x8 CLaserBoard.o
                0x0000065c                _ZN11CLaserBoard12LaserPowerOnEv
 .text._ZN11CLaserBoard13LaserPowerOffEv
                0x00000664        0x8 CLaserBoard.o
                0x00000664                _ZN11CLaserBoard13LaserPowerOffEv
 .text._ZN11CLaserBoard4BeepEv
                0x0000066c       0x30 CLaserBoard.o
                0x0000066c                _ZN11CLaserBoard4BeepEv
 .text._ZN11CLaserBoard14BeepClassErrorEv
                0x0000069c       0x54 CLaserBoard.o
                0x0000069c                _ZN11CLaserBoard14BeepClassErrorEv
 .text._ZN11CLaserBoard9PortCheckEv
                0x000006f0       0x72 CLaserBoard.o
                0x000006f0                _ZN11CLaserBoard9PortCheckEv
 .text._ZN11CLaserBoard10FootswitchEv
                0x00000762        0x8 CLaserBoard.o
                0x00000762                _ZN11CLaserBoard10FootswitchEv
 .text._ZN16CLaserControlApp21OnTransactionCallbackEPhj
                0x0000076a        0x2 CLaserControlApp.o
                0x0000076a                _ZN16CLaserControlApp21OnTransactionCallbackEPhj
 .text._ZN16CLaserControlApp18OnRegisterReceivedEhPhh
                0x0000076c       0xfa CLaserControlApp.o
                0x0000076c                _ZN16CLaserControlApp18OnRegisterReceivedEhPhh
 .text._ZN16CLaserControlApp13OnTimerStaticEPv
                0x00000866        0x2 CLaserControlApp.o
                0x00000866                _ZN16CLaserControlApp13OnTimerStaticEPv
 .text._Z11ConvertDataPvS_j
                0x00000868       0x2e CLaserControlApp.o
                0x00000868                _Z11ConvertDataPvS_j
 .text._ZN16CLaserControlApp18OnVariableReceivedEjPjj
                0x00000896       0x42 CLaserControlApp.o
                0x00000896                _ZN16CLaserControlApp18OnVariableReceivedEjPjj
 .text._ZN16CLaserControlAppC2Ev
                0x000008d8        0xc CLaserControlApp.o
                0x000008d8                _ZN16CLaserControlAppC2Ev
                0x000008d8                _ZN16CLaserControlAppC1Ev
 .text._ZN16CLaserControlAppD2Ev
                0x000008e4       0x10 CLaserControlApp.o
                0x000008e4                _ZN16CLaserControlAppD2Ev
                0x000008e4                _ZN16CLaserControlAppD1Ev
 .text._ZN16CLaserControlApp5StartEv
                0x000008f4       0x6c CLaserControlApp.o
                0x000008f4                _ZN16CLaserControlApp5StartEv
 .text._ZN16CLaserControlApp12OnLaserTimerEv
                0x00000960       0x22 CLaserControlApp.o
                0x00000960                _ZN16CLaserControlApp12OnLaserTimerEv
 .text._ZN16CLaserControlApp18OnLaserTimerStaticEPv
                0x00000982        0x6 CLaserControlApp.o
                0x00000982                _ZN16CLaserControlApp18OnLaserTimerStaticEPv
 .text._GLOBAL__sub_I_timer
                0x00000988       0x12 CLaserControlApp.o
 .text._GLOBAL__sub_D_timer
                0x0000099a       0x12 CLaserControlApp.o
 .text._ZN16CLaserControlApp10InitializeEP9CMBSender
                0x000009ac      0x36a CLaserControlApp.o
                0x000009ac                _ZN16CLaserControlApp10InitializeEP9CMBSender
 .text._ZN16CLaserControlApp3RunEv
                0x00000d16      0x6fa CLaserControlApp.o
                0x00000d16                _ZN16CLaserControlApp3RunEv
 .text._ZN12CSoundPlayerC2Ev
                0x00001410        0x2 CSoundPlayer.o
                0x00001410                _ZN12CSoundPlayerC2Ev
                0x00001410                _ZN12CSoundPlayerC1Ev
 .text._ZN12CSoundPlayerD2Ev
                0x00001412        0x2 CSoundPlayer.o
                0x00001412                _ZN12CSoundPlayerD1Ev
                0x00001412                _ZN12CSoundPlayerD2Ev
 .text._ZN12CSoundPlayer19InitializeToneTimerEv
                0x00001414       0x22 CSoundPlayer.o
                0x00001414                _ZN12CSoundPlayer19InitializeToneTimerEv
 .text._ZN12CSoundPlayer23InitializeDurationTimerEv
                0x00001436       0x18 CSoundPlayer.o
                0x00001436                _ZN12CSoundPlayer23InitializeDurationTimerEv
 .text._ZN12CSoundPlayer10SoundStartEjjh
                0x0000144e       0x68 CSoundPlayer.o
                0x0000144e                _ZN12CSoundPlayer10SoundStartEjjh
 .text._ZN12CSoundPlayer9SoundStopEv
                0x000014b6       0x3c CSoundPlayer.o
                0x000014b6                _ZN12CSoundPlayer9SoundStopEv
 .text._ZN12CSoundPlayer4beepEjj
                0x000014f2       0x18 CSoundPlayer.o
                0x000014f2                _ZN12CSoundPlayer4beepEjj
 .text._ZN12CSoundPlayer10InitializeEv
                0x0000150a       0x16 CSoundPlayer.o
                0x0000150a                _ZN12CSoundPlayer10InitializeEv
 .text._ZN12CSoundPlayer4PlayEv
                0x00001520       0x9e CSoundPlayer.o
                0x00001520                _ZN12CSoundPlayer4PlayEv
 .text._ZN7CTimerC10InitializeE27TIMER_WAVEFORMGEN_MODE_ENUM22TIMER_CLOCKSELECT_ENUM
                0x000015be       0x36 CTimerC.o
                0x000015be                _ZN7CTimerC10InitializeE27TIMER_WAVEFORMGEN_MODE_ENUM22TIMER_CLOCKSELECT_ENUM
 .text._ZN7CTimerC5StartEj
                0x000015f4       0x1a CTimerC.o
                0x000015f4                _ZN7CTimerC5StartEj
 .text._ZN7CTimerC4StopEv
                0x0000160e       0x10 CTimerC.o
                0x0000160e                _ZN7CTimerC4StopEv
 .text._ZN7CTimerC13EnableChannelE19TIMER_CHANNELS_ENUM
                0x0000161e        0xe CTimerC.o
                0x0000161e                _ZN7CTimerC13EnableChannelE19TIMER_CHANNELS_ENUM
 .text._ZN7CTimerC14DisableChannelE19TIMER_CHANNELS_ENUM
                0x0000162c        0xe CTimerC.o
                0x0000162c                _ZN7CTimerC14DisableChannelE19TIMER_CHANNELS_ENUM
 .text._ZN7CTimerC9SetPeriodEj
                0x0000163a        0xa CTimerC.o
                0x0000163a                _ZN7CTimerC9SetPeriodEj
 .text._ZN7CTimerC8SetCOMPAEj
                0x00001644        0xa CTimerC.o
                0x00001644                _ZN7CTimerC8SetCOMPAEj
 .text._ZN7CTimerC8SetCOMPBEj
                0x0000164e        0xa CTimerC.o
                0x0000164e                _ZN7CTimerC8SetCOMPBEj
 .text._ZN7CTimerC8SetCOMPCEj
                0x00001658        0xa CTimerC.o
                0x00001658                _ZN7CTimerC8SetCOMPCEj
 .text._ZN7CTimerC8SetCOMPDEj
                0x00001662        0xa CTimerC.o
                0x00001662                _ZN7CTimerC8SetCOMPDEj
 .text._ZN7CTimerC14SetOVFCallbackEPFvPvES0_17TC_OVFINTLVL_enum
                0x0000166c       0x24 CTimerC.o
                0x0000166c                _ZN7CTimerC14SetOVFCallbackEPFvPvES0_17TC_OVFINTLVL_enum
 .text._ZN7CTimerC14SetERRCallbackEPFvPvES0_17TC_ERRINTLVL_enum
                0x00001690       0x24 CTimerC.o
                0x00001690                _ZN7CTimerC14SetERRCallbackEPFvPvES0_17TC_ERRINTLVL_enum
 .text._ZN7CTimerC16SetCOMPACallbackEPFvPvES0_17TC_CCAINTLVL_enum
                0x000016b4       0x24 CTimerC.o
                0x000016b4                _ZN7CTimerC16SetCOMPACallbackEPFvPvES0_17TC_CCAINTLVL_enum
 .text._ZN7CTimerC16SetCOMPBCallbackEPFvPvES0_17TC_CCBINTLVL_enum
                0x000016d8       0x24 CTimerC.o
                0x000016d8                _ZN7CTimerC16SetCOMPBCallbackEPFvPvES0_17TC_CCBINTLVL_enum
 .text._ZN7CTimerC16SetCOMPCCallbackEPFvPvES0_17TC_CCCINTLVL_enum
                0x000016fc       0x24 CTimerC.o
                0x000016fc                _ZN7CTimerC16SetCOMPCCallbackEPFvPvES0_17TC_CCCINTLVL_enum
 .text._ZN7CTimerC16SetCOMPDCallbackEPFvPvES0_17TC_CCDINTLVL_enum
                0x00001720       0x24 CTimerC.o
                0x00001720                _ZN7CTimerC16SetCOMPDCallbackEPFvPvES0_17TC_CCDINTLVL_enum
 .text._ZN7CTimerCC2Ev
                0x00001744       0x18 CTimerC.o
                0x00001744                _ZN7CTimerCC1Ev
                0x00001744                _ZN7CTimerCC2Ev
 .text._ZN7CTimerCD2Ev
                0x0000175c       0x10 CTimerC.o
                0x0000175c                _ZN7CTimerCD1Ev
                0x0000175c                _ZN7CTimerCD2Ev
 .text._ZN7CTimerF10InitializeE27TIMER_WAVEFORMGEN_MODE_ENUM22TIMER_CLOCKSELECT_ENUM
                0x0000176c       0x36 CTimerF.o
                0x0000176c                _ZN7CTimerF10InitializeE27TIMER_WAVEFORMGEN_MODE_ENUM22TIMER_CLOCKSELECT_ENUM
 .text._ZN7CTimerF5StartEj
                0x000017a2       0x1a CTimerF.o
                0x000017a2                _ZN7CTimerF5StartEj
 .text._ZN7CTimerF4StopEv
                0x000017bc       0x10 CTimerF.o
                0x000017bc                _ZN7CTimerF4StopEv
 .text._ZN7CTimerF13EnableChannelE19TIMER_CHANNELS_ENUM
                0x000017cc        0xc CTimerF.o
                0x000017cc                _ZN7CTimerF13EnableChannelE19TIMER_CHANNELS_ENUM
 .text._ZN7CTimerF14DisableChannelE19TIMER_CHANNELS_ENUM
                0x000017d8        0xe CTimerF.o
                0x000017d8                _ZN7CTimerF14DisableChannelE19TIMER_CHANNELS_ENUM
 .text._ZN7CTimerF10ChannelSetE19TIMER_CHANNELS_ENUM
                0x000017e6       0x10 CTimerF.o
                0x000017e6                _ZN7CTimerF10ChannelSetE19TIMER_CHANNELS_ENUM
 .text._ZN7CTimerF12ChannelResetE19TIMER_CHANNELS_ENUM
                0x000017f6       0x12 CTimerF.o
                0x000017f6                _ZN7CTimerF12ChannelResetE19TIMER_CHANNELS_ENUM
 .text._ZN7CTimerF9SetPeriodEj
                0x00001808        0xa CTimerF.o
                0x00001808                _ZN7CTimerF9SetPeriodEj
 .text._ZN7CTimerF8SetCOMPAEj
                0x00001812        0xa CTimerF.o
                0x00001812                _ZN7CTimerF8SetCOMPAEj
 .text._ZN7CTimerF8SetCOMPBEj
                0x0000181c        0xa CTimerF.o
                0x0000181c                _ZN7CTimerF8SetCOMPBEj
 .text._ZN7CTimerF8SetCOMPCEj
                0x00001826        0xa CTimerF.o
                0x00001826                _ZN7CTimerF8SetCOMPCEj
 .text._ZN7CTimerF8SetCOMPDEj
                0x00001830        0xa CTimerF.o
                0x00001830                _ZN7CTimerF8SetCOMPDEj
 .text._ZN7CTimerF14SetOVFCallbackEPFvPvES0_17TC_OVFINTLVL_enum
                0x0000183a       0x24 CTimerF.o
                0x0000183a                _ZN7CTimerF14SetOVFCallbackEPFvPvES0_17TC_OVFINTLVL_enum
 .text._ZN7CTimerF14SetERRCallbackEPFvPvES0_17TC_ERRINTLVL_enum
                0x0000185e       0x24 CTimerF.o
                0x0000185e                _ZN7CTimerF14SetERRCallbackEPFvPvES0_17TC_ERRINTLVL_enum
 .text._ZN7CTimerF16SetCOMPACallbackEPFvPvES0_17TC_CCAINTLVL_enum
                0x00001882       0x24 CTimerF.o
                0x00001882                _ZN7CTimerF16SetCOMPACallbackEPFvPvES0_17TC_CCAINTLVL_enum
 .text._ZN7CTimerF16SetCOMPBCallbackEPFvPvES0_17TC_CCBINTLVL_enum
                0x000018a6       0x24 CTimerF.o
                0x000018a6                _ZN7CTimerF16SetCOMPBCallbackEPFvPvES0_17TC_CCBINTLVL_enum
 .text._ZN7CTimerF16SetCOMPCCallbackEPFvPvES0_17TC_CCCINTLVL_enum
                0x000018ca       0x24 CTimerF.o
                0x000018ca                _ZN7CTimerF16SetCOMPCCallbackEPFvPvES0_17TC_CCCINTLVL_enum
 .text._ZN7CTimerF16SetCOMPDCallbackEPFvPvES0_17TC_CCDINTLVL_enum
                0x000018ee       0x24 CTimerF.o
                0x000018ee                _ZN7CTimerF16SetCOMPDCallbackEPFvPvES0_17TC_CCDINTLVL_enum
 .text._ZN7CTimerFC2Ev
                0x00001912       0x18 CTimerF.o
                0x00001912                _ZN7CTimerFC2Ev
                0x00001912                _ZN7CTimerFC1Ev
 .text._ZN7CTimerFD2Ev
                0x0000192a       0x10 CTimerF.o
                0x0000192a                _ZN7CTimerFD2Ev
                0x0000192a                _ZN7CTimerFD1Ev
 .text._ZN4CSPIC2Ev
                0x0000193a        0x2 LaserLib/CSPI.o
                0x0000193a                _ZN4CSPIC2Ev
                0x0000193a                _ZN4CSPIC1Ev
 .text._ZN4CSPID2Ev
                0x0000193c        0x2 LaserLib/CSPI.o
                0x0000193c                _ZN4CSPID2Ev
                0x0000193c                _ZN4CSPID1Ev
 .text._ZN4CSPI10InitializeEb19SPI_DATA_ORDER_ENUM13SPI_MODE_ENUMb18SPI_PRESCALER_enum
                0x0000193e       0x88 LaserLib/CSPI.o
                0x0000193e                _ZN4CSPI10InitializeEb19SPI_DATA_ORDER_ENUM13SPI_MODE_ENUMb18SPI_PRESCALER_enum
 .text._ZN4CSPI4SendEPhj
                0x000019c6       0x40 LaserLib/CSPI.o
                0x000019c6                _ZN4CSPI4SendEPhj
 .text._ZN4CSPI10OnTransmitEv
                0x00001a06       0x30 LaserLib/CSPI.o
                0x00001a06                _ZN4CSPI10OnTransmitEv
 .text._ZN4CSPI16StaticOnTransmitEPv
                0x00001a36        0x6 LaserLib/CSPI.o
                0x00001a36                _ZN4CSPI16StaticOnTransmitEPv
 .text._ZN6CTimerC2Ev
                0x00001a3c        0xc LaserLib/CTimer.o
                0x00001a3c                _ZN6CTimerC1Ev
                0x00001a3c                _ZN6CTimerC2Ev
 .text._ZN6CTimerD2Ev
                0x00001a48        0x2 LaserLib/CTimer.o
                0x00001a48                _ZN6CTimerD1Ev
                0x00001a48                _ZN6CTimerD2Ev
 .text._ZN6CUSARTC2Ev
                0x00001a4a        0xc LaserLib/CUSART.o
                0x00001a4a                _ZN6CUSARTC2Ev
                0x00001a4a                _ZN6CUSARTC1Ev
 .text._ZN6CUSARTD2Ev
                0x00001a56        0x2 LaserLib/CUSART.o
                0x00001a56                _ZN6CUSARTD1Ev
                0x00001a56                _ZN6CUSARTD2Ev
 .text.__vector_1
                0x00001a58       0x62 LaserLib/intx128.o
                0x00001a58                __vector_1
 .text.__vector_2
                0x00001aba       0x62 LaserLib/intx128.o
                0x00001aba                __vector_2
 .text.__vector_3
                0x00001b1c       0x62 LaserLib/intx128.o
                0x00001b1c                __vector_3
 .text.__vector_4
                0x00001b7e       0x62 LaserLib/intx128.o
                0x00001b7e                __vector_4
 .text.__vector_5
                0x00001be0       0x62 LaserLib/intx128.o
                0x00001be0                __vector_5
 .text.__vector_6
                0x00001c42       0x62 LaserLib/intx128.o
                0x00001c42                __vector_6
 .text.__vector_7
                0x00001ca4       0x62 LaserLib/intx128.o
                0x00001ca4                __vector_7
 .text.__vector_8
                0x00001d06       0x62 LaserLib/intx128.o
                0x00001d06                __vector_8
 .text.__vector_9
                0x00001d68       0x62 LaserLib/intx128.o
                0x00001d68                __vector_9
 .text.__vector_10
                0x00001dca       0x62 LaserLib/intx128.o
                0x00001dca                __vector_10
 .text.__vector_11
                0x00001e2c       0x62 LaserLib/intx128.o
                0x00001e2c                __vector_11
 .text.__vector_12
                0x00001e8e       0x62 LaserLib/intx128.o
                0x00001e8e                __vector_12
 .text.__vector_13
                0x00001ef0       0x62 LaserLib/intx128.o
                0x00001ef0                __vector_13
 .text.__vector_14
                0x00001f52       0x62 LaserLib/intx128.o
                0x00001f52                __vector_14
 .text.__vector_15
                0x00001fb4       0x62 LaserLib/intx128.o
                0x00001fb4                __vector_15
 .text.__vector_16
                0x00002016       0x62 LaserLib/intx128.o
                0x00002016                __vector_16
 .text.__vector_17
                0x00002078       0x62 LaserLib/intx128.o
                0x00002078                __vector_17
 .text.__vector_18
                0x000020da       0x62 LaserLib/intx128.o
                0x000020da                __vector_18
 .text.__vector_19
                0x0000213c       0x62 LaserLib/intx128.o
                0x0000213c                __vector_19
 .text.__vector_20
                0x0000219e       0x62 LaserLib/intx128.o
                0x0000219e                __vector_20
 .text.__vector_21
                0x00002200       0x62 LaserLib/intx128.o
                0x00002200                __vector_21
 .text.__vector_22
                0x00002262       0x62 LaserLib/intx128.o
                0x00002262                __vector_22
 .text.__vector_23
                0x000022c4       0x62 LaserLib/intx128.o
                0x000022c4                __vector_23
 .text.__vector_24
                0x00002326       0x62 LaserLib/intx128.o
                0x00002326                __vector_24
 .text.__vector_25
                0x00002388       0x62 LaserLib/intx128.o
                0x00002388                __vector_25
 .text.__vector_26
                0x000023ea       0x62 LaserLib/intx128.o
                0x000023ea                __vector_26
 .text.__vector_27
                0x0000244c       0x62 LaserLib/intx128.o
                0x0000244c                __vector_27
 .text.__vector_28
                0x000024ae       0x62 LaserLib/intx128.o
                0x000024ae                __vector_28
 .text.__vector_29
                0x00002510       0x62 LaserLib/intx128.o
                0x00002510                __vector_29
 .text.__vector_30
                0x00002572       0x62 LaserLib/intx128.o
                0x00002572                __vector_30
 .text.__vector_31
                0x000025d4       0x62 LaserLib/intx128.o
                0x000025d4                __vector_31
 .text.__vector_32
                0x00002636       0x62 LaserLib/intx128.o
                0x00002636                __vector_32
 .text.__vector_33
                0x00002698       0x62 LaserLib/intx128.o
                0x00002698                __vector_33
 .text.__vector_34
                0x000026fa       0x62 LaserLib/intx128.o
                0x000026fa                __vector_34
 .text.__vector_35
                0x0000275c       0x62 LaserLib/intx128.o
                0x0000275c                __vector_35
 .text.__vector_36
                0x000027be       0x62 LaserLib/intx128.o
                0x000027be                __vector_36
 .text.__vector_37
                0x00002820       0x62 LaserLib/intx128.o
                0x00002820                __vector_37
 .text.__vector_38
                0x00002882       0x62 LaserLib/intx128.o
                0x00002882                __vector_38
 .text.__vector_39
                0x000028e4       0x62 LaserLib/intx128.o
                0x000028e4                __vector_39
 .text.__vector_40
                0x00002946       0x62 LaserLib/intx128.o
                0x00002946                __vector_40
 .text.__vector_41
                0x000029a8       0x62 LaserLib/intx128.o
                0x000029a8                __vector_41
 .text.__vector_42
                0x00002a0a       0x62 LaserLib/intx128.o
                0x00002a0a                __vector_42
 .text.__vector_43
                0x00002a6c       0x62 LaserLib/intx128.o
                0x00002a6c                __vector_43
 .text.__vector_44
                0x00002ace       0x62 LaserLib/intx128.o
                0x00002ace                __vector_44
 .text.__vector_45
                0x00002b30       0x62 LaserLib/intx128.o
                0x00002b30                __vector_45
 .text.__vector_46
                0x00002b92       0x62 LaserLib/intx128.o
                0x00002b92                __vector_46
 .text.__vector_47
                0x00002bf4       0x62 LaserLib/intx128.o
                0x00002bf4                __vector_47
 .text.__vector_48
                0x00002c56       0x62 LaserLib/intx128.o
                0x00002c56                __vector_48
 .text.__vector_49
                0x00002cb8       0x62 LaserLib/intx128.o
                0x00002cb8                __vector_49
 .text.__vector_50
                0x00002d1a       0x62 LaserLib/intx128.o
                0x00002d1a                __vector_50
 .text.__vector_51
                0x00002d7c       0x62 LaserLib/intx128.o
                0x00002d7c                __vector_51
 .text.__vector_52
                0x00002dde       0x62 LaserLib/intx128.o
                0x00002dde                __vector_52
 .text.__vector_53
                0x00002e40       0x62 LaserLib/intx128.o
                0x00002e40                __vector_53
 .text.__vector_54
                0x00002ea2       0x62 LaserLib/intx128.o
                0x00002ea2                __vector_54
 .text.__vector_55
                0x00002f04       0x62 LaserLib/intx128.o
                0x00002f04                __vector_55
 .text.__vector_56
                0x00002f66       0x62 LaserLib/intx128.o
                0x00002f66                __vector_56
 .text.__vector_57
                0x00002fc8       0x62 LaserLib/intx128.o
                0x00002fc8                __vector_57
 .text.__vector_58
                0x0000302a       0x62 LaserLib/intx128.o
                0x0000302a                __vector_58
 .text.__vector_59
                0x0000308c       0x62 LaserLib/intx128.o
                0x0000308c                __vector_59
 .text.__vector_60
                0x000030ee       0x62 LaserLib/intx128.o
                0x000030ee                __vector_60
 .text.__vector_61
                0x00003150       0x62 LaserLib/intx128.o
                0x00003150                __vector_61
 .text.__vector_62
                0x000031b2       0x62 LaserLib/intx128.o
                0x000031b2                __vector_62
 .text.__vector_63
                0x00003214       0x62 LaserLib/intx128.o
                0x00003214                __vector_63
 .text.__vector_64
                0x00003276       0x62 LaserLib/intx128.o
                0x00003276                __vector_64
 .text.__vector_65
                0x000032d8       0x62 LaserLib/intx128.o
                0x000032d8                __vector_65
 .text.__vector_66
                0x0000333a       0x62 LaserLib/intx128.o
                0x0000333a                __vector_66
 .text.__vector_67
                0x0000339c       0x62 LaserLib/intx128.o
                0x0000339c                __vector_67
 .text.__vector_68
                0x000033fe       0x62 LaserLib/intx128.o
                0x000033fe                __vector_68
 .text.__vector_69
                0x00003460       0x62 LaserLib/intx128.o
                0x00003460                __vector_69
 .text.__vector_70
                0x000034c2       0x62 LaserLib/intx128.o
                0x000034c2                __vector_70
 .text.__vector_71
                0x00003524       0x62 LaserLib/intx128.o
                0x00003524                __vector_71
 .text.__vector_72
                0x00003586       0x62 LaserLib/intx128.o
                0x00003586                __vector_72
 .text.__vector_73
                0x000035e8       0x62 LaserLib/intx128.o
                0x000035e8                __vector_73
 .text.__vector_74
                0x0000364a       0x62 LaserLib/intx128.o
                0x0000364a                __vector_74
 .text.__vector_77
                0x000036ac       0x62 LaserLib/intx128.o
                0x000036ac                __vector_77
 .text.__vector_78
                0x0000370e       0x62 LaserLib/intx128.o
                0x0000370e                __vector_78
 .text.__vector_79
                0x00003770       0x62 LaserLib/intx128.o
                0x00003770                __vector_79
 .text.__vector_80
                0x000037d2       0x62 LaserLib/intx128.o
                0x000037d2                __vector_80
 .text.__vector_81
                0x00003834       0x62 LaserLib/intx128.o
                0x00003834                __vector_81
 .text.__vector_82
                0x00003896       0x62 LaserLib/intx128.o
                0x00003896                __vector_82
 .text.__vector_83
                0x000038f8       0x62 LaserLib/intx128.o
                0x000038f8                __vector_83
 .text.__vector_84
                0x0000395a       0x62 LaserLib/intx128.o
                0x0000395a                __vector_84
 .text.__vector_85
                0x000039bc       0x62 LaserLib/intx128.o
                0x000039bc                __vector_85
 .text.__vector_86
                0x00003a1e       0x62 LaserLib/intx128.o
                0x00003a1e                __vector_86
 .text.__vector_87
                0x00003a80       0x62 LaserLib/intx128.o
                0x00003a80                __vector_87
 .text.__vector_88
                0x00003ae2       0x62 LaserLib/intx128.o
                0x00003ae2                __vector_88
 .text.__vector_89
                0x00003b44       0x62 LaserLib/intx128.o
                0x00003b44                __vector_89
 .text.__vector_90
                0x00003ba6       0x62 LaserLib/intx128.o
                0x00003ba6                __vector_90
 .text.__vector_91
                0x00003c08       0x62 LaserLib/intx128.o
                0x00003c08                __vector_91
 .text.__vector_92
                0x00003c6a       0x62 LaserLib/intx128.o
                0x00003c6a                __vector_92
 .text.__vector_93
                0x00003ccc       0x62 LaserLib/intx128.o
                0x00003ccc                __vector_93
 .text.__vector_104
                0x00003d2e       0x62 LaserLib/intx128.o
                0x00003d2e                __vector_104
 .text.__vector_105
                0x00003d90       0x62 LaserLib/intx128.o
                0x00003d90                __vector_105
 .text.__vector_108
                0x00003df2       0x62 LaserLib/intx128.o
                0x00003df2                __vector_108
 .text.__vector_109
                0x00003e54       0x62 LaserLib/intx128.o
                0x00003e54                __vector_109
 .text.__vector_110
                0x00003eb6       0x62 LaserLib/intx128.o
                0x00003eb6                __vector_110
 .text.__vector_111
                0x00003f18       0x62 LaserLib/intx128.o
                0x00003f18                __vector_111
 .text.__vector_112
                0x00003f7a       0x62 LaserLib/intx128.o
                0x00003f7a                __vector_112
 .text.__vector_113
                0x00003fdc       0x62 LaserLib/intx128.o
                0x00003fdc                __vector_113
 .text.__vector_119
                0x0000403e       0x62 LaserLib/intx128.o
                0x0000403e                __vector_119
 .text.__vector_120
                0x000040a0       0x62 LaserLib/intx128.o
                0x000040a0                __vector_120
 .text.__vector_121
                0x00004102       0x62 LaserLib/intx128.o
                0x00004102                __vector_121
 .text.__cxa_pure_virtual
                0x00004164        0x6 main.o
                0x00004164                __cxa_pure_virtual
 .text._GLOBAL__sub_I_dacSPI
                0x0000416a       0x32 main.o
 .text._GLOBAL__sub_D_dacSPI
                0x0000419c       0x32 main.o
 .text._Z16SystemInitializev
                0x000041ce       0x76 main.o
                0x000041ce                _Z16SystemInitializev
 .text.main     0x00004244       0xb6 main.o
                0x00004244                main
 .text._ZN16CMBEventsHandler13FillRegDataTxEhPhh
                0x000042fa       0x62 MODBUS/CMBProtocol.o
                0x000042fa                _ZN16CMBEventsHandler13FillRegDataTxEhPhh
 .text._ZN16CMBEventsHandler13FillRegDataRqEhh
                0x0000435c       0x3e MODBUS/CMBProtocol.o
                0x0000435c                _ZN16CMBEventsHandler13FillRegDataRqEhh
 .text._ZN16CMBEventsHandler13FillVarDataTxEjPjj
                0x0000439a       0x92 MODBUS/CMBProtocol.o
                0x0000439a                _ZN16CMBEventsHandler13FillVarDataTxEjPjj
 .text._ZN16CMBEventsHandler13FillVarDataRqEjj
                0x0000442c       0x46 MODBUS/CMBProtocol.o
                0x0000442c                _ZN16CMBEventsHandler13FillVarDataRqEjj
 .text._ZN16CMBEventsHandler15AllocateBuffersEjj
                0x00004472       0x36 MODBUS/CMBProtocol.o
                0x00004472                _ZN16CMBEventsHandler15AllocateBuffersEjj
 .text._ZN16CMBEventsHandler11FreeBuffersEv
                0x000044a8       0x1c MODBUS/CMBProtocol.o
                0x000044a8                _ZN16CMBEventsHandler11FreeBuffersEv
 .text._ZN16CMBEventsHandlerD2Ev
                0x000044c4        0x2 MODBUS/CMBProtocol.o
                0x000044c4                _ZN16CMBEventsHandlerD2Ev
                0x000044c4                _ZN16CMBEventsHandlerD1Ev
 .text._ZN9CMBSender18OnVariableReceivedEjPjj
                0x000044c6       0x1e MODBUS/CMBSender.o
                0x000044c6                _ZN9CMBSender18OnVariableReceivedEjPjj
 .text._ZN9CMBSender18OnRegisterReceivedEhPhh
                0x000044e4       0x1e MODBUS/CMBSender.o
                0x000044e4                _ZN9CMBSender18OnRegisterReceivedEhPhh
 .text._ZN9CMBSenderC2Ev
                0x00004502        0xc MODBUS/CMBSender.o
                0x00004502                _ZN9CMBSenderC2Ev
                0x00004502                _ZN9CMBSenderC1Ev
 .text._ZN9CMBSender10InitializeEP6CUSARTP16CMBEventsHandlerjj
                0x0000450e       0x9e MODBUS/CMBSender.o
                0x0000450e                _ZN9CMBSender10InitializeEP6CUSARTP16CMBEventsHandlerjj
 .text._ZN9CMBSenderD2Ev
                0x000045ac       0x10 MODBUS/CMBSender.o
                0x000045ac                _ZN9CMBSenderD1Ev
                0x000045ac                _ZN9CMBSenderD2Ev
 .text._ZN9CMBSender13OnReceiveByteEh
                0x000045bc      0x174 MODBUS/CMBSender.o
                0x000045bc                _ZN9CMBSender13OnReceiveByteEh
 .text._ZN9CMBSender18OnUSARTRxInterruptEPv
                0x00004730       0x26 MODBUS/CMBSender.o
                0x00004730                _ZN9CMBSender18OnUSARTRxInterruptEPv
 .text._ZN9CMBSender19StartMODBUSListenerEv
                0x00004756       0x12 MODBUS/CMBSender.o
                0x00004756                _ZN9CMBSender19StartMODBUSListenerEv
 .text._ZN9CMBSender14OnTransmitByteEv
                0x00004768       0x92 MODBUS/CMBSender.o
                0x00004768                _ZN9CMBSender14OnTransmitByteEv
 .text._ZN9CMBSender18OnUSARTTxInterruptEPv
                0x000047fa        0x6 MODBUS/CMBSender.o
                0x000047fa                _ZN9CMBSender18OnUSARTTxInterruptEPv
 .text._ZN9CMBSender18WaitMODBUSListenerEv
                0x00004800       0x22 MODBUS/CMBSender.o
                0x00004800                _ZN9CMBSender18WaitMODBUSListenerEv
 .text._ZN9CMBSender22StartMODBUSTransmitterEv
                0x00004822        0xc MODBUS/CMBSender.o
                0x00004822                _ZN9CMBSender22StartMODBUSTransmitterEv
 .text._ZN9CMBSender24WriteDataToRegisterAsyncEhPhh
                0x0000482e       0x1e MODBUS/CMBSender.o
                0x0000482e                _ZN9CMBSender24WriteDataToRegisterAsyncEhPhh
 .text._ZN9CMBSender20WriteDataToSRAMAsyncEjPjj
                0x0000484c       0x1e MODBUS/CMBSender.o
                0x0000484c                _ZN9CMBSender20WriteDataToSRAMAsyncEjPjj
 .text._ZN9CMBSender28RequestDataFromRegisterAsyncEhh
                0x0000486a       0x1e MODBUS/CMBSender.o
                0x0000486a                _ZN9CMBSender28RequestDataFromRegisterAsyncEhh
 .text._ZN9CMBSender24RequestDataFromSRAMAsyncEjh
                0x00004888       0x20 MODBUS/CMBSender.o
                0x00004888                _ZN9CMBSender24RequestDataFromSRAMAsyncEjh
 .text._ZN9CMBSender21WaitMODBUSTransmitterEv
                0x000048a8       0x22 MODBUS/CMBSender.o
                0x000048a8                _ZN9CMBSender21WaitMODBUSTransmitterEv
 .text._ZN9CMBSender30StartMODBUSRegisterTransactionEhh
                0x000048ca        0xc MODBUS/CMBSender.o
                0x000048ca                _ZN9CMBSender30StartMODBUSRegisterTransactionEhh
 .text._ZN9CMBSender30StartMODBUSVariableTransactionEjh
                0x000048d6        0xc MODBUS/CMBSender.o
                0x000048d6                _ZN9CMBSender30StartMODBUSVariableTransactionEjh
 .text._ZN9CMBSender18ProcessTransactionEPhj
                0x000048e2       0x62 MODBUS/CMBSender.o
                0x000048e2                _ZN9CMBSender18ProcessTransactionEPhj
 .text._ZN9CMBSender21OnTransactionCallbackEPhj
                0x00004944        0x6 MODBUS/CMBSender.o
                0x00004944                _ZN9CMBSender21OnTransactionCallbackEPhj
 .text.libgcc.div
                0x0000494a       0x28 c:/program files (x86)/atmel/studio/7.0/toolchain/avr8/avr8-gnu-toolchain/bin/../lib/gcc/avr/4.9.2/avrxmega6\libgcc.a(_udivmodhi4.o)
                0x0000494a                __udivmodhi4
 .text.libgcc.div
                0x00004972       0x2e c:/program files (x86)/atmel/studio/7.0/toolchain/avr8/avr8-gnu-toolchain/bin/../lib/gcc/avr/4.9.2/avrxmega6\libgcc.a(_divmodsi4.o)
                0x00004972                __divmodsi4
 .text.libgcc.div
                0x000049a0       0x10 c:/program files (x86)/atmel/studio/7.0/toolchain/avr8/avr8-gnu-toolchain/bin/../lib/gcc/avr/4.9.2/avrxmega6\libgcc.a(_negsi2.o)
                0x000049a0                __negsi2
 .text.libgcc   0x000049b0       0x10 c:/program files (x86)/atmel/studio/7.0/toolchain/avr8/avr8-gnu-toolchain/bin/../lib/gcc/avr/4.9.2/avrxmega6\libgcc.a(_tablejump2.o)
                0x000049b0                __tablejump2__
 .text.libgcc.mul
                0x000049c0       0x1e c:/program files (x86)/atmel/studio/7.0/toolchain/avr8/avr8-gnu-toolchain/bin/../lib/gcc/avr/4.9.2/avrxmega6\libgcc.a(_umulhisi3.o)
                0x000049c0                __umulhisi3
 .text.libgcc.div
                0x000049de       0x44 c:/program files (x86)/atmel/studio/7.0/toolchain/avr8/avr8-gnu-toolchain/bin/../lib/gcc/avr/4.9.2/avrxmega6\libgcc.a(_udivmodsi4.o)
                0x000049de                __udivmodsi4
 .text.avr-libc
                0x00004a22      0x25a c:/program files (x86)/atmel/studio/7.0/toolchain/avr8/avr8-gnu-toolchain/bin/../lib/gcc/avr/4.9.2/../../../../avr/lib/avrxmega6\libc.a(malloc.o)
                0x00004a22                malloc
                0x00004b4c                free
 .text.avr-libc
                0x00004c7c       0x12 c:/program files (x86)/atmel/studio/7.0/toolchain/avr8/avr8-gnu-toolchain/bin/../lib/gcc/avr/4.9.2/../../../../avr/lib/avrxmega6\libc.a(memcpy.o)
                0x00004c7c                memcpy
                0x00004c8e                . = ALIGN (0x2)
 *(.fini9)
 .fini9         0x00004c8e        0x0 c:/program files (x86)/atmel/studio/7.0/toolchain/avr8/avr8-gnu-toolchain/bin/../lib/gcc/avr/4.9.2/avrxmega6\libgcc.a(_exit.o)
                0x00004c8e                _exit
                0x00004c8e                exit
 *(.fini9)
 *(.fini8)
 *(.fini8)
 *(.fini7)
 *(.fini7)
 *(.fini6)
 .fini6         0x00004c8e       0x20 c:/program files (x86)/atmel/studio/7.0/toolchain/avr8/avr8-gnu-toolchain/bin/../lib/gcc/avr/4.9.2/avrxmega6\libgcc.a(_dtors.o)
                0x00004c8e                __do_global_dtors
 *(.fini6)
 *(.fini5)
 *(.fini5)
 *(.fini4)
 *(.fini4)
 *(.fini3)
 *(.fini3)
 *(.fini2)
 *(.fini2)
 *(.fini1)
 *(.fini1)
 *(.fini0)
 .fini0         0x00004cae        0x4 c:/program files (x86)/atmel/studio/7.0/toolchain/avr8/avr8-gnu-toolchain/bin/../lib/gcc/avr/4.9.2/avrxmega6\libgcc.a(_exit.o)
 *(.fini0)
                0x00004cb2                _etext = .

.data           0x00802000      0x112 load address 0x00004cb2
                0x00802000                PROVIDE (__data_start, .)
 *(.data)
 .data          0x00802000        0x6 c:/program files (x86)/atmel/studio/7.0/toolchain/avr8/avr8-gnu-toolchain/bin/../lib/gcc/avr/4.9.2/../../../../avr/lib/avrxmega6\libc.a(malloc.o)
                0x00802000                __malloc_heap_end
                0x00802002                __malloc_heap_start
                0x00802004                __malloc_margin
 *(.data*)
 .data.bscale_table
                0x00802006       0x20 CDGUSUSART.o
                0x00802006                bscale_table
 .data.bsel_table
                0x00802026       0x20 CDGUSUSART.o
                0x00802026                bsel_table
 *(.rodata)
 *(.rodata*)
 .rodata._ZTV10CDGUSUSART
                0x00802046       0x18 CDGUSUSART.o
                0x00802046                _ZTV10CDGUSUSART
 .rodata._ZTV16CLaserControlApp
                0x0080205e       0x16 CLaserControlApp.o
                0x0080205e                _ZTV16CLaserControlApp
 .rodata._ZTV7CTimerC
                0x00802074       0x24 CTimerC.o
                0x00802074                _ZTV7CTimerC
 .rodata._ZTV7CTimerF
                0x00802098       0x28 CTimerF.o
                0x00802098                _ZTV7CTimerF
 .rodata._ZTV6CTimer
                0x008020c0       0x24 LaserLib/CTimer.o
                0x008020c0                _ZTV6CTimer
 .rodata._ZTV6CUSART
                0x008020e4       0x18 LaserLib/CUSART.o
                0x008020e4                _ZTV6CUSART
 .rodata._ZTV9CMBSender
                0x008020fc       0x16 MODBUS/CMBSender.o
                0x008020fc                _ZTV9CMBSender
 *(.gnu.linkonce.d*)
                0x00802112                . = ALIGN (0x2)
                0x00802112                _edata = .
                0x00802112                PROVIDE (__data_end, .)

.bss            0x00802112      0x264
                0x00802112                PROVIDE (__bss_start, .)
 *(.bss)
 *(.bss*)
 .bss.m_structDGUSDATA_Slow
                0x00802112        0xc CLaserControlApp.o
                0x00802112                m_structDGUSDATA_Slow
 .bss.m_structDGUSDATA_Medium
                0x0080211e        0xc CLaserControlApp.o
                0x0080211e                m_structDGUSDATA_Medium
 .bss.m_structDGUSDATA_Fast
                0x0080212a        0xc CLaserControlApp.o
                0x0080212a                m_structDGUSDATA_Fast
 .bss.laserTimer
                0x00802136        0x3 CLaserControlApp.o
                0x00802136                laserTimer
 .bss.timer     0x00802139        0x3 CLaserControlApp.o
                0x00802139                timer
 .bss.InterruptFuncTable
                0x0080213c       0xf6 LaserLib/intx128.o
                0x0080213c                InterruptFuncTable
 .bss.InterruptSenderTable
                0x00802232       0xf6 LaserLib/intx128.o
                0x00802232                InterruptSenderTable
 .bss._ZZ4mainE3prs
                0x00802328        0x2 main.o
 .bss.App       0x0080232a       0x1a main.o
                0x0080232a                App
 .bss.player    0x00802344        0x1 main.o
                0x00802344                player
 .bss.laserBoard
                0x00802345        0xa main.o
                0x00802345                laserBoard
 .bss.sender    0x0080234f       0x19 main.o
                0x0080234f                sender
 .bss.usart     0x00802368        0x2 main.o
                0x00802368                usart
 .bss.dacSPI    0x0080236a        0x6 main.o
                0x0080236a                dacSPI
 .bss.cnt       0x00802370        0x2 MODBUS/CMBSender.o
                0x00802370                cnt
 *(COMMON)
 COMMON         0x00802372        0x4 c:/program files (x86)/atmel/studio/7.0/toolchain/avr8/avr8-gnu-toolchain/bin/../lib/gcc/avr/4.9.2/../../../../avr/lib/avrxmega6\libc.a(malloc.o)
                0x00802372                __brkval
                0x00802374                __flp
                0x00802376                PROVIDE (__bss_end, .)
                0x00004cb2                __data_load_start = LOADADDR (.data)
                0x00004dc4                __data_load_end = (__data_load_start + SIZEOF (.data))

.noinit         0x00802376        0x0
                0x00802376                PROVIDE (__noinit_start, .)
 *(.noinit*)
                0x00802376                PROVIDE (__noinit_end, .)
                0x00802376                _end = .
                0x00802376                PROVIDE (__heap_start, .)

.eeprom         0x00810000        0x0
 *(.eeprom*)
                0x00810000                __eeprom_end = .

.fuse
 *(.fuse)
 *(.lfuse)
 *(.hfuse)
 *(.efuse)

.lock
 *(.lock*)

.signature
 *(.signature*)

.user_signatures
 *(.user_signatures*)

.stab
 *(.stab)

.stabstr
 *(.stabstr)

.stab.excl
 *(.stab.excl)

.stab.exclstr
 *(.stab.exclstr)

.stab.index
 *(.stab.index)

.stab.indexstr
 *(.stab.indexstr)

.comment        0x00000000       0x30
 *(.comment)
 .comment       0x00000000       0x30 CDGUSUSART.o
                                 0x31 (size before relaxing)
 .comment       0x00000030       0x31 CLaserBoard.o
 .comment       0x00000030       0x31 CLaserControlApp.o
 .comment       0x00000030       0x31 CSoundPlayer.o
 .comment       0x00000030       0x31 CTimerC.o
 .comment       0x00000030       0x31 CTimerF.o
 .comment       0x00000030       0x31 LaserLib/CSPI.o
 .comment       0x00000030       0x31 LaserLib/CTimer.o
 .comment       0x00000030       0x31 LaserLib/CUSART.o
 .comment       0x00000030       0x31 LaserLib/intx128.o
 .comment       0x00000030       0x31 main.o
 .comment       0x00000030       0x31 MODBUS/CMBProtocol.o
 .comment       0x00000030       0x31 MODBUS/CMBSender.o
 .comment       0x00000030       0x31 c:/program files (x86)/atmel/studio/7.0/toolchain/avr8/avr8-gnu-toolchain/bin/../lib/gcc/avr/4.9.2/../../../../avr/lib/avrxmega6\libc.a(malloc.o)

.note.gnu.avr.deviceinfo
                0x00000000       0x40
 .note.gnu.avr.deviceinfo
                0x00000000       0x40 C:/Program Files (x86)/Atmel/Studio/7.0/Packs/atmel/XMEGAA_DFP/1.0.36/gcc/dev/atxmega128a3/avrxmega6/crtatxmega128a3.o

.note.gnu.build-id
 *(.note.gnu.build-id)

.debug
 *(.debug)

.line
 *(.line)

.debug_srcinfo
 *(.debug_srcinfo)

.debug_sfnames
 *(.debug_sfnames)

.debug_aranges  0x00000000      0x8e0
 *(.debug_aranges)
 .debug_aranges
                0x00000000       0x78 CDGUSUSART.o
 .debug_aranges
                0x00000078       0x88 CLaserBoard.o
 .debug_aranges
                0x00000100       0xb0 CLaserControlApp.o
 .debug_aranges
                0x000001b0       0x60 CSoundPlayer.o
 .debug_aranges
                0x00000210       0xa8 CTimerC.o
 .debug_aranges
                0x000002b8       0xb8 CTimerF.o
 .debug_aranges
                0x00000370       0x58 LaserLib/CSPI.o
 .debug_aranges
                0x000003c8       0x28 LaserLib/CTimer.o
 .debug_aranges
                0x000003f0       0x28 LaserLib/CUSART.o
 .debug_aranges
                0x00000418      0x348 LaserLib/intx128.o
 .debug_aranges
                0x00000760       0x40 main.o
 .debug_aranges
                0x000007a0       0x50 MODBUS/CMBProtocol.o
 .debug_aranges
                0x000007f0       0xf0 MODBUS/CMBSender.o

.debug_pubnames
 *(.debug_pubnames)

.debug_info     0x00000000     0xba99
 *(.debug_info .gnu.linkonce.wi.*)
 .debug_info    0x00000000     0x1095 CDGUSUSART.o
 .debug_info    0x00001095      0xc83 CLaserBoard.o
 .debug_info    0x00001d18     0x1bed CLaserControlApp.o
 .debug_info    0x00003905     0x1385 CSoundPlayer.o
 .debug_info    0x00004c8a     0x15ac CTimerC.o
 .debug_info    0x00006236     0x166e CTimerF.o
 .debug_info    0x000078a4      0x7ce LaserLib/CSPI.o
 .debug_info    0x00008072      0x6a3 LaserLib/CTimer.o
 .debug_info    0x00008715      0x606 LaserLib/CUSART.o
 .debug_info    0x00008d1b      0x91e LaserLib/intx128.o
 .debug_info    0x00009639      0xcf2 main.o
 .debug_info    0x0000a32b      0x595 MODBUS/CMBProtocol.o
 .debug_info    0x0000a8c0     0x11d9 MODBUS/CMBSender.o

.debug_abbrev   0x00000000     0x22e0
 *(.debug_abbrev)
 .debug_abbrev  0x00000000      0x2d9 CDGUSUSART.o
 .debug_abbrev  0x000002d9      0x2e4 CLaserBoard.o
 .debug_abbrev  0x000005bd      0x59f CLaserControlApp.o
 .debug_abbrev  0x00000b5c      0x2b9 CSoundPlayer.o
 .debug_abbrev  0x00000e15      0x29c CTimerC.o
 .debug_abbrev  0x000010b1      0x29c CTimerF.o
 .debug_abbrev  0x0000134d      0x28f LaserLib/CSPI.o
 .debug_abbrev  0x000015dc      0x182 LaserLib/CTimer.o
 .debug_abbrev  0x0000175e      0x1ed LaserLib/CUSART.o
 .debug_abbrev  0x0000194b       0x83 LaserLib/intx128.o
 .debug_abbrev  0x000019ce      0x363 main.o
 .debug_abbrev  0x00001d31      0x212 MODBUS/CMBProtocol.o
 .debug_abbrev  0x00001f43      0x39d MODBUS/CMBSender.o

.debug_line     0x00000000     0x2860
 *(.debug_line .debug_line.* .debug_line_end)
 .debug_line    0x00000000      0x23e CDGUSUSART.o
 .debug_line    0x0000023e      0x33a CLaserBoard.o
 .debug_line    0x00000578      0x471 CLaserControlApp.o
 .debug_line    0x000009e9      0x23b CSoundPlayer.o
 .debug_line    0x00000c24      0x285 CTimerC.o
 .debug_line    0x00000ea9      0x2a7 CTimerF.o
 .debug_line    0x00001150      0x24a LaserLib/CSPI.o
 .debug_line    0x0000139a      0x135 LaserLib/CTimer.o
 .debug_line    0x000014cf      0x135 LaserLib/CUSART.o
 .debug_line    0x00001604      0xa14 LaserLib/intx128.o
 .debug_line    0x00002018      0x276 main.o
 .debug_line    0x0000228e      0x1d9 MODBUS/CMBProtocol.o
 .debug_line    0x00002467      0x3f9 MODBUS/CMBSender.o

.debug_frame    0x00000000     0x2f40
 *(.debug_frame)
 .debug_frame   0x00000000       0xe8 CDGUSUSART.o
 .debug_frame   0x000000e8      0x108 CLaserBoard.o
 .debug_frame   0x000001f0      0x1c0 CLaserControlApp.o
 .debug_frame   0x000003b0       0xd8 CSoundPlayer.o
 .debug_frame   0x00000488      0x140 CTimerC.o
 .debug_frame   0x000005c8      0x160 CTimerF.o
 .debug_frame   0x00000728       0xbc LaserLib/CSPI.o
 .debug_frame   0x000007e4       0x34 LaserLib/CTimer.o
 .debug_frame   0x00000818       0x34 LaserLib/CUSART.o
 .debug_frame   0x0000084c     0x2324 LaserLib/intx128.o
 .debug_frame   0x00002b70       0x84 main.o
 .debug_frame   0x00002bf4       0xc4 MODBUS/CMBProtocol.o
 .debug_frame   0x00002cb8      0x288 MODBUS/CMBSender.o

.debug_str      0x00000000     0x4b06
 *(.debug_str)
 .debug_str     0x00000000     0x15e1 CDGUSUSART.o
                               0x1663 (size before relaxing)
 .debug_str     0x000015e1      0x753 CLaserBoard.o
                                0xae4 (size before relaxing)
 .debug_str     0x00001d34      0xf4b CLaserControlApp.o
                               0x14c6 (size before relaxing)
 .debug_str     0x00002c7f      0x73c CSoundPlayer.o
                                0xbbc (size before relaxing)
 .debug_str     0x000033bb      0x625 CTimerC.o
                               0x1287 (size before relaxing)
 .debug_str     0x000039e0      0x1fc CTimerF.o
                               0x12fd (size before relaxing)
 .debug_str     0x00003bdc       0xd5 LaserLib/CSPI.o
                                0x6e7 (size before relaxing)
 .debug_str     0x00003cb1       0x35 LaserLib/CTimer.o
                                0xa38 (size before relaxing)
 .debug_str     0x00003ce6       0x35 LaserLib/CUSART.o
                                0x7aa (size before relaxing)
 .debug_str     0x00003d1b      0x4e2 LaserLib/intx128.o
                                0x6b5 (size before relaxing)
 .debug_str     0x000041fd       0xbd main.o
                                0xc73 (size before relaxing)
 .debug_str     0x000042ba      0x289 MODBUS/CMBProtocol.o
                                0x4e5 (size before relaxing)
 .debug_str     0x00004543      0x5c3 MODBUS/CMBSender.o
                                0xa71 (size before relaxing)

.debug_loc      0x00000000     0x7d0f
 *(.debug_loc)
 .debug_loc     0x00000000      0x210 CDGUSUSART.o
 .debug_loc     0x00000210      0x4c2 CLaserBoard.o
 .debug_loc     0x000006d2      0x718 CLaserControlApp.o
 .debug_loc     0x00000dea      0x344 CSoundPlayer.o
 .debug_loc     0x0000112e      0x366 CTimerC.o
 .debug_loc     0x00001494      0x3f4 CTimerF.o
 .debug_loc     0x00001888      0x276 LaserLib/CSPI.o
 .debug_loc     0x00001afe     0x50e2 LaserLib/intx128.o
 .debug_loc     0x00006be0       0x84 main.o
 .debug_loc     0x00006c64      0x356 MODBUS/CMBProtocol.o
 .debug_loc     0x00006fba      0xd55 MODBUS/CMBSender.o

.debug_macinfo
 *(.debug_macinfo)

.debug_weaknames
 *(.debug_weaknames)

.debug_funcnames
 *(.debug_funcnames)

.debug_typenames
 *(.debug_typenames)

.debug_varnames
 *(.debug_varnames)

.debug_pubtypes
 *(.debug_pubtypes)

.debug_ranges   0x00000000      0x828
 *(.debug_ranges)
 .debug_ranges  0x00000000       0x68 CDGUSUSART.o
 .debug_ranges  0x00000068       0x90 CLaserBoard.o
 .debug_ranges  0x000000f8       0xa0 CLaserControlApp.o
 .debug_ranges  0x00000198       0x50 CSoundPlayer.o
 .debug_ranges  0x000001e8       0x98 CTimerC.o
 .debug_ranges  0x00000280       0xa8 CTimerF.o
 .debug_ranges  0x00000328       0x48 LaserLib/CSPI.o
 .debug_ranges  0x00000370       0x18 LaserLib/CTimer.o
 .debug_ranges  0x00000388       0x18 LaserLib/CUSART.o
 .debug_ranges  0x000003a0      0x338 LaserLib/intx128.o
 .debug_ranges  0x000006d8       0x30 main.o
 .debug_ranges  0x00000708       0x40 MODBUS/CMBProtocol.o
 .debug_ranges  0x00000748       0xe0 MODBUS/CMBSender.o

.debug_macro
 *(.debug_macro)
OUTPUT(ATxmegaLaserDiode.elf elf32-avr)
LOAD linker stubs
