Archive member included to satisfy reference by file (symbol)

c:/program files (x86)/atmel/studio/7.0/toolchain/avr8/avr8-gnu-toolchain/bin/../lib/gcc/avr/4.9.2/../../../../avr/lib/avrxmega6\libm.a(fixsfsi.o)
                              Periphery/CDS18B20.o (__fixsfsi)
c:/program files (x86)/atmel/studio/7.0/toolchain/avr8/avr8-gnu-toolchain/bin/../lib/gcc/avr/4.9.2/../../../../avr/lib/avrxmega6\libm.a(fixunssfsi.o)
                              c:/program files (x86)/atmel/studio/7.0/toolchain/avr8/avr8-gnu-toolchain/bin/../lib/gcc/avr/4.9.2/../../../../avr/lib/avrxmega6\libm.a(fixsfsi.o) (__fixunssfsi)
c:/program files (x86)/atmel/studio/7.0/toolchain/avr8/avr8-gnu-toolchain/bin/../lib/gcc/avr/4.9.2/../../../../avr/lib/avrxmega6\libm.a(floatsisf.o)
                              Periphery/CDS18B20.o (__floatsisf)
c:/program files (x86)/atmel/studio/7.0/toolchain/avr8/avr8-gnu-toolchain/bin/../lib/gcc/avr/4.9.2/../../../../avr/lib/avrxmega6\libm.a(fp_split3.o)
                              c:/program files (x86)/atmel/studio/7.0/toolchain/avr8/avr8-gnu-toolchain/bin/../lib/gcc/avr/4.9.2/../../../../avr/lib/avrxmega6\libm.a(fixunssfsi.o) (__fp_splitA)
c:/program files (x86)/atmel/studio/7.0/toolchain/avr8/avr8-gnu-toolchain/bin/../lib/gcc/avr/4.9.2/../../../../avr/lib/avrxmega6\libm.a(fp_zero.o)
                              c:/program files (x86)/atmel/studio/7.0/toolchain/avr8/avr8-gnu-toolchain/bin/../lib/gcc/avr/4.9.2/../../../../avr/lib/avrxmega6\libm.a(fixunssfsi.o) (__fp_zero)
c:/program files (x86)/atmel/studio/7.0/toolchain/avr8/avr8-gnu-toolchain/bin/../lib/gcc/avr/4.9.2/../../../../avr/lib/avrxmega6\libm.a(mulsf3.o)
                              Periphery/CDS18B20.o (__mulsf3)
c:/program files (x86)/atmel/studio/7.0/toolchain/avr8/avr8-gnu-toolchain/bin/../lib/gcc/avr/4.9.2/../../../../avr/lib/avrxmega6\libm.a(mulsf3x.o)
                              c:/program files (x86)/atmel/studio/7.0/toolchain/avr8/avr8-gnu-toolchain/bin/../lib/gcc/avr/4.9.2/../../../../avr/lib/avrxmega6\libm.a(mulsf3.o) (__mulsf3x)
c:/program files (x86)/atmel/studio/7.0/toolchain/avr8/avr8-gnu-toolchain/bin/../lib/gcc/avr/4.9.2/../../../../avr/lib/avrxmega6\libm.a(fp_inf.o)
                              c:/program files (x86)/atmel/studio/7.0/toolchain/avr8/avr8-gnu-toolchain/bin/../lib/gcc/avr/4.9.2/../../../../avr/lib/avrxmega6\libm.a(mulsf3x.o) (__fp_inf)
c:/program files (x86)/atmel/studio/7.0/toolchain/avr8/avr8-gnu-toolchain/bin/../lib/gcc/avr/4.9.2/../../../../avr/lib/avrxmega6\libm.a(fp_nan.o)
                              c:/program files (x86)/atmel/studio/7.0/toolchain/avr8/avr8-gnu-toolchain/bin/../lib/gcc/avr/4.9.2/../../../../avr/lib/avrxmega6\libm.a(mulsf3x.o) (__fp_nan)
c:/program files (x86)/atmel/studio/7.0/toolchain/avr8/avr8-gnu-toolchain/bin/../lib/gcc/avr/4.9.2/../../../../avr/lib/avrxmega6\libm.a(fp_pscA.o)
                              c:/program files (x86)/atmel/studio/7.0/toolchain/avr8/avr8-gnu-toolchain/bin/../lib/gcc/avr/4.9.2/../../../../avr/lib/avrxmega6\libm.a(mulsf3x.o) (__fp_pscA)
c:/program files (x86)/atmel/studio/7.0/toolchain/avr8/avr8-gnu-toolchain/bin/../lib/gcc/avr/4.9.2/../../../../avr/lib/avrxmega6\libm.a(fp_pscB.o)
                              c:/program files (x86)/atmel/studio/7.0/toolchain/avr8/avr8-gnu-toolchain/bin/../lib/gcc/avr/4.9.2/../../../../avr/lib/avrxmega6\libm.a(mulsf3x.o) (__fp_pscB)
c:/program files (x86)/atmel/studio/7.0/toolchain/avr8/avr8-gnu-toolchain/bin/../lib/gcc/avr/4.9.2/../../../../avr/lib/avrxmega6\libm.a(fp_round.o)
                              c:/program files (x86)/atmel/studio/7.0/toolchain/avr8/avr8-gnu-toolchain/bin/../lib/gcc/avr/4.9.2/../../../../avr/lib/avrxmega6\libm.a(mulsf3.o) (__fp_round)
c:/program files (x86)/atmel/studio/7.0/toolchain/avr8/avr8-gnu-toolchain/bin/../lib/gcc/avr/4.9.2/avrxmega6\libgcc.a(_mulsi3.o)
                              CLaserControlApp.o (__mulsi3)
c:/program files (x86)/atmel/studio/7.0/toolchain/avr8/avr8-gnu-toolchain/bin/../lib/gcc/avr/4.9.2/avrxmega6\libgcc.a(_udivmodhi4.o)
                              CLaserControlApp.o (__udivmodhi4)
c:/program files (x86)/atmel/studio/7.0/toolchain/avr8/avr8-gnu-toolchain/bin/../lib/gcc/avr/4.9.2/avrxmega6\libgcc.a(_udivmodsi4.o)
                              CLaserControlApp.o (__udivmodsi4)
c:/program files (x86)/atmel/studio/7.0/toolchain/avr8/avr8-gnu-toolchain/bin/../lib/gcc/avr/4.9.2/avrxmega6\libgcc.a(_divmodsi4.o)
                              Periphery/CSoundPlayer.o (__divmodsi4)
c:/program files (x86)/atmel/studio/7.0/toolchain/avr8/avr8-gnu-toolchain/bin/../lib/gcc/avr/4.9.2/avrxmega6\libgcc.a(_negsi2.o)
                              c:/program files (x86)/atmel/studio/7.0/toolchain/avr8/avr8-gnu-toolchain/bin/../lib/gcc/avr/4.9.2/avrxmega6\libgcc.a(_divmodsi4.o) (__negsi2)
c:/program files (x86)/atmel/studio/7.0/toolchain/avr8/avr8-gnu-toolchain/bin/../lib/gcc/avr/4.9.2/avrxmega6\libgcc.a(_exit.o)
[...]
Memory Configuration

Name             Origin             Length             Attributes
text             0x00000000         0x00100000         xr
data             0x00802000         0x0000ffa0         rw !x
eeprom           0x00810000         0x00010000         rw !x
fuse             0x00820000         0x00000400         rw !x
lock             0x00830000         0x00000400         rw !x
signature        0x00840000         0x00000400         rw !x
user_signatures  0x00850000         0x00000400         rw !x
*default*        0x00000000         0xffffffff

Linker script and memory map

LOAD C:/Program Files (x86)/Atmel/Studio/7.0/Packs/atmel/XMEGAA_DFP/1.0.36/gcc/dev/atxmega128a3u/avrxmega6/crtatxmega128a3u.o
LOAD CDGUSDatabase.o
LOAD CLaserControlApp.o
LOAD DGUSGUI.o
LOAD LaserLib/CSPI.o
LOAD LaserLib/CTimer.o
LOAD LaserLib/CUSART.o
LOAD LaserLib/intx128.o
LOAD main.o
LOAD MODBUS/CMBProtocol.o
LOAD MODBUS/CMBSender.o
LOAD Periphery/CDGUSUSART.o
LOAD Periphery/CDS18B20.o
LOAD Periphery/CLaserBoard.o
LOAD Periphery/CSoundPlayer.o
LOAD Periphery/CTimerC.o
LOAD Periphery/CTimerD.o
LOAD Periphery/CTimerF.o
START GROUP
LOAD c:/program files (x86)/atmel/studio/7.0/toolchain/avr8/avr8-gnu-toolchain/bin/../lib/gcc/avr/4.9.2/../../../../avr/lib/avrxmega6\libm.a
END GROUP
LOAD c:/program files (x86)/atmel/studio/7.0/toolchain/avr8/avr8-gnu-toolchain/bin/../lib/gcc/avr/4.9.2/avrxmega6\libgcc.a
LOAD c:/program files (x86)/atmel/studio/7.0/toolchain/avr8/avr8-gnu-toolchain/bin/../lib/gcc/avr/4.9.2/../../../../avr/lib/avrxmega6\libm.a
START GROUP
LOAD c:/program files (x86)/atmel/studio/7.0/toolchain/avr8/avr8-gnu-toolchain/bin/../lib/gcc/avr/4.9.2/avrxmega6\libgcc.a
LOAD c:/program files (x86)/atmel/studio/7.0/toolchain/avr8/avr8-gnu-toolchain/bin/../lib/gcc/avr/4.9.2/../../../../avr/lib/avrxmega6\libm.a
LOAD c:/program files (x86)/atmel/studio/7.0/toolchain/avr8/avr8-gnu-toolchain/bin/../lib/gcc/avr/4.9.2/../../../../avr/lib/avrxmega6\libc.a
LOAD C:/Program Files (x86)/Atmel/Studio/7.0/Packs/atmel/XMEGAA_DFP/1.0.36/gcc/dev/atxmega128a3u/avrxmega6\libatxmega128a3u.a
END GROUP

.hash
 *(.hash)

.dynsym
 *(.dynsym)

.dynstr
 *(.dynstr)

.gnu.version
 *(.gnu.version)

.gnu.version_d
 *(.gnu.version_d)

.gnu.version_r
 *(.gnu.version_r)

.rel.init
 *(.rel.init)

.rela.init
 *(.rela.init)

.rel.text
 *(.rel.text)
 *(.rel.text.*)
 *(.rel.gnu.linkonce.t*)

.rela.text
 *(.rela.text)
 *(.rela.text.*)
 *(.rela.gnu.linkonce.t*)

.rel.fini
 *(.rel.fini)

.rela.fini
 *(.rela.fini)

.rel.rodata
 *(.rel.rodata)
 *(.rel.rodata.*)
 *(.rel.gnu.linkonce.r*)

.rela.rodata
 *(.rela.rodata)
 *(.rela.rodata.*)
 *(.rela.gnu.linkonce.r*)

.rel.data
 *(.rel.data)
 *(.rel.data.*)
 *(.rel.gnu.linkonce.d*)

.rela.data
 *(.rela.data)
 *(.rela.data.*)
 *(.rela.gnu.linkonce.d*)

.rel.ctors
 *(.rel.ctors)

.rela.ctors
 *(.rela.ctors)

.rel.dtors
 *(.rel.dtors)

.rela.dtors
 *(.rela.dtors)

.rel.got
 *(.rel.got)

.rela.got
 *(.rela.got)

.rel.bss
 *(.rel.bss)

.rela.bss
 *(.rela.bss)

.rel.plt
 *(.rel.plt)

.rela.plt
 *(.rela.plt)

.text           0x00000000     0x561e
 *(.vectors)
 .vectors       0x00000000      0x1fc C:/Program Files (x86)/Atmel/Studio/7.0/Packs/atmel/XMEGAA_DFP/1.0.36/gcc/dev/atxmega128a3u/avrxmega6/crtatxmega128a3u.o
                0x00000000                __vector_default
                0x00000000                __vectors
 *(.vectors)
 *(.progmem.gcc*)
 .progmem.gcc_sw_table._ZN16CLaserControlApp18OnRegisterReceivedEhPhh
                0x000001fc       0x4c CLaserControlApp.o
 .progmem.gcc_sw_table._ZN16CLaserControlApp18OnVariableReceivedEjPjj
                0x00000248       0x24 CLaserControlApp.o
 .progmem.gcc_sw_table._ZN16CLaserControlApp3RunEv
                0x0000026c       0x1c CLaserControlApp.o
 .progmem.gcc_sw_table._ZN9CMBSender13OnReceiveByteEh
                0x00000288       0x16 MODBUS/CMBSender.o
                0x0000029e                . = ALIGN (0x2)
                0x0000029e                __trampolines_start = .
 *(.trampolines)
 .trampolines   0x0000029e      0x224 linker stubs
 *(.trampolines*)
                0x000004c2                __trampolines_end = .
 *(.progmem*)
                0x000004c2                . = ALIGN (0x2)
 *(.jumptables)
 *(.jumptables*)
 *(.lowtext)
 *(.lowtext*)
                0x000004c2                __ctors_start = .
 *(.ctors)
 .ctors         0x000004c2        0x2 CLaserControlApp.o
 .ctors         0x000004c4        0x2 main.o
                0x000004c6                __ctors_end = .
                0x000004c6                __dtors_start = .
 *(.dtors)
 .dtors         0x000004c6        0x2 CLaserControlApp.o
 .dtors         0x000004c8        0x2 main.o
                0x000004ca                __dtors_end = .
 SORT(*)(.ctors)
 SORT(*)(.dtors)
 *(.init0)
 .init0         0x000004ca        0x0 C:/Program Files (x86)/Atmel/Studio/7.0/Packs/atmel/XMEGAA_DFP/1.0.36/gcc/dev/atxmega128a3u/avrxmega6/crtatxmega128a3u.o
                0x000004ca                __init
 *(.init0)
 *(.init1)
 *(.init1)
 *(.init2)
 .init2         0x000004ca       0x10 C:/Program Files (x86)/Atmel/Studio/7.0/Packs/atmel/XMEGAA_DFP/1.0.36/gcc/dev/atxmega128a3u/avrxmega6/crtatxmega128a3u.o
 *(.init2)
 *(.init3)
 *(.init3)
 *(.init4)
 .init4         0x000004da       0x1a c:/program files (x86)/atmel/studio/7.0/toolchain/avr8/avr8-gnu-toolchain/bin/../lib/gcc/avr/4.9.2/avrxmega6\libgcc.a(_copy_data.o)
                0x000004da                __do_copy_data
 .init4         0x000004f4       0x10 c:/program files (x86)/atmel/studio/7.0/toolchain/avr8/avr8-gnu-toolchain/bin/../lib/gcc/avr/4.9.2/avrxmega6\libgcc.a(_clear_bss.o)
                0x000004f4                __do_clear_bss
 *(.init4)
 *(.init5)
 *(.init5)
 *(.init6)
 .init6         0x00000504       0x20 c:/program files (x86)/atmel/studio/7.0/toolchain/avr8/avr8-gnu-toolchain/bin/../lib/gcc/avr/4.9.2/avrxmega6\libgcc.a(_ctors.o)
                0x00000504                __do_global_ctors
 *(.init6)
 *(.init7)
 *(.init7)
 *(.init8)
 *(.init8)
 *(.init9)
 .init9         0x00000524        0x8 C:/Program Files (x86)/Atmel/Studio/7.0/Packs/atmel/XMEGAA_DFP/1.0.36/gcc/dev/atxmega128a3u/avrxmega6/crtatxmega128a3u.o
 *(.init9)
 *(.text)
 .text          0x0000052c        0x4 C:/Program Files (x86)/Atmel/Studio/7.0/Packs/atmel/XMEGAA_DFP/1.0.36/gcc/dev/atxmega128a3u/avrxmega6/crtatxmega128a3u.o
                0x0000052c                __vector_75
                0x0000052c                __vector_102
                0x0000052c                __bad_interrupt
                0x0000052c                __vector_122
                0x0000052c                __vector_114
                0x0000052c                __vector_117
                0x0000052c                __vector_107
                0x0000052c                __vector_98
                0x0000052c                __vector_99
                0x0000052c                __vector_125
                0x0000052c                __vector_123
                0x0000052c                __vector_100
                0x0000052c                __vector_101
                0x0000052c                __vector_76
                0x0000052c                __vector_115
                0x0000052c                __vector_95
                0x0000052c                __vector_103
                0x0000052c                __vector_96
                0x0000052c                __vector_106
                0x0000052c                __vector_118
                0x0000052c                __vector_94
                0x0000052c                __vector_126
                0x0000052c                __vector_124
                0x0000052c                __vector_116
                0x0000052c                __vector_97
                0x00000530                . = ALIGN (0x2)
 *(.text.*)
 .text._ZN13CDGUSDatabaseC2Ev
                0x00000530        0x2 CDGUSDatabase.o
                0x00000530                _ZN13CDGUSDatabaseC2Ev
                0x00000530                _ZN13CDGUSDatabaseC1Ev
 .text._ZN13CDGUSDatabaseD2Ev
                0x00000532        0x2 CDGUSDatabase.o
                0x00000532                _ZN13CDGUSDatabaseD2Ev
                0x00000532                _ZN13CDGUSDatabaseD1Ev
 .text._ZN13CDGUSDatabase10InitializeEP9CMBSenderj
                0x00000534       0x18 CDGUSDatabase.o
                0x00000534                _ZN13CDGUSDatabase10InitializeEP9CMBSenderj
 .text._ZN13CDGUSDatabase18MapDatabaseToWriteEjmj
                0x0000054c       0xca CDGUSDatabase.o
                0x0000054c                _ZN13CDGUSDatabase18MapDatabaseToWriteEjmj
 .text._ZN13CDGUSDatabase17MapDatabaseToReadEjmj
                0x00000616       0xca CDGUSDatabase.o
                0x00000616                _ZN13CDGUSDatabase17MapDatabaseToReadEjmj
 .text._ZN13CDGUSDatabase5UnMapEv
                0x000006e0       0x3c CDGUSDatabase.o
                0x000006e0                _ZN13CDGUSDatabase5UnMapEv
 .text._ZN16CLaserControlApp21OnTransactionCallbackEPhj
                0x0000071c        0x2 CLaserControlApp.o
                0x0000071c                _ZN16CLaserControlApp21OnTransactionCallbackEPhj
 .text._ZN16CLaserControlApp18OnRegisterReceivedEhPhh
                0x0000071e       0xb0 CLaserControlApp.o
                0x0000071e                _ZN16CLaserControlApp18OnRegisterReceivedEhPhh
 .text._ZN16CLaserControlApp18OnVariableReceivedEjPjj
                0x000007ce      0x180 CLaserControlApp.o
                0x000007ce                _ZN16CLaserControlApp18OnVariableReceivedEjPjj
 .text._ZN16CLaserControlAppC2Ev
                0x0000094e        0xc CLaserControlApp.o
                0x0000094e                _ZN16CLaserControlAppC2Ev
                0x0000094e                _ZN16CLaserControlAppC1Ev
 .text._ZN16CLaserControlAppD2Ev
                0x0000095a       0x10 CLaserControlApp.o
                0x0000095a                _ZN16CLaserControlAppD2Ev
                0x0000095a                _ZN16CLaserControlAppD1Ev
 .text._ZN16CLaserControlApp5StartEv
                0x0000096a       0x80 CLaserControlApp.o
                0x0000096a                _ZN16CLaserControlApp5StartEv
 .text._ZN16CLaserControlApp22CalculateLaserSettingsEP24DGUS_LASERPROFILE_STRUCT
                0x000009ea      0x17a CLaserControlApp.o
                0x000009ea                _ZN16CLaserControlApp22CalculateLaserSettingsEP24DGUS_LASERPROFILE_STRUCT
 .text._ZN16CLaserControlApp11GetVariableEjj
                0x00000b64       0x28 CLaserControlApp.o
                0x00000b64                _ZN16CLaserControlApp11GetVariableEjj
 .text._ZN16CLaserControlApp11SetVariableEjPjj
                0x00000b8c       0x20 CLaserControlApp.o
                0x00000b8c                _ZN16CLaserControlApp11SetVariableEjPjj
 .text._ZN16CLaserControlApp12SetPictureIdEj
                0x00000bac       0x4c CLaserControlApp.o
                0x00000bac                _ZN16CLaserControlApp12SetPictureIdEj
 .text._ZN16CLaserControlApp12OnLaserTimerEv
                0x00000bf8       0x3c CLaserControlApp.o
                0x00000bf8                _ZN16CLaserControlApp12OnLaserTimerEv
 .text._ZN16CLaserControlApp18OnLaserTimerStaticEPv
                0x00000c34        0x6 CLaserControlApp.o
                0x00000c34                _ZN16CLaserControlApp18OnLaserTimerStaticEPv
 .text._GLOBAL__sub_I_timer
                0x00000c3a       0x12 CLaserControlApp.o
 .text._GLOBAL__sub_D_timer
                0x00000c4c       0x12 CLaserControlApp.o
 .text._ZN16CLaserControlApp10InitializeEP9CMBSender
                0x00000c5e      0x20a CLaserControlApp.o
                0x00000c5e                _ZN16CLaserControlApp10InitializeEP9CMBSender
 .text._ZN16CLaserControlApp3RunEv
                0x00000e68      0x424 CLaserControlApp.o
                0x00000e68                _ZN16CLaserControlApp3RunEv
 .text._ZN16CLaserControlApp9OnTimeoutEv
                0x0000128c       0x16 CLaserControlApp.o
                0x0000128c                _ZN16CLaserControlApp9OnTimeoutEv
 .text._ZN16CLaserControlApp7OnTimerEv
                0x000012a2       0xde CLaserControlApp.o
                0x000012a2                _ZN16CLaserControlApp7OnTimerEv
 .text._ZN16CLaserControlApp13OnTimerStaticEPv
                0x00001380        0x6 CLaserControlApp.o
                0x00001380                _ZN16CLaserControlApp13OnTimerStaticEPv
 .text._Z11ConvertDataPvS_jj
                0x00001386       0x58 DGUSGUI.o
                0x00001386                _Z11ConvertDataPvS_jj
 .text._Z4swapj
                0x000013de        0x8 DGUSGUI.o
                0x000013de                _Z4swapj
 .text._Z6swap32m
                0x000013e6        0x8 DGUSGUI.o
                0x000013e6                _Z6swap32m
 .text._ZN4CSPIC2Ev
                0x000013ee        0x2 LaserLib/CSPI.o
                0x000013ee                _ZN4CSPIC2Ev
                0x000013ee                _ZN4CSPIC1Ev
 .text._ZN4CSPID2Ev
                0x000013f0        0x2 LaserLib/CSPI.o
                0x000013f0                _ZN4CSPID2Ev
                0x000013f0                _ZN4CSPID1Ev
 .text._ZN4CSPI10InitializeEb19SPI_DATA_ORDER_ENUM13SPI_MODE_ENUMb18SPI_PRESCALER_enum
                0x000013f2       0x82 LaserLib/CSPI.o
                0x000013f2                _ZN4CSPI10InitializeEb19SPI_DATA_ORDER_ENUM13SPI_MODE_ENUMb18SPI_PRESCALER_enum
 .text._ZN4CSPI12DeinitializeEv
                0x00001474       0x16 LaserLib/CSPI.o
                0x00001474                _ZN4CSPI12DeinitializeEv
 .text._ZN4CSPI4SendEPhj
                0x0000148a       0x40 LaserLib/CSPI.o
                0x0000148a                _ZN4CSPI4SendEPhj
 .text._ZN4CSPI10OnTransmitEv
                0x000014ca       0x30 LaserLib/CSPI.o
                0x000014ca                _ZN4CSPI10OnTransmitEv
 .text._ZN4CSPI16StaticOnTransmitEPv
                0x000014fa        0x6 LaserLib/CSPI.o
                0x000014fa                _ZN4CSPI16StaticOnTransmitEPv
 .text._ZN6CTimerC2Ev
                0x00001500        0xc LaserLib/CTimer.o
                0x00001500                _ZN6CTimerC1Ev
                0x00001500                _ZN6CTimerC2Ev
 .text._ZN6CTimerD2Ev
                0x0000150c        0x2 LaserLib/CTimer.o
                0x0000150c                _ZN6CTimerD1Ev
                0x0000150c                _ZN6CTimerD2Ev
 .text._ZN6CUSARTC2Ev
                0x0000150e        0xc LaserLib/CUSART.o
                0x0000150e                _ZN6CUSARTC2Ev
                0x0000150e                _ZN6CUSARTC1Ev
 .text._ZN6CUSARTD2Ev
                0x0000151a        0x2 LaserLib/CUSART.o
                0x0000151a                _ZN6CUSARTD1Ev
                0x0000151a                _ZN6CUSARTD2Ev
 .text.__vector_1
                0x0000151c       0x62 LaserLib/intx128.o
                0x0000151c                __vector_1
 .text.__vector_2
                0x0000157e       0x62 LaserLib/intx128.o
                0x0000157e                __vector_2
 .text.__vector_3
                0x000015e0       0x62 LaserLib/intx128.o
                0x000015e0                __vector_3
 .text.__vector_4
                0x00001642       0x62 LaserLib/intx128.o
                0x00001642                __vector_4
 .text.__vector_5
                0x000016a4       0x62 LaserLib/intx128.o
                0x000016a4                __vector_5
 .text.__vector_6
                0x00001706       0x62 LaserLib/intx128.o
                0x00001706                __vector_6
 .text.__vector_7
                0x00001768       0x62 LaserLib/intx128.o
                0x00001768                __vector_7
 .text.__vector_8
                0x000017ca       0x62 LaserLib/intx128.o
                0x000017ca                __vector_8
 .text.__vector_9
                0x0000182c       0x62 LaserLib/intx128.o
                0x0000182c                __vector_9
 .text.__vector_10
                0x0000188e       0x62 LaserLib/intx128.o
                0x0000188e                __vector_10
 .text.__vector_11
                0x000018f0       0x62 LaserLib/intx128.o
                0x000018f0                __vector_11
 .text.__vector_12
                0x00001952       0x62 LaserLib/intx128.o
                0x00001952                __vector_12
 .text.__vector_13
                0x000019b4       0x62 LaserLib/intx128.o
                0x000019b4                __vector_13
 .text.__vector_14
                0x00001a16       0x62 LaserLib/intx128.o
                0x00001a16                __vector_14
 .text.__vector_15
                0x00001a78       0x62 LaserLib/intx128.o
                0x00001a78                __vector_15
 .text.__vector_16
                0x00001ada       0x62 LaserLib/intx128.o
                0x00001ada                __vector_16
 .text.__vector_17
                0x00001b3c       0x62 LaserLib/intx128.o
                0x00001b3c                __vector_17
 .text.__vector_18
                0x00001b9e       0x62 LaserLib/intx128.o
                0x00001b9e                __vector_18
 .text.__vector_19
                0x00001c00       0x62 LaserLib/intx128.o
                0x00001c00                __vector_19
 .text.__vector_20
                0x00001c62       0x62 LaserLib/intx128.o
                0x00001c62                __vector_20
 .text.__vector_21
                0x00001cc4       0x62 LaserLib/intx128.o
                0x00001cc4                __vector_21
 .text.__vector_22
                0x00001d26       0x62 LaserLib/intx128.o
                0x00001d26                __vector_22
 .text.__vector_23
                0x00001d88       0x62 LaserLib/intx128.o
                0x00001d88                __vector_23
 .text.__vector_24
                0x00001dea       0x62 LaserLib/intx128.o
                0x00001dea                __vector_24
 .text.__vector_25
                0x00001e4c       0x62 LaserLib/intx128.o
                0x00001e4c                __vector_25
 .text.__vector_26
                0x00001eae       0x62 LaserLib/intx128.o
                0x00001eae                __vector_26
 .text.__vector_27
                0x00001f10       0x62 LaserLib/intx128.o
                0x00001f10                __vector_27
 .text.__vector_28
                0x00001f72       0x62 LaserLib/intx128.o
                0x00001f72                __vector_28
 .text.__vector_29
                0x00001fd4       0x62 LaserLib/intx128.o
                0x00001fd4                __vector_29
 .text.__vector_30
                0x00002036       0x62 LaserLib/intx128.o
                0x00002036                __vector_30
 .text.__vector_31
                0x00002098       0x62 LaserLib/intx128.o
                0x00002098                __vector_31
 .text.__vector_32
                0x000020fa       0x62 LaserLib/intx128.o
                0x000020fa                __vector_32
 .text.__vector_33
                0x0000215c       0x62 LaserLib/intx128.o
                0x0000215c                __vector_33
 .text.__vector_34
                0x000021be       0x62 LaserLib/intx128.o
                0x000021be                __vector_34
 .text.__vector_35
                0x00002220       0x62 LaserLib/intx128.o
                0x00002220                __vector_35
 .text.__vector_36
                0x00002282       0x62 LaserLib/intx128.o
                0x00002282                __vector_36
 .text.__vector_37
                0x000022e4       0x62 LaserLib/intx128.o
                0x000022e4                __vector_37
 .text.__vector_38
                0x00002346       0x62 LaserLib/intx128.o
                0x00002346                __vector_38
 .text.__vector_39
                0x000023a8       0x62 LaserLib/intx128.o
                0x000023a8                __vector_39
 .text.__vector_40
                0x0000240a       0x62 LaserLib/intx128.o
                0x0000240a                __vector_40
 .text.__vector_41
                0x0000246c       0x62 LaserLib/intx128.o
                0x0000246c                __vector_41
 .text.__vector_42
                0x000024ce       0x62 LaserLib/intx128.o
                0x000024ce                __vector_42
 .text.__vector_43
                0x00002530       0x62 LaserLib/intx128.o
                0x00002530                __vector_43
 .text.__vector_44
                0x00002592       0x62 LaserLib/intx128.o
                0x00002592                __vector_44
 .text.__vector_45
                0x000025f4       0x62 LaserLib/intx128.o
                0x000025f4                __vector_45
 .text.__vector_46
                0x00002656       0x62 LaserLib/intx128.o
                0x00002656                __vector_46
 .text.__vector_47
                0x000026b8       0x62 LaserLib/intx128.o
                0x000026b8                __vector_47
 .text.__vector_48
                0x0000271a       0x62 LaserLib/intx128.o
                0x0000271a                __vector_48
 .text.__vector_49
                0x0000277c       0x62 LaserLib/intx128.o
                0x0000277c                __vector_49
 .text.__vector_50
                0x000027de       0x62 LaserLib/intx128.o
                0x000027de                __vector_50
 .text.__vector_51
                0x00002840       0x62 LaserLib/intx128.o
                0x00002840                __vector_51
 .text.__vector_52
                0x000028a2       0x62 LaserLib/intx128.o
                0x000028a2                __vector_52
 .text.__vector_53
                0x00002904       0x62 LaserLib/intx128.o
                0x00002904                __vector_53
 .text.__vector_54
                0x00002966       0x62 LaserLib/intx128.o
                0x00002966                __vector_54
 .text.__vector_55
                0x000029c8       0x62 LaserLib/intx128.o
                0x000029c8                __vector_55
 .text.__vector_56
                0x00002a2a       0x62 LaserLib/intx128.o
                0x00002a2a                __vector_56
 .text.__vector_57
                0x00002a8c       0x62 LaserLib/intx128.o
                0x00002a8c                __vector_57
 .text.__vector_58
                0x00002aee       0x62 LaserLib/intx128.o
                0x00002aee                __vector_58
 .text.__vector_59
                0x00002b50       0x62 LaserLib/intx128.o
                0x00002b50                __vector_59
 .text.__vector_60
                0x00002bb2       0x62 LaserLib/intx128.o
                0x00002bb2                __vector_60
 .text.__vector_61
                0x00002c14       0x62 LaserLib/intx128.o
                0x00002c14                __vector_61
 .text.__vector_62
                0x00002c76       0x62 LaserLib/intx128.o
                0x00002c76                __vector_62
 .text.__vector_63
                0x00002cd8       0x62 LaserLib/intx128.o
                0x00002cd8                __vector_63
 .text.__vector_64
                0x00002d3a       0x62 LaserLib/intx128.o
                0x00002d3a                __vector_64
 .text.__vector_65
                0x00002d9c       0x62 LaserLib/intx128.o
                0x00002d9c                __vector_65
 .text.__vector_66
                0x00002dfe       0x62 LaserLib/intx128.o
                0x00002dfe                __vector_66
 .text.__vector_67
                0x00002e60       0x62 LaserLib/intx128.o
                0x00002e60                __vector_67
 .text.__vector_68
                0x00002ec2       0x62 LaserLib/intx128.o
                0x00002ec2                __vector_68
 .text.__vector_69
                0x00002f24       0x62 LaserLib/intx128.o
                0x00002f24                __vector_69
 .text.__vector_70
                0x00002f86       0x62 LaserLib/intx128.o
                0x00002f86                __vector_70
 .text.__vector_71
                0x00002fe8       0x62 LaserLib/intx128.o
                0x00002fe8                __vector_71
 .text.__vector_72
                0x0000304a       0x62 LaserLib/intx128.o
                0x0000304a                __vector_72
 .text.__vector_73
                0x000030ac       0x62 LaserLib/intx128.o
                0x000030ac                __vector_73
 .text.__vector_74
                0x0000310e       0x62 LaserLib/intx128.o
                0x0000310e                __vector_74
 .text.__vector_77
                0x00003170       0x62 LaserLib/intx128.o
                0x00003170                __vector_77
 .text.__vector_78
                0x000031d2       0x62 LaserLib/intx128.o
                0x000031d2                __vector_78
 .text.__vector_79
                0x00003234       0x62 LaserLib/intx128.o
                0x00003234                __vector_79
 .text.__vector_80
                0x00003296       0x62 LaserLib/intx128.o
                0x00003296                __vector_80
 .text.__vector_81
                0x000032f8       0x62 LaserLib/intx128.o
                0x000032f8                __vector_81
 .text.__vector_82
                0x0000335a       0x62 LaserLib/intx128.o
                0x0000335a                __vector_82
 .text.__vector_83
                0x000033bc       0x62 LaserLib/intx128.o
                0x000033bc                __vector_83
 .text.__vector_84
                0x0000341e       0x62 LaserLib/intx128.o
                0x0000341e                __vector_84
 .text.__vector_85
                0x00003480       0x62 LaserLib/intx128.o
                0x00003480                __vector_85
 .text.__vector_86
                0x000034e2       0x62 LaserLib/intx128.o
                0x000034e2                __vector_86
 .text.__vector_87
                0x00003544       0x62 LaserLib/intx128.o
                0x00003544                __vector_87
 .text.__vector_88
                0x000035a6       0x62 LaserLib/intx128.o
                0x000035a6                __vector_88
 .text.__vector_89
                0x00003608       0x62 LaserLib/intx128.o
                0x00003608                __vector_89
 .text.__vector_90
                0x0000366a       0x62 LaserLib/intx128.o
                0x0000366a                __vector_90
 .text.__vector_91
                0x000036cc       0x62 LaserLib/intx128.o
                0x000036cc                __vector_91
 .text.__vector_92
                0x0000372e       0x62 LaserLib/intx128.o
                0x0000372e                __vector_92
 .text.__vector_93
                0x00003790       0x62 LaserLib/intx128.o
                0x00003790                __vector_93
 .text.__vector_104
                0x000037f2       0x62 LaserLib/intx128.o
                0x000037f2                __vector_104
 .text.__vector_105
                0x00003854       0x62 LaserLib/intx128.o
                0x00003854                __vector_105
 .text.__vector_108
                0x000038b6       0x62 LaserLib/intx128.o
                0x000038b6                __vector_108
 .text.__vector_109
                0x00003918       0x62 LaserLib/intx128.o
                0x00003918                __vector_109
 .text.__vector_110
                0x0000397a       0x62 LaserLib/intx128.o
                0x0000397a                __vector_110
 .text.__vector_111
                0x000039dc       0x62 LaserLib/intx128.o
                0x000039dc                __vector_111
 .text.__vector_112
                0x00003a3e       0x62 LaserLib/intx128.o
                0x00003a3e                __vector_112
 .text.__vector_113
                0x00003aa0       0x62 LaserLib/intx128.o
                0x00003aa0                __vector_113
 .text.__vector_119
                0x00003b02       0x62 LaserLib/intx128.o
                0x00003b02                __vector_119
 .text.__vector_120
                0x00003b64       0x62 LaserLib/intx128.o
                0x00003b64                __vector_120
 .text.__vector_121
                0x00003bc6       0x62 LaserLib/intx128.o
                0x00003bc6                __vector_121
 .text.__cxa_pure_virtual
                0x00003c28        0x6 main.o
                0x00003c28                __cxa_pure_virtual
 .text._GLOBAL__sub_I_dacSPI
                0x00003c2e       0x4a main.o
 .text._GLOBAL__sub_D_dacSPI
                0x00003c78       0x4a main.o
 .text._Z16SystemInitializev
                0x00003cc2       0xc4 main.o
                0x00003cc2                _Z16SystemInitializev
 .text.main     0x00003d86       0xf6 main.o
                0x00003d86                main
 .text._ZN16CMBEventsHandler13FillRegDataTxEhPhh
                0x00003e7c       0x62 MODBUS/CMBProtocol.o
                0x00003e7c                _ZN16CMBEventsHandler13FillRegDataTxEhPhh
 .text._ZN16CMBEventsHandler13FillRegDataRqEhh
                0x00003ede       0x3e MODBUS/CMBProtocol.o
                0x00003ede                _ZN16CMBEventsHandler13FillRegDataRqEhh
 .text._ZN16CMBEventsHandler13FillVarDataTxEjPjj
                0x00003f1c       0x90 MODBUS/CMBProtocol.o
                0x00003f1c                _ZN16CMBEventsHandler13FillVarDataTxEjPjj
 .text._ZN16CMBEventsHandler13FillVarDataRqEjj
                0x00003fac       0x46 MODBUS/CMBProtocol.o
                0x00003fac                _ZN16CMBEventsHandler13FillVarDataRqEjj
 .text._ZN16CMBEventsHandler15AllocateBuffersEjj
                0x00003ff2       0x36 MODBUS/CMBProtocol.o
                0x00003ff2                _ZN16CMBEventsHandler15AllocateBuffersEjj
 .text._ZN16CMBEventsHandler11FreeBuffersEv
                0x00004028       0x1c MODBUS/CMBProtocol.o
                0x00004028                _ZN16CMBEventsHandler11FreeBuffersEv
 .text._ZN16CMBEventsHandlerD2Ev
                0x00004044        0x2 MODBUS/CMBProtocol.o
                0x00004044                _ZN16CMBEventsHandlerD2Ev
                0x00004044                _ZN16CMBEventsHandlerD1Ev
 .text._ZN9CMBSender18OnVariableReceivedEjPjj
                0x00004046       0x1e MODBUS/CMBSender.o
                0x00004046                _ZN9CMBSender18OnVariableReceivedEjPjj
 .text._ZN9CMBSender18OnRegisterReceivedEhPhh
                0x00004064       0x1e MODBUS/CMBSender.o
                0x00004064                _ZN9CMBSender18OnRegisterReceivedEhPhh
 .text._ZN9CMBSenderC2Ev
                0x00004082        0xc MODBUS/CMBSender.o
                0x00004082                _ZN9CMBSenderC2Ev
                0x00004082                _ZN9CMBSenderC1Ev
 .text._ZN9CMBSender10InitializeEP6CTimerP6CUSARTP16CMBEventsHandlerjjj
                0x0000408e       0xde MODBUS/CMBSender.o
                0x0000408e                _ZN9CMBSender10InitializeEP6CTimerP6CUSARTP16CMBEventsHandlerjjj
 .text._ZN9CMBSenderD2Ev
                0x0000416c       0x10 MODBUS/CMBSender.o
                0x0000416c                _ZN9CMBSenderD1Ev
                0x0000416c                _ZN9CMBSenderD2Ev
 .text._ZN9CMBSender13OnReceiveByteEh
                0x0000417c      0x15a MODBUS/CMBSender.o
                0x0000417c                _ZN9CMBSender13OnReceiveByteEh
 .text._ZN9CMBSender18OnUSARTRxInterruptEPv
                0x000042d6       0x26 MODBUS/CMBSender.o
                0x000042d6                _ZN9CMBSender18OnUSARTRxInterruptEPv
 .text._ZN9CMBSender9OnTimeoutEv
                0x000042fc       0x28 MODBUS/CMBSender.o
                0x000042fc                _ZN9CMBSender9OnTimeoutEv
 .text._ZN9CMBSender18OnTimeoutInterruptEPv
                0x00004324        0x6 MODBUS/CMBSender.o
                0x00004324                _ZN9CMBSender18OnTimeoutInterruptEPv
 .text._ZN9CMBSender19StartMODBUSListenerEv
                0x0000432a       0x32 MODBUS/CMBSender.o
                0x0000432a                _ZN9CMBSender19StartMODBUSListenerEv
 .text._ZN9CMBSender14OnTransmitByteEv
                0x0000435c       0x92 MODBUS/CMBSender.o
                0x0000435c                _ZN9CMBSender14OnTransmitByteEv
 .text._ZN9CMBSender18OnUSARTTxInterruptEPv
                0x000043ee        0x6 MODBUS/CMBSender.o
                0x000043ee                _ZN9CMBSender18OnUSARTTxInterruptEPv
 .text._ZN9CMBSender18WaitMODBUSListenerEv
                0x000043f4       0x22 MODBUS/CMBSender.o
                0x000043f4                _ZN9CMBSender18WaitMODBUSListenerEv
 .text._ZN9CMBSender22StartMODBUSTransmitterEv
                0x00004416       0x2a MODBUS/CMBSender.o
                0x00004416                _ZN9CMBSender22StartMODBUSTransmitterEv
 .text._ZN9CMBSender24WriteDataToRegisterAsyncEhPhh
                0x00004440       0x1e MODBUS/CMBSender.o
                0x00004440                _ZN9CMBSender24WriteDataToRegisterAsyncEhPhh
 .text._ZN9CMBSender20WriteDataToSRAMAsyncEjPjj
                0x0000445e       0x1e MODBUS/CMBSender.o
                0x0000445e                _ZN9CMBSender20WriteDataToSRAMAsyncEjPjj
 .text._ZN9CMBSender28RequestDataFromRegisterAsyncEhh
                0x0000447c       0x1e MODBUS/CMBSender.o
                0x0000447c                _ZN9CMBSender28RequestDataFromRegisterAsyncEhh
 .text._ZN9CMBSender24RequestDataFromSRAMAsyncEjh
                0x0000449a       0x20 MODBUS/CMBSender.o
                0x0000449a                _ZN9CMBSender24RequestDataFromSRAMAsyncEjh
 .text._ZN9CMBSender21WaitMODBUSTransmitterEv
                0x000044ba       0x22 MODBUS/CMBSender.o
                0x000044ba                _ZN9CMBSender21WaitMODBUSTransmitterEv
 .text._ZN9CMBSender30StartMODBUSRegisterTransactionEhh
                0x000044dc        0xc MODBUS/CMBSender.o
                0x000044dc                _ZN9CMBSender30StartMODBUSRegisterTransactionEhh
 .text._ZN9CMBSender30StartMODBUSVariableTransactionEjh
                0x000044e8        0xc MODBUS/CMBSender.o
                0x000044e8                _ZN9CMBSender30StartMODBUSVariableTransactionEjh
 .text._ZN9CMBSender18ProcessTransactionEPhj
                0x000044f4       0x62 MODBUS/CMBSender.o
                0x000044f4                _ZN9CMBSender18ProcessTransactionEPhj
 .text._ZN9CMBSender21OnTransactionCallbackEPhj
                0x00004556        0x6 MODBUS/CMBSender.o
                0x00004556                _ZN9CMBSender21OnTransactionCallbackEPhj
 .text._ZN10CDGUSUSART10InitializeE13BAUDRATE_ENUM11PARITY_ENUM12STOBITS_ENUMb
                0x0000455c       0x76 Periphery/CDGUSUSART.o
                0x0000455c                _ZN10CDGUSUSART10InitializeE13BAUDRATE_ENUM11PARITY_ENUM12STOBITS_ENUMb
 .text._ZN10CDGUSUSART15GetReceivedByteEv
                0x000045d2        0x6 Periphery/CDGUSUSART.o
                0x000045d2                _ZN10CDGUSUSART15GetReceivedByteEv
 .text._ZN10CDGUSUSART19SetTransmittingByteEh
                0x000045d8        0x6 Periphery/CDGUSUSART.o
                0x000045d8                _ZN10CDGUSUSART19SetTransmittingByteEh
 .text._ZN10CDGUSUSART14IsTransmittingEv
                0x000045de       0x10 Periphery/CDGUSUSART.o
                0x000045de                _ZN10CDGUSUSART14IsTransmittingEv
 .text._ZN10CDGUSUSART11IsReceivingEv
                0x000045ee        0xe Periphery/CDGUSUSART.o
                0x000045ee                _ZN10CDGUSUSART11IsReceivingEv
 .text._ZN10CDGUSUSART11IsDataEmptyEv
                0x000045fc       0x10 Periphery/CDGUSUSART.o
                0x000045fc                _ZN10CDGUSUSART11IsDataEmptyEv
 .text._ZN10CDGUSUSART25SetRxInterruptionCallbackEPvPFvS0_E
                0x0000460c       0x12 Periphery/CDGUSUSART.o
                0x0000460c                _ZN10CDGUSUSART25SetRxInterruptionCallbackEPvPFvS0_E
 .text._ZN10CDGUSUSART25SetTxInterruptionCallbackEPvPFvS0_E
                0x0000461e       0x12 Periphery/CDGUSUSART.o
                0x0000461e                _ZN10CDGUSUSART25SetTxInterruptionCallbackEPvPFvS0_E
 .text._ZN10CDGUSUSART12SetDMARxTrigEP13DMA_CH_struct
                0x00004630       0x12 Periphery/CDGUSUSART.o
                0x00004630                _ZN10CDGUSUSART12SetDMARxTrigEP13DMA_CH_struct
 .text._ZN10CDGUSUSART12SetDMATxTrigEP13DMA_CH_struct
                0x00004642       0x12 Periphery/CDGUSUSART.o
                0x00004642                _ZN10CDGUSUSART12SetDMATxTrigEP13DMA_CH_struct
 .text._ZN10CDGUSUSARTC2Ev
                0x00004654       0x18 Periphery/CDGUSUSART.o
                0x00004654                _ZN10CDGUSUSARTC1Ev
                0x00004654                _ZN10CDGUSUSARTC2Ev
 .text._ZN10CDGUSUSARTD2Ev
                0x0000466c       0x10 Periphery/CDGUSUSART.o
                0x0000466c                _ZN10CDGUSUSARTD2Ev
                0x0000466c                _ZN10CDGUSUSARTD1Ev
 .text._ZN8CDS18B20C2Ev
                0x0000467c        0x2 Periphery/CDS18B20.o
                0x0000467c                _ZN8CDS18B20C2Ev
                0x0000467c                _ZN8CDS18B20C1Ev
 .text._ZN8CDS18B20D2Ev
                0x0000467e        0x2 Periphery/CDS18B20.o
                0x0000467e                _ZN8CDS18B20D1Ev
                0x0000467e                _ZN8CDS18B20D2Ev
 .text._ZN8CDS18B207w1_findEv
                0x00004680       0x3c Periphery/CDS18B20.o
                0x00004680                _ZN8CDS18B207w1_findEv
 .text._ZN8CDS18B2010w1_sendcmdEh
                0x000046bc       0x6e Periphery/CDS18B20.o
                0x000046bc                _ZN8CDS18B2010w1_sendcmdEh
 .text._ZN8CDS18B2015w1_receive_byteEv
                0x0000472a       0x66 Periphery/CDS18B20.o
                0x0000472a                _ZN8CDS18B2015w1_receive_byteEv
 .text._ZN8CDS18B2010temp_18b20Ev
                0x00004790       0x88 Periphery/CDS18B20.o
                0x00004790                _ZN8CDS18B2010temp_18b20Ev
 .text._ZN8CDS18B2010InitializeEv
                0x00004818        0xc Periphery/CDS18B20.o
                0x00004818                _ZN8CDS18B2010InitializeEv
 .text._ZN11CLaserBoardC2Ev
                0x00004824        0x2 Periphery/CLaserBoard.o
                0x00004824                _ZN11CLaserBoardC1Ev
                0x00004824                _ZN11CLaserBoardC2Ev
 .text._ZN11CLaserBoardD2Ev
                0x00004826        0x2 Periphery/CLaserBoard.o
                0x00004826                _ZN11CLaserBoardD2Ev
                0x00004826                _ZN11CLaserBoardD1Ev
 .text._ZN11CLaserBoard12InitializeIOEv
                0x00004828       0xae Periphery/CLaserBoard.o
                0x00004828                _ZN11CLaserBoard12InitializeIOEv
 .text._ZN11CLaserBoard15InitializeClockEv
                0x000048d6       0x6a Periphery/CLaserBoard.o
                0x000048d6                _ZN11CLaserBoard15InitializeClockEv
 .text._ZN11CLaserBoard8Relay1OnEv
                0x00004940        0x8 Periphery/CLaserBoard.o
                0x00004940                _ZN11CLaserBoard8Relay1OnEv
 .text._ZN11CLaserBoard8Relay2OnEv
                0x00004948        0x8 Periphery/CLaserBoard.o
                0x00004948                _ZN11CLaserBoard8Relay2OnEv
 .text._ZN11CLaserBoard9Relay1OffEv
                0x00004950        0x8 Periphery/CLaserBoard.o
                0x00004950                _ZN11CLaserBoard9Relay1OffEv
 .text._ZN11CLaserBoard9Relay2OffEv
                0x00004958        0x8 Periphery/CLaserBoard.o
                0x00004958                _ZN11CLaserBoard9Relay2OffEv
 .text._ZN11CLaserBoard12LaserPowerOnEv
                0x00004960        0x8 Periphery/CLaserBoard.o
                0x00004960                _ZN11CLaserBoard12LaserPowerOnEv
 .text._ZN11CLaserBoard13LaserPowerOffEv
                0x00004968        0x8 Periphery/CLaserBoard.o
                0x00004968                _ZN11CLaserBoard13LaserPowerOffEv
 .text._ZN11CLaserBoard4BeepEv
                0x00004970       0x30 Periphery/CLaserBoard.o
                0x00004970                _ZN11CLaserBoard4BeepEv
 .text._ZN11CLaserBoard14BeepClassErrorEv
                0x000049a0       0x54 Periphery/CLaserBoard.o
                0x000049a0                _ZN11CLaserBoard14BeepClassErrorEv
 .text._ZN11CLaserBoard10FootswitchEv
                0x000049f4        0x8 Periphery/CLaserBoard.o
                0x000049f4                _ZN11CLaserBoard10FootswitchEv
 .text._ZN12CSoundPlayerC2Ev
                0x000049fc        0x2 Periphery/CSoundPlayer.o
                0x000049fc                _ZN12CSoundPlayerC2Ev
                0x000049fc                _ZN12CSoundPlayerC1Ev
 .text._ZN12CSoundPlayerD2Ev
                0x000049fe        0x2 Periphery/CSoundPlayer.o
                0x000049fe                _ZN12CSoundPlayerD1Ev
                0x000049fe                _ZN12CSoundPlayerD2Ev
 .text._ZN12CSoundPlayer19InitializeToneTimerEv
                0x00004a00       0x22 Periphery/CSoundPlayer.o
                0x00004a00                _ZN12CSoundPlayer19InitializeToneTimerEv
 .text._ZN12CSoundPlayer23InitializeDurationTimerEv
                0x00004a22       0x18 Periphery/CSoundPlayer.o
                0x00004a22                _ZN12CSoundPlayer23InitializeDurationTimerEv
 .text._ZN12CSoundPlayer10SoundStartEjjh
                0x00004a3a       0x68 Periphery/CSoundPlayer.o
                0x00004a3a                _ZN12CSoundPlayer10SoundStartEjjh
 .text._ZN12CSoundPlayer9SoundStopEv
                0x00004aa2       0x3c Periphery/CSoundPlayer.o
                0x00004aa2                _ZN12CSoundPlayer9SoundStopEv
 .text._ZN12CSoundPlayer10InitializeEv
                0x00004ade       0x16 Periphery/CSoundPlayer.o
                0x00004ade                _ZN12CSoundPlayer10InitializeEv
 .text._ZN7CTimerC10InitializeE27TIMER_WAVEFORMGEN_MODE_ENUM22TIMER_CLOCKSELECT_ENUM
                0x00004af4       0x36 Periphery/CTimerC.o
                0x00004af4                _ZN7CTimerC10InitializeE27TIMER_WAVEFORMGEN_MODE_ENUM22TIMER_CLOCKSELECT_ENUM
 .text._ZN7CTimerC5StartEj
                0x00004b2a       0x1a Periphery/CTimerC.o
                0x00004b2a                _ZN7CTimerC5StartEj
 .text._ZN7CTimerC4StopEv
                0x00004b44       0x10 Periphery/CTimerC.o
                0x00004b44                _ZN7CTimerC4StopEv
 .text._ZN7CTimerC13EnableChannelE19TIMER_CHANNELS_ENUM
                0x00004b54        0xe Periphery/CTimerC.o
                0x00004b54                _ZN7CTimerC13EnableChannelE19TIMER_CHANNELS_ENUM
 .text._ZN7CTimerC14DisableChannelE19TIMER_CHANNELS_ENUM
                0x00004b62        0xe Periphery/CTimerC.o
                0x00004b62                _ZN7CTimerC14DisableChannelE19TIMER_CHANNELS_ENUM
 .text._ZN7CTimerC9SetPeriodEj
                0x00004b70        0xa Periphery/CTimerC.o
                0x00004b70                _ZN7CTimerC9SetPeriodEj
 .text._ZN7CTimerC8SetCOMPAEj
                0x00004b7a        0xa Periphery/CTimerC.o
                0x00004b7a                _ZN7CTimerC8SetCOMPAEj
 .text._ZN7CTimerC8SetCOMPBEj
                0x00004b84        0xa Periphery/CTimerC.o
                0x00004b84                _ZN7CTimerC8SetCOMPBEj
 .text._ZN7CTimerC8SetCOMPCEj
                0x00004b8e        0xa Periphery/CTimerC.o
                0x00004b8e                _ZN7CTimerC8SetCOMPCEj
 .text._ZN7CTimerC8SetCOMPDEj
                0x00004b98        0xa Periphery/CTimerC.o
                0x00004b98                _ZN7CTimerC8SetCOMPDEj
 .text._ZN7CTimerC14SetOVFCallbackEPFvPvES0_17TC_OVFINTLVL_enum
                0x00004ba2       0x24 Periphery/CTimerC.o
                0x00004ba2                _ZN7CTimerC14SetOVFCallbackEPFvPvES0_17TC_OVFINTLVL_enum
 .text._ZN7CTimerC14SetERRCallbackEPFvPvES0_17TC_ERRINTLVL_enum
                0x00004bc6       0x24 Periphery/CTimerC.o
                0x00004bc6                _ZN7CTimerC14SetERRCallbackEPFvPvES0_17TC_ERRINTLVL_enum
 .text._ZN7CTimerC16SetCOMPACallbackEPFvPvES0_17TC_CCAINTLVL_enum
                0x00004bea       0x24 Periphery/CTimerC.o
                0x00004bea                _ZN7CTimerC16SetCOMPACallbackEPFvPvES0_17TC_CCAINTLVL_enum
 .text._ZN7CTimerC16SetCOMPBCallbackEPFvPvES0_17TC_CCBINTLVL_enum
                0x00004c0e       0x24 Periphery/CTimerC.o
                0x00004c0e                _ZN7CTimerC16SetCOMPBCallbackEPFvPvES0_17TC_CCBINTLVL_enum
 .text._ZN7CTimerC16SetCOMPCCallbackEPFvPvES0_17TC_CCCINTLVL_enum
                0x00004c32       0x24 Periphery/CTimerC.o
                0x00004c32                _ZN7CTimerC16SetCOMPCCallbackEPFvPvES0_17TC_CCCINTLVL_enum
 .text._ZN7CTimerC16SetCOMPDCallbackEPFvPvES0_17TC_CCDINTLVL_enum
                0x00004c56       0x24 Periphery/CTimerC.o
                0x00004c56                _ZN7CTimerC16SetCOMPDCallbackEPFvPvES0_17TC_CCDINTLVL_enum
 .text._ZN7CTimerCC2Ev
                0x00004c7a       0x18 Periphery/CTimerC.o
                0x00004c7a                _ZN7CTimerCC1Ev
                0x00004c7a                _ZN7CTimerCC2Ev
 .text._ZN7CTimerCD2Ev
                0x00004c92       0x10 Periphery/CTimerC.o
                0x00004c92                _ZN7CTimerCD1Ev
                0x00004c92                _ZN7CTimerCD2Ev
 .text._ZN7CTimerD10InitializeE27TIMER_WAVEFORMGEN_MODE_ENUM22TIMER_CLOCKSELECT_ENUM
                0x00004ca2       0x36 Periphery/CTimerD.o
                0x00004ca2                _ZN7CTimerD10InitializeE27TIMER_WAVEFORMGEN_MODE_ENUM22TIMER_CLOCKSELECT_ENUM
 .text._ZN7CTimerD5StartEj
                0x00004cd8       0x1a Periphery/CTimerD.o
                0x00004cd8                _ZN7CTimerD5StartEj
 .text._ZN7CTimerD4StopEv
                0x00004cf2       0x10 Periphery/CTimerD.o
                0x00004cf2                _ZN7CTimerD4StopEv
 .text._ZN7CTimerD13EnableChannelE19TIMER_CHANNELS_ENUM
                0x00004d02        0xe Periphery/CTimerD.o
                0x00004d02                _ZN7CTimerD13EnableChannelE19TIMER_CHANNELS_ENUM
 .text._ZN7CTimerD14DisableChannelE19TIMER_CHANNELS_ENUM
                0x00004d10        0xe Periphery/CTimerD.o
                0x00004d10                _ZN7CTimerD14DisableChannelE19TIMER_CHANNELS_ENUM
 .text._ZN7CTimerD9SetPeriodEj
                0x00004d1e        0xa Periphery/CTimerD.o
                0x00004d1e                _ZN7CTimerD9SetPeriodEj
 .text._ZN7CTimerD8SetCOMPAEj
                0x00004d28        0xa Periphery/CTimerD.o
                0x00004d28                _ZN7CTimerD8SetCOMPAEj
 .text._ZN7CTimerD8SetCOMPBEj
                0x00004d32        0xa Periphery/CTimerD.o
                0x00004d32                _ZN7CTimerD8SetCOMPBEj
 .text._ZN7CTimerD8SetCOMPCEj
                0x00004d3c        0xa Periphery/CTimerD.o
                0x00004d3c                _ZN7CTimerD8SetCOMPCEj
 .text._ZN7CTimerD8SetCOMPDEj
                0x00004d46        0xa Periphery/CTimerD.o
                0x00004d46                _ZN7CTimerD8SetCOMPDEj
 .text._ZN7CTimerD14SetOVFCallbackEPFvPvES0_17TC_OVFINTLVL_enum
                0x00004d50       0x24 Periphery/CTimerD.o
                0x00004d50                _ZN7CTimerD14SetOVFCallbackEPFvPvES0_17TC_OVFINTLVL_enum
 .text._ZN7CTimerD14SetERRCallbackEPFvPvES0_17TC_ERRINTLVL_enum
                0x00004d74       0x24 Periphery/CTimerD.o
                0x00004d74                _ZN7CTimerD14SetERRCallbackEPFvPvES0_17TC_ERRINTLVL_enum
 .text._ZN7CTimerD16SetCOMPACallbackEPFvPvES0_17TC_CCAINTLVL_enum
                0x00004d98       0x24 Periphery/CTimerD.o
                0x00004d98                _ZN7CTimerD16SetCOMPACallbackEPFvPvES0_17TC_CCAINTLVL_enum
 .text._ZN7CTimerD16SetCOMPBCallbackEPFvPvES0_17TC_CCBINTLVL_enum
                0x00004dbc       0x24 Periphery/CTimerD.o
                0x00004dbc                _ZN7CTimerD16SetCOMPBCallbackEPFvPvES0_17TC_CCBINTLVL_enum
 .text._ZN7CTimerD16SetCOMPCCallbackEPFvPvES0_17TC_CCCINTLVL_enum
                0x00004de0       0x24 Periphery/CTimerD.o
                0x00004de0                _ZN7CTimerD16SetCOMPCCallbackEPFvPvES0_17TC_CCCINTLVL_enum
 .text._ZN7CTimerD16SetCOMPDCallbackEPFvPvES0_17TC_CCDINTLVL_enum
                0x00004e04       0x24 Periphery/CTimerD.o
                0x00004e04                _ZN7CTimerD16SetCOMPDCallbackEPFvPvES0_17TC_CCDINTLVL_enum
 .text._ZN7CTimerDC2Ev
                0x00004e28       0x18 Periphery/CTimerD.o
                0x00004e28                _ZN7CTimerDC1Ev
                0x00004e28                _ZN7CTimerDC2Ev
 .text._ZN7CTimerDD2Ev
                0x00004e40       0x10 Periphery/CTimerD.o
                0x00004e40                _ZN7CTimerDD2Ev
                0x00004e40                _ZN7CTimerDD1Ev
 .text._ZN7CTimerF10InitializeE27TIMER_WAVEFORMGEN_MODE_ENUM22TIMER_CLOCKSELECT_ENUM
                0x00004e50       0x36 Periphery/CTimerF.o
                0x00004e50                _ZN7CTimerF10InitializeE27TIMER_WAVEFORMGEN_MODE_ENUM22TIMER_CLOCKSELECT_ENUM
 .text._ZN7CTimerF5StartEj
                0x00004e86       0x1a Periphery/CTimerF.o
                0x00004e86                _ZN7CTimerF5StartEj
 .text._ZN7CTimerF4StopEv
                0x00004ea0       0x10 Periphery/CTimerF.o
                0x00004ea0                _ZN7CTimerF4StopEv
 .text._ZN7CTimerF13EnableChannelE19TIMER_CHANNELS_ENUM
                0x00004eb0        0xc Periphery/CTimerF.o
                0x00004eb0                _ZN7CTimerF13EnableChannelE19TIMER_CHANNELS_ENUM
 .text._ZN7CTimerF14DisableChannelE19TIMER_CHANNELS_ENUM
                0x00004ebc        0xe Periphery/CTimerF.o
                0x00004ebc                _ZN7CTimerF14DisableChannelE19TIMER_CHANNELS_ENUM
 .text._ZN7CTimerF10ChannelSetE19TIMER_CHANNELS_ENUM
                0x00004eca       0x10 Periphery/CTimerF.o
                0x00004eca                _ZN7CTimerF10ChannelSetE19TIMER_CHANNELS_ENUM
 .text._ZN7CTimerF12ChannelResetE19TIMER_CHANNELS_ENUM
                0x00004eda       0x12 Periphery/CTimerF.o
                0x00004eda                _ZN7CTimerF12ChannelResetE19TIMER_CHANNELS_ENUM
 .text._ZN7CTimerF9SetPeriodEj
                0x00004eec        0xa Periphery/CTimerF.o
                0x00004eec                _ZN7CTimerF9SetPeriodEj
 .text._ZN7CTimerF8SetCOMPAEj
                0x00004ef6        0xa Periphery/CTimerF.o
                0x00004ef6                _ZN7CTimerF8SetCOMPAEj
 .text._ZN7CTimerF8SetCOMPBEj
                0x00004f00        0xa Periphery/CTimerF.o
                0x00004f00                _ZN7CTimerF8SetCOMPBEj
 .text._ZN7CTimerF8SetCOMPCEj
                0x00004f0a        0xa Periphery/CTimerF.o
                0x00004f0a                _ZN7CTimerF8SetCOMPCEj
 .text._ZN7CTimerF8SetCOMPDEj
                0x00004f14        0xa Periphery/CTimerF.o
                0x00004f14                _ZN7CTimerF8SetCOMPDEj
 .text._ZN7CTimerF14SetOVFCallbackEPFvPvES0_17TC_OVFINTLVL_enum
                0x00004f1e       0x24 Periphery/CTimerF.o
                0x00004f1e                _ZN7CTimerF14SetOVFCallbackEPFvPvES0_17TC_OVFINTLVL_enum
 .text._ZN7CTimerF14SetERRCallbackEPFvPvES0_17TC_ERRINTLVL_enum
                0x00004f42       0x24 Periphery/CTimerF.o
                0x00004f42                _ZN7CTimerF14SetERRCallbackEPFvPvES0_17TC_ERRINTLVL_enum
 .text._ZN7CTimerF16SetCOMPACallbackEPFvPvES0_17TC_CCAINTLVL_enum
                0x00004f66       0x24 Periphery/CTimerF.o
                0x00004f66                _ZN7CTimerF16SetCOMPACallbackEPFvPvES0_17TC_CCAINTLVL_enum
 .text._ZN7CTimerF16SetCOMPBCallbackEPFvPvES0_17TC_CCBINTLVL_enum
                0x00004f8a       0x24 Periphery/CTimerF.o
                0x00004f8a                _ZN7CTimerF16SetCOMPBCallbackEPFvPvES0_17TC_CCBINTLVL_enum
 .text._ZN7CTimerF16SetCOMPCCallbackEPFvPvES0_17TC_CCCINTLVL_enum
                0x00004fae       0x24 Periphery/CTimerF.o
                0x00004fae                _ZN7CTimerF16SetCOMPCCallbackEPFvPvES0_17TC_CCCINTLVL_enum
 .text._ZN7CTimerF16SetCOMPDCallbackEPFvPvES0_17TC_CCDINTLVL_enum
                0x00004fd2       0x24 Periphery/CTimerF.o
                0x00004fd2                _ZN7CTimerF16SetCOMPDCallbackEPFvPvES0_17TC_CCDINTLVL_enum
 .text._ZN7CTimerFC2Ev
                0x00004ff6       0x18 Periphery/CTimerF.o
                0x00004ff6                _ZN7CTimerFC2Ev
                0x00004ff6                _ZN7CTimerFC1Ev
 .text._ZN7CTimerFD2Ev
                0x0000500e       0x10 Periphery/CTimerF.o
                0x0000500e                _ZN7CTimerFD2Ev
                0x0000500e                _ZN7CTimerFD1Ev
 .text.avr-libc.fplib
                0x0000501e        0xe c:/program files (x86)/atmel/studio/7.0/toolchain/avr8/avr8-gnu-toolchain/bin/../lib/gcc/avr/4.9.2/../../../../avr/lib/avrxmega6\libm.a(fixsfsi.o)
                0x0000501e                __fixsfsi
 .text.avr-libc.fplib
                0x0000502c       0x5e c:/program files (x86)/atmel/studio/7.0/toolchain/avr8/avr8-gnu-toolchain/bin/../lib/gcc/avr/4.9.2/../../../../avr/lib/avrxmega6\libm.a(fixunssfsi.o)
                0x0000502c                __fixunssfsi
 .text.avr-libc.fplib
                0x0000508a       0x7a c:/program files (x86)/atmel/studio/7.0/toolchain/avr8/avr8-gnu-toolchain/bin/../lib/gcc/avr/4.9.2/../../../../avr/lib/avrxmega6\libm.a(floatsisf.o)
                0x0000508a                __floatunsisf
                0x0000508e                __floatsisf
 .text.avr-libc.fplib
                0x00005104       0x44 c:/program files (x86)/atmel/studio/7.0/toolchain/avr8/avr8-gnu-toolchain/bin/../lib/gcc/avr/4.9.2/../../../../avr/lib/avrxmega6\libm.a(fp_split3.o)
                0x00005104                __fp_split3
                0x00005114                __fp_splitA
 .text.avr-libc.fplib
                0x00005148        0xe c:/program files (x86)/atmel/studio/7.0/toolchain/avr8/avr8-gnu-toolchain/bin/../lib/gcc/avr/4.9.2/../../../../avr/lib/avrxmega6\libm.a(fp_zero.o)
                0x00005148                __fp_zero
                0x0000514a                __fp_szero
 .text.avr-libc.fplib
                0x00005156        0x8 c:/program files (x86)/atmel/studio/7.0/toolchain/avr8/avr8-gnu-toolchain/bin/../lib/gcc/avr/4.9.2/../../../../avr/lib/avrxmega6\libm.a(mulsf3.o)
                0x00005156                __mulsf3
 .text.avr-libc.fplib
                0x0000515e       0xd2 c:/program files (x86)/atmel/studio/7.0/toolchain/avr8/avr8-gnu-toolchain/bin/../lib/gcc/avr/4.9.2/../../../../avr/lib/avrxmega6\libm.a(mulsf3x.o)
                0x0000517c                __mulsf3x
                0x00005182                __mulsf3_pse
 .text.avr-libc.fplib
                0x00005230        0xc c:/program files (x86)/atmel/studio/7.0/toolchain/avr8/avr8-gnu-toolchain/bin/../lib/gcc/avr/4.9.2/../../../../avr/lib/avrxmega6\libm.a(fp_inf.o)
                0x00005230                __fp_inf
 .text.avr-libc.fplib
                0x0000523c        0x6 c:/program files (x86)/atmel/studio/7.0/toolchain/avr8/avr8-gnu-toolchain/bin/../lib/gcc/avr/4.9.2/../../../../avr/lib/avrxmega6\libm.a(fp_nan.o)
                0x0000523c                __fp_nan
 .text.avr-libc.fplib
                0x00005242        0xe c:/program files (x86)/atmel/studio/7.0/toolchain/avr8/avr8-gnu-toolchain/bin/../lib/gcc/avr/4.9.2/../../../../avr/lib/avrxmega6\libm.a(fp_pscA.o)
                0x00005242                __fp_pscA
 .text.avr-libc.fplib
                0x00005250        0xe c:/program files (x86)/atmel/studio/7.0/toolchain/avr8/avr8-gnu-toolchain/bin/../lib/gcc/avr/4.9.2/../../../../avr/lib/avrxmega6\libm.a(fp_pscB.o)
                0x00005250                __fp_pscB
 .text.avr-libc.fplib
                0x0000525e       0x22 c:/program files (x86)/atmel/studio/7.0/toolchain/avr8/avr8-gnu-toolchain/bin/../lib/gcc/avr/4.9.2/../../../../avr/lib/avrxmega6\libm.a(fp_round.o)
                0x0000525e                __fp_round
 .text.libgcc.mul
                0x00005280       0x20 c:/program files (x86)/atmel/studio/7.0/toolchain/avr8/avr8-gnu-toolchain/bin/../lib/gcc/avr/4.9.2/avrxmega6\libgcc.a(_mulsi3.o)
                0x00005280                __mulsi3
 .text.libgcc.div
                0x000052a0       0x28 c:/program files (x86)/atmel/studio/7.0/toolchain/avr8/avr8-gnu-toolchain/bin/../lib/gcc/avr/4.9.2/avrxmega6\libgcc.a(_udivmodhi4.o)
                0x000052a0                __udivmodhi4
 .text.libgcc.div
                0x000052c8       0x44 c:/program files (x86)/atmel/studio/7.0/toolchain/avr8/avr8-gnu-toolchain/bin/../lib/gcc/avr/4.9.2/avrxmega6\libgcc.a(_udivmodsi4.o)
                0x000052c8                __udivmodsi4
 .text.libgcc.div
                0x0000530c       0x2e c:/program files (x86)/atmel/studio/7.0/toolchain/avr8/avr8-gnu-toolchain/bin/../lib/gcc/avr/4.9.2/avrxmega6\libgcc.a(_divmodsi4.o)
                0x0000530c                __divmodsi4
 .text.libgcc.div
                0x0000533a       0x10 c:/program files (x86)/atmel/studio/7.0/toolchain/avr8/avr8-gnu-toolchain/bin/../lib/gcc/avr/4.9.2/avrxmega6\libgcc.a(_negsi2.o)
                0x0000533a                __negsi2
 .text.libgcc   0x0000534a       0x10 c:/program files (x86)/atmel/studio/7.0/toolchain/avr8/avr8-gnu-toolchain/bin/../lib/gcc/avr/4.9.2/avrxmega6\libgcc.a(_tablejump2.o)
                0x0000534a                __tablejump2__
 .text.libgcc.mul
                0x0000535a       0x1e c:/program files (x86)/atmel/studio/7.0/toolchain/avr8/avr8-gnu-toolchain/bin/../lib/gcc/avr/4.9.2/avrxmega6\libgcc.a(_umulhisi3.o)
                0x0000535a                __umulhisi3
 .text.libgcc.mul
                0x00005378       0x16 c:/program files (x86)/atmel/studio/7.0/toolchain/avr8/avr8-gnu-toolchain/bin/../lib/gcc/avr/4.9.2/avrxmega6\libgcc.a(_muluhisi3.o)
                0x00005378                __muluhisi3
 .text.avr-libc
                0x0000538e      0x25a c:/program files (x86)/atmel/studio/7.0/toolchain/avr8/avr8-gnu-toolchain/bin/../lib/gcc/avr/4.9.2/../../../../avr/lib/avrxmega6\libc.a(malloc.o)
                0x0000538e                malloc
                0x000054b8                free
 .text.avr-libc
                0x000055e8       0x12 c:/program files (x86)/atmel/studio/7.0/toolchain/avr8/avr8-gnu-toolchain/bin/../lib/gcc/avr/4.9.2/../../../../avr/lib/avrxmega6\libc.a(memcpy.o)
                0x000055e8                memcpy
                0x000055fa                . = ALIGN (0x2)
 *(.fini9)
 .fini9         0x000055fa        0x0 c:/program files (x86)/atmel/studio/7.0/toolchain/avr8/avr8-gnu-toolchain/bin/../lib/gcc/avr/4.9.2/avrxmega6\libgcc.a(_exit.o)
                0x000055fa                _exit
                0x000055fa                exit
 *(.fini9)
 *(.fini8)
 *(.fini8)
 *(.fini7)
 *(.fini7)
 *(.fini6)
 .fini6         0x000055fa       0x20 c:/program files (x86)/atmel/studio/7.0/toolchain/avr8/avr8-gnu-toolchain/bin/../lib/gcc/avr/4.9.2/avrxmega6\libgcc.a(_dtors.o)
                0x000055fa                __do_global_dtors
 *(.fini6)
 *(.fini5)
 *(.fini5)
 *(.fini4)
 *(.fini4)
 *(.fini3)
 *(.fini3)
 *(.fini2)
 *(.fini2)
 *(.fini1)
 *(.fini1)
 *(.fini0)
 .fini0         0x0000561a        0x4 c:/program files (x86)/atmel/studio/7.0/toolchain/avr8/avr8-gnu-toolchain/bin/../lib/gcc/avr/4.9.2/avrxmega6\libgcc.a(_exit.o)
 *(.fini0)
                0x0000561e                _etext = .

.data           0x00802000      0x136 load address 0x0000561e
                0x00802000                PROVIDE (__data_start, .)
 *(.data)
 .data          0x00802000        0x6 c:/program files (x86)/atmel/studio/7.0/toolchain/avr8/avr8-gnu-toolchain/bin/../lib/gcc/avr/4.9.2/../../../../avr/lib/avrxmega6\libc.a(malloc.o)
                0x00802000                __malloc_heap_end
                0x00802002                __malloc_heap_start
                0x00802004                __malloc_margin
 *(.data*)
 .data.bscale_table
                0x00802006       0x20 Periphery/CDGUSUSART.o
                0x00802006                bscale_table
 .data.bsel_table
                0x00802026       0x20 Periphery/CDGUSUSART.o
                0x00802026                bsel_table
 *(.rodata)
 *(.rodata*)
 .rodata._ZTV16CLaserControlApp
                0x00802046       0x16 CLaserControlApp.o
                0x00802046                _ZTV16CLaserControlApp
 .rodata._ZTV6CTimer
                0x0080205c       0x24 LaserLib/CTimer.o
                0x0080205c                _ZTV6CTimer
 .rodata._ZTV6CUSART
                0x00802080       0x18 LaserLib/CUSART.o
                0x00802080                _ZTV6CUSART
 .rodata._ZTV9CMBSender
                0x00802098       0x16 MODBUS/CMBSender.o
                0x00802098                _ZTV9CMBSender
 .rodata._ZTV10CDGUSUSART
                0x008020ae       0x18 Periphery/CDGUSUSART.o
                0x008020ae                _ZTV10CDGUSUSART
 .rodata._ZTV7CTimerC
                0x008020c6       0x24 Periphery/CTimerC.o
                0x008020c6                _ZTV7CTimerC
 .rodata._ZTV7CTimerD
                0x008020ea       0x24 Periphery/CTimerD.o
                0x008020ea                _ZTV7CTimerD
 .rodata._ZTV7CTimerF
                0x0080210e       0x28 Periphery/CTimerF.o
                0x0080210e                _ZTV7CTimerF
 *(.gnu.linkonce.d*)
                0x00802136                . = ALIGN (0x2)
                0x00802136                _edata = .
                0x00802136                PROVIDE (__data_end, .)

.bss            0x00802136      0x2a0
                0x00802136                PROVIDE (__bss_start, .)
 *(.bss)
 *(.bss*)
 .bss.DatabaseStatusRegister
                0x00802136        0x1 CLaserControlApp.o
                0x00802136                DatabaseStatusRegister
 .bss.laserTimer
                0x00802137        0x3 CLaserControlApp.o
                0x00802137                laserTimer
 .bss.timer     0x0080213a        0x3 CLaserControlApp.o
                0x0080213a                timer
 .bss.InterruptFuncTable
                0x0080213d       0xf6 LaserLib/intx128.o
                0x0080213d                InterruptFuncTable
 .bss.InterruptSenderTable
                0x00802233       0xf6 LaserLib/intx128.o
                0x00802233                InterruptSenderTable
 .bss._ZZ4mainE3prs
                0x00802329        0x2 main.o
 .bss.temperature
                0x0080232b        0x2 main.o
                0x0080232b                temperature
 .bss.D18B20    0x0080232d        0x1 main.o
                0x0080232d                D18B20
 .bss.App       0x0080232e       0x69 main.o
                0x0080232e                App
 .bss.player    0x00802397        0x1 main.o
                0x00802397                player
 .bss.laserBoard
                0x00802398        0xa main.o
                0x00802398                laserBoard
 .bss.sender    0x008023a2       0x1d main.o
                0x008023a2                sender
 .bss.Database  0x008023bf        0x8 main.o
                0x008023bf                Database
 .bss.usart     0x008023c7        0x2 main.o
                0x008023c7                usart
 .bss.timeout   0x008023c9        0x3 main.o
                0x008023c9                timeout
 .bss.dacSPI    0x008023cc        0x6 main.o
                0x008023cc                dacSPI
 *(COMMON)
 COMMON         0x008023d2        0x4 c:/program files (x86)/atmel/studio/7.0/toolchain/avr8/avr8-gnu-toolchain/bin/../lib/gcc/avr/4.9.2/../../../../avr/lib/avrxmega6\libc.a(malloc.o)
                0x008023d2                __brkval
                0x008023d4                __flp
                0x008023d6                PROVIDE (__bss_end, .)
                0x0000561e                __data_load_start = LOADADDR (.data)
                0x00005754                __data_load_end = (__data_load_start + SIZEOF (.data))

.noinit         0x008023d6        0x0
                0x008023d6                PROVIDE (__noinit_start, .)
 *(.noinit*)
                0x008023d6                PROVIDE (__noinit_end, .)
                0x008023d6                _end = .
                0x008023d6                PROVIDE (__heap_start, .)

.eeprom         0x00810000        0x0
 *(.eeprom*)
                0x00810000                __eeprom_end = .

.fuse
 *(.fuse)
 *(.lfuse)
 *(.hfuse)
 *(.efuse)

.lock
 *(.lock*)

.signature
 *(.signature*)

.user_signatures
 *(.user_signatures*)

.stab
 *(.stab)

.stabstr
 *(.stabstr)

.stab.excl
 *(.stab.excl)

.stab.exclstr
 *(.stab.exclstr)

.stab.index
 *(.stab.index)

.stab.indexstr
 *(.stab.indexstr)

.comment        0x00000000       0x30
 *(.comment)
 .comment       0x00000000       0x30 CDGUSDatabase.o
                                 0x31 (size before relaxing)
 .comment       0x00000030       0x31 CLaserControlApp.o
 .comment       0x00000030       0x31 DGUSGUI.o
 .comment       0x00000030       0x31 LaserLib/CSPI.o
 .comment       0x00000030       0x31 LaserLib/CTimer.o
 .comment       0x00000030       0x31 LaserLib/CUSART.o
 .comment       0x00000030       0x31 LaserLib/intx128.o
 .comment       0x00000030       0x31 main.o
 .comment       0x00000030       0x31 MODBUS/CMBProtocol.o
 .comment       0x00000030       0x31 MODBUS/CMBSender.o
 .comment       0x00000030       0x31 Periphery/CDGUSUSART.o
 .comment       0x00000030       0x31 Periphery/CDS18B20.o
 .comment       0x00000030       0x31 Periphery/CLaserBoard.o
 .comment       0x00000030       0x31 Periphery/CSoundPlayer.o
 .comment       0x00000030       0x31 Periphery/CTimerC.o
 .comment       0x00000030       0x31 Periphery/CTimerD.o
 .comment       0x00000030       0x31 Periphery/CTimerF.o
 .comment       0x00000030       0x31 c:/program files (x86)/atmel/studio/7.0/toolchain/avr8/avr8-gnu-toolchain/bin/../lib/gcc/avr/4.9.2/../../../../avr/lib/avrxmega6\libc.a(malloc.o)

.note.gnu.avr.deviceinfo
                0x00000000       0x40
 .note.gnu.avr.deviceinfo
                0x00000000       0x40 C:/Program Files (x86)/Atmel/Studio/7.0/Packs/atmel/XMEGAA_DFP/1.0.36/gcc/dev/atxmega128a3u/avrxmega6/crtatxmega128a3u.o

.note.gnu.build-id
 *(.note.gnu.build-id)

.debug
 *(.debug)

.line
 *(.line)

.debug_srcinfo
 *(.debug_srcinfo)

.debug_sfnames
 *(.debug_sfnames)

.debug_aranges  0x00000000      0xa90
 *(.debug_aranges)
 .debug_aranges
                0x00000000       0x70 CDGUSDatabase.o
 .debug_aranges
                0x00000070       0xb0 CLaserControlApp.o
 .debug_aranges
                0x00000120       0x40 DGUSGUI.o
 .debug_aranges
                0x00000160       0x58 LaserLib/CSPI.o
 .debug_aranges
                0x000001b8       0x28 LaserLib/CTimer.o
 .debug_aranges
                0x000001e0       0x28 LaserLib/CUSART.o
 .debug_aranges
                0x00000208      0x348 LaserLib/intx128.o
 .debug_aranges
                0x00000550       0x40 main.o
 .debug_aranges
                0x00000590       0x50 MODBUS/CMBProtocol.o
 .debug_aranges
                0x000005e0       0xf8 MODBUS/CMBSender.o
 .debug_aranges
                0x000006d8       0x78 Periphery/CDGUSUSART.o
 .debug_aranges
                0x00000750       0x50 Periphery/CDS18B20.o
 .debug_aranges
                0x000007a0       0x88 Periphery/CLaserBoard.o
 .debug_aranges
                0x00000828       0x60 Periphery/CSoundPlayer.o
 .debug_aranges
                0x00000888       0xa8 Periphery/CTimerC.o
 .debug_aranges
                0x00000930       0xa8 Periphery/CTimerD.o
 .debug_aranges
                0x000009d8       0xb8 Periphery/CTimerF.o

.debug_pubnames
 *(.debug_pubnames)

.debug_info     0x00000000     0xf64a
 *(.debug_info .gnu.linkonce.wi.*)
 .debug_info    0x00000000      0x9ee CDGUSDatabase.o
 .debug_info    0x000009ee     0x251f CLaserControlApp.o
 .debug_info    0x00002f0d      0x20f DGUSGUI.o
 .debug_info    0x0000311c      0x7ee LaserLib/CSPI.o
 .debug_info    0x0000390a      0x6a3 LaserLib/CTimer.o
 .debug_info    0x00003fad      0x606 LaserLib/CUSART.o
 .debug_info    0x000045b3      0x91e LaserLib/intx128.o
 .debug_info    0x00004ed1     0x1321 main.o
 .debug_info    0x000061f2      0x595 MODBUS/CMBProtocol.o
 .debug_info    0x00006787     0x12e6 MODBUS/CMBSender.o
 .debug_info    0x00007a6d     0x1095 Periphery/CDGUSUSART.o
 .debug_info    0x00008b02      0x936 Periphery/CDS18B20.o
 .debug_info    0x00009438      0xcaf Periphery/CLaserBoard.o
 .debug_info    0x0000a0e7     0x139d Periphery/CSoundPlayer.o
 .debug_info    0x0000b484     0x15ac Periphery/CTimerC.o
 .debug_info    0x0000ca30     0x15ac Periphery/CTimerD.o
 .debug_info    0x0000dfdc     0x166e Periphery/CTimerF.o

.debug_abbrev   0x00000000     0x2c4b
 *(.debug_abbrev)
 .debug_abbrev  0x00000000      0x2ce CDGUSDatabase.o
 .debug_abbrev  0x000002ce      0x556 CLaserControlApp.o
 .debug_abbrev  0x00000824      0x10d DGUSGUI.o
 .debug_abbrev  0x00000931      0x2a7 LaserLib/CSPI.o
 .debug_abbrev  0x00000bd8      0x182 LaserLib/CTimer.o
 .debug_abbrev  0x00000d5a      0x1ed LaserLib/CUSART.o
 .debug_abbrev  0x00000f47       0x83 LaserLib/intx128.o
 .debug_abbrev  0x00000fca      0x3c1 main.o
 .debug_abbrev  0x0000138b      0x212 MODBUS/CMBProtocol.o
 .debug_abbrev  0x0000159d      0x39b MODBUS/CMBSender.o
 .debug_abbrev  0x00001938      0x2d9 Periphery/CDGUSUSART.o
 .debug_abbrev  0x00001c11      0x2c9 Periphery/CDS18B20.o
 .debug_abbrev  0x00001eda      0x2e4 Periphery/CLaserBoard.o
 .debug_abbrev  0x000021be      0x2b9 Periphery/CSoundPlayer.o
 .debug_abbrev  0x00002477      0x29c Periphery/CTimerC.o
 .debug_abbrev  0x00002713      0x29c Periphery/CTimerD.o
 .debug_abbrev  0x000029af      0x29c Periphery/CTimerF.o

.debug_line     0x00000000     0x328f
 *(.debug_line .debug_line.* .debug_line_end)
 .debug_line    0x00000000      0x225 CDGUSDatabase.o
 .debug_line    0x00000225      0x4e6 CLaserControlApp.o
 .debug_line    0x0000070b       0xee DGUSGUI.o
 .debug_line    0x000007f9      0x24b LaserLib/CSPI.o
 .debug_line    0x00000a44      0x136 LaserLib/CTimer.o
 .debug_line    0x00000b7a      0x136 LaserLib/CUSART.o
 .debug_line    0x00000cb0      0xa14 LaserLib/intx128.o
 .debug_line    0x000016c4      0x320 main.o
 .debug_line    0x000019e4      0x1d9 MODBUS/CMBProtocol.o
 .debug_line    0x00001bbd      0x476 MODBUS/CMBSender.o
 .debug_line    0x00002033      0x252 Periphery/CDGUSUSART.o
 .debug_line    0x00002285      0x296 Periphery/CDS18B20.o
 .debug_line    0x0000251b      0x343 Periphery/CLaserBoard.o
 .debug_line    0x0000285e      0x244 Periphery/CSoundPlayer.o
 .debug_line    0x00002aa2      0x299 Periphery/CTimerC.o
 .debug_line    0x00002d3b      0x299 Periphery/CTimerD.o
 .debug_line    0x00002fd4      0x2bb Periphery/CTimerF.o

.debug_frame    0x00000000     0x34dc
 *(.debug_frame)
 .debug_frame   0x00000000      0x218 CDGUSDatabase.o
 .debug_frame   0x00000218      0x274 CLaserControlApp.o
 .debug_frame   0x0000048c       0x8c DGUSGUI.o
 .debug_frame   0x00000518       0xbc LaserLib/CSPI.o
 .debug_frame   0x000005d4       0x34 LaserLib/CTimer.o
 .debug_frame   0x00000608       0x34 LaserLib/CUSART.o
 .debug_frame   0x0000063c     0x2324 LaserLib/intx128.o
 .debug_frame   0x00002960       0x94 main.o
 .debug_frame   0x000029f4       0xc4 MODBUS/CMBProtocol.o
 .debug_frame   0x00002ab8      0x2dc MODBUS/CMBSender.o
 .debug_frame   0x00002d94       0xe8 Periphery/CDGUSUSART.o
 .debug_frame   0x00002e7c       0xa0 Periphery/CDS18B20.o
 .debug_frame   0x00002f1c      0x108 Periphery/CLaserBoard.o
 .debug_frame   0x00003024       0xd8 Periphery/CSoundPlayer.o
 .debug_frame   0x000030fc      0x140 Periphery/CTimerC.o
 .debug_frame   0x0000323c      0x140 Periphery/CTimerD.o
 .debug_frame   0x0000337c      0x160 Periphery/CTimerF.o

.debug_str      0x00000000     0x5521
 *(.debug_str)
 .debug_str     0x00000000      0x5e2 CDGUSDatabase.o
                                0x66c (size before relaxing)
 .debug_str     0x000005e2     0x12b4 CLaserControlApp.o
                               0x19c6 (size before relaxing)
 .debug_str     0x00001896       0x36 DGUSGUI.o
                                0x24b (size before relaxing)
 .debug_str     0x000018cc      0x28b LaserLib/CSPI.o
                                0x713 (size before relaxing)
 .debug_str     0x00001b57      0x539 LaserLib/CTimer.o
                                0xa3e (size before relaxing)
 .debug_str     0x00002090      0x578 LaserLib/CUSART.o
                                0x7b0 (size before relaxing)
 .debug_str     0x00002608      0x4e2 LaserLib/intx128.o
                                0x6bb (size before relaxing)
 .debug_str     0x00002aea      0x23d main.o
                               0x11ec (size before relaxing)
 .debug_str     0x00002d27      0x289 MODBUS/CMBProtocol.o
                                0x4eb (size before relaxing)
 .debug_str     0x00002fb0      0x608 MODBUS/CMBSender.o
                                0xb3c (size before relaxing)
 .debug_str     0x000035b8      0xcda Periphery/CDGUSUSART.o
                               0x1669 (size before relaxing)
 .debug_str     0x00004292       0x4b Periphery/CDS18B20.o
                                0x4d6 (size before relaxing)
 .debug_str     0x000042dd      0x508 Periphery/CLaserBoard.o
                                0xb10 (size before relaxing)
 .debug_str     0x000047e5      0x662 Periphery/CSoundPlayer.o
                                0xc20 (size before relaxing)
 .debug_str     0x00004e47      0x250 Periphery/CTimerC.o
                               0x1295 (size before relaxing)
 .debug_str     0x00005097      0x286 Periphery/CTimerD.o
                               0x1295 (size before relaxing)
 .debug_str     0x0000531d      0x204 Periphery/CTimerF.o
                               0x130b (size before relaxing)

.debug_loc      0x00000000     0x96d3
 *(.debug_loc)
 .debug_loc     0x00000000      0x8cf CDGUSDatabase.o
 .debug_loc     0x000008cf      0xc2c CLaserControlApp.o
 .debug_loc     0x000014fb      0x2ad DGUSGUI.o
 .debug_loc     0x000017a8      0x276 LaserLib/CSPI.o
 .debug_loc     0x00001a1e     0x50e2 LaserLib/intx128.o
 .debug_loc     0x00006b00       0xab main.o
 .debug_loc     0x00006bab      0x356 MODBUS/CMBProtocol.o
 .debug_loc     0x00006f01      0xf2e MODBUS/CMBSender.o
 .debug_loc     0x00007e2f      0x210 Periphery/CDGUSUSART.o
 .debug_loc     0x0000803f      0x3ce Periphery/CDS18B20.o
 .debug_loc     0x0000840d      0x4c2 Periphery/CLaserBoard.o
 .debug_loc     0x000088cf      0x344 Periphery/CSoundPlayer.o
 .debug_loc     0x00008c13      0x366 Periphery/CTimerC.o
 .debug_loc     0x00008f79      0x366 Periphery/CTimerD.o
 .debug_loc     0x000092df      0x3f4 Periphery/CTimerF.o

.debug_macinfo
 *(.debug_macinfo)

.debug_weaknames
 *(.debug_weaknames)

.debug_funcnames
 *(.debug_funcnames)

.debug_typenames
 *(.debug_typenames)

.debug_varnames
 *(.debug_varnames)

.debug_pubtypes
 *(.debug_pubtypes)

.debug_ranges   0x00000000      0x9b0
 *(.debug_ranges)
 .debug_ranges  0x00000000       0x60 CDGUSDatabase.o
 .debug_ranges  0x00000060       0xa0 CLaserControlApp.o
 .debug_ranges  0x00000100       0x30 DGUSGUI.o
 .debug_ranges  0x00000130       0x48 LaserLib/CSPI.o
 .debug_ranges  0x00000178       0x18 LaserLib/CTimer.o
 .debug_ranges  0x00000190       0x18 LaserLib/CUSART.o
 .debug_ranges  0x000001a8      0x338 LaserLib/intx128.o
 .debug_ranges  0x000004e0       0x48 main.o
 .debug_ranges  0x00000528       0x40 MODBUS/CMBProtocol.o
 .debug_ranges  0x00000568       0xe8 MODBUS/CMBSender.o
 .debug_ranges  0x00000650       0x68 Periphery/CDGUSUSART.o
 .debug_ranges  0x000006b8       0x40 Periphery/CDS18B20.o
 .debug_ranges  0x000006f8       0x90 Periphery/CLaserBoard.o
 .debug_ranges  0x00000788       0x50 Periphery/CSoundPlayer.o
 .debug_ranges  0x000007d8       0x98 Periphery/CTimerC.o
 .debug_ranges  0x00000870       0x98 Periphery/CTimerD.o
 .debug_ranges  0x00000908       0xa8 Periphery/CTimerF.o

.debug_macro
 *(.debug_macro)
OUTPUT(ATxmegaLaserDiode.elf elf32-avr)
LOAD linker stubs
