Archive member included to satisfy reference by file (symbol)

c:/program files (x86)/atmel/studio/7.0/toolchain/avr8/avr8-gnu-toolchain/bin/../lib/gcc/avr/4.9.2/../../../../avr/lib/avrxmega6\libm.a(fixsfsi.o)
                              Periphery/CDS18B20.o (__fixsfsi)
c:/program files (x86)/atmel/studio/7.0/toolchain/avr8/avr8-gnu-toolchain/bin/../lib/gcc/avr/4.9.2/../../../../avr/lib/avrxmega6\libm.a(fixunssfsi.o)
                              c:/program files (x86)/atmel/studio/7.0/toolchain/avr8/avr8-gnu-toolchain/bin/../lib/gcc/avr/4.9.2/../../../../avr/lib/avrxmega6\libm.a(fixsfsi.o) (__fixunssfsi)
c:/program files (x86)/atmel/studio/7.0/toolchain/avr8/avr8-gnu-toolchain/bin/../lib/gcc/avr/4.9.2/../../../../avr/lib/avrxmega6\libm.a(floatsisf.o)
                              Periphery/CDS18B20.o (__floatsisf)
c:/program files (x86)/atmel/studio/7.0/toolchain/avr8/avr8-gnu-toolchain/bin/../lib/gcc/avr/4.9.2/../../../../avr/lib/avrxmega6\libm.a(fp_split3.o)
                              c:/program files (x86)/atmel/studio/7.0/toolchain/avr8/avr8-gnu-toolchain/bin/../lib/gcc/avr/4.9.2/../../../../avr/lib/avrxmega6\libm.a(fixunssfsi.o) (__fp_splitA)
c:/program files (x86)/atmel/studio/7.0/toolchain/avr8/avr8-gnu-toolchain/bin/../lib/gcc/avr/4.9.2/../../../../avr/lib/avrxmega6\libm.a(fp_zero.o)
                              c:/program files (x86)/atmel/studio/7.0/toolchain/avr8/avr8-gnu-toolchain/bin/../lib/gcc/avr/4.9.2/../../../../avr/lib/avrxmega6\libm.a(fixunssfsi.o) (__fp_zero)
c:/program files (x86)/atmel/studio/7.0/toolchain/avr8/avr8-gnu-toolchain/bin/../lib/gcc/avr/4.9.2/../../../../avr/lib/avrxmega6\libm.a(mulsf3.o)
                              Periphery/CDS18B20.o (__mulsf3)
c:/program files (x86)/atmel/studio/7.0/toolchain/avr8/avr8-gnu-toolchain/bin/../lib/gcc/avr/4.9.2/../../../../avr/lib/avrxmega6\libm.a(mulsf3x.o)
                              c:/program files (x86)/atmel/studio/7.0/toolchain/avr8/avr8-gnu-toolchain/bin/../lib/gcc/avr/4.9.2/../../../../avr/lib/avrxmega6\libm.a(mulsf3.o) (__mulsf3x)
c:/program files (x86)/atmel/studio/7.0/toolchain/avr8/avr8-gnu-toolchain/bin/../lib/gcc/avr/4.9.2/../../../../avr/lib/avrxmega6\libm.a(fp_inf.o)
                              c:/program files (x86)/atmel/studio/7.0/toolchain/avr8/avr8-gnu-toolchain/bin/../lib/gcc/avr/4.9.2/../../../../avr/lib/avrxmega6\libm.a(mulsf3x.o) (__fp_inf)
c:/program files (x86)/atmel/studio/7.0/toolchain/avr8/avr8-gnu-toolchain/bin/../lib/gcc/avr/4.9.2/../../../../avr/lib/avrxmega6\libm.a(fp_nan.o)
                              c:/program files (x86)/atmel/studio/7.0/toolchain/avr8/avr8-gnu-toolchain/bin/../lib/gcc/avr/4.9.2/../../../../avr/lib/avrxmega6\libm.a(mulsf3x.o) (__fp_nan)
c:/program files (x86)/atmel/studio/7.0/toolchain/avr8/avr8-gnu-toolchain/bin/../lib/gcc/avr/4.9.2/../../../../avr/lib/avrxmega6\libm.a(fp_pscA.o)
                              c:/program files (x86)/atmel/studio/7.0/toolchain/avr8/avr8-gnu-toolchain/bin/../lib/gcc/avr/4.9.2/../../../../avr/lib/avrxmega6\libm.a(mulsf3x.o) (__fp_pscA)
c:/program files (x86)/atmel/studio/7.0/toolchain/avr8/avr8-gnu-toolchain/bin/../lib/gcc/avr/4.9.2/../../../../avr/lib/avrxmega6\libm.a(fp_pscB.o)
                              c:/program files (x86)/atmel/studio/7.0/toolchain/avr8/avr8-gnu-toolchain/bin/../lib/gcc/avr/4.9.2/../../../../avr/lib/avrxmega6\libm.a(mulsf3x.o) (__fp_pscB)
c:/program files (x86)/atmel/studio/7.0/toolchain/avr8/avr8-gnu-toolchain/bin/../lib/gcc/avr/4.9.2/../../../../avr/lib/avrxmega6\libm.a(fp_round.o)
                              c:/program files (x86)/atmel/studio/7.0/toolchain/avr8/avr8-gnu-toolchain/bin/../lib/gcc/avr/4.9.2/../../../../avr/lib/avrxmega6\libm.a(mulsf3.o) (__fp_round)
c:/program files (x86)/atmel/studio/7.0/toolchain/avr8/avr8-gnu-toolchain/bin/../lib/gcc/avr/4.9.2/avrxmega6\libgcc.a(_mulsi3.o)
                              CLaserControlApp.o (__mulsi3)
c:/program files (x86)/atmel/studio/7.0/toolchain/avr8/avr8-gnu-toolchain/bin/../lib/gcc/avr/4.9.2/avrxmega6\libgcc.a(_udivmodhi4.o)
                              CLaserControlApp.o (__udivmodhi4)
c:/program files (x86)/atmel/studio/7.0/toolchain/avr8/avr8-gnu-toolchain/bin/../lib/gcc/avr/4.9.2/avrxmega6\libgcc.a(_divmodhi4.o)
                              CLaserControlApp.o (__divmodhi4)
c:/program files (x86)/atmel/studio/7.0/toolchain/avr8/avr8-gnu-toolchain/bin/../lib/gcc/avr/4.9.2/avrxmega6\libgcc.a(_udivmodsi4.o)
                              CLaserControlApp.o (__udivmodsi4)
c:/program files (x86)/atmel/studio/7.0/toolchain/avr8/avr8-gnu-toolchain/bin/../lib/gcc/avr/4.9.2/avrxmega6\libgcc.a(_divmodsi4.o)
                              Periphery/CSoundPlayer.o (__divmodsi4)
c:/program files (x86)/atmel/studio/7.0/toolchain/avr8/avr8-gnu-toolchain/bin/../lib/gcc/avr/4.9.2/avrxmega6\libgcc.a(_negsi2.o)
[...]
Memory Configuration

Name             Origin             Length             Attributes
text             0x00000000         0x00100000         xr
data             0x00802000         0x0000ffa0         rw !x
eeprom           0x00810000         0x00010000         rw !x
fuse             0x00820000         0x00000006         rw !x
lock             0x00830000         0x00000400         rw !x
signature        0x00840000         0x00000400         rw !x
user_signatures  0x00850000         0x00000400         rw !x
*default*        0x00000000         0xffffffff

Linker script and memory map

LOAD c:/program files (x86)/atmel/studio/7.0/toolchain/avr8/avr8-gnu-toolchain/bin/../lib/gcc/avr/4.9.2/../../../../avr/lib/avrxmega6/crtatxmega128a3u.o
LOAD CDGUSDatabase.o
LOAD CLaserControlApp.o
LOAD DGUSGUI.o
LOAD LaserLib/CSPI.o
LOAD LaserLib/CTimer.o
LOAD LaserLib/CTimer1.o
LOAD LaserLib/CUSART.o
LOAD LaserLib/intx128.o
LOAD main.o
LOAD MODBUS/CMBProtocol.o
LOAD MODBUS/CMBSender.o
LOAD Periphery/CDGUSUSART.o
LOAD Periphery/CDS18B20.o
LOAD Periphery/CLaserBoard.o
LOAD Periphery/CSoundPlayer.o
LOAD Periphery/CTimerC.o
LOAD Periphery/CTimerC1.o
LOAD Periphery/CTimerD.o
LOAD Periphery/CTimerD1.o
LOAD Periphery/CTimerF.o
START GROUP
LOAD c:/program files (x86)/atmel/studio/7.0/toolchain/avr8/avr8-gnu-toolchain/bin/../lib/gcc/avr/4.9.2/../../../../avr/lib/avrxmega6\libm.a
END GROUP
LOAD c:/program files (x86)/atmel/studio/7.0/toolchain/avr8/avr8-gnu-toolchain/bin/../lib/gcc/avr/4.9.2/avrxmega6\libgcc.a
LOAD c:/program files (x86)/atmel/studio/7.0/toolchain/avr8/avr8-gnu-toolchain/bin/../lib/gcc/avr/4.9.2/../../../../avr/lib/avrxmega6\libm.a
START GROUP
LOAD c:/program files (x86)/atmel/studio/7.0/toolchain/avr8/avr8-gnu-toolchain/bin/../lib/gcc/avr/4.9.2/avrxmega6\libgcc.a
LOAD c:/program files (x86)/atmel/studio/7.0/toolchain/avr8/avr8-gnu-toolchain/bin/../lib/gcc/avr/4.9.2/../../../../avr/lib/avrxmega6\libm.a
LOAD c:/program files (x86)/atmel/studio/7.0/toolchain/avr8/avr8-gnu-toolchain/bin/../lib/gcc/avr/4.9.2/../../../../avr/lib/avrxmega6\libc.a
LOAD c:/program files (x86)/atmel/studio/7.0/toolchain/avr8/avr8-gnu-toolchain/bin/../lib/gcc/avr/4.9.2/../../../../avr/lib/avrxmega6\libatxmega128a3u.a
END GROUP
                0x00100000                __TEXT_REGION_LENGTH__ = DEFINED (__TEXT_REGION_LENGTH__)?__TEXT_REGION_LENGTH__:0x100000
                0x0000ffa0                __DATA_REGION_LENGTH__ = DEFINED (__DATA_REGION_LENGTH__)?__DATA_REGION_LENGTH__:0xffa0
                0x00010000                __EEPROM_REGION_LENGTH__ = DEFINED (__EEPROM_REGION_LENGTH__)?__EEPROM_REGION_LENGTH__:0x10000
                [0x00000006]                __FUSE_REGION_LENGTH__ = DEFINED (__FUSE_REGION_LENGTH__)?__FUSE_REGION_LENGTH__:0x400
                0x00000400                __LOCK_REGION_LENGTH__ = DEFINED (__LOCK_REGION_LENGTH__)?__LOCK_REGION_LENGTH__:0x400
                0x00000400                __SIGNATURE_REGION_LENGTH__ = DEFINED (__SIGNATURE_REGION_LENGTH__)?__SIGNATURE_REGION_LENGTH__:0x400
                0x00000400                __USER_SIGNATURE_REGION_LENGTH__ = DEFINED (__USER_SIGNATURE_REGION_LENGTH__)?__USER_SIGNATURE_REGION_LENGTH__:0x400

.hash
 *(.hash)

.dynsym
 *(.dynsym)

.dynstr
 *(.dynstr)

.gnu.version
 *(.gnu.version)

.gnu.version_d
 *(.gnu.version_d)

.gnu.version_r
 *(.gnu.version_r)

.rel.init
 *(.rel.init)

.rela.init
 *(.rela.init)

.rel.text
 *(.rel.text)
 *(.rel.text.*)
 *(.rel.gnu.linkonce.t*)

.rela.text
 *(.rela.text)
 *(.rela.text.*)
 *(.rela.gnu.linkonce.t*)

.rel.fini
 *(.rel.fini)

.rela.fini
 *(.rela.fini)

.rel.rodata
 *(.rel.rodata)
 *(.rel.rodata.*)
 *(.rel.gnu.linkonce.r*)

.rela.rodata
 *(.rela.rodata)
 *(.rela.rodata.*)
 *(.rela.gnu.linkonce.r*)

.rel.data
 *(.rel.data)
 *(.rel.data.*)
 *(.rel.gnu.linkonce.d*)

.rela.data
 *(.rela.data)
 *(.rela.data.*)
 *(.rela.gnu.linkonce.d*)

.rel.ctors
 *(.rel.ctors)

.rela.ctors
 *(.rela.ctors)

.rel.dtors
 *(.rel.dtors)

.rela.dtors
 *(.rela.dtors)

.rel.got
 *(.rel.got)

.rela.got
 *(.rela.got)

.rel.bss
 *(.rel.bss)

.rela.bss
 *(.rela.bss)

.rel.plt
 *(.rel.plt)

.rela.plt
 *(.rela.plt)

.text           0x00000000     0x6b5a
 *(.vectors)
 .vectors       0x00000000      0x1fc c:/program files (x86)/atmel/studio/7.0/toolchain/avr8/avr8-gnu-toolchain/bin/../lib/gcc/avr/4.9.2/../../../../avr/lib/avrxmega6/crtatxmega128a3u.o
                0x00000000                __vector_default
                0x00000000                __vectors
 *(.vectors)
 *(.progmem.gcc*)
 .progmem.gcc_sw_table._ZN16CLaserControlApp18OnRegisterReceivedEhPhh
                0x000001fc       0x60 CLaserControlApp.o
 .progmem.gcc_sw_table._ZN16CLaserControlApp18OnVariableReceivedEjPjj
                0x0000025c       0x24 CLaserControlApp.o
 .progmem.gcc_sw_table._ZN9CMBSender13OnReceiveByteEh
                0x00000280       0x16 MODBUS/CMBSender.o
                0x00000296                . = ALIGN (0x2)
                0x00000296                __trampolines_start = .
 *(.trampolines)
 .trampolines   0x00000296      0x280 linker stubs
 *(.trampolines*)
                0x00000516                __trampolines_end = .
 *libprintf_flt.a:*(.progmem.data)
 *libc.a:*(.progmem.data)
 *(.progmem*)
                0x00000516                . = ALIGN (0x2)
 *(.jumptables)
 *(.jumptables*)
 *(.lowtext)
 *(.lowtext*)
                0x00000516                __ctors_start = .
 *(.ctors)
 .ctors         0x00000516        0x2 main.o
                0x00000518                __ctors_end = .
                0x00000518                __dtors_start = .
 *(.dtors)
 .dtors         0x00000518        0x2 main.o
                0x0000051a                __dtors_end = .
 SORT(*)(.ctors)
 SORT(*)(.dtors)
 *(.init0)
 .init0         0x0000051a        0x0 c:/program files (x86)/atmel/studio/7.0/toolchain/avr8/avr8-gnu-toolchain/bin/../lib/gcc/avr/4.9.2/../../../../avr/lib/avrxmega6/crtatxmega128a3u.o
                0x0000051a                __init
 *(.init0)
 *(.init1)
 *(.init1)
 *(.init2)
 .init2         0x0000051a       0x10 c:/program files (x86)/atmel/studio/7.0/toolchain/avr8/avr8-gnu-toolchain/bin/../lib/gcc/avr/4.9.2/../../../../avr/lib/avrxmega6/crtatxmega128a3u.o
 *(.init2)
 *(.init3)
 *(.init3)
 *(.init4)
 .init4         0x0000052a       0x1a c:/program files (x86)/atmel/studio/7.0/toolchain/avr8/avr8-gnu-toolchain/bin/../lib/gcc/avr/4.9.2/avrxmega6\libgcc.a(_copy_data.o)
                0x0000052a                __do_copy_data
 .init4         0x00000544       0x10 c:/program files (x86)/atmel/studio/7.0/toolchain/avr8/avr8-gnu-toolchain/bin/../lib/gcc/avr/4.9.2/avrxmega6\libgcc.a(_clear_bss.o)
                0x00000544                __do_clear_bss
 *(.init4)
 *(.init5)
 *(.init5)
 *(.init6)
 .init6         0x00000554       0x20 c:/program files (x86)/atmel/studio/7.0/toolchain/avr8/avr8-gnu-toolchain/bin/../lib/gcc/avr/4.9.2/avrxmega6\libgcc.a(_ctors.o)
                0x00000554                __do_global_ctors
 *(.init6)
 *(.init7)
 *(.init7)
 *(.init8)
 *(.init8)
 *(.init9)
 .init9         0x00000574        0x8 c:/program files (x86)/atmel/studio/7.0/toolchain/avr8/avr8-gnu-toolchain/bin/../lib/gcc/avr/4.9.2/../../../../avr/lib/avrxmega6/crtatxmega128a3u.o
 *(.init9)
 *(.text)
 .text          0x0000057c        0x4 c:/program files (x86)/atmel/studio/7.0/toolchain/avr8/avr8-gnu-toolchain/bin/../lib/gcc/avr/4.9.2/../../../../avr/lib/avrxmega6/crtatxmega128a3u.o
                0x0000057c                __vector_75
                0x0000057c                __vector_102
                0x0000057c                __bad_interrupt
                0x0000057c                __vector_122
                0x0000057c                __vector_114
                0x0000057c                __vector_117
                0x0000057c                __vector_107
                0x0000057c                __vector_98
                0x0000057c                __vector_99
                0x0000057c                __vector_125
                0x0000057c                __vector_123
                0x0000057c                __vector_100
                0x0000057c                __vector_101
                0x0000057c                __vector_76
                0x0000057c                __vector_115
                0x0000057c                __vector_95
                0x0000057c                __vector_103
                0x0000057c                __vector_96
                0x0000057c                __vector_106
                0x0000057c                __vector_118
                0x0000057c                __vector_94
                0x0000057c                __vector_126
                0x0000057c                __vector_124
                0x0000057c                __vector_116
                0x0000057c                __vector_97
                0x00000580                . = ALIGN (0x2)
 *(.text.*)
 .text._ZN13CDGUSDatabaseC2Ev
                0x00000580        0x2 CDGUSDatabase.o
                0x00000580                _ZN13CDGUSDatabaseC2Ev
                0x00000580                _ZN13CDGUSDatabaseC1Ev
 .text._ZN13CDGUSDatabaseD2Ev
                0x00000582        0x2 CDGUSDatabase.o
                0x00000582                _ZN13CDGUSDatabaseD2Ev
                0x00000582                _ZN13CDGUSDatabaseD1Ev
 .text._ZN13CDGUSDatabase10InitializeEP9CMBSenderj
                0x00000584       0x18 CDGUSDatabase.o
                0x00000584                _ZN13CDGUSDatabase10InitializeEP9CMBSenderj
 .text._ZN13CDGUSDatabase18MapDatabaseToWriteEjmj
                0x0000059c       0xca CDGUSDatabase.o
                0x0000059c                _ZN13CDGUSDatabase18MapDatabaseToWriteEjmj
 .text._ZN13CDGUSDatabase17MapDatabaseToReadEjmj
                0x00000666       0xca CDGUSDatabase.o
                0x00000666                _ZN13CDGUSDatabase17MapDatabaseToReadEjmj
 .text._ZN13CDGUSDatabase5UnMapEv
                0x00000730       0x3c CDGUSDatabase.o
                0x00000730                _ZN13CDGUSDatabase5UnMapEv
 .text._ZN16CLaserControlApp21OnTransactionCallbackEPhj
                0x0000076c        0x2 CLaserControlApp.o
                0x0000076c                _ZN16CLaserControlApp21OnTransactionCallbackEPhj
 .text._ZN16CLaserControlApp18OnRegisterReceivedEhPhh
                0x0000076e      0x142 CLaserControlApp.o
                0x0000076e                _ZN16CLaserControlApp18OnRegisterReceivedEhPhh
 .text._ZN16CLaserControlApp18OnVariableReceivedEjPjj
                0x000008b0      0x19a CLaserControlApp.o
                0x000008b0                _ZN16CLaserControlApp18OnVariableReceivedEjPjj
 .text._ZN16CLaserControlAppC2Ev
                0x00000a4a        0xc CLaserControlApp.o
                0x00000a4a                _ZN16CLaserControlAppC2Ev
                0x00000a4a                _ZN16CLaserControlAppC1Ev
 .text._ZN16CLaserControlAppD2Ev
                0x00000a56       0x10 CLaserControlApp.o
                0x00000a56                _ZN16CLaserControlAppD2Ev
                0x00000a56                _ZN16CLaserControlAppD1Ev
 .text._ZN16CLaserControlApp22CalculateLaserSettingsEP24DGUS_LASERPROFILE_STRUCT
                0x00000a66      0x14a CLaserControlApp.o
                0x00000a66                _ZN16CLaserControlApp22CalculateLaserSettingsEP24DGUS_LASERPROFILE_STRUCT
 .text._ZN16CLaserControlApp11GetVariableEjj
                0x00000bb0       0x28 CLaserControlApp.o
                0x00000bb0                _ZN16CLaserControlApp11GetVariableEjj
 .text._ZN16CLaserControlApp11SetVariableEjPjj
                0x00000bd8       0x20 CLaserControlApp.o
                0x00000bd8                _ZN16CLaserControlApp11SetVariableEjPjj
 .text._ZN16CLaserControlApp12SetPictureIdEj
                0x00000bf8       0x4c CLaserControlApp.o
                0x00000bf8                _ZN16CLaserControlApp12SetPictureIdEj
 .text._ZN16CLaserControlApp12OnLaserTimerEv
                0x00000c44       0x72 CLaserControlApp.o
                0x00000c44                _ZN16CLaserControlApp12OnLaserTimerEv
 .text._ZN16CLaserControlApp22OnLaserTimerStopStaticEPv
                0x00000cb6        0x6 CLaserControlApp.o
                0x00000cb6                _ZN16CLaserControlApp22OnLaserTimerStopStaticEPv
 .text._ZN16CLaserControlApp13OnPWMTimerOVFEv
                0x00000cbc       0x12 CLaserControlApp.o
                0x00000cbc                _ZN16CLaserControlApp13OnPWMTimerOVFEv
 .text._ZN16CLaserControlApp13OnPWMTimerCMPEv
                0x00000cce       0x12 CLaserControlApp.o
                0x00000cce                _ZN16CLaserControlApp13OnPWMTimerCMPEv
 .text._ZN16CLaserControlApp19OnPWMTimerOVFStaticEPv
                0x00000ce0        0x6 CLaserControlApp.o
                0x00000ce0                _ZN16CLaserControlApp19OnPWMTimerOVFStaticEPv
 .text._ZN16CLaserControlApp19OnPWMTimerCMPStaticEPv
                0x00000ce6        0x6 CLaserControlApp.o
                0x00000ce6                _ZN16CLaserControlApp19OnPWMTimerCMPStaticEPv
 .text._ZN16CLaserControlApp19OnPWMTimerREDStaticEPv
                0x00000cec        0x2 CLaserControlApp.o
                0x00000cec                _ZN16CLaserControlApp19OnPWMTimerREDStaticEPv
 .text._ZN16CLaserControlApp19OnPWMTimerGRNStaticEPv
                0x00000cee        0x2 CLaserControlApp.o
                0x00000cee                _ZN16CLaserControlApp19OnPWMTimerGRNStaticEPv
 .text._ZN16CLaserControlApp19OnPWMTimerBLUStaticEPv
                0x00000cf0        0x2 CLaserControlApp.o
                0x00000cf0                _ZN16CLaserControlApp19OnPWMTimerBLUStaticEPv
 .text._ZN16CLaserControlApp13MelaninPresetEj
                0x00000cf2      0x16c CLaserControlApp.o
                0x00000cf2                _ZN16CLaserControlApp13MelaninPresetEj
 .text._ZN16CLaserControlApp15PhototypePresetEj
                0x00000e5e      0x16e CLaserControlApp.o
                0x00000e5e                _ZN16CLaserControlApp15PhototypePresetEj
 .text._ZN16CLaserControlApp11CheckLimitsERjS0_16APP_PROFILE_ENUM
                0x00000fcc      0x1be CLaserControlApp.o
                0x00000fcc                _ZN16CLaserControlApp11CheckLimitsERjS0_16APP_PROFILE_ENUM
 .text._ZN16CLaserControlApp10InitializeEP9CMBSender
                0x0000118a      0x222 CLaserControlApp.o
                0x0000118a                _ZN16CLaserControlApp10InitializeEP9CMBSender
 .text._ZN16CLaserControlApp5StartEv
                0x000013ac       0x90 CLaserControlApp.o
                0x000013ac                _ZN16CLaserControlApp5StartEv
 .text._ZN16CLaserControlApp16OnLaserTimerStopEv
                0x0000143c       0x26 CLaserControlApp.o
                0x0000143c                _ZN16CLaserControlApp16OnLaserTimerStopEv
 .text._ZN16CLaserControlApp18OnLaserTimerStaticEPv
                0x00001462        0x6 CLaserControlApp.o
                0x00001462                _ZN16CLaserControlApp18OnLaserTimerStaticEPv
 .text._ZN16CLaserControlApp3RunEv
                0x00001468      0x926 CLaserControlApp.o
                0x00001468                _ZN16CLaserControlApp3RunEv
 .text._ZN16CLaserControlApp7OnTimerEv
                0x00001d8e      0x20c CLaserControlApp.o
                0x00001d8e                _ZN16CLaserControlApp7OnTimerEv
 .text._ZN16CLaserControlApp13OnTimerStaticEPv
                0x00001f9a        0x6 CLaserControlApp.o
                0x00001f9a                _ZN16CLaserControlApp13OnTimerStaticEPv
 .text._ZN16CLaserControlApp6OnINT0Ev
                0x00001fa0      0x144 CLaserControlApp.o
                0x00001fa0                _ZN16CLaserControlApp6OnINT0Ev
 .text._ZN16CLaserControlApp12OnINT0StaticEPv
                0x000020e4        0x6 CLaserControlApp.o
                0x000020e4                _ZN16CLaserControlApp12OnINT0StaticEPv
 .text._Z11ConvertDataPvS_jj
                0x000020ea       0x58 DGUSGUI.o
                0x000020ea                _Z11ConvertDataPvS_jj
 .text._Z3minjj
                0x00002142        0xa DGUSGUI.o
                0x00002142                _Z3minjj
 .text._Z3maxjj
                0x0000214c        0xa DGUSGUI.o
                0x0000214c                _Z3maxjj
 .text._Z4swapj
                0x00002156        0x8 DGUSGUI.o
                0x00002156                _Z4swapj
 .text._Z6swap32m
                0x0000215e        0x8 DGUSGUI.o
                0x0000215e                _Z6swap32m
 .text._ZN4CSPIC2Ev
                0x00002166        0x2 LaserLib/CSPI.o
                0x00002166                _ZN4CSPIC2Ev
                0x00002166                _ZN4CSPIC1Ev
 .text._ZN4CSPID2Ev
                0x00002168        0x2 LaserLib/CSPI.o
                0x00002168                _ZN4CSPID2Ev
                0x00002168                _ZN4CSPID1Ev
 .text._ZN4CSPI10InitializeEb19SPI_DATA_ORDER_ENUM13SPI_MODE_ENUMb18SPI_PRESCALER_enum
                0x0000216a       0x82 LaserLib/CSPI.o
                0x0000216a                _ZN4CSPI10InitializeEb19SPI_DATA_ORDER_ENUM13SPI_MODE_ENUMb18SPI_PRESCALER_enum
 .text._ZN4CSPI4SendEPhj
                0x000021ec       0x40 LaserLib/CSPI.o
                0x000021ec                _ZN4CSPI4SendEPhj
 .text._ZN4CSPI10OnTransmitEv
                0x0000222c       0x30 LaserLib/CSPI.o
                0x0000222c                _ZN4CSPI10OnTransmitEv
 .text._ZN4CSPI16StaticOnTransmitEPv
                0x0000225c        0x6 LaserLib/CSPI.o
                0x0000225c                _ZN4CSPI16StaticOnTransmitEPv
 .text._ZN6CTimerC2Ev
                0x00002262        0xc LaserLib/CTimer.o
                0x00002262                _ZN6CTimerC1Ev
                0x00002262                _ZN6CTimerC2Ev
 .text._ZN6CTimerD2Ev
                0x0000226e        0x2 LaserLib/CTimer.o
                0x0000226e                _ZN6CTimerD1Ev
                0x0000226e                _ZN6CTimerD2Ev
 .text._ZN7CTimer1C2Ev
                0x00002270        0xc LaserLib/CTimer1.o
                0x00002270                _ZN7CTimer1C1Ev
                0x00002270                _ZN7CTimer1C2Ev
 .text._ZN7CTimer1D2Ev
                0x0000227c        0x2 LaserLib/CTimer1.o
                0x0000227c                _ZN7CTimer1D1Ev
                0x0000227c                _ZN7CTimer1D2Ev
 .text._ZN6CUSARTC2Ev
                0x0000227e        0xc LaserLib/CUSART.o
                0x0000227e                _ZN6CUSARTC2Ev
                0x0000227e                _ZN6CUSARTC1Ev
 .text._ZN6CUSARTD2Ev
                0x0000228a        0x2 LaserLib/CUSART.o
                0x0000228a                _ZN6CUSARTD1Ev
                0x0000228a                _ZN6CUSARTD2Ev
 .text.__vector_1
                0x0000228c       0x62 LaserLib/intx128.o
                0x0000228c                __vector_1
 .text.__vector_2
                0x000022ee       0x62 LaserLib/intx128.o
                0x000022ee                __vector_2
 .text.__vector_3
                0x00002350       0x62 LaserLib/intx128.o
                0x00002350                __vector_3
 .text.__vector_4
                0x000023b2       0x62 LaserLib/intx128.o
                0x000023b2                __vector_4
 .text.__vector_5
                0x00002414       0x62 LaserLib/intx128.o
                0x00002414                __vector_5
 .text.__vector_6
                0x00002476       0x62 LaserLib/intx128.o
                0x00002476                __vector_6
 .text.__vector_7
                0x000024d8       0x62 LaserLib/intx128.o
                0x000024d8                __vector_7
 .text.__vector_8
                0x0000253a       0x62 LaserLib/intx128.o
                0x0000253a                __vector_8
 .text.__vector_9
                0x0000259c       0x62 LaserLib/intx128.o
                0x0000259c                __vector_9
 .text.__vector_10
                0x000025fe       0x62 LaserLib/intx128.o
                0x000025fe                __vector_10
 .text.__vector_11
                0x00002660       0x62 LaserLib/intx128.o
                0x00002660                __vector_11
 .text.__vector_12
                0x000026c2       0x62 LaserLib/intx128.o
                0x000026c2                __vector_12
 .text.__vector_13
                0x00002724       0x62 LaserLib/intx128.o
                0x00002724                __vector_13
 .text.__vector_14
                0x00002786       0x62 LaserLib/intx128.o
                0x00002786                __vector_14
 .text.__vector_15
                0x000027e8       0x62 LaserLib/intx128.o
                0x000027e8                __vector_15
 .text.__vector_16
                0x0000284a       0x62 LaserLib/intx128.o
                0x0000284a                __vector_16
 .text.__vector_17
                0x000028ac       0x62 LaserLib/intx128.o
                0x000028ac                __vector_17
 .text.__vector_18
                0x0000290e       0x62 LaserLib/intx128.o
                0x0000290e                __vector_18
 .text.__vector_19
                0x00002970       0x62 LaserLib/intx128.o
                0x00002970                __vector_19
 .text.__vector_20
                0x000029d2       0x62 LaserLib/intx128.o
                0x000029d2                __vector_20
 .text.__vector_21
                0x00002a34       0x62 LaserLib/intx128.o
                0x00002a34                __vector_21
 .text.__vector_22
                0x00002a96       0x62 LaserLib/intx128.o
                0x00002a96                __vector_22
 .text.__vector_23
                0x00002af8       0x62 LaserLib/intx128.o
                0x00002af8                __vector_23
 .text.__vector_24
                0x00002b5a       0x62 LaserLib/intx128.o
                0x00002b5a                __vector_24
 .text.__vector_25
                0x00002bbc       0x62 LaserLib/intx128.o
                0x00002bbc                __vector_25
 .text.__vector_26
                0x00002c1e       0x62 LaserLib/intx128.o
                0x00002c1e                __vector_26
 .text.__vector_27
                0x00002c80       0x62 LaserLib/intx128.o
                0x00002c80                __vector_27
 .text.__vector_28
                0x00002ce2       0x62 LaserLib/intx128.o
                0x00002ce2                __vector_28
 .text.__vector_29
                0x00002d44       0x62 LaserLib/intx128.o
                0x00002d44                __vector_29
 .text.__vector_30
                0x00002da6       0x62 LaserLib/intx128.o
                0x00002da6                __vector_30
 .text.__vector_31
                0x00002e08       0x62 LaserLib/intx128.o
                0x00002e08                __vector_31
 .text.__vector_32
                0x00002e6a       0x62 LaserLib/intx128.o
                0x00002e6a                __vector_32
 .text.__vector_33
                0x00002ecc       0x62 LaserLib/intx128.o
                0x00002ecc                __vector_33
 .text.__vector_34
                0x00002f2e       0x62 LaserLib/intx128.o
                0x00002f2e                __vector_34
 .text.__vector_35
                0x00002f90       0x62 LaserLib/intx128.o
                0x00002f90                __vector_35
 .text.__vector_36
                0x00002ff2       0x62 LaserLib/intx128.o
                0x00002ff2                __vector_36
 .text.__vector_37
                0x00003054       0x62 LaserLib/intx128.o
                0x00003054                __vector_37
 .text.__vector_38
                0x000030b6       0x62 LaserLib/intx128.o
                0x000030b6                __vector_38
 .text.__vector_39
                0x00003118       0x62 LaserLib/intx128.o
                0x00003118                __vector_39
 .text.__vector_40
                0x0000317a       0x62 LaserLib/intx128.o
                0x0000317a                __vector_40
 .text.__vector_41
                0x000031dc       0x62 LaserLib/intx128.o
                0x000031dc                __vector_41
 .text.__vector_42
                0x0000323e       0x62 LaserLib/intx128.o
                0x0000323e                __vector_42
 .text.__vector_43
                0x000032a0       0x62 LaserLib/intx128.o
                0x000032a0                __vector_43
 .text.__vector_44
                0x00003302       0x62 LaserLib/intx128.o
                0x00003302                __vector_44
 .text.__vector_45
                0x00003364       0x62 LaserLib/intx128.o
                0x00003364                __vector_45
 .text.__vector_46
                0x000033c6       0x62 LaserLib/intx128.o
                0x000033c6                __vector_46
 .text.__vector_47
                0x00003428       0x62 LaserLib/intx128.o
                0x00003428                __vector_47
 .text.__vector_48
                0x0000348a       0x62 LaserLib/intx128.o
                0x0000348a                __vector_48
 .text.__vector_49
                0x000034ec       0x62 LaserLib/intx128.o
                0x000034ec                __vector_49
 .text.__vector_50
                0x0000354e       0x62 LaserLib/intx128.o
                0x0000354e                __vector_50
 .text.__vector_51
                0x000035b0       0x62 LaserLib/intx128.o
                0x000035b0                __vector_51
 .text.__vector_52
                0x00003612       0x62 LaserLib/intx128.o
                0x00003612                __vector_52
 .text.__vector_53
                0x00003674       0x62 LaserLib/intx128.o
                0x00003674                __vector_53
 .text.__vector_54
                0x000036d6       0x62 LaserLib/intx128.o
                0x000036d6                __vector_54
 .text.__vector_55
                0x00003738       0x62 LaserLib/intx128.o
                0x00003738                __vector_55
 .text.__vector_56
                0x0000379a       0x62 LaserLib/intx128.o
                0x0000379a                __vector_56
 .text.__vector_57
                0x000037fc       0x62 LaserLib/intx128.o
                0x000037fc                __vector_57
 .text.__vector_58
                0x0000385e       0x62 LaserLib/intx128.o
                0x0000385e                __vector_58
 .text.__vector_59
                0x000038c0       0x62 LaserLib/intx128.o
                0x000038c0                __vector_59
 .text.__vector_60
                0x00003922       0x62 LaserLib/intx128.o
                0x00003922                __vector_60
 .text.__vector_61
                0x00003984       0x62 LaserLib/intx128.o
                0x00003984                __vector_61
 .text.__vector_62
                0x000039e6       0x62 LaserLib/intx128.o
                0x000039e6                __vector_62
 .text.__vector_63
                0x00003a48       0x62 LaserLib/intx128.o
                0x00003a48                __vector_63
 .text.__vector_64
                0x00003aaa       0x62 LaserLib/intx128.o
                0x00003aaa                __vector_64
 .text.__vector_65
                0x00003b0c       0x62 LaserLib/intx128.o
                0x00003b0c                __vector_65
 .text.__vector_66
                0x00003b6e       0x62 LaserLib/intx128.o
                0x00003b6e                __vector_66
 .text.__vector_67
                0x00003bd0       0x62 LaserLib/intx128.o
                0x00003bd0                __vector_67
 .text.__vector_68
                0x00003c32       0x62 LaserLib/intx128.o
                0x00003c32                __vector_68
 .text.__vector_69
                0x00003c94       0x62 LaserLib/intx128.o
                0x00003c94                __vector_69
 .text.__vector_70
                0x00003cf6       0x62 LaserLib/intx128.o
                0x00003cf6                __vector_70
 .text.__vector_71
                0x00003d58       0x62 LaserLib/intx128.o
                0x00003d58                __vector_71
 .text.__vector_72
                0x00003dba       0x62 LaserLib/intx128.o
                0x00003dba                __vector_72
 .text.__vector_73
                0x00003e1c       0x62 LaserLib/intx128.o
                0x00003e1c                __vector_73
 .text.__vector_74
                0x00003e7e       0x62 LaserLib/intx128.o
                0x00003e7e                __vector_74
 .text.__vector_77
                0x00003ee0       0x62 LaserLib/intx128.o
                0x00003ee0                __vector_77
 .text.__vector_78
                0x00003f42       0x62 LaserLib/intx128.o
                0x00003f42                __vector_78
 .text.__vector_79
                0x00003fa4       0x62 LaserLib/intx128.o
                0x00003fa4                __vector_79
 .text.__vector_80
                0x00004006       0x62 LaserLib/intx128.o
                0x00004006                __vector_80
 .text.__vector_81
                0x00004068       0x62 LaserLib/intx128.o
                0x00004068                __vector_81
 .text.__vector_82
                0x000040ca       0x62 LaserLib/intx128.o
                0x000040ca                __vector_82
 .text.__vector_83
                0x0000412c       0x62 LaserLib/intx128.o
                0x0000412c                __vector_83
 .text.__vector_84
                0x0000418e       0x62 LaserLib/intx128.o
                0x0000418e                __vector_84
 .text.__vector_85
                0x000041f0       0x62 LaserLib/intx128.o
                0x000041f0                __vector_85
 .text.__vector_86
                0x00004252       0x62 LaserLib/intx128.o
                0x00004252                __vector_86
 .text.__vector_87
                0x000042b4       0x62 LaserLib/intx128.o
                0x000042b4                __vector_87
 .text.__vector_88
                0x00004316       0x62 LaserLib/intx128.o
                0x00004316                __vector_88
 .text.__vector_89
                0x00004378       0x62 LaserLib/intx128.o
                0x00004378                __vector_89
 .text.__vector_90
                0x000043da       0x62 LaserLib/intx128.o
                0x000043da                __vector_90
 .text.__vector_91
                0x0000443c       0x62 LaserLib/intx128.o
                0x0000443c                __vector_91
 .text.__vector_92
                0x0000449e       0x62 LaserLib/intx128.o
                0x0000449e                __vector_92
 .text.__vector_93
                0x00004500       0x62 LaserLib/intx128.o
                0x00004500                __vector_93
 .text.__vector_104
                0x00004562       0x62 LaserLib/intx128.o
                0x00004562                __vector_104
 .text.__vector_105
                0x000045c4       0x62 LaserLib/intx128.o
                0x000045c4                __vector_105
 .text.__vector_108
                0x00004626       0x62 LaserLib/intx128.o
                0x00004626                __vector_108
 .text.__vector_109
                0x00004688       0x62 LaserLib/intx128.o
                0x00004688                __vector_109
 .text.__vector_110
                0x000046ea       0x62 LaserLib/intx128.o
                0x000046ea                __vector_110
 .text.__vector_111
                0x0000474c       0x62 LaserLib/intx128.o
                0x0000474c                __vector_111
 .text.__vector_112
                0x000047ae       0x62 LaserLib/intx128.o
                0x000047ae                __vector_112
 .text.__vector_113
                0x00004810       0x62 LaserLib/intx128.o
                0x00004810                __vector_113
 .text.__vector_119
                0x00004872       0x62 LaserLib/intx128.o
                0x00004872                __vector_119
 .text.__vector_120
                0x000048d4       0x62 LaserLib/intx128.o
                0x000048d4                __vector_120
 .text.__vector_121
                0x00004936       0x62 LaserLib/intx128.o
                0x00004936                __vector_121
 .text.__cxa_pure_virtual
                0x00004998        0x6 main.o
                0x00004998                __cxa_pure_virtual
 .text._GLOBAL__sub_I_dacSPI
                0x0000499e       0x6a main.o
 .text._GLOBAL__sub_D_dacSPI
                0x00004a08       0x6a main.o
 .text._Z16SystemInitializev
                0x00004a72      0x1f2 main.o
                0x00004a72                _Z16SystemInitializev
 .text.main     0x00004c64       0xe6 main.o
                0x00004c64                main
 .text._ZN16CMBEventsHandler13FillVarDataTxEjPjj
                0x00004d4a      0x134 MODBUS/CMBProtocol.o
                0x00004d4a                _ZN16CMBEventsHandler13FillVarDataTxEjPjj
 .text._ZN16CMBEventsHandler15AllocateBuffersEjj
                0x00004e7e       0x36 MODBUS/CMBProtocol.o
                0x00004e7e                _ZN16CMBEventsHandler15AllocateBuffersEjj
 .text._ZN16CMBEventsHandler11FreeBuffersEv
                0x00004eb4       0x1c MODBUS/CMBProtocol.o
                0x00004eb4                _ZN16CMBEventsHandler11FreeBuffersEv
 .text._ZN16CMBEventsHandler13FillRegDataRqEhh
                0x00004ed0       0xc0 MODBUS/CMBProtocol.o
                0x00004ed0                _ZN16CMBEventsHandler13FillRegDataRqEhh
 .text._ZN16CMBEventsHandler13FillVarDataRqEjj
                0x00004f90       0xca MODBUS/CMBProtocol.o
                0x00004f90                _ZN16CMBEventsHandler13FillVarDataRqEjj
 .text._ZN16CMBEventsHandler13FillRegDataTxEhPhh
                0x0000505a       0xd6 MODBUS/CMBProtocol.o
                0x0000505a                _ZN16CMBEventsHandler13FillRegDataTxEhPhh
 .text._ZN16CMBEventsHandlerD2Ev
                0x00005130        0x2 MODBUS/CMBProtocol.o
                0x00005130                _ZN16CMBEventsHandlerD2Ev
                0x00005130                _ZN16CMBEventsHandlerD1Ev
 .text._ZN9CMBSender18OnVariableReceivedEjPjj
                0x00005132       0x1e MODBUS/CMBSender.o
                0x00005132                _ZN9CMBSender18OnVariableReceivedEjPjj
 .text._ZN9CMBSender18OnRegisterReceivedEhPhh
                0x00005150       0x1e MODBUS/CMBSender.o
                0x00005150                _ZN9CMBSender18OnRegisterReceivedEhPhh
 .text._ZN9CMBSenderC2Ev
                0x0000516e        0xc MODBUS/CMBSender.o
                0x0000516e                _ZN9CMBSenderC2Ev
                0x0000516e                _ZN9CMBSenderC1Ev
 .text._ZN9CMBSender10InitializeEP7CTimer1P6CUSARTP16CMBEventsHandlerjjj
                0x0000517a       0xe2 MODBUS/CMBSender.o
                0x0000517a                _ZN9CMBSender10InitializeEP7CTimer1P6CUSARTP16CMBEventsHandlerjjj
 .text._ZN9CMBSenderD2Ev
                0x0000525c       0x10 MODBUS/CMBSender.o
                0x0000525c                _ZN9CMBSenderD1Ev
                0x0000525c                _ZN9CMBSenderD2Ev
 .text._ZN9CMBSender13OnReceiveByteEh
                0x0000526c      0x192 MODBUS/CMBSender.o
                0x0000526c                _ZN9CMBSender13OnReceiveByteEh
 .text._ZN9CMBSender18OnUSARTRxInterruptEPv
                0x000053fe       0x26 MODBUS/CMBSender.o
                0x000053fe                _ZN9CMBSender18OnUSARTRxInterruptEPv
 .text._ZN9CMBSender9OnTimeoutEv
                0x00005424       0x28 MODBUS/CMBSender.o
                0x00005424                _ZN9CMBSender9OnTimeoutEv
 .text._ZN9CMBSender18OnTimeoutInterruptEPv
                0x0000544c        0x6 MODBUS/CMBSender.o
                0x0000544c                _ZN9CMBSender18OnTimeoutInterruptEPv
 .text._ZN9CMBSender19StartMODBUSListenerEv
                0x00005452       0x32 MODBUS/CMBSender.o
                0x00005452                _ZN9CMBSender19StartMODBUSListenerEv
 .text._ZN9CMBSender14OnTransmitByteEv
                0x00005484       0x92 MODBUS/CMBSender.o
                0x00005484                _ZN9CMBSender14OnTransmitByteEv
 .text._ZN9CMBSender18OnUSARTTxInterruptEPv
                0x00005516        0x6 MODBUS/CMBSender.o
                0x00005516                _ZN9CMBSender18OnUSARTTxInterruptEPv
 .text._ZN9CMBSender18WaitMODBUSListenerEv
                0x0000551c       0x22 MODBUS/CMBSender.o
                0x0000551c                _ZN9CMBSender18WaitMODBUSListenerEv
 .text._ZN9CMBSender22StartMODBUSTransmitterEv
                0x0000553e       0x2a MODBUS/CMBSender.o
                0x0000553e                _ZN9CMBSender22StartMODBUSTransmitterEv
 .text._ZN9CMBSender24WriteDataToRegisterAsyncEhPhh
                0x00005568       0x1e MODBUS/CMBSender.o
                0x00005568                _ZN9CMBSender24WriteDataToRegisterAsyncEhPhh
 .text._ZN9CMBSender20WriteDataToSRAMAsyncEjPjj
                0x00005586       0x1e MODBUS/CMBSender.o
                0x00005586                _ZN9CMBSender20WriteDataToSRAMAsyncEjPjj
 .text._ZN9CMBSender28RequestDataFromRegisterAsyncEhh
                0x000055a4       0x1e MODBUS/CMBSender.o
                0x000055a4                _ZN9CMBSender28RequestDataFromRegisterAsyncEhh
 .text._ZN9CMBSender24RequestDataFromSRAMAsyncEjh
                0x000055c2       0x20 MODBUS/CMBSender.o
                0x000055c2                _ZN9CMBSender24RequestDataFromSRAMAsyncEjh
 .text._ZN9CMBSender21WaitMODBUSTransmitterEv
                0x000055e2       0x22 MODBUS/CMBSender.o
                0x000055e2                _ZN9CMBSender21WaitMODBUSTransmitterEv
 .text._ZN9CMBSender30StartMODBUSRegisterTransactionEhh
                0x00005604        0xc MODBUS/CMBSender.o
                0x00005604                _ZN9CMBSender30StartMODBUSRegisterTransactionEhh
 .text._ZN9CMBSender30StartMODBUSVariableTransactionEjh
                0x00005610        0xc MODBUS/CMBSender.o
                0x00005610                _ZN9CMBSender30StartMODBUSVariableTransactionEjh
 .text._ZN9CMBSender18ProcessTransactionEPhj
                0x0000561c       0x62 MODBUS/CMBSender.o
                0x0000561c                _ZN9CMBSender18ProcessTransactionEPhj
 .text._ZN9CMBSender21OnTransactionCallbackEPhj
                0x0000567e        0x6 MODBUS/CMBSender.o
                0x0000567e                _ZN9CMBSender21OnTransactionCallbackEPhj
 .text._ZN10CDGUSUSART10InitializeE13BAUDRATE_ENUM11PARITY_ENUM12STOBITS_ENUMb
                0x00005684       0x76 Periphery/CDGUSUSART.o
                0x00005684                _ZN10CDGUSUSART10InitializeE13BAUDRATE_ENUM11PARITY_ENUM12STOBITS_ENUMb
 .text._ZN10CDGUSUSART15GetReceivedByteEv
                0x000056fa        0x6 Periphery/CDGUSUSART.o
                0x000056fa                _ZN10CDGUSUSART15GetReceivedByteEv
 .text._ZN10CDGUSUSART19SetTransmittingByteEh
                0x00005700        0x6 Periphery/CDGUSUSART.o
                0x00005700                _ZN10CDGUSUSART19SetTransmittingByteEh
 .text._ZN10CDGUSUSART14IsTransmittingEv
                0x00005706       0x10 Periphery/CDGUSUSART.o
                0x00005706                _ZN10CDGUSUSART14IsTransmittingEv
 .text._ZN10CDGUSUSART11IsReceivingEv
                0x00005716        0xe Periphery/CDGUSUSART.o
                0x00005716                _ZN10CDGUSUSART11IsReceivingEv
 .text._ZN10CDGUSUSART11IsDataEmptyEv
                0x00005724       0x10 Periphery/CDGUSUSART.o
                0x00005724                _ZN10CDGUSUSART11IsDataEmptyEv
 .text._ZN10CDGUSUSART25SetRxInterruptionCallbackEPvPFvS0_E
                0x00005734       0x12 Periphery/CDGUSUSART.o
                0x00005734                _ZN10CDGUSUSART25SetRxInterruptionCallbackEPvPFvS0_E
 .text._ZN10CDGUSUSART25SetTxInterruptionCallbackEPvPFvS0_E
                0x00005746       0x12 Periphery/CDGUSUSART.o
                0x00005746                _ZN10CDGUSUSART25SetTxInterruptionCallbackEPvPFvS0_E
 .text._ZN10CDGUSUSART12SetDMARxTrigEP13DMA_CH_struct
                0x00005758       0x12 Periphery/CDGUSUSART.o
                0x00005758                _ZN10CDGUSUSART12SetDMARxTrigEP13DMA_CH_struct
 .text._ZN10CDGUSUSART12SetDMATxTrigEP13DMA_CH_struct
                0x0000576a       0x12 Periphery/CDGUSUSART.o
                0x0000576a                _ZN10CDGUSUSART12SetDMATxTrigEP13DMA_CH_struct
 .text._ZN10CDGUSUSARTC2Ev
                0x0000577c       0x18 Periphery/CDGUSUSART.o
                0x0000577c                _ZN10CDGUSUSARTC1Ev
                0x0000577c                _ZN10CDGUSUSARTC2Ev
 .text._ZN10CDGUSUSARTD2Ev
                0x00005794       0x10 Periphery/CDGUSUSART.o
                0x00005794                _ZN10CDGUSUSARTD2Ev
                0x00005794                _ZN10CDGUSUSARTD1Ev
 .text._Z18onewire_crc_updatehh
                0x000057a4       0x1c Periphery/CDS18B20.o
                0x000057a4                _Z18onewire_crc_updatehh
 .text._ZN8CDS18B20C2Ev
                0x000057c0        0x2 Periphery/CDS18B20.o
                0x000057c0                _ZN8CDS18B20C2Ev
                0x000057c0                _ZN8CDS18B20C1Ev
 .text._ZN8CDS18B20D2Ev
                0x000057c2        0x2 Periphery/CDS18B20.o
                0x000057c2                _ZN8CDS18B20D1Ev
                0x000057c2                _ZN8CDS18B20D2Ev
 .text._ZN8CDS18B207w1_findEv
                0x000057c4       0x3a Periphery/CDS18B20.o
                0x000057c4                _ZN8CDS18B207w1_findEv
 .text._ZN8CDS18B2010w1_sendcmdEh
                0x000057fe       0x6e Periphery/CDS18B20.o
                0x000057fe                _ZN8CDS18B2010w1_sendcmdEh
 .text._ZN8CDS18B2015w1_receive_byteEv
                0x0000586c       0x66 Periphery/CDS18B20.o
                0x0000586c                _ZN8CDS18B2015w1_receive_byteEv
 .text._ZN8CDS18B2010temp_18b20Ev
                0x000058d2       0xee Periphery/CDS18B20.o
                0x000058d2                _ZN8CDS18B2010temp_18b20Ev
 .text._ZN8CDS18B2010InitializeEv
                0x000059c0       0x1e Periphery/CDS18B20.o
                0x000059c0                _ZN8CDS18B2010InitializeEv
 .text._ZN11CLaserBoardC2Ev
                0x000059de        0x2 Periphery/CLaserBoard.o
                0x000059de                _ZN11CLaserBoardC1Ev
                0x000059de                _ZN11CLaserBoardC2Ev
 .text._ZN11CLaserBoardD2Ev
                0x000059e0        0x2 Periphery/CLaserBoard.o
                0x000059e0                _ZN11CLaserBoardD2Ev
                0x000059e0                _ZN11CLaserBoardD1Ev
 .text._ZN11CLaserBoard12InitializeIOEv
                0x000059e2       0xc0 Periphery/CLaserBoard.o
                0x000059e2                _ZN11CLaserBoard12InitializeIOEv
 .text._ZN11CLaserBoard15InitializeClockEv
                0x00005aa2       0x6a Periphery/CLaserBoard.o
                0x00005aa2                _ZN11CLaserBoard15InitializeClockEv
 .text._ZN11CLaserBoard5PWMOnEv
                0x00005b0c        0x8 Periphery/CLaserBoard.o
                0x00005b0c                _ZN11CLaserBoard5PWMOnEv
 .text._ZN11CLaserBoard6PWMOffEv
                0x00005b14        0x8 Periphery/CLaserBoard.o
                0x00005b14                _ZN11CLaserBoard6PWMOffEv
 .text._ZN11CLaserBoard5REDOnEv
                0x00005b1c        0x8 Periphery/CLaserBoard.o
                0x00005b1c                _ZN11CLaserBoard5REDOnEv
 .text._ZN11CLaserBoard5GRNOnEv
                0x00005b24        0x8 Periphery/CLaserBoard.o
                0x00005b24                _ZN11CLaserBoard5GRNOnEv
 .text._ZN11CLaserBoard5BLUOnEv
                0x00005b2c        0x8 Periphery/CLaserBoard.o
                0x00005b2c                _ZN11CLaserBoard5BLUOnEv
 .text._ZN11CLaserBoard8Relay1OnEv
                0x00005b34        0x8 Periphery/CLaserBoard.o
                0x00005b34                _ZN11CLaserBoard8Relay1OnEv
 .text._ZN11CLaserBoard8Relay2OnEv
                0x00005b3c        0x8 Periphery/CLaserBoard.o
                0x00005b3c                _ZN11CLaserBoard8Relay2OnEv
 .text._ZN11CLaserBoard9Relay2OffEv
                0x00005b44        0x8 Periphery/CLaserBoard.o
                0x00005b44                _ZN11CLaserBoard9Relay2OffEv
 .text._ZN11CLaserBoard12LaserPowerOnEv
                0x00005b4c        0x8 Periphery/CLaserBoard.o
                0x00005b4c                _ZN11CLaserBoard12LaserPowerOnEv
 .text._ZN11CLaserBoard13LaserPowerOffEv
                0x00005b54        0x8 Periphery/CLaserBoard.o
                0x00005b54                _ZN11CLaserBoard13LaserPowerOffEv
 .text._ZN11CLaserBoard4BeepEv
                0x00005b5c       0x30 Periphery/CLaserBoard.o
                0x00005b5c                _ZN11CLaserBoard4BeepEv
 .text._ZN11CLaserBoard14BeepClassErrorEv
                0x00005b8c       0x54 Periphery/CLaserBoard.o
                0x00005b8c                _ZN11CLaserBoard14BeepClassErrorEv
 .text._ZN11CLaserBoard9PortCheckEv
                0x00005be0        0xa Periphery/CLaserBoard.o
                0x00005be0                _ZN11CLaserBoard9PortCheckEv
 .text._ZN11CLaserBoard10FootswitchEv
                0x00005bea        0x8 Periphery/CLaserBoard.o
                0x00005bea                _ZN11CLaserBoard10FootswitchEv
 .text._ZN12CSoundPlayerC2Ev
                0x00005bf2        0x2 Periphery/CSoundPlayer.o
                0x00005bf2                _ZN12CSoundPlayerC2Ev
                0x00005bf2                _ZN12CSoundPlayerC1Ev
 .text._ZN12CSoundPlayerD2Ev
                0x00005bf4        0x2 Periphery/CSoundPlayer.o
                0x00005bf4                _ZN12CSoundPlayerD1Ev
                0x00005bf4                _ZN12CSoundPlayerD2Ev
 .text._ZN12CSoundPlayer19InitializeToneTimerEv
                0x00005bf6       0x22 Periphery/CSoundPlayer.o
                0x00005bf6                _ZN12CSoundPlayer19InitializeToneTimerEv
 .text._ZN12CSoundPlayer23InitializeDurationTimerEv
                0x00005c18       0x18 Periphery/CSoundPlayer.o
                0x00005c18                _ZN12CSoundPlayer23InitializeDurationTimerEv
 .text._ZN12CSoundPlayer10SoundStartEjjh
                0x00005c30       0x68 Periphery/CSoundPlayer.o
                0x00005c30                _ZN12CSoundPlayer10SoundStartEjjh
 .text._ZN12CSoundPlayer9SoundStopEv
                0x00005c98       0x3c Periphery/CSoundPlayer.o
                0x00005c98                _ZN12CSoundPlayer9SoundStopEv
 .text._ZN12CSoundPlayer10InitializeEv
                0x00005cd4       0x16 Periphery/CSoundPlayer.o
                0x00005cd4                _ZN12CSoundPlayer10InitializeEv
 .text._ZN7CTimerC10InitializeE27TIMER_WAVEFORMGEN_MODE_ENUM22TIMER_CLOCKSELECT_ENUM
                0x00005cea       0x36 Periphery/CTimerC.o
                0x00005cea                _ZN7CTimerC10InitializeE27TIMER_WAVEFORMGEN_MODE_ENUM22TIMER_CLOCKSELECT_ENUM
 .text._ZN7CTimerC5StartEj
                0x00005d20       0x1a Periphery/CTimerC.o
                0x00005d20                _ZN7CTimerC5StartEj
 .text._ZN7CTimerC4StopEv
                0x00005d3a       0x10 Periphery/CTimerC.o
                0x00005d3a                _ZN7CTimerC4StopEv
 .text._ZN7CTimerC13EnableChannelE19TIMER_CHANNELS_ENUM
                0x00005d4a        0xe Periphery/CTimerC.o
                0x00005d4a                _ZN7CTimerC13EnableChannelE19TIMER_CHANNELS_ENUM
 .text._ZN7CTimerC14DisableChannelE19TIMER_CHANNELS_ENUM
                0x00005d58        0xe Periphery/CTimerC.o
                0x00005d58                _ZN7CTimerC14DisableChannelE19TIMER_CHANNELS_ENUM
 .text._ZN7CTimerC9SetPeriodEj
                0x00005d66        0xa Periphery/CTimerC.o
                0x00005d66                _ZN7CTimerC9SetPeriodEj
 .text._ZN7CTimerC8SetCOMPAEj
                0x00005d70        0xa Periphery/CTimerC.o
                0x00005d70                _ZN7CTimerC8SetCOMPAEj
 .text._ZN7CTimerC8SetCOMPBEj
                0x00005d7a        0xa Periphery/CTimerC.o
                0x00005d7a                _ZN7CTimerC8SetCOMPBEj
 .text._ZN7CTimerC8SetCOMPCEj
                0x00005d84        0xa Periphery/CTimerC.o
                0x00005d84                _ZN7CTimerC8SetCOMPCEj
 .text._ZN7CTimerC8SetCOMPDEj
                0x00005d8e        0xa Periphery/CTimerC.o
                0x00005d8e                _ZN7CTimerC8SetCOMPDEj
 .text._ZN7CTimerC14SetOVFCallbackEPFvPvES0_17TC_OVFINTLVL_enum
                0x00005d98       0x22 Periphery/CTimerC.o
                0x00005d98                _ZN7CTimerC14SetOVFCallbackEPFvPvES0_17TC_OVFINTLVL_enum
 .text._ZN7CTimerC14SetERRCallbackEPFvPvES0_17TC_ERRINTLVL_enum
                0x00005dba       0x22 Periphery/CTimerC.o
                0x00005dba                _ZN7CTimerC14SetERRCallbackEPFvPvES0_17TC_ERRINTLVL_enum
 .text._ZN7CTimerC16SetCOMPACallbackEPFvPvES0_17TC_CCAINTLVL_enum
                0x00005ddc       0x22 Periphery/CTimerC.o
                0x00005ddc                _ZN7CTimerC16SetCOMPACallbackEPFvPvES0_17TC_CCAINTLVL_enum
 .text._ZN7CTimerC16SetCOMPBCallbackEPFvPvES0_17TC_CCBINTLVL_enum
                0x00005dfe       0x22 Periphery/CTimerC.o
                0x00005dfe                _ZN7CTimerC16SetCOMPBCallbackEPFvPvES0_17TC_CCBINTLVL_enum
 .text._ZN7CTimerC16SetCOMPCCallbackEPFvPvES0_17TC_CCCINTLVL_enum
                0x00005e20       0x22 Periphery/CTimerC.o
                0x00005e20                _ZN7CTimerC16SetCOMPCCallbackEPFvPvES0_17TC_CCCINTLVL_enum
 .text._ZN7CTimerC16SetCOMPDCallbackEPFvPvES0_17TC_CCDINTLVL_enum
                0x00005e42       0x22 Periphery/CTimerC.o
                0x00005e42                _ZN7CTimerC16SetCOMPDCallbackEPFvPvES0_17TC_CCDINTLVL_enum
 .text._ZN7CTimerCC2Ev
                0x00005e64       0x18 Periphery/CTimerC.o
                0x00005e64                _ZN7CTimerCC1Ev
                0x00005e64                _ZN7CTimerCC2Ev
 .text._ZN7CTimerCD2Ev
                0x00005e7c       0x10 Periphery/CTimerC.o
                0x00005e7c                _ZN7CTimerCD1Ev
                0x00005e7c                _ZN7CTimerCD2Ev
 .text._ZN8CTimerC110InitializeE27TIMER_WAVEFORMGEN_MODE_ENUM22TIMER_CLOCKSELECT_ENUM
                0x00005e8c       0x2e Periphery/CTimerC1.o
                0x00005e8c                _ZN8CTimerC110InitializeE27TIMER_WAVEFORMGEN_MODE_ENUM22TIMER_CLOCKSELECT_ENUM
 .text._ZN8CTimerC15StartEj
                0x00005eba       0x1a Periphery/CTimerC1.o
                0x00005eba                _ZN8CTimerC15StartEj
 .text._ZN8CTimerC14StopEv
                0x00005ed4       0x10 Periphery/CTimerC1.o
                0x00005ed4                _ZN8CTimerC14StopEv
 .text._ZN8CTimerC15ResetEv
                0x00005ee4       0x14 Periphery/CTimerC1.o
                0x00005ee4                _ZN8CTimerC15ResetEv
 .text._ZN8CTimerC113EnableChannelE19TIMER_CHANNELS_ENUM
                0x00005ef8        0xe Periphery/CTimerC1.o
                0x00005ef8                _ZN8CTimerC113EnableChannelE19TIMER_CHANNELS_ENUM
 .text._ZN8CTimerC114DisableChannelE19TIMER_CHANNELS_ENUM
                0x00005f06        0xe Periphery/CTimerC1.o
                0x00005f06                _ZN8CTimerC114DisableChannelE19TIMER_CHANNELS_ENUM
 .text._ZN8CTimerC19SetPeriodEj
                0x00005f14        0xa Periphery/CTimerC1.o
                0x00005f14                _ZN8CTimerC19SetPeriodEj
 .text._ZN8CTimerC18SetCOMPAEj
                0x00005f1e        0xa Periphery/CTimerC1.o
                0x00005f1e                _ZN8CTimerC18SetCOMPAEj
 .text._ZN8CTimerC18SetCOMPBEj
                0x00005f28        0xa Periphery/CTimerC1.o
                0x00005f28                _ZN8CTimerC18SetCOMPBEj
 .text._ZN8CTimerC114SetOVFCallbackEPFvPvES0_17TC_OVFINTLVL_enum
                0x00005f32       0x24 Periphery/CTimerC1.o
                0x00005f32                _ZN8CTimerC114SetOVFCallbackEPFvPvES0_17TC_OVFINTLVL_enum
 .text._ZN8CTimerC114SetERRCallbackEPFvPvES0_17TC_ERRINTLVL_enum
                0x00005f56       0x24 Periphery/CTimerC1.o
                0x00005f56                _ZN8CTimerC114SetERRCallbackEPFvPvES0_17TC_ERRINTLVL_enum
 .text._ZN8CTimerC116SetCOMPACallbackEPFvPvES0_17TC_CCAINTLVL_enum
                0x00005f7a       0x24 Periphery/CTimerC1.o
                0x00005f7a                _ZN8CTimerC116SetCOMPACallbackEPFvPvES0_17TC_CCAINTLVL_enum
 .text._ZN8CTimerC116SetCOMPBCallbackEPFvPvES0_17TC_CCBINTLVL_enum
                0x00005f9e       0x24 Periphery/CTimerC1.o
                0x00005f9e                _ZN8CTimerC116SetCOMPBCallbackEPFvPvES0_17TC_CCBINTLVL_enum
 .text._ZN8CTimerC1C2Ev
                0x00005fc2       0x18 Periphery/CTimerC1.o
                0x00005fc2                _ZN8CTimerC1C2Ev
                0x00005fc2                _ZN8CTimerC1C1Ev
 .text._ZN8CTimerC1D2Ev
                0x00005fda       0x10 Periphery/CTimerC1.o
                0x00005fda                _ZN8CTimerC1D2Ev
                0x00005fda                _ZN8CTimerC1D1Ev
 .text._ZN7CTimerD10InitializeE27TIMER_WAVEFORMGEN_MODE_ENUM22TIMER_CLOCKSELECT_ENUM
                0x00005fea       0x36 Periphery/CTimerD.o
                0x00005fea                _ZN7CTimerD10InitializeE27TIMER_WAVEFORMGEN_MODE_ENUM22TIMER_CLOCKSELECT_ENUM
 .text._ZN7CTimerD5StartEj
                0x00006020       0x1a Periphery/CTimerD.o
                0x00006020                _ZN7CTimerD5StartEj
 .text._ZN7CTimerD4StopEv
                0x0000603a       0x10 Periphery/CTimerD.o
                0x0000603a                _ZN7CTimerD4StopEv
 .text._ZN7CTimerD13EnableChannelE19TIMER_CHANNELS_ENUM
                0x0000604a        0xe Periphery/CTimerD.o
                0x0000604a                _ZN7CTimerD13EnableChannelE19TIMER_CHANNELS_ENUM
 .text._ZN7CTimerD14DisableChannelE19TIMER_CHANNELS_ENUM
                0x00006058        0xe Periphery/CTimerD.o
                0x00006058                _ZN7CTimerD14DisableChannelE19TIMER_CHANNELS_ENUM
 .text._ZN7CTimerD9SetPeriodEj
                0x00006066        0xa Periphery/CTimerD.o
                0x00006066                _ZN7CTimerD9SetPeriodEj
 .text._ZN7CTimerD8SetCOMPAEj
                0x00006070        0xa Periphery/CTimerD.o
                0x00006070                _ZN7CTimerD8SetCOMPAEj
 .text._ZN7CTimerD8SetCOMPBEj
                0x0000607a        0xa Periphery/CTimerD.o
                0x0000607a                _ZN7CTimerD8SetCOMPBEj
 .text._ZN7CTimerD8SetCOMPCEj
                0x00006084        0xa Periphery/CTimerD.o
                0x00006084                _ZN7CTimerD8SetCOMPCEj
 .text._ZN7CTimerD8SetCOMPDEj
                0x0000608e        0xa Periphery/CTimerD.o
                0x0000608e                _ZN7CTimerD8SetCOMPDEj
 .text._ZN7CTimerD14SetOVFCallbackEPFvPvES0_17TC_OVFINTLVL_enum
                0x00006098       0x22 Periphery/CTimerD.o
                0x00006098                _ZN7CTimerD14SetOVFCallbackEPFvPvES0_17TC_OVFINTLVL_enum
 .text._ZN7CTimerD14SetERRCallbackEPFvPvES0_17TC_ERRINTLVL_enum
                0x000060ba       0x22 Periphery/CTimerD.o
                0x000060ba                _ZN7CTimerD14SetERRCallbackEPFvPvES0_17TC_ERRINTLVL_enum
 .text._ZN7CTimerD16SetCOMPACallbackEPFvPvES0_17TC_CCAINTLVL_enum
                0x000060dc       0x22 Periphery/CTimerD.o
                0x000060dc                _ZN7CTimerD16SetCOMPACallbackEPFvPvES0_17TC_CCAINTLVL_enum
 .text._ZN7CTimerD16SetCOMPBCallbackEPFvPvES0_17TC_CCBINTLVL_enum
                0x000060fe       0x22 Periphery/CTimerD.o
                0x000060fe                _ZN7CTimerD16SetCOMPBCallbackEPFvPvES0_17TC_CCBINTLVL_enum
 .text._ZN7CTimerD16SetCOMPCCallbackEPFvPvES0_17TC_CCCINTLVL_enum
                0x00006120       0x22 Periphery/CTimerD.o
                0x00006120                _ZN7CTimerD16SetCOMPCCallbackEPFvPvES0_17TC_CCCINTLVL_enum
 .text._ZN7CTimerD16SetCOMPDCallbackEPFvPvES0_17TC_CCDINTLVL_enum
                0x00006142       0x22 Periphery/CTimerD.o
                0x00006142                _ZN7CTimerD16SetCOMPDCallbackEPFvPvES0_17TC_CCDINTLVL_enum
 .text._ZN7CTimerDC2Ev
                0x00006164       0x18 Periphery/CTimerD.o
                0x00006164                _ZN7CTimerDC1Ev
                0x00006164                _ZN7CTimerDC2Ev
 .text._ZN7CTimerDD2Ev
                0x0000617c       0x10 Periphery/CTimerD.o
                0x0000617c                _ZN7CTimerDD2Ev
                0x0000617c                _ZN7CTimerDD1Ev
 .text._ZN8CTimerD110InitializeE27TIMER_WAVEFORMGEN_MODE_ENUM22TIMER_CLOCKSELECT_ENUM
                0x0000618c       0x2e Periphery/CTimerD1.o
                0x0000618c                _ZN8CTimerD110InitializeE27TIMER_WAVEFORMGEN_MODE_ENUM22TIMER_CLOCKSELECT_ENUM
 .text._ZN8CTimerD15StartEj
                0x000061ba       0x1a Periphery/CTimerD1.o
                0x000061ba                _ZN8CTimerD15StartEj
 .text._ZN8CTimerD14StopEv
                0x000061d4       0x10 Periphery/CTimerD1.o
                0x000061d4                _ZN8CTimerD14StopEv
 .text._ZN8CTimerD15ResetEv
                0x000061e4       0x14 Periphery/CTimerD1.o
                0x000061e4                _ZN8CTimerD15ResetEv
 .text._ZN8CTimerD113EnableChannelE19TIMER_CHANNELS_ENUM
                0x000061f8        0xe Periphery/CTimerD1.o
                0x000061f8                _ZN8CTimerD113EnableChannelE19TIMER_CHANNELS_ENUM
 .text._ZN8CTimerD114DisableChannelE19TIMER_CHANNELS_ENUM
                0x00006206        0xe Periphery/CTimerD1.o
                0x00006206                _ZN8CTimerD114DisableChannelE19TIMER_CHANNELS_ENUM
 .text._ZN8CTimerD19SetPeriodEj
                0x00006214        0xa Periphery/CTimerD1.o
                0x00006214                _ZN8CTimerD19SetPeriodEj
 .text._ZN8CTimerD18SetCOMPAEj
                0x0000621e        0xa Periphery/CTimerD1.o
                0x0000621e                _ZN8CTimerD18SetCOMPAEj
 .text._ZN8CTimerD18SetCOMPBEj
                0x00006228        0xa Periphery/CTimerD1.o
                0x00006228                _ZN8CTimerD18SetCOMPBEj
 .text._ZN8CTimerD114SetOVFCallbackEPFvPvES0_17TC_OVFINTLVL_enum
                0x00006232       0x22 Periphery/CTimerD1.o
                0x00006232                _ZN8CTimerD114SetOVFCallbackEPFvPvES0_17TC_OVFINTLVL_enum
 .text._ZN8CTimerD114SetERRCallbackEPFvPvES0_17TC_ERRINTLVL_enum
                0x00006254       0x22 Periphery/CTimerD1.o
                0x00006254                _ZN8CTimerD114SetERRCallbackEPFvPvES0_17TC_ERRINTLVL_enum
 .text._ZN8CTimerD116SetCOMPACallbackEPFvPvES0_17TC_CCAINTLVL_enum
                0x00006276       0x22 Periphery/CTimerD1.o
                0x00006276                _ZN8CTimerD116SetCOMPACallbackEPFvPvES0_17TC_CCAINTLVL_enum
 .text._ZN8CTimerD116SetCOMPBCallbackEPFvPvES0_17TC_CCBINTLVL_enum
                0x00006298       0x22 Periphery/CTimerD1.o
                0x00006298                _ZN8CTimerD116SetCOMPBCallbackEPFvPvES0_17TC_CCBINTLVL_enum
 .text._ZN8CTimerD1C2Ev
                0x000062ba       0x18 Periphery/CTimerD1.o
                0x000062ba                _ZN8CTimerD1C2Ev
                0x000062ba                _ZN8CTimerD1C1Ev
 .text._ZN8CTimerD1D2Ev
                0x000062d2       0x10 Periphery/CTimerD1.o
                0x000062d2                _ZN8CTimerD1D2Ev
                0x000062d2                _ZN8CTimerD1D1Ev
 .text._ZN7CTimerF10InitializeE27TIMER_WAVEFORMGEN_MODE_ENUM22TIMER_CLOCKSELECT_ENUM
                0x000062e2       0x36 Periphery/CTimerF.o
                0x000062e2                _ZN7CTimerF10InitializeE27TIMER_WAVEFORMGEN_MODE_ENUM22TIMER_CLOCKSELECT_ENUM
 .text._ZN7CTimerF5StartEj
                0x00006318       0x1a Periphery/CTimerF.o
                0x00006318                _ZN7CTimerF5StartEj
 .text._ZN7CTimerF4StopEv
                0x00006332       0x10 Periphery/CTimerF.o
                0x00006332                _ZN7CTimerF4StopEv
 .text._ZN7CTimerF13EnableChannelE19TIMER_CHANNELS_ENUM
                0x00006342        0xc Periphery/CTimerF.o
                0x00006342                _ZN7CTimerF13EnableChannelE19TIMER_CHANNELS_ENUM
 .text._ZN7CTimerF14DisableChannelE19TIMER_CHANNELS_ENUM
                0x0000634e        0xe Periphery/CTimerF.o
                0x0000634e                _ZN7CTimerF14DisableChannelE19TIMER_CHANNELS_ENUM
 .text._ZN7CTimerF10ChannelSetE19TIMER_CHANNELS_ENUM
                0x0000635c       0x10 Periphery/CTimerF.o
                0x0000635c                _ZN7CTimerF10ChannelSetE19TIMER_CHANNELS_ENUM
 .text._ZN7CTimerF12ChannelResetE19TIMER_CHANNELS_ENUM
                0x0000636c       0x12 Periphery/CTimerF.o
                0x0000636c                _ZN7CTimerF12ChannelResetE19TIMER_CHANNELS_ENUM
 .text._ZN7CTimerF9SetPeriodEj
                0x0000637e        0xa Periphery/CTimerF.o
                0x0000637e                _ZN7CTimerF9SetPeriodEj
 .text._ZN7CTimerF8SetCOMPAEj
                0x00006388        0xa Periphery/CTimerF.o
                0x00006388                _ZN7CTimerF8SetCOMPAEj
 .text._ZN7CTimerF8SetCOMPBEj
                0x00006392        0xa Periphery/CTimerF.o
                0x00006392                _ZN7CTimerF8SetCOMPBEj
 .text._ZN7CTimerF8SetCOMPCEj
                0x0000639c        0xa Periphery/CTimerF.o
                0x0000639c                _ZN7CTimerF8SetCOMPCEj
 .text._ZN7CTimerF8SetCOMPDEj
                0x000063a6        0xa Periphery/CTimerF.o
                0x000063a6                _ZN7CTimerF8SetCOMPDEj
 .text._ZN7CTimerF14SetOVFCallbackEPFvPvES0_17TC_OVFINTLVL_enum
                0x000063b0       0x22 Periphery/CTimerF.o
                0x000063b0                _ZN7CTimerF14SetOVFCallbackEPFvPvES0_17TC_OVFINTLVL_enum
 .text._ZN7CTimerF14SetERRCallbackEPFvPvES0_17TC_ERRINTLVL_enum
                0x000063d2       0x22 Periphery/CTimerF.o
                0x000063d2                _ZN7CTimerF14SetERRCallbackEPFvPvES0_17TC_ERRINTLVL_enum
 .text._ZN7CTimerF16SetCOMPACallbackEPFvPvES0_17TC_CCAINTLVL_enum
                0x000063f4       0x22 Periphery/CTimerF.o
                0x000063f4                _ZN7CTimerF16SetCOMPACallbackEPFvPvES0_17TC_CCAINTLVL_enum
 .text._ZN7CTimerF16SetCOMPBCallbackEPFvPvES0_17TC_CCBINTLVL_enum
                0x00006416       0x22 Periphery/CTimerF.o
                0x00006416                _ZN7CTimerF16SetCOMPBCallbackEPFvPvES0_17TC_CCBINTLVL_enum
 .text._ZN7CTimerF16SetCOMPCCallbackEPFvPvES0_17TC_CCCINTLVL_enum
                0x00006438       0x22 Periphery/CTimerF.o
                0x00006438                _ZN7CTimerF16SetCOMPCCallbackEPFvPvES0_17TC_CCCINTLVL_enum
 .text._ZN7CTimerF16SetCOMPDCallbackEPFvPvES0_17TC_CCDINTLVL_enum
                0x0000645a       0x22 Periphery/CTimerF.o
                0x0000645a                _ZN7CTimerF16SetCOMPDCallbackEPFvPvES0_17TC_CCDINTLVL_enum
 .text._ZN7CTimerFC2Ev
                0x0000647c       0x18 Periphery/CTimerF.o
                0x0000647c                _ZN7CTimerFC2Ev
                0x0000647c                _ZN7CTimerFC1Ev
 .text._ZN7CTimerFD2Ev
                0x00006494       0x10 Periphery/CTimerF.o
                0x00006494                _ZN7CTimerFD2Ev
                0x00006494                _ZN7CTimerFD1Ev
 .text.avr-libc.fplib
                0x000064a4        0xe c:/program files (x86)/atmel/studio/7.0/toolchain/avr8/avr8-gnu-toolchain/bin/../lib/gcc/avr/4.9.2/../../../../avr/lib/avrxmega6\libm.a(fixsfsi.o)
                0x000064a4                __fixsfsi
 .text.avr-libc.fplib
                0x000064b2       0x5e c:/program files (x86)/atmel/studio/7.0/toolchain/avr8/avr8-gnu-toolchain/bin/../lib/gcc/avr/4.9.2/../../../../avr/lib/avrxmega6\libm.a(fixunssfsi.o)
                0x000064b2                __fixunssfsi
 .text.avr-libc.fplib
                0x00006510       0x7a c:/program files (x86)/atmel/studio/7.0/toolchain/avr8/avr8-gnu-toolchain/bin/../lib/gcc/avr/4.9.2/../../../../avr/lib/avrxmega6\libm.a(floatsisf.o)
                0x00006510                __floatunsisf
                0x00006514                __floatsisf
 .text.avr-libc.fplib
                0x0000658a       0x44 c:/program files (x86)/atmel/studio/7.0/toolchain/avr8/avr8-gnu-toolchain/bin/../lib/gcc/avr/4.9.2/../../../../avr/lib/avrxmega6\libm.a(fp_split3.o)
                0x0000658a                __fp_split3
                0x0000659a                __fp_splitA
 .text.avr-libc.fplib
                0x000065ce        0xe c:/program files (x86)/atmel/studio/7.0/toolchain/avr8/avr8-gnu-toolchain/bin/../lib/gcc/avr/4.9.2/../../../../avr/lib/avrxmega6\libm.a(fp_zero.o)
                0x000065ce                __fp_zero
                0x000065d0                __fp_szero
 .text.avr-libc.fplib
                0x000065dc        0x8 c:/program files (x86)/atmel/studio/7.0/toolchain/avr8/avr8-gnu-toolchain/bin/../lib/gcc/avr/4.9.2/../../../../avr/lib/avrxmega6\libm.a(mulsf3.o)
                0x000065dc                __mulsf3
 .text.avr-libc.fplib
                0x000065e4       0xd2 c:/program files (x86)/atmel/studio/7.0/toolchain/avr8/avr8-gnu-toolchain/bin/../lib/gcc/avr/4.9.2/../../../../avr/lib/avrxmega6\libm.a(mulsf3x.o)
                0x00006602                __mulsf3x
                0x00006608                __mulsf3_pse
 .text.avr-libc.fplib
                0x000066b6        0xc c:/program files (x86)/atmel/studio/7.0/toolchain/avr8/avr8-gnu-toolchain/bin/../lib/gcc/avr/4.9.2/../../../../avr/lib/avrxmega6\libm.a(fp_inf.o)
                0x000066b6                __fp_inf
 .text.avr-libc.fplib
                0x000066c2        0x6 c:/program files (x86)/atmel/studio/7.0/toolchain/avr8/avr8-gnu-toolchain/bin/../lib/gcc/avr/4.9.2/../../../../avr/lib/avrxmega6\libm.a(fp_nan.o)
                0x000066c2                __fp_nan
 .text.avr-libc.fplib
                0x000066c8        0xe c:/program files (x86)/atmel/studio/7.0/toolchain/avr8/avr8-gnu-toolchain/bin/../lib/gcc/avr/4.9.2/../../../../avr/lib/avrxmega6\libm.a(fp_pscA.o)
                0x000066c8                __fp_pscA
 .text.avr-libc.fplib
                0x000066d6        0xe c:/program files (x86)/atmel/studio/7.0/toolchain/avr8/avr8-gnu-toolchain/bin/../lib/gcc/avr/4.9.2/../../../../avr/lib/avrxmega6\libm.a(fp_pscB.o)
                0x000066d6                __fp_pscB
 .text.avr-libc.fplib
                0x000066e4       0x22 c:/program files (x86)/atmel/studio/7.0/toolchain/avr8/avr8-gnu-toolchain/bin/../lib/gcc/avr/4.9.2/../../../../avr/lib/avrxmega6\libm.a(fp_round.o)
                0x000066e4                __fp_round
 .text.libgcc.mul
                0x00006706       0x20 c:/program files (x86)/atmel/studio/7.0/toolchain/avr8/avr8-gnu-toolchain/bin/../lib/gcc/avr/4.9.2/avrxmega6\libgcc.a(_mulsi3.o)
                0x00006706                __mulsi3
 .text.libgcc.div
                0x00006726       0x28 c:/program files (x86)/atmel/studio/7.0/toolchain/avr8/avr8-gnu-toolchain/bin/../lib/gcc/avr/4.9.2/avrxmega6\libgcc.a(_udivmodhi4.o)
                0x00006726                __udivmodhi4
 .text.libgcc.div
                0x0000674e       0x28 c:/program files (x86)/atmel/studio/7.0/toolchain/avr8/avr8-gnu-toolchain/bin/../lib/gcc/avr/4.9.2/avrxmega6\libgcc.a(_divmodhi4.o)
                0x0000674e                _div
                0x0000674e                __divmodhi4
 .text.libgcc.div
                0x00006776       0x44 c:/program files (x86)/atmel/studio/7.0/toolchain/avr8/avr8-gnu-toolchain/bin/../lib/gcc/avr/4.9.2/avrxmega6\libgcc.a(_udivmodsi4.o)
                0x00006776                __udivmodsi4
 .text.libgcc.div
                0x000067ba       0x2e c:/program files (x86)/atmel/studio/7.0/toolchain/avr8/avr8-gnu-toolchain/bin/../lib/gcc/avr/4.9.2/avrxmega6\libgcc.a(_divmodsi4.o)
                0x000067ba                __divmodsi4
 .text.libgcc.div
                0x000067e8       0x10 c:/program files (x86)/atmel/studio/7.0/toolchain/avr8/avr8-gnu-toolchain/bin/../lib/gcc/avr/4.9.2/avrxmega6\libgcc.a(_negsi2.o)
                0x000067e8                __negsi2
 .text.libgcc   0x000067f8       0x10 c:/program files (x86)/atmel/studio/7.0/toolchain/avr8/avr8-gnu-toolchain/bin/../lib/gcc/avr/4.9.2/avrxmega6\libgcc.a(_tablejump2.o)
                0x000067f8                __tablejump2__
 .text.libgcc.mul
                0x00006808       0x1e c:/program files (x86)/atmel/studio/7.0/toolchain/avr8/avr8-gnu-toolchain/bin/../lib/gcc/avr/4.9.2/avrxmega6\libgcc.a(_umulhisi3.o)
                0x00006808                __umulhisi3
 .text.libgcc.mul
                0x00006826       0x16 c:/program files (x86)/atmel/studio/7.0/toolchain/avr8/avr8-gnu-toolchain/bin/../lib/gcc/avr/4.9.2/avrxmega6\libgcc.a(_muluhisi3.o)
                0x00006826                __muluhisi3
 .text.avr-libc
                0x0000683c      0x25a c:/program files (x86)/atmel/studio/7.0/toolchain/avr8/avr8-gnu-toolchain/bin/../lib/gcc/avr/4.9.2/../../../../avr/lib/avrxmega6\libc.a(malloc.o)
                0x0000683c                malloc
                0x00006966                free
 .text.avr-libc
                0x00006a96       0x12 c:/program files (x86)/atmel/studio/7.0/toolchain/avr8/avr8-gnu-toolchain/bin/../lib/gcc/avr/4.9.2/../../../../avr/lib/avrxmega6\libc.a(memcpy.o)
                0x00006a96                memcpy
 .text.avr-libc
                0x00006aa8        0xe c:/program files (x86)/atmel/studio/7.0/toolchain/avr8/avr8-gnu-toolchain/bin/../lib/gcc/avr/4.9.2/../../../../avr/lib/avrxmega6\libatxmega128a3u.a(eerd_dword.o)
                0x00006aa8                eeprom_read_float
                0x00006aa8                eeprom_read_dword
 .text.avr-libc
                0x00006ab6       0x10 c:/program files (x86)/atmel/studio/7.0/toolchain/avr8/avr8-gnu-toolchain/bin/../lib/gcc/avr/4.9.2/../../../../avr/lib/avrxmega6\libatxmega128a3u.a(eewr_dword.o)
                0x00006ab6                eeprom_write_dword
                0x00006ab6                eeprom_write_float
 .text.avr-libc
                0x00006ac6        0xa c:/program files (x86)/atmel/studio/7.0/toolchain/avr8/avr8-gnu-toolchain/bin/../lib/gcc/avr/4.9.2/../../../../avr/lib/avrxmega6\libatxmega128a3u.a(eewr_word.o)
                0x00006ac6                eeprom_write_word
 .text.avr-libc
                0x00006ad0       0x20 c:/program files (x86)/atmel/studio/7.0/toolchain/avr8/avr8-gnu-toolchain/bin/../lib/gcc/avr/4.9.2/../../../../avr/lib/avrxmega6\libatxmega128a3u.a(eerd_byte.o)
                0x00006ad0                eeprom_read_byte
                0x00006ad8                eeprom_mapen
 .text.avr-libc
                0x00006af0       0x46 c:/program files (x86)/atmel/studio/7.0/toolchain/avr8/avr8-gnu-toolchain/bin/../lib/gcc/avr/4.9.2/../../../../avr/lib/avrxmega6\libatxmega128a3u.a(eewr_byte.o)
                0x00006af0                eeprom_write_byte
                0x00006af2                eeprom_write_r18
                0x00006b36                . = ALIGN (0x2)
 *(.fini9)
 .fini9         0x00006b36        0x0 c:/program files (x86)/atmel/studio/7.0/toolchain/avr8/avr8-gnu-toolchain/bin/../lib/gcc/avr/4.9.2/avrxmega6\libgcc.a(_exit.o)
                0x00006b36                _exit
                0x00006b36                exit
 *(.fini9)
 *(.fini8)
 *(.fini8)
 *(.fini7)
 *(.fini7)
 *(.fini6)
 .fini6         0x00006b36       0x20 c:/program files (x86)/atmel/studio/7.0/toolchain/avr8/avr8-gnu-toolchain/bin/../lib/gcc/avr/4.9.2/avrxmega6\libgcc.a(_dtors.o)
                0x00006b36                __do_global_dtors
 *(.fini6)
 *(.fini5)
 *(.fini5)
 *(.fini4)
 *(.fini4)
 *(.fini3)
 *(.fini3)
 *(.fini2)
 *(.fini2)
 *(.fini1)
 *(.fini1)
 *(.fini0)
 .fini0         0x00006b56        0x4 c:/program files (x86)/atmel/studio/7.0/toolchain/avr8/avr8-gnu-toolchain/bin/../lib/gcc/avr/4.9.2/avrxmega6\libgcc.a(_exit.o)
 *(.fini0)
                0x00006b5a                _etext = .

.data           0x00802000      0x2b0 load address 0x00006b5a
                0x00802000                PROVIDE (__data_start, .)
 *(.data)
 .data          0x00802000        0x6 c:/program files (x86)/atmel/studio/7.0/toolchain/avr8/avr8-gnu-toolchain/bin/../lib/gcc/avr/4.9.2/../../../../avr/lib/avrxmega6\libc.a(malloc.o)
                0x00802000                __malloc_heap_end
                0x00802002                __malloc_heap_start
                0x00802004                __malloc_margin
 *(.data*)
 .data._ZZN16CLaserControlApp7OnTimerEvE7millsec
                0x00802006        0x2 CLaserControlApp.o
 .data.PowerTable
                0x00802008       0xdc CLaserControlApp.o
                0x00802008                PowerTable
 .data.TableNum
                0x008020e4       0x16 CLaserControlApp.o
                0x008020e4                TableNum
 .data.MaxDurationTable
                0x008020fa       0x16 CLaserControlApp.o
                0x008020fa                MaxDurationTable
 .data.MinDurationTable
                0x00802110       0x16 CLaserControlApp.o
                0x00802110                MinDurationTable
 .data.bscale_table
                0x00802126       0x20 Periphery/CDGUSUSART.o
                0x00802126                bscale_table
 .data.bsel_table
                0x00802146       0x20 Periphery/CDGUSUSART.o
                0x00802146                bsel_table
 *(.rodata)
 *(.rodata*)
 .rodata._ZTV16CLaserControlApp
                0x00802166       0x16 CLaserControlApp.o
                0x00802166                _ZTV16CLaserControlApp
 .rodata._ZTV6CTimer
                0x0080217c       0x24 LaserLib/CTimer.o
                0x0080217c                _ZTV6CTimer
 .rodata._ZTV7CTimer1
                0x008021a0       0x1e LaserLib/CTimer1.o
                0x008021a0                _ZTV7CTimer1
 .rodata._ZTV6CUSART
                0x008021be       0x18 LaserLib/CUSART.o
                0x008021be                _ZTV6CUSART
 .rodata._ZTV9CMBSender
                0x008021d6       0x16 MODBUS/CMBSender.o
                0x008021d6                _ZTV9CMBSender
 .rodata._ZTV10CDGUSUSART
                0x008021ec       0x18 Periphery/CDGUSUSART.o
                0x008021ec                _ZTV10CDGUSUSART
 .rodata._ZTV7CTimerC
                0x00802204       0x24 Periphery/CTimerC.o
                0x00802204                _ZTV7CTimerC
 .rodata._ZTV8CTimerC1
                0x00802228       0x1e Periphery/CTimerC1.o
                0x00802228                _ZTV8CTimerC1
 .rodata._ZTV7CTimerD
                0x00802246       0x24 Periphery/CTimerD.o
                0x00802246                _ZTV7CTimerD
 .rodata._ZTV8CTimerD1
                0x0080226a       0x1e Periphery/CTimerD1.o
                0x0080226a                _ZTV8CTimerD1
 .rodata._ZTV7CTimerF
                0x00802288       0x28 Periphery/CTimerF.o
                0x00802288                _ZTV7CTimerF
 *(.gnu.linkonce.d*)
                0x008022b0                . = ALIGN (0x2)
                0x008022b0                _edata = .
                0x008022b0                PROVIDE (__data_end, .)

.bss            0x008022b0      0x2c1
                0x008022b0                PROVIDE (__bss_start, .)
 *(.bss)
 *(.bss*)
 .bss._ZZN16CLaserControlApp6OnINT0EvE9isstarted
                0x008022b0        0x1 CLaserControlApp.o
 .bss.DatabaseStatusRegister
                0x008022b1        0x1 CLaserControlApp.o
                0x008022b1                DatabaseStatusRegister
 .bss.InterruptFuncTable
                0x008022b2       0xf6 LaserLib/intx128.o
                0x008022b2                InterruptFuncTable
 .bss.InterruptSenderTable
                0x008023a8       0xf6 LaserLib/intx128.o
                0x008023a8                InterruptSenderTable
 .bss._ZZ4mainE3prs
                0x0080249e        0x2 main.o
 .bss.temperature
                0x008024a0        0x2 main.o
                0x008024a0                temperature
 .bss.D18B20    0x008024a2        0x4 main.o
                0x008024a2                D18B20
 .bss.App       0x008024a6       0x80 main.o
                0x008024a6                App
 .bss.player    0x00802526        0x1 main.o
                0x00802526                player
 .bss.laserBoard
                0x00802527        0xa main.o
                0x00802527                laserBoard
 .bss.sender    0x00802531       0x1d main.o
                0x00802531                sender
 .bss.Database  0x0080254e        0x8 main.o
                0x0080254e                Database
 .bss.usart     0x00802556        0x2 main.o
                0x00802556                usart
 .bss.pwmtimer  0x00802558        0x3 main.o
                0x00802558                pwmtimer
 .bss.flowtimer
                0x0080255b        0x3 main.o
                0x0080255b                flowtimer
 .bss.laserTimer
                0x0080255e        0x3 main.o
                0x0080255e                laserTimer
 .bss.timeout   0x00802561        0x3 main.o
                0x00802561                timeout
 .bss.timer     0x00802564        0x3 main.o
                0x00802564                timer
 .bss.dacSPI    0x00802567        0x6 main.o
                0x00802567                dacSPI
 *(COMMON)
 COMMON         0x0080256d        0x4 c:/program files (x86)/atmel/studio/7.0/toolchain/avr8/avr8-gnu-toolchain/bin/../lib/gcc/avr/4.9.2/../../../../avr/lib/avrxmega6\libc.a(malloc.o)
                0x0080256d                __brkval
                0x0080256f                __flp
                0x00802571                PROVIDE (__bss_end, .)
                0x00006b5a                __data_load_start = LOADADDR (.data)
                0x00006e0a                __data_load_end = (__data_load_start + SIZEOF (.data))

.noinit         0x00802571        0x0
                [!provide]                PROVIDE (__noinit_start, .)
 *(.noinit*)
                [!provide]                PROVIDE (__noinit_end, .)
                0x00802571                _end = .
                0x00802571                PROVIDE (__heap_start, .)

.eeprom         0x00810000        0x0
 *(.eeprom*)
                0x00810000                __eeprom_end = .

.fuse
 *(.fuse)
 *(.lfuse)
 *(.hfuse)
 *(.efuse)

.lock
 *(.lock*)

.signature
 *(.signature*)

.user_signatures
 *(.user_signatures*)

.stab
 *(.stab)

.stabstr
 *(.stabstr)

.stab.excl
 *(.stab.excl)

.stab.exclstr
 *(.stab.exclstr)

.stab.index
 *(.stab.index)

.stab.indexstr
 *(.stab.indexstr)

.comment        0x00000000       0x30
 *(.comment)
 .comment       0x00000000       0x30 CDGUSDatabase.o
                                 0x31 (size before relaxing)
 .comment       0x00000030       0x31 CLaserControlApp.o
 .comment       0x00000030       0x31 DGUSGUI.o
 .comment       0x00000030       0x31 LaserLib/CSPI.o
 .comment       0x00000030       0x31 LaserLib/CTimer.o
 .comment       0x00000030       0x31 LaserLib/CTimer1.o
 .comment       0x00000030       0x31 LaserLib/CUSART.o
 .comment       0x00000030       0x31 LaserLib/intx128.o
 .comment       0x00000030       0x31 main.o
 .comment       0x00000030       0x31 MODBUS/CMBProtocol.o
 .comment       0x00000030       0x31 MODBUS/CMBSender.o
 .comment       0x00000030       0x31 Periphery/CDGUSUSART.o
 .comment       0x00000030       0x31 Periphery/CDS18B20.o
 .comment       0x00000030       0x31 Periphery/CLaserBoard.o
 .comment       0x00000030       0x31 Periphery/CSoundPlayer.o
 .comment       0x00000030       0x31 Periphery/CTimerC.o
 .comment       0x00000030       0x31 Periphery/CTimerC1.o
 .comment       0x00000030       0x31 Periphery/CTimerD.o
 .comment       0x00000030       0x31 Periphery/CTimerD1.o
 .comment       0x00000030       0x31 Periphery/CTimerF.o
 .comment       0x00000030       0x31 c:/program files (x86)/atmel/studio/7.0/toolchain/avr8/avr8-gnu-toolchain/bin/../lib/gcc/avr/4.9.2/../../../../avr/lib/avrxmega6\libc.a(malloc.o)

.note.gnu.avr.deviceinfo
                0x00000000       0x40
 .note.gnu.avr.deviceinfo
                0x00000000       0x40 c:/program files (x86)/atmel/studio/7.0/toolchain/avr8/avr8-gnu-toolchain/bin/../lib/gcc/avr/4.9.2/../../../../avr/lib/avrxmega6/crtatxmega128a3u.o

.note.gnu.build-id
 *(.note.gnu.build-id)

.debug
 *(.debug)

.line
 *(.line)

.debug_srcinfo
 *(.debug_srcinfo)

.debug_sfnames
 *(.debug_sfnames)

.debug_aranges  0x00000000      0xcb0
 *(.debug_aranges)
 .debug_aranges
                0x00000000       0x70 CDGUSDatabase.o
 .debug_aranges
                0x00000070      0x138 CLaserControlApp.o
 .debug_aranges
                0x000001a8       0x40 DGUSGUI.o
 .debug_aranges
                0x000001e8       0x58 LaserLib/CSPI.o
 .debug_aranges
                0x00000240       0x28 LaserLib/CTimer.o
 .debug_aranges
                0x00000268       0x28 LaserLib/CTimer1.o
 .debug_aranges
                0x00000290       0x28 LaserLib/CUSART.o
 .debug_aranges
                0x000002b8      0x348 LaserLib/intx128.o
 .debug_aranges
                0x00000600       0x40 main.o
 .debug_aranges
                0x00000640       0x58 MODBUS/CMBProtocol.o
 .debug_aranges
                0x00000698       0xf8 MODBUS/CMBSender.o
 .debug_aranges
                0x00000790       0x78 Periphery/CDGUSUSART.o
 .debug_aranges
                0x00000808       0x58 Periphery/CDS18B20.o
 .debug_aranges
                0x00000860       0xc8 Periphery/CLaserBoard.o
 .debug_aranges
                0x00000928       0x60 Periphery/CSoundPlayer.o
 .debug_aranges
                0x00000988       0xa8 Periphery/CTimerC.o
 .debug_aranges
                0x00000a30       0x90 Periphery/CTimerC1.o
 .debug_aranges
                0x00000ac0       0xa8 Periphery/CTimerD.o
 .debug_aranges
                0x00000b68       0x90 Periphery/CTimerD1.o
 .debug_aranges
                0x00000bf8       0xb8 Periphery/CTimerF.o

.debug_pubnames
 *(.debug_pubnames)

.debug_info     0x00000000    0x18328
 *(.debug_info .gnu.linkonce.wi.*)
 .debug_info    0x00000000     0x3409 c:/program files (x86)/atmel/studio/7.0/toolchain/avr8/avr8-gnu-toolchain/bin/../lib/gcc/avr/4.9.2/../../../../avr/lib/avrxmega6/crtatxmega128a3u.o
 .debug_info    0x00003409      0x9f5 CDGUSDatabase.o
 .debug_info    0x00003dfe     0x3ff4 CLaserControlApp.o
 .debug_info    0x00007df2      0x20f DGUSGUI.o
 .debug_info    0x00008001      0x7ee LaserLib/CSPI.o
 .debug_info    0x000087ef      0x6a3 LaserLib/CTimer.o
 .debug_info    0x00008e92      0x5a8 LaserLib/CTimer1.o
 .debug_info    0x0000943a      0x606 LaserLib/CUSART.o
 .debug_info    0x00009a40      0x91e LaserLib/intx128.o
 .debug_info    0x0000a35e     0x2163 main.o
 .debug_info    0x0000c4c1      0x81e MODBUS/CMBProtocol.o
 .debug_info    0x0000ccdf     0x12d1 MODBUS/CMBSender.o
 .debug_info    0x0000dfb0     0x1095 Periphery/CDGUSUSART.o
 .debug_info    0x0000f045      0x95e Periphery/CDS18B20.o
 .debug_info    0x0000f9a3      0xf08 Periphery/CLaserBoard.o
 .debug_info    0x000108ab     0x139d Periphery/CSoundPlayer.o
 .debug_info    0x00011c48     0x15ac Periphery/CTimerC.o
 .debug_info    0x000131f4     0x128d Periphery/CTimerC1.o
 .debug_info    0x00014481     0x15ac Periphery/CTimerD.o
 .debug_info    0x00015a2d     0x128d Periphery/CTimerD1.o
 .debug_info    0x00016cba     0x166e Periphery/CTimerF.o

.debug_abbrev   0x00000000     0x660b
 *(.debug_abbrev)
 .debug_abbrev  0x00000000     0x3148 c:/program files (x86)/atmel/studio/7.0/toolchain/avr8/avr8-gnu-toolchain/bin/../lib/gcc/avr/4.9.2/../../../../avr/lib/avrxmega6/crtatxmega128a3u.o
 .debug_abbrev  0x00003148      0x2ce CDGUSDatabase.o
 .debug_abbrev  0x00003416      0x598 CLaserControlApp.o
 .debug_abbrev  0x000039ae      0x10d DGUSGUI.o
 .debug_abbrev  0x00003abb      0x2a7 LaserLib/CSPI.o
 .debug_abbrev  0x00003d62      0x182 LaserLib/CTimer.o
 .debug_abbrev  0x00003ee4      0x182 LaserLib/CTimer1.o
 .debug_abbrev  0x00004066      0x1ed LaserLib/CUSART.o
 .debug_abbrev  0x00004253       0x83 LaserLib/intx128.o
 .debug_abbrev  0x000042d6      0x3e0 main.o
 .debug_abbrev  0x000046b6      0x2b0 MODBUS/CMBProtocol.o
 .debug_abbrev  0x00004966      0x39b MODBUS/CMBSender.o
 .debug_abbrev  0x00004d01      0x2d9 Periphery/CDGUSUSART.o
 .debug_abbrev  0x00004fda      0x33c Periphery/CDS18B20.o
 .debug_abbrev  0x00005316      0x300 Periphery/CLaserBoard.o
 .debug_abbrev  0x00005616      0x2b9 Periphery/CSoundPlayer.o
 .debug_abbrev  0x000058cf      0x29c Periphery/CTimerC.o
 .debug_abbrev  0x00005b6b      0x2b4 Periphery/CTimerC1.o
 .debug_abbrev  0x00005e1f      0x29c Periphery/CTimerD.o
 .debug_abbrev  0x000060bb      0x2b4 Periphery/CTimerD1.o
 .debug_abbrev  0x0000636f      0x29c Periphery/CTimerF.o

.debug_line     0x00000000     0x5fef
 *(.debug_line .debug_line.* .debug_line_end)
 .debug_line    0x00000000       0x1a c:/program files (x86)/atmel/studio/7.0/toolchain/avr8/avr8-gnu-toolchain/bin/../lib/gcc/avr/4.9.2/../../../../avr/lib/avrxmega6/crtatxmega128a3u.o
 .debug_line    0x0000001a      0x34e CDGUSDatabase.o
 .debug_line    0x00000368     0x1112 CLaserControlApp.o
 .debug_line    0x0000147a      0x11e DGUSGUI.o
 .debug_line    0x00001598      0x2f4 LaserLib/CSPI.o
 .debug_line    0x0000188c      0x153 LaserLib/CTimer.o
 .debug_line    0x000019df      0x155 LaserLib/CTimer1.o
 .debug_line    0x00001b34      0x145 LaserLib/CUSART.o
 .debug_line    0x00001c79     0x100e LaserLib/intx128.o
 .debug_line    0x00002c87      0x50b main.o
 .debug_line    0x00003192      0x490 MODBUS/CMBProtocol.o
 .debug_line    0x00003622      0x78d MODBUS/CMBSender.o
 .debug_line    0x00003daf      0x343 Periphery/CDGUSUSART.o
 .debug_line    0x000040f2      0x403 Periphery/CDS18B20.o
 .debug_line    0x000044f5      0x5a5 Periphery/CLaserBoard.o
 .debug_line    0x00004a9a      0x340 Periphery/CSoundPlayer.o
 .debug_line    0x00004dda      0x3bb Periphery/CTimerC.o
 .debug_line    0x00005195      0x35b Periphery/CTimerC1.o
 .debug_line    0x000054f0      0x3bb Periphery/CTimerD.o
 .debug_line    0x000058ab      0x35b Periphery/CTimerD1.o
 .debug_line    0x00005c06      0x3e9 Periphery/CTimerF.o

.debug_frame    0x00000000     0x39cc
 *(.debug_frame)
 .debug_frame   0x00000000      0x218 CDGUSDatabase.o
 .debug_frame   0x00000218      0x430 CLaserControlApp.o
 .debug_frame   0x00000648       0x8c DGUSGUI.o
 .debug_frame   0x000006d4       0xbc LaserLib/CSPI.o
 .debug_frame   0x00000790       0x34 LaserLib/CTimer.o
 .debug_frame   0x000007c4       0x34 LaserLib/CTimer1.o
 .debug_frame   0x000007f8       0x34 LaserLib/CUSART.o
 .debug_frame   0x0000082c     0x2324 LaserLib/intx128.o
 .debug_frame   0x00002b50       0x94 main.o
 .debug_frame   0x00002be4       0xf8 MODBUS/CMBProtocol.o
 .debug_frame   0x00002cdc      0x2dc MODBUS/CMBSender.o
 .debug_frame   0x00002fb8       0xe8 Periphery/CDGUSUSART.o
 .debug_frame   0x000030a0       0xd4 Periphery/CDS18B20.o
 .debug_frame   0x00003174      0x180 Periphery/CLaserBoard.o
 .debug_frame   0x000032f4       0xd8 Periphery/CSoundPlayer.o
 .debug_frame   0x000033cc      0x140 Periphery/CTimerC.o
 .debug_frame   0x0000350c      0x110 Periphery/CTimerC1.o
 .debug_frame   0x0000361c      0x140 Periphery/CTimerD.o
 .debug_frame   0x0000375c      0x110 Periphery/CTimerD1.o
 .debug_frame   0x0000386c      0x160 Periphery/CTimerF.o

.debug_str      0x00000000     0x9338
 *(.debug_str)
 .debug_str     0x00000000     0x223b c:/program files (x86)/atmel/studio/7.0/toolchain/avr8/avr8-gnu-toolchain/bin/../lib/gcc/avr/4.9.2/../../../../avr/lib/avrxmega6/crtatxmega128a3u.o
 .debug_str     0x0000223b      0x5ef CDGUSDatabase.o
                                0x67e (size before relaxing)
 .debug_str     0x0000282a     0x1ce1 CLaserControlApp.o
                               0x2472 (size before relaxing)
 .debug_str     0x0000450b       0x24 DGUSGUI.o
                                0x258 (size before relaxing)
 .debug_str     0x0000452f      0x1b5 LaserLib/CSPI.o
                                0x720 (size before relaxing)
 .debug_str     0x000046e4      0x4cb LaserLib/CTimer.o
                                0xa4b (size before relaxing)
 .debug_str     0x00004baf      0x269 LaserLib/CTimer1.o
                                0x8c5 (size before relaxing)
 .debug_str     0x00004e18      0x56b LaserLib/CUSART.o
                                0x7bd (size before relaxing)
 .debug_str     0x00005383      0x4e2 LaserLib/intx128.o
                                0x6c8 (size before relaxing)
 .debug_str     0x00005865     0x124f main.o
                               0x261c (size before relaxing)
 .debug_str     0x00006ab4      0x2e0 MODBUS/CMBProtocol.o
                                0x560 (size before relaxing)
 .debug_str     0x00006d94      0x5e7 MODBUS/CMBSender.o
                                0xb4b (size before relaxing)
 .debug_str     0x0000737b      0xcd4 Periphery/CDGUSUSART.o
                               0x1676 (size before relaxing)
 .debug_str     0x0000804f       0x7d Periphery/CDS18B20.o
                                0x517 (size before relaxing)
 .debug_str     0x000080cc      0x5b5 Periphery/CLaserBoard.o
                                0xce6 (size before relaxing)
 .debug_str     0x00008681      0x3a2 Periphery/CSoundPlayer.o
                                0xc2d (size before relaxing)
 .debug_str     0x00008a23      0x263 Periphery/CTimerC.o
                               0x12a2 (size before relaxing)
 .debug_str     0x00008c86      0x1db Periphery/CTimerC1.o
                               0x1151 (size before relaxing)
 .debug_str     0x00008e61      0x109 Periphery/CTimerD.o
                               0x12a2 (size before relaxing)
 .debug_str     0x00008f6a      0x205 Periphery/CTimerD1.o
                               0x1151 (size before relaxing)
 .debug_str     0x0000916f      0x1c9 Periphery/CTimerF.o
                               0x1318 (size before relaxing)

.debug_loc      0x00000000     0xab03
 *(.debug_loc)
 .debug_loc     0x00000000      0x8cf CDGUSDatabase.o
 .debug_loc     0x000008cf     0x1449 CLaserControlApp.o
 .debug_loc     0x00001d18      0x2ad DGUSGUI.o
 .debug_loc     0x00001fc5      0x276 LaserLib/CSPI.o
 .debug_loc     0x0000223b     0x50e2 LaserLib/intx128.o
 .debug_loc     0x0000731d       0xab main.o
 .debug_loc     0x000073c8      0x7ef MODBUS/CMBProtocol.o
 .debug_loc     0x00007bb7      0xf70 MODBUS/CMBSender.o
 .debug_loc     0x00008b27      0x210 Periphery/CDGUSUSART.o
 .debug_loc     0x00008d37      0x49a Periphery/CDS18B20.o
 .debug_loc     0x000091d1      0x532 Periphery/CLaserBoard.o
 .debug_loc     0x00009703      0x344 Periphery/CSoundPlayer.o
 .debug_loc     0x00009a47      0x366 Periphery/CTimerC.o
 .debug_loc     0x00009dad      0x2fe Periphery/CTimerC1.o
 .debug_loc     0x0000a0ab      0x366 Periphery/CTimerD.o
 .debug_loc     0x0000a411      0x2fe Periphery/CTimerD1.o
 .debug_loc     0x0000a70f      0x3f4 Periphery/CTimerF.o

.debug_macinfo
 *(.debug_macinfo)

.debug_weaknames
 *(.debug_weaknames)

.debug_funcnames
 *(.debug_funcnames)

.debug_typenames
 *(.debug_typenames)

.debug_varnames
 *(.debug_varnames)

.debug_pubtypes
 *(.debug_pubtypes)

.debug_ranges   0x00000000      0xbb8
 *(.debug_ranges)
 .debug_ranges  0x00000000       0x60 CDGUSDatabase.o
 .debug_ranges  0x00000060      0x128 CLaserControlApp.o
 .debug_ranges  0x00000188       0x30 DGUSGUI.o
 .debug_ranges  0x000001b8       0x48 LaserLib/CSPI.o
 .debug_ranges  0x00000200       0x18 LaserLib/CTimer.o
 .debug_ranges  0x00000218       0x18 LaserLib/CTimer1.o
 .debug_ranges  0x00000230       0x18 LaserLib/CUSART.o
 .debug_ranges  0x00000248      0x338 LaserLib/intx128.o
 .debug_ranges  0x00000580       0x48 main.o
 .debug_ranges  0x000005c8       0x78 MODBUS/CMBProtocol.o
 .debug_ranges  0x00000640       0xe8 MODBUS/CMBSender.o
 .debug_ranges  0x00000728       0x68 Periphery/CDGUSUSART.o
 .debug_ranges  0x00000790       0x48 Periphery/CDS18B20.o
 .debug_ranges  0x000007d8       0xb8 Periphery/CLaserBoard.o
 .debug_ranges  0x00000890       0x50 Periphery/CSoundPlayer.o
 .debug_ranges  0x000008e0       0x98 Periphery/CTimerC.o
 .debug_ranges  0x00000978       0x80 Periphery/CTimerC1.o
 .debug_ranges  0x000009f8       0x98 Periphery/CTimerD.o
 .debug_ranges  0x00000a90       0x80 Periphery/CTimerD1.o
 .debug_ranges  0x00000b10       0xa8 Periphery/CTimerF.o

.debug_macro
 *(.debug_macro)
OUTPUT(ATxmegaLaserDiode.elf elf32-avr)
LOAD linker stubs
