Archive member included to satisfy reference by file (symbol)

c:/program files (x86)/atmel/studio/7.0/toolchain/avr8/avr8-gnu-toolchain/bin/../lib/gcc/avr/4.9.2/../../../../avr/lib/avrxmega6\libm.a(fixsfsi.o)
                              Periphery/CDS18B20.o (__fixsfsi)
c:/program files (x86)/atmel/studio/7.0/toolchain/avr8/avr8-gnu-toolchain/bin/../lib/gcc/avr/4.9.2/../../../../avr/lib/avrxmega6\libm.a(fixunssfsi.o)
                              c:/program files (x86)/atmel/studio/7.0/toolchain/avr8/avr8-gnu-toolchain/bin/../lib/gcc/avr/4.9.2/../../../../avr/lib/avrxmega6\libm.a(fixsfsi.o) (__fixunssfsi)
c:/program files (x86)/atmel/studio/7.0/toolchain/avr8/avr8-gnu-toolchain/bin/../lib/gcc/avr/4.9.2/../../../../avr/lib/avrxmega6\libm.a(floatsisf.o)
                              Periphery/CDS18B20.o (__floatsisf)
c:/program files (x86)/atmel/studio/7.0/toolchain/avr8/avr8-gnu-toolchain/bin/../lib/gcc/avr/4.9.2/../../../../avr/lib/avrxmega6\libm.a(fp_split3.o)
                              c:/program files (x86)/atmel/studio/7.0/toolchain/avr8/avr8-gnu-toolchain/bin/../lib/gcc/avr/4.9.2/../../../../avr/lib/avrxmega6\libm.a(fixunssfsi.o) (__fp_splitA)
c:/program files (x86)/atmel/studio/7.0/toolchain/avr8/avr8-gnu-toolchain/bin/../lib/gcc/avr/4.9.2/../../../../avr/lib/avrxmega6\libm.a(fp_zero.o)
                              c:/program files (x86)/atmel/studio/7.0/toolchain/avr8/avr8-gnu-toolchain/bin/../lib/gcc/avr/4.9.2/../../../../avr/lib/avrxmega6\libm.a(fixunssfsi.o) (__fp_zero)
c:/program files (x86)/atmel/studio/7.0/toolchain/avr8/avr8-gnu-toolchain/bin/../lib/gcc/avr/4.9.2/../../../../avr/lib/avrxmega6\libm.a(mulsf3.o)
                              Periphery/CDS18B20.o (__mulsf3)
c:/program files (x86)/atmel/studio/7.0/toolchain/avr8/avr8-gnu-toolchain/bin/../lib/gcc/avr/4.9.2/../../../../avr/lib/avrxmega6\libm.a(mulsf3x.o)
                              c:/program files (x86)/atmel/studio/7.0/toolchain/avr8/avr8-gnu-toolchain/bin/../lib/gcc/avr/4.9.2/../../../../avr/lib/avrxmega6\libm.a(mulsf3.o) (__mulsf3x)
c:/program files (x86)/atmel/studio/7.0/toolchain/avr8/avr8-gnu-toolchain/bin/../lib/gcc/avr/4.9.2/../../../../avr/lib/avrxmega6\libm.a(fp_inf.o)
                              c:/program files (x86)/atmel/studio/7.0/toolchain/avr8/avr8-gnu-toolchain/bin/../lib/gcc/avr/4.9.2/../../../../avr/lib/avrxmega6\libm.a(mulsf3x.o) (__fp_inf)
c:/program files (x86)/atmel/studio/7.0/toolchain/avr8/avr8-gnu-toolchain/bin/../lib/gcc/avr/4.9.2/../../../../avr/lib/avrxmega6\libm.a(fp_nan.o)
                              c:/program files (x86)/atmel/studio/7.0/toolchain/avr8/avr8-gnu-toolchain/bin/../lib/gcc/avr/4.9.2/../../../../avr/lib/avrxmega6\libm.a(mulsf3x.o) (__fp_nan)
c:/program files (x86)/atmel/studio/7.0/toolchain/avr8/avr8-gnu-toolchain/bin/../lib/gcc/avr/4.9.2/../../../../avr/lib/avrxmega6\libm.a(fp_pscA.o)
                              c:/program files (x86)/atmel/studio/7.0/toolchain/avr8/avr8-gnu-toolchain/bin/../lib/gcc/avr/4.9.2/../../../../avr/lib/avrxmega6\libm.a(mulsf3x.o) (__fp_pscA)
c:/program files (x86)/atmel/studio/7.0/toolchain/avr8/avr8-gnu-toolchain/bin/../lib/gcc/avr/4.9.2/../../../../avr/lib/avrxmega6\libm.a(fp_pscB.o)
                              c:/program files (x86)/atmel/studio/7.0/toolchain/avr8/avr8-gnu-toolchain/bin/../lib/gcc/avr/4.9.2/../../../../avr/lib/avrxmega6\libm.a(mulsf3x.o) (__fp_pscB)
c:/program files (x86)/atmel/studio/7.0/toolchain/avr8/avr8-gnu-toolchain/bin/../lib/gcc/avr/4.9.2/../../../../avr/lib/avrxmega6\libm.a(fp_round.o)
                              c:/program files (x86)/atmel/studio/7.0/toolchain/avr8/avr8-gnu-toolchain/bin/../lib/gcc/avr/4.9.2/../../../../avr/lib/avrxmega6\libm.a(mulsf3.o) (__fp_round)
c:/program files (x86)/atmel/studio/7.0/toolchain/avr8/avr8-gnu-toolchain/bin/../lib/gcc/avr/4.9.2/avrxmega6\libgcc.a(_mulsi3.o)
                              CLaserControlApp.o (__mulsi3)
c:/program files (x86)/atmel/studio/7.0/toolchain/avr8/avr8-gnu-toolchain/bin/../lib/gcc/avr/4.9.2/avrxmega6\libgcc.a(_udivmodhi4.o)
                              CLaserControlApp.o (__udivmodhi4)
c:/program files (x86)/atmel/studio/7.0/toolchain/avr8/avr8-gnu-toolchain/bin/../lib/gcc/avr/4.9.2/avrxmega6\libgcc.a(_divmodhi4.o)
                              CLaserControlApp.o (__divmodhi4)
c:/program files (x86)/atmel/studio/7.0/toolchain/avr8/avr8-gnu-toolchain/bin/../lib/gcc/avr/4.9.2/avrxmega6\libgcc.a(_udivmodsi4.o)
                              CLaserControlApp.o (__udivmodsi4)
c:/program files (x86)/atmel/studio/7.0/toolchain/avr8/avr8-gnu-toolchain/bin/../lib/gcc/avr/4.9.2/avrxmega6\libgcc.a(_divmodsi4.o)
                              Periphery/CSoundPlayer.o (__divmodsi4)
c:/program files (x86)/atmel/studio/7.0/toolchain/avr8/avr8-gnu-toolchain/bin/../lib/gcc/avr/4.9.2/avrxmega6\libgcc.a(_negsi2.o)
[...]
Memory Configuration

Name             Origin             Length             Attributes
text             0x00000000         0x00100000         xr
data             0x00802000         0x0000ffa0         rw !x
eeprom           0x00810000         0x00010000         rw !x
fuse             0x00820000         0x00000006         rw !x
lock             0x00830000         0x00000400         rw !x
signature        0x00840000         0x00000400         rw !x
user_signatures  0x00850000         0x00000400         rw !x
*default*        0x00000000         0xffffffff

Linker script and memory map

LOAD c:/program files (x86)/atmel/studio/7.0/toolchain/avr8/avr8-gnu-toolchain/bin/../lib/gcc/avr/4.9.2/../../../../avr/lib/avrxmega6/crtatxmega128a3u.o
LOAD CDGUSDatabase.o
LOAD CLaserControlApp.o
LOAD DGUSGUI.o
LOAD LaserLib/CSPI.o
LOAD LaserLib/CTimer.o
LOAD LaserLib/CTimer1.o
LOAD LaserLib/CUSART.o
LOAD LaserLib/intx128.o
LOAD main.o
LOAD MODBUS/CMBProtocol.o
LOAD MODBUS/CMBSender.o
LOAD Periphery/CDGUSUSART.o
LOAD Periphery/CDS18B20.o
LOAD Periphery/CLaserBoard.o
LOAD Periphery/CSoundPlayer.o
LOAD Periphery/CTimerC.o
LOAD Periphery/CTimerC1.o
LOAD Periphery/CTimerD.o
LOAD Periphery/CTimerD1.o
LOAD Periphery/CTimerF.o
START GROUP
LOAD c:/program files (x86)/atmel/studio/7.0/toolchain/avr8/avr8-gnu-toolchain/bin/../lib/gcc/avr/4.9.2/../../../../avr/lib/avrxmega6\libm.a
END GROUP
LOAD c:/program files (x86)/atmel/studio/7.0/toolchain/avr8/avr8-gnu-toolchain/bin/../lib/gcc/avr/4.9.2/avrxmega6\libgcc.a
LOAD c:/program files (x86)/atmel/studio/7.0/toolchain/avr8/avr8-gnu-toolchain/bin/../lib/gcc/avr/4.9.2/../../../../avr/lib/avrxmega6\libm.a
START GROUP
LOAD c:/program files (x86)/atmel/studio/7.0/toolchain/avr8/avr8-gnu-toolchain/bin/../lib/gcc/avr/4.9.2/avrxmega6\libgcc.a
LOAD c:/program files (x86)/atmel/studio/7.0/toolchain/avr8/avr8-gnu-toolchain/bin/../lib/gcc/avr/4.9.2/../../../../avr/lib/avrxmega6\libm.a
LOAD c:/program files (x86)/atmel/studio/7.0/toolchain/avr8/avr8-gnu-toolchain/bin/../lib/gcc/avr/4.9.2/../../../../avr/lib/avrxmega6\libc.a
LOAD c:/program files (x86)/atmel/studio/7.0/toolchain/avr8/avr8-gnu-toolchain/bin/../lib/gcc/avr/4.9.2/../../../../avr/lib/avrxmega6\libatxmega128a3u.a
END GROUP
                0x00100000                __TEXT_REGION_LENGTH__ = DEFINED (__TEXT_REGION_LENGTH__)?__TEXT_REGION_LENGTH__:0x100000
                0x0000ffa0                __DATA_REGION_LENGTH__ = DEFINED (__DATA_REGION_LENGTH__)?__DATA_REGION_LENGTH__:0xffa0
                0x00010000                __EEPROM_REGION_LENGTH__ = DEFINED (__EEPROM_REGION_LENGTH__)?__EEPROM_REGION_LENGTH__:0x10000
                [0x00000006]                __FUSE_REGION_LENGTH__ = DEFINED (__FUSE_REGION_LENGTH__)?__FUSE_REGION_LENGTH__:0x400
                0x00000400                __LOCK_REGION_LENGTH__ = DEFINED (__LOCK_REGION_LENGTH__)?__LOCK_REGION_LENGTH__:0x400
                0x00000400                __SIGNATURE_REGION_LENGTH__ = DEFINED (__SIGNATURE_REGION_LENGTH__)?__SIGNATURE_REGION_LENGTH__:0x400
                0x00000400                __USER_SIGNATURE_REGION_LENGTH__ = DEFINED (__USER_SIGNATURE_REGION_LENGTH__)?__USER_SIGNATURE_REGION_LENGTH__:0x400

.hash
 *(.hash)

.dynsym
 *(.dynsym)

.dynstr
 *(.dynstr)

.gnu.version
 *(.gnu.version)

.gnu.version_d
 *(.gnu.version_d)

.gnu.version_r
 *(.gnu.version_r)

.rel.init
 *(.rel.init)

.rela.init
 *(.rela.init)

.rel.text
 *(.rel.text)
 *(.rel.text.*)
 *(.rel.gnu.linkonce.t*)

.rela.text
 *(.rela.text)
 *(.rela.text.*)
 *(.rela.gnu.linkonce.t*)

.rel.fini
 *(.rel.fini)

.rela.fini
 *(.rela.fini)

.rel.rodata
 *(.rel.rodata)
 *(.rel.rodata.*)
 *(.rel.gnu.linkonce.r*)

.rela.rodata
 *(.rela.rodata)
 *(.rela.rodata.*)
 *(.rela.gnu.linkonce.r*)

.rel.data
 *(.rel.data)
 *(.rel.data.*)
 *(.rel.gnu.linkonce.d*)

.rela.data
 *(.rela.data)
 *(.rela.data.*)
 *(.rela.gnu.linkonce.d*)

.rel.ctors
 *(.rel.ctors)

.rela.ctors
 *(.rela.ctors)

.rel.dtors
 *(.rel.dtors)

.rela.dtors
 *(.rela.dtors)

.rel.got
 *(.rel.got)

.rela.got
 *(.rela.got)

.rel.bss
 *(.rel.bss)

.rela.bss
 *(.rela.bss)

.rel.plt
 *(.rel.plt)

.rela.plt
 *(.rela.plt)

.text           0x00000000     0x68ae
 *(.vectors)
 .vectors       0x00000000      0x1fc c:/program files (x86)/atmel/studio/7.0/toolchain/avr8/avr8-gnu-toolchain/bin/../lib/gcc/avr/4.9.2/../../../../avr/lib/avrxmega6/crtatxmega128a3u.o
                0x00000000                __vector_default
                0x00000000                __vectors
 *(.vectors)
 *(.progmem.gcc*)
 .progmem.gcc_sw_table._ZN16CLaserControlApp18OnRegisterReceivedEhPhh
                0x000001fc       0x60 CLaserControlApp.o
 .progmem.gcc_sw_table._ZN16CLaserControlApp18OnVariableReceivedEjPjj
                0x0000025c       0x24 CLaserControlApp.o
 .progmem.gcc_sw_table._ZN9CMBSender13OnReceiveByteEh
                0x00000280       0x16 MODBUS/CMBSender.o
                0x00000296                . = ALIGN (0x2)
                0x00000296                __trampolines_start = .
 *(.trampolines)
 .trampolines   0x00000296      0x280 linker stubs
 *(.trampolines*)
                0x00000516                __trampolines_end = .
 *(.progmem*)
                0x00000516                . = ALIGN (0x2)
 *(.jumptables)
 *(.jumptables*)
 *(.lowtext)
 *(.lowtext*)
                0x00000516                __ctors_start = .
 *(.ctors)
 .ctors         0x00000516        0x2 main.o
                0x00000518                __ctors_end = .
                0x00000518                __dtors_start = .
 *(.dtors)
 .dtors         0x00000518        0x2 main.o
                0x0000051a                __dtors_end = .
 SORT(*)(.ctors)
 SORT(*)(.dtors)
 *(.init0)
 .init0         0x0000051a        0x0 c:/program files (x86)/atmel/studio/7.0/toolchain/avr8/avr8-gnu-toolchain/bin/../lib/gcc/avr/4.9.2/../../../../avr/lib/avrxmega6/crtatxmega128a3u.o
                0x0000051a                __init
 *(.init0)
 *(.init1)
 *(.init1)
 *(.init2)
 .init2         0x0000051a       0x10 c:/program files (x86)/atmel/studio/7.0/toolchain/avr8/avr8-gnu-toolchain/bin/../lib/gcc/avr/4.9.2/../../../../avr/lib/avrxmega6/crtatxmega128a3u.o
 *(.init2)
 *(.init3)
 *(.init3)
 *(.init4)
 .init4         0x0000052a       0x1a c:/program files (x86)/atmel/studio/7.0/toolchain/avr8/avr8-gnu-toolchain/bin/../lib/gcc/avr/4.9.2/avrxmega6\libgcc.a(_copy_data.o)
                0x0000052a                __do_copy_data
 .init4         0x00000544       0x10 c:/program files (x86)/atmel/studio/7.0/toolchain/avr8/avr8-gnu-toolchain/bin/../lib/gcc/avr/4.9.2/avrxmega6\libgcc.a(_clear_bss.o)
                0x00000544                __do_clear_bss
 *(.init4)
 *(.init5)
 *(.init5)
 *(.init6)
 .init6         0x00000554       0x20 c:/program files (x86)/atmel/studio/7.0/toolchain/avr8/avr8-gnu-toolchain/bin/../lib/gcc/avr/4.9.2/avrxmega6\libgcc.a(_ctors.o)
                0x00000554                __do_global_ctors
 *(.init6)
 *(.init7)
 *(.init7)
 *(.init8)
 *(.init8)
 *(.init9)
 .init9         0x00000574        0x8 c:/program files (x86)/atmel/studio/7.0/toolchain/avr8/avr8-gnu-toolchain/bin/../lib/gcc/avr/4.9.2/../../../../avr/lib/avrxmega6/crtatxmega128a3u.o
 *(.init9)
 *(.text)
 .text          0x0000057c        0x4 c:/program files (x86)/atmel/studio/7.0/toolchain/avr8/avr8-gnu-toolchain/bin/../lib/gcc/avr/4.9.2/../../../../avr/lib/avrxmega6/crtatxmega128a3u.o
                0x0000057c                __vector_75
                0x0000057c                __vector_102
                0x0000057c                __bad_interrupt
                0x0000057c                __vector_122
                0x0000057c                __vector_114
                0x0000057c                __vector_117
                0x0000057c                __vector_107
                0x0000057c                __vector_98
                0x0000057c                __vector_99
                0x0000057c                __vector_125
                0x0000057c                __vector_123
                0x0000057c                __vector_100
                0x0000057c                __vector_101
                0x0000057c                __vector_76
                0x0000057c                __vector_115
                0x0000057c                __vector_95
                0x0000057c                __vector_103
                0x0000057c                __vector_96
                0x0000057c                __vector_106
                0x0000057c                __vector_118
                0x0000057c                __vector_94
                0x0000057c                __vector_126
                0x0000057c                __vector_124
                0x0000057c                __vector_116
                0x0000057c                __vector_97
                0x00000580                . = ALIGN (0x2)
 *(.text.*)
 .text._ZN13CDGUSDatabaseC2Ev
                0x00000580        0x2 CDGUSDatabase.o
                0x00000580                _ZN13CDGUSDatabaseC2Ev
                0x00000580                _ZN13CDGUSDatabaseC1Ev
 .text._ZN13CDGUSDatabaseD2Ev
                0x00000582        0x2 CDGUSDatabase.o
                0x00000582                _ZN13CDGUSDatabaseD2Ev
                0x00000582                _ZN13CDGUSDatabaseD1Ev
 .text._ZN13CDGUSDatabase10InitializeEP9CMBSenderj
                0x00000584       0x18 CDGUSDatabase.o
                0x00000584                _ZN13CDGUSDatabase10InitializeEP9CMBSenderj
 .text._ZN13CDGUSDatabase18MapDatabaseToWriteEjmj
                0x0000059c       0xca CDGUSDatabase.o
                0x0000059c                _ZN13CDGUSDatabase18MapDatabaseToWriteEjmj
 .text._ZN13CDGUSDatabase17MapDatabaseToReadEjmj
                0x00000666       0xca CDGUSDatabase.o
                0x00000666                _ZN13CDGUSDatabase17MapDatabaseToReadEjmj
 .text._ZN13CDGUSDatabase5UnMapEv
                0x00000730       0x3c CDGUSDatabase.o
                0x00000730                _ZN13CDGUSDatabase5UnMapEv
 .text._ZN16CLaserControlApp21OnTransactionCallbackEPhj
                0x0000076c        0x2 CLaserControlApp.o
                0x0000076c                _ZN16CLaserControlApp21OnTransactionCallbackEPhj
 .text._ZN16CLaserControlApp18OnRegisterReceivedEhPhh
                0x0000076e      0x142 CLaserControlApp.o
                0x0000076e                _ZN16CLaserControlApp18OnRegisterReceivedEhPhh
 .text._ZN16CLaserControlApp18OnVariableReceivedEjPjj
                0x000008b0      0x19a CLaserControlApp.o
                0x000008b0                _ZN16CLaserControlApp18OnVariableReceivedEjPjj
 .text._ZN16CLaserControlAppC2Ev
                0x00000a4a        0xc CLaserControlApp.o
                0x00000a4a                _ZN16CLaserControlAppC2Ev
                0x00000a4a                _ZN16CLaserControlAppC1Ev
 .text._ZN16CLaserControlAppD2Ev
                0x00000a56       0x10 CLaserControlApp.o
                0x00000a56                _ZN16CLaserControlAppD2Ev
                0x00000a56                _ZN16CLaserControlAppD1Ev
 .text._ZN16CLaserControlApp22CalculateLaserSettingsEP24DGUS_LASERPROFILE_STRUCT
                0x00000a66      0x14a CLaserControlApp.o
                0x00000a66                _ZN16CLaserControlApp22CalculateLaserSettingsEP24DGUS_LASERPROFILE_STRUCT
 .text._ZN16CLaserControlApp11GetVariableEjj
                0x00000bb0       0x28 CLaserControlApp.o
                0x00000bb0                _ZN16CLaserControlApp11GetVariableEjj
 .text._ZN16CLaserControlApp11SetVariableEjPjj
                0x00000bd8       0x20 CLaserControlApp.o
                0x00000bd8                _ZN16CLaserControlApp11SetVariableEjPjj
 .text._ZN16CLaserControlApp12SetPictureIdEj
                0x00000bf8       0x4c CLaserControlApp.o
                0x00000bf8                _ZN16CLaserControlApp12SetPictureIdEj
 .text._ZN16CLaserControlApp12OnLaserTimerEv
                0x00000c44       0x72 CLaserControlApp.o
                0x00000c44                _ZN16CLaserControlApp12OnLaserTimerEv
 .text._ZN16CLaserControlApp22OnLaserTimerStopStaticEPv
                0x00000cb6        0x6 CLaserControlApp.o
                0x00000cb6                _ZN16CLaserControlApp22OnLaserTimerStopStaticEPv
 .text._ZN16CLaserControlApp13OnPWMTimerOVFEv
                0x00000cbc       0x12 CLaserControlApp.o
                0x00000cbc                _ZN16CLaserControlApp13OnPWMTimerOVFEv
 .text._ZN16CLaserControlApp13OnPWMTimerCMPEv
                0x00000cce       0x12 CLaserControlApp.o
                0x00000cce                _ZN16CLaserControlApp13OnPWMTimerCMPEv
 .text._ZN16CLaserControlApp19OnPWMTimerOVFStaticEPv
                0x00000ce0        0x6 CLaserControlApp.o
                0x00000ce0                _ZN16CLaserControlApp19OnPWMTimerOVFStaticEPv
 .text._ZN16CLaserControlApp19OnPWMTimerCMPStaticEPv
                0x00000ce6        0x6 CLaserControlApp.o
                0x00000ce6                _ZN16CLaserControlApp19OnPWMTimerCMPStaticEPv
 .text._ZN16CLaserControlApp19OnPWMTimerREDStaticEPv
                0x00000cec        0x2 CLaserControlApp.o
                0x00000cec                _ZN16CLaserControlApp19OnPWMTimerREDStaticEPv
 .text._ZN16CLaserControlApp19OnPWMTimerGRNStaticEPv
                0x00000cee        0x2 CLaserControlApp.o
                0x00000cee                _ZN16CLaserControlApp19OnPWMTimerGRNStaticEPv
 .text._ZN16CLaserControlApp19OnPWMTimerBLUStaticEPv
                0x00000cf0        0x2 CLaserControlApp.o
                0x00000cf0                _ZN16CLaserControlApp19OnPWMTimerBLUStaticEPv
 .text._ZN16CLaserControlApp13MelaninPresetEj
                0x00000cf2      0x16c CLaserControlApp.o
                0x00000cf2                _ZN16CLaserControlApp13MelaninPresetEj
 .text._ZN16CLaserControlApp15PhototypePresetEj
                0x00000e5e      0x16e CLaserControlApp.o
                0x00000e5e                _ZN16CLaserControlApp15PhototypePresetEj
 .text._ZN16CLaserControlApp11CheckLimitsERjS0_16APP_PROFILE_ENUM
                0x00000fcc      0x1be CLaserControlApp.o
                0x00000fcc                _ZN16CLaserControlApp11CheckLimitsERjS0_16APP_PROFILE_ENUM
 .text._ZN16CLaserControlApp10InitializeEP9CMBSender
                0x0000118a      0x222 CLaserControlApp.o
                0x0000118a                _ZN16CLaserControlApp10InitializeEP9CMBSender
 .text._ZN16CLaserControlApp5StartEv
                0x000013ac       0x90 CLaserControlApp.o
                0x000013ac                _ZN16CLaserControlApp5StartEv
 .text._ZN16CLaserControlApp3RunEv
                0x0000143c      0x914 CLaserControlApp.o
                0x0000143c                _ZN16CLaserControlApp3RunEv
 .text._ZN16CLaserControlApp16OnLaserTimerStopEv
                0x00001d50       0x26 CLaserControlApp.o
                0x00001d50                _ZN16CLaserControlApp16OnLaserTimerStopEv
 .text._ZN16CLaserControlApp18OnLaserTimerStaticEPv
                0x00001d76        0x6 CLaserControlApp.o
                0x00001d76                _ZN16CLaserControlApp18OnLaserTimerStaticEPv
 .text._ZN16CLaserControlApp7OnTimerEv
                0x00001d7c      0x240 CLaserControlApp.o
                0x00001d7c                _ZN16CLaserControlApp7OnTimerEv
 .text._ZN16CLaserControlApp13OnTimerStaticEPv
                0x00001fbc        0x6 CLaserControlApp.o
                0x00001fbc                _ZN16CLaserControlApp13OnTimerStaticEPv
 .text._ZN16CLaserControlApp6OnINT0Ev
                0x00001fc2      0x144 CLaserControlApp.o
                0x00001fc2                _ZN16CLaserControlApp6OnINT0Ev
 .text._ZN16CLaserControlApp12OnINT0StaticEPv
                0x00002106        0x6 CLaserControlApp.o
                0x00002106                _ZN16CLaserControlApp12OnINT0StaticEPv
 .text._Z11ConvertDataPvS_jj
                0x0000210c       0x58 DGUSGUI.o
                0x0000210c                _Z11ConvertDataPvS_jj
 .text._Z3minjj
                0x00002164        0xa DGUSGUI.o
                0x00002164                _Z3minjj
 .text._Z3maxjj
                0x0000216e        0xa DGUSGUI.o
                0x0000216e                _Z3maxjj
 .text._Z4swapj
                0x00002178        0x8 DGUSGUI.o
                0x00002178                _Z4swapj
 .text._Z6swap32m
                0x00002180        0x8 DGUSGUI.o
                0x00002180                _Z6swap32m
 .text._ZN4CSPIC2Ev
                0x00002188        0x2 LaserLib/CSPI.o
                0x00002188                _ZN4CSPIC2Ev
                0x00002188                _ZN4CSPIC1Ev
 .text._ZN4CSPID2Ev
                0x0000218a        0x2 LaserLib/CSPI.o
                0x0000218a                _ZN4CSPID2Ev
                0x0000218a                _ZN4CSPID1Ev
 .text._ZN4CSPI10InitializeEb19SPI_DATA_ORDER_ENUM13SPI_MODE_ENUMb18SPI_PRESCALER_enum
                0x0000218c       0x82 LaserLib/CSPI.o
                0x0000218c                _ZN4CSPI10InitializeEb19SPI_DATA_ORDER_ENUM13SPI_MODE_ENUMb18SPI_PRESCALER_enum
 .text._ZN4CSPI4SendEPhj
                0x0000220e       0x40 LaserLib/CSPI.o
                0x0000220e                _ZN4CSPI4SendEPhj
 .text._ZN4CSPI10OnTransmitEv
                0x0000224e       0x30 LaserLib/CSPI.o
                0x0000224e                _ZN4CSPI10OnTransmitEv
 .text._ZN4CSPI16StaticOnTransmitEPv
                0x0000227e        0x6 LaserLib/CSPI.o
                0x0000227e                _ZN4CSPI16StaticOnTransmitEPv
 .text._ZN6CTimerC2Ev
                0x00002284        0xc LaserLib/CTimer.o
                0x00002284                _ZN6CTimerC1Ev
                0x00002284                _ZN6CTimerC2Ev
 .text._ZN6CTimerD2Ev
                0x00002290        0x2 LaserLib/CTimer.o
                0x00002290                _ZN6CTimerD1Ev
                0x00002290                _ZN6CTimerD2Ev
 .text._ZN7CTimer1C2Ev
                0x00002292        0xc LaserLib/CTimer1.o
                0x00002292                _ZN7CTimer1C1Ev
                0x00002292                _ZN7CTimer1C2Ev
 .text._ZN7CTimer1D2Ev
                0x0000229e        0x2 LaserLib/CTimer1.o
                0x0000229e                _ZN7CTimer1D1Ev
                0x0000229e                _ZN7CTimer1D2Ev
 .text._ZN6CUSARTC2Ev
                0x000022a0        0xc LaserLib/CUSART.o
                0x000022a0                _ZN6CUSARTC2Ev
                0x000022a0                _ZN6CUSARTC1Ev
 .text._ZN6CUSARTD2Ev
                0x000022ac        0x2 LaserLib/CUSART.o
                0x000022ac                _ZN6CUSARTD1Ev
                0x000022ac                _ZN6CUSARTD2Ev
 .text.__vector_1
                0x000022ae       0x62 LaserLib/intx128.o
                0x000022ae                __vector_1
 .text.__vector_2
                0x00002310       0x62 LaserLib/intx128.o
                0x00002310                __vector_2
 .text.__vector_3
                0x00002372       0x62 LaserLib/intx128.o
                0x00002372                __vector_3
 .text.__vector_4
                0x000023d4       0x62 LaserLib/intx128.o
                0x000023d4                __vector_4
 .text.__vector_5
                0x00002436       0x62 LaserLib/intx128.o
                0x00002436                __vector_5
 .text.__vector_6
                0x00002498       0x62 LaserLib/intx128.o
                0x00002498                __vector_6
 .text.__vector_7
                0x000024fa       0x62 LaserLib/intx128.o
                0x000024fa                __vector_7
 .text.__vector_8
                0x0000255c       0x62 LaserLib/intx128.o
                0x0000255c                __vector_8
 .text.__vector_9
                0x000025be       0x62 LaserLib/intx128.o
                0x000025be                __vector_9
 .text.__vector_10
                0x00002620       0x62 LaserLib/intx128.o
                0x00002620                __vector_10
 .text.__vector_11
                0x00002682       0x62 LaserLib/intx128.o
                0x00002682                __vector_11
 .text.__vector_12
                0x000026e4       0x62 LaserLib/intx128.o
                0x000026e4                __vector_12
 .text.__vector_13
                0x00002746       0x62 LaserLib/intx128.o
                0x00002746                __vector_13
 .text.__vector_14
                0x000027a8       0x62 LaserLib/intx128.o
                0x000027a8                __vector_14
 .text.__vector_15
                0x0000280a       0x62 LaserLib/intx128.o
                0x0000280a                __vector_15
 .text.__vector_16
                0x0000286c       0x62 LaserLib/intx128.o
                0x0000286c                __vector_16
 .text.__vector_17
                0x000028ce       0x62 LaserLib/intx128.o
                0x000028ce                __vector_17
 .text.__vector_18
                0x00002930       0x62 LaserLib/intx128.o
                0x00002930                __vector_18
 .text.__vector_19
                0x00002992       0x62 LaserLib/intx128.o
                0x00002992                __vector_19
 .text.__vector_20
                0x000029f4       0x62 LaserLib/intx128.o
                0x000029f4                __vector_20
 .text.__vector_21
                0x00002a56       0x62 LaserLib/intx128.o
                0x00002a56                __vector_21
 .text.__vector_22
                0x00002ab8       0x62 LaserLib/intx128.o
                0x00002ab8                __vector_22
 .text.__vector_23
                0x00002b1a       0x62 LaserLib/intx128.o
                0x00002b1a                __vector_23
 .text.__vector_24
                0x00002b7c       0x62 LaserLib/intx128.o
                0x00002b7c                __vector_24
 .text.__vector_25
                0x00002bde       0x62 LaserLib/intx128.o
                0x00002bde                __vector_25
 .text.__vector_26
                0x00002c40       0x62 LaserLib/intx128.o
                0x00002c40                __vector_26
 .text.__vector_27
                0x00002ca2       0x62 LaserLib/intx128.o
                0x00002ca2                __vector_27
 .text.__vector_28
                0x00002d04       0x62 LaserLib/intx128.o
                0x00002d04                __vector_28
 .text.__vector_29
                0x00002d66       0x62 LaserLib/intx128.o
                0x00002d66                __vector_29
 .text.__vector_30
                0x00002dc8       0x62 LaserLib/intx128.o
                0x00002dc8                __vector_30
 .text.__vector_31
                0x00002e2a       0x62 LaserLib/intx128.o
                0x00002e2a                __vector_31
 .text.__vector_32
                0x00002e8c       0x62 LaserLib/intx128.o
                0x00002e8c                __vector_32
 .text.__vector_33
                0x00002eee       0x62 LaserLib/intx128.o
                0x00002eee                __vector_33
 .text.__vector_34
                0x00002f50       0x62 LaserLib/intx128.o
                0x00002f50                __vector_34
 .text.__vector_35
                0x00002fb2       0x62 LaserLib/intx128.o
                0x00002fb2                __vector_35
 .text.__vector_36
                0x00003014       0x62 LaserLib/intx128.o
                0x00003014                __vector_36
 .text.__vector_37
                0x00003076       0x62 LaserLib/intx128.o
                0x00003076                __vector_37
 .text.__vector_38
                0x000030d8       0x62 LaserLib/intx128.o
                0x000030d8                __vector_38
 .text.__vector_39
                0x0000313a       0x62 LaserLib/intx128.o
                0x0000313a                __vector_39
 .text.__vector_40
                0x0000319c       0x62 LaserLib/intx128.o
                0x0000319c                __vector_40
 .text.__vector_41
                0x000031fe       0x62 LaserLib/intx128.o
                0x000031fe                __vector_41
 .text.__vector_42
                0x00003260       0x62 LaserLib/intx128.o
                0x00003260                __vector_42
 .text.__vector_43
                0x000032c2       0x62 LaserLib/intx128.o
                0x000032c2                __vector_43
 .text.__vector_44
                0x00003324       0x62 LaserLib/intx128.o
                0x00003324                __vector_44
 .text.__vector_45
                0x00003386       0x62 LaserLib/intx128.o
                0x00003386                __vector_45
 .text.__vector_46
                0x000033e8       0x62 LaserLib/intx128.o
                0x000033e8                __vector_46
 .text.__vector_47
                0x0000344a       0x62 LaserLib/intx128.o
                0x0000344a                __vector_47
 .text.__vector_48
                0x000034ac       0x62 LaserLib/intx128.o
                0x000034ac                __vector_48
 .text.__vector_49
                0x0000350e       0x62 LaserLib/intx128.o
                0x0000350e                __vector_49
 .text.__vector_50
                0x00003570       0x62 LaserLib/intx128.o
                0x00003570                __vector_50
 .text.__vector_51
                0x000035d2       0x62 LaserLib/intx128.o
                0x000035d2                __vector_51
 .text.__vector_52
                0x00003634       0x62 LaserLib/intx128.o
                0x00003634                __vector_52
 .text.__vector_53
                0x00003696       0x62 LaserLib/intx128.o
                0x00003696                __vector_53
 .text.__vector_54
                0x000036f8       0x62 LaserLib/intx128.o
                0x000036f8                __vector_54
 .text.__vector_55
                0x0000375a       0x62 LaserLib/intx128.o
                0x0000375a                __vector_55
 .text.__vector_56
                0x000037bc       0x62 LaserLib/intx128.o
                0x000037bc                __vector_56
 .text.__vector_57
                0x0000381e       0x62 LaserLib/intx128.o
                0x0000381e                __vector_57
 .text.__vector_58
                0x00003880       0x62 LaserLib/intx128.o
                0x00003880                __vector_58
 .text.__vector_59
                0x000038e2       0x62 LaserLib/intx128.o
                0x000038e2                __vector_59
 .text.__vector_60
                0x00003944       0x62 LaserLib/intx128.o
                0x00003944                __vector_60
 .text.__vector_61
                0x000039a6       0x62 LaserLib/intx128.o
                0x000039a6                __vector_61
 .text.__vector_62
                0x00003a08       0x62 LaserLib/intx128.o
                0x00003a08                __vector_62
 .text.__vector_63
                0x00003a6a       0x62 LaserLib/intx128.o
                0x00003a6a                __vector_63
 .text.__vector_64
                0x00003acc       0x62 LaserLib/intx128.o
                0x00003acc                __vector_64
 .text.__vector_65
                0x00003b2e       0x62 LaserLib/intx128.o
                0x00003b2e                __vector_65
 .text.__vector_66
                0x00003b90       0x62 LaserLib/intx128.o
                0x00003b90                __vector_66
 .text.__vector_67
                0x00003bf2       0x62 LaserLib/intx128.o
                0x00003bf2                __vector_67
 .text.__vector_68
                0x00003c54       0x62 LaserLib/intx128.o
                0x00003c54                __vector_68
 .text.__vector_69
                0x00003cb6       0x62 LaserLib/intx128.o
                0x00003cb6                __vector_69
 .text.__vector_70
                0x00003d18       0x62 LaserLib/intx128.o
                0x00003d18                __vector_70
 .text.__vector_71
                0x00003d7a       0x62 LaserLib/intx128.o
                0x00003d7a                __vector_71
 .text.__vector_72
                0x00003ddc       0x62 LaserLib/intx128.o
                0x00003ddc                __vector_72
 .text.__vector_73
                0x00003e3e       0x62 LaserLib/intx128.o
                0x00003e3e                __vector_73
 .text.__vector_74
                0x00003ea0       0x62 LaserLib/intx128.o
                0x00003ea0                __vector_74
 .text.__vector_77
                0x00003f02       0x62 LaserLib/intx128.o
                0x00003f02                __vector_77
 .text.__vector_78
                0x00003f64       0x62 LaserLib/intx128.o
                0x00003f64                __vector_78
 .text.__vector_79
                0x00003fc6       0x62 LaserLib/intx128.o
                0x00003fc6                __vector_79
 .text.__vector_80
                0x00004028       0x62 LaserLib/intx128.o
                0x00004028                __vector_80
 .text.__vector_81
                0x0000408a       0x62 LaserLib/intx128.o
                0x0000408a                __vector_81
 .text.__vector_82
                0x000040ec       0x62 LaserLib/intx128.o
                0x000040ec                __vector_82
 .text.__vector_83
                0x0000414e       0x62 LaserLib/intx128.o
                0x0000414e                __vector_83
 .text.__vector_84
                0x000041b0       0x62 LaserLib/intx128.o
                0x000041b0                __vector_84
 .text.__vector_85
                0x00004212       0x62 LaserLib/intx128.o
                0x00004212                __vector_85
 .text.__vector_86
                0x00004274       0x62 LaserLib/intx128.o
                0x00004274                __vector_86
 .text.__vector_87
                0x000042d6       0x62 LaserLib/intx128.o
                0x000042d6                __vector_87
 .text.__vector_88
                0x00004338       0x62 LaserLib/intx128.o
                0x00004338                __vector_88
 .text.__vector_89
                0x0000439a       0x62 LaserLib/intx128.o
                0x0000439a                __vector_89
 .text.__vector_90
                0x000043fc       0x62 LaserLib/intx128.o
                0x000043fc                __vector_90
 .text.__vector_91
                0x0000445e       0x62 LaserLib/intx128.o
                0x0000445e                __vector_91
 .text.__vector_92
                0x000044c0       0x62 LaserLib/intx128.o
                0x000044c0                __vector_92
 .text.__vector_93
                0x00004522       0x62 LaserLib/intx128.o
                0x00004522                __vector_93
 .text.__vector_104
                0x00004584       0x62 LaserLib/intx128.o
                0x00004584                __vector_104
 .text.__vector_105
                0x000045e6       0x62 LaserLib/intx128.o
                0x000045e6                __vector_105
 .text.__vector_108
                0x00004648       0x62 LaserLib/intx128.o
                0x00004648                __vector_108
 .text.__vector_109
                0x000046aa       0x62 LaserLib/intx128.o
                0x000046aa                __vector_109
 .text.__vector_110
                0x0000470c       0x62 LaserLib/intx128.o
                0x0000470c                __vector_110
 .text.__vector_111
                0x0000476e       0x62 LaserLib/intx128.o
                0x0000476e                __vector_111
 .text.__vector_112
                0x000047d0       0x62 LaserLib/intx128.o
                0x000047d0                __vector_112
 .text.__vector_113
                0x00004832       0x62 LaserLib/intx128.o
                0x00004832                __vector_113
 .text.__vector_119
                0x00004894       0x62 LaserLib/intx128.o
                0x00004894                __vector_119
 .text.__vector_120
                0x000048f6       0x62 LaserLib/intx128.o
                0x000048f6                __vector_120
 .text.__vector_121
                0x00004958       0x62 LaserLib/intx128.o
                0x00004958                __vector_121
 .text.__cxa_pure_virtual
                0x000049ba        0x6 main.o
                0x000049ba                __cxa_pure_virtual
 .text._GLOBAL__sub_I_dacSPI
                0x000049c0       0x6a main.o
 .text._GLOBAL__sub_D_dacSPI
                0x00004a2a       0x6a main.o
 .text._Z16SystemInitializev
                0x00004a94      0x1f2 main.o
                0x00004a94                _Z16SystemInitializev
 .text.main     0x00004c86       0xe6 main.o
                0x00004c86                main
 .text._ZN16CMBEventsHandler13FillRegDataTxEhPhh
                0x00004d6c       0x62 MODBUS/CMBProtocol.o
                0x00004d6c                _ZN16CMBEventsHandler13FillRegDataTxEhPhh
 .text._ZN16CMBEventsHandler13FillRegDataRqEhh
                0x00004dce       0x3e MODBUS/CMBProtocol.o
                0x00004dce                _ZN16CMBEventsHandler13FillRegDataRqEhh
 .text._ZN16CMBEventsHandler13FillVarDataTxEjPjj
                0x00004e0c       0x90 MODBUS/CMBProtocol.o
                0x00004e0c                _ZN16CMBEventsHandler13FillVarDataTxEjPjj
 .text._ZN16CMBEventsHandler13FillVarDataRqEjj
                0x00004e9c       0x46 MODBUS/CMBProtocol.o
                0x00004e9c                _ZN16CMBEventsHandler13FillVarDataRqEjj
 .text._ZN16CMBEventsHandler15AllocateBuffersEjj
                0x00004ee2       0x36 MODBUS/CMBProtocol.o
                0x00004ee2                _ZN16CMBEventsHandler15AllocateBuffersEjj
 .text._ZN16CMBEventsHandler11FreeBuffersEv
                0x00004f18       0x1c MODBUS/CMBProtocol.o
                0x00004f18                _ZN16CMBEventsHandler11FreeBuffersEv
 .text._ZN16CMBEventsHandlerD2Ev
                0x00004f34        0x2 MODBUS/CMBProtocol.o
                0x00004f34                _ZN16CMBEventsHandlerD2Ev
                0x00004f34                _ZN16CMBEventsHandlerD1Ev
 .text._ZN9CMBSender18OnVariableReceivedEjPjj
                0x00004f36       0x1e MODBUS/CMBSender.o
                0x00004f36                _ZN9CMBSender18OnVariableReceivedEjPjj
 .text._ZN9CMBSender18OnRegisterReceivedEhPhh
                0x00004f54       0x1e MODBUS/CMBSender.o
                0x00004f54                _ZN9CMBSender18OnRegisterReceivedEhPhh
 .text._ZN9CMBSenderC2Ev
                0x00004f72        0xc MODBUS/CMBSender.o
                0x00004f72                _ZN9CMBSenderC2Ev
                0x00004f72                _ZN9CMBSenderC1Ev
 .text._ZN9CMBSender10InitializeEP7CTimer1P6CUSARTP16CMBEventsHandlerjjj
                0x00004f7e       0xde MODBUS/CMBSender.o
                0x00004f7e                _ZN9CMBSender10InitializeEP7CTimer1P6CUSARTP16CMBEventsHandlerjjj
 .text._ZN9CMBSenderD2Ev
                0x0000505c       0x10 MODBUS/CMBSender.o
                0x0000505c                _ZN9CMBSenderD1Ev
                0x0000505c                _ZN9CMBSenderD2Ev
 .text._ZN9CMBSender13OnReceiveByteEh
                0x0000506c      0x15a MODBUS/CMBSender.o
                0x0000506c                _ZN9CMBSender13OnReceiveByteEh
 .text._ZN9CMBSender18OnUSARTRxInterruptEPv
                0x000051c6       0x26 MODBUS/CMBSender.o
                0x000051c6                _ZN9CMBSender18OnUSARTRxInterruptEPv
 .text._ZN9CMBSender9OnTimeoutEv
                0x000051ec       0x28 MODBUS/CMBSender.o
                0x000051ec                _ZN9CMBSender9OnTimeoutEv
 .text._ZN9CMBSender18OnTimeoutInterruptEPv
                0x00005214        0x6 MODBUS/CMBSender.o
                0x00005214                _ZN9CMBSender18OnTimeoutInterruptEPv
 .text._ZN9CMBSender19StartMODBUSListenerEv
                0x0000521a       0x32 MODBUS/CMBSender.o
                0x0000521a                _ZN9CMBSender19StartMODBUSListenerEv
 .text._ZN9CMBSender14OnTransmitByteEv
                0x0000524c       0x92 MODBUS/CMBSender.o
                0x0000524c                _ZN9CMBSender14OnTransmitByteEv
 .text._ZN9CMBSender18OnUSARTTxInterruptEPv
                0x000052de        0x6 MODBUS/CMBSender.o
                0x000052de                _ZN9CMBSender18OnUSARTTxInterruptEPv
 .text._ZN9CMBSender18WaitMODBUSListenerEv
                0x000052e4       0x22 MODBUS/CMBSender.o
                0x000052e4                _ZN9CMBSender18WaitMODBUSListenerEv
 .text._ZN9CMBSender22StartMODBUSTransmitterEv
                0x00005306       0x2a MODBUS/CMBSender.o
                0x00005306                _ZN9CMBSender22StartMODBUSTransmitterEv
 .text._ZN9CMBSender24WriteDataToRegisterAsyncEhPhh
                0x00005330       0x1e MODBUS/CMBSender.o
                0x00005330                _ZN9CMBSender24WriteDataToRegisterAsyncEhPhh
 .text._ZN9CMBSender20WriteDataToSRAMAsyncEjPjj
                0x0000534e       0x1e MODBUS/CMBSender.o
                0x0000534e                _ZN9CMBSender20WriteDataToSRAMAsyncEjPjj
 .text._ZN9CMBSender28RequestDataFromRegisterAsyncEhh
                0x0000536c       0x1e MODBUS/CMBSender.o
                0x0000536c                _ZN9CMBSender28RequestDataFromRegisterAsyncEhh
 .text._ZN9CMBSender24RequestDataFromSRAMAsyncEjh
                0x0000538a       0x20 MODBUS/CMBSender.o
                0x0000538a                _ZN9CMBSender24RequestDataFromSRAMAsyncEjh
 .text._ZN9CMBSender21WaitMODBUSTransmitterEv
                0x000053aa       0x22 MODBUS/CMBSender.o
                0x000053aa                _ZN9CMBSender21WaitMODBUSTransmitterEv
 .text._ZN9CMBSender30StartMODBUSRegisterTransactionEhh
                0x000053cc        0xc MODBUS/CMBSender.o
                0x000053cc                _ZN9CMBSender30StartMODBUSRegisterTransactionEhh
 .text._ZN9CMBSender30StartMODBUSVariableTransactionEjh
                0x000053d8        0xc MODBUS/CMBSender.o
                0x000053d8                _ZN9CMBSender30StartMODBUSVariableTransactionEjh
 .text._ZN9CMBSender18ProcessTransactionEPhj
                0x000053e4       0x62 MODBUS/CMBSender.o
                0x000053e4                _ZN9CMBSender18ProcessTransactionEPhj
 .text._ZN9CMBSender21OnTransactionCallbackEPhj
                0x00005446        0x6 MODBUS/CMBSender.o
                0x00005446                _ZN9CMBSender21OnTransactionCallbackEPhj
 .text._ZN10CDGUSUSART10InitializeE13BAUDRATE_ENUM11PARITY_ENUM12STOBITS_ENUMb
                0x0000544c       0x76 Periphery/CDGUSUSART.o
                0x0000544c                _ZN10CDGUSUSART10InitializeE13BAUDRATE_ENUM11PARITY_ENUM12STOBITS_ENUMb
 .text._ZN10CDGUSUSART15GetReceivedByteEv
                0x000054c2        0x6 Periphery/CDGUSUSART.o
                0x000054c2                _ZN10CDGUSUSART15GetReceivedByteEv
 .text._ZN10CDGUSUSART19SetTransmittingByteEh
                0x000054c8        0x6 Periphery/CDGUSUSART.o
                0x000054c8                _ZN10CDGUSUSART19SetTransmittingByteEh
 .text._ZN10CDGUSUSART14IsTransmittingEv
                0x000054ce       0x10 Periphery/CDGUSUSART.o
                0x000054ce                _ZN10CDGUSUSART14IsTransmittingEv
 .text._ZN10CDGUSUSART11IsReceivingEv
                0x000054de        0xe Periphery/CDGUSUSART.o
                0x000054de                _ZN10CDGUSUSART11IsReceivingEv
 .text._ZN10CDGUSUSART11IsDataEmptyEv
                0x000054ec       0x10 Periphery/CDGUSUSART.o
                0x000054ec                _ZN10CDGUSUSART11IsDataEmptyEv
 .text._ZN10CDGUSUSART25SetRxInterruptionCallbackEPvPFvS0_E
                0x000054fc       0x12 Periphery/CDGUSUSART.o
                0x000054fc                _ZN10CDGUSUSART25SetRxInterruptionCallbackEPvPFvS0_E
 .text._ZN10CDGUSUSART25SetTxInterruptionCallbackEPvPFvS0_E
                0x0000550e       0x12 Periphery/CDGUSUSART.o
                0x0000550e                _ZN10CDGUSUSART25SetTxInterruptionCallbackEPvPFvS0_E
 .text._ZN10CDGUSUSART12SetDMARxTrigEP13DMA_CH_struct
                0x00005520       0x12 Periphery/CDGUSUSART.o
                0x00005520                _ZN10CDGUSUSART12SetDMARxTrigEP13DMA_CH_struct
 .text._ZN10CDGUSUSART12SetDMATxTrigEP13DMA_CH_struct
                0x00005532       0x12 Periphery/CDGUSUSART.o
                0x00005532                _ZN10CDGUSUSART12SetDMATxTrigEP13DMA_CH_struct
 .text._ZN10CDGUSUSARTC2Ev
                0x00005544       0x18 Periphery/CDGUSUSART.o
                0x00005544                _ZN10CDGUSUSARTC1Ev
                0x00005544                _ZN10CDGUSUSARTC2Ev
 .text._ZN10CDGUSUSARTD2Ev
                0x0000555c       0x10 Periphery/CDGUSUSART.o
                0x0000555c                _ZN10CDGUSUSARTD2Ev
                0x0000555c                _ZN10CDGUSUSARTD1Ev
 .text._ZN8CDS18B20C2Ev
                0x0000556c        0x2 Periphery/CDS18B20.o
                0x0000556c                _ZN8CDS18B20C2Ev
                0x0000556c                _ZN8CDS18B20C1Ev
 .text._ZN8CDS18B20D2Ev
                0x0000556e        0x2 Periphery/CDS18B20.o
                0x0000556e                _ZN8CDS18B20D1Ev
                0x0000556e                _ZN8CDS18B20D2Ev
 .text._ZN8CDS18B207w1_findEv
                0x00005570       0x3a Periphery/CDS18B20.o
                0x00005570                _ZN8CDS18B207w1_findEv
 .text._ZN8CDS18B2010w1_sendcmdEh
                0x000055aa       0x6e Periphery/CDS18B20.o
                0x000055aa                _ZN8CDS18B2010w1_sendcmdEh
 .text._ZN8CDS18B2015w1_receive_byteEv
                0x00005618       0x66 Periphery/CDS18B20.o
                0x00005618                _ZN8CDS18B2015w1_receive_byteEv
 .text._ZN8CDS18B2010temp_18b20Ev
                0x0000567e       0x96 Periphery/CDS18B20.o
                0x0000567e                _ZN8CDS18B2010temp_18b20Ev
 .text._ZN8CDS18B2010InitializeEv
                0x00005714       0x1e Periphery/CDS18B20.o
                0x00005714                _ZN8CDS18B2010InitializeEv
 .text._ZN11CLaserBoardC2Ev
                0x00005732        0x2 Periphery/CLaserBoard.o
                0x00005732                _ZN11CLaserBoardC1Ev
                0x00005732                _ZN11CLaserBoardC2Ev
 .text._ZN11CLaserBoardD2Ev
                0x00005734        0x2 Periphery/CLaserBoard.o
                0x00005734                _ZN11CLaserBoardD2Ev
                0x00005734                _ZN11CLaserBoardD1Ev
 .text._ZN11CLaserBoard12InitializeIOEv
                0x00005736       0xc0 Periphery/CLaserBoard.o
                0x00005736                _ZN11CLaserBoard12InitializeIOEv
 .text._ZN11CLaserBoard15InitializeClockEv
                0x000057f6       0x6a Periphery/CLaserBoard.o
                0x000057f6                _ZN11CLaserBoard15InitializeClockEv
 .text._ZN11CLaserBoard5PWMOnEv
                0x00005860        0x8 Periphery/CLaserBoard.o
                0x00005860                _ZN11CLaserBoard5PWMOnEv
 .text._ZN11CLaserBoard6PWMOffEv
                0x00005868        0x8 Periphery/CLaserBoard.o
                0x00005868                _ZN11CLaserBoard6PWMOffEv
 .text._ZN11CLaserBoard5REDOnEv
                0x00005870        0x8 Periphery/CLaserBoard.o
                0x00005870                _ZN11CLaserBoard5REDOnEv
 .text._ZN11CLaserBoard5GRNOnEv
                0x00005878        0x8 Periphery/CLaserBoard.o
                0x00005878                _ZN11CLaserBoard5GRNOnEv
 .text._ZN11CLaserBoard5BLUOnEv
                0x00005880        0x8 Periphery/CLaserBoard.o
                0x00005880                _ZN11CLaserBoard5BLUOnEv
 .text._ZN11CLaserBoard8Relay1OnEv
                0x00005888        0x8 Periphery/CLaserBoard.o
                0x00005888                _ZN11CLaserBoard8Relay1OnEv
 .text._ZN11CLaserBoard8Relay2OnEv
                0x00005890        0x8 Periphery/CLaserBoard.o
                0x00005890                _ZN11CLaserBoard8Relay2OnEv
 .text._ZN11CLaserBoard9Relay2OffEv
                0x00005898        0x8 Periphery/CLaserBoard.o
                0x00005898                _ZN11CLaserBoard9Relay2OffEv
 .text._ZN11CLaserBoard12LaserPowerOnEv
                0x000058a0        0x8 Periphery/CLaserBoard.o
                0x000058a0                _ZN11CLaserBoard12LaserPowerOnEv
 .text._ZN11CLaserBoard13LaserPowerOffEv
                0x000058a8        0x8 Periphery/CLaserBoard.o
                0x000058a8                _ZN11CLaserBoard13LaserPowerOffEv
 .text._ZN11CLaserBoard4BeepEv
                0x000058b0       0x30 Periphery/CLaserBoard.o
                0x000058b0                _ZN11CLaserBoard4BeepEv
 .text._ZN11CLaserBoard14BeepClassErrorEv
                0x000058e0       0x54 Periphery/CLaserBoard.o
                0x000058e0                _ZN11CLaserBoard14BeepClassErrorEv
 .text._ZN11CLaserBoard9PortCheckEv
                0x00005934        0xa Periphery/CLaserBoard.o
                0x00005934                _ZN11CLaserBoard9PortCheckEv
 .text._ZN11CLaserBoard10FootswitchEv
                0x0000593e        0x8 Periphery/CLaserBoard.o
                0x0000593e                _ZN11CLaserBoard10FootswitchEv
 .text._ZN12CSoundPlayerC2Ev
                0x00005946        0x2 Periphery/CSoundPlayer.o
                0x00005946                _ZN12CSoundPlayerC2Ev
                0x00005946                _ZN12CSoundPlayerC1Ev
 .text._ZN12CSoundPlayerD2Ev
                0x00005948        0x2 Periphery/CSoundPlayer.o
                0x00005948                _ZN12CSoundPlayerD1Ev
                0x00005948                _ZN12CSoundPlayerD2Ev
 .text._ZN12CSoundPlayer19InitializeToneTimerEv
                0x0000594a       0x22 Periphery/CSoundPlayer.o
                0x0000594a                _ZN12CSoundPlayer19InitializeToneTimerEv
 .text._ZN12CSoundPlayer23InitializeDurationTimerEv
                0x0000596c       0x18 Periphery/CSoundPlayer.o
                0x0000596c                _ZN12CSoundPlayer23InitializeDurationTimerEv
 .text._ZN12CSoundPlayer10SoundStartEjjh
                0x00005984       0x68 Periphery/CSoundPlayer.o
                0x00005984                _ZN12CSoundPlayer10SoundStartEjjh
 .text._ZN12CSoundPlayer9SoundStopEv
                0x000059ec       0x3c Periphery/CSoundPlayer.o
                0x000059ec                _ZN12CSoundPlayer9SoundStopEv
 .text._ZN12CSoundPlayer10InitializeEv
                0x00005a28       0x16 Periphery/CSoundPlayer.o
                0x00005a28                _ZN12CSoundPlayer10InitializeEv
 .text._ZN7CTimerC10InitializeE27TIMER_WAVEFORMGEN_MODE_ENUM22TIMER_CLOCKSELECT_ENUM
                0x00005a3e       0x36 Periphery/CTimerC.o
                0x00005a3e                _ZN7CTimerC10InitializeE27TIMER_WAVEFORMGEN_MODE_ENUM22TIMER_CLOCKSELECT_ENUM
 .text._ZN7CTimerC5StartEj
                0x00005a74       0x1a Periphery/CTimerC.o
                0x00005a74                _ZN7CTimerC5StartEj
 .text._ZN7CTimerC4StopEv
                0x00005a8e       0x10 Periphery/CTimerC.o
                0x00005a8e                _ZN7CTimerC4StopEv
 .text._ZN7CTimerC13EnableChannelE19TIMER_CHANNELS_ENUM
                0x00005a9e        0xe Periphery/CTimerC.o
                0x00005a9e                _ZN7CTimerC13EnableChannelE19TIMER_CHANNELS_ENUM
 .text._ZN7CTimerC14DisableChannelE19TIMER_CHANNELS_ENUM
                0x00005aac        0xe Periphery/CTimerC.o
                0x00005aac                _ZN7CTimerC14DisableChannelE19TIMER_CHANNELS_ENUM
 .text._ZN7CTimerC9SetPeriodEj
                0x00005aba        0xa Periphery/CTimerC.o
                0x00005aba                _ZN7CTimerC9SetPeriodEj
 .text._ZN7CTimerC8SetCOMPAEj
                0x00005ac4        0xa Periphery/CTimerC.o
                0x00005ac4                _ZN7CTimerC8SetCOMPAEj
 .text._ZN7CTimerC8SetCOMPBEj
                0x00005ace        0xa Periphery/CTimerC.o
                0x00005ace                _ZN7CTimerC8SetCOMPBEj
 .text._ZN7CTimerC8SetCOMPCEj
                0x00005ad8        0xa Periphery/CTimerC.o
                0x00005ad8                _ZN7CTimerC8SetCOMPCEj
 .text._ZN7CTimerC8SetCOMPDEj
                0x00005ae2        0xa Periphery/CTimerC.o
                0x00005ae2                _ZN7CTimerC8SetCOMPDEj
 .text._ZN7CTimerC14SetOVFCallbackEPFvPvES0_17TC_OVFINTLVL_enum
                0x00005aec       0x22 Periphery/CTimerC.o
                0x00005aec                _ZN7CTimerC14SetOVFCallbackEPFvPvES0_17TC_OVFINTLVL_enum
 .text._ZN7CTimerC14SetERRCallbackEPFvPvES0_17TC_ERRINTLVL_enum
                0x00005b0e       0x22 Periphery/CTimerC.o
                0x00005b0e                _ZN7CTimerC14SetERRCallbackEPFvPvES0_17TC_ERRINTLVL_enum
 .text._ZN7CTimerC16SetCOMPACallbackEPFvPvES0_17TC_CCAINTLVL_enum
                0x00005b30       0x22 Periphery/CTimerC.o
                0x00005b30                _ZN7CTimerC16SetCOMPACallbackEPFvPvES0_17TC_CCAINTLVL_enum
 .text._ZN7CTimerC16SetCOMPBCallbackEPFvPvES0_17TC_CCBINTLVL_enum
                0x00005b52       0x22 Periphery/CTimerC.o
                0x00005b52                _ZN7CTimerC16SetCOMPBCallbackEPFvPvES0_17TC_CCBINTLVL_enum
 .text._ZN7CTimerC16SetCOMPCCallbackEPFvPvES0_17TC_CCCINTLVL_enum
                0x00005b74       0x22 Periphery/CTimerC.o
                0x00005b74                _ZN7CTimerC16SetCOMPCCallbackEPFvPvES0_17TC_CCCINTLVL_enum
 .text._ZN7CTimerC16SetCOMPDCallbackEPFvPvES0_17TC_CCDINTLVL_enum
                0x00005b96       0x22 Periphery/CTimerC.o
                0x00005b96                _ZN7CTimerC16SetCOMPDCallbackEPFvPvES0_17TC_CCDINTLVL_enum
 .text._ZN7CTimerCC2Ev
                0x00005bb8       0x18 Periphery/CTimerC.o
                0x00005bb8                _ZN7CTimerCC1Ev
                0x00005bb8                _ZN7CTimerCC2Ev
 .text._ZN7CTimerCD2Ev
                0x00005bd0       0x10 Periphery/CTimerC.o
                0x00005bd0                _ZN7CTimerCD1Ev
                0x00005bd0                _ZN7CTimerCD2Ev
 .text._ZN8CTimerC110InitializeE27TIMER_WAVEFORMGEN_MODE_ENUM22TIMER_CLOCKSELECT_ENUM
                0x00005be0       0x2e Periphery/CTimerC1.o
                0x00005be0                _ZN8CTimerC110InitializeE27TIMER_WAVEFORMGEN_MODE_ENUM22TIMER_CLOCKSELECT_ENUM
 .text._ZN8CTimerC15StartEj
                0x00005c0e       0x1a Periphery/CTimerC1.o
                0x00005c0e                _ZN8CTimerC15StartEj
 .text._ZN8CTimerC14StopEv
                0x00005c28       0x10 Periphery/CTimerC1.o
                0x00005c28                _ZN8CTimerC14StopEv
 .text._ZN8CTimerC15ResetEv
                0x00005c38       0x14 Periphery/CTimerC1.o
                0x00005c38                _ZN8CTimerC15ResetEv
 .text._ZN8CTimerC113EnableChannelE19TIMER_CHANNELS_ENUM
                0x00005c4c        0xe Periphery/CTimerC1.o
                0x00005c4c                _ZN8CTimerC113EnableChannelE19TIMER_CHANNELS_ENUM
 .text._ZN8CTimerC114DisableChannelE19TIMER_CHANNELS_ENUM
                0x00005c5a        0xe Periphery/CTimerC1.o
                0x00005c5a                _ZN8CTimerC114DisableChannelE19TIMER_CHANNELS_ENUM
 .text._ZN8CTimerC19SetPeriodEj
                0x00005c68        0xa Periphery/CTimerC1.o
                0x00005c68                _ZN8CTimerC19SetPeriodEj
 .text._ZN8CTimerC18SetCOMPAEj
                0x00005c72        0xa Periphery/CTimerC1.o
                0x00005c72                _ZN8CTimerC18SetCOMPAEj
 .text._ZN8CTimerC18SetCOMPBEj
                0x00005c7c        0xa Periphery/CTimerC1.o
                0x00005c7c                _ZN8CTimerC18SetCOMPBEj
 .text._ZN8CTimerC114SetOVFCallbackEPFvPvES0_17TC_OVFINTLVL_enum
                0x00005c86       0x24 Periphery/CTimerC1.o
                0x00005c86                _ZN8CTimerC114SetOVFCallbackEPFvPvES0_17TC_OVFINTLVL_enum
 .text._ZN8CTimerC114SetERRCallbackEPFvPvES0_17TC_ERRINTLVL_enum
                0x00005caa       0x24 Periphery/CTimerC1.o
                0x00005caa                _ZN8CTimerC114SetERRCallbackEPFvPvES0_17TC_ERRINTLVL_enum
 .text._ZN8CTimerC116SetCOMPACallbackEPFvPvES0_17TC_CCAINTLVL_enum
                0x00005cce       0x24 Periphery/CTimerC1.o
                0x00005cce                _ZN8CTimerC116SetCOMPACallbackEPFvPvES0_17TC_CCAINTLVL_enum
 .text._ZN8CTimerC116SetCOMPBCallbackEPFvPvES0_17TC_CCBINTLVL_enum
                0x00005cf2       0x24 Periphery/CTimerC1.o
                0x00005cf2                _ZN8CTimerC116SetCOMPBCallbackEPFvPvES0_17TC_CCBINTLVL_enum
 .text._ZN8CTimerC1C2Ev
                0x00005d16       0x18 Periphery/CTimerC1.o
                0x00005d16                _ZN8CTimerC1C2Ev
                0x00005d16                _ZN8CTimerC1C1Ev
 .text._ZN8CTimerC1D2Ev
                0x00005d2e       0x10 Periphery/CTimerC1.o
                0x00005d2e                _ZN8CTimerC1D2Ev
                0x00005d2e                _ZN8CTimerC1D1Ev
 .text._ZN7CTimerD10InitializeE27TIMER_WAVEFORMGEN_MODE_ENUM22TIMER_CLOCKSELECT_ENUM
                0x00005d3e       0x36 Periphery/CTimerD.o
                0x00005d3e                _ZN7CTimerD10InitializeE27TIMER_WAVEFORMGEN_MODE_ENUM22TIMER_CLOCKSELECT_ENUM
 .text._ZN7CTimerD5StartEj
                0x00005d74       0x1a Periphery/CTimerD.o
                0x00005d74                _ZN7CTimerD5StartEj
 .text._ZN7CTimerD4StopEv
                0x00005d8e       0x10 Periphery/CTimerD.o
                0x00005d8e                _ZN7CTimerD4StopEv
 .text._ZN7CTimerD13EnableChannelE19TIMER_CHANNELS_ENUM
                0x00005d9e        0xe Periphery/CTimerD.o
                0x00005d9e                _ZN7CTimerD13EnableChannelE19TIMER_CHANNELS_ENUM
 .text._ZN7CTimerD14DisableChannelE19TIMER_CHANNELS_ENUM
                0x00005dac        0xe Periphery/CTimerD.o
                0x00005dac                _ZN7CTimerD14DisableChannelE19TIMER_CHANNELS_ENUM
 .text._ZN7CTimerD9SetPeriodEj
                0x00005dba        0xa Periphery/CTimerD.o
                0x00005dba                _ZN7CTimerD9SetPeriodEj
 .text._ZN7CTimerD8SetCOMPAEj
                0x00005dc4        0xa Periphery/CTimerD.o
                0x00005dc4                _ZN7CTimerD8SetCOMPAEj
 .text._ZN7CTimerD8SetCOMPBEj
                0x00005dce        0xa Periphery/CTimerD.o
                0x00005dce                _ZN7CTimerD8SetCOMPBEj
 .text._ZN7CTimerD8SetCOMPCEj
                0x00005dd8        0xa Periphery/CTimerD.o
                0x00005dd8                _ZN7CTimerD8SetCOMPCEj
 .text._ZN7CTimerD8SetCOMPDEj
                0x00005de2        0xa Periphery/CTimerD.o
                0x00005de2                _ZN7CTimerD8SetCOMPDEj
 .text._ZN7CTimerD14SetOVFCallbackEPFvPvES0_17TC_OVFINTLVL_enum
                0x00005dec       0x22 Periphery/CTimerD.o
                0x00005dec                _ZN7CTimerD14SetOVFCallbackEPFvPvES0_17TC_OVFINTLVL_enum
 .text._ZN7CTimerD14SetERRCallbackEPFvPvES0_17TC_ERRINTLVL_enum
                0x00005e0e       0x22 Periphery/CTimerD.o
                0x00005e0e                _ZN7CTimerD14SetERRCallbackEPFvPvES0_17TC_ERRINTLVL_enum
 .text._ZN7CTimerD16SetCOMPACallbackEPFvPvES0_17TC_CCAINTLVL_enum
                0x00005e30       0x22 Periphery/CTimerD.o
                0x00005e30                _ZN7CTimerD16SetCOMPACallbackEPFvPvES0_17TC_CCAINTLVL_enum
 .text._ZN7CTimerD16SetCOMPBCallbackEPFvPvES0_17TC_CCBINTLVL_enum
                0x00005e52       0x22 Periphery/CTimerD.o
                0x00005e52                _ZN7CTimerD16SetCOMPBCallbackEPFvPvES0_17TC_CCBINTLVL_enum
 .text._ZN7CTimerD16SetCOMPCCallbackEPFvPvES0_17TC_CCCINTLVL_enum
                0x00005e74       0x22 Periphery/CTimerD.o
                0x00005e74                _ZN7CTimerD16SetCOMPCCallbackEPFvPvES0_17TC_CCCINTLVL_enum
 .text._ZN7CTimerD16SetCOMPDCallbackEPFvPvES0_17TC_CCDINTLVL_enum
                0x00005e96       0x22 Periphery/CTimerD.o
                0x00005e96                _ZN7CTimerD16SetCOMPDCallbackEPFvPvES0_17TC_CCDINTLVL_enum
 .text._ZN7CTimerDC2Ev
                0x00005eb8       0x18 Periphery/CTimerD.o
                0x00005eb8                _ZN7CTimerDC1Ev
                0x00005eb8                _ZN7CTimerDC2Ev
 .text._ZN7CTimerDD2Ev
                0x00005ed0       0x10 Periphery/CTimerD.o
                0x00005ed0                _ZN7CTimerDD2Ev
                0x00005ed0                _ZN7CTimerDD1Ev
 .text._ZN8CTimerD110InitializeE27TIMER_WAVEFORMGEN_MODE_ENUM22TIMER_CLOCKSELECT_ENUM
                0x00005ee0       0x2e Periphery/CTimerD1.o
                0x00005ee0                _ZN8CTimerD110InitializeE27TIMER_WAVEFORMGEN_MODE_ENUM22TIMER_CLOCKSELECT_ENUM
 .text._ZN8CTimerD15StartEj
                0x00005f0e       0x1a Periphery/CTimerD1.o
                0x00005f0e                _ZN8CTimerD15StartEj
 .text._ZN8CTimerD14StopEv
                0x00005f28       0x10 Periphery/CTimerD1.o
                0x00005f28                _ZN8CTimerD14StopEv
 .text._ZN8CTimerD15ResetEv
                0x00005f38       0x14 Periphery/CTimerD1.o
                0x00005f38                _ZN8CTimerD15ResetEv
 .text._ZN8CTimerD113EnableChannelE19TIMER_CHANNELS_ENUM
                0x00005f4c        0xe Periphery/CTimerD1.o
                0x00005f4c                _ZN8CTimerD113EnableChannelE19TIMER_CHANNELS_ENUM
 .text._ZN8CTimerD114DisableChannelE19TIMER_CHANNELS_ENUM
                0x00005f5a        0xe Periphery/CTimerD1.o
                0x00005f5a                _ZN8CTimerD114DisableChannelE19TIMER_CHANNELS_ENUM
 .text._ZN8CTimerD19SetPeriodEj
                0x00005f68        0xa Periphery/CTimerD1.o
                0x00005f68                _ZN8CTimerD19SetPeriodEj
 .text._ZN8CTimerD18SetCOMPAEj
                0x00005f72        0xa Periphery/CTimerD1.o
                0x00005f72                _ZN8CTimerD18SetCOMPAEj
 .text._ZN8CTimerD18SetCOMPBEj
                0x00005f7c        0xa Periphery/CTimerD1.o
                0x00005f7c                _ZN8CTimerD18SetCOMPBEj
 .text._ZN8CTimerD114SetOVFCallbackEPFvPvES0_17TC_OVFINTLVL_enum
                0x00005f86       0x22 Periphery/CTimerD1.o
                0x00005f86                _ZN8CTimerD114SetOVFCallbackEPFvPvES0_17TC_OVFINTLVL_enum
 .text._ZN8CTimerD114SetERRCallbackEPFvPvES0_17TC_ERRINTLVL_enum
                0x00005fa8       0x22 Periphery/CTimerD1.o
                0x00005fa8                _ZN8CTimerD114SetERRCallbackEPFvPvES0_17TC_ERRINTLVL_enum
 .text._ZN8CTimerD116SetCOMPACallbackEPFvPvES0_17TC_CCAINTLVL_enum
                0x00005fca       0x22 Periphery/CTimerD1.o
                0x00005fca                _ZN8CTimerD116SetCOMPACallbackEPFvPvES0_17TC_CCAINTLVL_enum
 .text._ZN8CTimerD116SetCOMPBCallbackEPFvPvES0_17TC_CCBINTLVL_enum
                0x00005fec       0x22 Periphery/CTimerD1.o
                0x00005fec                _ZN8CTimerD116SetCOMPBCallbackEPFvPvES0_17TC_CCBINTLVL_enum
 .text._ZN8CTimerD1C2Ev
                0x0000600e       0x18 Periphery/CTimerD1.o
                0x0000600e                _ZN8CTimerD1C2Ev
                0x0000600e                _ZN8CTimerD1C1Ev
 .text._ZN8CTimerD1D2Ev
                0x00006026       0x10 Periphery/CTimerD1.o
                0x00006026                _ZN8CTimerD1D2Ev
                0x00006026                _ZN8CTimerD1D1Ev
 .text._ZN7CTimerF10InitializeE27TIMER_WAVEFORMGEN_MODE_ENUM22TIMER_CLOCKSELECT_ENUM
                0x00006036       0x36 Periphery/CTimerF.o
                0x00006036                _ZN7CTimerF10InitializeE27TIMER_WAVEFORMGEN_MODE_ENUM22TIMER_CLOCKSELECT_ENUM
 .text._ZN7CTimerF5StartEj
                0x0000606c       0x1a Periphery/CTimerF.o
                0x0000606c                _ZN7CTimerF5StartEj
 .text._ZN7CTimerF4StopEv
                0x00006086       0x10 Periphery/CTimerF.o
                0x00006086                _ZN7CTimerF4StopEv
 .text._ZN7CTimerF13EnableChannelE19TIMER_CHANNELS_ENUM
                0x00006096        0xc Periphery/CTimerF.o
                0x00006096                _ZN7CTimerF13EnableChannelE19TIMER_CHANNELS_ENUM
 .text._ZN7CTimerF14DisableChannelE19TIMER_CHANNELS_ENUM
                0x000060a2        0xe Periphery/CTimerF.o
                0x000060a2                _ZN7CTimerF14DisableChannelE19TIMER_CHANNELS_ENUM
 .text._ZN7CTimerF10ChannelSetE19TIMER_CHANNELS_ENUM
                0x000060b0       0x10 Periphery/CTimerF.o
                0x000060b0                _ZN7CTimerF10ChannelSetE19TIMER_CHANNELS_ENUM
 .text._ZN7CTimerF12ChannelResetE19TIMER_CHANNELS_ENUM
                0x000060c0       0x12 Periphery/CTimerF.o
                0x000060c0                _ZN7CTimerF12ChannelResetE19TIMER_CHANNELS_ENUM
 .text._ZN7CTimerF9SetPeriodEj
                0x000060d2        0xa Periphery/CTimerF.o
                0x000060d2                _ZN7CTimerF9SetPeriodEj
 .text._ZN7CTimerF8SetCOMPAEj
                0x000060dc        0xa Periphery/CTimerF.o
                0x000060dc                _ZN7CTimerF8SetCOMPAEj
 .text._ZN7CTimerF8SetCOMPBEj
                0x000060e6        0xa Periphery/CTimerF.o
                0x000060e6                _ZN7CTimerF8SetCOMPBEj
 .text._ZN7CTimerF8SetCOMPCEj
                0x000060f0        0xa Periphery/CTimerF.o
                0x000060f0                _ZN7CTimerF8SetCOMPCEj
 .text._ZN7CTimerF8SetCOMPDEj
                0x000060fa        0xa Periphery/CTimerF.o
                0x000060fa                _ZN7CTimerF8SetCOMPDEj
 .text._ZN7CTimerF14SetOVFCallbackEPFvPvES0_17TC_OVFINTLVL_enum
                0x00006104       0x22 Periphery/CTimerF.o
                0x00006104                _ZN7CTimerF14SetOVFCallbackEPFvPvES0_17TC_OVFINTLVL_enum
 .text._ZN7CTimerF14SetERRCallbackEPFvPvES0_17TC_ERRINTLVL_enum
                0x00006126       0x22 Periphery/CTimerF.o
                0x00006126                _ZN7CTimerF14SetERRCallbackEPFvPvES0_17TC_ERRINTLVL_enum
 .text._ZN7CTimerF16SetCOMPACallbackEPFvPvES0_17TC_CCAINTLVL_enum
                0x00006148       0x22 Periphery/CTimerF.o
                0x00006148                _ZN7CTimerF16SetCOMPACallbackEPFvPvES0_17TC_CCAINTLVL_enum
 .text._ZN7CTimerF16SetCOMPBCallbackEPFvPvES0_17TC_CCBINTLVL_enum
                0x0000616a       0x22 Periphery/CTimerF.o
                0x0000616a                _ZN7CTimerF16SetCOMPBCallbackEPFvPvES0_17TC_CCBINTLVL_enum
 .text._ZN7CTimerF16SetCOMPCCallbackEPFvPvES0_17TC_CCCINTLVL_enum
                0x0000618c       0x22 Periphery/CTimerF.o
                0x0000618c                _ZN7CTimerF16SetCOMPCCallbackEPFvPvES0_17TC_CCCINTLVL_enum
 .text._ZN7CTimerF16SetCOMPDCallbackEPFvPvES0_17TC_CCDINTLVL_enum
                0x000061ae       0x22 Periphery/CTimerF.o
                0x000061ae                _ZN7CTimerF16SetCOMPDCallbackEPFvPvES0_17TC_CCDINTLVL_enum
 .text._ZN7CTimerFC2Ev
                0x000061d0       0x18 Periphery/CTimerF.o
                0x000061d0                _ZN7CTimerFC2Ev
                0x000061d0                _ZN7CTimerFC1Ev
 .text._ZN7CTimerFD2Ev
                0x000061e8       0x10 Periphery/CTimerF.o
                0x000061e8                _ZN7CTimerFD2Ev
                0x000061e8                _ZN7CTimerFD1Ev
 .text.avr-libc.fplib
                0x000061f8        0xe c:/program files (x86)/atmel/studio/7.0/toolchain/avr8/avr8-gnu-toolchain/bin/../lib/gcc/avr/4.9.2/../../../../avr/lib/avrxmega6\libm.a(fixsfsi.o)
                0x000061f8                __fixsfsi
 .text.avr-libc.fplib
                0x00006206       0x5e c:/program files (x86)/atmel/studio/7.0/toolchain/avr8/avr8-gnu-toolchain/bin/../lib/gcc/avr/4.9.2/../../../../avr/lib/avrxmega6\libm.a(fixunssfsi.o)
                0x00006206                __fixunssfsi
 .text.avr-libc.fplib
                0x00006264       0x7a c:/program files (x86)/atmel/studio/7.0/toolchain/avr8/avr8-gnu-toolchain/bin/../lib/gcc/avr/4.9.2/../../../../avr/lib/avrxmega6\libm.a(floatsisf.o)
                0x00006264                __floatunsisf
                0x00006268                __floatsisf
 .text.avr-libc.fplib
                0x000062de       0x44 c:/program files (x86)/atmel/studio/7.0/toolchain/avr8/avr8-gnu-toolchain/bin/../lib/gcc/avr/4.9.2/../../../../avr/lib/avrxmega6\libm.a(fp_split3.o)
                0x000062de                __fp_split3
                0x000062ee                __fp_splitA
 .text.avr-libc.fplib
                0x00006322        0xe c:/program files (x86)/atmel/studio/7.0/toolchain/avr8/avr8-gnu-toolchain/bin/../lib/gcc/avr/4.9.2/../../../../avr/lib/avrxmega6\libm.a(fp_zero.o)
                0x00006322                __fp_zero
                0x00006324                __fp_szero
 .text.avr-libc.fplib
                0x00006330        0x8 c:/program files (x86)/atmel/studio/7.0/toolchain/avr8/avr8-gnu-toolchain/bin/../lib/gcc/avr/4.9.2/../../../../avr/lib/avrxmega6\libm.a(mulsf3.o)
                0x00006330                __mulsf3
 .text.avr-libc.fplib
                0x00006338       0xd2 c:/program files (x86)/atmel/studio/7.0/toolchain/avr8/avr8-gnu-toolchain/bin/../lib/gcc/avr/4.9.2/../../../../avr/lib/avrxmega6\libm.a(mulsf3x.o)
                0x00006356                __mulsf3x
                0x0000635c                __mulsf3_pse
 .text.avr-libc.fplib
                0x0000640a        0xc c:/program files (x86)/atmel/studio/7.0/toolchain/avr8/avr8-gnu-toolchain/bin/../lib/gcc/avr/4.9.2/../../../../avr/lib/avrxmega6\libm.a(fp_inf.o)
                0x0000640a                __fp_inf
 .text.avr-libc.fplib
                0x00006416        0x6 c:/program files (x86)/atmel/studio/7.0/toolchain/avr8/avr8-gnu-toolchain/bin/../lib/gcc/avr/4.9.2/../../../../avr/lib/avrxmega6\libm.a(fp_nan.o)
                0x00006416                __fp_nan
 .text.avr-libc.fplib
                0x0000641c        0xe c:/program files (x86)/atmel/studio/7.0/toolchain/avr8/avr8-gnu-toolchain/bin/../lib/gcc/avr/4.9.2/../../../../avr/lib/avrxmega6\libm.a(fp_pscA.o)
                0x0000641c                __fp_pscA
 .text.avr-libc.fplib
                0x0000642a        0xe c:/program files (x86)/atmel/studio/7.0/toolchain/avr8/avr8-gnu-toolchain/bin/../lib/gcc/avr/4.9.2/../../../../avr/lib/avrxmega6\libm.a(fp_pscB.o)
                0x0000642a                __fp_pscB
 .text.avr-libc.fplib
                0x00006438       0x22 c:/program files (x86)/atmel/studio/7.0/toolchain/avr8/avr8-gnu-toolchain/bin/../lib/gcc/avr/4.9.2/../../../../avr/lib/avrxmega6\libm.a(fp_round.o)
                0x00006438                __fp_round
 .text.libgcc.mul
                0x0000645a       0x20 c:/program files (x86)/atmel/studio/7.0/toolchain/avr8/avr8-gnu-toolchain/bin/../lib/gcc/avr/4.9.2/avrxmega6\libgcc.a(_mulsi3.o)
                0x0000645a                __mulsi3
 .text.libgcc.div
                0x0000647a       0x28 c:/program files (x86)/atmel/studio/7.0/toolchain/avr8/avr8-gnu-toolchain/bin/../lib/gcc/avr/4.9.2/avrxmega6\libgcc.a(_udivmodhi4.o)
                0x0000647a                __udivmodhi4
 .text.libgcc.div
                0x000064a2       0x28 c:/program files (x86)/atmel/studio/7.0/toolchain/avr8/avr8-gnu-toolchain/bin/../lib/gcc/avr/4.9.2/avrxmega6\libgcc.a(_divmodhi4.o)
                0x000064a2                _div
                0x000064a2                __divmodhi4
 .text.libgcc.div
                0x000064ca       0x44 c:/program files (x86)/atmel/studio/7.0/toolchain/avr8/avr8-gnu-toolchain/bin/../lib/gcc/avr/4.9.2/avrxmega6\libgcc.a(_udivmodsi4.o)
                0x000064ca                __udivmodsi4
 .text.libgcc.div
                0x0000650e       0x2e c:/program files (x86)/atmel/studio/7.0/toolchain/avr8/avr8-gnu-toolchain/bin/../lib/gcc/avr/4.9.2/avrxmega6\libgcc.a(_divmodsi4.o)
                0x0000650e                __divmodsi4
 .text.libgcc.div
                0x0000653c       0x10 c:/program files (x86)/atmel/studio/7.0/toolchain/avr8/avr8-gnu-toolchain/bin/../lib/gcc/avr/4.9.2/avrxmega6\libgcc.a(_negsi2.o)
                0x0000653c                __negsi2
 .text.libgcc   0x0000654c       0x10 c:/program files (x86)/atmel/studio/7.0/toolchain/avr8/avr8-gnu-toolchain/bin/../lib/gcc/avr/4.9.2/avrxmega6\libgcc.a(_tablejump2.o)
                0x0000654c                __tablejump2__
 .text.libgcc.mul
                0x0000655c       0x1e c:/program files (x86)/atmel/studio/7.0/toolchain/avr8/avr8-gnu-toolchain/bin/../lib/gcc/avr/4.9.2/avrxmega6\libgcc.a(_umulhisi3.o)
                0x0000655c                __umulhisi3
 .text.libgcc.mul
                0x0000657a       0x16 c:/program files (x86)/atmel/studio/7.0/toolchain/avr8/avr8-gnu-toolchain/bin/../lib/gcc/avr/4.9.2/avrxmega6\libgcc.a(_muluhisi3.o)
                0x0000657a                __muluhisi3
 .text.avr-libc
                0x00006590      0x25a c:/program files (x86)/atmel/studio/7.0/toolchain/avr8/avr8-gnu-toolchain/bin/../lib/gcc/avr/4.9.2/../../../../avr/lib/avrxmega6\libc.a(malloc.o)
                0x00006590                malloc
                0x000066ba                free
 .text.avr-libc
                0x000067ea       0x12 c:/program files (x86)/atmel/studio/7.0/toolchain/avr8/avr8-gnu-toolchain/bin/../lib/gcc/avr/4.9.2/../../../../avr/lib/avrxmega6\libc.a(memcpy.o)
                0x000067ea                memcpy
 .text.avr-libc
                0x000067fc        0xe c:/program files (x86)/atmel/studio/7.0/toolchain/avr8/avr8-gnu-toolchain/bin/../lib/gcc/avr/4.9.2/../../../../avr/lib/avrxmega6\libatxmega128a3u.a(eerd_dword.o)
                0x000067fc                eeprom_read_float
                0x000067fc                eeprom_read_dword
 .text.avr-libc
                0x0000680a       0x10 c:/program files (x86)/atmel/studio/7.0/toolchain/avr8/avr8-gnu-toolchain/bin/../lib/gcc/avr/4.9.2/../../../../avr/lib/avrxmega6\libatxmega128a3u.a(eewr_dword.o)
                0x0000680a                eeprom_write_dword
                0x0000680a                eeprom_write_float
 .text.avr-libc
                0x0000681a        0xa c:/program files (x86)/atmel/studio/7.0/toolchain/avr8/avr8-gnu-toolchain/bin/../lib/gcc/avr/4.9.2/../../../../avr/lib/avrxmega6\libatxmega128a3u.a(eewr_word.o)
                0x0000681a                eeprom_write_word
 .text.avr-libc
                0x00006824       0x20 c:/program files (x86)/atmel/studio/7.0/toolchain/avr8/avr8-gnu-toolchain/bin/../lib/gcc/avr/4.9.2/../../../../avr/lib/avrxmega6\libatxmega128a3u.a(eerd_byte.o)
                0x00006824                eeprom_read_byte
                0x0000682c                eeprom_mapen
 .text.avr-libc
                0x00006844       0x46 c:/program files (x86)/atmel/studio/7.0/toolchain/avr8/avr8-gnu-toolchain/bin/../lib/gcc/avr/4.9.2/../../../../avr/lib/avrxmega6\libatxmega128a3u.a(eewr_byte.o)
                0x00006844                eeprom_write_byte
                0x00006846                eeprom_write_r18
                0x0000688a                . = ALIGN (0x2)
 *(.fini9)
 .fini9         0x0000688a        0x0 c:/program files (x86)/atmel/studio/7.0/toolchain/avr8/avr8-gnu-toolchain/bin/../lib/gcc/avr/4.9.2/avrxmega6\libgcc.a(_exit.o)
                0x0000688a                _exit
                0x0000688a                exit
 *(.fini9)
 *(.fini8)
 *(.fini8)
 *(.fini7)
 *(.fini7)
 *(.fini6)
 .fini6         0x0000688a       0x20 c:/program files (x86)/atmel/studio/7.0/toolchain/avr8/avr8-gnu-toolchain/bin/../lib/gcc/avr/4.9.2/avrxmega6\libgcc.a(_dtors.o)
                0x0000688a                __do_global_dtors
 *(.fini6)
 *(.fini5)
 *(.fini5)
 *(.fini4)
 *(.fini4)
 *(.fini3)
 *(.fini3)
 *(.fini2)
 *(.fini2)
 *(.fini1)
 *(.fini1)
 *(.fini0)
 .fini0         0x000068aa        0x4 c:/program files (x86)/atmel/studio/7.0/toolchain/avr8/avr8-gnu-toolchain/bin/../lib/gcc/avr/4.9.2/avrxmega6\libgcc.a(_exit.o)
 *(.fini0)
                0x000068ae                _etext = .

.data           0x00802000      0x2ae load address 0x000068ae
                0x00802000                PROVIDE (__data_start, .)
 *(.data)
 .data          0x00802000        0x6 c:/program files (x86)/atmel/studio/7.0/toolchain/avr8/avr8-gnu-toolchain/bin/../lib/gcc/avr/4.9.2/../../../../avr/lib/avrxmega6\libc.a(malloc.o)
                0x00802000                __malloc_heap_end
                0x00802002                __malloc_heap_start
                0x00802004                __malloc_margin
 *(.data*)
 .data.PowerTable
                0x00802006       0xdc CLaserControlApp.o
                0x00802006                PowerTable
 .data.TableNum
                0x008020e2       0x16 CLaserControlApp.o
                0x008020e2                TableNum
 .data.MaxDurationTable
                0x008020f8       0x16 CLaserControlApp.o
                0x008020f8                MaxDurationTable
 .data.MinDurationTable
                0x0080210e       0x16 CLaserControlApp.o
                0x0080210e                MinDurationTable
 .data.bscale_table
                0x00802124       0x20 Periphery/CDGUSUSART.o
                0x00802124                bscale_table
 .data.bsel_table
                0x00802144       0x20 Periphery/CDGUSUSART.o
                0x00802144                bsel_table
 *(.rodata)
 *(.rodata*)
 .rodata._ZTV16CLaserControlApp
                0x00802164       0x16 CLaserControlApp.o
                0x00802164                _ZTV16CLaserControlApp
 .rodata._ZTV6CTimer
                0x0080217a       0x24 LaserLib/CTimer.o
                0x0080217a                _ZTV6CTimer
 .rodata._ZTV7CTimer1
                0x0080219e       0x1e LaserLib/CTimer1.o
                0x0080219e                _ZTV7CTimer1
 .rodata._ZTV6CUSART
                0x008021bc       0x18 LaserLib/CUSART.o
                0x008021bc                _ZTV6CUSART
 .rodata._ZTV9CMBSender
                0x008021d4       0x16 MODBUS/CMBSender.o
                0x008021d4                _ZTV9CMBSender
 .rodata._ZTV10CDGUSUSART
                0x008021ea       0x18 Periphery/CDGUSUSART.o
                0x008021ea                _ZTV10CDGUSUSART
 .rodata._ZTV7CTimerC
                0x00802202       0x24 Periphery/CTimerC.o
                0x00802202                _ZTV7CTimerC
 .rodata._ZTV8CTimerC1
                0x00802226       0x1e Periphery/CTimerC1.o
                0x00802226                _ZTV8CTimerC1
 .rodata._ZTV7CTimerD
                0x00802244       0x24 Periphery/CTimerD.o
                0x00802244                _ZTV7CTimerD
 .rodata._ZTV8CTimerD1
                0x00802268       0x1e Periphery/CTimerD1.o
                0x00802268                _ZTV8CTimerD1
 .rodata._ZTV7CTimerF
                0x00802286       0x28 Periphery/CTimerF.o
                0x00802286                _ZTV7CTimerF
 *(.gnu.linkonce.d*)
                0x008022ae                . = ALIGN (0x2)
                0x008022ae                _edata = .
                0x008022ae                PROVIDE (__data_end, .)

.bss            0x008022ae      0x2c1
                0x008022ae                PROVIDE (__bss_start, .)
 *(.bss)
 *(.bss*)
 .bss._ZZN16CLaserControlApp6OnINT0EvE9isstarted
                0x008022ae        0x1 CLaserControlApp.o
 .bss.DatabaseStatusRegister
                0x008022af        0x1 CLaserControlApp.o
                0x008022af                DatabaseStatusRegister
 .bss.InterruptFuncTable
                0x008022b0       0xf6 LaserLib/intx128.o
                0x008022b0                InterruptFuncTable
 .bss.InterruptSenderTable
                0x008023a6       0xf6 LaserLib/intx128.o
                0x008023a6                InterruptSenderTable
 .bss._ZZ4mainE3prs
                0x0080249c        0x2 main.o
 .bss.temperature
                0x0080249e        0x2 main.o
                0x0080249e                temperature
 .bss.D18B20    0x008024a0        0x4 main.o
                0x008024a0                D18B20
 .bss.App       0x008024a4       0x80 main.o
                0x008024a4                App
 .bss.player    0x00802524        0x1 main.o
                0x00802524                player
 .bss.laserBoard
                0x00802525        0xa main.o
                0x00802525                laserBoard
 .bss.sender    0x0080252f       0x1d main.o
                0x0080252f                sender
 .bss.Database  0x0080254c        0x8 main.o
                0x0080254c                Database
 .bss.usart     0x00802554        0x2 main.o
                0x00802554                usart
 .bss.pwmtimer  0x00802556        0x3 main.o
                0x00802556                pwmtimer
 .bss.flowtimer
                0x00802559        0x3 main.o
                0x00802559                flowtimer
 .bss.laserTimer
                0x0080255c        0x3 main.o
                0x0080255c                laserTimer
 .bss.timeout   0x0080255f        0x3 main.o
                0x0080255f                timeout
 .bss.timer     0x00802562        0x3 main.o
                0x00802562                timer
 .bss.dacSPI    0x00802565        0x6 main.o
                0x00802565                dacSPI
 *(COMMON)
 COMMON         0x0080256b        0x4 c:/program files (x86)/atmel/studio/7.0/toolchain/avr8/avr8-gnu-toolchain/bin/../lib/gcc/avr/4.9.2/../../../../avr/lib/avrxmega6\libc.a(malloc.o)
                0x0080256b                __brkval
                0x0080256d                __flp
                0x0080256f                PROVIDE (__bss_end, .)
                0x000068ae                __data_load_start = LOADADDR (.data)
                0x00006b5c                __data_load_end = (__data_load_start + SIZEOF (.data))

.noinit         0x0080256f        0x0
                [!provide]                PROVIDE (__noinit_start, .)
 *(.noinit*)
                [!provide]                PROVIDE (__noinit_end, .)
                0x0080256f                _end = .
                0x0080256f                PROVIDE (__heap_start, .)

.eeprom         0x00810000        0x0
 *(.eeprom*)
                0x00810000                __eeprom_end = .

.fuse
 *(.fuse)
 *(.lfuse)
 *(.hfuse)
 *(.efuse)

.lock
 *(.lock*)

.signature
 *(.signature*)

.user_signatures
 *(.user_signatures*)

.stab
 *(.stab)

.stabstr
 *(.stabstr)

.stab.excl
 *(.stab.excl)

.stab.exclstr
 *(.stab.exclstr)

.stab.index
 *(.stab.index)

.stab.indexstr
 *(.stab.indexstr)

.comment        0x00000000       0x30
 *(.comment)
 .comment       0x00000000       0x30 CDGUSDatabase.o
                                 0x31 (size before relaxing)
 .comment       0x00000030       0x31 CLaserControlApp.o
 .comment       0x00000030       0x31 DGUSGUI.o
 .comment       0x00000030       0x31 LaserLib/CSPI.o
 .comment       0x00000030       0x31 LaserLib/CTimer.o
 .comment       0x00000030       0x31 LaserLib/CTimer1.o
 .comment       0x00000030       0x31 LaserLib/CUSART.o
 .comment       0x00000030       0x31 LaserLib/intx128.o
 .comment       0x00000030       0x31 main.o
 .comment       0x00000030       0x31 MODBUS/CMBProtocol.o
 .comment       0x00000030       0x31 MODBUS/CMBSender.o
 .comment       0x00000030       0x31 Periphery/CDGUSUSART.o
 .comment       0x00000030       0x31 Periphery/CDS18B20.o
 .comment       0x00000030       0x31 Periphery/CLaserBoard.o
 .comment       0x00000030       0x31 Periphery/CSoundPlayer.o
 .comment       0x00000030       0x31 Periphery/CTimerC.o
 .comment       0x00000030       0x31 Periphery/CTimerC1.o
 .comment       0x00000030       0x31 Periphery/CTimerD.o
 .comment       0x00000030       0x31 Periphery/CTimerD1.o
 .comment       0x00000030       0x31 Periphery/CTimerF.o
 .comment       0x00000030       0x31 c:/program files (x86)/atmel/studio/7.0/toolchain/avr8/avr8-gnu-toolchain/bin/../lib/gcc/avr/4.9.2/../../../../avr/lib/avrxmega6\libc.a(malloc.o)

.note.gnu.avr.deviceinfo
                0x00000000       0x40
 .note.gnu.avr.deviceinfo
                0x00000000       0x40 c:/program files (x86)/atmel/studio/7.0/toolchain/avr8/avr8-gnu-toolchain/bin/../lib/gcc/avr/4.9.2/../../../../avr/lib/avrxmega6/crtatxmega128a3u.o

.note.gnu.build-id
 *(.note.gnu.build-id)

.debug
 *(.debug)

.line
 *(.line)

.debug_srcinfo
 *(.debug_srcinfo)

.debug_sfnames
 *(.debug_sfnames)

.debug_aranges  0x00000000      0xca0
 *(.debug_aranges)
 .debug_aranges
                0x00000000       0x70 CDGUSDatabase.o
 .debug_aranges
                0x00000070      0x138 CLaserControlApp.o
 .debug_aranges
                0x000001a8       0x40 DGUSGUI.o
 .debug_aranges
                0x000001e8       0x58 LaserLib/CSPI.o
 .debug_aranges
                0x00000240       0x28 LaserLib/CTimer.o
 .debug_aranges
                0x00000268       0x28 LaserLib/CTimer1.o
 .debug_aranges
                0x00000290       0x28 LaserLib/CUSART.o
 .debug_aranges
                0x000002b8      0x348 LaserLib/intx128.o
 .debug_aranges
                0x00000600       0x40 main.o
 .debug_aranges
                0x00000640       0x50 MODBUS/CMBProtocol.o
 .debug_aranges
                0x00000690       0xf8 MODBUS/CMBSender.o
 .debug_aranges
                0x00000788       0x78 Periphery/CDGUSUSART.o
 .debug_aranges
                0x00000800       0x50 Periphery/CDS18B20.o
 .debug_aranges
                0x00000850       0xc8 Periphery/CLaserBoard.o
 .debug_aranges
                0x00000918       0x60 Periphery/CSoundPlayer.o
 .debug_aranges
                0x00000978       0xa8 Periphery/CTimerC.o
 .debug_aranges
                0x00000a20       0x90 Periphery/CTimerC1.o
 .debug_aranges
                0x00000ab0       0xa8 Periphery/CTimerD.o
 .debug_aranges
                0x00000b58       0x90 Periphery/CTimerD1.o
 .debug_aranges
                0x00000be8       0xb8 Periphery/CTimerF.o

.debug_pubnames
 *(.debug_pubnames)

.debug_info     0x00000000    0x18007
 *(.debug_info .gnu.linkonce.wi.*)
 .debug_info    0x00000000     0x3409 c:/program files (x86)/atmel/studio/7.0/toolchain/avr8/avr8-gnu-toolchain/bin/../lib/gcc/avr/4.9.2/../../../../avr/lib/avrxmega6/crtatxmega128a3u.o
 .debug_info    0x00003409      0x9f5 CDGUSDatabase.o
 .debug_info    0x00003dfe     0x3fc7 CLaserControlApp.o
 .debug_info    0x00007dc5      0x20f DGUSGUI.o
 .debug_info    0x00007fd4      0x7ee LaserLib/CSPI.o
 .debug_info    0x000087c2      0x6a3 LaserLib/CTimer.o
 .debug_info    0x00008e65      0x5a8 LaserLib/CTimer1.o
 .debug_info    0x0000940d      0x606 LaserLib/CUSART.o
 .debug_info    0x00009a13      0x91e LaserLib/intx128.o
 .debug_info    0x0000a331     0x2163 main.o
 .debug_info    0x0000c494      0x595 MODBUS/CMBProtocol.o
 .debug_info    0x0000ca29     0x12e6 MODBUS/CMBSender.o
 .debug_info    0x0000dd0f     0x1095 Periphery/CDGUSUSART.o
 .debug_info    0x0000eda4      0x8df Periphery/CDS18B20.o
 .debug_info    0x0000f683      0xf07 Periphery/CLaserBoard.o
 .debug_info    0x0001058a     0x139d Periphery/CSoundPlayer.o
 .debug_info    0x00011927     0x15ac Periphery/CTimerC.o
 .debug_info    0x00012ed3     0x128d Periphery/CTimerC1.o
 .debug_info    0x00014160     0x15ac Periphery/CTimerD.o
 .debug_info    0x0001570c     0x128d Periphery/CTimerD1.o
 .debug_info    0x00016999     0x166e Periphery/CTimerF.o

.debug_abbrev   0x00000000     0x650f
 *(.debug_abbrev)
 .debug_abbrev  0x00000000     0x3148 c:/program files (x86)/atmel/studio/7.0/toolchain/avr8/avr8-gnu-toolchain/bin/../lib/gcc/avr/4.9.2/../../../../avr/lib/avrxmega6/crtatxmega128a3u.o
 .debug_abbrev  0x00003148      0x2ce CDGUSDatabase.o
 .debug_abbrev  0x00003416      0x598 CLaserControlApp.o
 .debug_abbrev  0x000039ae      0x10d DGUSGUI.o
 .debug_abbrev  0x00003abb      0x2a7 LaserLib/CSPI.o
 .debug_abbrev  0x00003d62      0x182 LaserLib/CTimer.o
 .debug_abbrev  0x00003ee4      0x182 LaserLib/CTimer1.o
 .debug_abbrev  0x00004066      0x1ed LaserLib/CUSART.o
 .debug_abbrev  0x00004253       0x83 LaserLib/intx128.o
 .debug_abbrev  0x000042d6      0x3e0 main.o
 .debug_abbrev  0x000046b6      0x212 MODBUS/CMBProtocol.o
 .debug_abbrev  0x000048c8      0x39b MODBUS/CMBSender.o
 .debug_abbrev  0x00004c63      0x2d9 Periphery/CDGUSUSART.o
 .debug_abbrev  0x00004f3c      0x2f6 Periphery/CDS18B20.o
 .debug_abbrev  0x00005232      0x2e8 Periphery/CLaserBoard.o
 .debug_abbrev  0x0000551a      0x2b9 Periphery/CSoundPlayer.o
 .debug_abbrev  0x000057d3      0x29c Periphery/CTimerC.o
 .debug_abbrev  0x00005a6f      0x2b4 Periphery/CTimerC1.o
 .debug_abbrev  0x00005d23      0x29c Periphery/CTimerD.o
 .debug_abbrev  0x00005fbf      0x2b4 Periphery/CTimerD1.o
 .debug_abbrev  0x00006273      0x29c Periphery/CTimerF.o

.debug_line     0x00000000     0x5dc6
 *(.debug_line .debug_line.* .debug_line_end)
 .debug_line    0x00000000       0x1a c:/program files (x86)/atmel/studio/7.0/toolchain/avr8/avr8-gnu-toolchain/bin/../lib/gcc/avr/4.9.2/../../../../avr/lib/avrxmega6/crtatxmega128a3u.o
 .debug_line    0x0000001a      0x34e CDGUSDatabase.o
 .debug_line    0x00000368     0x1116 CLaserControlApp.o
 .debug_line    0x0000147e      0x11e DGUSGUI.o
 .debug_line    0x0000159c      0x2f4 LaserLib/CSPI.o
 .debug_line    0x00001890      0x153 LaserLib/CTimer.o
 .debug_line    0x000019e3      0x155 LaserLib/CTimer1.o
 .debug_line    0x00001b38      0x145 LaserLib/CUSART.o
 .debug_line    0x00001c7d     0x100e LaserLib/intx128.o
 .debug_line    0x00002c8b      0x50b main.o
 .debug_line    0x00003196      0x2c7 MODBUS/CMBProtocol.o
 .debug_line    0x0000345d      0x79f MODBUS/CMBSender.o
 .debug_line    0x00003bfc      0x343 Periphery/CDGUSUSART.o
 .debug_line    0x00003f3f      0x38d Periphery/CDS18B20.o
 .debug_line    0x000042cc      0x5a5 Periphery/CLaserBoard.o
 .debug_line    0x00004871      0x340 Periphery/CSoundPlayer.o
 .debug_line    0x00004bb1      0x3bb Periphery/CTimerC.o
 .debug_line    0x00004f6c      0x35b Periphery/CTimerC1.o
 .debug_line    0x000052c7      0x3bb Periphery/CTimerD.o
 .debug_line    0x00005682      0x35b Periphery/CTimerD1.o
 .debug_line    0x000059dd      0x3e9 Periphery/CTimerF.o

.debug_frame    0x00000000     0x3964
 *(.debug_frame)
 .debug_frame   0x00000000      0x218 CDGUSDatabase.o
 .debug_frame   0x00000218      0x430 CLaserControlApp.o
 .debug_frame   0x00000648       0x8c DGUSGUI.o
 .debug_frame   0x000006d4       0xbc LaserLib/CSPI.o
 .debug_frame   0x00000790       0x34 LaserLib/CTimer.o
 .debug_frame   0x000007c4       0x34 LaserLib/CTimer1.o
 .debug_frame   0x000007f8       0x34 LaserLib/CUSART.o
 .debug_frame   0x0000082c     0x2324 LaserLib/intx128.o
 .debug_frame   0x00002b50       0x94 main.o
 .debug_frame   0x00002be4       0xc4 MODBUS/CMBProtocol.o
 .debug_frame   0x00002ca8      0x2dc MODBUS/CMBSender.o
 .debug_frame   0x00002f84       0xe8 Periphery/CDGUSUSART.o
 .debug_frame   0x0000306c       0xa0 Periphery/CDS18B20.o
 .debug_frame   0x0000310c      0x180 Periphery/CLaserBoard.o
 .debug_frame   0x0000328c       0xd8 Periphery/CSoundPlayer.o
 .debug_frame   0x00003364      0x140 Periphery/CTimerC.o
 .debug_frame   0x000034a4      0x110 Periphery/CTimerC1.o
 .debug_frame   0x000035b4      0x140 Periphery/CTimerD.o
 .debug_frame   0x000036f4      0x110 Periphery/CTimerD1.o
 .debug_frame   0x00003804      0x160 Periphery/CTimerF.o

.debug_str      0x00000000     0x92c1
 *(.debug_str)
 .debug_str     0x00000000     0x223b c:/program files (x86)/atmel/studio/7.0/toolchain/avr8/avr8-gnu-toolchain/bin/../lib/gcc/avr/4.9.2/../../../../avr/lib/avrxmega6/crtatxmega128a3u.o
 .debug_str     0x0000223b      0x5e2 CDGUSDatabase.o
                                0x671 (size before relaxing)
 .debug_str     0x0000281d     0x1cd9 CLaserControlApp.o
                               0x245d (size before relaxing)
 .debug_str     0x000044f6       0x24 DGUSGUI.o
                                0x24b (size before relaxing)
 .debug_str     0x0000451a      0x1b5 LaserLib/CSPI.o
                                0x713 (size before relaxing)
 .debug_str     0x000046cf      0x4cb LaserLib/CTimer.o
                                0xa3e (size before relaxing)
 .debug_str     0x00004b9a      0x269 LaserLib/CTimer1.o
                                0x8b8 (size before relaxing)
 .debug_str     0x00004e03      0x56b LaserLib/CUSART.o
                                0x7b0 (size before relaxing)
 .debug_str     0x0000536e      0x4e2 LaserLib/intx128.o
                                0x6bb (size before relaxing)
 .debug_str     0x00005850     0x124f main.o
                               0x260f (size before relaxing)
 .debug_str     0x00006a9f      0x289 MODBUS/CMBProtocol.o
                                0x4eb (size before relaxing)
 .debug_str     0x00006d28      0x608 MODBUS/CMBSender.o
                                0xb3e (size before relaxing)
 .debug_str     0x00007330      0xcd4 Periphery/CDGUSUSART.o
                               0x1669 (size before relaxing)
 .debug_str     0x00008004       0x51 Periphery/CDS18B20.o
                                0x4de (size before relaxing)
 .debug_str     0x00008055      0x5b5 Periphery/CLaserBoard.o
                                0xcd9 (size before relaxing)
 .debug_str     0x0000860a      0x3a2 Periphery/CSoundPlayer.o
                                0xc20 (size before relaxing)
 .debug_str     0x000089ac      0x263 Periphery/CTimerC.o
                               0x1295 (size before relaxing)
 .debug_str     0x00008c0f      0x1db Periphery/CTimerC1.o
                               0x1144 (size before relaxing)
 .debug_str     0x00008dea      0x109 Periphery/CTimerD.o
                               0x1295 (size before relaxing)
 .debug_str     0x00008ef3      0x205 Periphery/CTimerD1.o
                               0x1144 (size before relaxing)
 .debug_str     0x000090f8      0x1c9 Periphery/CTimerF.o
                               0x130b (size before relaxing)

.debug_loc      0x00000000     0xa500
 *(.debug_loc)
 .debug_loc     0x00000000      0x8cf CDGUSDatabase.o
 .debug_loc     0x000008cf     0x1459 CLaserControlApp.o
 .debug_loc     0x00001d28      0x2ad DGUSGUI.o
 .debug_loc     0x00001fd5      0x276 LaserLib/CSPI.o
 .debug_loc     0x0000224b     0x50e2 LaserLib/intx128.o
 .debug_loc     0x0000732d       0xab main.o
 .debug_loc     0x000073d8      0x356 MODBUS/CMBProtocol.o
 .debug_loc     0x0000772e      0xf2e MODBUS/CMBSender.o
 .debug_loc     0x0000865c      0x210 Periphery/CDGUSUSART.o
 .debug_loc     0x0000886c      0x362 Periphery/CDS18B20.o
 .debug_loc     0x00008bce      0x532 Periphery/CLaserBoard.o
 .debug_loc     0x00009100      0x344 Periphery/CSoundPlayer.o
 .debug_loc     0x00009444      0x366 Periphery/CTimerC.o
 .debug_loc     0x000097aa      0x2fe Periphery/CTimerC1.o
 .debug_loc     0x00009aa8      0x366 Periphery/CTimerD.o
 .debug_loc     0x00009e0e      0x2fe Periphery/CTimerD1.o
 .debug_loc     0x0000a10c      0x3f4 Periphery/CTimerF.o

.debug_macinfo
 *(.debug_macinfo)

.debug_weaknames
 *(.debug_weaknames)

.debug_funcnames
 *(.debug_funcnames)

.debug_typenames
 *(.debug_typenames)

.debug_varnames
 *(.debug_varnames)

.debug_pubtypes
 *(.debug_pubtypes)

.debug_ranges   0x00000000      0xb78
 *(.debug_ranges)
 .debug_ranges  0x00000000       0x60 CDGUSDatabase.o
 .debug_ranges  0x00000060      0x128 CLaserControlApp.o
 .debug_ranges  0x00000188       0x30 DGUSGUI.o
 .debug_ranges  0x000001b8       0x48 LaserLib/CSPI.o
 .debug_ranges  0x00000200       0x18 LaserLib/CTimer.o
 .debug_ranges  0x00000218       0x18 LaserLib/CTimer1.o
 .debug_ranges  0x00000230       0x18 LaserLib/CUSART.o
 .debug_ranges  0x00000248      0x338 LaserLib/intx128.o
 .debug_ranges  0x00000580       0x48 main.o
 .debug_ranges  0x000005c8       0x40 MODBUS/CMBProtocol.o
 .debug_ranges  0x00000608       0xe8 MODBUS/CMBSender.o
 .debug_ranges  0x000006f0       0x68 Periphery/CDGUSUSART.o
 .debug_ranges  0x00000758       0x40 Periphery/CDS18B20.o
 .debug_ranges  0x00000798       0xb8 Periphery/CLaserBoard.o
 .debug_ranges  0x00000850       0x50 Periphery/CSoundPlayer.o
 .debug_ranges  0x000008a0       0x98 Periphery/CTimerC.o
 .debug_ranges  0x00000938       0x80 Periphery/CTimerC1.o
 .debug_ranges  0x000009b8       0x98 Periphery/CTimerD.o
 .debug_ranges  0x00000a50       0x80 Periphery/CTimerD1.o
 .debug_ranges  0x00000ad0       0xa8 Periphery/CTimerF.o

.debug_macro
 *(.debug_macro)
OUTPUT(ATxmegaLaserDiode.elf elf32-avr)
LOAD linker stubs
