Archive member included to satisfy reference by file (symbol)

c:/program files (x86)/atmel/studio/7.0/toolchain/avr8/avr8-gnu-toolchain/bin/../lib/gcc/avr/4.9.2/../../../../avr/lib/avrxmega6\libm.a(fixsfsi.o)
                              Periphery/CDS18B20.o (__fixsfsi)
c:/program files (x86)/atmel/studio/7.0/toolchain/avr8/avr8-gnu-toolchain/bin/../lib/gcc/avr/4.9.2/../../../../avr/lib/avrxmega6\libm.a(fixunssfsi.o)
                              c:/program files (x86)/atmel/studio/7.0/toolchain/avr8/avr8-gnu-toolchain/bin/../lib/gcc/avr/4.9.2/../../../../avr/lib/avrxmega6\libm.a(fixsfsi.o) (__fixunssfsi)
c:/program files (x86)/atmel/studio/7.0/toolchain/avr8/avr8-gnu-toolchain/bin/../lib/gcc/avr/4.9.2/../../../../avr/lib/avrxmega6\libm.a(floatsisf.o)
                              Periphery/CDS18B20.o (__floatsisf)
c:/program files (x86)/atmel/studio/7.0/toolchain/avr8/avr8-gnu-toolchain/bin/../lib/gcc/avr/4.9.2/../../../../avr/lib/avrxmega6\libm.a(fp_split3.o)
                              c:/program files (x86)/atmel/studio/7.0/toolchain/avr8/avr8-gnu-toolchain/bin/../lib/gcc/avr/4.9.2/../../../../avr/lib/avrxmega6\libm.a(fixunssfsi.o) (__fp_splitA)
c:/program files (x86)/atmel/studio/7.0/toolchain/avr8/avr8-gnu-toolchain/bin/../lib/gcc/avr/4.9.2/../../../../avr/lib/avrxmega6\libm.a(fp_zero.o)
                              c:/program files (x86)/atmel/studio/7.0/toolchain/avr8/avr8-gnu-toolchain/bin/../lib/gcc/avr/4.9.2/../../../../avr/lib/avrxmega6\libm.a(fixunssfsi.o) (__fp_zero)
c:/program files (x86)/atmel/studio/7.0/toolchain/avr8/avr8-gnu-toolchain/bin/../lib/gcc/avr/4.9.2/../../../../avr/lib/avrxmega6\libm.a(mulsf3.o)
                              Periphery/CDS18B20.o (__mulsf3)
c:/program files (x86)/atmel/studio/7.0/toolchain/avr8/avr8-gnu-toolchain/bin/../lib/gcc/avr/4.9.2/../../../../avr/lib/avrxmega6\libm.a(mulsf3x.o)
                              c:/program files (x86)/atmel/studio/7.0/toolchain/avr8/avr8-gnu-toolchain/bin/../lib/gcc/avr/4.9.2/../../../../avr/lib/avrxmega6\libm.a(mulsf3.o) (__mulsf3x)
c:/program files (x86)/atmel/studio/7.0/toolchain/avr8/avr8-gnu-toolchain/bin/../lib/gcc/avr/4.9.2/../../../../avr/lib/avrxmega6\libm.a(fp_inf.o)
                              c:/program files (x86)/atmel/studio/7.0/toolchain/avr8/avr8-gnu-toolchain/bin/../lib/gcc/avr/4.9.2/../../../../avr/lib/avrxmega6\libm.a(mulsf3x.o) (__fp_inf)
c:/program files (x86)/atmel/studio/7.0/toolchain/avr8/avr8-gnu-toolchain/bin/../lib/gcc/avr/4.9.2/../../../../avr/lib/avrxmega6\libm.a(fp_nan.o)
                              c:/program files (x86)/atmel/studio/7.0/toolchain/avr8/avr8-gnu-toolchain/bin/../lib/gcc/avr/4.9.2/../../../../avr/lib/avrxmega6\libm.a(mulsf3x.o) (__fp_nan)
c:/program files (x86)/atmel/studio/7.0/toolchain/avr8/avr8-gnu-toolchain/bin/../lib/gcc/avr/4.9.2/../../../../avr/lib/avrxmega6\libm.a(fp_pscA.o)
                              c:/program files (x86)/atmel/studio/7.0/toolchain/avr8/avr8-gnu-toolchain/bin/../lib/gcc/avr/4.9.2/../../../../avr/lib/avrxmega6\libm.a(mulsf3x.o) (__fp_pscA)
c:/program files (x86)/atmel/studio/7.0/toolchain/avr8/avr8-gnu-toolchain/bin/../lib/gcc/avr/4.9.2/../../../../avr/lib/avrxmega6\libm.a(fp_pscB.o)
                              c:/program files (x86)/atmel/studio/7.0/toolchain/avr8/avr8-gnu-toolchain/bin/../lib/gcc/avr/4.9.2/../../../../avr/lib/avrxmega6\libm.a(mulsf3x.o) (__fp_pscB)
c:/program files (x86)/atmel/studio/7.0/toolchain/avr8/avr8-gnu-toolchain/bin/../lib/gcc/avr/4.9.2/../../../../avr/lib/avrxmega6\libm.a(fp_round.o)
                              c:/program files (x86)/atmel/studio/7.0/toolchain/avr8/avr8-gnu-toolchain/bin/../lib/gcc/avr/4.9.2/../../../../avr/lib/avrxmega6\libm.a(mulsf3.o) (__fp_round)
c:/program files (x86)/atmel/studio/7.0/toolchain/avr8/avr8-gnu-toolchain/bin/../lib/gcc/avr/4.9.2/avrxmega6\libgcc.a(_mulsi3.o)
                              CLaserControlApp.o (__mulsi3)
c:/program files (x86)/atmel/studio/7.0/toolchain/avr8/avr8-gnu-toolchain/bin/../lib/gcc/avr/4.9.2/avrxmega6\libgcc.a(_udivmodhi4.o)
                              CLaserControlApp.o (__udivmodhi4)
c:/program files (x86)/atmel/studio/7.0/toolchain/avr8/avr8-gnu-toolchain/bin/../lib/gcc/avr/4.9.2/avrxmega6\libgcc.a(_divmodhi4.o)
                              CLaserControlApp.o (__divmodhi4)
c:/program files (x86)/atmel/studio/7.0/toolchain/avr8/avr8-gnu-toolchain/bin/../lib/gcc/avr/4.9.2/avrxmega6\libgcc.a(_udivmodsi4.o)
                              CLaserControlApp.o (__udivmodsi4)
c:/program files (x86)/atmel/studio/7.0/toolchain/avr8/avr8-gnu-toolchain/bin/../lib/gcc/avr/4.9.2/avrxmega6\libgcc.a(_divmodsi4.o)
                              Periphery/CSoundPlayer.o (__divmodsi4)
c:/program files (x86)/atmel/studio/7.0/toolchain/avr8/avr8-gnu-toolchain/bin/../lib/gcc/avr/4.9.2/avrxmega6\libgcc.a(_negsi2.o)
[...]
Memory Configuration

Name             Origin             Length             Attributes
text             0x00000000         0x00100000         xr
data             0x00802000         0x0000ffa0         rw !x
eeprom           0x00810000         0x00010000         rw !x
fuse             0x00820000         0x00000006         rw !x
lock             0x00830000         0x00000400         rw !x
signature        0x00840000         0x00000400         rw !x
user_signatures  0x00850000         0x00000400         rw !x
*default*        0x00000000         0xffffffff

Linker script and memory map

LOAD c:/program files (x86)/atmel/studio/7.0/toolchain/avr8/avr8-gnu-toolchain/bin/../lib/gcc/avr/4.9.2/../../../../avr/lib/avrxmega6/crtatxmega128a3u.o
LOAD CDGUSDatabase.o
LOAD CLaserControlApp.o
LOAD DGUSGUI.o
LOAD LaserLib/CSPI.o
LOAD LaserLib/CTimer.o
LOAD LaserLib/CTimer1.o
LOAD LaserLib/CUSART.o
LOAD LaserLib/intx128.o
LOAD main.o
LOAD MODBUS/CMBProtocol.o
LOAD MODBUS/CMBSender.o
LOAD Periphery/CDGUSUSART.o
LOAD Periphery/CDS18B20.o
LOAD Periphery/CLaserBoard.o
LOAD Periphery/CSoundPlayer.o
LOAD Periphery/CTimerC.o
LOAD Periphery/CTimerC1.o
LOAD Periphery/CTimerD.o
LOAD Periphery/CTimerD1.o
LOAD Periphery/CTimerF.o
START GROUP
LOAD c:/program files (x86)/atmel/studio/7.0/toolchain/avr8/avr8-gnu-toolchain/bin/../lib/gcc/avr/4.9.2/../../../../avr/lib/avrxmega6\libm.a
END GROUP
LOAD c:/program files (x86)/atmel/studio/7.0/toolchain/avr8/avr8-gnu-toolchain/bin/../lib/gcc/avr/4.9.2/avrxmega6\libgcc.a
LOAD c:/program files (x86)/atmel/studio/7.0/toolchain/avr8/avr8-gnu-toolchain/bin/../lib/gcc/avr/4.9.2/../../../../avr/lib/avrxmega6\libm.a
START GROUP
LOAD c:/program files (x86)/atmel/studio/7.0/toolchain/avr8/avr8-gnu-toolchain/bin/../lib/gcc/avr/4.9.2/avrxmega6\libgcc.a
LOAD c:/program files (x86)/atmel/studio/7.0/toolchain/avr8/avr8-gnu-toolchain/bin/../lib/gcc/avr/4.9.2/../../../../avr/lib/avrxmega6\libm.a
LOAD c:/program files (x86)/atmel/studio/7.0/toolchain/avr8/avr8-gnu-toolchain/bin/../lib/gcc/avr/4.9.2/../../../../avr/lib/avrxmega6\libc.a
LOAD c:/program files (x86)/atmel/studio/7.0/toolchain/avr8/avr8-gnu-toolchain/bin/../lib/gcc/avr/4.9.2/../../../../avr/lib/avrxmega6\libatxmega128a3u.a
END GROUP
                0x00100000                __TEXT_REGION_LENGTH__ = DEFINED (__TEXT_REGION_LENGTH__)?__TEXT_REGION_LENGTH__:0x100000
                0x0000ffa0                __DATA_REGION_LENGTH__ = DEFINED (__DATA_REGION_LENGTH__)?__DATA_REGION_LENGTH__:0xffa0
                0x00010000                __EEPROM_REGION_LENGTH__ = DEFINED (__EEPROM_REGION_LENGTH__)?__EEPROM_REGION_LENGTH__:0x10000
                [0x00000006]                __FUSE_REGION_LENGTH__ = DEFINED (__FUSE_REGION_LENGTH__)?__FUSE_REGION_LENGTH__:0x400
                0x00000400                __LOCK_REGION_LENGTH__ = DEFINED (__LOCK_REGION_LENGTH__)?__LOCK_REGION_LENGTH__:0x400
                0x00000400                __SIGNATURE_REGION_LENGTH__ = DEFINED (__SIGNATURE_REGION_LENGTH__)?__SIGNATURE_REGION_LENGTH__:0x400
                0x00000400                __USER_SIGNATURE_REGION_LENGTH__ = DEFINED (__USER_SIGNATURE_REGION_LENGTH__)?__USER_SIGNATURE_REGION_LENGTH__:0x400

.hash
 *(.hash)

.dynsym
 *(.dynsym)

.dynstr
 *(.dynstr)

.gnu.version
 *(.gnu.version)

.gnu.version_d
 *(.gnu.version_d)

.gnu.version_r
 *(.gnu.version_r)

.rel.init
 *(.rel.init)

.rela.init
 *(.rela.init)

.rel.text
 *(.rel.text)
 *(.rel.text.*)
 *(.rel.gnu.linkonce.t*)

.rela.text
 *(.rela.text)
 *(.rela.text.*)
 *(.rela.gnu.linkonce.t*)

.rel.fini
 *(.rel.fini)

.rela.fini
 *(.rela.fini)

.rel.rodata
 *(.rel.rodata)
 *(.rel.rodata.*)
 *(.rel.gnu.linkonce.r*)

.rela.rodata
 *(.rela.rodata)
 *(.rela.rodata.*)
 *(.rela.gnu.linkonce.r*)

.rel.data
 *(.rel.data)
 *(.rel.data.*)
 *(.rel.gnu.linkonce.d*)

.rela.data
 *(.rela.data)
 *(.rela.data.*)
 *(.rela.gnu.linkonce.d*)

.rel.ctors
 *(.rel.ctors)

.rela.ctors
 *(.rela.ctors)

.rel.dtors
 *(.rel.dtors)

.rela.dtors
 *(.rela.dtors)

.rel.got
 *(.rel.got)

.rela.got
 *(.rela.got)

.rel.bss
 *(.rel.bss)

.rela.bss
 *(.rela.bss)

.rel.plt
 *(.rel.plt)

.rela.plt
 *(.rela.plt)

.text           0x00000000     0x6a2e
 *(.vectors)
 .vectors       0x00000000      0x1fc c:/program files (x86)/atmel/studio/7.0/toolchain/avr8/avr8-gnu-toolchain/bin/../lib/gcc/avr/4.9.2/../../../../avr/lib/avrxmega6/crtatxmega128a3u.o
                0x00000000                __vector_default
                0x00000000                __vectors
 *(.vectors)
 *(.progmem.gcc*)
 .progmem.gcc_sw_table._ZN16CLaserControlApp18OnRegisterReceivedEhPhh
                0x000001fc       0x60 CLaserControlApp.o
 .progmem.gcc_sw_table._ZN16CLaserControlApp18OnVariableReceivedEjPjj
                0x0000025c       0x24 CLaserControlApp.o
 .progmem.gcc_sw_table._ZN9CMBSender13OnReceiveByteEh
                0x00000280       0x16 MODBUS/CMBSender.o
                0x00000296                . = ALIGN (0x2)
                0x00000296                __trampolines_start = .
 *(.trampolines)
 .trampolines   0x00000296      0x280 linker stubs
 *(.trampolines*)
                0x00000516                __trampolines_end = .
 *(.progmem*)
                0x00000516                . = ALIGN (0x2)
 *(.jumptables)
 *(.jumptables*)
 *(.lowtext)
 *(.lowtext*)
                0x00000516                __ctors_start = .
 *(.ctors)
 .ctors         0x00000516        0x2 main.o
                0x00000518                __ctors_end = .
                0x00000518                __dtors_start = .
 *(.dtors)
 .dtors         0x00000518        0x2 main.o
                0x0000051a                __dtors_end = .
 SORT(*)(.ctors)
 SORT(*)(.dtors)
 *(.init0)
 .init0         0x0000051a        0x0 c:/program files (x86)/atmel/studio/7.0/toolchain/avr8/avr8-gnu-toolchain/bin/../lib/gcc/avr/4.9.2/../../../../avr/lib/avrxmega6/crtatxmega128a3u.o
                0x0000051a                __init
 *(.init0)
 *(.init1)
 *(.init1)
 *(.init2)
 .init2         0x0000051a       0x10 c:/program files (x86)/atmel/studio/7.0/toolchain/avr8/avr8-gnu-toolchain/bin/../lib/gcc/avr/4.9.2/../../../../avr/lib/avrxmega6/crtatxmega128a3u.o
 *(.init2)
 *(.init3)
 *(.init3)
 *(.init4)
 .init4         0x0000052a       0x1a c:/program files (x86)/atmel/studio/7.0/toolchain/avr8/avr8-gnu-toolchain/bin/../lib/gcc/avr/4.9.2/avrxmega6\libgcc.a(_copy_data.o)
                0x0000052a                __do_copy_data
 .init4         0x00000544       0x10 c:/program files (x86)/atmel/studio/7.0/toolchain/avr8/avr8-gnu-toolchain/bin/../lib/gcc/avr/4.9.2/avrxmega6\libgcc.a(_clear_bss.o)
                0x00000544                __do_clear_bss
 *(.init4)
 *(.init5)
 *(.init5)
 *(.init6)
 .init6         0x00000554       0x20 c:/program files (x86)/atmel/studio/7.0/toolchain/avr8/avr8-gnu-toolchain/bin/../lib/gcc/avr/4.9.2/avrxmega6\libgcc.a(_ctors.o)
                0x00000554                __do_global_ctors
 *(.init6)
 *(.init7)
 *(.init7)
 *(.init8)
 *(.init8)
 *(.init9)
 .init9         0x00000574        0x8 c:/program files (x86)/atmel/studio/7.0/toolchain/avr8/avr8-gnu-toolchain/bin/../lib/gcc/avr/4.9.2/../../../../avr/lib/avrxmega6/crtatxmega128a3u.o
 *(.init9)
 *(.text)
 .text          0x0000057c        0x4 c:/program files (x86)/atmel/studio/7.0/toolchain/avr8/avr8-gnu-toolchain/bin/../lib/gcc/avr/4.9.2/../../../../avr/lib/avrxmega6/crtatxmega128a3u.o
                0x0000057c                __vector_75
                0x0000057c                __vector_102
                0x0000057c                __bad_interrupt
                0x0000057c                __vector_122
                0x0000057c                __vector_114
                0x0000057c                __vector_117
                0x0000057c                __vector_107
                0x0000057c                __vector_98
                0x0000057c                __vector_99
                0x0000057c                __vector_125
                0x0000057c                __vector_123
                0x0000057c                __vector_100
                0x0000057c                __vector_101
                0x0000057c                __vector_76
                0x0000057c                __vector_115
                0x0000057c                __vector_95
                0x0000057c                __vector_103
                0x0000057c                __vector_96
                0x0000057c                __vector_106
                0x0000057c                __vector_118
                0x0000057c                __vector_94
                0x0000057c                __vector_126
                0x0000057c                __vector_124
                0x0000057c                __vector_116
                0x0000057c                __vector_97
                0x00000580                . = ALIGN (0x2)
 *(.text.*)
 .text._ZN13CDGUSDatabaseC2Ev
                0x00000580        0x2 CDGUSDatabase.o
                0x00000580                _ZN13CDGUSDatabaseC2Ev
                0x00000580                _ZN13CDGUSDatabaseC1Ev
 .text._ZN13CDGUSDatabaseD2Ev
                0x00000582        0x2 CDGUSDatabase.o
                0x00000582                _ZN13CDGUSDatabaseD2Ev
                0x00000582                _ZN13CDGUSDatabaseD1Ev
 .text._ZN13CDGUSDatabase10InitializeEP9CMBSenderj
                0x00000584       0x18 CDGUSDatabase.o
                0x00000584                _ZN13CDGUSDatabase10InitializeEP9CMBSenderj
 .text._ZN13CDGUSDatabase18MapDatabaseToWriteEjmj
                0x0000059c       0xca CDGUSDatabase.o
                0x0000059c                _ZN13CDGUSDatabase18MapDatabaseToWriteEjmj
 .text._ZN13CDGUSDatabase17MapDatabaseToReadEjmj
                0x00000666       0xca CDGUSDatabase.o
                0x00000666                _ZN13CDGUSDatabase17MapDatabaseToReadEjmj
 .text._ZN13CDGUSDatabase5UnMapEv
                0x00000730       0x3c CDGUSDatabase.o
                0x00000730                _ZN13CDGUSDatabase5UnMapEv
 .text._ZN16CLaserControlApp21OnTransactionCallbackEPhj
                0x0000076c        0x2 CLaserControlApp.o
                0x0000076c                _ZN16CLaserControlApp21OnTransactionCallbackEPhj
 .text._ZN16CLaserControlApp18OnRegisterReceivedEhPhh
                0x0000076e      0x142 CLaserControlApp.o
                0x0000076e                _ZN16CLaserControlApp18OnRegisterReceivedEhPhh
 .text._ZN16CLaserControlApp18OnVariableReceivedEjPjj
                0x000008b0      0x19a CLaserControlApp.o
                0x000008b0                _ZN16CLaserControlApp18OnVariableReceivedEjPjj
 .text._ZN16CLaserControlAppC2Ev
                0x00000a4a        0xc CLaserControlApp.o
                0x00000a4a                _ZN16CLaserControlAppC2Ev
                0x00000a4a                _ZN16CLaserControlAppC1Ev
 .text._ZN16CLaserControlAppD2Ev
                0x00000a56       0x10 CLaserControlApp.o
                0x00000a56                _ZN16CLaserControlAppD2Ev
                0x00000a56                _ZN16CLaserControlAppD1Ev
 .text._ZN16CLaserControlApp22CalculateLaserSettingsEP24DGUS_LASERPROFILE_STRUCT
                0x00000a66      0x14a CLaserControlApp.o
                0x00000a66                _ZN16CLaserControlApp22CalculateLaserSettingsEP24DGUS_LASERPROFILE_STRUCT
 .text._ZN16CLaserControlApp11GetVariableEjj
                0x00000bb0       0x28 CLaserControlApp.o
                0x00000bb0                _ZN16CLaserControlApp11GetVariableEjj
 .text._ZN16CLaserControlApp11SetVariableEjPjj
                0x00000bd8       0x20 CLaserControlApp.o
                0x00000bd8                _ZN16CLaserControlApp11SetVariableEjPjj
 .text._ZN16CLaserControlApp12SetPictureIdEj
                0x00000bf8       0x4c CLaserControlApp.o
                0x00000bf8                _ZN16CLaserControlApp12SetPictureIdEj
 .text._ZN16CLaserControlApp12OnLaserTimerEv
                0x00000c44       0x72 CLaserControlApp.o
                0x00000c44                _ZN16CLaserControlApp12OnLaserTimerEv
 .text._ZN16CLaserControlApp22OnLaserTimerStopStaticEPv
                0x00000cb6        0x6 CLaserControlApp.o
                0x00000cb6                _ZN16CLaserControlApp22OnLaserTimerStopStaticEPv
 .text._ZN16CLaserControlApp13OnPWMTimerCMPEv
                0x00000cbc       0x12 CLaserControlApp.o
                0x00000cbc                _ZN16CLaserControlApp13OnPWMTimerCMPEv
 .text._ZN16CLaserControlApp19OnPWMTimerCMPStaticEPv
                0x00000cce        0x6 CLaserControlApp.o
                0x00000cce                _ZN16CLaserControlApp19OnPWMTimerCMPStaticEPv
 .text._ZN16CLaserControlApp19OnPWMTimerREDStaticEPv
                0x00000cd4        0xa CLaserControlApp.o
                0x00000cd4                _ZN16CLaserControlApp19OnPWMTimerREDStaticEPv
 .text._ZN16CLaserControlApp19OnPWMTimerGRNStaticEPv
                0x00000cde        0xa CLaserControlApp.o
                0x00000cde                _ZN16CLaserControlApp19OnPWMTimerGRNStaticEPv
 .text._ZN16CLaserControlApp19OnPWMTimerBLUStaticEPv
                0x00000ce8        0xa CLaserControlApp.o
                0x00000ce8                _ZN16CLaserControlApp19OnPWMTimerBLUStaticEPv
 .text._ZN16CLaserControlApp13MelaninPresetEj
                0x00000cf2      0x16c CLaserControlApp.o
                0x00000cf2                _ZN16CLaserControlApp13MelaninPresetEj
 .text._ZN16CLaserControlApp15PhototypePresetEj
                0x00000e5e      0x16e CLaserControlApp.o
                0x00000e5e                _ZN16CLaserControlApp15PhototypePresetEj
 .text._ZN16CLaserControlApp11CheckLimitsERjS0_16APP_PROFILE_ENUM
                0x00000fcc      0x1be CLaserControlApp.o
                0x00000fcc                _ZN16CLaserControlApp11CheckLimitsERjS0_16APP_PROFILE_ENUM
 .text._ZN16CLaserControlApp10InitializeEP9CMBSender
                0x0000118a      0x202 CLaserControlApp.o
                0x0000118a                _ZN16CLaserControlApp10InitializeEP9CMBSender
 .text._ZN16CLaserControlApp5StartEv
                0x0000138c       0x90 CLaserControlApp.o
                0x0000138c                _ZN16CLaserControlApp5StartEv
 .text._ZN16CLaserControlApp3RunEv
                0x0000141c      0x8fe CLaserControlApp.o
                0x0000141c                _ZN16CLaserControlApp3RunEv
 .text._ZN16CLaserControlApp16OnLaserTimerStopEv
                0x00001d1a       0x26 CLaserControlApp.o
                0x00001d1a                _ZN16CLaserControlApp16OnLaserTimerStopEv
 .text._ZN16CLaserControlApp18OnLaserTimerStaticEPv
                0x00001d40        0x6 CLaserControlApp.o
                0x00001d40                _ZN16CLaserControlApp18OnLaserTimerStaticEPv
 .text._ZN16CLaserControlApp7OnTimerEv
                0x00001d46      0x242 CLaserControlApp.o
                0x00001d46                _ZN16CLaserControlApp7OnTimerEv
 .text._ZN16CLaserControlApp13OnTimerStaticEPv
                0x00001f88        0x6 CLaserControlApp.o
                0x00001f88                _ZN16CLaserControlApp13OnTimerStaticEPv
 .text._ZN16CLaserControlApp13OnPWMTimerOVFEv
                0x00001f8e      0x196 CLaserControlApp.o
                0x00001f8e                _ZN16CLaserControlApp13OnPWMTimerOVFEv
 .text._ZN16CLaserControlApp19OnPWMTimerOVFStaticEPv
                0x00002124        0x6 CLaserControlApp.o
                0x00002124                _ZN16CLaserControlApp19OnPWMTimerOVFStaticEPv
 .text._ZN16CLaserControlApp6OnINT0Ev
                0x0000212a      0x144 CLaserControlApp.o
                0x0000212a                _ZN16CLaserControlApp6OnINT0Ev
 .text._ZN16CLaserControlApp12OnINT0StaticEPv
                0x0000226e        0x6 CLaserControlApp.o
                0x0000226e                _ZN16CLaserControlApp12OnINT0StaticEPv
 .text._Z11ConvertDataPvS_jj
                0x00002274       0x58 DGUSGUI.o
                0x00002274                _Z11ConvertDataPvS_jj
 .text._Z3minjj
                0x000022cc        0xa DGUSGUI.o
                0x000022cc                _Z3minjj
 .text._Z3maxjj
                0x000022d6        0xa DGUSGUI.o
                0x000022d6                _Z3maxjj
 .text._Z4swapj
                0x000022e0        0x8 DGUSGUI.o
                0x000022e0                _Z4swapj
 .text._Z6swap32m
                0x000022e8        0x8 DGUSGUI.o
                0x000022e8                _Z6swap32m
 .text._ZN4CSPIC2Ev
                0x000022f0        0x2 LaserLib/CSPI.o
                0x000022f0                _ZN4CSPIC2Ev
                0x000022f0                _ZN4CSPIC1Ev
 .text._ZN4CSPID2Ev
                0x000022f2        0x2 LaserLib/CSPI.o
                0x000022f2                _ZN4CSPID2Ev
                0x000022f2                _ZN4CSPID1Ev
 .text._ZN4CSPI10InitializeEb19SPI_DATA_ORDER_ENUM13SPI_MODE_ENUMb18SPI_PRESCALER_enum
                0x000022f4       0x82 LaserLib/CSPI.o
                0x000022f4                _ZN4CSPI10InitializeEb19SPI_DATA_ORDER_ENUM13SPI_MODE_ENUMb18SPI_PRESCALER_enum
 .text._ZN4CSPI4SendEPhj
                0x00002376       0x40 LaserLib/CSPI.o
                0x00002376                _ZN4CSPI4SendEPhj
 .text._ZN4CSPI10OnTransmitEv
                0x000023b6       0x30 LaserLib/CSPI.o
                0x000023b6                _ZN4CSPI10OnTransmitEv
 .text._ZN4CSPI16StaticOnTransmitEPv
                0x000023e6        0x6 LaserLib/CSPI.o
                0x000023e6                _ZN4CSPI16StaticOnTransmitEPv
 .text._ZN6CTimerC2Ev
                0x000023ec        0xc LaserLib/CTimer.o
                0x000023ec                _ZN6CTimerC1Ev
                0x000023ec                _ZN6CTimerC2Ev
 .text._ZN6CTimerD2Ev
                0x000023f8        0x2 LaserLib/CTimer.o
                0x000023f8                _ZN6CTimerD1Ev
                0x000023f8                _ZN6CTimerD2Ev
 .text._ZN7CTimer1C2Ev
                0x000023fa        0xc LaserLib/CTimer1.o
                0x000023fa                _ZN7CTimer1C1Ev
                0x000023fa                _ZN7CTimer1C2Ev
 .text._ZN7CTimer1D2Ev
                0x00002406        0x2 LaserLib/CTimer1.o
                0x00002406                _ZN7CTimer1D1Ev
                0x00002406                _ZN7CTimer1D2Ev
 .text._ZN6CUSARTC2Ev
                0x00002408        0xc LaserLib/CUSART.o
                0x00002408                _ZN6CUSARTC2Ev
                0x00002408                _ZN6CUSARTC1Ev
 .text._ZN6CUSARTD2Ev
                0x00002414        0x2 LaserLib/CUSART.o
                0x00002414                _ZN6CUSARTD1Ev
                0x00002414                _ZN6CUSARTD2Ev
 .text.__vector_1
                0x00002416       0x62 LaserLib/intx128.o
                0x00002416                __vector_1
 .text.__vector_2
                0x00002478       0x62 LaserLib/intx128.o
                0x00002478                __vector_2
 .text.__vector_3
                0x000024da       0x62 LaserLib/intx128.o
                0x000024da                __vector_3
 .text.__vector_4
                0x0000253c       0x62 LaserLib/intx128.o
                0x0000253c                __vector_4
 .text.__vector_5
                0x0000259e       0x62 LaserLib/intx128.o
                0x0000259e                __vector_5
 .text.__vector_6
                0x00002600       0x62 LaserLib/intx128.o
                0x00002600                __vector_6
 .text.__vector_7
                0x00002662       0x62 LaserLib/intx128.o
                0x00002662                __vector_7
 .text.__vector_8
                0x000026c4       0x62 LaserLib/intx128.o
                0x000026c4                __vector_8
 .text.__vector_9
                0x00002726       0x62 LaserLib/intx128.o
                0x00002726                __vector_9
 .text.__vector_10
                0x00002788       0x62 LaserLib/intx128.o
                0x00002788                __vector_10
 .text.__vector_11
                0x000027ea       0x62 LaserLib/intx128.o
                0x000027ea                __vector_11
 .text.__vector_12
                0x0000284c       0x62 LaserLib/intx128.o
                0x0000284c                __vector_12
 .text.__vector_13
                0x000028ae       0x62 LaserLib/intx128.o
                0x000028ae                __vector_13
 .text.__vector_14
                0x00002910       0x62 LaserLib/intx128.o
                0x00002910                __vector_14
 .text.__vector_15
                0x00002972       0x62 LaserLib/intx128.o
                0x00002972                __vector_15
 .text.__vector_16
                0x000029d4       0x62 LaserLib/intx128.o
                0x000029d4                __vector_16
 .text.__vector_17
                0x00002a36       0x62 LaserLib/intx128.o
                0x00002a36                __vector_17
 .text.__vector_18
                0x00002a98       0x62 LaserLib/intx128.o
                0x00002a98                __vector_18
 .text.__vector_19
                0x00002afa       0x62 LaserLib/intx128.o
                0x00002afa                __vector_19
 .text.__vector_20
                0x00002b5c       0x62 LaserLib/intx128.o
                0x00002b5c                __vector_20
 .text.__vector_21
                0x00002bbe       0x62 LaserLib/intx128.o
                0x00002bbe                __vector_21
 .text.__vector_22
                0x00002c20       0x62 LaserLib/intx128.o
                0x00002c20                __vector_22
 .text.__vector_23
                0x00002c82       0x62 LaserLib/intx128.o
                0x00002c82                __vector_23
 .text.__vector_24
                0x00002ce4       0x62 LaserLib/intx128.o
                0x00002ce4                __vector_24
 .text.__vector_25
                0x00002d46       0x62 LaserLib/intx128.o
                0x00002d46                __vector_25
 .text.__vector_26
                0x00002da8       0x62 LaserLib/intx128.o
                0x00002da8                __vector_26
 .text.__vector_27
                0x00002e0a       0x62 LaserLib/intx128.o
                0x00002e0a                __vector_27
 .text.__vector_28
                0x00002e6c       0x62 LaserLib/intx128.o
                0x00002e6c                __vector_28
 .text.__vector_29
                0x00002ece       0x62 LaserLib/intx128.o
                0x00002ece                __vector_29
 .text.__vector_30
                0x00002f30       0x62 LaserLib/intx128.o
                0x00002f30                __vector_30
 .text.__vector_31
                0x00002f92       0x62 LaserLib/intx128.o
                0x00002f92                __vector_31
 .text.__vector_32
                0x00002ff4       0x62 LaserLib/intx128.o
                0x00002ff4                __vector_32
 .text.__vector_33
                0x00003056       0x62 LaserLib/intx128.o
                0x00003056                __vector_33
 .text.__vector_34
                0x000030b8       0x62 LaserLib/intx128.o
                0x000030b8                __vector_34
 .text.__vector_35
                0x0000311a       0x62 LaserLib/intx128.o
                0x0000311a                __vector_35
 .text.__vector_36
                0x0000317c       0x62 LaserLib/intx128.o
                0x0000317c                __vector_36
 .text.__vector_37
                0x000031de       0x62 LaserLib/intx128.o
                0x000031de                __vector_37
 .text.__vector_38
                0x00003240       0x62 LaserLib/intx128.o
                0x00003240                __vector_38
 .text.__vector_39
                0x000032a2       0x62 LaserLib/intx128.o
                0x000032a2                __vector_39
 .text.__vector_40
                0x00003304       0x62 LaserLib/intx128.o
                0x00003304                __vector_40
 .text.__vector_41
                0x00003366       0x62 LaserLib/intx128.o
                0x00003366                __vector_41
 .text.__vector_42
                0x000033c8       0x62 LaserLib/intx128.o
                0x000033c8                __vector_42
 .text.__vector_43
                0x0000342a       0x62 LaserLib/intx128.o
                0x0000342a                __vector_43
 .text.__vector_44
                0x0000348c       0x62 LaserLib/intx128.o
                0x0000348c                __vector_44
 .text.__vector_45
                0x000034ee       0x62 LaserLib/intx128.o
                0x000034ee                __vector_45
 .text.__vector_46
                0x00003550       0x62 LaserLib/intx128.o
                0x00003550                __vector_46
 .text.__vector_47
                0x000035b2       0x62 LaserLib/intx128.o
                0x000035b2                __vector_47
 .text.__vector_48
                0x00003614       0x62 LaserLib/intx128.o
                0x00003614                __vector_48
 .text.__vector_49
                0x00003676       0x62 LaserLib/intx128.o
                0x00003676                __vector_49
 .text.__vector_50
                0x000036d8       0x62 LaserLib/intx128.o
                0x000036d8                __vector_50
 .text.__vector_51
                0x0000373a       0x62 LaserLib/intx128.o
                0x0000373a                __vector_51
 .text.__vector_52
                0x0000379c       0x62 LaserLib/intx128.o
                0x0000379c                __vector_52
 .text.__vector_53
                0x000037fe       0x62 LaserLib/intx128.o
                0x000037fe                __vector_53
 .text.__vector_54
                0x00003860       0x62 LaserLib/intx128.o
                0x00003860                __vector_54
 .text.__vector_55
                0x000038c2       0x62 LaserLib/intx128.o
                0x000038c2                __vector_55
 .text.__vector_56
                0x00003924       0x62 LaserLib/intx128.o
                0x00003924                __vector_56
 .text.__vector_57
                0x00003986       0x62 LaserLib/intx128.o
                0x00003986                __vector_57
 .text.__vector_58
                0x000039e8       0x62 LaserLib/intx128.o
                0x000039e8                __vector_58
 .text.__vector_59
                0x00003a4a       0x62 LaserLib/intx128.o
                0x00003a4a                __vector_59
 .text.__vector_60
                0x00003aac       0x62 LaserLib/intx128.o
                0x00003aac                __vector_60
 .text.__vector_61
                0x00003b0e       0x62 LaserLib/intx128.o
                0x00003b0e                __vector_61
 .text.__vector_62
                0x00003b70       0x62 LaserLib/intx128.o
                0x00003b70                __vector_62
 .text.__vector_63
                0x00003bd2       0x62 LaserLib/intx128.o
                0x00003bd2                __vector_63
 .text.__vector_64
                0x00003c34       0x62 LaserLib/intx128.o
                0x00003c34                __vector_64
 .text.__vector_65
                0x00003c96       0x62 LaserLib/intx128.o
                0x00003c96                __vector_65
 .text.__vector_66
                0x00003cf8       0x62 LaserLib/intx128.o
                0x00003cf8                __vector_66
 .text.__vector_67
                0x00003d5a       0x62 LaserLib/intx128.o
                0x00003d5a                __vector_67
 .text.__vector_68
                0x00003dbc       0x62 LaserLib/intx128.o
                0x00003dbc                __vector_68
 .text.__vector_69
                0x00003e1e       0x62 LaserLib/intx128.o
                0x00003e1e                __vector_69
 .text.__vector_70
                0x00003e80       0x62 LaserLib/intx128.o
                0x00003e80                __vector_70
 .text.__vector_71
                0x00003ee2       0x62 LaserLib/intx128.o
                0x00003ee2                __vector_71
 .text.__vector_72
                0x00003f44       0x62 LaserLib/intx128.o
                0x00003f44                __vector_72
 .text.__vector_73
                0x00003fa6       0x62 LaserLib/intx128.o
                0x00003fa6                __vector_73
 .text.__vector_74
                0x00004008       0x62 LaserLib/intx128.o
                0x00004008                __vector_74
 .text.__vector_77
                0x0000406a       0x62 LaserLib/intx128.o
                0x0000406a                __vector_77
 .text.__vector_78
                0x000040cc       0x62 LaserLib/intx128.o
                0x000040cc                __vector_78
 .text.__vector_79
                0x0000412e       0x62 LaserLib/intx128.o
                0x0000412e                __vector_79
 .text.__vector_80
                0x00004190       0x62 LaserLib/intx128.o
                0x00004190                __vector_80
 .text.__vector_81
                0x000041f2       0x62 LaserLib/intx128.o
                0x000041f2                __vector_81
 .text.__vector_82
                0x00004254       0x62 LaserLib/intx128.o
                0x00004254                __vector_82
 .text.__vector_83
                0x000042b6       0x62 LaserLib/intx128.o
                0x000042b6                __vector_83
 .text.__vector_84
                0x00004318       0x62 LaserLib/intx128.o
                0x00004318                __vector_84
 .text.__vector_85
                0x0000437a       0x62 LaserLib/intx128.o
                0x0000437a                __vector_85
 .text.__vector_86
                0x000043dc       0x62 LaserLib/intx128.o
                0x000043dc                __vector_86
 .text.__vector_87
                0x0000443e       0x62 LaserLib/intx128.o
                0x0000443e                __vector_87
 .text.__vector_88
                0x000044a0       0x62 LaserLib/intx128.o
                0x000044a0                __vector_88
 .text.__vector_89
                0x00004502       0x62 LaserLib/intx128.o
                0x00004502                __vector_89
 .text.__vector_90
                0x00004564       0x62 LaserLib/intx128.o
                0x00004564                __vector_90
 .text.__vector_91
                0x000045c6       0x62 LaserLib/intx128.o
                0x000045c6                __vector_91
 .text.__vector_92
                0x00004628       0x62 LaserLib/intx128.o
                0x00004628                __vector_92
 .text.__vector_93
                0x0000468a       0x62 LaserLib/intx128.o
                0x0000468a                __vector_93
 .text.__vector_104
                0x000046ec       0x62 LaserLib/intx128.o
                0x000046ec                __vector_104
 .text.__vector_105
                0x0000474e       0x62 LaserLib/intx128.o
                0x0000474e                __vector_105
 .text.__vector_108
                0x000047b0       0x62 LaserLib/intx128.o
                0x000047b0                __vector_108
 .text.__vector_109
                0x00004812       0x62 LaserLib/intx128.o
                0x00004812                __vector_109
 .text.__vector_110
                0x00004874       0x62 LaserLib/intx128.o
                0x00004874                __vector_110
 .text.__vector_111
                0x000048d6       0x62 LaserLib/intx128.o
                0x000048d6                __vector_111
 .text.__vector_112
                0x00004938       0x62 LaserLib/intx128.o
                0x00004938                __vector_112
 .text.__vector_113
                0x0000499a       0x62 LaserLib/intx128.o
                0x0000499a                __vector_113
 .text.__vector_119
                0x000049fc       0x62 LaserLib/intx128.o
                0x000049fc                __vector_119
 .text.__vector_120
                0x00004a5e       0x62 LaserLib/intx128.o
                0x00004a5e                __vector_120
 .text.__vector_121
                0x00004ac0       0x62 LaserLib/intx128.o
                0x00004ac0                __vector_121
 .text.__cxa_pure_virtual
                0x00004b22        0x6 main.o
                0x00004b22                __cxa_pure_virtual
 .text._GLOBAL__sub_I_dacSPI
                0x00004b28       0x6a main.o
 .text._GLOBAL__sub_D_dacSPI
                0x00004b92       0x6a main.o
 .text._Z16SystemInitializev
                0x00004bfc      0x1f2 main.o
                0x00004bfc                _Z16SystemInitializev
 .text.main     0x00004dee       0xe6 main.o
                0x00004dee                main
 .text._ZN16CMBEventsHandler13FillRegDataTxEhPhh
                0x00004ed4       0x62 MODBUS/CMBProtocol.o
                0x00004ed4                _ZN16CMBEventsHandler13FillRegDataTxEhPhh
 .text._ZN16CMBEventsHandler13FillRegDataRqEhh
                0x00004f36       0x3e MODBUS/CMBProtocol.o
                0x00004f36                _ZN16CMBEventsHandler13FillRegDataRqEhh
 .text._ZN16CMBEventsHandler13FillVarDataTxEjPjj
                0x00004f74       0x90 MODBUS/CMBProtocol.o
                0x00004f74                _ZN16CMBEventsHandler13FillVarDataTxEjPjj
 .text._ZN16CMBEventsHandler13FillVarDataRqEjj
                0x00005004       0x46 MODBUS/CMBProtocol.o
                0x00005004                _ZN16CMBEventsHandler13FillVarDataRqEjj
 .text._ZN16CMBEventsHandler15AllocateBuffersEjj
                0x0000504a       0x36 MODBUS/CMBProtocol.o
                0x0000504a                _ZN16CMBEventsHandler15AllocateBuffersEjj
 .text._ZN16CMBEventsHandler11FreeBuffersEv
                0x00005080       0x1c MODBUS/CMBProtocol.o
                0x00005080                _ZN16CMBEventsHandler11FreeBuffersEv
 .text._ZN16CMBEventsHandlerD2Ev
                0x0000509c        0x2 MODBUS/CMBProtocol.o
                0x0000509c                _ZN16CMBEventsHandlerD2Ev
                0x0000509c                _ZN16CMBEventsHandlerD1Ev
 .text._ZN9CMBSender18OnVariableReceivedEjPjj
                0x0000509e       0x1e MODBUS/CMBSender.o
                0x0000509e                _ZN9CMBSender18OnVariableReceivedEjPjj
 .text._ZN9CMBSender18OnRegisterReceivedEhPhh
                0x000050bc       0x1e MODBUS/CMBSender.o
                0x000050bc                _ZN9CMBSender18OnRegisterReceivedEhPhh
 .text._ZN9CMBSenderC2Ev
                0x000050da        0xc MODBUS/CMBSender.o
                0x000050da                _ZN9CMBSenderC2Ev
                0x000050da                _ZN9CMBSenderC1Ev
 .text._ZN9CMBSender10InitializeEP7CTimer1P6CUSARTP16CMBEventsHandlerjjj
                0x000050e6       0xde MODBUS/CMBSender.o
                0x000050e6                _ZN9CMBSender10InitializeEP7CTimer1P6CUSARTP16CMBEventsHandlerjjj
 .text._ZN9CMBSenderD2Ev
                0x000051c4       0x10 MODBUS/CMBSender.o
                0x000051c4                _ZN9CMBSenderD1Ev
                0x000051c4                _ZN9CMBSenderD2Ev
 .text._ZN9CMBSender13OnReceiveByteEh
                0x000051d4      0x15a MODBUS/CMBSender.o
                0x000051d4                _ZN9CMBSender13OnReceiveByteEh
 .text._ZN9CMBSender18OnUSARTRxInterruptEPv
                0x0000532e       0x26 MODBUS/CMBSender.o
                0x0000532e                _ZN9CMBSender18OnUSARTRxInterruptEPv
 .text._ZN9CMBSender9OnTimeoutEv
                0x00005354       0x28 MODBUS/CMBSender.o
                0x00005354                _ZN9CMBSender9OnTimeoutEv
 .text._ZN9CMBSender18OnTimeoutInterruptEPv
                0x0000537c        0x6 MODBUS/CMBSender.o
                0x0000537c                _ZN9CMBSender18OnTimeoutInterruptEPv
 .text._ZN9CMBSender19StartMODBUSListenerEv
                0x00005382       0x32 MODBUS/CMBSender.o
                0x00005382                _ZN9CMBSender19StartMODBUSListenerEv
 .text._ZN9CMBSender14OnTransmitByteEv
                0x000053b4       0x92 MODBUS/CMBSender.o
                0x000053b4                _ZN9CMBSender14OnTransmitByteEv
 .text._ZN9CMBSender18OnUSARTTxInterruptEPv
                0x00005446        0x6 MODBUS/CMBSender.o
                0x00005446                _ZN9CMBSender18OnUSARTTxInterruptEPv
 .text._ZN9CMBSender18WaitMODBUSListenerEv
                0x0000544c       0x22 MODBUS/CMBSender.o
                0x0000544c                _ZN9CMBSender18WaitMODBUSListenerEv
 .text._ZN9CMBSender22StartMODBUSTransmitterEv
                0x0000546e       0x2a MODBUS/CMBSender.o
                0x0000546e                _ZN9CMBSender22StartMODBUSTransmitterEv
 .text._ZN9CMBSender24WriteDataToRegisterAsyncEhPhh
                0x00005498       0x1e MODBUS/CMBSender.o
                0x00005498                _ZN9CMBSender24WriteDataToRegisterAsyncEhPhh
 .text._ZN9CMBSender20WriteDataToSRAMAsyncEjPjj
                0x000054b6       0x1e MODBUS/CMBSender.o
                0x000054b6                _ZN9CMBSender20WriteDataToSRAMAsyncEjPjj
 .text._ZN9CMBSender28RequestDataFromRegisterAsyncEhh
                0x000054d4       0x1e MODBUS/CMBSender.o
                0x000054d4                _ZN9CMBSender28RequestDataFromRegisterAsyncEhh
 .text._ZN9CMBSender24RequestDataFromSRAMAsyncEjh
                0x000054f2       0x20 MODBUS/CMBSender.o
                0x000054f2                _ZN9CMBSender24RequestDataFromSRAMAsyncEjh
 .text._ZN9CMBSender21WaitMODBUSTransmitterEv
                0x00005512       0x22 MODBUS/CMBSender.o
                0x00005512                _ZN9CMBSender21WaitMODBUSTransmitterEv
 .text._ZN9CMBSender30StartMODBUSRegisterTransactionEhh
                0x00005534        0xc MODBUS/CMBSender.o
                0x00005534                _ZN9CMBSender30StartMODBUSRegisterTransactionEhh
 .text._ZN9CMBSender30StartMODBUSVariableTransactionEjh
                0x00005540        0xc MODBUS/CMBSender.o
                0x00005540                _ZN9CMBSender30StartMODBUSVariableTransactionEjh
 .text._ZN9CMBSender18ProcessTransactionEPhj
                0x0000554c       0x62 MODBUS/CMBSender.o
                0x0000554c                _ZN9CMBSender18ProcessTransactionEPhj
 .text._ZN9CMBSender21OnTransactionCallbackEPhj
                0x000055ae        0x6 MODBUS/CMBSender.o
                0x000055ae                _ZN9CMBSender21OnTransactionCallbackEPhj
 .text._ZN10CDGUSUSART10InitializeE13BAUDRATE_ENUM11PARITY_ENUM12STOBITS_ENUMb
                0x000055b4       0x76 Periphery/CDGUSUSART.o
                0x000055b4                _ZN10CDGUSUSART10InitializeE13BAUDRATE_ENUM11PARITY_ENUM12STOBITS_ENUMb
 .text._ZN10CDGUSUSART15GetReceivedByteEv
                0x0000562a        0x6 Periphery/CDGUSUSART.o
                0x0000562a                _ZN10CDGUSUSART15GetReceivedByteEv
 .text._ZN10CDGUSUSART19SetTransmittingByteEh
                0x00005630        0x6 Periphery/CDGUSUSART.o
                0x00005630                _ZN10CDGUSUSART19SetTransmittingByteEh
 .text._ZN10CDGUSUSART14IsTransmittingEv
                0x00005636       0x10 Periphery/CDGUSUSART.o
                0x00005636                _ZN10CDGUSUSART14IsTransmittingEv
 .text._ZN10CDGUSUSART11IsReceivingEv
                0x00005646        0xe Periphery/CDGUSUSART.o
                0x00005646                _ZN10CDGUSUSART11IsReceivingEv
 .text._ZN10CDGUSUSART11IsDataEmptyEv
                0x00005654       0x10 Periphery/CDGUSUSART.o
                0x00005654                _ZN10CDGUSUSART11IsDataEmptyEv
 .text._ZN10CDGUSUSART25SetRxInterruptionCallbackEPvPFvS0_E
                0x00005664       0x12 Periphery/CDGUSUSART.o
                0x00005664                _ZN10CDGUSUSART25SetRxInterruptionCallbackEPvPFvS0_E
 .text._ZN10CDGUSUSART25SetTxInterruptionCallbackEPvPFvS0_E
                0x00005676       0x12 Periphery/CDGUSUSART.o
                0x00005676                _ZN10CDGUSUSART25SetTxInterruptionCallbackEPvPFvS0_E
 .text._ZN10CDGUSUSART12SetDMARxTrigEP13DMA_CH_struct
                0x00005688       0x12 Periphery/CDGUSUSART.o
                0x00005688                _ZN10CDGUSUSART12SetDMARxTrigEP13DMA_CH_struct
 .text._ZN10CDGUSUSART12SetDMATxTrigEP13DMA_CH_struct
                0x0000569a       0x12 Periphery/CDGUSUSART.o
                0x0000569a                _ZN10CDGUSUSART12SetDMATxTrigEP13DMA_CH_struct
 .text._ZN10CDGUSUSARTC2Ev
                0x000056ac       0x18 Periphery/CDGUSUSART.o
                0x000056ac                _ZN10CDGUSUSARTC1Ev
                0x000056ac                _ZN10CDGUSUSARTC2Ev
 .text._ZN10CDGUSUSARTD2Ev
                0x000056c4       0x10 Periphery/CDGUSUSART.o
                0x000056c4                _ZN10CDGUSUSARTD2Ev
                0x000056c4                _ZN10CDGUSUSARTD1Ev
 .text._ZN8CDS18B20C2Ev
                0x000056d4        0x2 Periphery/CDS18B20.o
                0x000056d4                _ZN8CDS18B20C2Ev
                0x000056d4                _ZN8CDS18B20C1Ev
 .text._ZN8CDS18B20D2Ev
                0x000056d6        0x2 Periphery/CDS18B20.o
                0x000056d6                _ZN8CDS18B20D1Ev
                0x000056d6                _ZN8CDS18B20D2Ev
 .text._ZN8CDS18B207w1_findEv
                0x000056d8       0x3a Periphery/CDS18B20.o
                0x000056d8                _ZN8CDS18B207w1_findEv
 .text._ZN8CDS18B2010w1_sendcmdEh
                0x00005712       0x6e Periphery/CDS18B20.o
                0x00005712                _ZN8CDS18B2010w1_sendcmdEh
 .text._ZN8CDS18B2015w1_receive_byteEv
                0x00005780       0x66 Periphery/CDS18B20.o
                0x00005780                _ZN8CDS18B2015w1_receive_byteEv
 .text._ZN8CDS18B2010temp_18b20Ev
                0x000057e6       0x96 Periphery/CDS18B20.o
                0x000057e6                _ZN8CDS18B2010temp_18b20Ev
 .text._ZN8CDS18B2010InitializeEv
                0x0000587c       0x1e Periphery/CDS18B20.o
                0x0000587c                _ZN8CDS18B2010InitializeEv
 .text._ZN11CLaserBoardC2Ev
                0x0000589a        0x2 Periphery/CLaserBoard.o
                0x0000589a                _ZN11CLaserBoardC1Ev
                0x0000589a                _ZN11CLaserBoardC2Ev
 .text._ZN11CLaserBoardD2Ev
                0x0000589c        0x2 Periphery/CLaserBoard.o
                0x0000589c                _ZN11CLaserBoardD2Ev
                0x0000589c                _ZN11CLaserBoardD1Ev
 .text._ZN11CLaserBoard12InitializeIOEv
                0x0000589e       0xc0 Periphery/CLaserBoard.o
                0x0000589e                _ZN11CLaserBoard12InitializeIOEv
 .text._ZN11CLaserBoard15InitializeClockEv
                0x0000595e       0x6a Periphery/CLaserBoard.o
                0x0000595e                _ZN11CLaserBoard15InitializeClockEv
 .text._ZN11CLaserBoard5PWMOnEv
                0x000059c8        0x8 Periphery/CLaserBoard.o
                0x000059c8                _ZN11CLaserBoard5PWMOnEv
 .text._ZN11CLaserBoard6PWMOffEv
                0x000059d0        0x8 Periphery/CLaserBoard.o
                0x000059d0                _ZN11CLaserBoard6PWMOffEv
 .text._ZN11CLaserBoard5REDOnEv
                0x000059d8        0x8 Periphery/CLaserBoard.o
                0x000059d8                _ZN11CLaserBoard5REDOnEv
 .text._ZN11CLaserBoard6REDOffEv
                0x000059e0        0x8 Periphery/CLaserBoard.o
                0x000059e0                _ZN11CLaserBoard6REDOffEv
 .text._ZN11CLaserBoard5GRNOnEv
                0x000059e8        0x8 Periphery/CLaserBoard.o
                0x000059e8                _ZN11CLaserBoard5GRNOnEv
 .text._ZN11CLaserBoard6GRNOffEv
                0x000059f0        0x8 Periphery/CLaserBoard.o
                0x000059f0                _ZN11CLaserBoard6GRNOffEv
 .text._ZN11CLaserBoard5BLUOnEv
                0x000059f8        0x8 Periphery/CLaserBoard.o
                0x000059f8                _ZN11CLaserBoard5BLUOnEv
 .text._ZN11CLaserBoard6BLUOffEv
                0x00005a00        0x8 Periphery/CLaserBoard.o
                0x00005a00                _ZN11CLaserBoard6BLUOffEv
 .text._ZN11CLaserBoard8Relay1OnEv
                0x00005a08        0x8 Periphery/CLaserBoard.o
                0x00005a08                _ZN11CLaserBoard8Relay1OnEv
 .text._ZN11CLaserBoard8Relay2OnEv
                0x00005a10        0x8 Periphery/CLaserBoard.o
                0x00005a10                _ZN11CLaserBoard8Relay2OnEv
 .text._ZN11CLaserBoard9Relay2OffEv
                0x00005a18        0x8 Periphery/CLaserBoard.o
                0x00005a18                _ZN11CLaserBoard9Relay2OffEv
 .text._ZN11CLaserBoard12LaserPowerOnEv
                0x00005a20        0x8 Periphery/CLaserBoard.o
                0x00005a20                _ZN11CLaserBoard12LaserPowerOnEv
 .text._ZN11CLaserBoard13LaserPowerOffEv
                0x00005a28        0x8 Periphery/CLaserBoard.o
                0x00005a28                _ZN11CLaserBoard13LaserPowerOffEv
 .text._ZN11CLaserBoard4BeepEv
                0x00005a30       0x30 Periphery/CLaserBoard.o
                0x00005a30                _ZN11CLaserBoard4BeepEv
 .text._ZN11CLaserBoard14BeepClassErrorEv
                0x00005a60       0x54 Periphery/CLaserBoard.o
                0x00005a60                _ZN11CLaserBoard14BeepClassErrorEv
 .text._ZN11CLaserBoard9PortCheckEv
                0x00005ab4        0xa Periphery/CLaserBoard.o
                0x00005ab4                _ZN11CLaserBoard9PortCheckEv
 .text._ZN11CLaserBoard10FootswitchEv
                0x00005abe        0x8 Periphery/CLaserBoard.o
                0x00005abe                _ZN11CLaserBoard10FootswitchEv
 .text._ZN12CSoundPlayerC2Ev
                0x00005ac6        0x2 Periphery/CSoundPlayer.o
                0x00005ac6                _ZN12CSoundPlayerC2Ev
                0x00005ac6                _ZN12CSoundPlayerC1Ev
 .text._ZN12CSoundPlayerD2Ev
                0x00005ac8        0x2 Periphery/CSoundPlayer.o
                0x00005ac8                _ZN12CSoundPlayerD1Ev
                0x00005ac8                _ZN12CSoundPlayerD2Ev
 .text._ZN12CSoundPlayer19InitializeToneTimerEv
                0x00005aca       0x22 Periphery/CSoundPlayer.o
                0x00005aca                _ZN12CSoundPlayer19InitializeToneTimerEv
 .text._ZN12CSoundPlayer23InitializeDurationTimerEv
                0x00005aec       0x18 Periphery/CSoundPlayer.o
                0x00005aec                _ZN12CSoundPlayer23InitializeDurationTimerEv
 .text._ZN12CSoundPlayer10SoundStartEjjh
                0x00005b04       0x68 Periphery/CSoundPlayer.o
                0x00005b04                _ZN12CSoundPlayer10SoundStartEjjh
 .text._ZN12CSoundPlayer9SoundStopEv
                0x00005b6c       0x3c Periphery/CSoundPlayer.o
                0x00005b6c                _ZN12CSoundPlayer9SoundStopEv
 .text._ZN12CSoundPlayer10InitializeEv
                0x00005ba8       0x16 Periphery/CSoundPlayer.o
                0x00005ba8                _ZN12CSoundPlayer10InitializeEv
 .text._ZN7CTimerC10InitializeE27TIMER_WAVEFORMGEN_MODE_ENUM22TIMER_CLOCKSELECT_ENUM
                0x00005bbe       0x36 Periphery/CTimerC.o
                0x00005bbe                _ZN7CTimerC10InitializeE27TIMER_WAVEFORMGEN_MODE_ENUM22TIMER_CLOCKSELECT_ENUM
 .text._ZN7CTimerC5StartEj
                0x00005bf4       0x1a Periphery/CTimerC.o
                0x00005bf4                _ZN7CTimerC5StartEj
 .text._ZN7CTimerC4StopEv
                0x00005c0e       0x10 Periphery/CTimerC.o
                0x00005c0e                _ZN7CTimerC4StopEv
 .text._ZN7CTimerC13EnableChannelE19TIMER_CHANNELS_ENUM
                0x00005c1e        0xe Periphery/CTimerC.o
                0x00005c1e                _ZN7CTimerC13EnableChannelE19TIMER_CHANNELS_ENUM
 .text._ZN7CTimerC14DisableChannelE19TIMER_CHANNELS_ENUM
                0x00005c2c        0xe Periphery/CTimerC.o
                0x00005c2c                _ZN7CTimerC14DisableChannelE19TIMER_CHANNELS_ENUM
 .text._ZN7CTimerC9SetPeriodEj
                0x00005c3a        0xa Periphery/CTimerC.o
                0x00005c3a                _ZN7CTimerC9SetPeriodEj
 .text._ZN7CTimerC8SetCOMPAEj
                0x00005c44        0xa Periphery/CTimerC.o
                0x00005c44                _ZN7CTimerC8SetCOMPAEj
 .text._ZN7CTimerC8SetCOMPBEj
                0x00005c4e        0xa Periphery/CTimerC.o
                0x00005c4e                _ZN7CTimerC8SetCOMPBEj
 .text._ZN7CTimerC8SetCOMPCEj
                0x00005c58        0xa Periphery/CTimerC.o
                0x00005c58                _ZN7CTimerC8SetCOMPCEj
 .text._ZN7CTimerC8SetCOMPDEj
                0x00005c62        0xa Periphery/CTimerC.o
                0x00005c62                _ZN7CTimerC8SetCOMPDEj
 .text._ZN7CTimerC14SetOVFCallbackEPFvPvES0_17TC_OVFINTLVL_enum
                0x00005c6c       0x22 Periphery/CTimerC.o
                0x00005c6c                _ZN7CTimerC14SetOVFCallbackEPFvPvES0_17TC_OVFINTLVL_enum
 .text._ZN7CTimerC14SetERRCallbackEPFvPvES0_17TC_ERRINTLVL_enum
                0x00005c8e       0x22 Periphery/CTimerC.o
                0x00005c8e                _ZN7CTimerC14SetERRCallbackEPFvPvES0_17TC_ERRINTLVL_enum
 .text._ZN7CTimerC16SetCOMPACallbackEPFvPvES0_17TC_CCAINTLVL_enum
                0x00005cb0       0x22 Periphery/CTimerC.o
                0x00005cb0                _ZN7CTimerC16SetCOMPACallbackEPFvPvES0_17TC_CCAINTLVL_enum
 .text._ZN7CTimerC16SetCOMPBCallbackEPFvPvES0_17TC_CCBINTLVL_enum
                0x00005cd2       0x22 Periphery/CTimerC.o
                0x00005cd2                _ZN7CTimerC16SetCOMPBCallbackEPFvPvES0_17TC_CCBINTLVL_enum
 .text._ZN7CTimerC16SetCOMPCCallbackEPFvPvES0_17TC_CCCINTLVL_enum
                0x00005cf4       0x22 Periphery/CTimerC.o
                0x00005cf4                _ZN7CTimerC16SetCOMPCCallbackEPFvPvES0_17TC_CCCINTLVL_enum
 .text._ZN7CTimerC16SetCOMPDCallbackEPFvPvES0_17TC_CCDINTLVL_enum
                0x00005d16       0x22 Periphery/CTimerC.o
                0x00005d16                _ZN7CTimerC16SetCOMPDCallbackEPFvPvES0_17TC_CCDINTLVL_enum
 .text._ZN7CTimerCC2Ev
                0x00005d38       0x18 Periphery/CTimerC.o
                0x00005d38                _ZN7CTimerCC1Ev
                0x00005d38                _ZN7CTimerCC2Ev
 .text._ZN7CTimerCD2Ev
                0x00005d50       0x10 Periphery/CTimerC.o
                0x00005d50                _ZN7CTimerCD1Ev
                0x00005d50                _ZN7CTimerCD2Ev
 .text._ZN8CTimerC110InitializeE27TIMER_WAVEFORMGEN_MODE_ENUM22TIMER_CLOCKSELECT_ENUM
                0x00005d60       0x2e Periphery/CTimerC1.o
                0x00005d60                _ZN8CTimerC110InitializeE27TIMER_WAVEFORMGEN_MODE_ENUM22TIMER_CLOCKSELECT_ENUM
 .text._ZN8CTimerC15StartEj
                0x00005d8e       0x1a Periphery/CTimerC1.o
                0x00005d8e                _ZN8CTimerC15StartEj
 .text._ZN8CTimerC14StopEv
                0x00005da8       0x10 Periphery/CTimerC1.o
                0x00005da8                _ZN8CTimerC14StopEv
 .text._ZN8CTimerC15ResetEv
                0x00005db8       0x14 Periphery/CTimerC1.o
                0x00005db8                _ZN8CTimerC15ResetEv
 .text._ZN8CTimerC113EnableChannelE19TIMER_CHANNELS_ENUM
                0x00005dcc        0xe Periphery/CTimerC1.o
                0x00005dcc                _ZN8CTimerC113EnableChannelE19TIMER_CHANNELS_ENUM
 .text._ZN8CTimerC114DisableChannelE19TIMER_CHANNELS_ENUM
                0x00005dda        0xe Periphery/CTimerC1.o
                0x00005dda                _ZN8CTimerC114DisableChannelE19TIMER_CHANNELS_ENUM
 .text._ZN8CTimerC19SetPeriodEj
                0x00005de8        0xa Periphery/CTimerC1.o
                0x00005de8                _ZN8CTimerC19SetPeriodEj
 .text._ZN8CTimerC18SetCOMPAEj
                0x00005df2        0xa Periphery/CTimerC1.o
                0x00005df2                _ZN8CTimerC18SetCOMPAEj
 .text._ZN8CTimerC18SetCOMPBEj
                0x00005dfc        0xa Periphery/CTimerC1.o
                0x00005dfc                _ZN8CTimerC18SetCOMPBEj
 .text._ZN8CTimerC114SetOVFCallbackEPFvPvES0_17TC_OVFINTLVL_enum
                0x00005e06       0x24 Periphery/CTimerC1.o
                0x00005e06                _ZN8CTimerC114SetOVFCallbackEPFvPvES0_17TC_OVFINTLVL_enum
 .text._ZN8CTimerC114SetERRCallbackEPFvPvES0_17TC_ERRINTLVL_enum
                0x00005e2a       0x24 Periphery/CTimerC1.o
                0x00005e2a                _ZN8CTimerC114SetERRCallbackEPFvPvES0_17TC_ERRINTLVL_enum
 .text._ZN8CTimerC116SetCOMPACallbackEPFvPvES0_17TC_CCAINTLVL_enum
                0x00005e4e       0x24 Periphery/CTimerC1.o
                0x00005e4e                _ZN8CTimerC116SetCOMPACallbackEPFvPvES0_17TC_CCAINTLVL_enum
 .text._ZN8CTimerC116SetCOMPBCallbackEPFvPvES0_17TC_CCBINTLVL_enum
                0x00005e72       0x24 Periphery/CTimerC1.o
                0x00005e72                _ZN8CTimerC116SetCOMPBCallbackEPFvPvES0_17TC_CCBINTLVL_enum
 .text._ZN8CTimerC1C2Ev
                0x00005e96       0x18 Periphery/CTimerC1.o
                0x00005e96                _ZN8CTimerC1C2Ev
                0x00005e96                _ZN8CTimerC1C1Ev
 .text._ZN8CTimerC1D2Ev
                0x00005eae       0x10 Periphery/CTimerC1.o
                0x00005eae                _ZN8CTimerC1D2Ev
                0x00005eae                _ZN8CTimerC1D1Ev
 .text._ZN7CTimerD10InitializeE27TIMER_WAVEFORMGEN_MODE_ENUM22TIMER_CLOCKSELECT_ENUM
                0x00005ebe       0x36 Periphery/CTimerD.o
                0x00005ebe                _ZN7CTimerD10InitializeE27TIMER_WAVEFORMGEN_MODE_ENUM22TIMER_CLOCKSELECT_ENUM
 .text._ZN7CTimerD5StartEj
                0x00005ef4       0x1a Periphery/CTimerD.o
                0x00005ef4                _ZN7CTimerD5StartEj
 .text._ZN7CTimerD4StopEv
                0x00005f0e       0x10 Periphery/CTimerD.o
                0x00005f0e                _ZN7CTimerD4StopEv
 .text._ZN7CTimerD13EnableChannelE19TIMER_CHANNELS_ENUM
                0x00005f1e        0xe Periphery/CTimerD.o
                0x00005f1e                _ZN7CTimerD13EnableChannelE19TIMER_CHANNELS_ENUM
 .text._ZN7CTimerD14DisableChannelE19TIMER_CHANNELS_ENUM
                0x00005f2c        0xe Periphery/CTimerD.o
                0x00005f2c                _ZN7CTimerD14DisableChannelE19TIMER_CHANNELS_ENUM
 .text._ZN7CTimerD9SetPeriodEj
                0x00005f3a        0xa Periphery/CTimerD.o
                0x00005f3a                _ZN7CTimerD9SetPeriodEj
 .text._ZN7CTimerD8SetCOMPAEj
                0x00005f44        0xa Periphery/CTimerD.o
                0x00005f44                _ZN7CTimerD8SetCOMPAEj
 .text._ZN7CTimerD8SetCOMPBEj
                0x00005f4e        0xa Periphery/CTimerD.o
                0x00005f4e                _ZN7CTimerD8SetCOMPBEj
 .text._ZN7CTimerD8SetCOMPCEj
                0x00005f58        0xa Periphery/CTimerD.o
                0x00005f58                _ZN7CTimerD8SetCOMPCEj
 .text._ZN7CTimerD8SetCOMPDEj
                0x00005f62        0xa Periphery/CTimerD.o
                0x00005f62                _ZN7CTimerD8SetCOMPDEj
 .text._ZN7CTimerD14SetOVFCallbackEPFvPvES0_17TC_OVFINTLVL_enum
                0x00005f6c       0x22 Periphery/CTimerD.o
                0x00005f6c                _ZN7CTimerD14SetOVFCallbackEPFvPvES0_17TC_OVFINTLVL_enum
 .text._ZN7CTimerD14SetERRCallbackEPFvPvES0_17TC_ERRINTLVL_enum
                0x00005f8e       0x22 Periphery/CTimerD.o
                0x00005f8e                _ZN7CTimerD14SetERRCallbackEPFvPvES0_17TC_ERRINTLVL_enum
 .text._ZN7CTimerD16SetCOMPACallbackEPFvPvES0_17TC_CCAINTLVL_enum
                0x00005fb0       0x22 Periphery/CTimerD.o
                0x00005fb0                _ZN7CTimerD16SetCOMPACallbackEPFvPvES0_17TC_CCAINTLVL_enum
 .text._ZN7CTimerD16SetCOMPBCallbackEPFvPvES0_17TC_CCBINTLVL_enum
                0x00005fd2       0x22 Periphery/CTimerD.o
                0x00005fd2                _ZN7CTimerD16SetCOMPBCallbackEPFvPvES0_17TC_CCBINTLVL_enum
 .text._ZN7CTimerD16SetCOMPCCallbackEPFvPvES0_17TC_CCCINTLVL_enum
                0x00005ff4       0x22 Periphery/CTimerD.o
                0x00005ff4                _ZN7CTimerD16SetCOMPCCallbackEPFvPvES0_17TC_CCCINTLVL_enum
 .text._ZN7CTimerD16SetCOMPDCallbackEPFvPvES0_17TC_CCDINTLVL_enum
                0x00006016       0x22 Periphery/CTimerD.o
                0x00006016                _ZN7CTimerD16SetCOMPDCallbackEPFvPvES0_17TC_CCDINTLVL_enum
 .text._ZN7CTimerDC2Ev
                0x00006038       0x18 Periphery/CTimerD.o
                0x00006038                _ZN7CTimerDC1Ev
                0x00006038                _ZN7CTimerDC2Ev
 .text._ZN7CTimerDD2Ev
                0x00006050       0x10 Periphery/CTimerD.o
                0x00006050                _ZN7CTimerDD2Ev
                0x00006050                _ZN7CTimerDD1Ev
 .text._ZN8CTimerD110InitializeE27TIMER_WAVEFORMGEN_MODE_ENUM22TIMER_CLOCKSELECT_ENUM
                0x00006060       0x2e Periphery/CTimerD1.o
                0x00006060                _ZN8CTimerD110InitializeE27TIMER_WAVEFORMGEN_MODE_ENUM22TIMER_CLOCKSELECT_ENUM
 .text._ZN8CTimerD15StartEj
                0x0000608e       0x1a Periphery/CTimerD1.o
                0x0000608e                _ZN8CTimerD15StartEj
 .text._ZN8CTimerD14StopEv
                0x000060a8       0x10 Periphery/CTimerD1.o
                0x000060a8                _ZN8CTimerD14StopEv
 .text._ZN8CTimerD15ResetEv
                0x000060b8       0x14 Periphery/CTimerD1.o
                0x000060b8                _ZN8CTimerD15ResetEv
 .text._ZN8CTimerD113EnableChannelE19TIMER_CHANNELS_ENUM
                0x000060cc        0xe Periphery/CTimerD1.o
                0x000060cc                _ZN8CTimerD113EnableChannelE19TIMER_CHANNELS_ENUM
 .text._ZN8CTimerD114DisableChannelE19TIMER_CHANNELS_ENUM
                0x000060da        0xe Periphery/CTimerD1.o
                0x000060da                _ZN8CTimerD114DisableChannelE19TIMER_CHANNELS_ENUM
 .text._ZN8CTimerD19SetPeriodEj
                0x000060e8        0xa Periphery/CTimerD1.o
                0x000060e8                _ZN8CTimerD19SetPeriodEj
 .text._ZN8CTimerD18SetCOMPAEj
                0x000060f2        0xa Periphery/CTimerD1.o
                0x000060f2                _ZN8CTimerD18SetCOMPAEj
 .text._ZN8CTimerD18SetCOMPBEj
                0x000060fc        0xa Periphery/CTimerD1.o
                0x000060fc                _ZN8CTimerD18SetCOMPBEj
 .text._ZN8CTimerD114SetOVFCallbackEPFvPvES0_17TC_OVFINTLVL_enum
                0x00006106       0x22 Periphery/CTimerD1.o
                0x00006106                _ZN8CTimerD114SetOVFCallbackEPFvPvES0_17TC_OVFINTLVL_enum
 .text._ZN8CTimerD114SetERRCallbackEPFvPvES0_17TC_ERRINTLVL_enum
                0x00006128       0x22 Periphery/CTimerD1.o
                0x00006128                _ZN8CTimerD114SetERRCallbackEPFvPvES0_17TC_ERRINTLVL_enum
 .text._ZN8CTimerD116SetCOMPACallbackEPFvPvES0_17TC_CCAINTLVL_enum
                0x0000614a       0x22 Periphery/CTimerD1.o
                0x0000614a                _ZN8CTimerD116SetCOMPACallbackEPFvPvES0_17TC_CCAINTLVL_enum
 .text._ZN8CTimerD116SetCOMPBCallbackEPFvPvES0_17TC_CCBINTLVL_enum
                0x0000616c       0x22 Periphery/CTimerD1.o
                0x0000616c                _ZN8CTimerD116SetCOMPBCallbackEPFvPvES0_17TC_CCBINTLVL_enum
 .text._ZN8CTimerD1C2Ev
                0x0000618e       0x18 Periphery/CTimerD1.o
                0x0000618e                _ZN8CTimerD1C2Ev
                0x0000618e                _ZN8CTimerD1C1Ev
 .text._ZN8CTimerD1D2Ev
                0x000061a6       0x10 Periphery/CTimerD1.o
                0x000061a6                _ZN8CTimerD1D2Ev
                0x000061a6                _ZN8CTimerD1D1Ev
 .text._ZN7CTimerF10InitializeE27TIMER_WAVEFORMGEN_MODE_ENUM22TIMER_CLOCKSELECT_ENUM
                0x000061b6       0x36 Periphery/CTimerF.o
                0x000061b6                _ZN7CTimerF10InitializeE27TIMER_WAVEFORMGEN_MODE_ENUM22TIMER_CLOCKSELECT_ENUM
 .text._ZN7CTimerF5StartEj
                0x000061ec       0x1a Periphery/CTimerF.o
                0x000061ec                _ZN7CTimerF5StartEj
 .text._ZN7CTimerF4StopEv
                0x00006206       0x10 Periphery/CTimerF.o
                0x00006206                _ZN7CTimerF4StopEv
 .text._ZN7CTimerF13EnableChannelE19TIMER_CHANNELS_ENUM
                0x00006216        0xc Periphery/CTimerF.o
                0x00006216                _ZN7CTimerF13EnableChannelE19TIMER_CHANNELS_ENUM
 .text._ZN7CTimerF14DisableChannelE19TIMER_CHANNELS_ENUM
                0x00006222        0xe Periphery/CTimerF.o
                0x00006222                _ZN7CTimerF14DisableChannelE19TIMER_CHANNELS_ENUM
 .text._ZN7CTimerF10ChannelSetE19TIMER_CHANNELS_ENUM
                0x00006230       0x10 Periphery/CTimerF.o
                0x00006230                _ZN7CTimerF10ChannelSetE19TIMER_CHANNELS_ENUM
 .text._ZN7CTimerF12ChannelResetE19TIMER_CHANNELS_ENUM
                0x00006240       0x12 Periphery/CTimerF.o
                0x00006240                _ZN7CTimerF12ChannelResetE19TIMER_CHANNELS_ENUM
 .text._ZN7CTimerF9SetPeriodEj
                0x00006252        0xa Periphery/CTimerF.o
                0x00006252                _ZN7CTimerF9SetPeriodEj
 .text._ZN7CTimerF8SetCOMPAEj
                0x0000625c        0xa Periphery/CTimerF.o
                0x0000625c                _ZN7CTimerF8SetCOMPAEj
 .text._ZN7CTimerF8SetCOMPBEj
                0x00006266        0xa Periphery/CTimerF.o
                0x00006266                _ZN7CTimerF8SetCOMPBEj
 .text._ZN7CTimerF8SetCOMPCEj
                0x00006270        0xa Periphery/CTimerF.o
                0x00006270                _ZN7CTimerF8SetCOMPCEj
 .text._ZN7CTimerF8SetCOMPDEj
                0x0000627a        0xa Periphery/CTimerF.o
                0x0000627a                _ZN7CTimerF8SetCOMPDEj
 .text._ZN7CTimerF14SetOVFCallbackEPFvPvES0_17TC_OVFINTLVL_enum
                0x00006284       0x22 Periphery/CTimerF.o
                0x00006284                _ZN7CTimerF14SetOVFCallbackEPFvPvES0_17TC_OVFINTLVL_enum
 .text._ZN7CTimerF14SetERRCallbackEPFvPvES0_17TC_ERRINTLVL_enum
                0x000062a6       0x22 Periphery/CTimerF.o
                0x000062a6                _ZN7CTimerF14SetERRCallbackEPFvPvES0_17TC_ERRINTLVL_enum
 .text._ZN7CTimerF16SetCOMPACallbackEPFvPvES0_17TC_CCAINTLVL_enum
                0x000062c8       0x22 Periphery/CTimerF.o
                0x000062c8                _ZN7CTimerF16SetCOMPACallbackEPFvPvES0_17TC_CCAINTLVL_enum
 .text._ZN7CTimerF16SetCOMPBCallbackEPFvPvES0_17TC_CCBINTLVL_enum
                0x000062ea       0x22 Periphery/CTimerF.o
                0x000062ea                _ZN7CTimerF16SetCOMPBCallbackEPFvPvES0_17TC_CCBINTLVL_enum
 .text._ZN7CTimerF16SetCOMPCCallbackEPFvPvES0_17TC_CCCINTLVL_enum
                0x0000630c       0x22 Periphery/CTimerF.o
                0x0000630c                _ZN7CTimerF16SetCOMPCCallbackEPFvPvES0_17TC_CCCINTLVL_enum
 .text._ZN7CTimerF16SetCOMPDCallbackEPFvPvES0_17TC_CCDINTLVL_enum
                0x0000632e       0x22 Periphery/CTimerF.o
                0x0000632e                _ZN7CTimerF16SetCOMPDCallbackEPFvPvES0_17TC_CCDINTLVL_enum
 .text._ZN7CTimerFC2Ev
                0x00006350       0x18 Periphery/CTimerF.o
                0x00006350                _ZN7CTimerFC2Ev
                0x00006350                _ZN7CTimerFC1Ev
 .text._ZN7CTimerFD2Ev
                0x00006368       0x10 Periphery/CTimerF.o
                0x00006368                _ZN7CTimerFD2Ev
                0x00006368                _ZN7CTimerFD1Ev
 .text.avr-libc.fplib
                0x00006378        0xe c:/program files (x86)/atmel/studio/7.0/toolchain/avr8/avr8-gnu-toolchain/bin/../lib/gcc/avr/4.9.2/../../../../avr/lib/avrxmega6\libm.a(fixsfsi.o)
                0x00006378                __fixsfsi
 .text.avr-libc.fplib
                0x00006386       0x5e c:/program files (x86)/atmel/studio/7.0/toolchain/avr8/avr8-gnu-toolchain/bin/../lib/gcc/avr/4.9.2/../../../../avr/lib/avrxmega6\libm.a(fixunssfsi.o)
                0x00006386                __fixunssfsi
 .text.avr-libc.fplib
                0x000063e4       0x7a c:/program files (x86)/atmel/studio/7.0/toolchain/avr8/avr8-gnu-toolchain/bin/../lib/gcc/avr/4.9.2/../../../../avr/lib/avrxmega6\libm.a(floatsisf.o)
                0x000063e4                __floatunsisf
                0x000063e8                __floatsisf
 .text.avr-libc.fplib
                0x0000645e       0x44 c:/program files (x86)/atmel/studio/7.0/toolchain/avr8/avr8-gnu-toolchain/bin/../lib/gcc/avr/4.9.2/../../../../avr/lib/avrxmega6\libm.a(fp_split3.o)
                0x0000645e                __fp_split3
                0x0000646e                __fp_splitA
 .text.avr-libc.fplib
                0x000064a2        0xe c:/program files (x86)/atmel/studio/7.0/toolchain/avr8/avr8-gnu-toolchain/bin/../lib/gcc/avr/4.9.2/../../../../avr/lib/avrxmega6\libm.a(fp_zero.o)
                0x000064a2                __fp_zero
                0x000064a4                __fp_szero
 .text.avr-libc.fplib
                0x000064b0        0x8 c:/program files (x86)/atmel/studio/7.0/toolchain/avr8/avr8-gnu-toolchain/bin/../lib/gcc/avr/4.9.2/../../../../avr/lib/avrxmega6\libm.a(mulsf3.o)
                0x000064b0                __mulsf3
 .text.avr-libc.fplib
                0x000064b8       0xd2 c:/program files (x86)/atmel/studio/7.0/toolchain/avr8/avr8-gnu-toolchain/bin/../lib/gcc/avr/4.9.2/../../../../avr/lib/avrxmega6\libm.a(mulsf3x.o)
                0x000064d6                __mulsf3x
                0x000064dc                __mulsf3_pse
 .text.avr-libc.fplib
                0x0000658a        0xc c:/program files (x86)/atmel/studio/7.0/toolchain/avr8/avr8-gnu-toolchain/bin/../lib/gcc/avr/4.9.2/../../../../avr/lib/avrxmega6\libm.a(fp_inf.o)
                0x0000658a                __fp_inf
 .text.avr-libc.fplib
                0x00006596        0x6 c:/program files (x86)/atmel/studio/7.0/toolchain/avr8/avr8-gnu-toolchain/bin/../lib/gcc/avr/4.9.2/../../../../avr/lib/avrxmega6\libm.a(fp_nan.o)
                0x00006596                __fp_nan
 .text.avr-libc.fplib
                0x0000659c        0xe c:/program files (x86)/atmel/studio/7.0/toolchain/avr8/avr8-gnu-toolchain/bin/../lib/gcc/avr/4.9.2/../../../../avr/lib/avrxmega6\libm.a(fp_pscA.o)
                0x0000659c                __fp_pscA
 .text.avr-libc.fplib
                0x000065aa        0xe c:/program files (x86)/atmel/studio/7.0/toolchain/avr8/avr8-gnu-toolchain/bin/../lib/gcc/avr/4.9.2/../../../../avr/lib/avrxmega6\libm.a(fp_pscB.o)
                0x000065aa                __fp_pscB
 .text.avr-libc.fplib
                0x000065b8       0x22 c:/program files (x86)/atmel/studio/7.0/toolchain/avr8/avr8-gnu-toolchain/bin/../lib/gcc/avr/4.9.2/../../../../avr/lib/avrxmega6\libm.a(fp_round.o)
                0x000065b8                __fp_round
 .text.libgcc.mul
                0x000065da       0x20 c:/program files (x86)/atmel/studio/7.0/toolchain/avr8/avr8-gnu-toolchain/bin/../lib/gcc/avr/4.9.2/avrxmega6\libgcc.a(_mulsi3.o)
                0x000065da                __mulsi3
 .text.libgcc.div
                0x000065fa       0x28 c:/program files (x86)/atmel/studio/7.0/toolchain/avr8/avr8-gnu-toolchain/bin/../lib/gcc/avr/4.9.2/avrxmega6\libgcc.a(_udivmodhi4.o)
                0x000065fa                __udivmodhi4
 .text.libgcc.div
                0x00006622       0x28 c:/program files (x86)/atmel/studio/7.0/toolchain/avr8/avr8-gnu-toolchain/bin/../lib/gcc/avr/4.9.2/avrxmega6\libgcc.a(_divmodhi4.o)
                0x00006622                _div
                0x00006622                __divmodhi4
 .text.libgcc.div
                0x0000664a       0x44 c:/program files (x86)/atmel/studio/7.0/toolchain/avr8/avr8-gnu-toolchain/bin/../lib/gcc/avr/4.9.2/avrxmega6\libgcc.a(_udivmodsi4.o)
                0x0000664a                __udivmodsi4
 .text.libgcc.div
                0x0000668e       0x2e c:/program files (x86)/atmel/studio/7.0/toolchain/avr8/avr8-gnu-toolchain/bin/../lib/gcc/avr/4.9.2/avrxmega6\libgcc.a(_divmodsi4.o)
                0x0000668e                __divmodsi4
 .text.libgcc.div
                0x000066bc       0x10 c:/program files (x86)/atmel/studio/7.0/toolchain/avr8/avr8-gnu-toolchain/bin/../lib/gcc/avr/4.9.2/avrxmega6\libgcc.a(_negsi2.o)
                0x000066bc                __negsi2
 .text.libgcc   0x000066cc       0x10 c:/program files (x86)/atmel/studio/7.0/toolchain/avr8/avr8-gnu-toolchain/bin/../lib/gcc/avr/4.9.2/avrxmega6\libgcc.a(_tablejump2.o)
                0x000066cc                __tablejump2__
 .text.libgcc.mul
                0x000066dc       0x1e c:/program files (x86)/atmel/studio/7.0/toolchain/avr8/avr8-gnu-toolchain/bin/../lib/gcc/avr/4.9.2/avrxmega6\libgcc.a(_umulhisi3.o)
                0x000066dc                __umulhisi3
 .text.libgcc.mul
                0x000066fa       0x16 c:/program files (x86)/atmel/studio/7.0/toolchain/avr8/avr8-gnu-toolchain/bin/../lib/gcc/avr/4.9.2/avrxmega6\libgcc.a(_muluhisi3.o)
                0x000066fa                __muluhisi3
 .text.avr-libc
                0x00006710      0x25a c:/program files (x86)/atmel/studio/7.0/toolchain/avr8/avr8-gnu-toolchain/bin/../lib/gcc/avr/4.9.2/../../../../avr/lib/avrxmega6\libc.a(malloc.o)
                0x00006710                malloc
                0x0000683a                free
 .text.avr-libc
                0x0000696a       0x12 c:/program files (x86)/atmel/studio/7.0/toolchain/avr8/avr8-gnu-toolchain/bin/../lib/gcc/avr/4.9.2/../../../../avr/lib/avrxmega6\libc.a(memcpy.o)
                0x0000696a                memcpy
 .text.avr-libc
                0x0000697c        0xe c:/program files (x86)/atmel/studio/7.0/toolchain/avr8/avr8-gnu-toolchain/bin/../lib/gcc/avr/4.9.2/../../../../avr/lib/avrxmega6\libatxmega128a3u.a(eerd_dword.o)
                0x0000697c                eeprom_read_float
                0x0000697c                eeprom_read_dword
 .text.avr-libc
                0x0000698a       0x10 c:/program files (x86)/atmel/studio/7.0/toolchain/avr8/avr8-gnu-toolchain/bin/../lib/gcc/avr/4.9.2/../../../../avr/lib/avrxmega6\libatxmega128a3u.a(eewr_dword.o)
                0x0000698a                eeprom_write_dword
                0x0000698a                eeprom_write_float
 .text.avr-libc
                0x0000699a        0xa c:/program files (x86)/atmel/studio/7.0/toolchain/avr8/avr8-gnu-toolchain/bin/../lib/gcc/avr/4.9.2/../../../../avr/lib/avrxmega6\libatxmega128a3u.a(eewr_word.o)
                0x0000699a                eeprom_write_word
 .text.avr-libc
                0x000069a4       0x20 c:/program files (x86)/atmel/studio/7.0/toolchain/avr8/avr8-gnu-toolchain/bin/../lib/gcc/avr/4.9.2/../../../../avr/lib/avrxmega6\libatxmega128a3u.a(eerd_byte.o)
                0x000069a4                eeprom_read_byte
                0x000069ac                eeprom_mapen
 .text.avr-libc
                0x000069c4       0x46 c:/program files (x86)/atmel/studio/7.0/toolchain/avr8/avr8-gnu-toolchain/bin/../lib/gcc/avr/4.9.2/../../../../avr/lib/avrxmega6\libatxmega128a3u.a(eewr_byte.o)
                0x000069c4                eeprom_write_byte
                0x000069c6                eeprom_write_r18
                0x00006a0a                . = ALIGN (0x2)
 *(.fini9)
 .fini9         0x00006a0a        0x0 c:/program files (x86)/atmel/studio/7.0/toolchain/avr8/avr8-gnu-toolchain/bin/../lib/gcc/avr/4.9.2/avrxmega6\libgcc.a(_exit.o)
                0x00006a0a                _exit
                0x00006a0a                exit
 *(.fini9)
 *(.fini8)
 *(.fini8)
 *(.fini7)
 *(.fini7)
 *(.fini6)
 .fini6         0x00006a0a       0x20 c:/program files (x86)/atmel/studio/7.0/toolchain/avr8/avr8-gnu-toolchain/bin/../lib/gcc/avr/4.9.2/avrxmega6\libgcc.a(_dtors.o)
                0x00006a0a                __do_global_dtors
 *(.fini6)
 *(.fini5)
 *(.fini5)
 *(.fini4)
 *(.fini4)
 *(.fini3)
 *(.fini3)
 *(.fini2)
 *(.fini2)
 *(.fini1)
 *(.fini1)
 *(.fini0)
 .fini0         0x00006a2a        0x4 c:/program files (x86)/atmel/studio/7.0/toolchain/avr8/avr8-gnu-toolchain/bin/../lib/gcc/avr/4.9.2/avrxmega6\libgcc.a(_exit.o)
 *(.fini0)
                0x00006a2e                _etext = .

.data           0x00802000      0x2e0 load address 0x00006a2e
                0x00802000                PROVIDE (__data_start, .)
 *(.data)
 .data          0x00802000        0x6 c:/program files (x86)/atmel/studio/7.0/toolchain/avr8/avr8-gnu-toolchain/bin/../lib/gcc/avr/4.9.2/../../../../avr/lib/avrxmega6\libc.a(malloc.o)
                0x00802000                __malloc_heap_end
                0x00802002                __malloc_heap_start
                0x00802004                __malloc_margin
 *(.data*)
 .data._ZZN16CLaserControlApp13OnPWMTimerOVFEvE5delay
                0x00802006        0x2 CLaserControlApp.o
 .data.tableBLU
                0x00802008       0x10 CLaserControlApp.o
                0x00802008                tableBLU
 .data.tableGRN
                0x00802018       0x10 CLaserControlApp.o
                0x00802018                tableGRN
 .data.tableRED
                0x00802028       0x10 CLaserControlApp.o
                0x00802028                tableRED
 .data.PowerTable
                0x00802038       0xdc CLaserControlApp.o
                0x00802038                PowerTable
 .data.TableNum
                0x00802114       0x16 CLaserControlApp.o
                0x00802114                TableNum
 .data.MaxDurationTable
                0x0080212a       0x16 CLaserControlApp.o
                0x0080212a                MaxDurationTable
 .data.MinDurationTable
                0x00802140       0x16 CLaserControlApp.o
                0x00802140                MinDurationTable
 .data.bscale_table
                0x00802156       0x20 Periphery/CDGUSUSART.o
                0x00802156                bscale_table
 .data.bsel_table
                0x00802176       0x20 Periphery/CDGUSUSART.o
                0x00802176                bsel_table
 *(.rodata)
 *(.rodata*)
 .rodata._ZTV16CLaserControlApp
                0x00802196       0x16 CLaserControlApp.o
                0x00802196                _ZTV16CLaserControlApp
 .rodata._ZTV6CTimer
                0x008021ac       0x24 LaserLib/CTimer.o
                0x008021ac                _ZTV6CTimer
 .rodata._ZTV7CTimer1
                0x008021d0       0x1e LaserLib/CTimer1.o
                0x008021d0                _ZTV7CTimer1
 .rodata._ZTV6CUSART
                0x008021ee       0x18 LaserLib/CUSART.o
                0x008021ee                _ZTV6CUSART
 .rodata._ZTV9CMBSender
                0x00802206       0x16 MODBUS/CMBSender.o
                0x00802206                _ZTV9CMBSender
 .rodata._ZTV10CDGUSUSART
                0x0080221c       0x18 Periphery/CDGUSUSART.o
                0x0080221c                _ZTV10CDGUSUSART
 .rodata._ZTV7CTimerC
                0x00802234       0x24 Periphery/CTimerC.o
                0x00802234                _ZTV7CTimerC
 .rodata._ZTV8CTimerC1
                0x00802258       0x1e Periphery/CTimerC1.o
                0x00802258                _ZTV8CTimerC1
 .rodata._ZTV7CTimerD
                0x00802276       0x24 Periphery/CTimerD.o
                0x00802276                _ZTV7CTimerD
 .rodata._ZTV8CTimerD1
                0x0080229a       0x1e Periphery/CTimerD1.o
                0x0080229a                _ZTV8CTimerD1
 .rodata._ZTV7CTimerF
                0x008022b8       0x28 Periphery/CTimerF.o
                0x008022b8                _ZTV7CTimerF
 *(.gnu.linkonce.d*)
                0x008022e0                . = ALIGN (0x2)
                0x008022e0                _edata = .
                0x008022e0                PROVIDE (__data_end, .)

.bss            0x008022e0      0x2c9
                0x008022e0                PROVIDE (__bss_start, .)
 *(.bss)
 *(.bss*)
 .bss._ZZN16CLaserControlApp6OnINT0EvE9isstarted
                0x008022e0        0x1 CLaserControlApp.o
 .bss._ZZN16CLaserControlApp13OnPWMTimerOVFEvE3blu
                0x008022e1        0x2 CLaserControlApp.o
 .bss._ZZN16CLaserControlApp13OnPWMTimerOVFEvE3red
                0x008022e3        0x2 CLaserControlApp.o
 .bss._ZZN16CLaserControlApp13OnPWMTimerOVFEvE3grn
                0x008022e5        0x2 CLaserControlApp.o
 .bss._ZZN16CLaserControlApp13OnPWMTimerOVFEvE3pos
                0x008022e7        0x2 CLaserControlApp.o
 .bss.DatabaseStatusRegister
                0x008022e9        0x1 CLaserControlApp.o
                0x008022e9                DatabaseStatusRegister
 .bss.InterruptFuncTable
                0x008022ea       0xf6 LaserLib/intx128.o
                0x008022ea                InterruptFuncTable
 .bss.InterruptSenderTable
                0x008023e0       0xf6 LaserLib/intx128.o
                0x008023e0                InterruptSenderTable
 .bss._ZZ4mainE3prs
                0x008024d6        0x2 main.o
 .bss.temperature
                0x008024d8        0x2 main.o
                0x008024d8                temperature
 .bss.D18B20    0x008024da        0x4 main.o
                0x008024da                D18B20
 .bss.App       0x008024de       0x80 main.o
                0x008024de                App
 .bss.player    0x0080255e        0x1 main.o
                0x0080255e                player
 .bss.laserBoard
                0x0080255f        0xa main.o
                0x0080255f                laserBoard
 .bss.sender    0x00802569       0x1d main.o
                0x00802569                sender
 .bss.Database  0x00802586        0x8 main.o
                0x00802586                Database
 .bss.usart     0x0080258e        0x2 main.o
                0x0080258e                usart
 .bss.pwmtimer  0x00802590        0x3 main.o
                0x00802590                pwmtimer
 .bss.flowtimer
                0x00802593        0x3 main.o
                0x00802593                flowtimer
 .bss.laserTimer
                0x00802596        0x3 main.o
                0x00802596                laserTimer
 .bss.timeout   0x00802599        0x3 main.o
                0x00802599                timeout
 .bss.timer     0x0080259c        0x3 main.o
                0x0080259c                timer
 .bss.dacSPI    0x0080259f        0x6 main.o
                0x0080259f                dacSPI
 *(COMMON)
 COMMON         0x008025a5        0x4 c:/program files (x86)/atmel/studio/7.0/toolchain/avr8/avr8-gnu-toolchain/bin/../lib/gcc/avr/4.9.2/../../../../avr/lib/avrxmega6\libc.a(malloc.o)
                0x008025a5                __brkval
                0x008025a7                __flp
                0x008025a9                PROVIDE (__bss_end, .)
                0x00006a2e                __data_load_start = LOADADDR (.data)
                0x00006d0e                __data_load_end = (__data_load_start + SIZEOF (.data))

.noinit         0x008025a9        0x0
                [!provide]                PROVIDE (__noinit_start, .)
 *(.noinit*)
                [!provide]                PROVIDE (__noinit_end, .)
                0x008025a9                _end = .
                0x008025a9                PROVIDE (__heap_start, .)

.eeprom         0x00810000        0x0
 *(.eeprom*)
                0x00810000                __eeprom_end = .

.fuse
 *(.fuse)
 *(.lfuse)
 *(.hfuse)
 *(.efuse)

.lock
 *(.lock*)

.signature
 *(.signature*)

.user_signatures
 *(.user_signatures*)

.stab
 *(.stab)

.stabstr
 *(.stabstr)

.stab.excl
 *(.stab.excl)

.stab.exclstr
 *(.stab.exclstr)

.stab.index
 *(.stab.index)

.stab.indexstr
 *(.stab.indexstr)

.comment        0x00000000       0x30
 *(.comment)
 .comment       0x00000000       0x30 CDGUSDatabase.o
                                 0x31 (size before relaxing)
 .comment       0x00000030       0x31 CLaserControlApp.o
 .comment       0x00000030       0x31 DGUSGUI.o
 .comment       0x00000030       0x31 LaserLib/CSPI.o
 .comment       0x00000030       0x31 LaserLib/CTimer.o
 .comment       0x00000030       0x31 LaserLib/CTimer1.o
 .comment       0x00000030       0x31 LaserLib/CUSART.o
 .comment       0x00000030       0x31 LaserLib/intx128.o
 .comment       0x00000030       0x31 main.o
 .comment       0x00000030       0x31 MODBUS/CMBProtocol.o
 .comment       0x00000030       0x31 MODBUS/CMBSender.o
 .comment       0x00000030       0x31 Periphery/CDGUSUSART.o
 .comment       0x00000030       0x31 Periphery/CDS18B20.o
 .comment       0x00000030       0x31 Periphery/CLaserBoard.o
 .comment       0x00000030       0x31 Periphery/CSoundPlayer.o
 .comment       0x00000030       0x31 Periphery/CTimerC.o
 .comment       0x00000030       0x31 Periphery/CTimerC1.o
 .comment       0x00000030       0x31 Periphery/CTimerD.o
 .comment       0x00000030       0x31 Periphery/CTimerD1.o
 .comment       0x00000030       0x31 Periphery/CTimerF.o
 .comment       0x00000030       0x31 c:/program files (x86)/atmel/studio/7.0/toolchain/avr8/avr8-gnu-toolchain/bin/../lib/gcc/avr/4.9.2/../../../../avr/lib/avrxmega6\libc.a(malloc.o)

.note.gnu.avr.deviceinfo
                0x00000000       0x40
 .note.gnu.avr.deviceinfo
                0x00000000       0x40 c:/program files (x86)/atmel/studio/7.0/toolchain/avr8/avr8-gnu-toolchain/bin/../lib/gcc/avr/4.9.2/../../../../avr/lib/avrxmega6/crtatxmega128a3u.o

.note.gnu.build-id
 *(.note.gnu.build-id)

.debug
 *(.debug)

.line
 *(.line)

.debug_srcinfo
 *(.debug_srcinfo)

.debug_sfnames
 *(.debug_sfnames)

.debug_aranges  0x00000000      0xca0
 *(.debug_aranges)
 .debug_aranges
                0x00000000       0x70 CDGUSDatabase.o
 .debug_aranges
                0x00000070      0x138 CLaserControlApp.o
 .debug_aranges
                0x000001a8       0x40 DGUSGUI.o
 .debug_aranges
                0x000001e8       0x58 LaserLib/CSPI.o
 .debug_aranges
                0x00000240       0x28 LaserLib/CTimer.o
 .debug_aranges
                0x00000268       0x28 LaserLib/CTimer1.o
 .debug_aranges
                0x00000290       0x28 LaserLib/CUSART.o
 .debug_aranges
                0x000002b8      0x348 LaserLib/intx128.o
 .debug_aranges
                0x00000600       0x40 main.o
 .debug_aranges
                0x00000640       0x50 MODBUS/CMBProtocol.o
 .debug_aranges
                0x00000690       0xf8 MODBUS/CMBSender.o
 .debug_aranges
                0x00000788       0x78 Periphery/CDGUSUSART.o
 .debug_aranges
                0x00000800       0x50 Periphery/CDS18B20.o
 .debug_aranges
                0x00000850       0xc8 Periphery/CLaserBoard.o
 .debug_aranges
                0x00000918       0x60 Periphery/CSoundPlayer.o
 .debug_aranges
                0x00000978       0xa8 Periphery/CTimerC.o
 .debug_aranges
                0x00000a20       0x90 Periphery/CTimerC1.o
 .debug_aranges
                0x00000ab0       0xa8 Periphery/CTimerD.o
 .debug_aranges
                0x00000b58       0x90 Periphery/CTimerD1.o
 .debug_aranges
                0x00000be8       0xb8 Periphery/CTimerF.o

.debug_pubnames
 *(.debug_pubnames)

.debug_info     0x00000000    0x181c0
 *(.debug_info .gnu.linkonce.wi.*)
 .debug_info    0x00000000     0x3409 c:/program files (x86)/atmel/studio/7.0/toolchain/avr8/avr8-gnu-toolchain/bin/../lib/gcc/avr/4.9.2/../../../../avr/lib/avrxmega6/crtatxmega128a3u.o
 .debug_info    0x00003409      0x9f5 CDGUSDatabase.o
 .debug_info    0x00003dfe     0x4180 CLaserControlApp.o
 .debug_info    0x00007f7e      0x20f DGUSGUI.o
 .debug_info    0x0000818d      0x7ee LaserLib/CSPI.o
 .debug_info    0x0000897b      0x6a3 LaserLib/CTimer.o
 .debug_info    0x0000901e      0x5a8 LaserLib/CTimer1.o
 .debug_info    0x000095c6      0x606 LaserLib/CUSART.o
 .debug_info    0x00009bcc      0x91e LaserLib/intx128.o
 .debug_info    0x0000a4ea     0x2163 main.o
 .debug_info    0x0000c64d      0x595 MODBUS/CMBProtocol.o
 .debug_info    0x0000cbe2     0x12e6 MODBUS/CMBSender.o
 .debug_info    0x0000dec8     0x1095 Periphery/CDGUSUSART.o
 .debug_info    0x0000ef5d      0x8df Periphery/CDS18B20.o
 .debug_info    0x0000f83c      0xf07 Periphery/CLaserBoard.o
 .debug_info    0x00010743     0x139d Periphery/CSoundPlayer.o
 .debug_info    0x00011ae0     0x15ac Periphery/CTimerC.o
 .debug_info    0x0001308c     0x128d Periphery/CTimerC1.o
 .debug_info    0x00014319     0x15ac Periphery/CTimerD.o
 .debug_info    0x000158c5     0x128d Periphery/CTimerD1.o
 .debug_info    0x00016b52     0x166e Periphery/CTimerF.o

.debug_abbrev   0x00000000     0x650f
 *(.debug_abbrev)
 .debug_abbrev  0x00000000     0x3148 c:/program files (x86)/atmel/studio/7.0/toolchain/avr8/avr8-gnu-toolchain/bin/../lib/gcc/avr/4.9.2/../../../../avr/lib/avrxmega6/crtatxmega128a3u.o
 .debug_abbrev  0x00003148      0x2ce CDGUSDatabase.o
 .debug_abbrev  0x00003416      0x598 CLaserControlApp.o
 .debug_abbrev  0x000039ae      0x10d DGUSGUI.o
 .debug_abbrev  0x00003abb      0x2a7 LaserLib/CSPI.o
 .debug_abbrev  0x00003d62      0x182 LaserLib/CTimer.o
 .debug_abbrev  0x00003ee4      0x182 LaserLib/CTimer1.o
 .debug_abbrev  0x00004066      0x1ed LaserLib/CUSART.o
 .debug_abbrev  0x00004253       0x83 LaserLib/intx128.o
 .debug_abbrev  0x000042d6      0x3e0 main.o
 .debug_abbrev  0x000046b6      0x212 MODBUS/CMBProtocol.o
 .debug_abbrev  0x000048c8      0x39b MODBUS/CMBSender.o
 .debug_abbrev  0x00004c63      0x2d9 Periphery/CDGUSUSART.o
 .debug_abbrev  0x00004f3c      0x2f6 Periphery/CDS18B20.o
 .debug_abbrev  0x00005232      0x2e8 Periphery/CLaserBoard.o
 .debug_abbrev  0x0000551a      0x2b9 Periphery/CSoundPlayer.o
 .debug_abbrev  0x000057d3      0x29c Periphery/CTimerC.o
 .debug_abbrev  0x00005a6f      0x2b4 Periphery/CTimerC1.o
 .debug_abbrev  0x00005d23      0x29c Periphery/CTimerD.o
 .debug_abbrev  0x00005fbf      0x2b4 Periphery/CTimerD1.o
 .debug_abbrev  0x00006273      0x29c Periphery/CTimerF.o

.debug_line     0x00000000     0x5ea9
 *(.debug_line .debug_line.* .debug_line_end)
 .debug_line    0x00000000       0x1a c:/program files (x86)/atmel/studio/7.0/toolchain/avr8/avr8-gnu-toolchain/bin/../lib/gcc/avr/4.9.2/../../../../avr/lib/avrxmega6/crtatxmega128a3u.o
 .debug_line    0x0000001a      0x34e CDGUSDatabase.o
 .debug_line    0x00000368     0x11f9 CLaserControlApp.o
 .debug_line    0x00001561      0x11e DGUSGUI.o
 .debug_line    0x0000167f      0x2f4 LaserLib/CSPI.o
 .debug_line    0x00001973      0x153 LaserLib/CTimer.o
 .debug_line    0x00001ac6      0x155 LaserLib/CTimer1.o
 .debug_line    0x00001c1b      0x145 LaserLib/CUSART.o
 .debug_line    0x00001d60     0x100e LaserLib/intx128.o
 .debug_line    0x00002d6e      0x50b main.o
 .debug_line    0x00003279      0x2c7 MODBUS/CMBProtocol.o
 .debug_line    0x00003540      0x79f MODBUS/CMBSender.o
 .debug_line    0x00003cdf      0x343 Periphery/CDGUSUSART.o
 .debug_line    0x00004022      0x38d Periphery/CDS18B20.o
 .debug_line    0x000043af      0x5a5 Periphery/CLaserBoard.o
 .debug_line    0x00004954      0x340 Periphery/CSoundPlayer.o
 .debug_line    0x00004c94      0x3bb Periphery/CTimerC.o
 .debug_line    0x0000504f      0x35b Periphery/CTimerC1.o
 .debug_line    0x000053aa      0x3bb Periphery/CTimerD.o
 .debug_line    0x00005765      0x35b Periphery/CTimerD1.o
 .debug_line    0x00005ac0      0x3e9 Periphery/CTimerF.o

.debug_frame    0x00000000     0x3964
 *(.debug_frame)
 .debug_frame   0x00000000      0x218 CDGUSDatabase.o
 .debug_frame   0x00000218      0x430 CLaserControlApp.o
 .debug_frame   0x00000648       0x8c DGUSGUI.o
 .debug_frame   0x000006d4       0xbc LaserLib/CSPI.o
 .debug_frame   0x00000790       0x34 LaserLib/CTimer.o
 .debug_frame   0x000007c4       0x34 LaserLib/CTimer1.o
 .debug_frame   0x000007f8       0x34 LaserLib/CUSART.o
 .debug_frame   0x0000082c     0x2324 LaserLib/intx128.o
 .debug_frame   0x00002b50       0x94 main.o
 .debug_frame   0x00002be4       0xc4 MODBUS/CMBProtocol.o
 .debug_frame   0x00002ca8      0x2dc MODBUS/CMBSender.o
 .debug_frame   0x00002f84       0xe8 Periphery/CDGUSUSART.o
 .debug_frame   0x0000306c       0xa0 Periphery/CDS18B20.o
 .debug_frame   0x0000310c      0x180 Periphery/CLaserBoard.o
 .debug_frame   0x0000328c       0xd8 Periphery/CSoundPlayer.o
 .debug_frame   0x00003364      0x140 Periphery/CTimerC.o
 .debug_frame   0x000034a4      0x110 Periphery/CTimerC1.o
 .debug_frame   0x000035b4      0x140 Periphery/CTimerD.o
 .debug_frame   0x000036f4      0x110 Periphery/CTimerD1.o
 .debug_frame   0x00003804      0x160 Periphery/CTimerF.o

.debug_str      0x00000000     0x9317
 *(.debug_str)
 .debug_str     0x00000000     0x223b c:/program files (x86)/atmel/studio/7.0/toolchain/avr8/avr8-gnu-toolchain/bin/../lib/gcc/avr/4.9.2/../../../../avr/lib/avrxmega6/crtatxmega128a3u.o
 .debug_str     0x0000223b      0x5e2 CDGUSDatabase.o
                                0x671 (size before relaxing)
 .debug_str     0x0000281d     0x1d86 CLaserControlApp.o
                               0x24b0 (size before relaxing)
 .debug_str     0x000045a3       0x24 DGUSGUI.o
                                0x24b (size before relaxing)
 .debug_str     0x000045c7      0x1b5 LaserLib/CSPI.o
                                0x713 (size before relaxing)
 .debug_str     0x0000477c      0x4b9 LaserLib/CTimer.o
                                0xa3e (size before relaxing)
 .debug_str     0x00004c35      0x269 LaserLib/CTimer1.o
                                0x8ae (size before relaxing)
 .debug_str     0x00004e9e      0x56b LaserLib/CUSART.o
                                0x7b0 (size before relaxing)
 .debug_str     0x00005409      0x4e2 LaserLib/intx128.o
                                0x6bb (size before relaxing)
 .debug_str     0x000058eb     0x120a main.o
                               0x260f (size before relaxing)
 .debug_str     0x00006af5      0x289 MODBUS/CMBProtocol.o
                                0x4eb (size before relaxing)
 .debug_str     0x00006d7e      0x608 MODBUS/CMBSender.o
                                0xb3e (size before relaxing)
 .debug_str     0x00007386      0xcd4 Periphery/CDGUSUSART.o
                               0x1669 (size before relaxing)
 .debug_str     0x0000805a       0x51 Periphery/CDS18B20.o
                                0x4de (size before relaxing)
 .debug_str     0x000080ab      0x5b5 Periphery/CLaserBoard.o
                                0xcd9 (size before relaxing)
 .debug_str     0x00008660      0x3a2 Periphery/CSoundPlayer.o
                                0xc20 (size before relaxing)
 .debug_str     0x00008a02      0x263 Periphery/CTimerC.o
                               0x1295 (size before relaxing)
 .debug_str     0x00008c65      0x1db Periphery/CTimerC1.o
                               0x1144 (size before relaxing)
 .debug_str     0x00008e40      0x109 Periphery/CTimerD.o
                               0x1295 (size before relaxing)
 .debug_str     0x00008f49      0x205 Periphery/CTimerD1.o
                               0x1144 (size before relaxing)
 .debug_str     0x0000914e      0x1c9 Periphery/CTimerF.o
                               0x130b (size before relaxing)

.debug_loc      0x00000000     0xa5e4
 *(.debug_loc)
 .debug_loc     0x00000000      0x8cf CDGUSDatabase.o
 .debug_loc     0x000008cf     0x153d CLaserControlApp.o
 .debug_loc     0x00001e0c      0x2ad DGUSGUI.o
 .debug_loc     0x000020b9      0x276 LaserLib/CSPI.o
 .debug_loc     0x0000232f     0x50e2 LaserLib/intx128.o
 .debug_loc     0x00007411       0xab main.o
 .debug_loc     0x000074bc      0x356 MODBUS/CMBProtocol.o
 .debug_loc     0x00007812      0xf2e MODBUS/CMBSender.o
 .debug_loc     0x00008740      0x210 Periphery/CDGUSUSART.o
 .debug_loc     0x00008950      0x362 Periphery/CDS18B20.o
 .debug_loc     0x00008cb2      0x532 Periphery/CLaserBoard.o
 .debug_loc     0x000091e4      0x344 Periphery/CSoundPlayer.o
 .debug_loc     0x00009528      0x366 Periphery/CTimerC.o
 .debug_loc     0x0000988e      0x2fe Periphery/CTimerC1.o
 .debug_loc     0x00009b8c      0x366 Periphery/CTimerD.o
 .debug_loc     0x00009ef2      0x2fe Periphery/CTimerD1.o
 .debug_loc     0x0000a1f0      0x3f4 Periphery/CTimerF.o

.debug_macinfo
 *(.debug_macinfo)

.debug_weaknames
 *(.debug_weaknames)

.debug_funcnames
 *(.debug_funcnames)

.debug_typenames
 *(.debug_typenames)

.debug_varnames
 *(.debug_varnames)

.debug_pubtypes
 *(.debug_pubtypes)

.debug_ranges   0x00000000      0xb78
 *(.debug_ranges)
 .debug_ranges  0x00000000       0x60 CDGUSDatabase.o
 .debug_ranges  0x00000060      0x128 CLaserControlApp.o
 .debug_ranges  0x00000188       0x30 DGUSGUI.o
 .debug_ranges  0x000001b8       0x48 LaserLib/CSPI.o
 .debug_ranges  0x00000200       0x18 LaserLib/CTimer.o
 .debug_ranges  0x00000218       0x18 LaserLib/CTimer1.o
 .debug_ranges  0x00000230       0x18 LaserLib/CUSART.o
 .debug_ranges  0x00000248      0x338 LaserLib/intx128.o
 .debug_ranges  0x00000580       0x48 main.o
 .debug_ranges  0x000005c8       0x40 MODBUS/CMBProtocol.o
 .debug_ranges  0x00000608       0xe8 MODBUS/CMBSender.o
 .debug_ranges  0x000006f0       0x68 Periphery/CDGUSUSART.o
 .debug_ranges  0x00000758       0x40 Periphery/CDS18B20.o
 .debug_ranges  0x00000798       0xb8 Periphery/CLaserBoard.o
 .debug_ranges  0x00000850       0x50 Periphery/CSoundPlayer.o
 .debug_ranges  0x000008a0       0x98 Periphery/CTimerC.o
 .debug_ranges  0x00000938       0x80 Periphery/CTimerC1.o
 .debug_ranges  0x000009b8       0x98 Periphery/CTimerD.o
 .debug_ranges  0x00000a50       0x80 Periphery/CTimerD1.o
 .debug_ranges  0x00000ad0       0xa8 Periphery/CTimerF.o

.debug_macro
 *(.debug_macro)
OUTPUT(ATxmegaLaserDiode.elf elf32-avr)
LOAD linker stubs