Archive member included to satisfy reference by file (symbol)

c:/program files (x86)/atmel/studio/7.0/toolchain/avr8/avr8-gnu-toolchain/bin/../lib/gcc/avr/4.9.2/avrxmega6\libgcc.a(_udivmodhi4.o)
                              CLaserControlApp.o (__udivmodhi4)
c:/program files (x86)/atmel/studio/7.0/toolchain/avr8/avr8-gnu-toolchain/bin/../lib/gcc/avr/4.9.2/avrxmega6\libgcc.a(_divmodsi4.o)
                              Periphery/CSoundPlayer.o (__divmodsi4)
c:/program files (x86)/atmel/studio/7.0/toolchain/avr8/avr8-gnu-toolchain/bin/../lib/gcc/avr/4.9.2/avrxmega6\libgcc.a(_negsi2.o)
                              c:/program files (x86)/atmel/studio/7.0/toolchain/avr8/avr8-gnu-toolchain/bin/../lib/gcc/avr/4.9.2/avrxmega6\libgcc.a(_divmodsi4.o) (__negsi2)
c:/program files (x86)/atmel/studio/7.0/toolchain/avr8/avr8-gnu-toolchain/bin/../lib/gcc/avr/4.9.2/avrxmega6\libgcc.a(_exit.o)
                              C:/Program Files (x86)/Atmel/Studio/7.0/Packs/atmel/XMEGAA_DFP/1.0.36/gcc/dev/atxmega128a3u/avrxmega6/crtatxmega128a3u.o (exit)
c:/program files (x86)/atmel/studio/7.0/toolchain/avr8/avr8-gnu-toolchain/bin/../lib/gcc/avr/4.9.2/avrxmega6\libgcc.a(_tablejump2.o)
                              CLaserControlApp.o (__tablejump2__)
c:/program files (x86)/atmel/studio/7.0/toolchain/avr8/avr8-gnu-toolchain/bin/../lib/gcc/avr/4.9.2/avrxmega6\libgcc.a(_copy_data.o)
                              CLaserControlApp.o (__do_copy_data)
c:/program files (x86)/atmel/studio/7.0/toolchain/avr8/avr8-gnu-toolchain/bin/../lib/gcc/avr/4.9.2/avrxmega6\libgcc.a(_clear_bss.o)
                              CLaserControlApp.o (__do_clear_bss)
c:/program files (x86)/atmel/studio/7.0/toolchain/avr8/avr8-gnu-toolchain/bin/../lib/gcc/avr/4.9.2/avrxmega6\libgcc.a(_ctors.o)
                              CLaserControlApp.o (__do_global_ctors)
c:/program files (x86)/atmel/studio/7.0/toolchain/avr8/avr8-gnu-toolchain/bin/../lib/gcc/avr/4.9.2/avrxmega6\libgcc.a(_dtors.o)
                              CLaserControlApp.o (__do_global_dtors)
c:/program files (x86)/atmel/studio/7.0/toolchain/avr8/avr8-gnu-toolchain/bin/../lib/gcc/avr/4.9.2/avrxmega6\libgcc.a(_umulhisi3.o)
                              CLaserControlApp.o (__umulhisi3)
c:/program files (x86)/atmel/studio/7.0/toolchain/avr8/avr8-gnu-toolchain/bin/../lib/gcc/avr/4.9.2/avrxmega6\libgcc.a(_udivmodsi4.o)
                              c:/program files (x86)/atmel/studio/7.0/toolchain/avr8/avr8-gnu-toolchain/bin/../lib/gcc/avr/4.9.2/avrxmega6\libgcc.a(_divmodsi4.o) (__udivmodsi4)
c:/program files (x86)/atmel/studio/7.0/toolchain/avr8/avr8-gnu-toolchain/bin/../lib/gcc/avr/4.9.2/../../../../avr/lib/avrxmega6\libc.a(malloc.o)
                              LaserLib/CSPI.o (malloc)
c:/program files (x86)/atmel/studio/7.0/toolchain/avr8/avr8-gnu-toolchain/bin/../lib/gcc/avr/4.9.2/../../../../avr/lib/avrxmega6\libc.a(memcpy.o)
                              LaserLib/CSPI.o (memcpy)

Allocating common symbols
Common symbol       size              file

__brkval            0x2               c:/program files (x86)/atmel/studio/7.0/toolchain/avr8/avr8-gnu-toolchain/bin/../lib/gcc/avr/4.9.2/../../../../avr/lib/avrxmega6\libc.a(malloc.o)
__flp               0x2               c:/program files (x86)/atmel/studio/7.0/toolchain/avr8/avr8-gnu-toolchain/bin/../lib/gcc/avr/4.9.2/../../../../avr/lib/avrxmega6\libc.a(malloc.o)

Discarded input sections

 .data          0x00000000        0x0 C:/Program Files (x86)/Atmel/Studio/7.0/Packs/atmel/XMEGAA_DFP/1.0.36/gcc/dev/atxmega128a3u/avrxmega6/crtatxmega128a3u.o
 .bss           0x00000000        0x0 C:/Program Files (x86)/Atmel/Studio/7.0/Packs/atmel/XMEGAA_DFP/1.0.36/gcc/dev/atxmega128a3u/avrxmega6/crtatxmega128a3u.o
 .group         0x00000000        0x8 CLaserControlApp.o
 .text          0x00000000        0x0 CLaserControlApp.o
 .data          0x00000000        0x0 CLaserControlApp.o
 .bss           0x00000000        0x0 CLaserControlApp.o
 .text._Z3minjj
                0x00000000        0xa CLaserControlApp.o
 .text._Z3maxjj
                0x00000000        0xa CLaserControlApp.o
 .text._ZN16CLaserControlApp7OnTimerEv
                0x00000000        0x2 CLaserControlApp.o
 .text._ZN16CLaserControlApp9OnTimeoutEv
                0x00000000       0x12 CLaserControlApp.o
 .text          0x00000000        0x0 LaserLib/CSPI.o
 .data          0x00000000        0x0 LaserLib/CSPI.o
 .bss           0x00000000        0x0 LaserLib/CSPI.o
 .text._ZN4CSPI12DeinitializeEv
                0x00000000        0xc LaserLib/CSPI.o
 .text._ZN4CSPI8SendByteEh
                0x00000000        0x6 LaserLib/CSPI.o
 .group         0x00000000        0x8 LaserLib/CTimer.o
 .text          0x00000000        0x0 LaserLib/CTimer.o
 .data          0x00000000        0x0 LaserLib/CTimer.o
 .bss           0x00000000        0x0 LaserLib/CTimer.o
 .group         0x00000000        0x8 LaserLib/CUSART.o
 .text          0x00000000        0x0 LaserLib/CUSART.o
 .data          0x00000000        0x0 LaserLib/CUSART.o
 .bss           0x00000000        0x0 LaserLib/CUSART.o
 .text          0x00000000        0x0 LaserLib/intx128.o
 .data          0x00000000        0x0 LaserLib/intx128.o
 .bss           0x00000000        0x0 LaserLib/intx128.o
 .text          0x00000000        0x0 main.o
 .data          0x00000000        0x0 main.o
 .bss           0x00000000        0x0 main.o
 .group         0x00000000        0x8 MODBUS/CMBProtocol.o
 .text          0x00000000        0x0 MODBUS/CMBProtocol.o
 .data          0x00000000        0x0 MODBUS/CMBProtocol.o
 .bss           0x00000000        0x0 MODBUS/CMBProtocol.o
 .rodata._ZTV16CMBEventsHandler
                0x00000000       0x16 MODBUS/CMBProtocol.o
 .group         0x00000000        0x8 MODBUS/CMBSender.o
 .text          0x00000000        0x0 MODBUS/CMBSender.o
 .data          0x00000000        0x0 MODBUS/CMBSender.o
 .bss           0x00000000        0x0 MODBUS/CMBSender.o
 .text._ZN9CMBSender12DeinitializeEv
                0x00000000       0x1c MODBUS/CMBSender.o
 .text._ZN9CMBSender15WriteDataToSRAMEjPjj
                0x00000000       0x6a MODBUS/CMBSender.o
 .text._ZN9CMBSender9OnTimeoutEv
                0x00000000        0xe MODBUS/CMBSender.o
 .text._ZN9CMBSender18StopMODBUSListenerEv
                0x00000000        0x8 MODBUS/CMBSender.o
 .text._ZN9CMBSender21StopMODBUSTransmitterEv
                0x00000000        0x8 MODBUS/CMBSender.o
 .group         0x00000000        0x8 Periphery/CDGUSUSART.o
 .text          0x00000000        0x0 Periphery/CDGUSUSART.o
 .data          0x00000000        0x0 Periphery/CDGUSUSART.o
 .bss           0x00000000        0x0 Periphery/CDGUSUSART.o
 .data.bsupport_table
                0x00000000       0x20 Periphery/CDGUSUSART.o
 .text          0x00000000        0x0 Periphery/CLaserBoard.o
 .data          0x00000000        0x0 Periphery/CLaserBoard.o
 .bss           0x00000000        0x0 Periphery/CLaserBoard.o
 .text          0x00000000        0x0 Periphery/CSoundPlayer.o
 .data          0x00000000        0x0 Periphery/CSoundPlayer.o
 .bss           0x00000000        0x0 Periphery/CSoundPlayer.o
 .text._ZN12CSoundPlayer4beepEjj
                0x00000000       0x18 Periphery/CSoundPlayer.o
 .text._ZN12CSoundPlayer4PlayEv
                0x00000000       0x9e Periphery/CSoundPlayer.o
 .group         0x00000000        0x8 Periphery/CTimerC.o
 .text          0x00000000        0x0 Periphery/CTimerC.o
 .data          0x00000000        0x0 Periphery/CTimerC.o
 .bss           0x00000000        0x0 Periphery/CTimerC.o
 .group         0x00000000        0x8 Periphery/CTimerD.o
 .text          0x00000000        0x0 Periphery/CTimerD.o
 .data          0x00000000        0x0 Periphery/CTimerD.o
 .bss           0x00000000        0x0 Periphery/CTimerD.o
 .text._ZN7CTimerD10InitializeE27TIMER_WAVEFORMGEN_MODE_ENUM22TIMER_CLOCKSELECT_ENUM
                0x00000000       0x36 Periphery/CTimerD.o
 .text._ZN7CTimerD5StartEj
                0x00000000       0x1a Periphery/CTimerD.o
 .text._ZN7CTimerD4StopEv
                0x00000000       0x10 Periphery/CTimerD.o
 .text._ZN7CTimerD13EnableChannelE19TIMER_CHANNELS_ENUM
                0x00000000        0xe Periphery/CTimerD.o
 .text._ZN7CTimerD14DisableChannelE19TIMER_CHANNELS_ENUM
                0x00000000        0xe Periphery/CTimerD.o
 .text._ZN7CTimerD9SetPeriodEj
                0x00000000        0xa Periphery/CTimerD.o
 .text._ZN7CTimerD8SetCOMPAEj
                0x00000000        0xa Periphery/CTimerD.o
 .text._ZN7CTimerD8SetCOMPBEj
                0x00000000        0xa Periphery/CTimerD.o
 .text._ZN7CTimerD8SetCOMPCEj
                0x00000000        0xa Periphery/CTimerD.o
 .text._ZN7CTimerD8SetCOMPDEj
                0x00000000        0xa Periphery/CTimerD.o
 .text._ZN7CTimerD14SetOVFCallbackEPFvPvES0_17TC_OVFINTLVL_enum
                0x00000000       0x24 Periphery/CTimerD.o
 .text._ZN7CTimerD14SetERRCallbackEPFvPvES0_17TC_ERRINTLVL_enum
                0x00000000       0x24 Periphery/CTimerD.o
 .text._ZN7CTimerD16SetCOMPACallbackEPFvPvES0_17TC_CCAINTLVL_enum
                0x00000000       0x24 Periphery/CTimerD.o
 .text._ZN7CTimerD16SetCOMPBCallbackEPFvPvES0_17TC_CCBINTLVL_enum
                0x00000000       0x24 Periphery/CTimerD.o
 .text._ZN7CTimerD16SetCOMPCCallbackEPFvPvES0_17TC_CCCINTLVL_enum
                0x00000000       0x24 Periphery/CTimerD.o
 .text._ZN7CTimerD16SetCOMPDCallbackEPFvPvES0_17TC_CCDINTLVL_enum
                0x00000000       0x24 Periphery/CTimerD.o
 .text._ZN7CTimerDC2Ev
                0x00000000       0x18 Periphery/CTimerD.o
 .text._ZN7CTimerDD2Ev
                0x00000000       0x10 Periphery/CTimerD.o
 .rodata._ZTV7CTimerD
                0x00000000       0x24 Periphery/CTimerD.o
 .debug_info    0x00000000     0x15ac Periphery/CTimerD.o
 .debug_abbrev  0x00000000      0x29c Periphery/CTimerD.o
 .debug_loc     0x00000000      0x366 Periphery/CTimerD.o
 .debug_aranges
                0x00000000       0xa8 Periphery/CTimerD.o
 .debug_ranges  0x00000000       0x98 Periphery/CTimerD.o
 .debug_line    0x00000000      0x299 Periphery/CTimerD.o
 .debug_str     0x00000000     0x1295 Periphery/CTimerD.o
 .comment       0x00000000       0x31 Periphery/CTimerD.o
 .debug_frame   0x00000000      0x140 Periphery/CTimerD.o
 .group         0x00000000        0x8 Periphery/CTimerF.o
 .text          0x00000000        0x0 Periphery/CTimerF.o
 .data          0x00000000        0x0 Periphery/CTimerF.o
 .bss           0x00000000        0x0 Periphery/CTimerF.o
 .text          0x00000000        0x0 c:/program files (x86)/atmel/studio/7.0/toolchain/avr8/avr8-gnu-toolchain/bin/../lib/gcc/avr/4.9.2/avrxmega6\libgcc.a(_udivmodhi4.o)
 .data          0x00000000        0x0 c:/program files (x86)/atmel/studio/7.0/toolchain/avr8/avr8-gnu-toolchain/bin/../lib/gcc/avr/4.9.2/avrxmega6\libgcc.a(_udivmodhi4.o)
 .bss           0x00000000        0x0 c:/program files (x86)/atmel/studio/7.0/toolchain/avr8/avr8-gnu-toolchain/bin/../lib/gcc/avr/4.9.2/avrxmega6\libgcc.a(_udivmodhi4.o)
 .text.libgcc.mul
                0x00000000        0x0 c:/program files (x86)/atmel/studio/7.0/toolchain/avr8/avr8-gnu-toolchain/bin/../lib/gcc/avr/4.9.2/avrxmega6\libgcc.a(_udivmodhi4.o)
 .text.libgcc   0x00000000        0x0 c:/program files (x86)/atmel/studio/7.0/toolchain/avr8/avr8-gnu-toolchain/bin/../lib/gcc/avr/4.9.2/avrxmega6\libgcc.a(_udivmodhi4.o)
 .text.libgcc.prologue
                0x00000000        0x0 c:/program files (x86)/atmel/studio/7.0/toolchain/avr8/avr8-gnu-toolchain/bin/../lib/gcc/avr/4.9.2/avrxmega6\libgcc.a(_udivmodhi4.o)
 .text.libgcc.builtins
                0x00000000        0x0 c:/program files (x86)/atmel/studio/7.0/toolchain/avr8/avr8-gnu-toolchain/bin/../lib/gcc/avr/4.9.2/avrxmega6\libgcc.a(_udivmodhi4.o)
 .text.libgcc.fmul
                0x00000000        0x0 c:/program files (x86)/atmel/studio/7.0/toolchain/avr8/avr8-gnu-toolchain/bin/../lib/gcc/avr/4.9.2/avrxmega6\libgcc.a(_udivmodhi4.o)
 .text.libgcc.fixed
                0x00000000        0x0 c:/program files (x86)/atmel/studio/7.0/toolchain/avr8/avr8-gnu-toolchain/bin/../lib/gcc/avr/4.9.2/avrxmega6\libgcc.a(_udivmodhi4.o)
 .text          0x00000000        0x0 c:/program files (x86)/atmel/studio/7.0/toolchain/avr8/avr8-gnu-toolchain/bin/../lib/gcc/avr/4.9.2/avrxmega6\libgcc.a(_divmodsi4.o)
 .data          0x00000000        0x0 c:/program files (x86)/atmel/studio/7.0/toolchain/avr8/avr8-gnu-toolchain/bin/../lib/gcc/avr/4.9.2/avrxmega6\libgcc.a(_divmodsi4.o)
 .bss           0x00000000        0x0 c:/program files (x86)/atmel/studio/7.0/toolchain/avr8/avr8-gnu-toolchain/bin/../lib/gcc/avr/4.9.2/avrxmega6\libgcc.a(_divmodsi4.o)
 .text.libgcc.mul
                0x00000000        0x0 c:/program files (x86)/atmel/studio/7.0/toolchain/avr8/avr8-gnu-toolchain/bin/../lib/gcc/avr/4.9.2/avrxmega6\libgcc.a(_divmodsi4.o)
 .text.libgcc   0x00000000        0x0 c:/program files (x86)/atmel/studio/7.0/toolchain/avr8/avr8-gnu-toolchain/bin/../lib/gcc/avr/4.9.2/avrxmega6\libgcc.a(_divmodsi4.o)
 .text.libgcc.prologue
                0x00000000        0x0 c:/program files (x86)/atmel/studio/7.0/toolchain/avr8/avr8-gnu-toolchain/bin/../lib/gcc/avr/4.9.2/avrxmega6\libgcc.a(_divmodsi4.o)
 .text.libgcc.builtins
                0x00000000        0x0 c:/program files (x86)/atmel/studio/7.0/toolchain/avr8/avr8-gnu-toolchain/bin/../lib/gcc/avr/4.9.2/avrxmega6\libgcc.a(_divmodsi4.o)
 .text.libgcc.fmul
                0x00000000        0x0 c:/program files (x86)/atmel/studio/7.0/toolchain/avr8/avr8-gnu-toolchain/bin/../lib/gcc/avr/4.9.2/avrxmega6\libgcc.a(_divmodsi4.o)
 .text.libgcc.fixed
                0x00000000        0x0 c:/program files (x86)/atmel/studio/7.0/toolchain/avr8/avr8-gnu-toolchain/bin/../lib/gcc/avr/4.9.2/avrxmega6\libgcc.a(_divmodsi4.o)
 .text          0x00000000        0x0 c:/program files (x86)/atmel/studio/7.0/toolchain/avr8/avr8-gnu-toolchain/bin/../lib/gcc/avr/4.9.2/avrxmega6\libgcc.a(_negsi2.o)
 .data          0x00000000        0x0 c:/program files (x86)/atmel/studio/7.0/toolchain/avr8/avr8-gnu-toolchain/bin/../lib/gcc/avr/4.9.2/avrxmega6\libgcc.a(_negsi2.o)
 .bss           0x00000000        0x0 c:/program files (x86)/atmel/studio/7.0/toolchain/avr8/avr8-gnu-toolchain/bin/../lib/gcc/avr/4.9.2/avrxmega6\libgcc.a(_negsi2.o)
 .text.libgcc.mul
                0x00000000        0x0 c:/program files (x86)/atmel/studio/7.0/toolchain/avr8/avr8-gnu-toolchain/bin/../lib/gcc/avr/4.9.2/avrxmega6\libgcc.a(_negsi2.o)
 .text.libgcc   0x00000000        0x0 c:/program files (x86)/atmel/studio/7.0/toolchain/avr8/avr8-gnu-toolchain/bin/../lib/gcc/avr/4.9.2/avrxmega6\libgcc.a(_negsi2.o)
 .text.libgcc.prologue
                0x00000000        0x0 c:/program files (x86)/atmel/studio/7.0/toolchain/avr8/avr8-gnu-toolchain/bin/../lib/gcc/avr/4.9.2/avrxmega6\libgcc.a(_negsi2.o)
 .text.libgcc.builtins
                0x00000000        0x0 c:/program files (x86)/atmel/studio/7.0/toolchain/avr8/avr8-gnu-toolchain/bin/../lib/gcc/avr/4.9.2/avrxmega6\libgcc.a(_negsi2.o)
 .text.libgcc.fmul
                0x00000000        0x0 c:/program files (x86)/atmel/studio/7.0/toolchain/avr8/avr8-gnu-toolchain/bin/../lib/gcc/avr/4.9.2/avrxmega6\libgcc.a(_negsi2.o)
 .text.libgcc.fixed
                0x00000000        0x0 c:/program files (x86)/atmel/studio/7.0/toolchain/avr8/avr8-gnu-toolchain/bin/../lib/gcc/avr/4.9.2/avrxmega6\libgcc.a(_negsi2.o)
 .text          0x00000000        0x0 c:/program files (x86)/atmel/studio/7.0/toolchain/avr8/avr8-gnu-toolchain/bin/../lib/gcc/avr/4.9.2/avrxmega6\libgcc.a(_exit.o)
 .data          0x00000000        0x0 c:/program files (x86)/atmel/studio/7.0/toolchain/avr8/avr8-gnu-toolchain/bin/../lib/gcc/avr/4.9.2/avrxmega6\libgcc.a(_exit.o)
 .bss           0x00000000        0x0 c:/program files (x86)/atmel/studio/7.0/toolchain/avr8/avr8-gnu-toolchain/bin/../lib/gcc/avr/4.9.2/avrxmega6\libgcc.a(_exit.o)
 .text.libgcc.mul
                0x00000000        0x0 c:/program files (x86)/atmel/studio/7.0/toolchain/avr8/avr8-gnu-toolchain/bin/../lib/gcc/avr/4.9.2/avrxmega6\libgcc.a(_exit.o)
 .text.libgcc.div
                0x00000000        0x0 c:/program files (x86)/atmel/studio/7.0/toolchain/avr8/avr8-gnu-toolchain/bin/../lib/gcc/avr/4.9.2/avrxmega6\libgcc.a(_exit.o)
 .text.libgcc   0x00000000        0x0 c:/program files (x86)/atmel/studio/7.0/toolchain/avr8/avr8-gnu-toolchain/bin/../lib/gcc/avr/4.9.2/avrxmega6\libgcc.a(_exit.o)
 .text.libgcc.prologue
                0x00000000        0x0 c:/program files (x86)/atmel/studio/7.0/toolchain/avr8/avr8-gnu-toolchain/bin/../lib/gcc/avr/4.9.2/avrxmega6\libgcc.a(_exit.o)
 .text.libgcc.builtins
                0x00000000        0x0 c:/program files (x86)/atmel/studio/7.0/toolchain/avr8/avr8-gnu-toolchain/bin/../lib/gcc/avr/4.9.2/avrxmega6\libgcc.a(_exit.o)
 .text.libgcc.fmul
                0x00000000        0x0 c:/program files (x86)/atmel/studio/7.0/toolchain/avr8/avr8-gnu-toolchain/bin/../lib/gcc/avr/4.9.2/avrxmega6\libgcc.a(_exit.o)
 .text.libgcc.fixed
                0x00000000        0x0 c:/program files (x86)/atmel/studio/7.0/toolchain/avr8/avr8-gnu-toolchain/bin/../lib/gcc/avr/4.9.2/avrxmega6\libgcc.a(_exit.o)
 .text          0x00000000        0x0 c:/program files (x86)/atmel/studio/7.0/toolchain/avr8/avr8-gnu-toolchain/bin/../lib/gcc/avr/4.9.2/avrxmega6\libgcc.a(_tablejump2.o)
 .data          0x00000000        0x0 c:/program files (x86)/atmel/studio/7.0/toolchain/avr8/avr8-gnu-toolchain/bin/../lib/gcc/avr/4.9.2/avrxmega6\libgcc.a(_tablejump2.o)
 .bss           0x00000000        0x0 c:/program files (x86)/atmel/studio/7.0/toolchain/avr8/avr8-gnu-toolchain/bin/../lib/gcc/avr/4.9.2/avrxmega6\libgcc.a(_tablejump2.o)
 .text.libgcc.mul
                0x00000000        0x0 c:/program files (x86)/atmel/studio/7.0/toolchain/avr8/avr8-gnu-toolchain/bin/../lib/gcc/avr/4.9.2/avrxmega6\libgcc.a(_tablejump2.o)
 .text.libgcc.div
                0x00000000        0x0 c:/program files (x86)/atmel/studio/7.0/toolchain/avr8/avr8-gnu-toolchain/bin/../lib/gcc/avr/4.9.2/avrxmega6\libgcc.a(_tablejump2.o)
 .text.libgcc.prologue
                0x00000000        0x0 c:/program files (x86)/atmel/studio/7.0/toolchain/avr8/avr8-gnu-toolchain/bin/../lib/gcc/avr/4.9.2/avrxmega6\libgcc.a(_tablejump2.o)
 .text.libgcc.builtins
                0x00000000        0x0 c:/program files (x86)/atmel/studio/7.0/toolchain/avr8/avr8-gnu-toolchain/bin/../lib/gcc/avr/4.9.2/avrxmega6\libgcc.a(_tablejump2.o)
 .text.libgcc.fmul
                0x00000000        0x0 c:/program files (x86)/atmel/studio/7.0/toolchain/avr8/avr8-gnu-toolchain/bin/../lib/gcc/avr/4.9.2/avrxmega6\libgcc.a(_tablejump2.o)
 .text.libgcc.fixed
                0x00000000        0x0 c:/program files (x86)/atmel/studio/7.0/toolchain/avr8/avr8-gnu-toolchain/bin/../lib/gcc/avr/4.9.2/avrxmega6\libgcc.a(_tablejump2.o)
 .text          0x00000000        0x0 c:/program files (x86)/atmel/studio/7.0/toolchain/avr8/avr8-gnu-toolchain/bin/../lib/gcc/avr/4.9.2/avrxmega6\libgcc.a(_copy_data.o)
 .data          0x00000000        0x0 c:/program files (x86)/atmel/studio/7.0/toolchain/avr8/avr8-gnu-toolchain/bin/../lib/gcc/avr/4.9.2/avrxmega6\libgcc.a(_copy_data.o)
 .bss           0x00000000        0x0 c:/program files (x86)/atmel/studio/7.0/toolchain/avr8/avr8-gnu-toolchain/bin/../lib/gcc/avr/4.9.2/avrxmega6\libgcc.a(_copy_data.o)
 .text.libgcc.mul
                0x00000000        0x0 c:/program files (x86)/atmel/studio/7.0/toolchain/avr8/avr8-gnu-toolchain/bin/../lib/gcc/avr/4.9.2/avrxmega6\libgcc.a(_copy_data.o)
 .text.libgcc.div
                0x00000000        0x0 c:/program files (x86)/atmel/studio/7.0/toolchain/avr8/avr8-gnu-toolchain/bin/../lib/gcc/avr/4.9.2/avrxmega6\libgcc.a(_copy_data.o)
 .text.libgcc   0x00000000        0x0 c:/program files (x86)/atmel/studio/7.0/toolchain/avr8/avr8-gnu-toolchain/bin/../lib/gcc/avr/4.9.2/avrxmega6\libgcc.a(_copy_data.o)
 .text.libgcc.prologue
                0x00000000        0x0 c:/program files (x86)/atmel/studio/7.0/toolchain/avr8/avr8-gnu-toolchain/bin/../lib/gcc/avr/4.9.2/avrxmega6\libgcc.a(_copy_data.o)
 .text.libgcc.builtins
                0x00000000        0x0 c:/program files (x86)/atmel/studio/7.0/toolchain/avr8/avr8-gnu-toolchain/bin/../lib/gcc/avr/4.9.2/avrxmega6\libgcc.a(_copy_data.o)
 .text.libgcc.fmul
                0x00000000        0x0 c:/program files (x86)/atmel/studio/7.0/toolchain/avr8/avr8-gnu-toolchain/bin/../lib/gcc/avr/4.9.2/avrxmega6\libgcc.a(_copy_data.o)
 .text.libgcc.fixed
                0x00000000        0x0 c:/program files (x86)/atmel/studio/7.0/toolchain/avr8/avr8-gnu-toolchain/bin/../lib/gcc/avr/4.9.2/avrxmega6\libgcc.a(_copy_data.o)
 .text          0x00000000        0x0 c:/program files (x86)/atmel/studio/7.0/toolchain/avr8/avr8-gnu-toolchain/bin/../lib/gcc/avr/4.9.2/avrxmega6\libgcc.a(_clear_bss.o)
 .data          0x00000000        0x0 c:/program files (x86)/atmel/studio/7.0/toolchain/avr8/avr8-gnu-toolchain/bin/../lib/gcc/avr/4.9.2/avrxmega6\libgcc.a(_clear_bss.o)
 .bss           0x00000000        0x0 c:/program files (x86)/atmel/studio/7.0/toolchain/avr8/avr8-gnu-toolchain/bin/../lib/gcc/avr/4.9.2/avrxmega6\libgcc.a(_clear_bss.o)
 .text.libgcc.mul
                0x00000000        0x0 c:/program files (x86)/atmel/studio/7.0/toolchain/avr8/avr8-gnu-toolchain/bin/../lib/gcc/avr/4.9.2/avrxmega6\libgcc.a(_clear_bss.o)
 .text.libgcc.div
                0x00000000        0x0 c:/program files (x86)/atmel/studio/7.0/toolchain/avr8/avr8-gnu-toolchain/bin/../lib/gcc/avr/4.9.2/avrxmega6\libgcc.a(_clear_bss.o)
 .text.libgcc   0x00000000        0x0 c:/program files (x86)/atmel/studio/7.0/toolchain/avr8/avr8-gnu-toolchain/bin/../lib/gcc/avr/4.9.2/avrxmega6\libgcc.a(_clear_bss.o)
 .text.libgcc.prologue
                0x00000000        0x0 c:/program files (x86)/atmel/studio/7.0/toolchain/avr8/avr8-gnu-toolchain/bin/../lib/gcc/avr/4.9.2/avrxmega6\libgcc.a(_clear_bss.o)
 .text.libgcc.builtins
                0x00000000        0x0 c:/program files (x86)/atmel/studio/7.0/toolchain/avr8/avr8-gnu-toolchain/bin/../lib/gcc/avr/4.9.2/avrxmega6\libgcc.a(_clear_bss.o)
 .text.libgcc.fmul
                0x00000000        0x0 c:/program files (x86)/atmel/studio/7.0/toolchain/avr8/avr8-gnu-toolchain/bin/../lib/gcc/avr/4.9.2/avrxmega6\libgcc.a(_clear_bss.o)
 .text.libgcc.fixed
                0x00000000        0x0 c:/program files (x86)/atmel/studio/7.0/toolchain/avr8/avr8-gnu-toolchain/bin/../lib/gcc/avr/4.9.2/avrxmega6\libgcc.a(_clear_bss.o)
 .text          0x00000000        0x0 c:/program files (x86)/atmel/studio/7.0/toolchain/avr8/avr8-gnu-toolchain/bin/../lib/gcc/avr/4.9.2/avrxmega6\libgcc.a(_ctors.o)
 .data          0x00000000        0x0 c:/program files (x86)/atmel/studio/7.0/toolchain/avr8/avr8-gnu-toolchain/bin/../lib/gcc/avr/4.9.2/avrxmega6\libgcc.a(_ctors.o)
 .bss           0x00000000        0x0 c:/program files (x86)/atmel/studio/7.0/toolchain/avr8/avr8-gnu-toolchain/bin/../lib/gcc/avr/4.9.2/avrxmega6\libgcc.a(_ctors.o)
 .text.libgcc.mul
                0x00000000        0x0 c:/program files (x86)/atmel/studio/7.0/toolchain/avr8/avr8-gnu-toolchain/bin/../lib/gcc/avr/4.9.2/avrxmega6\libgcc.a(_ctors.o)
 .text.libgcc.div
                0x00000000        0x0 c:/program files (x86)/atmel/studio/7.0/toolchain/avr8/avr8-gnu-toolchain/bin/../lib/gcc/avr/4.9.2/avrxmega6\libgcc.a(_ctors.o)
 .text.libgcc   0x00000000        0x0 c:/program files (x86)/atmel/studio/7.0/toolchain/avr8/avr8-gnu-toolchain/bin/../lib/gcc/avr/4.9.2/avrxmega6\libgcc.a(_ctors.o)
 .text.libgcc.prologue
                0x00000000        0x0 c:/program files (x86)/atmel/studio/7.0/toolchain/avr8/avr8-gnu-toolchain/bin/../lib/gcc/avr/4.9.2/avrxmega6\libgcc.a(_ctors.o)
 .text.libgcc.builtins
                0x00000000        0x0 c:/program files (x86)/atmel/studio/7.0/toolchain/avr8/avr8-gnu-toolchain/bin/../lib/gcc/avr/4.9.2/avrxmega6\libgcc.a(_ctors.o)
 .text.libgcc.fmul
                0x00000000        0x0 c:/program files (x86)/atmel/studio/7.0/toolchain/avr8/avr8-gnu-toolchain/bin/../lib/gcc/avr/4.9.2/avrxmega6\libgcc.a(_ctors.o)
 .text.libgcc.fixed
                0x00000000        0x0 c:/program files (x86)/atmel/studio/7.0/toolchain/avr8/avr8-gnu-toolchain/bin/../lib/gcc/avr/4.9.2/avrxmega6\libgcc.a(_ctors.o)
 .text          0x00000000        0x0 c:/program files (x86)/atmel/studio/7.0/toolchain/avr8/avr8-gnu-toolchain/bin/../lib/gcc/avr/4.9.2/avrxmega6\libgcc.a(_dtors.o)
 .data          0x00000000        0x0 c:/program files (x86)/atmel/studio/7.0/toolchain/avr8/avr8-gnu-toolchain/bin/../lib/gcc/avr/4.9.2/avrxmega6\libgcc.a(_dtors.o)
 .bss           0x00000000        0x0 c:/program files (x86)/atmel/studio/7.0/toolchain/avr8/avr8-gnu-toolchain/bin/../lib/gcc/avr/4.9.2/avrxmega6\libgcc.a(_dtors.o)
 .text.libgcc.mul
                0x00000000        0x0 c:/program files (x86)/atmel/studio/7.0/toolchain/avr8/avr8-gnu-toolchain/bin/../lib/gcc/avr/4.9.2/avrxmega6\libgcc.a(_dtors.o)
 .text.libgcc.div
                0x00000000        0x0 c:/program files (x86)/atmel/studio/7.0/toolchain/avr8/avr8-gnu-toolchain/bin/../lib/gcc/avr/4.9.2/avrxmega6\libgcc.a(_dtors.o)
 .text.libgcc   0x00000000        0x0 c:/program files (x86)/atmel/studio/7.0/toolchain/avr8/avr8-gnu-toolchain/bin/../lib/gcc/avr/4.9.2/avrxmega6\libgcc.a(_dtors.o)
 .text.libgcc.prologue
                0x00000000        0x0 c:/program files (x86)/atmel/studio/7.0/toolchain/avr8/avr8-gnu-toolchain/bin/../lib/gcc/avr/4.9.2/avrxmega6\libgcc.a(_dtors.o)
 .text.libgcc.builtins
                0x00000000        0x0 c:/program files (x86)/atmel/studio/7.0/toolchain/avr8/avr8-gnu-toolchain/bin/../lib/gcc/avr/4.9.2/avrxmega6\libgcc.a(_dtors.o)
 .text.libgcc.fmul
                0x00000000        0x0 c:/program files (x86)/atmel/studio/7.0/toolchain/avr8/avr8-gnu-toolchain/bin/../lib/gcc/avr/4.9.2/avrxmega6\libgcc.a(_dtors.o)
 .text.libgcc.fixed
                0x00000000        0x0 c:/program files (x86)/atmel/studio/7.0/toolchain/avr8/avr8-gnu-toolchain/bin/../lib/gcc/avr/4.9.2/avrxmega6\libgcc.a(_dtors.o)
 .text          0x00000000        0x0 c:/program files (x86)/atmel/studio/7.0/toolchain/avr8/avr8-gnu-toolchain/bin/../lib/gcc/avr/4.9.2/avrxmega6\libgcc.a(_umulhisi3.o)
 .data          0x00000000        0x0 c:/program files (x86)/atmel/studio/7.0/toolchain/avr8/avr8-gnu-toolchain/bin/../lib/gcc/avr/4.9.2/avrxmega6\libgcc.a(_umulhisi3.o)
 .bss           0x00000000        0x0 c:/program files (x86)/atmel/studio/7.0/toolchain/avr8/avr8-gnu-toolchain/bin/../lib/gcc/avr/4.9.2/avrxmega6\libgcc.a(_umulhisi3.o)
 .text.libgcc.div
                0x00000000        0x0 c:/program files (x86)/atmel/studio/7.0/toolchain/avr8/avr8-gnu-toolchain/bin/../lib/gcc/avr/4.9.2/avrxmega6\libgcc.a(_umulhisi3.o)
 .text.libgcc   0x00000000        0x0 c:/program files (x86)/atmel/studio/7.0/toolchain/avr8/avr8-gnu-toolchain/bin/../lib/gcc/avr/4.9.2/avrxmega6\libgcc.a(_umulhisi3.o)
 .text.libgcc.prologue
                0x00000000        0x0 c:/program files (x86)/atmel/studio/7.0/toolchain/avr8/avr8-gnu-toolchain/bin/../lib/gcc/avr/4.9.2/avrxmega6\libgcc.a(_umulhisi3.o)
 .text.libgcc.builtins
                0x00000000        0x0 c:/program files (x86)/atmel/studio/7.0/toolchain/avr8/avr8-gnu-toolchain/bin/../lib/gcc/avr/4.9.2/avrxmega6\libgcc.a(_umulhisi3.o)
 .text.libgcc.fmul
                0x00000000        0x0 c:/program files (x86)/atmel/studio/7.0/toolchain/avr8/avr8-gnu-toolchain/bin/../lib/gcc/avr/4.9.2/avrxmega6\libgcc.a(_umulhisi3.o)
 .text.libgcc.fixed
                0x00000000        0x0 c:/program files (x86)/atmel/studio/7.0/toolchain/avr8/avr8-gnu-toolchain/bin/../lib/gcc/avr/4.9.2/avrxmega6\libgcc.a(_umulhisi3.o)
 .text          0x00000000        0x0 c:/program files (x86)/atmel/studio/7.0/toolchain/avr8/avr8-gnu-toolchain/bin/../lib/gcc/avr/4.9.2/avrxmega6\libgcc.a(_udivmodsi4.o)
 .data          0x00000000        0x0 c:/program files (x86)/atmel/studio/7.0/toolchain/avr8/avr8-gnu-toolchain/bin/../lib/gcc/avr/4.9.2/avrxmega6\libgcc.a(_udivmodsi4.o)
 .bss           0x00000000        0x0 c:/program files (x86)/atmel/studio/7.0/toolchain/avr8/avr8-gnu-toolchain/bin/../lib/gcc/avr/4.9.2/avrxmega6\libgcc.a(_udivmodsi4.o)
 .text.libgcc.mul
                0x00000000        0x0 c:/program files (x86)/atmel/studio/7.0/toolchain/avr8/avr8-gnu-toolchain/bin/../lib/gcc/avr/4.9.2/avrxmega6\libgcc.a(_udivmodsi4.o)
 .text.libgcc   0x00000000        0x0 c:/program files (x86)/atmel/studio/7.0/toolchain/avr8/avr8-gnu-toolchain/bin/../lib/gcc/avr/4.9.2/avrxmega6\libgcc.a(_udivmodsi4.o)
 .text.libgcc.prologue
                0x00000000        0x0 c:/program files (x86)/atmel/studio/7.0/toolchain/avr8/avr8-gnu-toolchain/bin/../lib/gcc/avr/4.9.2/avrxmega6\libgcc.a(_udivmodsi4.o)
 .text.libgcc.builtins
                0x00000000        0x0 c:/program files (x86)/atmel/studio/7.0/toolchain/avr8/avr8-gnu-toolchain/bin/../lib/gcc/avr/4.9.2/avrxmega6\libgcc.a(_udivmodsi4.o)
 .text.libgcc.fmul
                0x00000000        0x0 c:/program files (x86)/atmel/studio/7.0/toolchain/avr8/avr8-gnu-toolchain/bin/../lib/gcc/avr/4.9.2/avrxmega6\libgcc.a(_udivmodsi4.o)
 .text.libgcc.fixed
                0x00000000        0x0 c:/program files (x86)/atmel/studio/7.0/toolchain/avr8/avr8-gnu-toolchain/bin/../lib/gcc/avr/4.9.2/avrxmega6\libgcc.a(_udivmodsi4.o)
 .text          0x00000000        0x0 c:/program files (x86)/atmel/studio/7.0/toolchain/avr8/avr8-gnu-toolchain/bin/../lib/gcc/avr/4.9.2/../../../../avr/lib/avrxmega6\libc.a(malloc.o)
 .bss           0x00000000        0x0 c:/program files (x86)/atmel/studio/7.0/toolchain/avr8/avr8-gnu-toolchain/bin/../lib/gcc/avr/4.9.2/../../../../avr/lib/avrxmega6\libc.a(malloc.o)
 .text          0x00000000        0x0 c:/program files (x86)/atmel/studio/7.0/toolchain/avr8/avr8-gnu-toolchain/bin/../lib/gcc/avr/4.9.2/../../../../avr/lib/avrxmega6\libc.a(memcpy.o)
 .data          0x00000000        0x0 c:/program files (x86)/atmel/studio/7.0/toolchain/avr8/avr8-gnu-toolchain/bin/../lib/gcc/avr/4.9.2/../../../../avr/lib/avrxmega6\libc.a(memcpy.o)
 .bss           0x00000000        0x0 c:/program files (x86)/atmel/studio/7.0/toolchain/avr8/avr8-gnu-toolchain/bin/../lib/gcc/avr/4.9.2/../../../../avr/lib/avrxmega6\libc.a(memcpy.o)

Memory Configuration

Name             Origin             Length             Attributes
text             0x00000000         0x00100000         xr
data             0x00802000         0x0000ffa0         rw !x
eeprom           0x00810000         0x00010000         rw !x
fuse             0x00820000         0x00000400         rw !x
lock             0x00830000         0x00000400         rw !x
signature        0x00840000         0x00000400         rw !x
user_signatures  0x00850000         0x00000400         rw !x
*default*        0x00000000         0xffffffff

Linker script and memory map

LOAD C:/Program Files (x86)/Atmel/Studio/7.0/Packs/atmel/XMEGAA_DFP/1.0.36/gcc/dev/atxmega128a3u/avrxmega6/crtatxmega128a3u.o
LOAD CLaserControlApp.o
LOAD LaserLib/CSPI.o
LOAD LaserLib/CTimer.o
LOAD LaserLib/CUSART.o
LOAD LaserLib/intx128.o
LOAD main.o
LOAD MODBUS/CMBProtocol.o
LOAD MODBUS/CMBSender.o
LOAD Periphery/CDGUSUSART.o
LOAD Periphery/CLaserBoard.o
LOAD Periphery/CSoundPlayer.o
LOAD Periphery/CTimerC.o
LOAD Periphery/CTimerD.o
LOAD Periphery/CTimerF.o
START GROUP
LOAD c:/program files (x86)/atmel/studio/7.0/toolchain/avr8/avr8-gnu-toolchain/bin/../lib/gcc/avr/4.9.2/../../../../avr/lib/avrxmega6\libm.a
END GROUP
LOAD c:/program files (x86)/atmel/studio/7.0/toolchain/avr8/avr8-gnu-toolchain/bin/../lib/gcc/avr/4.9.2/avrxmega6\libgcc.a
LOAD c:/program files (x86)/atmel/studio/7.0/toolchain/avr8/avr8-gnu-toolchain/bin/../lib/gcc/avr/4.9.2/../../../../avr/lib/avrxmega6\libm.a
START GROUP
LOAD c:/program files (x86)/atmel/studio/7.0/toolchain/avr8/avr8-gnu-toolchain/bin/../lib/gcc/avr/4.9.2/avrxmega6\libgcc.a
LOAD c:/program files (x86)/atmel/studio/7.0/toolchain/avr8/avr8-gnu-toolchain/bin/../lib/gcc/avr/4.9.2/../../../../avr/lib/avrxmega6\libm.a
LOAD c:/program files (x86)/atmel/studio/7.0/toolchain/avr8/avr8-gnu-toolchain/bin/../lib/gcc/avr/4.9.2/../../../../avr/lib/avrxmega6\libc.a
LOAD C:/Program Files (x86)/Atmel/Studio/7.0/Packs/atmel/XMEGAA_DFP/1.0.36/gcc/dev/atxmega128a3u/avrxmega6\libatxmega128a3u.a
END GROUP

.hash
 *(.hash)

.dynsym
 *(.dynsym)

.dynstr
 *(.dynstr)

.gnu.version
 *(.gnu.version)

.gnu.version_d
 *(.gnu.version_d)

.gnu.version_r
 *(.gnu.version_r)

.rel.init
 *(.rel.init)

.rela.init
 *(.rela.init)

.rel.text
 *(.rel.text)
 *(.rel.text.*)
 *(.rel.gnu.linkonce.t*)

.rela.text
 *(.rela.text)
 *(.rela.text.*)
 *(.rela.gnu.linkonce.t*)

.rel.fini
 *(.rel.fini)

.rela.fini
 *(.rela.fini)

.rel.rodata
 *(.rel.rodata)
 *(.rel.rodata.*)
 *(.rel.gnu.linkonce.r*)

.rela.rodata
 *(.rela.rodata)
 *(.rela.rodata.*)
 *(.rela.gnu.linkonce.r*)

.rel.data
 *(.rel.data)
 *(.rel.data.*)
 *(.rel.gnu.linkonce.d*)

.rela.data
 *(.rela.data)
 *(.rela.data.*)
 *(.rela.gnu.linkonce.d*)

.rel.ctors
 *(.rel.ctors)

.rela.ctors
 *(.rela.ctors)

.rel.dtors
 *(.rel.dtors)

.rela.dtors
 *(.rela.dtors)

.rel.got
 *(.rel.got)

.rela.got
 *(.rela.got)

.rel.bss
 *(.rel.bss)

.rela.bss
 *(.rela.bss)

.rel.plt
 *(.rel.plt)

.rela.plt
 *(.rela.plt)

.text           0x00000000     0x54f2
 *(.vectors)
 .vectors       0x00000000      0x1fc C:/Program Files (x86)/Atmel/Studio/7.0/Packs/atmel/XMEGAA_DFP/1.0.36/gcc/dev/atxmega128a3u/avrxmega6/crtatxmega128a3u.o
                0x00000000                __vector_default
                0x00000000                __vectors
 *(.vectors)
 *(.progmem.gcc*)
 .progmem.gcc_sw_table._ZN16CLaserControlApp18OnRegisterReceivedEhPhh
                0x000001fc       0x28 CLaserControlApp.o
 .progmem.gcc_sw_table._ZN16CLaserControlApp3RunEv
                0x00000224       0x40 CLaserControlApp.o
 .progmem.gcc_sw_table._ZN9CMBSender13OnReceiveByteEh
                0x00000264       0x16 MODBUS/CMBSender.o
                0x0000027a                . = ALIGN (0x2)
                0x0000027a                __trampolines_start = .
 *(.trampolines)
 .trampolines   0x0000027a      0x1c4 linker stubs
 *(.trampolines*)
                0x0000043e                __trampolines_end = .
 *(.progmem*)
                0x0000043e                . = ALIGN (0x2)
 *(.jumptables)
 *(.jumptables*)
 *(.lowtext)
 *(.lowtext*)
                0x0000043e                __ctors_start = .
 *(.ctors)
 .ctors         0x0000043e        0x2 CLaserControlApp.o
 .ctors         0x00000440        0x2 main.o
                0x00000442                __ctors_end = .
                0x00000442                __dtors_start = .
 *(.dtors)
 .dtors         0x00000442        0x2 CLaserControlApp.o
 .dtors         0x00000444        0x2 main.o
                0x00000446                __dtors_end = .
 SORT(*)(.ctors)
 SORT(*)(.dtors)
 *(.init0)
 .init0         0x00000446        0x0 C:/Program Files (x86)/Atmel/Studio/7.0/Packs/atmel/XMEGAA_DFP/1.0.36/gcc/dev/atxmega128a3u/avrxmega6/crtatxmega128a3u.o
                0x00000446                __init
 *(.init0)
 *(.init1)
 *(.init1)
 *(.init2)
 .init2         0x00000446       0x10 C:/Program Files (x86)/Atmel/Studio/7.0/Packs/atmel/XMEGAA_DFP/1.0.36/gcc/dev/atxmega128a3u/avrxmega6/crtatxmega128a3u.o
 *(.init2)
 *(.init3)
 *(.init3)
 *(.init4)
 .init4         0x00000456       0x1a c:/program files (x86)/atmel/studio/7.0/toolchain/avr8/avr8-gnu-toolchain/bin/../lib/gcc/avr/4.9.2/avrxmega6\libgcc.a(_copy_data.o)
                0x00000456                __do_copy_data
 .init4         0x00000470       0x10 c:/program files (x86)/atmel/studio/7.0/toolchain/avr8/avr8-gnu-toolchain/bin/../lib/gcc/avr/4.9.2/avrxmega6\libgcc.a(_clear_bss.o)
                0x00000470                __do_clear_bss
 *(.init4)
 *(.init5)
 *(.init5)
 *(.init6)
 .init6         0x00000480       0x20 c:/program files (x86)/atmel/studio/7.0/toolchain/avr8/avr8-gnu-toolchain/bin/../lib/gcc/avr/4.9.2/avrxmega6\libgcc.a(_ctors.o)
                0x00000480                __do_global_ctors
 *(.init6)
 *(.init7)
 *(.init7)
 *(.init8)
 *(.init8)
 *(.init9)
 .init9         0x000004a0        0x8 C:/Program Files (x86)/Atmel/Studio/7.0/Packs/atmel/XMEGAA_DFP/1.0.36/gcc/dev/atxmega128a3u/avrxmega6/crtatxmega128a3u.o
 *(.init9)
 *(.text)
 .text          0x000004a8        0x4 C:/Program Files (x86)/Atmel/Studio/7.0/Packs/atmel/XMEGAA_DFP/1.0.36/gcc/dev/atxmega128a3u/avrxmega6/crtatxmega128a3u.o
                0x000004a8                __vector_75
                0x000004a8                __vector_102
                0x000004a8                __bad_interrupt
                0x000004a8                __vector_122
                0x000004a8                __vector_114
                0x000004a8                __vector_117
                0x000004a8                __vector_107
                0x000004a8                __vector_98
                0x000004a8                __vector_99
                0x000004a8                __vector_125
                0x000004a8                __vector_123
                0x000004a8                __vector_100
                0x000004a8                __vector_101
                0x000004a8                __vector_76
                0x000004a8                __vector_115
                0x000004a8                __vector_95
                0x000004a8                __vector_103
                0x000004a8                __vector_96
                0x000004a8                __vector_106
                0x000004a8                __vector_118
                0x000004a8                __vector_94
                0x000004a8                __vector_126
                0x000004a8                __vector_124
                0x000004a8                __vector_116
                0x000004a8                __vector_97
                0x000004ac                . = ALIGN (0x2)
 *(.text.*)
 .text._ZN16CLaserControlApp21OnTransactionCallbackEPhj
                0x000004ac        0x2 CLaserControlApp.o
                0x000004ac                _ZN16CLaserControlApp21OnTransactionCallbackEPhj
 .text._ZN16CLaserControlApp18OnRegisterReceivedEhPhh
                0x000004ae      0x13c CLaserControlApp.o
                0x000004ae                _ZN16CLaserControlApp18OnRegisterReceivedEhPhh
 .text._ZN16CLaserControlApp13OnTimerStaticEPv
                0x000005ea        0x2 CLaserControlApp.o
                0x000005ea                _ZN16CLaserControlApp13OnTimerStaticEPv
 .text._Z11ConvertDataPvS_jj
                0x000005ec       0x58 CLaserControlApp.o
                0x000005ec                _Z11ConvertDataPvS_jj
 .text._ZN16CLaserControlApp18OnVariableReceivedEjPjj
                0x00000644       0x84 CLaserControlApp.o
                0x00000644                _ZN16CLaserControlApp18OnVariableReceivedEjPjj
 .text._ZN16CLaserControlAppC2Ev
                0x000006c8        0xc CLaserControlApp.o
                0x000006c8                _ZN16CLaserControlAppC2Ev
                0x000006c8                _ZN16CLaserControlAppC1Ev
 .text._ZN16CLaserControlAppD2Ev
                0x000006d4       0x10 CLaserControlApp.o
                0x000006d4                _ZN16CLaserControlAppD2Ev
                0x000006d4                _ZN16CLaserControlAppD1Ev
 .text._ZN16CLaserControlApp5StartEv
                0x000006e4       0x70 CLaserControlApp.o
                0x000006e4                _ZN16CLaserControlApp5StartEv
 .text._ZN16CLaserControlApp12OnLaserTimerEv
                0x00000754       0x22 CLaserControlApp.o
                0x00000754                _ZN16CLaserControlApp12OnLaserTimerEv
 .text._ZN16CLaserControlApp18OnLaserTimerStaticEPv
                0x00000776        0x6 CLaserControlApp.o
                0x00000776                _ZN16CLaserControlApp18OnLaserTimerStaticEPv
 .text._GLOBAL__sub_I_timer
                0x0000077c       0x12 CLaserControlApp.o
 .text._GLOBAL__sub_D_timer
                0x0000078e       0x12 CLaserControlApp.o
 .text._ZN16CLaserControlApp10InitializeEP9CMBSender
                0x000007a0      0x36a CLaserControlApp.o
                0x000007a0                _ZN16CLaserControlApp10InitializeEP9CMBSender
 .text._ZN16CLaserControlApp3RunEv
                0x00000b0a      0xd3c CLaserControlApp.o
                0x00000b0a                _ZN16CLaserControlApp3RunEv
 .text._ZN4CSPIC2Ev
                0x00001846        0x2 LaserLib/CSPI.o
                0x00001846                _ZN4CSPIC2Ev
                0x00001846                _ZN4CSPIC1Ev
 .text._ZN4CSPID2Ev
                0x00001848        0x2 LaserLib/CSPI.o
                0x00001848                _ZN4CSPID2Ev
                0x00001848                _ZN4CSPID1Ev
 .text._ZN4CSPI10InitializeEb19SPI_DATA_ORDER_ENUM13SPI_MODE_ENUMb18SPI_PRESCALER_enum
                0x0000184a       0x88 LaserLib/CSPI.o
                0x0000184a                _ZN4CSPI10InitializeEb19SPI_DATA_ORDER_ENUM13SPI_MODE_ENUMb18SPI_PRESCALER_enum
 .text._ZN4CSPI4SendEPhj
                0x000018d2       0x40 LaserLib/CSPI.o
                0x000018d2                _ZN4CSPI4SendEPhj
 .text._ZN4CSPI10OnTransmitEv
                0x00001912       0x30 LaserLib/CSPI.o
                0x00001912                _ZN4CSPI10OnTransmitEv
 .text._ZN4CSPI16StaticOnTransmitEPv
                0x00001942        0x6 LaserLib/CSPI.o
                0x00001942                _ZN4CSPI16StaticOnTransmitEPv
 .text._ZN6CTimerC2Ev
                0x00001948        0xc LaserLib/CTimer.o
                0x00001948                _ZN6CTimerC1Ev
                0x00001948                _ZN6CTimerC2Ev
 .text._ZN6CTimerD2Ev
                0x00001954        0x2 LaserLib/CTimer.o
                0x00001954                _ZN6CTimerD1Ev
                0x00001954                _ZN6CTimerD2Ev
 .text._ZN6CUSARTC2Ev
                0x00001956        0xc LaserLib/CUSART.o
                0x00001956                _ZN6CUSARTC2Ev
                0x00001956                _ZN6CUSARTC1Ev
 .text._ZN6CUSARTD2Ev
                0x00001962        0x2 LaserLib/CUSART.o
                0x00001962                _ZN6CUSARTD1Ev
                0x00001962                _ZN6CUSARTD2Ev
 .text.__vector_1
                0x00001964       0x62 LaserLib/intx128.o
                0x00001964                __vector_1
 .text.__vector_2
                0x000019c6       0x62 LaserLib/intx128.o
                0x000019c6                __vector_2
 .text.__vector_3
                0x00001a28       0x62 LaserLib/intx128.o
                0x00001a28                __vector_3
 .text.__vector_4
                0x00001a8a       0x62 LaserLib/intx128.o
                0x00001a8a                __vector_4
 .text.__vector_5
                0x00001aec       0x62 LaserLib/intx128.o
                0x00001aec                __vector_5
 .text.__vector_6
                0x00001b4e       0x62 LaserLib/intx128.o
                0x00001b4e                __vector_6
 .text.__vector_7
                0x00001bb0       0x62 LaserLib/intx128.o
                0x00001bb0                __vector_7
 .text.__vector_8
                0x00001c12       0x62 LaserLib/intx128.o
                0x00001c12                __vector_8
 .text.__vector_9
                0x00001c74       0x62 LaserLib/intx128.o
                0x00001c74                __vector_9
 .text.__vector_10
                0x00001cd6       0x62 LaserLib/intx128.o
                0x00001cd6                __vector_10
 .text.__vector_11
                0x00001d38       0x62 LaserLib/intx128.o
                0x00001d38                __vector_11
 .text.__vector_12
                0x00001d9a       0x62 LaserLib/intx128.o
                0x00001d9a                __vector_12
 .text.__vector_13
                0x00001dfc       0x62 LaserLib/intx128.o
                0x00001dfc                __vector_13
 .text.__vector_14
                0x00001e5e       0x62 LaserLib/intx128.o
                0x00001e5e                __vector_14
 .text.__vector_15
                0x00001ec0       0x62 LaserLib/intx128.o
                0x00001ec0                __vector_15
 .text.__vector_16
                0x00001f22       0x62 LaserLib/intx128.o
                0x00001f22                __vector_16
 .text.__vector_17
                0x00001f84       0x62 LaserLib/intx128.o
                0x00001f84                __vector_17
 .text.__vector_18
                0x00001fe6       0x62 LaserLib/intx128.o
                0x00001fe6                __vector_18
 .text.__vector_19
                0x00002048       0x62 LaserLib/intx128.o
                0x00002048                __vector_19
 .text.__vector_20
                0x000020aa       0x62 LaserLib/intx128.o
                0x000020aa                __vector_20
 .text.__vector_21
                0x0000210c       0x62 LaserLib/intx128.o
                0x0000210c                __vector_21
 .text.__vector_22
                0x0000216e       0x62 LaserLib/intx128.o
                0x0000216e                __vector_22
 .text.__vector_23
                0x000021d0       0x62 LaserLib/intx128.o
                0x000021d0                __vector_23
 .text.__vector_24
                0x00002232       0x62 LaserLib/intx128.o
                0x00002232                __vector_24
 .text.__vector_25
                0x00002294       0x62 LaserLib/intx128.o
                0x00002294                __vector_25
 .text.__vector_26
                0x000022f6       0x62 LaserLib/intx128.o
                0x000022f6                __vector_26
 .text.__vector_27
                0x00002358       0x62 LaserLib/intx128.o
                0x00002358                __vector_27
 .text.__vector_28
                0x000023ba       0x62 LaserLib/intx128.o
                0x000023ba                __vector_28
 .text.__vector_29
                0x0000241c       0x62 LaserLib/intx128.o
                0x0000241c                __vector_29
 .text.__vector_30
                0x0000247e       0x62 LaserLib/intx128.o
                0x0000247e                __vector_30
 .text.__vector_31
                0x000024e0       0x62 LaserLib/intx128.o
                0x000024e0                __vector_31
 .text.__vector_32
                0x00002542       0x62 LaserLib/intx128.o
                0x00002542                __vector_32
 .text.__vector_33
                0x000025a4       0x62 LaserLib/intx128.o
                0x000025a4                __vector_33
 .text.__vector_34
                0x00002606       0x62 LaserLib/intx128.o
                0x00002606                __vector_34
 .text.__vector_35
                0x00002668       0x62 LaserLib/intx128.o
                0x00002668                __vector_35
 .text.__vector_36
                0x000026ca       0x62 LaserLib/intx128.o
                0x000026ca                __vector_36
 .text.__vector_37
                0x0000272c       0x62 LaserLib/intx128.o
                0x0000272c                __vector_37
 .text.__vector_38
                0x0000278e       0x62 LaserLib/intx128.o
                0x0000278e                __vector_38
 .text.__vector_39
                0x000027f0       0x62 LaserLib/intx128.o
                0x000027f0                __vector_39
 .text.__vector_40
                0x00002852       0x62 LaserLib/intx128.o
                0x00002852                __vector_40
 .text.__vector_41
                0x000028b4       0x62 LaserLib/intx128.o
                0x000028b4                __vector_41
 .text.__vector_42
                0x00002916       0x62 LaserLib/intx128.o
                0x00002916                __vector_42
 .text.__vector_43
                0x00002978       0x62 LaserLib/intx128.o
                0x00002978                __vector_43
 .text.__vector_44
                0x000029da       0x62 LaserLib/intx128.o
                0x000029da                __vector_44
 .text.__vector_45
                0x00002a3c       0x62 LaserLib/intx128.o
                0x00002a3c                __vector_45
 .text.__vector_46
                0x00002a9e       0x62 LaserLib/intx128.o
                0x00002a9e                __vector_46
 .text.__vector_47
                0x00002b00       0x62 LaserLib/intx128.o
                0x00002b00                __vector_47
 .text.__vector_48
                0x00002b62       0x62 LaserLib/intx128.o
                0x00002b62                __vector_48
 .text.__vector_49
                0x00002bc4       0x62 LaserLib/intx128.o
                0x00002bc4                __vector_49
 .text.__vector_50
                0x00002c26       0x62 LaserLib/intx128.o
                0x00002c26                __vector_50
 .text.__vector_51
                0x00002c88       0x62 LaserLib/intx128.o
                0x00002c88                __vector_51
 .text.__vector_52
                0x00002cea       0x62 LaserLib/intx128.o
                0x00002cea                __vector_52
 .text.__vector_53
                0x00002d4c       0x62 LaserLib/intx128.o
                0x00002d4c                __vector_53
 .text.__vector_54
                0x00002dae       0x62 LaserLib/intx128.o
                0x00002dae                __vector_54
 .text.__vector_55
                0x00002e10       0x62 LaserLib/intx128.o
                0x00002e10                __vector_55
 .text.__vector_56
                0x00002e72       0x62 LaserLib/intx128.o
                0x00002e72                __vector_56
 .text.__vector_57
                0x00002ed4       0x62 LaserLib/intx128.o
                0x00002ed4                __vector_57
 .text.__vector_58
                0x00002f36       0x62 LaserLib/intx128.o
                0x00002f36                __vector_58
 .text.__vector_59
                0x00002f98       0x62 LaserLib/intx128.o
                0x00002f98                __vector_59
 .text.__vector_60
                0x00002ffa       0x62 LaserLib/intx128.o
                0x00002ffa                __vector_60
 .text.__vector_61
                0x0000305c       0x62 LaserLib/intx128.o
                0x0000305c                __vector_61
 .text.__vector_62
                0x000030be       0x62 LaserLib/intx128.o
                0x000030be                __vector_62
 .text.__vector_63
                0x00003120       0x62 LaserLib/intx128.o
                0x00003120                __vector_63
 .text.__vector_64
                0x00003182       0x62 LaserLib/intx128.o
                0x00003182                __vector_64
 .text.__vector_65
                0x000031e4       0x62 LaserLib/intx128.o
                0x000031e4                __vector_65
 .text.__vector_66
                0x00003246       0x62 LaserLib/intx128.o
                0x00003246                __vector_66
 .text.__vector_67
                0x000032a8       0x62 LaserLib/intx128.o
                0x000032a8                __vector_67
 .text.__vector_68
                0x0000330a       0x62 LaserLib/intx128.o
                0x0000330a                __vector_68
 .text.__vector_69
                0x0000336c       0x62 LaserLib/intx128.o
                0x0000336c                __vector_69
 .text.__vector_70
                0x000033ce       0x62 LaserLib/intx128.o
                0x000033ce                __vector_70
 .text.__vector_71
                0x00003430       0x62 LaserLib/intx128.o
                0x00003430                __vector_71
 .text.__vector_72
                0x00003492       0x62 LaserLib/intx128.o
                0x00003492                __vector_72
 .text.__vector_73
                0x000034f4       0x62 LaserLib/intx128.o
                0x000034f4                __vector_73
 .text.__vector_74
                0x00003556       0x62 LaserLib/intx128.o
                0x00003556                __vector_74
 .text.__vector_77
                0x000035b8       0x62 LaserLib/intx128.o
                0x000035b8                __vector_77
 .text.__vector_78
                0x0000361a       0x62 LaserLib/intx128.o
                0x0000361a                __vector_78
 .text.__vector_79
                0x0000367c       0x62 LaserLib/intx128.o
                0x0000367c                __vector_79
 .text.__vector_80
                0x000036de       0x62 LaserLib/intx128.o
                0x000036de                __vector_80
 .text.__vector_81
                0x00003740       0x62 LaserLib/intx128.o
                0x00003740                __vector_81
 .text.__vector_82
                0x000037a2       0x62 LaserLib/intx128.o
                0x000037a2                __vector_82
 .text.__vector_83
                0x00003804       0x62 LaserLib/intx128.o
                0x00003804                __vector_83
 .text.__vector_84
                0x00003866       0x62 LaserLib/intx128.o
                0x00003866                __vector_84
 .text.__vector_85
                0x000038c8       0x62 LaserLib/intx128.o
                0x000038c8                __vector_85
 .text.__vector_86
                0x0000392a       0x62 LaserLib/intx128.o
                0x0000392a                __vector_86
 .text.__vector_87
                0x0000398c       0x62 LaserLib/intx128.o
                0x0000398c                __vector_87
 .text.__vector_88
                0x000039ee       0x62 LaserLib/intx128.o
                0x000039ee                __vector_88
 .text.__vector_89
                0x00003a50       0x62 LaserLib/intx128.o
                0x00003a50                __vector_89
 .text.__vector_90
                0x00003ab2       0x62 LaserLib/intx128.o
                0x00003ab2                __vector_90
 .text.__vector_91
                0x00003b14       0x62 LaserLib/intx128.o
                0x00003b14                __vector_91
 .text.__vector_92
                0x00003b76       0x62 LaserLib/intx128.o
                0x00003b76                __vector_92
 .text.__vector_93
                0x00003bd8       0x62 LaserLib/intx128.o
                0x00003bd8                __vector_93
 .text.__vector_104
                0x00003c3a       0x62 LaserLib/intx128.o
                0x00003c3a                __vector_104
 .text.__vector_105
                0x00003c9c       0x62 LaserLib/intx128.o
                0x00003c9c                __vector_105
 .text.__vector_108
                0x00003cfe       0x62 LaserLib/intx128.o
                0x00003cfe                __vector_108
 .text.__vector_109
                0x00003d60       0x62 LaserLib/intx128.o
                0x00003d60                __vector_109
 .text.__vector_110
                0x00003dc2       0x62 LaserLib/intx128.o
                0x00003dc2                __vector_110
 .text.__vector_111
                0x00003e24       0x62 LaserLib/intx128.o
                0x00003e24                __vector_111
 .text.__vector_112
                0x00003e86       0x62 LaserLib/intx128.o
                0x00003e86                __vector_112
 .text.__vector_113
                0x00003ee8       0x62 LaserLib/intx128.o
                0x00003ee8                __vector_113
 .text.__vector_119
                0x00003f4a       0x62 LaserLib/intx128.o
                0x00003f4a                __vector_119
 .text.__vector_120
                0x00003fac       0x62 LaserLib/intx128.o
                0x00003fac                __vector_120
 .text.__vector_121
                0x0000400e       0x62 LaserLib/intx128.o
                0x0000400e                __vector_121
 .text.__cxa_pure_virtual
                0x00004070        0x6 main.o
                0x00004070                __cxa_pure_virtual
 .text._Z4swapj
                0x00004076        0x8 main.o
                0x00004076                _Z4swapj
 .text._GLOBAL__sub_I_dacSPI
                0x0000407e       0x32 main.o
 .text._GLOBAL__sub_D_dacSPI
                0x000040b0       0x32 main.o
 .text._Z16SystemInitializev
                0x000040e2       0x76 main.o
                0x000040e2                _Z16SystemInitializev
 .text.main     0x00004158      0x19c main.o
                0x00004158                main
 .text._ZN16CMBEventsHandler13FillRegDataTxEhPhh
                0x000042f4       0x62 MODBUS/CMBProtocol.o
                0x000042f4                _ZN16CMBEventsHandler13FillRegDataTxEhPhh
 .text._ZN16CMBEventsHandler13FillRegDataRqEhh
                0x00004356       0x3e MODBUS/CMBProtocol.o
                0x00004356                _ZN16CMBEventsHandler13FillRegDataRqEhh
 .text._ZN16CMBEventsHandler13FillVarDataTxEjPjj
                0x00004394       0x90 MODBUS/CMBProtocol.o
                0x00004394                _ZN16CMBEventsHandler13FillVarDataTxEjPjj
 .text._ZN16CMBEventsHandler13FillVarDataRqEjj
                0x00004424       0x46 MODBUS/CMBProtocol.o
                0x00004424                _ZN16CMBEventsHandler13FillVarDataRqEjj
 .text._ZN16CMBEventsHandler15AllocateBuffersEjj
                0x0000446a       0x36 MODBUS/CMBProtocol.o
                0x0000446a                _ZN16CMBEventsHandler15AllocateBuffersEjj
 .text._ZN16CMBEventsHandler11FreeBuffersEv
                0x000044a0       0x1c MODBUS/CMBProtocol.o
                0x000044a0                _ZN16CMBEventsHandler11FreeBuffersEv
 .text._ZN16CMBEventsHandlerD2Ev
                0x000044bc        0x2 MODBUS/CMBProtocol.o
                0x000044bc                _ZN16CMBEventsHandlerD2Ev
                0x000044bc                _ZN16CMBEventsHandlerD1Ev
 .text._ZN9CMBSender18OnVariableReceivedEjPjj
                0x000044be       0x1e MODBUS/CMBSender.o
                0x000044be                _ZN9CMBSender18OnVariableReceivedEjPjj
 .text._ZN9CMBSender18OnRegisterReceivedEhPhh
                0x000044dc       0x1e MODBUS/CMBSender.o
                0x000044dc                _ZN9CMBSender18OnRegisterReceivedEhPhh
 .text._ZN9CMBSenderC2Ev
                0x000044fa        0xc MODBUS/CMBSender.o
                0x000044fa                _ZN9CMBSenderC2Ev
                0x000044fa                _ZN9CMBSenderC1Ev
 .text._ZN9CMBSender10InitializeEP6CUSARTP16CMBEventsHandlerjj
                0x00004506       0x9e MODBUS/CMBSender.o
                0x00004506                _ZN9CMBSender10InitializeEP6CUSARTP16CMBEventsHandlerjj
 .text._ZN9CMBSenderD2Ev
                0x000045a4       0x10 MODBUS/CMBSender.o
                0x000045a4                _ZN9CMBSenderD1Ev
                0x000045a4                _ZN9CMBSenderD2Ev
 .text._ZN9CMBSender19WriteDataToRegisterEhPhh
                0x000045b4       0x6a MODBUS/CMBSender.o
                0x000045b4                _ZN9CMBSender19WriteDataToRegisterEhPhh
 .text._ZN9CMBSender13OnReceiveByteEh
                0x0000461e      0x174 MODBUS/CMBSender.o
                0x0000461e                _ZN9CMBSender13OnReceiveByteEh
 .text._ZN9CMBSender18OnUSARTRxInterruptEPv
                0x00004792       0x26 MODBUS/CMBSender.o
                0x00004792                _ZN9CMBSender18OnUSARTRxInterruptEPv
 .text._ZN9CMBSender19StartMODBUSListenerEv
                0x000047b8       0x12 MODBUS/CMBSender.o
                0x000047b8                _ZN9CMBSender19StartMODBUSListenerEv
 .text._ZN9CMBSender14OnTransmitByteEv
                0x000047ca       0x92 MODBUS/CMBSender.o
                0x000047ca                _ZN9CMBSender14OnTransmitByteEv
 .text._ZN9CMBSender18OnUSARTTxInterruptEPv
                0x0000485c        0x6 MODBUS/CMBSender.o
                0x0000485c                _ZN9CMBSender18OnUSARTTxInterruptEPv
 .text._ZN9CMBSender18WaitMODBUSListenerEv
                0x00004862       0x22 MODBUS/CMBSender.o
                0x00004862                _ZN9CMBSender18WaitMODBUSListenerEv
 .text._ZN9CMBSender22StartMODBUSTransmitterEv
                0x00004884        0xc MODBUS/CMBSender.o
                0x00004884                _ZN9CMBSender22StartMODBUSTransmitterEv
 .text._ZN9CMBSender24WriteDataToRegisterAsyncEhPhh
                0x00004890       0x1e MODBUS/CMBSender.o
                0x00004890                _ZN9CMBSender24WriteDataToRegisterAsyncEhPhh
 .text._ZN9CMBSender20WriteDataToSRAMAsyncEjPjj
                0x000048ae       0x1e MODBUS/CMBSender.o
                0x000048ae                _ZN9CMBSender20WriteDataToSRAMAsyncEjPjj
 .text._ZN9CMBSender28RequestDataFromRegisterAsyncEhh
                0x000048cc       0x1e MODBUS/CMBSender.o
                0x000048cc                _ZN9CMBSender28RequestDataFromRegisterAsyncEhh
 .text._ZN9CMBSender24RequestDataFromSRAMAsyncEjh
                0x000048ea       0x20 MODBUS/CMBSender.o
                0x000048ea                _ZN9CMBSender24RequestDataFromSRAMAsyncEjh
 .text._ZN9CMBSender21WaitMODBUSTransmitterEv
                0x0000490a       0x22 MODBUS/CMBSender.o
                0x0000490a                _ZN9CMBSender21WaitMODBUSTransmitterEv
 .text._ZN9CMBSender30StartMODBUSRegisterTransactionEhh
                0x0000492c        0xc MODBUS/CMBSender.o
                0x0000492c                _ZN9CMBSender30StartMODBUSRegisterTransactionEhh
 .text._ZN9CMBSender30StartMODBUSVariableTransactionEjh
                0x00004938        0xc MODBUS/CMBSender.o
                0x00004938                _ZN9CMBSender30StartMODBUSVariableTransactionEjh
 .text._ZN9CMBSender18ProcessTransactionEPhj
                0x00004944       0x62 MODBUS/CMBSender.o
                0x00004944                _ZN9CMBSender18ProcessTransactionEPhj
 .text._ZN9CMBSender21OnTransactionCallbackEPhj
                0x000049a6        0x6 MODBUS/CMBSender.o
                0x000049a6                _ZN9CMBSender21OnTransactionCallbackEPhj
 .text._ZN10CDGUSUSART10InitializeE13BAUDRATE_ENUM11PARITY_ENUM12STOBITS_ENUMb
                0x000049ac       0x76 Periphery/CDGUSUSART.o
                0x000049ac                _ZN10CDGUSUSART10InitializeE13BAUDRATE_ENUM11PARITY_ENUM12STOBITS_ENUMb
 .text._ZN10CDGUSUSART15GetReceivedByteEv
                0x00004a22        0x6 Periphery/CDGUSUSART.o
                0x00004a22                _ZN10CDGUSUSART15GetReceivedByteEv
 .text._ZN10CDGUSUSART19SetTransmittingByteEh
                0x00004a28        0x6 Periphery/CDGUSUSART.o
                0x00004a28                _ZN10CDGUSUSART19SetTransmittingByteEh
 .text._ZN10CDGUSUSART14IsTransmittingEv
                0x00004a2e       0x10 Periphery/CDGUSUSART.o
                0x00004a2e                _ZN10CDGUSUSART14IsTransmittingEv
 .text._ZN10CDGUSUSART11IsReceivingEv
                0x00004a3e        0xe Periphery/CDGUSUSART.o
                0x00004a3e                _ZN10CDGUSUSART11IsReceivingEv
 .text._ZN10CDGUSUSART11IsDataEmptyEv
                0x00004a4c       0x10 Periphery/CDGUSUSART.o
                0x00004a4c                _ZN10CDGUSUSART11IsDataEmptyEv
 .text._ZN10CDGUSUSART25SetRxInterruptionCallbackEPvPFvS0_E
                0x00004a5c       0x12 Periphery/CDGUSUSART.o
                0x00004a5c                _ZN10CDGUSUSART25SetRxInterruptionCallbackEPvPFvS0_E
 .text._ZN10CDGUSUSART25SetTxInterruptionCallbackEPvPFvS0_E
                0x00004a6e       0x12 Periphery/CDGUSUSART.o
                0x00004a6e                _ZN10CDGUSUSART25SetTxInterruptionCallbackEPvPFvS0_E
 .text._ZN10CDGUSUSART12SetDMARxTrigEP13DMA_CH_struct
                0x00004a80       0x12 Periphery/CDGUSUSART.o
                0x00004a80                _ZN10CDGUSUSART12SetDMARxTrigEP13DMA_CH_struct
 .text._ZN10CDGUSUSART12SetDMATxTrigEP13DMA_CH_struct
                0x00004a92       0x12 Periphery/CDGUSUSART.o
                0x00004a92                _ZN10CDGUSUSART12SetDMATxTrigEP13DMA_CH_struct
 .text._ZN10CDGUSUSARTC2Ev
                0x00004aa4       0x18 Periphery/CDGUSUSART.o
                0x00004aa4                _ZN10CDGUSUSARTC1Ev
                0x00004aa4                _ZN10CDGUSUSARTC2Ev
 .text._ZN10CDGUSUSARTD2Ev
                0x00004abc       0x10 Periphery/CDGUSUSART.o
                0x00004abc                _ZN10CDGUSUSARTD2Ev
                0x00004abc                _ZN10CDGUSUSARTD1Ev
 .text._ZN11CLaserBoardC2Ev
                0x00004acc        0x2 Periphery/CLaserBoard.o
                0x00004acc                _ZN11CLaserBoardC1Ev
                0x00004acc                _ZN11CLaserBoardC2Ev
 .text._ZN11CLaserBoardD2Ev
                0x00004ace        0x2 Periphery/CLaserBoard.o
                0x00004ace                _ZN11CLaserBoardD2Ev
                0x00004ace                _ZN11CLaserBoardD1Ev
 .text._ZN11CLaserBoard12InitializeIOEv
                0x00004ad0       0xae Periphery/CLaserBoard.o
                0x00004ad0                _ZN11CLaserBoard12InitializeIOEv
 .text._ZN11CLaserBoard15InitializeClockEv
                0x00004b7e       0x6a Periphery/CLaserBoard.o
                0x00004b7e                _ZN11CLaserBoard15InitializeClockEv
 .text._ZN11CLaserBoard8Relay1OnEv
                0x00004be8        0x8 Periphery/CLaserBoard.o
                0x00004be8                _ZN11CLaserBoard8Relay1OnEv
 .text._ZN11CLaserBoard8Relay2OnEv
                0x00004bf0        0x8 Periphery/CLaserBoard.o
                0x00004bf0                _ZN11CLaserBoard8Relay2OnEv
 .text._ZN11CLaserBoard9Relay1OffEv
                0x00004bf8        0x8 Periphery/CLaserBoard.o
                0x00004bf8                _ZN11CLaserBoard9Relay1OffEv
 .text._ZN11CLaserBoard9Relay2OffEv
                0x00004c00        0x8 Periphery/CLaserBoard.o
                0x00004c00                _ZN11CLaserBoard9Relay2OffEv
 .text._ZN11CLaserBoard12LaserPowerOnEv
                0x00004c08        0x8 Periphery/CLaserBoard.o
                0x00004c08                _ZN11CLaserBoard12LaserPowerOnEv
 .text._ZN11CLaserBoard13LaserPowerOffEv
                0x00004c10        0x8 Periphery/CLaserBoard.o
                0x00004c10                _ZN11CLaserBoard13LaserPowerOffEv
 .text._ZN11CLaserBoard4BeepEv
                0x00004c18       0x30 Periphery/CLaserBoard.o
                0x00004c18                _ZN11CLaserBoard4BeepEv
 .text._ZN11CLaserBoard14BeepClassErrorEv
                0x00004c48       0x54 Periphery/CLaserBoard.o
                0x00004c48                _ZN11CLaserBoard14BeepClassErrorEv
 .text._ZN11CLaserBoard9PortCheckEv
                0x00004c9c       0x72 Periphery/CLaserBoard.o
                0x00004c9c                _ZN11CLaserBoard9PortCheckEv
 .text._ZN11CLaserBoard10FootswitchEv
                0x00004d0e        0x8 Periphery/CLaserBoard.o
                0x00004d0e                _ZN11CLaserBoard10FootswitchEv
 .text._ZN12CSoundPlayerC2Ev
                0x00004d16        0x2 Periphery/CSoundPlayer.o
                0x00004d16                _ZN12CSoundPlayerC2Ev
                0x00004d16                _ZN12CSoundPlayerC1Ev
 .text._ZN12CSoundPlayerD2Ev
                0x00004d18        0x2 Periphery/CSoundPlayer.o
                0x00004d18                _ZN12CSoundPlayerD1Ev
                0x00004d18                _ZN12CSoundPlayerD2Ev
 .text._ZN12CSoundPlayer19InitializeToneTimerEv
                0x00004d1a       0x22 Periphery/CSoundPlayer.o
                0x00004d1a                _ZN12CSoundPlayer19InitializeToneTimerEv
 .text._ZN12CSoundPlayer23InitializeDurationTimerEv
                0x00004d3c       0x18 Periphery/CSoundPlayer.o
                0x00004d3c                _ZN12CSoundPlayer23InitializeDurationTimerEv
 .text._ZN12CSoundPlayer10SoundStartEjjh
                0x00004d54       0x68 Periphery/CSoundPlayer.o
                0x00004d54                _ZN12CSoundPlayer10SoundStartEjjh
 .text._ZN12CSoundPlayer9SoundStopEv
                0x00004dbc       0x3c Periphery/CSoundPlayer.o
                0x00004dbc                _ZN12CSoundPlayer9SoundStopEv
 .text._ZN12CSoundPlayer10InitializeEv
                0x00004df8       0x16 Periphery/CSoundPlayer.o
                0x00004df8                _ZN12CSoundPlayer10InitializeEv
 .text._ZN7CTimerC10InitializeE27TIMER_WAVEFORMGEN_MODE_ENUM22TIMER_CLOCKSELECT_ENUM
                0x00004e0e       0x36 Periphery/CTimerC.o
                0x00004e0e                _ZN7CTimerC10InitializeE27TIMER_WAVEFORMGEN_MODE_ENUM22TIMER_CLOCKSELECT_ENUM
 .text._ZN7CTimerC5StartEj
                0x00004e44       0x1a Periphery/CTimerC.o
                0x00004e44                _ZN7CTimerC5StartEj
 .text._ZN7CTimerC4StopEv
                0x00004e5e       0x10 Periphery/CTimerC.o
                0x00004e5e                _ZN7CTimerC4StopEv
 .text._ZN7CTimerC13EnableChannelE19TIMER_CHANNELS_ENUM
                0x00004e6e        0xe Periphery/CTimerC.o
                0x00004e6e                _ZN7CTimerC13EnableChannelE19TIMER_CHANNELS_ENUM
 .text._ZN7CTimerC14DisableChannelE19TIMER_CHANNELS_ENUM
                0x00004e7c        0xe Periphery/CTimerC.o
                0x00004e7c                _ZN7CTimerC14DisableChannelE19TIMER_CHANNELS_ENUM
 .text._ZN7CTimerC9SetPeriodEj
                0x00004e8a        0xa Periphery/CTimerC.o
                0x00004e8a                _ZN7CTimerC9SetPeriodEj
 .text._ZN7CTimerC8SetCOMPAEj
                0x00004e94        0xa Periphery/CTimerC.o
                0x00004e94                _ZN7CTimerC8SetCOMPAEj
 .text._ZN7CTimerC8SetCOMPBEj
                0x00004e9e        0xa Periphery/CTimerC.o
                0x00004e9e                _ZN7CTimerC8SetCOMPBEj
 .text._ZN7CTimerC8SetCOMPCEj
                0x00004ea8        0xa Periphery/CTimerC.o
                0x00004ea8                _ZN7CTimerC8SetCOMPCEj
 .text._ZN7CTimerC8SetCOMPDEj
                0x00004eb2        0xa Periphery/CTimerC.o
                0x00004eb2                _ZN7CTimerC8SetCOMPDEj
 .text._ZN7CTimerC14SetOVFCallbackEPFvPvES0_17TC_OVFINTLVL_enum
                0x00004ebc       0x24 Periphery/CTimerC.o
                0x00004ebc                _ZN7CTimerC14SetOVFCallbackEPFvPvES0_17TC_OVFINTLVL_enum
 .text._ZN7CTimerC14SetERRCallbackEPFvPvES0_17TC_ERRINTLVL_enum
                0x00004ee0       0x24 Periphery/CTimerC.o
                0x00004ee0                _ZN7CTimerC14SetERRCallbackEPFvPvES0_17TC_ERRINTLVL_enum
 .text._ZN7CTimerC16SetCOMPACallbackEPFvPvES0_17TC_CCAINTLVL_enum
                0x00004f04       0x24 Periphery/CTimerC.o
                0x00004f04                _ZN7CTimerC16SetCOMPACallbackEPFvPvES0_17TC_CCAINTLVL_enum
 .text._ZN7CTimerC16SetCOMPBCallbackEPFvPvES0_17TC_CCBINTLVL_enum
                0x00004f28       0x24 Periphery/CTimerC.o
                0x00004f28                _ZN7CTimerC16SetCOMPBCallbackEPFvPvES0_17TC_CCBINTLVL_enum
 .text._ZN7CTimerC16SetCOMPCCallbackEPFvPvES0_17TC_CCCINTLVL_enum
                0x00004f4c       0x24 Periphery/CTimerC.o
                0x00004f4c                _ZN7CTimerC16SetCOMPCCallbackEPFvPvES0_17TC_CCCINTLVL_enum
 .text._ZN7CTimerC16SetCOMPDCallbackEPFvPvES0_17TC_CCDINTLVL_enum
                0x00004f70       0x24 Periphery/CTimerC.o
                0x00004f70                _ZN7CTimerC16SetCOMPDCallbackEPFvPvES0_17TC_CCDINTLVL_enum
 .text._ZN7CTimerCC2Ev
                0x00004f94       0x18 Periphery/CTimerC.o
                0x00004f94                _ZN7CTimerCC1Ev
                0x00004f94                _ZN7CTimerCC2Ev
 .text._ZN7CTimerCD2Ev
                0x00004fac       0x10 Periphery/CTimerC.o
                0x00004fac                _ZN7CTimerCD1Ev
                0x00004fac                _ZN7CTimerCD2Ev
 .text._ZN7CTimerF10InitializeE27TIMER_WAVEFORMGEN_MODE_ENUM22TIMER_CLOCKSELECT_ENUM
                0x00004fbc       0x36 Periphery/CTimerF.o
                0x00004fbc                _ZN7CTimerF10InitializeE27TIMER_WAVEFORMGEN_MODE_ENUM22TIMER_CLOCKSELECT_ENUM
 .text._ZN7CTimerF5StartEj
                0x00004ff2       0x1a Periphery/CTimerF.o
                0x00004ff2                _ZN7CTimerF5StartEj
 .text._ZN7CTimerF4StopEv
                0x0000500c       0x10 Periphery/CTimerF.o
                0x0000500c                _ZN7CTimerF4StopEv
 .text._ZN7CTimerF13EnableChannelE19TIMER_CHANNELS_ENUM
                0x0000501c        0xc Periphery/CTimerF.o
                0x0000501c                _ZN7CTimerF13EnableChannelE19TIMER_CHANNELS_ENUM
 .text._ZN7CTimerF14DisableChannelE19TIMER_CHANNELS_ENUM
                0x00005028        0xe Periphery/CTimerF.o
                0x00005028                _ZN7CTimerF14DisableChannelE19TIMER_CHANNELS_ENUM
 .text._ZN7CTimerF10ChannelSetE19TIMER_CHANNELS_ENUM
                0x00005036       0x10 Periphery/CTimerF.o
                0x00005036                _ZN7CTimerF10ChannelSetE19TIMER_CHANNELS_ENUM
 .text._ZN7CTimerF12ChannelResetE19TIMER_CHANNELS_ENUM
                0x00005046       0x12 Periphery/CTimerF.o
                0x00005046                _ZN7CTimerF12ChannelResetE19TIMER_CHANNELS_ENUM
 .text._ZN7CTimerF9SetPeriodEj
                0x00005058        0xa Periphery/CTimerF.o
                0x00005058                _ZN7CTimerF9SetPeriodEj
 .text._ZN7CTimerF8SetCOMPAEj
                0x00005062        0xa Periphery/CTimerF.o
                0x00005062                _ZN7CTimerF8SetCOMPAEj
 .text._ZN7CTimerF8SetCOMPBEj
                0x0000506c        0xa Periphery/CTimerF.o
                0x0000506c                _ZN7CTimerF8SetCOMPBEj
 .text._ZN7CTimerF8SetCOMPCEj
                0x00005076        0xa Periphery/CTimerF.o
                0x00005076                _ZN7CTimerF8SetCOMPCEj
 .text._ZN7CTimerF8SetCOMPDEj
                0x00005080        0xa Periphery/CTimerF.o
                0x00005080                _ZN7CTimerF8SetCOMPDEj
 .text._ZN7CTimerF14SetOVFCallbackEPFvPvES0_17TC_OVFINTLVL_enum
                0x0000508a       0x24 Periphery/CTimerF.o
                0x0000508a                _ZN7CTimerF14SetOVFCallbackEPFvPvES0_17TC_OVFINTLVL_enum
 .text._ZN7CTimerF14SetERRCallbackEPFvPvES0_17TC_ERRINTLVL_enum
                0x000050ae       0x24 Periphery/CTimerF.o
                0x000050ae                _ZN7CTimerF14SetERRCallbackEPFvPvES0_17TC_ERRINTLVL_enum
 .text._ZN7CTimerF16SetCOMPACallbackEPFvPvES0_17TC_CCAINTLVL_enum
                0x000050d2       0x24 Periphery/CTimerF.o
                0x000050d2                _ZN7CTimerF16SetCOMPACallbackEPFvPvES0_17TC_CCAINTLVL_enum
 .text._ZN7CTimerF16SetCOMPBCallbackEPFvPvES0_17TC_CCBINTLVL_enum
                0x000050f6       0x24 Periphery/CTimerF.o
                0x000050f6                _ZN7CTimerF16SetCOMPBCallbackEPFvPvES0_17TC_CCBINTLVL_enum
 .text._ZN7CTimerF16SetCOMPCCallbackEPFvPvES0_17TC_CCCINTLVL_enum
                0x0000511a       0x24 Periphery/CTimerF.o
                0x0000511a                _ZN7CTimerF16SetCOMPCCallbackEPFvPvES0_17TC_CCCINTLVL_enum
 .text._ZN7CTimerF16SetCOMPDCallbackEPFvPvES0_17TC_CCDINTLVL_enum
                0x0000513e       0x24 Periphery/CTimerF.o
                0x0000513e                _ZN7CTimerF16SetCOMPDCallbackEPFvPvES0_17TC_CCDINTLVL_enum
 .text._ZN7CTimerFC2Ev
                0x00005162       0x18 Periphery/CTimerF.o
                0x00005162                _ZN7CTimerFC2Ev
                0x00005162                _ZN7CTimerFC1Ev
 .text._ZN7CTimerFD2Ev
                0x0000517a       0x10 Periphery/CTimerF.o
                0x0000517a                _ZN7CTimerFD2Ev
                0x0000517a                _ZN7CTimerFD1Ev
 .text.libgcc.div
                0x0000518a       0x28 c:/program files (x86)/atmel/studio/7.0/toolchain/avr8/avr8-gnu-toolchain/bin/../lib/gcc/avr/4.9.2/avrxmega6\libgcc.a(_udivmodhi4.o)
                0x0000518a                __udivmodhi4
 .text.libgcc.div
                0x000051b2       0x2e c:/program files (x86)/atmel/studio/7.0/toolchain/avr8/avr8-gnu-toolchain/bin/../lib/gcc/avr/4.9.2/avrxmega6\libgcc.a(_divmodsi4.o)
                0x000051b2                __divmodsi4
 .text.libgcc.div
                0x000051e0       0x10 c:/program files (x86)/atmel/studio/7.0/toolchain/avr8/avr8-gnu-toolchain/bin/../lib/gcc/avr/4.9.2/avrxmega6\libgcc.a(_negsi2.o)
                0x000051e0                __negsi2
 .text.libgcc   0x000051f0       0x10 c:/program files (x86)/atmel/studio/7.0/toolchain/avr8/avr8-gnu-toolchain/bin/../lib/gcc/avr/4.9.2/avrxmega6\libgcc.a(_tablejump2.o)
                0x000051f0                __tablejump2__
 .text.libgcc.mul
                0x00005200       0x1e c:/program files (x86)/atmel/studio/7.0/toolchain/avr8/avr8-gnu-toolchain/bin/../lib/gcc/avr/4.9.2/avrxmega6\libgcc.a(_umulhisi3.o)
                0x00005200                __umulhisi3
 .text.libgcc.div
                0x0000521e       0x44 c:/program files (x86)/atmel/studio/7.0/toolchain/avr8/avr8-gnu-toolchain/bin/../lib/gcc/avr/4.9.2/avrxmega6\libgcc.a(_udivmodsi4.o)
                0x0000521e                __udivmodsi4
 .text.avr-libc
                0x00005262      0x25a c:/program files (x86)/atmel/studio/7.0/toolchain/avr8/avr8-gnu-toolchain/bin/../lib/gcc/avr/4.9.2/../../../../avr/lib/avrxmega6\libc.a(malloc.o)
                0x00005262                malloc
                0x0000538c                free
 .text.avr-libc
                0x000054bc       0x12 c:/program files (x86)/atmel/studio/7.0/toolchain/avr8/avr8-gnu-toolchain/bin/../lib/gcc/avr/4.9.2/../../../../avr/lib/avrxmega6\libc.a(memcpy.o)
                0x000054bc                memcpy
                0x000054ce                . = ALIGN (0x2)
 *(.fini9)
 .fini9         0x000054ce        0x0 c:/program files (x86)/atmel/studio/7.0/toolchain/avr8/avr8-gnu-toolchain/bin/../lib/gcc/avr/4.9.2/avrxmega6\libgcc.a(_exit.o)
                0x000054ce                _exit
                0x000054ce                exit
 *(.fini9)
 *(.fini8)
 *(.fini8)
 *(.fini7)
 *(.fini7)
 *(.fini6)
 .fini6         0x000054ce       0x20 c:/program files (x86)/atmel/studio/7.0/toolchain/avr8/avr8-gnu-toolchain/bin/../lib/gcc/avr/4.9.2/avrxmega6\libgcc.a(_dtors.o)
                0x000054ce                __do_global_dtors
 *(.fini6)
 *(.fini5)
 *(.fini5)
 *(.fini4)
 *(.fini4)
 *(.fini3)
 *(.fini3)
 *(.fini2)
 *(.fini2)
 *(.fini1)
 *(.fini1)
 *(.fini0)
 .fini0         0x000054ee        0x4 c:/program files (x86)/atmel/studio/7.0/toolchain/avr8/avr8-gnu-toolchain/bin/../lib/gcc/avr/4.9.2/avrxmega6\libgcc.a(_exit.o)
 *(.fini0)
                0x000054f2                _etext = .

.data           0x00802000      0x176 load address 0x000054f2
                0x00802000                PROVIDE (__data_start, .)
 *(.data)
 .data          0x00802000        0x6 c:/program files (x86)/atmel/studio/7.0/toolchain/avr8/avr8-gnu-toolchain/bin/../lib/gcc/avr/4.9.2/../../../../avr/lib/avrxmega6\libc.a(malloc.o)
                0x00802000                __malloc_heap_end
                0x00802002                __malloc_heap_start
                0x00802004                __malloc_margin
 *(.data*)
 .data.bscale_table
                0x00802006       0x20 Periphery/CDGUSUSART.o
                0x00802006                bscale_table
 .data.bsel_table
                0x00802026       0x20 Periphery/CDGUSUSART.o
                0x00802026                bsel_table
 *(.rodata)
 *(.rodata*)
 .rodata.str1.1
                0x00802046       0x42 CLaserControlApp.o
 .rodata._ZTV16CLaserControlApp
                0x00802088       0x16 CLaserControlApp.o
                0x00802088                _ZTV16CLaserControlApp
 .rodata._ZTV6CTimer
                0x0080209e       0x24 LaserLib/CTimer.o
                0x0080209e                _ZTV6CTimer
 .rodata._ZTV6CUSART
                0x008020c2       0x18 LaserLib/CUSART.o
                0x008020c2                _ZTV6CUSART
 .rodata.str1.1
                0x008020da       0x21 main.o
 .rodata._ZTV9CMBSender
                0x008020fb       0x16 MODBUS/CMBSender.o
                0x008020fb                _ZTV9CMBSender
 .rodata._ZTV10CDGUSUSART
                0x00802111       0x18 Periphery/CDGUSUSART.o
                0x00802111                _ZTV10CDGUSUSART
 .rodata._ZTV7CTimerC
                0x00802129       0x24 Periphery/CTimerC.o
                0x00802129                _ZTV7CTimerC
 .rodata._ZTV7CTimerF
                0x0080214d       0x28 Periphery/CTimerF.o
                0x0080214d                _ZTV7CTimerF
 *(.gnu.linkonce.d*)
                0x00802176                . = ALIGN (0x2)
 *fill*         0x00802175        0x1 
                0x00802176                _edata = .
                0x00802176                PROVIDE (__data_end, .)

.bss            0x00802176      0xa72
                0x00802176                PROVIDE (__bss_start, .)
 *(.bss)
 *(.bss*)
 .bss._ZZN16CLaserControlApp3RunEvE23DatabaseSelectedProfile
                0x00802176        0x1 CLaserControlApp.o
 .bss._ZZN16CLaserControlApp3RunEvE11lastprofile
                0x00802177        0x2 CLaserControlApp.o
 .bss._ZZN16CLaserControlApp3RunEvE3cnt
                0x00802179        0x2 CLaserControlApp.o
 .bss.DatabaseStatusRegister
                0x0080217b        0x1 CLaserControlApp.o
                0x0080217b                DatabaseStatusRegister
 .bss.m_structDGUSDATA_Slow
                0x0080217c        0xe CLaserControlApp.o
                0x0080217c                m_structDGUSDATA_Slow
 .bss.m_structDGUSDATA_Medium
                0x0080218a        0xe CLaserControlApp.o
                0x0080218a                m_structDGUSDATA_Medium
 .bss.m_structDGUSDATA_Fast
                0x00802198        0xe CLaserControlApp.o
                0x00802198                m_structDGUSDATA_Fast
 .bss.laserTimer
                0x008021a6        0x3 CLaserControlApp.o
                0x008021a6                laserTimer
 .bss.timer     0x008021a9        0x3 CLaserControlApp.o
                0x008021a9                timer
 .bss.InterruptFuncTable
                0x008021ac       0xf6 LaserLib/intx128.o
                0x008021ac                InterruptFuncTable
 .bss.InterruptSenderTable
                0x008022a2       0xf6 LaserLib/intx128.o
                0x008022a2                InterruptSenderTable
 .bss._ZZ4mainE3prs
                0x00802398        0x2 main.o
 .bss.DATA      0x0080239a      0x800 main.o
                0x0080239a                DATA
 .bss.App       0x00802b9a       0x1c main.o
                0x00802b9a                App
 .bss.player    0x00802bb6        0x1 main.o
                0x00802bb6                player
 .bss.laserBoard
                0x00802bb7        0xa main.o
                0x00802bb7                laserBoard
 .bss.sender    0x00802bc1       0x19 main.o
                0x00802bc1                sender
 .bss.usart     0x00802bda        0x2 main.o
                0x00802bda                usart
 .bss.dacSPI    0x00802bdc        0x6 main.o
                0x00802bdc                dacSPI
 .bss.cnt       0x00802be2        0x2 MODBUS/CMBSender.o
                0x00802be2                cnt
 *(COMMON)
 COMMON         0x00802be4        0x4 c:/program files (x86)/atmel/studio/7.0/toolchain/avr8/avr8-gnu-toolchain/bin/../lib/gcc/avr/4.9.2/../../../../avr/lib/avrxmega6\libc.a(malloc.o)
                0x00802be4                __brkval
                0x00802be6                __flp
                0x00802be8                PROVIDE (__bss_end, .)
                0x000054f2                __data_load_start = LOADADDR (.data)
                0x00005668                __data_load_end = (__data_load_start + SIZEOF (.data))

.noinit         0x00802be8        0x0
                0x00802be8                PROVIDE (__noinit_start, .)
 *(.noinit*)
                0x00802be8                PROVIDE (__noinit_end, .)
                0x00802be8                _end = .
                0x00802be8                PROVIDE (__heap_start, .)

.eeprom         0x00810000        0x0
 *(.eeprom*)
                0x00810000                __eeprom_end = .

.fuse
 *(.fuse)
 *(.lfuse)
 *(.hfuse)
 *(.efuse)

.lock
 *(.lock*)

.signature
 *(.signature*)

.user_signatures
 *(.user_signatures*)

.stab
 *(.stab)

.stabstr
 *(.stabstr)

.stab.excl
 *(.stab.excl)

.stab.exclstr
 *(.stab.exclstr)

.stab.index
 *(.stab.index)

.stab.indexstr
 *(.stab.indexstr)

.comment        0x00000000       0x30
 *(.comment)
 .comment       0x00000000       0x30 CLaserControlApp.o
                                 0x31 (size before relaxing)
 .comment       0x00000030       0x31 LaserLib/CSPI.o
 .comment       0x00000030       0x31 LaserLib/CTimer.o
 .comment       0x00000030       0x31 LaserLib/CUSART.o
 .comment       0x00000030       0x31 LaserLib/intx128.o
 .comment       0x00000030       0x31 main.o
 .comment       0x00000030       0x31 MODBUS/CMBProtocol.o
 .comment       0x00000030       0x31 MODBUS/CMBSender.o
 .comment       0x00000030       0x31 Periphery/CDGUSUSART.o
 .comment       0x00000030       0x31 Periphery/CLaserBoard.o
 .comment       0x00000030       0x31 Periphery/CSoundPlayer.o
 .comment       0x00000030       0x31 Periphery/CTimerC.o
 .comment       0x00000030       0x31 Periphery/CTimerF.o
 .comment       0x00000030       0x31 c:/program files (x86)/atmel/studio/7.0/toolchain/avr8/avr8-gnu-toolchain/bin/../lib/gcc/avr/4.9.2/../../../../avr/lib/avrxmega6\libc.a(malloc.o)

.note.gnu.avr.deviceinfo
                0x00000000       0x40
 .note.gnu.avr.deviceinfo
                0x00000000       0x40 C:/Program Files (x86)/Atmel/Studio/7.0/Packs/atmel/XMEGAA_DFP/1.0.36/gcc/dev/atxmega128a3u/avrxmega6/crtatxmega128a3u.o

.note.gnu.build-id
 *(.note.gnu.build-id)

.debug
 *(.debug)

.line
 *(.line)

.debug_srcinfo
 *(.debug_srcinfo)

.debug_sfnames
 *(.debug_sfnames)

.debug_aranges  0x00000000      0x8e0
 *(.debug_aranges)
 .debug_aranges
                0x00000000       0xa8 CLaserControlApp.o
 .debug_aranges
                0x000000a8       0x58 LaserLib/CSPI.o
 .debug_aranges
                0x00000100       0x28 LaserLib/CTimer.o
 .debug_aranges
                0x00000128       0x28 LaserLib/CUSART.o
 .debug_aranges
                0x00000150      0x348 LaserLib/intx128.o
 .debug_aranges
                0x00000498       0x48 main.o
 .debug_aranges
                0x000004e0       0x50 MODBUS/CMBProtocol.o
 .debug_aranges
                0x00000530       0xf0 MODBUS/CMBSender.o
 .debug_aranges
                0x00000620       0x78 Periphery/CDGUSUSART.o
 .debug_aranges
                0x00000698       0x88 Periphery/CLaserBoard.o
 .debug_aranges
                0x00000720       0x60 Periphery/CSoundPlayer.o
 .debug_aranges
                0x00000780       0xa8 Periphery/CTimerC.o
 .debug_aranges
                0x00000828       0xb8 Periphery/CTimerF.o

.debug_pubnames
 *(.debug_pubnames)

.debug_info     0x00000000     0xcc8d
 *(.debug_info .gnu.linkonce.wi.*)
 .debug_info    0x00000000     0x2a1c CLaserControlApp.o
 .debug_info    0x00002a1c      0x7ce LaserLib/CSPI.o
 .debug_info    0x000031ea      0x6a3 LaserLib/CTimer.o
 .debug_info    0x0000388d      0x606 LaserLib/CUSART.o
 .debug_info    0x00003e93      0x91e LaserLib/intx128.o
 .debug_info    0x000047b1     0x1073 main.o
 .debug_info    0x00005824      0x595 MODBUS/CMBProtocol.o
 .debug_info    0x00005db9     0x11d9 MODBUS/CMBSender.o
 .debug_info    0x00006f92     0x1095 Periphery/CDGUSUSART.o
 .debug_info    0x00008027      0xcaf Periphery/CLaserBoard.o
 .debug_info    0x00008cd6     0x139d Periphery/CSoundPlayer.o
 .debug_info    0x0000a073     0x15ac Periphery/CTimerC.o
 .debug_info    0x0000b61f     0x166e Periphery/CTimerF.o

.debug_abbrev   0x00000000     0x2355
 *(.debug_abbrev)
 .debug_abbrev  0x00000000      0x58c CLaserControlApp.o
 .debug_abbrev  0x0000058c      0x28f LaserLib/CSPI.o
 .debug_abbrev  0x0000081b      0x182 LaserLib/CTimer.o
 .debug_abbrev  0x0000099d      0x1ed LaserLib/CUSART.o
 .debug_abbrev  0x00000b8a       0x83 LaserLib/intx128.o
 .debug_abbrev  0x00000c0d      0x3eb main.o
 .debug_abbrev  0x00000ff8      0x212 MODBUS/CMBProtocol.o
 .debug_abbrev  0x0000120a      0x39d MODBUS/CMBSender.o
 .debug_abbrev  0x000015a7      0x2d9 Periphery/CDGUSUSART.o
 .debug_abbrev  0x00001880      0x2e4 Periphery/CLaserBoard.o
 .debug_abbrev  0x00001b64      0x2b9 Periphery/CSoundPlayer.o
 .debug_abbrev  0x00001e1d      0x29c Periphery/CTimerC.o
 .debug_abbrev  0x000020b9      0x29c Periphery/CTimerF.o

.debug_line     0x00000000     0x29b0
 *(.debug_line .debug_line.* .debug_line_end)
 .debug_line    0x00000000      0x50e CLaserControlApp.o
 .debug_line    0x0000050e      0x24b LaserLib/CSPI.o
 .debug_line    0x00000759      0x136 LaserLib/CTimer.o
 .debug_line    0x0000088f      0x136 LaserLib/CUSART.o
 .debug_line    0x000009c5      0xa14 LaserLib/intx128.o
 .debug_line    0x000013d9      0x2d8 main.o
 .debug_line    0x000016b1      0x1d9 MODBUS/CMBProtocol.o
 .debug_line    0x0000188a      0x3f9 MODBUS/CMBSender.o
 .debug_line    0x00001c83      0x252 Periphery/CDGUSUSART.o
 .debug_line    0x00001ed5      0x343 Periphery/CLaserBoard.o
 .debug_line    0x00002218      0x244 Periphery/CSoundPlayer.o
 .debug_line    0x0000245c      0x299 Periphery/CTimerC.o
 .debug_line    0x000026f5      0x2bb Periphery/CTimerF.o

.debug_frame    0x00000000     0x2f78
 *(.debug_frame)
 .debug_frame   0x00000000      0x1e8 CLaserControlApp.o
 .debug_frame   0x000001e8       0xbc LaserLib/CSPI.o
 .debug_frame   0x000002a4       0x34 LaserLib/CTimer.o
 .debug_frame   0x000002d8       0x34 LaserLib/CUSART.o
 .debug_frame   0x0000030c     0x2324 LaserLib/intx128.o
 .debug_frame   0x00002630       0x94 main.o
 .debug_frame   0x000026c4       0xc4 MODBUS/CMBProtocol.o
 .debug_frame   0x00002788      0x288 MODBUS/CMBSender.o
 .debug_frame   0x00002a10       0xe8 Periphery/CDGUSUSART.o
 .debug_frame   0x00002af8      0x108 Periphery/CLaserBoard.o
 .debug_frame   0x00002c00       0xd8 Periphery/CSoundPlayer.o
 .debug_frame   0x00002cd8      0x140 Periphery/CTimerC.o
 .debug_frame   0x00002e18      0x160 Periphery/CTimerF.o

.debug_str      0x00000000     0x4d58
 *(.debug_str)
 .debug_str     0x00000000     0x14eb CLaserControlApp.o
                               0x165f (size before relaxing)
 .debug_str     0x000014eb      0x292 LaserLib/CSPI.o
                                0x6e5 (size before relaxing)
 .debug_str     0x0000177d      0x539 LaserLib/CTimer.o
                                0xa3e (size before relaxing)
 .debug_str     0x00001cb6      0x578 LaserLib/CUSART.o
                                0x7b0 (size before relaxing)
 .debug_str     0x0000222e      0x4e2 LaserLib/intx128.o
                                0x6bb (size before relaxing)
 .debug_str     0x00002710      0x176 main.o
                                0xe66 (size before relaxing)
 .debug_str     0x00002886      0x289 MODBUS/CMBProtocol.o
                                0x4eb (size before relaxing)
 .debug_str     0x00002b0f      0x58d MODBUS/CMBSender.o
                                0xa77 (size before relaxing)
 .debug_str     0x0000309c      0xcda Periphery/CDGUSUSART.o
                               0x1669 (size before relaxing)
 .debug_str     0x00003d76      0x517 Periphery/CLaserBoard.o
                                0xb10 (size before relaxing)
 .debug_str     0x0000428d      0x662 Periphery/CSoundPlayer.o
                                0xc20 (size before relaxing)
 .debug_str     0x000048ef      0x265 Periphery/CTimerC.o
                               0x1295 (size before relaxing)
 .debug_str     0x00004b54      0x204 Periphery/CTimerF.o
                               0x130b (size before relaxing)

.debug_loc      0x00000000     0x7f7a
 *(.debug_loc)
 .debug_loc     0x00000000      0x95d CLaserControlApp.o
 .debug_loc     0x0000095d      0x276 LaserLib/CSPI.o
 .debug_loc     0x00000bd3     0x50e2 LaserLib/intx128.o
 .debug_loc     0x00005cb5       0xaa main.o
 .debug_loc     0x00005d5f      0x356 MODBUS/CMBProtocol.o
 .debug_loc     0x000060b5      0xd55 MODBUS/CMBSender.o
 .debug_loc     0x00006e0a      0x210 Periphery/CDGUSUSART.o
 .debug_loc     0x0000701a      0x4c2 Periphery/CLaserBoard.o
 .debug_loc     0x000074dc      0x344 Periphery/CSoundPlayer.o
 .debug_loc     0x00007820      0x366 Periphery/CTimerC.o
 .debug_loc     0x00007b86      0x3f4 Periphery/CTimerF.o

.debug_macinfo
 *(.debug_macinfo)

.debug_weaknames
 *(.debug_weaknames)

.debug_funcnames
 *(.debug_funcnames)

.debug_typenames
 *(.debug_typenames)

.debug_varnames
 *(.debug_varnames)

.debug_pubtypes
 *(.debug_pubtypes)

.debug_ranges   0x00000000      0x840
 *(.debug_ranges)
 .debug_ranges  0x00000000       0x98 CLaserControlApp.o
 .debug_ranges  0x00000098       0x48 LaserLib/CSPI.o
 .debug_ranges  0x000000e0       0x18 LaserLib/CTimer.o
 .debug_ranges  0x000000f8       0x18 LaserLib/CUSART.o
 .debug_ranges  0x00000110      0x338 LaserLib/intx128.o
 .debug_ranges  0x00000448       0x50 main.o
 .debug_ranges  0x00000498       0x40 MODBUS/CMBProtocol.o
 .debug_ranges  0x000004d8       0xe0 MODBUS/CMBSender.o
 .debug_ranges  0x000005b8       0x68 Periphery/CDGUSUSART.o
 .debug_ranges  0x00000620       0x90 Periphery/CLaserBoard.o
 .debug_ranges  0x000006b0       0x50 Periphery/CSoundPlayer.o
 .debug_ranges  0x00000700       0x98 Periphery/CTimerC.o
 .debug_ranges  0x00000798       0xa8 Periphery/CTimerF.o

.debug_macro
 *(.debug_macro)
OUTPUT(ATxmegaLaserDiode.elf elf32-avr)
LOAD linker stubs
