Archive member included to satisfy reference by file (symbol)

c:/program files (x86)/atmel/studio/7.0/toolchain/avr8/avr8-gnu-toolchain/bin/../lib/gcc/avr/4.9.2/avrxmega6\libgcc.a(_udivmodhi4.o)
                              CLaserControlApp.o (__udivmodhi4)
c:/program files (x86)/atmel/studio/7.0/toolchain/avr8/avr8-gnu-toolchain/bin/../lib/gcc/avr/4.9.2/avrxmega6\libgcc.a(_divmodsi4.o)
                              CSoundPlayer.o (__divmodsi4)
c:/program files (x86)/atmel/studio/7.0/toolchain/avr8/avr8-gnu-toolchain/bin/../lib/gcc/avr/4.9.2/avrxmega6\libgcc.a(_negsi2.o)
                              c:/program files (x86)/atmel/studio/7.0/toolchain/avr8/avr8-gnu-toolchain/bin/../lib/gcc/avr/4.9.2/avrxmega6\libgcc.a(_divmodsi4.o) (__negsi2)
c:/program files (x86)/atmel/studio/7.0/toolchain/avr8/avr8-gnu-toolchain/bin/../lib/gcc/avr/4.9.2/avrxmega6\libgcc.a(_exit.o)
                              C:/Program Files (x86)/Atmel/Studio/7.0/Packs/atmel/XMEGAA_DFP/1.0.36/gcc/dev/atxmega128a3/avrxmega6/crtatxmega128a3.o (exit)
c:/program files (x86)/atmel/studio/7.0/toolchain/avr8/avr8-gnu-toolchain/bin/../lib/gcc/avr/4.9.2/avrxmega6\libgcc.a(_tablejump2.o)
                              CLaserControlApp.o (__tablejump2__)
c:/program files (x86)/atmel/studio/7.0/toolchain/avr8/avr8-gnu-toolchain/bin/../lib/gcc/avr/4.9.2/avrxmega6\libgcc.a(_copy_data.o)
                              CDGUSUSART.o (__do_copy_data)
c:/program files (x86)/atmel/studio/7.0/toolchain/avr8/avr8-gnu-toolchain/bin/../lib/gcc/avr/4.9.2/avrxmega6\libgcc.a(_clear_bss.o)
                              CLaserControlApp.o (__do_clear_bss)
c:/program files (x86)/atmel/studio/7.0/toolchain/avr8/avr8-gnu-toolchain/bin/../lib/gcc/avr/4.9.2/avrxmega6\libgcc.a(_ctors.o)
                              CLaserControlApp.o (__do_global_ctors)
c:/program files (x86)/atmel/studio/7.0/toolchain/avr8/avr8-gnu-toolchain/bin/../lib/gcc/avr/4.9.2/avrxmega6\libgcc.a(_dtors.o)
                              CLaserControlApp.o (__do_global_dtors)
c:/program files (x86)/atmel/studio/7.0/toolchain/avr8/avr8-gnu-toolchain/bin/../lib/gcc/avr/4.9.2/avrxmega6\libgcc.a(_umulhisi3.o)
                              CLaserControlApp.o (__umulhisi3)
c:/program files (x86)/atmel/studio/7.0/toolchain/avr8/avr8-gnu-toolchain/bin/../lib/gcc/avr/4.9.2/avrxmega6\libgcc.a(_udivmodsi4.o)
                              c:/program files (x86)/atmel/studio/7.0/toolchain/avr8/avr8-gnu-toolchain/bin/../lib/gcc/avr/4.9.2/avrxmega6\libgcc.a(_divmodsi4.o) (__udivmodsi4)
c:/program files (x86)/atmel/studio/7.0/toolchain/avr8/avr8-gnu-toolchain/bin/../lib/gcc/avr/4.9.2/../../../../avr/lib/avrxmega6\libc.a(malloc.o)
                              LaserLib/CSPI.o (malloc)
c:/program files (x86)/atmel/studio/7.0/toolchain/avr8/avr8-gnu-toolchain/bin/../lib/gcc/avr/4.9.2/../../../../avr/lib/avrxmega6\libc.a(memcpy.o)
                              LaserLib/CSPI.o (memcpy)

Allocating common symbols
Common symbol       size              file

__brkval            0x2               c:/program files (x86)/atmel/studio/7.0/toolchain/avr8/avr8-gnu-toolchain/bin/../lib/gcc/avr/4.9.2/../../../../avr/lib/avrxmega6\libc.a(malloc.o)
__flp               0x2               c:/program files (x86)/atmel/studio/7.0/toolchain/avr8/avr8-gnu-toolchain/bin/../lib/gcc/avr/4.9.2/../../../../avr/lib/avrxmega6\libc.a(malloc.o)

Discarded input sections

 .data          0x00000000        0x0 C:/Program Files (x86)/Atmel/Studio/7.0/Packs/atmel/XMEGAA_DFP/1.0.36/gcc/dev/atxmega128a3/avrxmega6/crtatxmega128a3.o
 .bss           0x00000000        0x0 C:/Program Files (x86)/Atmel/Studio/7.0/Packs/atmel/XMEGAA_DFP/1.0.36/gcc/dev/atxmega128a3/avrxmega6/crtatxmega128a3.o
 .group         0x00000000        0x8 CDGUSUSART.o
 .text          0x00000000        0x0 CDGUSUSART.o
 .data          0x00000000        0x0 CDGUSUSART.o
 .bss           0x00000000        0x0 CDGUSUSART.o
 .data.bsupport_table
                0x00000000       0x20 CDGUSUSART.o
 .text          0x00000000        0x0 CLaserBoard.o
 .data          0x00000000        0x0 CLaserBoard.o
 .bss           0x00000000        0x0 CLaserBoard.o
 .group         0x00000000        0x8 CLaserControlApp.o
 .text          0x00000000        0x0 CLaserControlApp.o
 .data          0x00000000        0x0 CLaserControlApp.o
 .bss           0x00000000        0x0 CLaserControlApp.o
 .text._Z4swapj
                0x00000000        0x8 CLaserControlApp.o
 .text._Z3minjj
                0x00000000        0xa CLaserControlApp.o
 .text._Z3maxjj
                0x00000000        0xa CLaserControlApp.o
 .text._ZN16CLaserControlApp7OnTimerEv
                0x00000000        0x2 CLaserControlApp.o
 .text._ZN16CLaserControlApp9OnTimeoutEv
                0x00000000       0x12 CLaserControlApp.o
 .text          0x00000000        0x0 CSoundPlayer.o
 .data          0x00000000        0x0 CSoundPlayer.o
 .bss           0x00000000        0x0 CSoundPlayer.o
 .group         0x00000000        0x8 CTimerC.o
 .text          0x00000000        0x0 CTimerC.o
 .data          0x00000000        0x0 CTimerC.o
 .bss           0x00000000        0x0 CTimerC.o
 .group         0x00000000        0x8 CTimerF.o
 .text          0x00000000        0x0 CTimerF.o
 .data          0x00000000        0x0 CTimerF.o
 .bss           0x00000000        0x0 CTimerF.o
 .text          0x00000000        0x0 LaserLib/CSPI.o
 .data          0x00000000        0x0 LaserLib/CSPI.o
 .bss           0x00000000        0x0 LaserLib/CSPI.o
 .text._ZN4CSPI12DeinitializeEv
                0x00000000        0xc LaserLib/CSPI.o
 .text._ZN4CSPI8SendByteEh
                0x00000000        0x6 LaserLib/CSPI.o
 .group         0x00000000        0x8 LaserLib/CTimer.o
 .text          0x00000000        0x0 LaserLib/CTimer.o
 .data          0x00000000        0x0 LaserLib/CTimer.o
 .bss           0x00000000        0x0 LaserLib/CTimer.o
 .group         0x00000000        0x8 LaserLib/CUSART.o
 .text          0x00000000        0x0 LaserLib/CUSART.o
 .data          0x00000000        0x0 LaserLib/CUSART.o
 .bss           0x00000000        0x0 LaserLib/CUSART.o
 .text          0x00000000        0x0 LaserLib/intx128.o
 .data          0x00000000        0x0 LaserLib/intx128.o
 .bss           0x00000000        0x0 LaserLib/intx128.o
 .text          0x00000000        0x0 main.o
 .data          0x00000000        0x0 main.o
 .bss           0x00000000        0x0 main.o
 .group         0x00000000        0x8 MODBUS/CMBProtocol.o
 .text          0x00000000        0x0 MODBUS/CMBProtocol.o
 .data          0x00000000        0x0 MODBUS/CMBProtocol.o
 .bss           0x00000000        0x0 MODBUS/CMBProtocol.o
 .rodata._ZTV16CMBEventsHandler
                0x00000000       0x16 MODBUS/CMBProtocol.o
 .group         0x00000000        0x8 MODBUS/CMBSender.o
 .text          0x00000000        0x0 MODBUS/CMBSender.o
 .data          0x00000000        0x0 MODBUS/CMBSender.o
 .bss           0x00000000        0x0 MODBUS/CMBSender.o
 .text._ZN9CMBSender12DeinitializeEv
                0x00000000       0x1c MODBUS/CMBSender.o
 .text._ZN9CMBSender15WriteDataToSRAMEjPjj
                0x00000000       0x6a MODBUS/CMBSender.o
 .text._ZN9CMBSender9OnTimeoutEv
                0x00000000        0xe MODBUS/CMBSender.o
 .text._ZN9CMBSender18StopMODBUSListenerEv
                0x00000000        0x8 MODBUS/CMBSender.o
 .text._ZN9CMBSender21StopMODBUSTransmitterEv
                0x00000000        0x8 MODBUS/CMBSender.o
 .text          0x00000000        0x0 c:/program files (x86)/atmel/studio/7.0/toolchain/avr8/avr8-gnu-toolchain/bin/../lib/gcc/avr/4.9.2/avrxmega6\libgcc.a(_udivmodhi4.o)
 .data          0x00000000        0x0 c:/program files (x86)/atmel/studio/7.0/toolchain/avr8/avr8-gnu-toolchain/bin/../lib/gcc/avr/4.9.2/avrxmega6\libgcc.a(_udivmodhi4.o)
 .bss           0x00000000        0x0 c:/program files (x86)/atmel/studio/7.0/toolchain/avr8/avr8-gnu-toolchain/bin/../lib/gcc/avr/4.9.2/avrxmega6\libgcc.a(_udivmodhi4.o)
 .text.libgcc.mul
                0x00000000        0x0 c:/program files (x86)/atmel/studio/7.0/toolchain/avr8/avr8-gnu-toolchain/bin/../lib/gcc/avr/4.9.2/avrxmega6\libgcc.a(_udivmodhi4.o)
 .text.libgcc   0x00000000        0x0 c:/program files (x86)/atmel/studio/7.0/toolchain/avr8/avr8-gnu-toolchain/bin/../lib/gcc/avr/4.9.2/avrxmega6\libgcc.a(_udivmodhi4.o)
 .text.libgcc.prologue
                0x00000000        0x0 c:/program files (x86)/atmel/studio/7.0/toolchain/avr8/avr8-gnu-toolchain/bin/../lib/gcc/avr/4.9.2/avrxmega6\libgcc.a(_udivmodhi4.o)
 .text.libgcc.builtins
                0x00000000        0x0 c:/program files (x86)/atmel/studio/7.0/toolchain/avr8/avr8-gnu-toolchain/bin/../lib/gcc/avr/4.9.2/avrxmega6\libgcc.a(_udivmodhi4.o)
 .text.libgcc.fmul
                0x00000000        0x0 c:/program files (x86)/atmel/studio/7.0/toolchain/avr8/avr8-gnu-toolchain/bin/../lib/gcc/avr/4.9.2/avrxmega6\libgcc.a(_udivmodhi4.o)
 .text.libgcc.fixed
                0x00000000        0x0 c:/program files (x86)/atmel/studio/7.0/toolchain/avr8/avr8-gnu-toolchain/bin/../lib/gcc/avr/4.9.2/avrxmega6\libgcc.a(_udivmodhi4.o)
 .text          0x00000000        0x0 c:/program files (x86)/atmel/studio/7.0/toolchain/avr8/avr8-gnu-toolchain/bin/../lib/gcc/avr/4.9.2/avrxmega6\libgcc.a(_divmodsi4.o)
 .data          0x00000000        0x0 c:/program files (x86)/atmel/studio/7.0/toolchain/avr8/avr8-gnu-toolchain/bin/../lib/gcc/avr/4.9.2/avrxmega6\libgcc.a(_divmodsi4.o)
 .bss           0x00000000        0x0 c:/program files (x86)/atmel/studio/7.0/toolchain/avr8/avr8-gnu-toolchain/bin/../lib/gcc/avr/4.9.2/avrxmega6\libgcc.a(_divmodsi4.o)
 .text.libgcc.mul
                0x00000000        0x0 c:/program files (x86)/atmel/studio/7.0/toolchain/avr8/avr8-gnu-toolchain/bin/../lib/gcc/avr/4.9.2/avrxmega6\libgcc.a(_divmodsi4.o)
 .text.libgcc   0x00000000        0x0 c:/program files (x86)/atmel/studio/7.0/toolchain/avr8/avr8-gnu-toolchain/bin/../lib/gcc/avr/4.9.2/avrxmega6\libgcc.a(_divmodsi4.o)
 .text.libgcc.prologue
                0x00000000        0x0 c:/program files (x86)/atmel/studio/7.0/toolchain/avr8/avr8-gnu-toolchain/bin/../lib/gcc/avr/4.9.2/avrxmega6\libgcc.a(_divmodsi4.o)
 .text.libgcc.builtins
                0x00000000        0x0 c:/program files (x86)/atmel/studio/7.0/toolchain/avr8/avr8-gnu-toolchain/bin/../lib/gcc/avr/4.9.2/avrxmega6\libgcc.a(_divmodsi4.o)
 .text.libgcc.fmul
                0x00000000        0x0 c:/program files (x86)/atmel/studio/7.0/toolchain/avr8/avr8-gnu-toolchain/bin/../lib/gcc/avr/4.9.2/avrxmega6\libgcc.a(_divmodsi4.o)
 .text.libgcc.fixed
                0x00000000        0x0 c:/program files (x86)/atmel/studio/7.0/toolchain/avr8/avr8-gnu-toolchain/bin/../lib/gcc/avr/4.9.2/avrxmega6\libgcc.a(_divmodsi4.o)
 .text          0x00000000        0x0 c:/program files (x86)/atmel/studio/7.0/toolchain/avr8/avr8-gnu-toolchain/bin/../lib/gcc/avr/4.9.2/avrxmega6\libgcc.a(_negsi2.o)
 .data          0x00000000        0x0 c:/program files (x86)/atmel/studio/7.0/toolchain/avr8/avr8-gnu-toolchain/bin/../lib/gcc/avr/4.9.2/avrxmega6\libgcc.a(_negsi2.o)
 .bss           0x00000000        0x0 c:/program files (x86)/atmel/studio/7.0/toolchain/avr8/avr8-gnu-toolchain/bin/../lib/gcc/avr/4.9.2/avrxmega6\libgcc.a(_negsi2.o)
 .text.libgcc.mul
                0x00000000        0x0 c:/program files (x86)/atmel/studio/7.0/toolchain/avr8/avr8-gnu-toolchain/bin/../lib/gcc/avr/4.9.2/avrxmega6\libgcc.a(_negsi2.o)
 .text.libgcc   0x00000000        0x0 c:/program files (x86)/atmel/studio/7.0/toolchain/avr8/avr8-gnu-toolchain/bin/../lib/gcc/avr/4.9.2/avrxmega6\libgcc.a(_negsi2.o)
 .text.libgcc.prologue
                0x00000000        0x0 c:/program files (x86)/atmel/studio/7.0/toolchain/avr8/avr8-gnu-toolchain/bin/../lib/gcc/avr/4.9.2/avrxmega6\libgcc.a(_negsi2.o)
 .text.libgcc.builtins
                0x00000000        0x0 c:/program files (x86)/atmel/studio/7.0/toolchain/avr8/avr8-gnu-toolchain/bin/../lib/gcc/avr/4.9.2/avrxmega6\libgcc.a(_negsi2.o)
 .text.libgcc.fmul
                0x00000000        0x0 c:/program files (x86)/atmel/studio/7.0/toolchain/avr8/avr8-gnu-toolchain/bin/../lib/gcc/avr/4.9.2/avrxmega6\libgcc.a(_negsi2.o)
 .text.libgcc.fixed
                0x00000000        0x0 c:/program files (x86)/atmel/studio/7.0/toolchain/avr8/avr8-gnu-toolchain/bin/../lib/gcc/avr/4.9.2/avrxmega6\libgcc.a(_negsi2.o)
 .text          0x00000000        0x0 c:/program files (x86)/atmel/studio/7.0/toolchain/avr8/avr8-gnu-toolchain/bin/../lib/gcc/avr/4.9.2/avrxmega6\libgcc.a(_exit.o)
 .data          0x00000000        0x0 c:/program files (x86)/atmel/studio/7.0/toolchain/avr8/avr8-gnu-toolchain/bin/../lib/gcc/avr/4.9.2/avrxmega6\libgcc.a(_exit.o)
 .bss           0x00000000        0x0 c:/program files (x86)/atmel/studio/7.0/toolchain/avr8/avr8-gnu-toolchain/bin/../lib/gcc/avr/4.9.2/avrxmega6\libgcc.a(_exit.o)
 .text.libgcc.mul
                0x00000000        0x0 c:/program files (x86)/atmel/studio/7.0/toolchain/avr8/avr8-gnu-toolchain/bin/../lib/gcc/avr/4.9.2/avrxmega6\libgcc.a(_exit.o)
 .text.libgcc.div
                0x00000000        0x0 c:/program files (x86)/atmel/studio/7.0/toolchain/avr8/avr8-gnu-toolchain/bin/../lib/gcc/avr/4.9.2/avrxmega6\libgcc.a(_exit.o)
 .text.libgcc   0x00000000        0x0 c:/program files (x86)/atmel/studio/7.0/toolchain/avr8/avr8-gnu-toolchain/bin/../lib/gcc/avr/4.9.2/avrxmega6\libgcc.a(_exit.o)
 .text.libgcc.prologue
                0x00000000        0x0 c:/program files (x86)/atmel/studio/7.0/toolchain/avr8/avr8-gnu-toolchain/bin/../lib/gcc/avr/4.9.2/avrxmega6\libgcc.a(_exit.o)
 .text.libgcc.builtins
                0x00000000        0x0 c:/program files (x86)/atmel/studio/7.0/toolchain/avr8/avr8-gnu-toolchain/bin/../lib/gcc/avr/4.9.2/avrxmega6\libgcc.a(_exit.o)
 .text.libgcc.fmul
                0x00000000        0x0 c:/program files (x86)/atmel/studio/7.0/toolchain/avr8/avr8-gnu-toolchain/bin/../lib/gcc/avr/4.9.2/avrxmega6\libgcc.a(_exit.o)
 .text.libgcc.fixed
                0x00000000        0x0 c:/program files (x86)/atmel/studio/7.0/toolchain/avr8/avr8-gnu-toolchain/bin/../lib/gcc/avr/4.9.2/avrxmega6\libgcc.a(_exit.o)
 .text          0x00000000        0x0 c:/program files (x86)/atmel/studio/7.0/toolchain/avr8/avr8-gnu-toolchain/bin/../lib/gcc/avr/4.9.2/avrxmega6\libgcc.a(_tablejump2.o)
 .data          0x00000000        0x0 c:/program files (x86)/atmel/studio/7.0/toolchain/avr8/avr8-gnu-toolchain/bin/../lib/gcc/avr/4.9.2/avrxmega6\libgcc.a(_tablejump2.o)
 .bss           0x00000000        0x0 c:/program files (x86)/atmel/studio/7.0/toolchain/avr8/avr8-gnu-toolchain/bin/../lib/gcc/avr/4.9.2/avrxmega6\libgcc.a(_tablejump2.o)
 .text.libgcc.mul
                0x00000000        0x0 c:/program files (x86)/atmel/studio/7.0/toolchain/avr8/avr8-gnu-toolchain/bin/../lib/gcc/avr/4.9.2/avrxmega6\libgcc.a(_tablejump2.o)
 .text.libgcc.div
                0x00000000        0x0 c:/program files (x86)/atmel/studio/7.0/toolchain/avr8/avr8-gnu-toolchain/bin/../lib/gcc/avr/4.9.2/avrxmega6\libgcc.a(_tablejump2.o)
 .text.libgcc.prologue
                0x00000000        0x0 c:/program files (x86)/atmel/studio/7.0/toolchain/avr8/avr8-gnu-toolchain/bin/../lib/gcc/avr/4.9.2/avrxmega6\libgcc.a(_tablejump2.o)
 .text.libgcc.builtins
                0x00000000        0x0 c:/program files (x86)/atmel/studio/7.0/toolchain/avr8/avr8-gnu-toolchain/bin/../lib/gcc/avr/4.9.2/avrxmega6\libgcc.a(_tablejump2.o)
 .text.libgcc.fmul
                0x00000000        0x0 c:/program files (x86)/atmel/studio/7.0/toolchain/avr8/avr8-gnu-toolchain/bin/../lib/gcc/avr/4.9.2/avrxmega6\libgcc.a(_tablejump2.o)
 .text.libgcc.fixed
                0x00000000        0x0 c:/program files (x86)/atmel/studio/7.0/toolchain/avr8/avr8-gnu-toolchain/bin/../lib/gcc/avr/4.9.2/avrxmega6\libgcc.a(_tablejump2.o)
 .text          0x00000000        0x0 c:/program files (x86)/atmel/studio/7.0/toolchain/avr8/avr8-gnu-toolchain/bin/../lib/gcc/avr/4.9.2/avrxmega6\libgcc.a(_copy_data.o)
 .data          0x00000000        0x0 c:/program files (x86)/atmel/studio/7.0/toolchain/avr8/avr8-gnu-toolchain/bin/../lib/gcc/avr/4.9.2/avrxmega6\libgcc.a(_copy_data.o)
 .bss           0x00000000        0x0 c:/program files (x86)/atmel/studio/7.0/toolchain/avr8/avr8-gnu-toolchain/bin/../lib/gcc/avr/4.9.2/avrxmega6\libgcc.a(_copy_data.o)
 .text.libgcc.mul
                0x00000000        0x0 c:/program files (x86)/atmel/studio/7.0/toolchain/avr8/avr8-gnu-toolchain/bin/../lib/gcc/avr/4.9.2/avrxmega6\libgcc.a(_copy_data.o)
 .text.libgcc.div
                0x00000000        0x0 c:/program files (x86)/atmel/studio/7.0/toolchain/avr8/avr8-gnu-toolchain/bin/../lib/gcc/avr/4.9.2/avrxmega6\libgcc.a(_copy_data.o)
 .text.libgcc   0x00000000        0x0 c:/program files (x86)/atmel/studio/7.0/toolchain/avr8/avr8-gnu-toolchain/bin/../lib/gcc/avr/4.9.2/avrxmega6\libgcc.a(_copy_data.o)
 .text.libgcc.prologue
                0x00000000        0x0 c:/program files (x86)/atmel/studio/7.0/toolchain/avr8/avr8-gnu-toolchain/bin/../lib/gcc/avr/4.9.2/avrxmega6\libgcc.a(_copy_data.o)
 .text.libgcc.builtins
                0x00000000        0x0 c:/program files (x86)/atmel/studio/7.0/toolchain/avr8/avr8-gnu-toolchain/bin/../lib/gcc/avr/4.9.2/avrxmega6\libgcc.a(_copy_data.o)
 .text.libgcc.fmul
                0x00000000        0x0 c:/program files (x86)/atmel/studio/7.0/toolchain/avr8/avr8-gnu-toolchain/bin/../lib/gcc/avr/4.9.2/avrxmega6\libgcc.a(_copy_data.o)
 .text.libgcc.fixed
                0x00000000        0x0 c:/program files (x86)/atmel/studio/7.0/toolchain/avr8/avr8-gnu-toolchain/bin/../lib/gcc/avr/4.9.2/avrxmega6\libgcc.a(_copy_data.o)
 .text          0x00000000        0x0 c:/program files (x86)/atmel/studio/7.0/toolchain/avr8/avr8-gnu-toolchain/bin/../lib/gcc/avr/4.9.2/avrxmega6\libgcc.a(_clear_bss.o)
 .data          0x00000000        0x0 c:/program files (x86)/atmel/studio/7.0/toolchain/avr8/avr8-gnu-toolchain/bin/../lib/gcc/avr/4.9.2/avrxmega6\libgcc.a(_clear_bss.o)
 .bss           0x00000000        0x0 c:/program files (x86)/atmel/studio/7.0/toolchain/avr8/avr8-gnu-toolchain/bin/../lib/gcc/avr/4.9.2/avrxmega6\libgcc.a(_clear_bss.o)
 .text.libgcc.mul
                0x00000000        0x0 c:/program files (x86)/atmel/studio/7.0/toolchain/avr8/avr8-gnu-toolchain/bin/../lib/gcc/avr/4.9.2/avrxmega6\libgcc.a(_clear_bss.o)
 .text.libgcc.div
                0x00000000        0x0 c:/program files (x86)/atmel/studio/7.0/toolchain/avr8/avr8-gnu-toolchain/bin/../lib/gcc/avr/4.9.2/avrxmega6\libgcc.a(_clear_bss.o)
 .text.libgcc   0x00000000        0x0 c:/program files (x86)/atmel/studio/7.0/toolchain/avr8/avr8-gnu-toolchain/bin/../lib/gcc/avr/4.9.2/avrxmega6\libgcc.a(_clear_bss.o)
 .text.libgcc.prologue
                0x00000000        0x0 c:/program files (x86)/atmel/studio/7.0/toolchain/avr8/avr8-gnu-toolchain/bin/../lib/gcc/avr/4.9.2/avrxmega6\libgcc.a(_clear_bss.o)
 .text.libgcc.builtins
                0x00000000        0x0 c:/program files (x86)/atmel/studio/7.0/toolchain/avr8/avr8-gnu-toolchain/bin/../lib/gcc/avr/4.9.2/avrxmega6\libgcc.a(_clear_bss.o)
 .text.libgcc.fmul
                0x00000000        0x0 c:/program files (x86)/atmel/studio/7.0/toolchain/avr8/avr8-gnu-toolchain/bin/../lib/gcc/avr/4.9.2/avrxmega6\libgcc.a(_clear_bss.o)
 .text.libgcc.fixed
                0x00000000        0x0 c:/program files (x86)/atmel/studio/7.0/toolchain/avr8/avr8-gnu-toolchain/bin/../lib/gcc/avr/4.9.2/avrxmega6\libgcc.a(_clear_bss.o)
 .text          0x00000000        0x0 c:/program files (x86)/atmel/studio/7.0/toolchain/avr8/avr8-gnu-toolchain/bin/../lib/gcc/avr/4.9.2/avrxmega6\libgcc.a(_ctors.o)
 .data          0x00000000        0x0 c:/program files (x86)/atmel/studio/7.0/toolchain/avr8/avr8-gnu-toolchain/bin/../lib/gcc/avr/4.9.2/avrxmega6\libgcc.a(_ctors.o)
 .bss           0x00000000        0x0 c:/program files (x86)/atmel/studio/7.0/toolchain/avr8/avr8-gnu-toolchain/bin/../lib/gcc/avr/4.9.2/avrxmega6\libgcc.a(_ctors.o)
 .text.libgcc.mul
                0x00000000        0x0 c:/program files (x86)/atmel/studio/7.0/toolchain/avr8/avr8-gnu-toolchain/bin/../lib/gcc/avr/4.9.2/avrxmega6\libgcc.a(_ctors.o)
 .text.libgcc.div
                0x00000000        0x0 c:/program files (x86)/atmel/studio/7.0/toolchain/avr8/avr8-gnu-toolchain/bin/../lib/gcc/avr/4.9.2/avrxmega6\libgcc.a(_ctors.o)
 .text.libgcc   0x00000000        0x0 c:/program files (x86)/atmel/studio/7.0/toolchain/avr8/avr8-gnu-toolchain/bin/../lib/gcc/avr/4.9.2/avrxmega6\libgcc.a(_ctors.o)
 .text.libgcc.prologue
                0x00000000        0x0 c:/program files (x86)/atmel/studio/7.0/toolchain/avr8/avr8-gnu-toolchain/bin/../lib/gcc/avr/4.9.2/avrxmega6\libgcc.a(_ctors.o)
 .text.libgcc.builtins
                0x00000000        0x0 c:/program files (x86)/atmel/studio/7.0/toolchain/avr8/avr8-gnu-toolchain/bin/../lib/gcc/avr/4.9.2/avrxmega6\libgcc.a(_ctors.o)
 .text.libgcc.fmul
                0x00000000        0x0 c:/program files (x86)/atmel/studio/7.0/toolchain/avr8/avr8-gnu-toolchain/bin/../lib/gcc/avr/4.9.2/avrxmega6\libgcc.a(_ctors.o)
 .text.libgcc.fixed
                0x00000000        0x0 c:/program files (x86)/atmel/studio/7.0/toolchain/avr8/avr8-gnu-toolchain/bin/../lib/gcc/avr/4.9.2/avrxmega6\libgcc.a(_ctors.o)
 .text          0x00000000        0x0 c:/program files (x86)/atmel/studio/7.0/toolchain/avr8/avr8-gnu-toolchain/bin/../lib/gcc/avr/4.9.2/avrxmega6\libgcc.a(_dtors.o)
 .data          0x00000000        0x0 c:/program files (x86)/atmel/studio/7.0/toolchain/avr8/avr8-gnu-toolchain/bin/../lib/gcc/avr/4.9.2/avrxmega6\libgcc.a(_dtors.o)
 .bss           0x00000000        0x0 c:/program files (x86)/atmel/studio/7.0/toolchain/avr8/avr8-gnu-toolchain/bin/../lib/gcc/avr/4.9.2/avrxmega6\libgcc.a(_dtors.o)
 .text.libgcc.mul
                0x00000000        0x0 c:/program files (x86)/atmel/studio/7.0/toolchain/avr8/avr8-gnu-toolchain/bin/../lib/gcc/avr/4.9.2/avrxmega6\libgcc.a(_dtors.o)
 .text.libgcc.div
                0x00000000        0x0 c:/program files (x86)/atmel/studio/7.0/toolchain/avr8/avr8-gnu-toolchain/bin/../lib/gcc/avr/4.9.2/avrxmega6\libgcc.a(_dtors.o)
 .text.libgcc   0x00000000        0x0 c:/program files (x86)/atmel/studio/7.0/toolchain/avr8/avr8-gnu-toolchain/bin/../lib/gcc/avr/4.9.2/avrxmega6\libgcc.a(_dtors.o)
 .text.libgcc.prologue
                0x00000000        0x0 c:/program files (x86)/atmel/studio/7.0/toolchain/avr8/avr8-gnu-toolchain/bin/../lib/gcc/avr/4.9.2/avrxmega6\libgcc.a(_dtors.o)
 .text.libgcc.builtins
                0x00000000        0x0 c:/program files (x86)/atmel/studio/7.0/toolchain/avr8/avr8-gnu-toolchain/bin/../lib/gcc/avr/4.9.2/avrxmega6\libgcc.a(_dtors.o)
 .text.libgcc.fmul
                0x00000000        0x0 c:/program files (x86)/atmel/studio/7.0/toolchain/avr8/avr8-gnu-toolchain/bin/../lib/gcc/avr/4.9.2/avrxmega6\libgcc.a(_dtors.o)
 .text.libgcc.fixed
                0x00000000        0x0 c:/program files (x86)/atmel/studio/7.0/toolchain/avr8/avr8-gnu-toolchain/bin/../lib/gcc/avr/4.9.2/avrxmega6\libgcc.a(_dtors.o)
 .text          0x00000000        0x0 c:/program files (x86)/atmel/studio/7.0/toolchain/avr8/avr8-gnu-toolchain/bin/../lib/gcc/avr/4.9.2/avrxmega6\libgcc.a(_umulhisi3.o)
 .data          0x00000000        0x0 c:/program files (x86)/atmel/studio/7.0/toolchain/avr8/avr8-gnu-toolchain/bin/../lib/gcc/avr/4.9.2/avrxmega6\libgcc.a(_umulhisi3.o)
 .bss           0x00000000        0x0 c:/program files (x86)/atmel/studio/7.0/toolchain/avr8/avr8-gnu-toolchain/bin/../lib/gcc/avr/4.9.2/avrxmega6\libgcc.a(_umulhisi3.o)
 .text.libgcc.div
                0x00000000        0x0 c:/program files (x86)/atmel/studio/7.0/toolchain/avr8/avr8-gnu-toolchain/bin/../lib/gcc/avr/4.9.2/avrxmega6\libgcc.a(_umulhisi3.o)
 .text.libgcc   0x00000000        0x0 c:/program files (x86)/atmel/studio/7.0/toolchain/avr8/avr8-gnu-toolchain/bin/../lib/gcc/avr/4.9.2/avrxmega6\libgcc.a(_umulhisi3.o)
 .text.libgcc.prologue
                0x00000000        0x0 c:/program files (x86)/atmel/studio/7.0/toolchain/avr8/avr8-gnu-toolchain/bin/../lib/gcc/avr/4.9.2/avrxmega6\libgcc.a(_umulhisi3.o)
 .text.libgcc.builtins
                0x00000000        0x0 c:/program files (x86)/atmel/studio/7.0/toolchain/avr8/avr8-gnu-toolchain/bin/../lib/gcc/avr/4.9.2/avrxmega6\libgcc.a(_umulhisi3.o)
 .text.libgcc.fmul
                0x00000000        0x0 c:/program files (x86)/atmel/studio/7.0/toolchain/avr8/avr8-gnu-toolchain/bin/../lib/gcc/avr/4.9.2/avrxmega6\libgcc.a(_umulhisi3.o)
 .text.libgcc.fixed
                0x00000000        0x0 c:/program files (x86)/atmel/studio/7.0/toolchain/avr8/avr8-gnu-toolchain/bin/../lib/gcc/avr/4.9.2/avrxmega6\libgcc.a(_umulhisi3.o)
 .text          0x00000000        0x0 c:/program files (x86)/atmel/studio/7.0/toolchain/avr8/avr8-gnu-toolchain/bin/../lib/gcc/avr/4.9.2/avrxmega6\libgcc.a(_udivmodsi4.o)
 .data          0x00000000        0x0 c:/program files (x86)/atmel/studio/7.0/toolchain/avr8/avr8-gnu-toolchain/bin/../lib/gcc/avr/4.9.2/avrxmega6\libgcc.a(_udivmodsi4.o)
 .bss           0x00000000        0x0 c:/program files (x86)/atmel/studio/7.0/toolchain/avr8/avr8-gnu-toolchain/bin/../lib/gcc/avr/4.9.2/avrxmega6\libgcc.a(_udivmodsi4.o)
 .text.libgcc.mul
                0x00000000        0x0 c:/program files (x86)/atmel/studio/7.0/toolchain/avr8/avr8-gnu-toolchain/bin/../lib/gcc/avr/4.9.2/avrxmega6\libgcc.a(_udivmodsi4.o)
 .text.libgcc   0x00000000        0x0 c:/program files (x86)/atmel/studio/7.0/toolchain/avr8/avr8-gnu-toolchain/bin/../lib/gcc/avr/4.9.2/avrxmega6\libgcc.a(_udivmodsi4.o)
 .text.libgcc.prologue
                0x00000000        0x0 c:/program files (x86)/atmel/studio/7.0/toolchain/avr8/avr8-gnu-toolchain/bin/../lib/gcc/avr/4.9.2/avrxmega6\libgcc.a(_udivmodsi4.o)
 .text.libgcc.builtins
                0x00000000        0x0 c:/program files (x86)/atmel/studio/7.0/toolchain/avr8/avr8-gnu-toolchain/bin/../lib/gcc/avr/4.9.2/avrxmega6\libgcc.a(_udivmodsi4.o)
 .text.libgcc.fmul
                0x00000000        0x0 c:/program files (x86)/atmel/studio/7.0/toolchain/avr8/avr8-gnu-toolchain/bin/../lib/gcc/avr/4.9.2/avrxmega6\libgcc.a(_udivmodsi4.o)
 .text.libgcc.fixed
                0x00000000        0x0 c:/program files (x86)/atmel/studio/7.0/toolchain/avr8/avr8-gnu-toolchain/bin/../lib/gcc/avr/4.9.2/avrxmega6\libgcc.a(_udivmodsi4.o)
 .text          0x00000000        0x0 c:/program files (x86)/atmel/studio/7.0/toolchain/avr8/avr8-gnu-toolchain/bin/../lib/gcc/avr/4.9.2/../../../../avr/lib/avrxmega6\libc.a(malloc.o)
 .bss           0x00000000        0x0 c:/program files (x86)/atmel/studio/7.0/toolchain/avr8/avr8-gnu-toolchain/bin/../lib/gcc/avr/4.9.2/../../../../avr/lib/avrxmega6\libc.a(malloc.o)
 .text          0x00000000        0x0 c:/program files (x86)/atmel/studio/7.0/toolchain/avr8/avr8-gnu-toolchain/bin/../lib/gcc/avr/4.9.2/../../../../avr/lib/avrxmega6\libc.a(memcpy.o)
 .data          0x00000000        0x0 c:/program files (x86)/atmel/studio/7.0/toolchain/avr8/avr8-gnu-toolchain/bin/../lib/gcc/avr/4.9.2/../../../../avr/lib/avrxmega6\libc.a(memcpy.o)
 .bss           0x00000000        0x0 c:/program files (x86)/atmel/studio/7.0/toolchain/avr8/avr8-gnu-toolchain/bin/../lib/gcc/avr/4.9.2/../../../../avr/lib/avrxmega6\libc.a(memcpy.o)

Memory Configuration

Name             Origin             Length             Attributes
text             0x00000000         0x00100000         xr
data             0x00802000         0x0000ffa0         rw !x
eeprom           0x00810000         0x00010000         rw !x
fuse             0x00820000         0x00000400         rw !x
lock             0x00830000         0x00000400         rw !x
signature        0x00840000         0x00000400         rw !x
user_signatures  0x00850000         0x00000400         rw !x
*default*        0x00000000         0xffffffff

Linker script and memory map

LOAD C:/Program Files (x86)/Atmel/Studio/7.0/Packs/atmel/XMEGAA_DFP/1.0.36/gcc/dev/atxmega128a3/avrxmega6/crtatxmega128a3.o
LOAD CDGUSUSART.o
LOAD CLaserBoard.o
LOAD CLaserControlApp.o
LOAD CSoundPlayer.o
LOAD CTimerC.o
LOAD CTimerF.o
LOAD LaserLib/CSPI.o
LOAD LaserLib/CTimer.o
LOAD LaserLib/CUSART.o
LOAD LaserLib/intx128.o
LOAD main.o
LOAD MODBUS/CMBProtocol.o
LOAD MODBUS/CMBSender.o
START GROUP
LOAD c:/program files (x86)/atmel/studio/7.0/toolchain/avr8/avr8-gnu-toolchain/bin/../lib/gcc/avr/4.9.2/../../../../avr/lib/avrxmega6\libm.a
END GROUP
LOAD c:/program files (x86)/atmel/studio/7.0/toolchain/avr8/avr8-gnu-toolchain/bin/../lib/gcc/avr/4.9.2/avrxmega6\libgcc.a
LOAD c:/program files (x86)/atmel/studio/7.0/toolchain/avr8/avr8-gnu-toolchain/bin/../lib/gcc/avr/4.9.2/../../../../avr/lib/avrxmega6\libm.a
START GROUP
LOAD c:/program files (x86)/atmel/studio/7.0/toolchain/avr8/avr8-gnu-toolchain/bin/../lib/gcc/avr/4.9.2/avrxmega6\libgcc.a
LOAD c:/program files (x86)/atmel/studio/7.0/toolchain/avr8/avr8-gnu-toolchain/bin/../lib/gcc/avr/4.9.2/../../../../avr/lib/avrxmega6\libm.a
LOAD c:/program files (x86)/atmel/studio/7.0/toolchain/avr8/avr8-gnu-toolchain/bin/../lib/gcc/avr/4.9.2/../../../../avr/lib/avrxmega6\libc.a
LOAD C:/Program Files (x86)/Atmel/Studio/7.0/Packs/atmel/XMEGAA_DFP/1.0.36/gcc/dev/atxmega128a3/avrxmega6\libatxmega128a3.a
END GROUP

.hash
 *(.hash)

.dynsym
 *(.dynsym)

.dynstr
 *(.dynstr)

.gnu.version
 *(.gnu.version)

.gnu.version_d
 *(.gnu.version_d)

.gnu.version_r
 *(.gnu.version_r)

.rel.init
 *(.rel.init)

.rela.init
 *(.rela.init)

.rel.text
 *(.rel.text)
 *(.rel.text.*)
 *(.rel.gnu.linkonce.t*)

.rela.text
 *(.rela.text)
 *(.rela.text.*)
 *(.rela.gnu.linkonce.t*)

.rel.fini
 *(.rel.fini)

.rela.fini
 *(.rela.fini)

.rel.rodata
 *(.rel.rodata)
 *(.rel.rodata.*)
 *(.rel.gnu.linkonce.r*)

.rela.rodata
 *(.rela.rodata)
 *(.rela.rodata.*)
 *(.rela.gnu.linkonce.r*)

.rel.data
 *(.rel.data)
 *(.rel.data.*)
 *(.rel.gnu.linkonce.d*)

.rela.data
 *(.rela.data)
 *(.rela.data.*)
 *(.rela.gnu.linkonce.d*)

.rel.ctors
 *(.rel.ctors)

.rela.ctors
 *(.rela.ctors)

.rel.dtors
 *(.rel.dtors)

.rela.dtors
 *(.rela.dtors)

.rel.got
 *(.rel.got)

.rela.got
 *(.rela.got)

.rel.bss
 *(.rel.bss)

.rela.bss
 *(.rela.bss)

.rel.plt
 *(.rel.plt)

.rela.plt
 *(.rela.plt)

.text           0x00000000     0x5532
 *(.vectors)
 .vectors       0x00000000      0x1e8 C:/Program Files (x86)/Atmel/Studio/7.0/Packs/atmel/XMEGAA_DFP/1.0.36/gcc/dev/atxmega128a3/avrxmega6/crtatxmega128a3.o
                0x00000000                __vector_default
                0x00000000                __vectors
 *(.vectors)
 *(.progmem.gcc*)
 .progmem.gcc_sw_table._ZN16CLaserControlApp18OnRegisterReceivedEhPhh
                0x000001e8       0x28 CLaserControlApp.o
 .progmem.gcc_sw_table._ZN16CLaserControlApp3RunEv
                0x00000210       0x40 CLaserControlApp.o
 .progmem.gcc_sw_table._ZN9CMBSender13OnReceiveByteEh
                0x00000250       0x16 MODBUS/CMBSender.o
                0x00000266                . = ALIGN (0x2)
                0x00000266                __trampolines_start = .
 *(.trampolines)
 .trampolines   0x00000266      0x1c4 linker stubs
 *(.trampolines*)
                0x0000042a                __trampolines_end = .
 *(.progmem*)
                0x0000042a                . = ALIGN (0x2)
 *(.jumptables)
 *(.jumptables*)
 *(.lowtext)
 *(.lowtext*)
                0x0000042a                __ctors_start = .
 *(.ctors)
 .ctors         0x0000042a        0x2 CLaserControlApp.o
 .ctors         0x0000042c        0x2 main.o
                0x0000042e                __ctors_end = .
                0x0000042e                __dtors_start = .
 *(.dtors)
 .dtors         0x0000042e        0x2 CLaserControlApp.o
 .dtors         0x00000430        0x2 main.o
                0x00000432                __dtors_end = .
 SORT(*)(.ctors)
 SORT(*)(.dtors)
 *(.init0)
 .init0         0x00000432        0x0 C:/Program Files (x86)/Atmel/Studio/7.0/Packs/atmel/XMEGAA_DFP/1.0.36/gcc/dev/atxmega128a3/avrxmega6/crtatxmega128a3.o
                0x00000432                __init
 *(.init0)
 *(.init1)
 *(.init1)
 *(.init2)
 .init2         0x00000432       0x10 C:/Program Files (x86)/Atmel/Studio/7.0/Packs/atmel/XMEGAA_DFP/1.0.36/gcc/dev/atxmega128a3/avrxmega6/crtatxmega128a3.o
 *(.init2)
 *(.init3)
 *(.init3)
 *(.init4)
 .init4         0x00000442       0x1a c:/program files (x86)/atmel/studio/7.0/toolchain/avr8/avr8-gnu-toolchain/bin/../lib/gcc/avr/4.9.2/avrxmega6\libgcc.a(_copy_data.o)
                0x00000442                __do_copy_data
 .init4         0x0000045c       0x10 c:/program files (x86)/atmel/studio/7.0/toolchain/avr8/avr8-gnu-toolchain/bin/../lib/gcc/avr/4.9.2/avrxmega6\libgcc.a(_clear_bss.o)
                0x0000045c                __do_clear_bss
 *(.init4)
 *(.init5)
 *(.init5)
 *(.init6)
 .init6         0x0000046c       0x20 c:/program files (x86)/atmel/studio/7.0/toolchain/avr8/avr8-gnu-toolchain/bin/../lib/gcc/avr/4.9.2/avrxmega6\libgcc.a(_ctors.o)
                0x0000046c                __do_global_ctors
 *(.init6)
 *(.init7)
 *(.init7)
 *(.init8)
 *(.init8)
 *(.init9)
 .init9         0x0000048c        0x8 C:/Program Files (x86)/Atmel/Studio/7.0/Packs/atmel/XMEGAA_DFP/1.0.36/gcc/dev/atxmega128a3/avrxmega6/crtatxmega128a3.o
 *(.init9)
 *(.text)
 .text          0x00000494        0x4 C:/Program Files (x86)/Atmel/Studio/7.0/Packs/atmel/XMEGAA_DFP/1.0.36/gcc/dev/atxmega128a3/avrxmega6/crtatxmega128a3.o
                0x00000494                __vector_75
                0x00000494                __vector_102
                0x00000494                __bad_interrupt
                0x00000494                __vector_114
                0x00000494                __vector_117
                0x00000494                __vector_107
                0x00000494                __vector_98
                0x00000494                __vector_99
                0x00000494                __vector_100
                0x00000494                __vector_101
                0x00000494                __vector_76
                0x00000494                __vector_115
                0x00000494                __vector_95
                0x00000494                __vector_103
                0x00000494                __vector_96
                0x00000494                __vector_106
                0x00000494                __vector_118
                0x00000494                __vector_94
                0x00000494                __vector_116
                0x00000494                __vector_97
                0x00000498                . = ALIGN (0x2)
 *(.text.*)
 .text._ZN10CDGUSUSART10InitializeE13BAUDRATE_ENUM11PARITY_ENUM12STOBITS_ENUMb
                0x00000498       0x76 CDGUSUSART.o
                0x00000498                _ZN10CDGUSUSART10InitializeE13BAUDRATE_ENUM11PARITY_ENUM12STOBITS_ENUMb
 .text._ZN10CDGUSUSART15GetReceivedByteEv
                0x0000050e        0x6 CDGUSUSART.o
                0x0000050e                _ZN10CDGUSUSART15GetReceivedByteEv
 .text._ZN10CDGUSUSART19SetTransmittingByteEh
                0x00000514        0x6 CDGUSUSART.o
                0x00000514                _ZN10CDGUSUSART19SetTransmittingByteEh
 .text._ZN10CDGUSUSART14IsTransmittingEv
                0x0000051a       0x10 CDGUSUSART.o
                0x0000051a                _ZN10CDGUSUSART14IsTransmittingEv
 .text._ZN10CDGUSUSART11IsReceivingEv
                0x0000052a        0xe CDGUSUSART.o
                0x0000052a                _ZN10CDGUSUSART11IsReceivingEv
 .text._ZN10CDGUSUSART11IsDataEmptyEv
                0x00000538       0x10 CDGUSUSART.o
                0x00000538                _ZN10CDGUSUSART11IsDataEmptyEv
 .text._ZN10CDGUSUSART25SetRxInterruptionCallbackEPvPFvS0_E
                0x00000548       0x12 CDGUSUSART.o
                0x00000548                _ZN10CDGUSUSART25SetRxInterruptionCallbackEPvPFvS0_E
 .text._ZN10CDGUSUSART25SetTxInterruptionCallbackEPvPFvS0_E
                0x0000055a       0x12 CDGUSUSART.o
                0x0000055a                _ZN10CDGUSUSART25SetTxInterruptionCallbackEPvPFvS0_E
 .text._ZN10CDGUSUSART12SetDMARxTrigEP13DMA_CH_struct
                0x0000056c       0x12 CDGUSUSART.o
                0x0000056c                _ZN10CDGUSUSART12SetDMARxTrigEP13DMA_CH_struct
 .text._ZN10CDGUSUSART12SetDMATxTrigEP13DMA_CH_struct
                0x0000057e       0x12 CDGUSUSART.o
                0x0000057e                _ZN10CDGUSUSART12SetDMATxTrigEP13DMA_CH_struct
 .text._ZN10CDGUSUSARTC2Ev
                0x00000590       0x18 CDGUSUSART.o
                0x00000590                _ZN10CDGUSUSARTC1Ev
                0x00000590                _ZN10CDGUSUSARTC2Ev
 .text._ZN10CDGUSUSARTD2Ev
                0x000005a8       0x10 CDGUSUSART.o
                0x000005a8                _ZN10CDGUSUSARTD2Ev
                0x000005a8                _ZN10CDGUSUSARTD1Ev
 .text._ZN11CLaserBoardC2Ev
                0x000005b8        0x2 CLaserBoard.o
                0x000005b8                _ZN11CLaserBoardC1Ev
                0x000005b8                _ZN11CLaserBoardC2Ev
 .text._ZN11CLaserBoardD2Ev
                0x000005ba        0x2 CLaserBoard.o
                0x000005ba                _ZN11CLaserBoardD2Ev
                0x000005ba                _ZN11CLaserBoardD1Ev
 .text._ZN11CLaserBoard12InitializeIOEv
                0x000005bc       0xae CLaserBoard.o
                0x000005bc                _ZN11CLaserBoard12InitializeIOEv
 .text._ZN11CLaserBoard15InitializeClockEv
                0x0000066a       0x6a CLaserBoard.o
                0x0000066a                _ZN11CLaserBoard15InitializeClockEv
 .text._ZN11CLaserBoard8Relay1OnEv
                0x000006d4        0x8 CLaserBoard.o
                0x000006d4                _ZN11CLaserBoard8Relay1OnEv
 .text._ZN11CLaserBoard8Relay2OnEv
                0x000006dc        0x8 CLaserBoard.o
                0x000006dc                _ZN11CLaserBoard8Relay2OnEv
 .text._ZN11CLaserBoard9Relay1OffEv
                0x000006e4        0x8 CLaserBoard.o
                0x000006e4                _ZN11CLaserBoard9Relay1OffEv
 .text._ZN11CLaserBoard9Relay2OffEv
                0x000006ec        0x8 CLaserBoard.o
                0x000006ec                _ZN11CLaserBoard9Relay2OffEv
 .text._ZN11CLaserBoard12LaserPowerOnEv
                0x000006f4        0x8 CLaserBoard.o
                0x000006f4                _ZN11CLaserBoard12LaserPowerOnEv
 .text._ZN11CLaserBoard13LaserPowerOffEv
                0x000006fc        0x8 CLaserBoard.o
                0x000006fc                _ZN11CLaserBoard13LaserPowerOffEv
 .text._ZN11CLaserBoard4BeepEv
                0x00000704       0x30 CLaserBoard.o
                0x00000704                _ZN11CLaserBoard4BeepEv
 .text._ZN11CLaserBoard14BeepClassErrorEv
                0x00000734       0x54 CLaserBoard.o
                0x00000734                _ZN11CLaserBoard14BeepClassErrorEv
 .text._ZN11CLaserBoard9PortCheckEv
                0x00000788       0x72 CLaserBoard.o
                0x00000788                _ZN11CLaserBoard9PortCheckEv
 .text._ZN11CLaserBoard10FootswitchEv
                0x000007fa        0x8 CLaserBoard.o
                0x000007fa                _ZN11CLaserBoard10FootswitchEv
 .text._ZN16CLaserControlApp21OnTransactionCallbackEPhj
                0x00000802        0x2 CLaserControlApp.o
                0x00000802                _ZN16CLaserControlApp21OnTransactionCallbackEPhj
 .text._ZN16CLaserControlApp18OnRegisterReceivedEhPhh
                0x00000804      0x12e CLaserControlApp.o
                0x00000804                _ZN16CLaserControlApp18OnRegisterReceivedEhPhh
 .text._ZN16CLaserControlApp13OnTimerStaticEPv
                0x00000932        0x2 CLaserControlApp.o
                0x00000932                _ZN16CLaserControlApp13OnTimerStaticEPv
 .text._Z11ConvertDataPvS_jj
                0x00000934       0x58 CLaserControlApp.o
                0x00000934                _Z11ConvertDataPvS_jj
 .text._ZN16CLaserControlApp18OnVariableReceivedEjPjj
                0x0000098c       0x86 CLaserControlApp.o
                0x0000098c                _ZN16CLaserControlApp18OnVariableReceivedEjPjj
 .text._ZN16CLaserControlAppC2Ev
                0x00000a12        0xc CLaserControlApp.o
                0x00000a12                _ZN16CLaserControlAppC2Ev
                0x00000a12                _ZN16CLaserControlAppC1Ev
 .text._ZN16CLaserControlAppD2Ev
                0x00000a1e       0x10 CLaserControlApp.o
                0x00000a1e                _ZN16CLaserControlAppD2Ev
                0x00000a1e                _ZN16CLaserControlAppD1Ev
 .text._ZN16CLaserControlApp5StartEv
                0x00000a2e       0x6c CLaserControlApp.o
                0x00000a2e                _ZN16CLaserControlApp5StartEv
 .text._ZN16CLaserControlApp12OnLaserTimerEv
                0x00000a9a       0x22 CLaserControlApp.o
                0x00000a9a                _ZN16CLaserControlApp12OnLaserTimerEv
 .text._ZN16CLaserControlApp18OnLaserTimerStaticEPv
                0x00000abc        0x6 CLaserControlApp.o
                0x00000abc                _ZN16CLaserControlApp18OnLaserTimerStaticEPv
 .text._GLOBAL__sub_I_timer
                0x00000ac2       0x12 CLaserControlApp.o
 .text._GLOBAL__sub_D_timer
                0x00000ad4       0x12 CLaserControlApp.o
 .text._ZN16CLaserControlApp10InitializeEP9CMBSender
                0x00000ae6      0x36a CLaserControlApp.o
                0x00000ae6                _ZN16CLaserControlApp10InitializeEP9CMBSender
 .text._ZN16CLaserControlApp3RunEv
                0x00000e50      0xd20 CLaserControlApp.o
                0x00000e50                _ZN16CLaserControlApp3RunEv
 .text._ZN12CSoundPlayerC2Ev
                0x00001b70        0x2 CSoundPlayer.o
                0x00001b70                _ZN12CSoundPlayerC2Ev
                0x00001b70                _ZN12CSoundPlayerC1Ev
 .text._ZN12CSoundPlayerD2Ev
                0x00001b72        0x2 CSoundPlayer.o
                0x00001b72                _ZN12CSoundPlayerD1Ev
                0x00001b72                _ZN12CSoundPlayerD2Ev
 .text._ZN12CSoundPlayer19InitializeToneTimerEv
                0x00001b74       0x22 CSoundPlayer.o
                0x00001b74                _ZN12CSoundPlayer19InitializeToneTimerEv
 .text._ZN12CSoundPlayer23InitializeDurationTimerEv
                0x00001b96       0x18 CSoundPlayer.o
                0x00001b96                _ZN12CSoundPlayer23InitializeDurationTimerEv
 .text._ZN12CSoundPlayer10SoundStartEjjh
                0x00001bae       0x68 CSoundPlayer.o
                0x00001bae                _ZN12CSoundPlayer10SoundStartEjjh
 .text._ZN12CSoundPlayer9SoundStopEv
                0x00001c16       0x3c CSoundPlayer.o
                0x00001c16                _ZN12CSoundPlayer9SoundStopEv
 .text._ZN12CSoundPlayer4beepEjj
                0x00001c52       0x18 CSoundPlayer.o
                0x00001c52                _ZN12CSoundPlayer4beepEjj
 .text._ZN12CSoundPlayer10InitializeEv
                0x00001c6a       0x16 CSoundPlayer.o
                0x00001c6a                _ZN12CSoundPlayer10InitializeEv
 .text._ZN12CSoundPlayer4PlayEv
                0x00001c80       0x9e CSoundPlayer.o
                0x00001c80                _ZN12CSoundPlayer4PlayEv
 .text._ZN7CTimerC10InitializeE27TIMER_WAVEFORMGEN_MODE_ENUM22TIMER_CLOCKSELECT_ENUM
                0x00001d1e       0x36 CTimerC.o
                0x00001d1e                _ZN7CTimerC10InitializeE27TIMER_WAVEFORMGEN_MODE_ENUM22TIMER_CLOCKSELECT_ENUM
 .text._ZN7CTimerC5StartEj
                0x00001d54       0x1a CTimerC.o
                0x00001d54                _ZN7CTimerC5StartEj
 .text._ZN7CTimerC4StopEv
                0x00001d6e       0x10 CTimerC.o
                0x00001d6e                _ZN7CTimerC4StopEv
 .text._ZN7CTimerC13EnableChannelE19TIMER_CHANNELS_ENUM
                0x00001d7e        0xe CTimerC.o
                0x00001d7e                _ZN7CTimerC13EnableChannelE19TIMER_CHANNELS_ENUM
 .text._ZN7CTimerC14DisableChannelE19TIMER_CHANNELS_ENUM
                0x00001d8c        0xe CTimerC.o
                0x00001d8c                _ZN7CTimerC14DisableChannelE19TIMER_CHANNELS_ENUM
 .text._ZN7CTimerC9SetPeriodEj
                0x00001d9a        0xa CTimerC.o
                0x00001d9a                _ZN7CTimerC9SetPeriodEj
 .text._ZN7CTimerC8SetCOMPAEj
                0x00001da4        0xa CTimerC.o
                0x00001da4                _ZN7CTimerC8SetCOMPAEj
 .text._ZN7CTimerC8SetCOMPBEj
                0x00001dae        0xa CTimerC.o
                0x00001dae                _ZN7CTimerC8SetCOMPBEj
 .text._ZN7CTimerC8SetCOMPCEj
                0x00001db8        0xa CTimerC.o
                0x00001db8                _ZN7CTimerC8SetCOMPCEj
 .text._ZN7CTimerC8SetCOMPDEj
                0x00001dc2        0xa CTimerC.o
                0x00001dc2                _ZN7CTimerC8SetCOMPDEj
 .text._ZN7CTimerC14SetOVFCallbackEPFvPvES0_17TC_OVFINTLVL_enum
                0x00001dcc       0x24 CTimerC.o
                0x00001dcc                _ZN7CTimerC14SetOVFCallbackEPFvPvES0_17TC_OVFINTLVL_enum
 .text._ZN7CTimerC14SetERRCallbackEPFvPvES0_17TC_ERRINTLVL_enum
                0x00001df0       0x24 CTimerC.o
                0x00001df0                _ZN7CTimerC14SetERRCallbackEPFvPvES0_17TC_ERRINTLVL_enum
 .text._ZN7CTimerC16SetCOMPACallbackEPFvPvES0_17TC_CCAINTLVL_enum
                0x00001e14       0x24 CTimerC.o
                0x00001e14                _ZN7CTimerC16SetCOMPACallbackEPFvPvES0_17TC_CCAINTLVL_enum
 .text._ZN7CTimerC16SetCOMPBCallbackEPFvPvES0_17TC_CCBINTLVL_enum
                0x00001e38       0x24 CTimerC.o
                0x00001e38                _ZN7CTimerC16SetCOMPBCallbackEPFvPvES0_17TC_CCBINTLVL_enum
 .text._ZN7CTimerC16SetCOMPCCallbackEPFvPvES0_17TC_CCCINTLVL_enum
                0x00001e5c       0x24 CTimerC.o
                0x00001e5c                _ZN7CTimerC16SetCOMPCCallbackEPFvPvES0_17TC_CCCINTLVL_enum
 .text._ZN7CTimerC16SetCOMPDCallbackEPFvPvES0_17TC_CCDINTLVL_enum
                0x00001e80       0x24 CTimerC.o
                0x00001e80                _ZN7CTimerC16SetCOMPDCallbackEPFvPvES0_17TC_CCDINTLVL_enum
 .text._ZN7CTimerCC2Ev
                0x00001ea4       0x18 CTimerC.o
                0x00001ea4                _ZN7CTimerCC1Ev
                0x00001ea4                _ZN7CTimerCC2Ev
 .text._ZN7CTimerCD2Ev
                0x00001ebc       0x10 CTimerC.o
                0x00001ebc                _ZN7CTimerCD1Ev
                0x00001ebc                _ZN7CTimerCD2Ev
 .text._ZN7CTimerF10InitializeE27TIMER_WAVEFORMGEN_MODE_ENUM22TIMER_CLOCKSELECT_ENUM
                0x00001ecc       0x36 CTimerF.o
                0x00001ecc                _ZN7CTimerF10InitializeE27TIMER_WAVEFORMGEN_MODE_ENUM22TIMER_CLOCKSELECT_ENUM
 .text._ZN7CTimerF5StartEj
                0x00001f02       0x1a CTimerF.o
                0x00001f02                _ZN7CTimerF5StartEj
 .text._ZN7CTimerF4StopEv
                0x00001f1c       0x10 CTimerF.o
                0x00001f1c                _ZN7CTimerF4StopEv
 .text._ZN7CTimerF13EnableChannelE19TIMER_CHANNELS_ENUM
                0x00001f2c        0xc CTimerF.o
                0x00001f2c                _ZN7CTimerF13EnableChannelE19TIMER_CHANNELS_ENUM
 .text._ZN7CTimerF14DisableChannelE19TIMER_CHANNELS_ENUM
                0x00001f38        0xe CTimerF.o
                0x00001f38                _ZN7CTimerF14DisableChannelE19TIMER_CHANNELS_ENUM
 .text._ZN7CTimerF10ChannelSetE19TIMER_CHANNELS_ENUM
                0x00001f46       0x10 CTimerF.o
                0x00001f46                _ZN7CTimerF10ChannelSetE19TIMER_CHANNELS_ENUM
 .text._ZN7CTimerF12ChannelResetE19TIMER_CHANNELS_ENUM
                0x00001f56       0x12 CTimerF.o
                0x00001f56                _ZN7CTimerF12ChannelResetE19TIMER_CHANNELS_ENUM
 .text._ZN7CTimerF9SetPeriodEj
                0x00001f68        0xa CTimerF.o
                0x00001f68                _ZN7CTimerF9SetPeriodEj
 .text._ZN7CTimerF8SetCOMPAEj
                0x00001f72        0xa CTimerF.o
                0x00001f72                _ZN7CTimerF8SetCOMPAEj
 .text._ZN7CTimerF8SetCOMPBEj
                0x00001f7c        0xa CTimerF.o
                0x00001f7c                _ZN7CTimerF8SetCOMPBEj
 .text._ZN7CTimerF8SetCOMPCEj
                0x00001f86        0xa CTimerF.o
                0x00001f86                _ZN7CTimerF8SetCOMPCEj
 .text._ZN7CTimerF8SetCOMPDEj
                0x00001f90        0xa CTimerF.o
                0x00001f90                _ZN7CTimerF8SetCOMPDEj
 .text._ZN7CTimerF14SetOVFCallbackEPFvPvES0_17TC_OVFINTLVL_enum
                0x00001f9a       0x24 CTimerF.o
                0x00001f9a                _ZN7CTimerF14SetOVFCallbackEPFvPvES0_17TC_OVFINTLVL_enum
 .text._ZN7CTimerF14SetERRCallbackEPFvPvES0_17TC_ERRINTLVL_enum
                0x00001fbe       0x24 CTimerF.o
                0x00001fbe                _ZN7CTimerF14SetERRCallbackEPFvPvES0_17TC_ERRINTLVL_enum
 .text._ZN7CTimerF16SetCOMPACallbackEPFvPvES0_17TC_CCAINTLVL_enum
                0x00001fe2       0x24 CTimerF.o
                0x00001fe2                _ZN7CTimerF16SetCOMPACallbackEPFvPvES0_17TC_CCAINTLVL_enum
 .text._ZN7CTimerF16SetCOMPBCallbackEPFvPvES0_17TC_CCBINTLVL_enum
                0x00002006       0x24 CTimerF.o
                0x00002006                _ZN7CTimerF16SetCOMPBCallbackEPFvPvES0_17TC_CCBINTLVL_enum
 .text._ZN7CTimerF16SetCOMPCCallbackEPFvPvES0_17TC_CCCINTLVL_enum
                0x0000202a       0x24 CTimerF.o
                0x0000202a                _ZN7CTimerF16SetCOMPCCallbackEPFvPvES0_17TC_CCCINTLVL_enum
 .text._ZN7CTimerF16SetCOMPDCallbackEPFvPvES0_17TC_CCDINTLVL_enum
                0x0000204e       0x24 CTimerF.o
                0x0000204e                _ZN7CTimerF16SetCOMPDCallbackEPFvPvES0_17TC_CCDINTLVL_enum
 .text._ZN7CTimerFC2Ev
                0x00002072       0x18 CTimerF.o
                0x00002072                _ZN7CTimerFC2Ev
                0x00002072                _ZN7CTimerFC1Ev
 .text._ZN7CTimerFD2Ev
                0x0000208a       0x10 CTimerF.o
                0x0000208a                _ZN7CTimerFD2Ev
                0x0000208a                _ZN7CTimerFD1Ev
 .text._ZN4CSPIC2Ev
                0x0000209a        0x2 LaserLib/CSPI.o
                0x0000209a                _ZN4CSPIC2Ev
                0x0000209a                _ZN4CSPIC1Ev
 .text._ZN4CSPID2Ev
                0x0000209c        0x2 LaserLib/CSPI.o
                0x0000209c                _ZN4CSPID2Ev
                0x0000209c                _ZN4CSPID1Ev
 .text._ZN4CSPI10InitializeEb19SPI_DATA_ORDER_ENUM13SPI_MODE_ENUMb18SPI_PRESCALER_enum
                0x0000209e       0x88 LaserLib/CSPI.o
                0x0000209e                _ZN4CSPI10InitializeEb19SPI_DATA_ORDER_ENUM13SPI_MODE_ENUMb18SPI_PRESCALER_enum
 .text._ZN4CSPI4SendEPhj
                0x00002126       0x40 LaserLib/CSPI.o
                0x00002126                _ZN4CSPI4SendEPhj
 .text._ZN4CSPI10OnTransmitEv
                0x00002166       0x30 LaserLib/CSPI.o
                0x00002166                _ZN4CSPI10OnTransmitEv
 .text._ZN4CSPI16StaticOnTransmitEPv
                0x00002196        0x6 LaserLib/CSPI.o
                0x00002196                _ZN4CSPI16StaticOnTransmitEPv
 .text._ZN6CTimerC2Ev
                0x0000219c        0xc LaserLib/CTimer.o
                0x0000219c                _ZN6CTimerC1Ev
                0x0000219c                _ZN6CTimerC2Ev
 .text._ZN6CTimerD2Ev
                0x000021a8        0x2 LaserLib/CTimer.o
                0x000021a8                _ZN6CTimerD1Ev
                0x000021a8                _ZN6CTimerD2Ev
 .text._ZN6CUSARTC2Ev
                0x000021aa        0xc LaserLib/CUSART.o
                0x000021aa                _ZN6CUSARTC2Ev
                0x000021aa                _ZN6CUSARTC1Ev
 .text._ZN6CUSARTD2Ev
                0x000021b6        0x2 LaserLib/CUSART.o
                0x000021b6                _ZN6CUSARTD1Ev
                0x000021b6                _ZN6CUSARTD2Ev
 .text.__vector_1
                0x000021b8       0x62 LaserLib/intx128.o
                0x000021b8                __vector_1
 .text.__vector_2
                0x0000221a       0x62 LaserLib/intx128.o
                0x0000221a                __vector_2
 .text.__vector_3
                0x0000227c       0x62 LaserLib/intx128.o
                0x0000227c                __vector_3
 .text.__vector_4
                0x000022de       0x62 LaserLib/intx128.o
                0x000022de                __vector_4
 .text.__vector_5
                0x00002340       0x62 LaserLib/intx128.o
                0x00002340                __vector_5
 .text.__vector_6
                0x000023a2       0x62 LaserLib/intx128.o
                0x000023a2                __vector_6
 .text.__vector_7
                0x00002404       0x62 LaserLib/intx128.o
                0x00002404                __vector_7
 .text.__vector_8
                0x00002466       0x62 LaserLib/intx128.o
                0x00002466                __vector_8
 .text.__vector_9
                0x000024c8       0x62 LaserLib/intx128.o
                0x000024c8                __vector_9
 .text.__vector_10
                0x0000252a       0x62 LaserLib/intx128.o
                0x0000252a                __vector_10
 .text.__vector_11
                0x0000258c       0x62 LaserLib/intx128.o
                0x0000258c                __vector_11
 .text.__vector_12
                0x000025ee       0x62 LaserLib/intx128.o
                0x000025ee                __vector_12
 .text.__vector_13
                0x00002650       0x62 LaserLib/intx128.o
                0x00002650                __vector_13
 .text.__vector_14
                0x000026b2       0x62 LaserLib/intx128.o
                0x000026b2                __vector_14
 .text.__vector_15
                0x00002714       0x62 LaserLib/intx128.o
                0x00002714                __vector_15
 .text.__vector_16
                0x00002776       0x62 LaserLib/intx128.o
                0x00002776                __vector_16
 .text.__vector_17
                0x000027d8       0x62 LaserLib/intx128.o
                0x000027d8                __vector_17
 .text.__vector_18
                0x0000283a       0x62 LaserLib/intx128.o
                0x0000283a                __vector_18
 .text.__vector_19
                0x0000289c       0x62 LaserLib/intx128.o
                0x0000289c                __vector_19
 .text.__vector_20
                0x000028fe       0x62 LaserLib/intx128.o
                0x000028fe                __vector_20
 .text.__vector_21
                0x00002960       0x62 LaserLib/intx128.o
                0x00002960                __vector_21
 .text.__vector_22
                0x000029c2       0x62 LaserLib/intx128.o
                0x000029c2                __vector_22
 .text.__vector_23
                0x00002a24       0x62 LaserLib/intx128.o
                0x00002a24                __vector_23
 .text.__vector_24
                0x00002a86       0x62 LaserLib/intx128.o
                0x00002a86                __vector_24
 .text.__vector_25
                0x00002ae8       0x62 LaserLib/intx128.o
                0x00002ae8                __vector_25
 .text.__vector_26
                0x00002b4a       0x62 LaserLib/intx128.o
                0x00002b4a                __vector_26
 .text.__vector_27
                0x00002bac       0x62 LaserLib/intx128.o
                0x00002bac                __vector_27
 .text.__vector_28
                0x00002c0e       0x62 LaserLib/intx128.o
                0x00002c0e                __vector_28
 .text.__vector_29
                0x00002c70       0x62 LaserLib/intx128.o
                0x00002c70                __vector_29
 .text.__vector_30
                0x00002cd2       0x62 LaserLib/intx128.o
                0x00002cd2                __vector_30
 .text.__vector_31
                0x00002d34       0x62 LaserLib/intx128.o
                0x00002d34                __vector_31
 .text.__vector_32
                0x00002d96       0x62 LaserLib/intx128.o
                0x00002d96                __vector_32
 .text.__vector_33
                0x00002df8       0x62 LaserLib/intx128.o
                0x00002df8                __vector_33
 .text.__vector_34
                0x00002e5a       0x62 LaserLib/intx128.o
                0x00002e5a                __vector_34
 .text.__vector_35
                0x00002ebc       0x62 LaserLib/intx128.o
                0x00002ebc                __vector_35
 .text.__vector_36
                0x00002f1e       0x62 LaserLib/intx128.o
                0x00002f1e                __vector_36
 .text.__vector_37
                0x00002f80       0x62 LaserLib/intx128.o
                0x00002f80                __vector_37
 .text.__vector_38
                0x00002fe2       0x62 LaserLib/intx128.o
                0x00002fe2                __vector_38
 .text.__vector_39
                0x00003044       0x62 LaserLib/intx128.o
                0x00003044                __vector_39
 .text.__vector_40
                0x000030a6       0x62 LaserLib/intx128.o
                0x000030a6                __vector_40
 .text.__vector_41
                0x00003108       0x62 LaserLib/intx128.o
                0x00003108                __vector_41
 .text.__vector_42
                0x0000316a       0x62 LaserLib/intx128.o
                0x0000316a                __vector_42
 .text.__vector_43
                0x000031cc       0x62 LaserLib/intx128.o
                0x000031cc                __vector_43
 .text.__vector_44
                0x0000322e       0x62 LaserLib/intx128.o
                0x0000322e                __vector_44
 .text.__vector_45
                0x00003290       0x62 LaserLib/intx128.o
                0x00003290                __vector_45
 .text.__vector_46
                0x000032f2       0x62 LaserLib/intx128.o
                0x000032f2                __vector_46
 .text.__vector_47
                0x00003354       0x62 LaserLib/intx128.o
                0x00003354                __vector_47
 .text.__vector_48
                0x000033b6       0x62 LaserLib/intx128.o
                0x000033b6                __vector_48
 .text.__vector_49
                0x00003418       0x62 LaserLib/intx128.o
                0x00003418                __vector_49
 .text.__vector_50
                0x0000347a       0x62 LaserLib/intx128.o
                0x0000347a                __vector_50
 .text.__vector_51
                0x000034dc       0x62 LaserLib/intx128.o
                0x000034dc                __vector_51
 .text.__vector_52
                0x0000353e       0x62 LaserLib/intx128.o
                0x0000353e                __vector_52
 .text.__vector_53
                0x000035a0       0x62 LaserLib/intx128.o
                0x000035a0                __vector_53
 .text.__vector_54
                0x00003602       0x62 LaserLib/intx128.o
                0x00003602                __vector_54
 .text.__vector_55
                0x00003664       0x62 LaserLib/intx128.o
                0x00003664                __vector_55
 .text.__vector_56
                0x000036c6       0x62 LaserLib/intx128.o
                0x000036c6                __vector_56
 .text.__vector_57
                0x00003728       0x62 LaserLib/intx128.o
                0x00003728                __vector_57
 .text.__vector_58
                0x0000378a       0x62 LaserLib/intx128.o
                0x0000378a                __vector_58
 .text.__vector_59
                0x000037ec       0x62 LaserLib/intx128.o
                0x000037ec                __vector_59
 .text.__vector_60
                0x0000384e       0x62 LaserLib/intx128.o
                0x0000384e                __vector_60
 .text.__vector_61
                0x000038b0       0x62 LaserLib/intx128.o
                0x000038b0                __vector_61
 .text.__vector_62
                0x00003912       0x62 LaserLib/intx128.o
                0x00003912                __vector_62
 .text.__vector_63
                0x00003974       0x62 LaserLib/intx128.o
                0x00003974                __vector_63
 .text.__vector_64
                0x000039d6       0x62 LaserLib/intx128.o
                0x000039d6                __vector_64
 .text.__vector_65
                0x00003a38       0x62 LaserLib/intx128.o
                0x00003a38                __vector_65
 .text.__vector_66
                0x00003a9a       0x62 LaserLib/intx128.o
                0x00003a9a                __vector_66
 .text.__vector_67
                0x00003afc       0x62 LaserLib/intx128.o
                0x00003afc                __vector_67
 .text.__vector_68
                0x00003b5e       0x62 LaserLib/intx128.o
                0x00003b5e                __vector_68
 .text.__vector_69
                0x00003bc0       0x62 LaserLib/intx128.o
                0x00003bc0                __vector_69
 .text.__vector_70
                0x00003c22       0x62 LaserLib/intx128.o
                0x00003c22                __vector_70
 .text.__vector_71
                0x00003c84       0x62 LaserLib/intx128.o
                0x00003c84                __vector_71
 .text.__vector_72
                0x00003ce6       0x62 LaserLib/intx128.o
                0x00003ce6                __vector_72
 .text.__vector_73
                0x00003d48       0x62 LaserLib/intx128.o
                0x00003d48                __vector_73
 .text.__vector_74
                0x00003daa       0x62 LaserLib/intx128.o
                0x00003daa                __vector_74
 .text.__vector_77
                0x00003e0c       0x62 LaserLib/intx128.o
                0x00003e0c                __vector_77
 .text.__vector_78
                0x00003e6e       0x62 LaserLib/intx128.o
                0x00003e6e                __vector_78
 .text.__vector_79
                0x00003ed0       0x62 LaserLib/intx128.o
                0x00003ed0                __vector_79
 .text.__vector_80
                0x00003f32       0x62 LaserLib/intx128.o
                0x00003f32                __vector_80
 .text.__vector_81
                0x00003f94       0x62 LaserLib/intx128.o
                0x00003f94                __vector_81
 .text.__vector_82
                0x00003ff6       0x62 LaserLib/intx128.o
                0x00003ff6                __vector_82
 .text.__vector_83
                0x00004058       0x62 LaserLib/intx128.o
                0x00004058                __vector_83
 .text.__vector_84
                0x000040ba       0x62 LaserLib/intx128.o
                0x000040ba                __vector_84
 .text.__vector_85
                0x0000411c       0x62 LaserLib/intx128.o
                0x0000411c                __vector_85
 .text.__vector_86
                0x0000417e       0x62 LaserLib/intx128.o
                0x0000417e                __vector_86
 .text.__vector_87
                0x000041e0       0x62 LaserLib/intx128.o
                0x000041e0                __vector_87
 .text.__vector_88
                0x00004242       0x62 LaserLib/intx128.o
                0x00004242                __vector_88
 .text.__vector_89
                0x000042a4       0x62 LaserLib/intx128.o
                0x000042a4                __vector_89
 .text.__vector_90
                0x00004306       0x62 LaserLib/intx128.o
                0x00004306                __vector_90
 .text.__vector_91
                0x00004368       0x62 LaserLib/intx128.o
                0x00004368                __vector_91
 .text.__vector_92
                0x000043ca       0x62 LaserLib/intx128.o
                0x000043ca                __vector_92
 .text.__vector_93
                0x0000442c       0x62 LaserLib/intx128.o
                0x0000442c                __vector_93
 .text.__vector_104
                0x0000448e       0x62 LaserLib/intx128.o
                0x0000448e                __vector_104
 .text.__vector_105
                0x000044f0       0x62 LaserLib/intx128.o
                0x000044f0                __vector_105
 .text.__vector_108
                0x00004552       0x62 LaserLib/intx128.o
                0x00004552                __vector_108
 .text.__vector_109
                0x000045b4       0x62 LaserLib/intx128.o
                0x000045b4                __vector_109
 .text.__vector_110
                0x00004616       0x62 LaserLib/intx128.o
                0x00004616                __vector_110
 .text.__vector_111
                0x00004678       0x62 LaserLib/intx128.o
                0x00004678                __vector_111
 .text.__vector_112
                0x000046da       0x62 LaserLib/intx128.o
                0x000046da                __vector_112
 .text.__vector_113
                0x0000473c       0x62 LaserLib/intx128.o
                0x0000473c                __vector_113
 .text.__vector_119
                0x0000479e       0x62 LaserLib/intx128.o
                0x0000479e                __vector_119
 .text.__vector_120
                0x00004800       0x62 LaserLib/intx128.o
                0x00004800                __vector_120
 .text.__vector_121
                0x00004862       0x62 LaserLib/intx128.o
                0x00004862                __vector_121
 .text.__cxa_pure_virtual
                0x000048c4        0x6 main.o
                0x000048c4                __cxa_pure_virtual
 .text._GLOBAL__sub_I_dacSPI
                0x000048ca       0x32 main.o
 .text._GLOBAL__sub_D_dacSPI
                0x000048fc       0x32 main.o
 .text._Z16SystemInitializev
                0x0000492e       0x76 main.o
                0x0000492e                _Z16SystemInitializev
 .text.main     0x000049a4      0x16e main.o
                0x000049a4                main
 .text._ZN16CMBEventsHandler13FillRegDataTxEhPhh
                0x00004b12       0x62 MODBUS/CMBProtocol.o
                0x00004b12                _ZN16CMBEventsHandler13FillRegDataTxEhPhh
 .text._ZN16CMBEventsHandler13FillRegDataRqEhh
                0x00004b74       0x3e MODBUS/CMBProtocol.o
                0x00004b74                _ZN16CMBEventsHandler13FillRegDataRqEhh
 .text._ZN16CMBEventsHandler13FillVarDataTxEjPjj
                0x00004bb2       0x90 MODBUS/CMBProtocol.o
                0x00004bb2                _ZN16CMBEventsHandler13FillVarDataTxEjPjj
 .text._ZN16CMBEventsHandler13FillVarDataRqEjj
                0x00004c42       0x46 MODBUS/CMBProtocol.o
                0x00004c42                _ZN16CMBEventsHandler13FillVarDataRqEjj
 .text._ZN16CMBEventsHandler15AllocateBuffersEjj
                0x00004c88       0x36 MODBUS/CMBProtocol.o
                0x00004c88                _ZN16CMBEventsHandler15AllocateBuffersEjj
 .text._ZN16CMBEventsHandler11FreeBuffersEv
                0x00004cbe       0x1c MODBUS/CMBProtocol.o
                0x00004cbe                _ZN16CMBEventsHandler11FreeBuffersEv
 .text._ZN16CMBEventsHandlerD2Ev
                0x00004cda        0x2 MODBUS/CMBProtocol.o
                0x00004cda                _ZN16CMBEventsHandlerD2Ev
                0x00004cda                _ZN16CMBEventsHandlerD1Ev
 .text._ZN9CMBSender18OnVariableReceivedEjPjj
                0x00004cdc       0x1e MODBUS/CMBSender.o
                0x00004cdc                _ZN9CMBSender18OnVariableReceivedEjPjj
 .text._ZN9CMBSender18OnRegisterReceivedEhPhh
                0x00004cfa       0x1e MODBUS/CMBSender.o
                0x00004cfa                _ZN9CMBSender18OnRegisterReceivedEhPhh
 .text._ZN9CMBSenderC2Ev
                0x00004d18        0xc MODBUS/CMBSender.o
                0x00004d18                _ZN9CMBSenderC2Ev
                0x00004d18                _ZN9CMBSenderC1Ev
 .text._ZN9CMBSender10InitializeEP6CUSARTP16CMBEventsHandlerjj
                0x00004d24       0x9e MODBUS/CMBSender.o
                0x00004d24                _ZN9CMBSender10InitializeEP6CUSARTP16CMBEventsHandlerjj
 .text._ZN9CMBSenderD2Ev
                0x00004dc2       0x10 MODBUS/CMBSender.o
                0x00004dc2                _ZN9CMBSenderD1Ev
                0x00004dc2                _ZN9CMBSenderD2Ev
 .text._ZN9CMBSender19WriteDataToRegisterEhPhh
                0x00004dd2       0x6a MODBUS/CMBSender.o
                0x00004dd2                _ZN9CMBSender19WriteDataToRegisterEhPhh
 .text._ZN9CMBSender13OnReceiveByteEh
                0x00004e3c      0x174 MODBUS/CMBSender.o
                0x00004e3c                _ZN9CMBSender13OnReceiveByteEh
 .text._ZN9CMBSender18OnUSARTRxInterruptEPv
                0x00004fb0       0x26 MODBUS/CMBSender.o
                0x00004fb0                _ZN9CMBSender18OnUSARTRxInterruptEPv
 .text._ZN9CMBSender19StartMODBUSListenerEv
                0x00004fd6       0x12 MODBUS/CMBSender.o
                0x00004fd6                _ZN9CMBSender19StartMODBUSListenerEv
 .text._ZN9CMBSender14OnTransmitByteEv
                0x00004fe8       0x92 MODBUS/CMBSender.o
                0x00004fe8                _ZN9CMBSender14OnTransmitByteEv
 .text._ZN9CMBSender18OnUSARTTxInterruptEPv
                0x0000507a        0x6 MODBUS/CMBSender.o
                0x0000507a                _ZN9CMBSender18OnUSARTTxInterruptEPv
 .text._ZN9CMBSender18WaitMODBUSListenerEv
                0x00005080       0x22 MODBUS/CMBSender.o
                0x00005080                _ZN9CMBSender18WaitMODBUSListenerEv
 .text._ZN9CMBSender22StartMODBUSTransmitterEv
                0x000050a2        0xc MODBUS/CMBSender.o
                0x000050a2                _ZN9CMBSender22StartMODBUSTransmitterEv
 .text._ZN9CMBSender24WriteDataToRegisterAsyncEhPhh
                0x000050ae       0x1e MODBUS/CMBSender.o
                0x000050ae                _ZN9CMBSender24WriteDataToRegisterAsyncEhPhh
 .text._ZN9CMBSender20WriteDataToSRAMAsyncEjPjj
                0x000050cc       0x1e MODBUS/CMBSender.o
                0x000050cc                _ZN9CMBSender20WriteDataToSRAMAsyncEjPjj
 .text._ZN9CMBSender28RequestDataFromRegisterAsyncEhh
                0x000050ea       0x1e MODBUS/CMBSender.o
                0x000050ea                _ZN9CMBSender28RequestDataFromRegisterAsyncEhh
 .text._ZN9CMBSender24RequestDataFromSRAMAsyncEjh
                0x00005108       0x20 MODBUS/CMBSender.o
                0x00005108                _ZN9CMBSender24RequestDataFromSRAMAsyncEjh
 .text._ZN9CMBSender21WaitMODBUSTransmitterEv
                0x00005128       0x22 MODBUS/CMBSender.o
                0x00005128                _ZN9CMBSender21WaitMODBUSTransmitterEv
 .text._ZN9CMBSender30StartMODBUSRegisterTransactionEhh
                0x0000514a        0xc MODBUS/CMBSender.o
                0x0000514a                _ZN9CMBSender30StartMODBUSRegisterTransactionEhh
 .text._ZN9CMBSender30StartMODBUSVariableTransactionEjh
                0x00005156        0xc MODBUS/CMBSender.o
                0x00005156                _ZN9CMBSender30StartMODBUSVariableTransactionEjh
 .text._ZN9CMBSender18ProcessTransactionEPhj
                0x00005162       0x62 MODBUS/CMBSender.o
                0x00005162                _ZN9CMBSender18ProcessTransactionEPhj
 .text._ZN9CMBSender21OnTransactionCallbackEPhj
                0x000051c4        0x6 MODBUS/CMBSender.o
                0x000051c4                _ZN9CMBSender21OnTransactionCallbackEPhj
 .text.libgcc.div
                0x000051ca       0x28 c:/program files (x86)/atmel/studio/7.0/toolchain/avr8/avr8-gnu-toolchain/bin/../lib/gcc/avr/4.9.2/avrxmega6\libgcc.a(_udivmodhi4.o)
                0x000051ca                __udivmodhi4
 .text.libgcc.div
                0x000051f2       0x2e c:/program files (x86)/atmel/studio/7.0/toolchain/avr8/avr8-gnu-toolchain/bin/../lib/gcc/avr/4.9.2/avrxmega6\libgcc.a(_divmodsi4.o)
                0x000051f2                __divmodsi4
 .text.libgcc.div
                0x00005220       0x10 c:/program files (x86)/atmel/studio/7.0/toolchain/avr8/avr8-gnu-toolchain/bin/../lib/gcc/avr/4.9.2/avrxmega6\libgcc.a(_negsi2.o)
                0x00005220                __negsi2
 .text.libgcc   0x00005230       0x10 c:/program files (x86)/atmel/studio/7.0/toolchain/avr8/avr8-gnu-toolchain/bin/../lib/gcc/avr/4.9.2/avrxmega6\libgcc.a(_tablejump2.o)
                0x00005230                __tablejump2__
 .text.libgcc.mul
                0x00005240       0x1e c:/program files (x86)/atmel/studio/7.0/toolchain/avr8/avr8-gnu-toolchain/bin/../lib/gcc/avr/4.9.2/avrxmega6\libgcc.a(_umulhisi3.o)
                0x00005240                __umulhisi3
 .text.libgcc.div
                0x0000525e       0x44 c:/program files (x86)/atmel/studio/7.0/toolchain/avr8/avr8-gnu-toolchain/bin/../lib/gcc/avr/4.9.2/avrxmega6\libgcc.a(_udivmodsi4.o)
                0x0000525e                __udivmodsi4
 .text.avr-libc
                0x000052a2      0x25a c:/program files (x86)/atmel/studio/7.0/toolchain/avr8/avr8-gnu-toolchain/bin/../lib/gcc/avr/4.9.2/../../../../avr/lib/avrxmega6\libc.a(malloc.o)
                0x000052a2                malloc
                0x000053cc                free
 .text.avr-libc
                0x000054fc       0x12 c:/program files (x86)/atmel/studio/7.0/toolchain/avr8/avr8-gnu-toolchain/bin/../lib/gcc/avr/4.9.2/../../../../avr/lib/avrxmega6\libc.a(memcpy.o)
                0x000054fc                memcpy
                0x0000550e                . = ALIGN (0x2)
 *(.fini9)
 .fini9         0x0000550e        0x0 c:/program files (x86)/atmel/studio/7.0/toolchain/avr8/avr8-gnu-toolchain/bin/../lib/gcc/avr/4.9.2/avrxmega6\libgcc.a(_exit.o)
                0x0000550e                _exit
                0x0000550e                exit
 *(.fini9)
 *(.fini8)
 *(.fini8)
 *(.fini7)
 *(.fini7)
 *(.fini6)
 .fini6         0x0000550e       0x20 c:/program files (x86)/atmel/studio/7.0/toolchain/avr8/avr8-gnu-toolchain/bin/../lib/gcc/avr/4.9.2/avrxmega6\libgcc.a(_dtors.o)
                0x0000550e                __do_global_dtors
 *(.fini6)
 *(.fini5)
 *(.fini5)
 *(.fini4)
 *(.fini4)
 *(.fini3)
 *(.fini3)
 *(.fini2)
 *(.fini2)
 *(.fini1)
 *(.fini1)
 *(.fini0)
 .fini0         0x0000552e        0x4 c:/program files (x86)/atmel/studio/7.0/toolchain/avr8/avr8-gnu-toolchain/bin/../lib/gcc/avr/4.9.2/avrxmega6\libgcc.a(_exit.o)
 *(.fini0)
                0x00005532                _etext = .

.data           0x00802000      0x154 load address 0x00005532
                0x00802000                PROVIDE (__data_start, .)
 *(.data)
 .data          0x00802000        0x6 c:/program files (x86)/atmel/studio/7.0/toolchain/avr8/avr8-gnu-toolchain/bin/../lib/gcc/avr/4.9.2/../../../../avr/lib/avrxmega6\libc.a(malloc.o)
                0x00802000                __malloc_heap_end
                0x00802002                __malloc_heap_start
                0x00802004                __malloc_margin
 *(.data*)
 .data.bscale_table
                0x00802006       0x20 CDGUSUSART.o
                0x00802006                bscale_table
 .data.bsel_table
                0x00802026       0x20 CDGUSUSART.o
                0x00802026                bsel_table
 *(.rodata)
 *(.rodata*)
 .rodata._ZTV10CDGUSUSART
                0x00802046       0x18 CDGUSUSART.o
                0x00802046                _ZTV10CDGUSUSART
 .rodata.str1.1
                0x0080205e       0x42 CLaserControlApp.o
 .rodata._ZTV16CLaserControlApp
                0x008020a0       0x16 CLaserControlApp.o
                0x008020a0                _ZTV16CLaserControlApp
 .rodata._ZTV7CTimerC
                0x008020b6       0x24 CTimerC.o
                0x008020b6                _ZTV7CTimerC
 .rodata._ZTV7CTimerF
                0x008020da       0x28 CTimerF.o
                0x008020da                _ZTV7CTimerF
 .rodata._ZTV6CTimer
                0x00802102       0x24 LaserLib/CTimer.o
                0x00802102                _ZTV6CTimer
 .rodata._ZTV6CUSART
                0x00802126       0x18 LaserLib/CUSART.o
                0x00802126                _ZTV6CUSART
 .rodata._ZTV9CMBSender
                0x0080213e       0x16 MODBUS/CMBSender.o
                0x0080213e                _ZTV9CMBSender
 *(.gnu.linkonce.d*)
                0x00802154                . = ALIGN (0x2)
                0x00802154                _edata = .
                0x00802154                PROVIDE (__data_end, .)

.bss            0x00802154      0xa71
                0x00802154                PROVIDE (__bss_start, .)
 *(.bss)
 *(.bss*)
 .bss._ZZN16CLaserControlApp3RunEvE23DatabaseSelectedProfile
                0x00802154        0x1 CLaserControlApp.o
 .bss._ZZN16CLaserControlApp3RunEvE11lastprofile
                0x00802155        0x2 CLaserControlApp.o
 .bss._ZZN16CLaserControlApp3RunEvE3cnt
                0x00802157        0x2 CLaserControlApp.o
 .bss.m_structDGUSDATA_Slow
                0x00802159        0xe CLaserControlApp.o
                0x00802159                m_structDGUSDATA_Slow
 .bss.m_structDGUSDATA_Medium
                0x00802167        0xe CLaserControlApp.o
                0x00802167                m_structDGUSDATA_Medium
 .bss.m_structDGUSDATA_Fast
                0x00802175        0xe CLaserControlApp.o
                0x00802175                m_structDGUSDATA_Fast
 .bss.laserTimer
                0x00802183        0x3 CLaserControlApp.o
                0x00802183                laserTimer
 .bss.timer     0x00802186        0x3 CLaserControlApp.o
                0x00802186                timer
 .bss.InterruptFuncTable
                0x00802189       0xf6 LaserLib/intx128.o
                0x00802189                InterruptFuncTable
 .bss.InterruptSenderTable
                0x0080227f       0xf6 LaserLib/intx128.o
                0x0080227f                InterruptSenderTable
 .bss._ZZ4mainE3prs
                0x00802375        0x2 main.o
 .bss.DATA      0x00802377      0x800 main.o
                0x00802377                DATA
 .bss.App       0x00802b77       0x1c main.o
                0x00802b77                App
 .bss.player    0x00802b93        0x1 main.o
                0x00802b93                player
 .bss.laserBoard
                0x00802b94        0xa main.o
                0x00802b94                laserBoard
 .bss.sender    0x00802b9e       0x19 main.o
                0x00802b9e                sender
 .bss.usart     0x00802bb7        0x2 main.o
                0x00802bb7                usart
 .bss.dacSPI    0x00802bb9        0x6 main.o
                0x00802bb9                dacSPI
 .bss.cnt       0x00802bbf        0x2 MODBUS/CMBSender.o
                0x00802bbf                cnt
 *(COMMON)
 COMMON         0x00802bc1        0x4 c:/program files (x86)/atmel/studio/7.0/toolchain/avr8/avr8-gnu-toolchain/bin/../lib/gcc/avr/4.9.2/../../../../avr/lib/avrxmega6\libc.a(malloc.o)
                0x00802bc1                __brkval
                0x00802bc3                __flp
                0x00802bc5                PROVIDE (__bss_end, .)
                0x00005532                __data_load_start = LOADADDR (.data)
                0x00005686                __data_load_end = (__data_load_start + SIZEOF (.data))

.noinit         0x00802bc5        0x0
                0x00802bc5                PROVIDE (__noinit_start, .)
 *(.noinit*)
                0x00802bc5                PROVIDE (__noinit_end, .)
                0x00802bc5                _end = .
                0x00802bc5                PROVIDE (__heap_start, .)

.eeprom         0x00810000        0x0
 *(.eeprom*)
                0x00810000                __eeprom_end = .

.fuse
 *(.fuse)
 *(.lfuse)
 *(.hfuse)
 *(.efuse)

.lock
 *(.lock*)

.signature
 *(.signature*)

.user_signatures
 *(.user_signatures*)

.stab
 *(.stab)

.stabstr
 *(.stabstr)

.stab.excl
 *(.stab.excl)

.stab.exclstr
 *(.stab.exclstr)

.stab.index
 *(.stab.index)

.stab.indexstr
 *(.stab.indexstr)

.comment        0x00000000       0x30
 *(.comment)
 .comment       0x00000000       0x30 CDGUSUSART.o
                                 0x31 (size before relaxing)
 .comment       0x00000030       0x31 CLaserBoard.o
 .comment       0x00000030       0x31 CLaserControlApp.o
 .comment       0x00000030       0x31 CSoundPlayer.o
 .comment       0x00000030       0x31 CTimerC.o
 .comment       0x00000030       0x31 CTimerF.o
 .comment       0x00000030       0x31 LaserLib/CSPI.o
 .comment       0x00000030       0x31 LaserLib/CTimer.o
 .comment       0x00000030       0x31 LaserLib/CUSART.o
 .comment       0x00000030       0x31 LaserLib/intx128.o
 .comment       0x00000030       0x31 main.o
 .comment       0x00000030       0x31 MODBUS/CMBProtocol.o
 .comment       0x00000030       0x31 MODBUS/CMBSender.o
 .comment       0x00000030       0x31 c:/program files (x86)/atmel/studio/7.0/toolchain/avr8/avr8-gnu-toolchain/bin/../lib/gcc/avr/4.9.2/../../../../avr/lib/avrxmega6\libc.a(malloc.o)

.note.gnu.avr.deviceinfo
                0x00000000       0x40
 .note.gnu.avr.deviceinfo
                0x00000000       0x40 C:/Program Files (x86)/Atmel/Studio/7.0/Packs/atmel/XMEGAA_DFP/1.0.36/gcc/dev/atxmega128a3/avrxmega6/crtatxmega128a3.o

.note.gnu.build-id
 *(.note.gnu.build-id)

.debug
 *(.debug)

.line
 *(.line)

.debug_srcinfo
 *(.debug_srcinfo)

.debug_sfnames
 *(.debug_sfnames)

.debug_aranges  0x00000000      0x8e0
 *(.debug_aranges)
 .debug_aranges
                0x00000000       0x78 CDGUSUSART.o
 .debug_aranges
                0x00000078       0x88 CLaserBoard.o
 .debug_aranges
                0x00000100       0xb0 CLaserControlApp.o
 .debug_aranges
                0x000001b0       0x60 CSoundPlayer.o
 .debug_aranges
                0x00000210       0xa8 CTimerC.o
 .debug_aranges
                0x000002b8       0xb8 CTimerF.o
 .debug_aranges
                0x00000370       0x58 LaserLib/CSPI.o
 .debug_aranges
                0x000003c8       0x28 LaserLib/CTimer.o
 .debug_aranges
                0x000003f0       0x28 LaserLib/CUSART.o
 .debug_aranges
                0x00000418      0x348 LaserLib/intx128.o
 .debug_aranges
                0x00000760       0x40 main.o
 .debug_aranges
                0x000007a0       0x50 MODBUS/CMBProtocol.o
 .debug_aranges
                0x000007f0       0xf0 MODBUS/CMBSender.o

.debug_pubnames
 *(.debug_pubnames)

.debug_info     0x00000000     0xca47
 *(.debug_info .gnu.linkonce.wi.*)
 .debug_info    0x00000000     0x1095 CDGUSUSART.o
 .debug_info    0x00001095      0xc83 CLaserBoard.o
 .debug_info    0x00001d18     0x2982 CLaserControlApp.o
 .debug_info    0x0000469a     0x1385 CSoundPlayer.o
 .debug_info    0x00005a1f     0x15ac CTimerC.o
 .debug_info    0x00006fcb     0x166e CTimerF.o
 .debug_info    0x00008639      0x7ce LaserLib/CSPI.o
 .debug_info    0x00008e07      0x6a3 LaserLib/CTimer.o
 .debug_info    0x000094aa      0x606 LaserLib/CUSART.o
 .debug_info    0x00009ab0      0x91e LaserLib/intx128.o
 .debug_info    0x0000a3ce      0xf0b main.o
 .debug_info    0x0000b2d9      0x595 MODBUS/CMBProtocol.o
 .debug_info    0x0000b86e     0x11d9 MODBUS/CMBSender.o

.debug_abbrev   0x00000000     0x22e3
 *(.debug_abbrev)
 .debug_abbrev  0x00000000      0x2d9 CDGUSUSART.o
 .debug_abbrev  0x000002d9      0x2e4 CLaserBoard.o
 .debug_abbrev  0x000005bd      0x599 CLaserControlApp.o
 .debug_abbrev  0x00000b56      0x2b9 CSoundPlayer.o
 .debug_abbrev  0x00000e0f      0x29c CTimerC.o
 .debug_abbrev  0x000010ab      0x29c CTimerF.o
 .debug_abbrev  0x00001347      0x28f LaserLib/CSPI.o
 .debug_abbrev  0x000015d6      0x182 LaserLib/CTimer.o
 .debug_abbrev  0x00001758      0x1ed LaserLib/CUSART.o
 .debug_abbrev  0x00001945       0x83 LaserLib/intx128.o
 .debug_abbrev  0x000019c8      0x36c main.o
 .debug_abbrev  0x00001d34      0x212 MODBUS/CMBProtocol.o
 .debug_abbrev  0x00001f46      0x39d MODBUS/CMBSender.o

.debug_line     0x00000000     0x28dc
 *(.debug_line .debug_line.* .debug_line_end)
 .debug_line    0x00000000      0x23e CDGUSUSART.o
 .debug_line    0x0000023e      0x33a CLaserBoard.o
 .debug_line    0x00000578      0x4dd CLaserControlApp.o
 .debug_line    0x00000a55      0x23b CSoundPlayer.o
 .debug_line    0x00000c90      0x285 CTimerC.o
 .debug_line    0x00000f15      0x2a7 CTimerF.o
 .debug_line    0x000011bc      0x24a LaserLib/CSPI.o
 .debug_line    0x00001406      0x135 LaserLib/CTimer.o
 .debug_line    0x0000153b      0x135 LaserLib/CUSART.o
 .debug_line    0x00001670      0xa14 LaserLib/intx128.o
 .debug_line    0x00002084      0x286 main.o
 .debug_line    0x0000230a      0x1d9 MODBUS/CMBProtocol.o
 .debug_line    0x000024e3      0x3f9 MODBUS/CMBSender.o

.debug_frame    0x00000000     0x2f6c
 *(.debug_frame)
 .debug_frame   0x00000000       0xe8 CDGUSUSART.o
 .debug_frame   0x000000e8      0x108 CLaserBoard.o
 .debug_frame   0x000001f0      0x1ec CLaserControlApp.o
 .debug_frame   0x000003dc       0xd8 CSoundPlayer.o
 .debug_frame   0x000004b4      0x140 CTimerC.o
 .debug_frame   0x000005f4      0x160 CTimerF.o
 .debug_frame   0x00000754       0xbc LaserLib/CSPI.o
 .debug_frame   0x00000810       0x34 LaserLib/CTimer.o
 .debug_frame   0x00000844       0x34 LaserLib/CUSART.o
 .debug_frame   0x00000878     0x2324 LaserLib/intx128.o
 .debug_frame   0x00002b9c       0x84 main.o
 .debug_frame   0x00002c20       0xc4 MODBUS/CMBProtocol.o
 .debug_frame   0x00002ce4      0x288 MODBUS/CMBSender.o

.debug_str      0x00000000     0x4ca4
 *(.debug_str)
 .debug_str     0x00000000     0x15e1 CDGUSUSART.o
                               0x1663 (size before relaxing)
 .debug_str     0x000015e1      0x753 CLaserBoard.o
                                0xae4 (size before relaxing)
 .debug_str     0x00001d34     0x10b0 CLaserControlApp.o
                               0x1642 (size before relaxing)
 .debug_str     0x00002de4      0x73c CSoundPlayer.o
                                0xbbc (size before relaxing)
 .debug_str     0x00003520      0x61f CTimerC.o
                               0x1287 (size before relaxing)
 .debug_str     0x00003b3f      0x1fc CTimerF.o
                               0x12fd (size before relaxing)
 .debug_str     0x00003d3b       0xd5 LaserLib/CSPI.o
                                0x6e7 (size before relaxing)
 .debug_str     0x00003e10       0x35 LaserLib/CTimer.o
                                0xa38 (size before relaxing)
 .debug_str     0x00003e45       0x35 LaserLib/CUSART.o
                                0x7aa (size before relaxing)
 .debug_str     0x00003e7a      0x4e2 LaserLib/intx128.o
                                0x6b5 (size before relaxing)
 .debug_str     0x0000435c      0x17c main.o
                                0xd3c (size before relaxing)
 .debug_str     0x000044d8      0x289 MODBUS/CMBProtocol.o
                                0x4e5 (size before relaxing)
 .debug_str     0x00004761      0x543 MODBUS/CMBSender.o
                                0xa71 (size before relaxing)

.debug_loc      0x00000000     0x7f2c
 *(.debug_loc)
 .debug_loc     0x00000000      0x210 CDGUSUSART.o
 .debug_loc     0x00000210      0x4c2 CLaserBoard.o
 .debug_loc     0x000006d2      0x936 CLaserControlApp.o
 .debug_loc     0x00001008      0x344 CSoundPlayer.o
 .debug_loc     0x0000134c      0x366 CTimerC.o
 .debug_loc     0x000016b2      0x3f4 CTimerF.o
 .debug_loc     0x00001aa6      0x276 LaserLib/CSPI.o
 .debug_loc     0x00001d1c     0x50e2 LaserLib/intx128.o
 .debug_loc     0x00006dfe       0x83 main.o
 .debug_loc     0x00006e81      0x356 MODBUS/CMBProtocol.o
 .debug_loc     0x000071d7      0xd55 MODBUS/CMBSender.o

.debug_macinfo
 *(.debug_macinfo)

.debug_weaknames
 *(.debug_weaknames)

.debug_funcnames
 *(.debug_funcnames)

.debug_typenames
 *(.debug_typenames)

.debug_varnames
 *(.debug_varnames)

.debug_pubtypes
 *(.debug_pubtypes)

.debug_ranges   0x00000000      0x828
 *(.debug_ranges)
 .debug_ranges  0x00000000       0x68 CDGUSUSART.o
 .debug_ranges  0x00000068       0x90 CLaserBoard.o
 .debug_ranges  0x000000f8       0xa0 CLaserControlApp.o
 .debug_ranges  0x00000198       0x50 CSoundPlayer.o
 .debug_ranges  0x000001e8       0x98 CTimerC.o
 .debug_ranges  0x00000280       0xa8 CTimerF.o
 .debug_ranges  0x00000328       0x48 LaserLib/CSPI.o
 .debug_ranges  0x00000370       0x18 LaserLib/CTimer.o
 .debug_ranges  0x00000388       0x18 LaserLib/CUSART.o
 .debug_ranges  0x000003a0      0x338 LaserLib/intx128.o
 .debug_ranges  0x000006d8       0x30 main.o
 .debug_ranges  0x00000708       0x40 MODBUS/CMBProtocol.o
 .debug_ranges  0x00000748       0xe0 MODBUS/CMBSender.o

.debug_macro
 *(.debug_macro)
OUTPUT(ATxmegaLaserDiode.elf elf32-avr)
LOAD linker stubs
