Archive member included to satisfy reference by file (symbol)

c:/program files (x86)/atmel/studio/7.0/toolchain/avr8/avr8-gnu-toolchain/bin/../lib/gcc/avr/4.9.2/../../../../avr/lib/avrxmega6\libm.a(fixsfsi.o)
                              Periphery/CDS18B20.o (__fixsfsi)
c:/program files (x86)/atmel/studio/7.0/toolchain/avr8/avr8-gnu-toolchain/bin/../lib/gcc/avr/4.9.2/../../../../avr/lib/avrxmega6\libm.a(fixunssfsi.o)
                              c:/program files (x86)/atmel/studio/7.0/toolchain/avr8/avr8-gnu-toolchain/bin/../lib/gcc/avr/4.9.2/../../../../avr/lib/avrxmega6\libm.a(fixsfsi.o) (__fixunssfsi)
c:/program files (x86)/atmel/studio/7.0/toolchain/avr8/avr8-gnu-toolchain/bin/../lib/gcc/avr/4.9.2/../../../../avr/lib/avrxmega6\libm.a(floatsisf.o)
                              Periphery/CDS18B20.o (__floatsisf)
c:/program files (x86)/atmel/studio/7.0/toolchain/avr8/avr8-gnu-toolchain/bin/../lib/gcc/avr/4.9.2/../../../../avr/lib/avrxmega6\libm.a(fp_split3.o)
                              c:/program files (x86)/atmel/studio/7.0/toolchain/avr8/avr8-gnu-toolchain/bin/../lib/gcc/avr/4.9.2/../../../../avr/lib/avrxmega6\libm.a(fixunssfsi.o) (__fp_splitA)
c:/program files (x86)/atmel/studio/7.0/toolchain/avr8/avr8-gnu-toolchain/bin/../lib/gcc/avr/4.9.2/../../../../avr/lib/avrxmega6\libm.a(fp_zero.o)
                              c:/program files (x86)/atmel/studio/7.0/toolchain/avr8/avr8-gnu-toolchain/bin/../lib/gcc/avr/4.9.2/../../../../avr/lib/avrxmega6\libm.a(fixunssfsi.o) (__fp_zero)
c:/program files (x86)/atmel/studio/7.0/toolchain/avr8/avr8-gnu-toolchain/bin/../lib/gcc/avr/4.9.2/../../../../avr/lib/avrxmega6\libm.a(mulsf3.o)
                              Periphery/CDS18B20.o (__mulsf3)
c:/program files (x86)/atmel/studio/7.0/toolchain/avr8/avr8-gnu-toolchain/bin/../lib/gcc/avr/4.9.2/../../../../avr/lib/avrxmega6\libm.a(mulsf3x.o)
                              c:/program files (x86)/atmel/studio/7.0/toolchain/avr8/avr8-gnu-toolchain/bin/../lib/gcc/avr/4.9.2/../../../../avr/lib/avrxmega6\libm.a(mulsf3.o) (__mulsf3x)
c:/program files (x86)/atmel/studio/7.0/toolchain/avr8/avr8-gnu-toolchain/bin/../lib/gcc/avr/4.9.2/../../../../avr/lib/avrxmega6\libm.a(fp_inf.o)
                              c:/program files (x86)/atmel/studio/7.0/toolchain/avr8/avr8-gnu-toolchain/bin/../lib/gcc/avr/4.9.2/../../../../avr/lib/avrxmega6\libm.a(mulsf3x.o) (__fp_inf)
c:/program files (x86)/atmel/studio/7.0/toolchain/avr8/avr8-gnu-toolchain/bin/../lib/gcc/avr/4.9.2/../../../../avr/lib/avrxmega6\libm.a(fp_nan.o)
                              c:/program files (x86)/atmel/studio/7.0/toolchain/avr8/avr8-gnu-toolchain/bin/../lib/gcc/avr/4.9.2/../../../../avr/lib/avrxmega6\libm.a(mulsf3x.o) (__fp_nan)
c:/program files (x86)/atmel/studio/7.0/toolchain/avr8/avr8-gnu-toolchain/bin/../lib/gcc/avr/4.9.2/../../../../avr/lib/avrxmega6\libm.a(fp_pscA.o)
                              c:/program files (x86)/atmel/studio/7.0/toolchain/avr8/avr8-gnu-toolchain/bin/../lib/gcc/avr/4.9.2/../../../../avr/lib/avrxmega6\libm.a(mulsf3x.o) (__fp_pscA)
c:/program files (x86)/atmel/studio/7.0/toolchain/avr8/avr8-gnu-toolchain/bin/../lib/gcc/avr/4.9.2/../../../../avr/lib/avrxmega6\libm.a(fp_pscB.o)
                              c:/program files (x86)/atmel/studio/7.0/toolchain/avr8/avr8-gnu-toolchain/bin/../lib/gcc/avr/4.9.2/../../../../avr/lib/avrxmega6\libm.a(mulsf3x.o) (__fp_pscB)
c:/program files (x86)/atmel/studio/7.0/toolchain/avr8/avr8-gnu-toolchain/bin/../lib/gcc/avr/4.9.2/../../../../avr/lib/avrxmega6\libm.a(fp_round.o)
                              c:/program files (x86)/atmel/studio/7.0/toolchain/avr8/avr8-gnu-toolchain/bin/../lib/gcc/avr/4.9.2/../../../../avr/lib/avrxmega6\libm.a(mulsf3.o) (__fp_round)
c:/program files (x86)/atmel/studio/7.0/toolchain/avr8/avr8-gnu-toolchain/bin/../lib/gcc/avr/4.9.2/avrxmega6\libgcc.a(_mulsi3.o)
                              CLaserControlApp.o (__mulsi3)
c:/program files (x86)/atmel/studio/7.0/toolchain/avr8/avr8-gnu-toolchain/bin/../lib/gcc/avr/4.9.2/avrxmega6\libgcc.a(_udivmodhi4.o)
                              CLaserControlApp.o (__udivmodhi4)
c:/program files (x86)/atmel/studio/7.0/toolchain/avr8/avr8-gnu-toolchain/bin/../lib/gcc/avr/4.9.2/avrxmega6\libgcc.a(_divmodhi4.o)
                              CLaserControlApp.o (__divmodhi4)
c:/program files (x86)/atmel/studio/7.0/toolchain/avr8/avr8-gnu-toolchain/bin/../lib/gcc/avr/4.9.2/avrxmega6\libgcc.a(_udivmodsi4.o)
                              CLaserControlApp.o (__udivmodsi4)
c:/program files (x86)/atmel/studio/7.0/toolchain/avr8/avr8-gnu-toolchain/bin/../lib/gcc/avr/4.9.2/avrxmega6\libgcc.a(_divmodsi4.o)
                              Periphery/CSoundPlayer.o (__divmodsi4)
c:/program files (x86)/atmel/studio/7.0/toolchain/avr8/avr8-gnu-toolchain/bin/../lib/gcc/avr/4.9.2/avrxmega6\libgcc.a(_negsi2.o)
[...]
Memory Configuration

Name             Origin             Length             Attributes
text             0x00000000         0x00100000         xr
data             0x00802000         0x0000ffa0         rw !x
eeprom           0x00810000         0x00010000         rw !x
fuse             0x00820000         0x00000006         rw !x
lock             0x00830000         0x00000400         rw !x
signature        0x00840000         0x00000400         rw !x
user_signatures  0x00850000         0x00000400         rw !x
*default*        0x00000000         0xffffffff

Linker script and memory map

LOAD c:/program files (x86)/atmel/studio/7.0/toolchain/avr8/avr8-gnu-toolchain/bin/../lib/gcc/avr/4.9.2/../../../../avr/lib/avrxmega6/crtatxmega128a3u.o
LOAD CDGUSDatabase.o
LOAD CLaserControlApp.o
LOAD DGUSGUI.o
LOAD LaserLib/CSPI.o
LOAD LaserLib/CTimer.o
LOAD LaserLib/CTimer1.o
LOAD LaserLib/CUSART.o
LOAD LaserLib/intx128.o
LOAD main.o
LOAD MODBUS/CMBProtocol.o
LOAD MODBUS/CMBSender.o
LOAD Periphery/CDGUSUSART.o
LOAD Periphery/CDS18B20.o
LOAD Periphery/CLaserBoard.o
LOAD Periphery/CSoundPlayer.o
LOAD Periphery/CTimerC.o
LOAD Periphery/CTimerC1.o
LOAD Periphery/CTimerD.o
LOAD Periphery/CTimerD1.o
LOAD Periphery/CTimerF.o
START GROUP
LOAD c:/program files (x86)/atmel/studio/7.0/toolchain/avr8/avr8-gnu-toolchain/bin/../lib/gcc/avr/4.9.2/../../../../avr/lib/avrxmega6\libm.a
END GROUP
LOAD c:/program files (x86)/atmel/studio/7.0/toolchain/avr8/avr8-gnu-toolchain/bin/../lib/gcc/avr/4.9.2/avrxmega6\libgcc.a
LOAD c:/program files (x86)/atmel/studio/7.0/toolchain/avr8/avr8-gnu-toolchain/bin/../lib/gcc/avr/4.9.2/../../../../avr/lib/avrxmega6\libm.a
START GROUP
LOAD c:/program files (x86)/atmel/studio/7.0/toolchain/avr8/avr8-gnu-toolchain/bin/../lib/gcc/avr/4.9.2/avrxmega6\libgcc.a
LOAD c:/program files (x86)/atmel/studio/7.0/toolchain/avr8/avr8-gnu-toolchain/bin/../lib/gcc/avr/4.9.2/../../../../avr/lib/avrxmega6\libm.a
LOAD c:/program files (x86)/atmel/studio/7.0/toolchain/avr8/avr8-gnu-toolchain/bin/../lib/gcc/avr/4.9.2/../../../../avr/lib/avrxmega6\libc.a
LOAD c:/program files (x86)/atmel/studio/7.0/toolchain/avr8/avr8-gnu-toolchain/bin/../lib/gcc/avr/4.9.2/../../../../avr/lib/avrxmega6\libatxmega128a3u.a
END GROUP
                0x00100000                __TEXT_REGION_LENGTH__ = DEFINED (__TEXT_REGION_LENGTH__)?__TEXT_REGION_LENGTH__:0x100000
                0x0000ffa0                __DATA_REGION_LENGTH__ = DEFINED (__DATA_REGION_LENGTH__)?__DATA_REGION_LENGTH__:0xffa0
                0x00010000                __EEPROM_REGION_LENGTH__ = DEFINED (__EEPROM_REGION_LENGTH__)?__EEPROM_REGION_LENGTH__:0x10000
                [0x00000006]                __FUSE_REGION_LENGTH__ = DEFINED (__FUSE_REGION_LENGTH__)?__FUSE_REGION_LENGTH__:0x400
                0x00000400                __LOCK_REGION_LENGTH__ = DEFINED (__LOCK_REGION_LENGTH__)?__LOCK_REGION_LENGTH__:0x400
                0x00000400                __SIGNATURE_REGION_LENGTH__ = DEFINED (__SIGNATURE_REGION_LENGTH__)?__SIGNATURE_REGION_LENGTH__:0x400
                0x00000400                __USER_SIGNATURE_REGION_LENGTH__ = DEFINED (__USER_SIGNATURE_REGION_LENGTH__)?__USER_SIGNATURE_REGION_LENGTH__:0x400

.hash
 *(.hash)

.dynsym
 *(.dynsym)

.dynstr
 *(.dynstr)

.gnu.version
 *(.gnu.version)

.gnu.version_d
 *(.gnu.version_d)

.gnu.version_r
 *(.gnu.version_r)

.rel.init
 *(.rel.init)

.rela.init
 *(.rela.init)

.rel.text
 *(.rel.text)
 *(.rel.text.*)
 *(.rel.gnu.linkonce.t*)

.rela.text
 *(.rela.text)
 *(.rela.text.*)
 *(.rela.gnu.linkonce.t*)

.rel.fini
 *(.rel.fini)

.rela.fini
 *(.rela.fini)

.rel.rodata
 *(.rel.rodata)
 *(.rel.rodata.*)
 *(.rel.gnu.linkonce.r*)

.rela.rodata
 *(.rela.rodata)
 *(.rela.rodata.*)
 *(.rela.gnu.linkonce.r*)

.rel.data
 *(.rel.data)
 *(.rel.data.*)
 *(.rel.gnu.linkonce.d*)

.rela.data
 *(.rela.data)
 *(.rela.data.*)
 *(.rela.gnu.linkonce.d*)

.rel.ctors
 *(.rel.ctors)

.rela.ctors
 *(.rela.ctors)

.rel.dtors
 *(.rel.dtors)

.rela.dtors
 *(.rela.dtors)

.rel.got
 *(.rel.got)

.rela.got
 *(.rela.got)

.rel.bss
 *(.rel.bss)

.rela.bss
 *(.rela.bss)

.rel.plt
 *(.rel.plt)

.rela.plt
 *(.rela.plt)

.text           0x00000000     0x6a6c
 *(.vectors)
 .vectors       0x00000000      0x1fc c:/program files (x86)/atmel/studio/7.0/toolchain/avr8/avr8-gnu-toolchain/bin/../lib/gcc/avr/4.9.2/../../../../avr/lib/avrxmega6/crtatxmega128a3u.o
                0x00000000                __vector_default
                0x00000000                __vectors
 *(.vectors)
 *(.progmem.gcc*)
 .progmem.gcc_sw_table._ZN16CLaserControlApp18OnRegisterReceivedEhPhh
                0x000001fc       0x60 CLaserControlApp.o
 .progmem.gcc_sw_table._ZN16CLaserControlApp18OnVariableReceivedEjPjj
                0x0000025c       0x24 CLaserControlApp.o
 .progmem.gcc_sw_table._ZN9CMBSender13OnReceiveByteEh
                0x00000280       0x16 MODBUS/CMBSender.o
                0x00000296                . = ALIGN (0x2)
                0x00000296                __trampolines_start = .
 *(.trampolines)
 .trampolines   0x00000296      0x280 linker stubs
 *(.trampolines*)
                0x00000516                __trampolines_end = .
 *libprintf_flt.a:*(.progmem.data)
 *libc.a:*(.progmem.data)
 *(.progmem*)
                0x00000516                . = ALIGN (0x2)
 *(.jumptables)
 *(.jumptables*)
 *(.lowtext)
 *(.lowtext*)
                0x00000516                __ctors_start = .
 *(.ctors)
 .ctors         0x00000516        0x2 main.o
                0x00000518                __ctors_end = .
                0x00000518                __dtors_start = .
 *(.dtors)
 .dtors         0x00000518        0x2 main.o
                0x0000051a                __dtors_end = .
 SORT(*)(.ctors)
 SORT(*)(.dtors)
 *(.init0)
 .init0         0x0000051a        0x0 c:/program files (x86)/atmel/studio/7.0/toolchain/avr8/avr8-gnu-toolchain/bin/../lib/gcc/avr/4.9.2/../../../../avr/lib/avrxmega6/crtatxmega128a3u.o
                0x0000051a                __init
 *(.init0)
 *(.init1)
 *(.init1)
 *(.init2)
 .init2         0x0000051a       0x10 c:/program files (x86)/atmel/studio/7.0/toolchain/avr8/avr8-gnu-toolchain/bin/../lib/gcc/avr/4.9.2/../../../../avr/lib/avrxmega6/crtatxmega128a3u.o
 *(.init2)
 *(.init3)
 *(.init3)
 *(.init4)
 .init4         0x0000052a       0x1a c:/program files (x86)/atmel/studio/7.0/toolchain/avr8/avr8-gnu-toolchain/bin/../lib/gcc/avr/4.9.2/avrxmega6\libgcc.a(_copy_data.o)
                0x0000052a                __do_copy_data
 .init4         0x00000544       0x10 c:/program files (x86)/atmel/studio/7.0/toolchain/avr8/avr8-gnu-toolchain/bin/../lib/gcc/avr/4.9.2/avrxmega6\libgcc.a(_clear_bss.o)
                0x00000544                __do_clear_bss
 *(.init4)
 *(.init5)
 *(.init5)
 *(.init6)
 .init6         0x00000554       0x20 c:/program files (x86)/atmel/studio/7.0/toolchain/avr8/avr8-gnu-toolchain/bin/../lib/gcc/avr/4.9.2/avrxmega6\libgcc.a(_ctors.o)
                0x00000554                __do_global_ctors
 *(.init6)
 *(.init7)
 *(.init7)
 *(.init8)
 *(.init8)
 *(.init9)
 .init9         0x00000574        0x8 c:/program files (x86)/atmel/studio/7.0/toolchain/avr8/avr8-gnu-toolchain/bin/../lib/gcc/avr/4.9.2/../../../../avr/lib/avrxmega6/crtatxmega128a3u.o
 *(.init9)
 *(.text)
 .text          0x0000057c        0x4 c:/program files (x86)/atmel/studio/7.0/toolchain/avr8/avr8-gnu-toolchain/bin/../lib/gcc/avr/4.9.2/../../../../avr/lib/avrxmega6/crtatxmega128a3u.o
                0x0000057c                __vector_75
                0x0000057c                __vector_102
                0x0000057c                __bad_interrupt
                0x0000057c                __vector_122
                0x0000057c                __vector_114
                0x0000057c                __vector_117
                0x0000057c                __vector_107
                0x0000057c                __vector_98
                0x0000057c                __vector_99
                0x0000057c                __vector_125
                0x0000057c                __vector_123
                0x0000057c                __vector_100
                0x0000057c                __vector_101
                0x0000057c                __vector_76
                0x0000057c                __vector_115
                0x0000057c                __vector_95
                0x0000057c                __vector_103
                0x0000057c                __vector_96
                0x0000057c                __vector_106
                0x0000057c                __vector_118
                0x0000057c                __vector_94
                0x0000057c                __vector_126
                0x0000057c                __vector_124
                0x0000057c                __vector_116
                0x0000057c                __vector_97
                0x00000580                . = ALIGN (0x2)
 *(.text.*)
 .text._ZN13CDGUSDatabaseC2Ev
                0x00000580        0x2 CDGUSDatabase.o
                0x00000580                _ZN13CDGUSDatabaseC2Ev
                0x00000580                _ZN13CDGUSDatabaseC1Ev
 .text._ZN13CDGUSDatabaseD2Ev
                0x00000582        0x2 CDGUSDatabase.o
                0x00000582                _ZN13CDGUSDatabaseD2Ev
                0x00000582                _ZN13CDGUSDatabaseD1Ev
 .text._ZN13CDGUSDatabase10InitializeEP9CMBSenderj
                0x00000584       0x18 CDGUSDatabase.o
                0x00000584                _ZN13CDGUSDatabase10InitializeEP9CMBSenderj
 .text._ZN13CDGUSDatabase18MapDatabaseToWriteEjmj
                0x0000059c       0xca CDGUSDatabase.o
                0x0000059c                _ZN13CDGUSDatabase18MapDatabaseToWriteEjmj
 .text._ZN13CDGUSDatabase17MapDatabaseToReadEjmj
                0x00000666       0xca CDGUSDatabase.o
                0x00000666                _ZN13CDGUSDatabase17MapDatabaseToReadEjmj
 .text._ZN13CDGUSDatabase5UnMapEv
                0x00000730       0x3c CDGUSDatabase.o
                0x00000730                _ZN13CDGUSDatabase5UnMapEv
 .text._ZN16CLaserControlApp21OnTransactionCallbackEPhj
                0x0000076c        0x2 CLaserControlApp.o
                0x0000076c                _ZN16CLaserControlApp21OnTransactionCallbackEPhj
 .text._ZN16CLaserControlApp18OnRegisterReceivedEhPhh
                0x0000076e      0x142 CLaserControlApp.o
                0x0000076e                _ZN16CLaserControlApp18OnRegisterReceivedEhPhh
 .text._ZN16CLaserControlApp18OnVariableReceivedEjPjj
                0x000008b0      0x19c CLaserControlApp.o
                0x000008b0                _ZN16CLaserControlApp18OnVariableReceivedEjPjj
 .text._ZN16CLaserControlAppC2Ev
                0x00000a4c        0xc CLaserControlApp.o
                0x00000a4c                _ZN16CLaserControlAppC2Ev
                0x00000a4c                _ZN16CLaserControlAppC1Ev
 .text._ZN16CLaserControlAppD2Ev
                0x00000a58       0x10 CLaserControlApp.o
                0x00000a58                _ZN16CLaserControlAppD2Ev
                0x00000a58                _ZN16CLaserControlAppD1Ev
 .text._ZN16CLaserControlApp18SetLaserDiodePowerEv
                0x00000a68       0x66 CLaserControlApp.o
                0x00000a68                _ZN16CLaserControlApp18SetLaserDiodePowerEv
 .text._ZN16CLaserControlApp22CalculateLaserSettingsEP24DGUS_LASERPROFILE_STRUCT
                0x00000ace      0x150 CLaserControlApp.o
                0x00000ace                _ZN16CLaserControlApp22CalculateLaserSettingsEP24DGUS_LASERPROFILE_STRUCT
 .text._ZN16CLaserControlApp11GetVariableEjj
                0x00000c1e       0x28 CLaserControlApp.o
                0x00000c1e                _ZN16CLaserControlApp11GetVariableEjj
 .text._ZN16CLaserControlApp11SetVariableEjPjj
                0x00000c46       0x20 CLaserControlApp.o
                0x00000c46                _ZN16CLaserControlApp11SetVariableEjPjj
 .text._ZN16CLaserControlApp12SetPictureIdEj
                0x00000c66       0x4c CLaserControlApp.o
                0x00000c66                _ZN16CLaserControlApp12SetPictureIdEj
 .text._ZN16CLaserControlApp12OnLaserTimerEv
                0x00000cb2       0x74 CLaserControlApp.o
                0x00000cb2                _ZN16CLaserControlApp12OnLaserTimerEv
 .text._ZN16CLaserControlApp22OnLaserTimerStopStaticEPv
                0x00000d26        0x6 CLaserControlApp.o
                0x00000d26                _ZN16CLaserControlApp22OnLaserTimerStopStaticEPv
 .text._ZN16CLaserControlApp13OnPWMTimerCMPEv
                0x00000d2c       0x12 CLaserControlApp.o
                0x00000d2c                _ZN16CLaserControlApp13OnPWMTimerCMPEv
 .text._ZN16CLaserControlApp19OnPWMTimerCMPStaticEPv
                0x00000d3e        0x6 CLaserControlApp.o
                0x00000d3e                _ZN16CLaserControlApp19OnPWMTimerCMPStaticEPv
 .text._ZN16CLaserControlApp19OnPWMTimerREDStaticEPv
                0x00000d44        0xa CLaserControlApp.o
                0x00000d44                _ZN16CLaserControlApp19OnPWMTimerREDStaticEPv
 .text._ZN16CLaserControlApp19OnPWMTimerGRNStaticEPv
                0x00000d4e        0xa CLaserControlApp.o
                0x00000d4e                _ZN16CLaserControlApp19OnPWMTimerGRNStaticEPv
 .text._ZN16CLaserControlApp19OnPWMTimerBLUStaticEPv
                0x00000d58        0xa CLaserControlApp.o
                0x00000d58                _ZN16CLaserControlApp19OnPWMTimerBLUStaticEPv
 .text._ZN16CLaserControlApp13MelaninPresetEj
                0x00000d62      0x170 CLaserControlApp.o
                0x00000d62                _ZN16CLaserControlApp13MelaninPresetEj
 .text._ZN16CLaserControlApp15PhototypePresetEj
                0x00000ed2      0x172 CLaserControlApp.o
                0x00000ed2                _ZN16CLaserControlApp15PhototypePresetEj
 .text._ZN16CLaserControlApp11CheckLimitsERjS0_16APP_PROFILE_ENUM
                0x00001044      0x1f4 CLaserControlApp.o
                0x00001044                _ZN16CLaserControlApp11CheckLimitsERjS0_16APP_PROFILE_ENUM
 .text._ZN16CLaserControlApp10InitializeEP9CMBSender
                0x00001238      0x216 CLaserControlApp.o
                0x00001238                _ZN16CLaserControlApp10InitializeEP9CMBSender
 .text._ZN16CLaserControlApp5StartEv
                0x0000144e       0x90 CLaserControlApp.o
                0x0000144e                _ZN16CLaserControlApp5StartEv
 .text._ZN16CLaserControlApp3RunEv
                0x000014de      0x87a CLaserControlApp.o
                0x000014de                _ZN16CLaserControlApp3RunEv
 .text._ZN16CLaserControlApp16OnLaserTimerStopEv
                0x00001d58       0x26 CLaserControlApp.o
                0x00001d58                _ZN16CLaserControlApp16OnLaserTimerStopEv
 .text._ZN16CLaserControlApp18OnLaserTimerStaticEPv
                0x00001d7e        0x6 CLaserControlApp.o
                0x00001d7e                _ZN16CLaserControlApp18OnLaserTimerStaticEPv
 .text._ZN16CLaserControlApp7OnTimerEv
                0x00001d84      0x242 CLaserControlApp.o
                0x00001d84                _ZN16CLaserControlApp7OnTimerEv
 .text._ZN16CLaserControlApp13OnTimerStaticEPv
                0x00001fc6        0x6 CLaserControlApp.o
                0x00001fc6                _ZN16CLaserControlApp13OnTimerStaticEPv
 .text._ZN16CLaserControlApp13OnPWMTimerOVFEv
                0x00001fcc      0x196 CLaserControlApp.o
                0x00001fcc                _ZN16CLaserControlApp13OnPWMTimerOVFEv
 .text._ZN16CLaserControlApp19OnPWMTimerOVFStaticEPv
                0x00002162        0x6 CLaserControlApp.o
                0x00002162                _ZN16CLaserControlApp19OnPWMTimerOVFStaticEPv
 .text._ZN16CLaserControlApp6OnINT0Ev
                0x00002168      0x144 CLaserControlApp.o
                0x00002168                _ZN16CLaserControlApp6OnINT0Ev
 .text._ZN16CLaserControlApp12OnINT0StaticEPv
                0x000022ac        0x6 CLaserControlApp.o
                0x000022ac                _ZN16CLaserControlApp12OnINT0StaticEPv
 .text._Z11ConvertDataPvS_jj
                0x000022b2       0x58 DGUSGUI.o
                0x000022b2                _Z11ConvertDataPvS_jj
 .text._Z3minjj
                0x0000230a        0xa DGUSGUI.o
                0x0000230a                _Z3minjj
 .text._Z3maxjj
                0x00002314        0xa DGUSGUI.o
                0x00002314                _Z3maxjj
 .text._Z4swapj
                0x0000231e        0x8 DGUSGUI.o
                0x0000231e                _Z4swapj
 .text._Z6swap32m
                0x00002326        0x8 DGUSGUI.o
                0x00002326                _Z6swap32m
 .text._ZN4CSPIC2Ev
                0x0000232e        0x2 LaserLib/CSPI.o
                0x0000232e                _ZN4CSPIC2Ev
                0x0000232e                _ZN4CSPIC1Ev
 .text._ZN4CSPID2Ev
                0x00002330        0x2 LaserLib/CSPI.o
                0x00002330                _ZN4CSPID2Ev
                0x00002330                _ZN4CSPID1Ev
 .text._ZN4CSPI10InitializeEb19SPI_DATA_ORDER_ENUM13SPI_MODE_ENUMb18SPI_PRESCALER_enum
                0x00002332       0x82 LaserLib/CSPI.o
                0x00002332                _ZN4CSPI10InitializeEb19SPI_DATA_ORDER_ENUM13SPI_MODE_ENUMb18SPI_PRESCALER_enum
 .text._ZN4CSPI4SendEPhj
                0x000023b4       0x40 LaserLib/CSPI.o
                0x000023b4                _ZN4CSPI4SendEPhj
 .text._ZN4CSPI10OnTransmitEv
                0x000023f4       0x30 LaserLib/CSPI.o
                0x000023f4                _ZN4CSPI10OnTransmitEv
 .text._ZN4CSPI16StaticOnTransmitEPv
                0x00002424        0x6 LaserLib/CSPI.o
                0x00002424                _ZN4CSPI16StaticOnTransmitEPv
 .text._ZN6CTimerC2Ev
                0x0000242a        0xc LaserLib/CTimer.o
                0x0000242a                _ZN6CTimerC1Ev
                0x0000242a                _ZN6CTimerC2Ev
 .text._ZN6CTimerD2Ev
                0x00002436        0x2 LaserLib/CTimer.o
                0x00002436                _ZN6CTimerD1Ev
                0x00002436                _ZN6CTimerD2Ev
 .text._ZN7CTimer1C2Ev
                0x00002438        0xc LaserLib/CTimer1.o
                0x00002438                _ZN7CTimer1C1Ev
                0x00002438                _ZN7CTimer1C2Ev
 .text._ZN7CTimer1D2Ev
                0x00002444        0x2 LaserLib/CTimer1.o
                0x00002444                _ZN7CTimer1D1Ev
                0x00002444                _ZN7CTimer1D2Ev
 .text._ZN6CUSARTC2Ev
                0x00002446        0xc LaserLib/CUSART.o
                0x00002446                _ZN6CUSARTC2Ev
                0x00002446                _ZN6CUSARTC1Ev
 .text._ZN6CUSARTD2Ev
                0x00002452        0x2 LaserLib/CUSART.o
                0x00002452                _ZN6CUSARTD1Ev
                0x00002452                _ZN6CUSARTD2Ev
 .text.__vector_1
                0x00002454       0x62 LaserLib/intx128.o
                0x00002454                __vector_1
 .text.__vector_2
                0x000024b6       0x62 LaserLib/intx128.o
                0x000024b6                __vector_2
 .text.__vector_3
                0x00002518       0x62 LaserLib/intx128.o
                0x00002518                __vector_3
 .text.__vector_4
                0x0000257a       0x62 LaserLib/intx128.o
                0x0000257a                __vector_4
 .text.__vector_5
                0x000025dc       0x62 LaserLib/intx128.o
                0x000025dc                __vector_5
 .text.__vector_6
                0x0000263e       0x62 LaserLib/intx128.o
                0x0000263e                __vector_6
 .text.__vector_7
                0x000026a0       0x62 LaserLib/intx128.o
                0x000026a0                __vector_7
 .text.__vector_8
                0x00002702       0x62 LaserLib/intx128.o
                0x00002702                __vector_8
 .text.__vector_9
                0x00002764       0x62 LaserLib/intx128.o
                0x00002764                __vector_9
 .text.__vector_10
                0x000027c6       0x62 LaserLib/intx128.o
                0x000027c6                __vector_10
 .text.__vector_11
                0x00002828       0x62 LaserLib/intx128.o
                0x00002828                __vector_11
 .text.__vector_12
                0x0000288a       0x62 LaserLib/intx128.o
                0x0000288a                __vector_12
 .text.__vector_13
                0x000028ec       0x62 LaserLib/intx128.o
                0x000028ec                __vector_13
 .text.__vector_14
                0x0000294e       0x62 LaserLib/intx128.o
                0x0000294e                __vector_14
 .text.__vector_15
                0x000029b0       0x62 LaserLib/intx128.o
                0x000029b0                __vector_15
 .text.__vector_16
                0x00002a12       0x62 LaserLib/intx128.o
                0x00002a12                __vector_16
 .text.__vector_17
                0x00002a74       0x62 LaserLib/intx128.o
                0x00002a74                __vector_17
 .text.__vector_18
                0x00002ad6       0x62 LaserLib/intx128.o
                0x00002ad6                __vector_18
 .text.__vector_19
                0x00002b38       0x62 LaserLib/intx128.o
                0x00002b38                __vector_19
 .text.__vector_20
                0x00002b9a       0x62 LaserLib/intx128.o
                0x00002b9a                __vector_20
 .text.__vector_21
                0x00002bfc       0x62 LaserLib/intx128.o
                0x00002bfc                __vector_21
 .text.__vector_22
                0x00002c5e       0x62 LaserLib/intx128.o
                0x00002c5e                __vector_22
 .text.__vector_23
                0x00002cc0       0x62 LaserLib/intx128.o
                0x00002cc0                __vector_23
 .text.__vector_24
                0x00002d22       0x62 LaserLib/intx128.o
                0x00002d22                __vector_24
 .text.__vector_25
                0x00002d84       0x62 LaserLib/intx128.o
                0x00002d84                __vector_25
 .text.__vector_26
                0x00002de6       0x62 LaserLib/intx128.o
                0x00002de6                __vector_26
 .text.__vector_27
                0x00002e48       0x62 LaserLib/intx128.o
                0x00002e48                __vector_27
 .text.__vector_28
                0x00002eaa       0x62 LaserLib/intx128.o
                0x00002eaa                __vector_28
 .text.__vector_29
                0x00002f0c       0x62 LaserLib/intx128.o
                0x00002f0c                __vector_29
 .text.__vector_30
                0x00002f6e       0x62 LaserLib/intx128.o
                0x00002f6e                __vector_30
 .text.__vector_31
                0x00002fd0       0x62 LaserLib/intx128.o
                0x00002fd0                __vector_31
 .text.__vector_32
                0x00003032       0x62 LaserLib/intx128.o
                0x00003032                __vector_32
 .text.__vector_33
                0x00003094       0x62 LaserLib/intx128.o
                0x00003094                __vector_33
 .text.__vector_34
                0x000030f6       0x62 LaserLib/intx128.o
                0x000030f6                __vector_34
 .text.__vector_35
                0x00003158       0x62 LaserLib/intx128.o
                0x00003158                __vector_35
 .text.__vector_36
                0x000031ba       0x62 LaserLib/intx128.o
                0x000031ba                __vector_36
 .text.__vector_37
                0x0000321c       0x62 LaserLib/intx128.o
                0x0000321c                __vector_37
 .text.__vector_38
                0x0000327e       0x62 LaserLib/intx128.o
                0x0000327e                __vector_38
 .text.__vector_39
                0x000032e0       0x62 LaserLib/intx128.o
                0x000032e0                __vector_39
 .text.__vector_40
                0x00003342       0x62 LaserLib/intx128.o
                0x00003342                __vector_40
 .text.__vector_41
                0x000033a4       0x62 LaserLib/intx128.o
                0x000033a4                __vector_41
 .text.__vector_42
                0x00003406       0x62 LaserLib/intx128.o
                0x00003406                __vector_42
 .text.__vector_43
                0x00003468       0x62 LaserLib/intx128.o
                0x00003468                __vector_43
 .text.__vector_44
                0x000034ca       0x62 LaserLib/intx128.o
                0x000034ca                __vector_44
 .text.__vector_45
                0x0000352c       0x62 LaserLib/intx128.o
                0x0000352c                __vector_45
 .text.__vector_46
                0x0000358e       0x62 LaserLib/intx128.o
                0x0000358e                __vector_46
 .text.__vector_47
                0x000035f0       0x62 LaserLib/intx128.o
                0x000035f0                __vector_47
 .text.__vector_48
                0x00003652       0x62 LaserLib/intx128.o
                0x00003652                __vector_48
 .text.__vector_49
                0x000036b4       0x62 LaserLib/intx128.o
                0x000036b4                __vector_49
 .text.__vector_50
                0x00003716       0x62 LaserLib/intx128.o
                0x00003716                __vector_50
 .text.__vector_51
                0x00003778       0x62 LaserLib/intx128.o
                0x00003778                __vector_51
 .text.__vector_52
                0x000037da       0x62 LaserLib/intx128.o
                0x000037da                __vector_52
 .text.__vector_53
                0x0000383c       0x62 LaserLib/intx128.o
                0x0000383c                __vector_53
 .text.__vector_54
                0x0000389e       0x62 LaserLib/intx128.o
                0x0000389e                __vector_54
 .text.__vector_55
                0x00003900       0x62 LaserLib/intx128.o
                0x00003900                __vector_55
 .text.__vector_56
                0x00003962       0x62 LaserLib/intx128.o
                0x00003962                __vector_56
 .text.__vector_57
                0x000039c4       0x62 LaserLib/intx128.o
                0x000039c4                __vector_57
 .text.__vector_58
                0x00003a26       0x62 LaserLib/intx128.o
                0x00003a26                __vector_58
 .text.__vector_59
                0x00003a88       0x62 LaserLib/intx128.o
                0x00003a88                __vector_59
 .text.__vector_60
                0x00003aea       0x62 LaserLib/intx128.o
                0x00003aea                __vector_60
 .text.__vector_61
                0x00003b4c       0x62 LaserLib/intx128.o
                0x00003b4c                __vector_61
 .text.__vector_62
                0x00003bae       0x62 LaserLib/intx128.o
                0x00003bae                __vector_62
 .text.__vector_63
                0x00003c10       0x62 LaserLib/intx128.o
                0x00003c10                __vector_63
 .text.__vector_64
                0x00003c72       0x62 LaserLib/intx128.o
                0x00003c72                __vector_64
 .text.__vector_65
                0x00003cd4       0x62 LaserLib/intx128.o
                0x00003cd4                __vector_65
 .text.__vector_66
                0x00003d36       0x62 LaserLib/intx128.o
                0x00003d36                __vector_66
 .text.__vector_67
                0x00003d98       0x62 LaserLib/intx128.o
                0x00003d98                __vector_67
 .text.__vector_68
                0x00003dfa       0x62 LaserLib/intx128.o
                0x00003dfa                __vector_68
 .text.__vector_69
                0x00003e5c       0x62 LaserLib/intx128.o
                0x00003e5c                __vector_69
 .text.__vector_70
                0x00003ebe       0x62 LaserLib/intx128.o
                0x00003ebe                __vector_70
 .text.__vector_71
                0x00003f20       0x62 LaserLib/intx128.o
                0x00003f20                __vector_71
 .text.__vector_72
                0x00003f82       0x62 LaserLib/intx128.o
                0x00003f82                __vector_72
 .text.__vector_73
                0x00003fe4       0x62 LaserLib/intx128.o
                0x00003fe4                __vector_73
 .text.__vector_74
                0x00004046       0x62 LaserLib/intx128.o
                0x00004046                __vector_74
 .text.__vector_77
                0x000040a8       0x62 LaserLib/intx128.o
                0x000040a8                __vector_77
 .text.__vector_78
                0x0000410a       0x62 LaserLib/intx128.o
                0x0000410a                __vector_78
 .text.__vector_79
                0x0000416c       0x62 LaserLib/intx128.o
                0x0000416c                __vector_79
 .text.__vector_80
                0x000041ce       0x62 LaserLib/intx128.o
                0x000041ce                __vector_80
 .text.__vector_81
                0x00004230       0x62 LaserLib/intx128.o
                0x00004230                __vector_81
 .text.__vector_82
                0x00004292       0x62 LaserLib/intx128.o
                0x00004292                __vector_82
 .text.__vector_83
                0x000042f4       0x62 LaserLib/intx128.o
                0x000042f4                __vector_83
 .text.__vector_84
                0x00004356       0x62 LaserLib/intx128.o
                0x00004356                __vector_84
 .text.__vector_85
                0x000043b8       0x62 LaserLib/intx128.o
                0x000043b8                __vector_85
 .text.__vector_86
                0x0000441a       0x62 LaserLib/intx128.o
                0x0000441a                __vector_86
 .text.__vector_87
                0x0000447c       0x62 LaserLib/intx128.o
                0x0000447c                __vector_87
 .text.__vector_88
                0x000044de       0x62 LaserLib/intx128.o
                0x000044de                __vector_88
 .text.__vector_89
                0x00004540       0x62 LaserLib/intx128.o
                0x00004540                __vector_89
 .text.__vector_90
                0x000045a2       0x62 LaserLib/intx128.o
                0x000045a2                __vector_90
 .text.__vector_91
                0x00004604       0x62 LaserLib/intx128.o
                0x00004604                __vector_91
 .text.__vector_92
                0x00004666       0x62 LaserLib/intx128.o
                0x00004666                __vector_92
 .text.__vector_93
                0x000046c8       0x62 LaserLib/intx128.o
                0x000046c8                __vector_93
 .text.__vector_104
                0x0000472a       0x62 LaserLib/intx128.o
                0x0000472a                __vector_104
 .text.__vector_105
                0x0000478c       0x62 LaserLib/intx128.o
                0x0000478c                __vector_105
 .text.__vector_108
                0x000047ee       0x62 LaserLib/intx128.o
                0x000047ee                __vector_108
 .text.__vector_109
                0x00004850       0x62 LaserLib/intx128.o
                0x00004850                __vector_109
 .text.__vector_110
                0x000048b2       0x62 LaserLib/intx128.o
                0x000048b2                __vector_110
 .text.__vector_111
                0x00004914       0x62 LaserLib/intx128.o
                0x00004914                __vector_111
 .text.__vector_112
                0x00004976       0x62 LaserLib/intx128.o
                0x00004976                __vector_112
 .text.__vector_113
                0x000049d8       0x62 LaserLib/intx128.o
                0x000049d8                __vector_113
 .text.__vector_119
                0x00004a3a       0x62 LaserLib/intx128.o
                0x00004a3a                __vector_119
 .text.__vector_120
                0x00004a9c       0x62 LaserLib/intx128.o
                0x00004a9c                __vector_120
 .text.__vector_121
                0x00004afe       0x62 LaserLib/intx128.o
                0x00004afe                __vector_121
 .text.__cxa_pure_virtual
                0x00004b60        0x6 main.o
                0x00004b60                __cxa_pure_virtual
 .text._GLOBAL__sub_I_dacSPI
                0x00004b66       0x6a main.o
 .text._GLOBAL__sub_D_dacSPI
                0x00004bd0       0x6a main.o
 .text._Z16SystemInitializev
                0x00004c3a      0x1f2 main.o
                0x00004c3a                _Z16SystemInitializev
 .text.main     0x00004e2c       0xe6 main.o
                0x00004e2c                main
 .text._ZN16CMBEventsHandler13FillRegDataTxEhPhh
                0x00004f12       0x62 MODBUS/CMBProtocol.o
                0x00004f12                _ZN16CMBEventsHandler13FillRegDataTxEhPhh
 .text._ZN16CMBEventsHandler13FillRegDataRqEhh
                0x00004f74       0x3e MODBUS/CMBProtocol.o
                0x00004f74                _ZN16CMBEventsHandler13FillRegDataRqEhh
 .text._ZN16CMBEventsHandler13FillVarDataTxEjPjj
                0x00004fb2       0x90 MODBUS/CMBProtocol.o
                0x00004fb2                _ZN16CMBEventsHandler13FillVarDataTxEjPjj
 .text._ZN16CMBEventsHandler13FillVarDataRqEjj
                0x00005042       0x46 MODBUS/CMBProtocol.o
                0x00005042                _ZN16CMBEventsHandler13FillVarDataRqEjj
 .text._ZN16CMBEventsHandler15AllocateBuffersEjj
                0x00005088       0x36 MODBUS/CMBProtocol.o
                0x00005088                _ZN16CMBEventsHandler15AllocateBuffersEjj
 .text._ZN16CMBEventsHandler11FreeBuffersEv
                0x000050be       0x1c MODBUS/CMBProtocol.o
                0x000050be                _ZN16CMBEventsHandler11FreeBuffersEv
 .text._ZN16CMBEventsHandlerD2Ev
                0x000050da        0x2 MODBUS/CMBProtocol.o
                0x000050da                _ZN16CMBEventsHandlerD2Ev
                0x000050da                _ZN16CMBEventsHandlerD1Ev
 .text._ZN9CMBSender18OnVariableReceivedEjPjj
                0x000050dc       0x1e MODBUS/CMBSender.o
                0x000050dc                _ZN9CMBSender18OnVariableReceivedEjPjj
 .text._ZN9CMBSender18OnRegisterReceivedEhPhh
                0x000050fa       0x1e MODBUS/CMBSender.o
                0x000050fa                _ZN9CMBSender18OnRegisterReceivedEhPhh
 .text._ZN9CMBSenderC2Ev
                0x00005118        0xc MODBUS/CMBSender.o
                0x00005118                _ZN9CMBSenderC2Ev
                0x00005118                _ZN9CMBSenderC1Ev
 .text._ZN9CMBSender10InitializeEP7CTimer1P6CUSARTP16CMBEventsHandlerjjj
                0x00005124       0xde MODBUS/CMBSender.o
                0x00005124                _ZN9CMBSender10InitializeEP7CTimer1P6CUSARTP16CMBEventsHandlerjjj
 .text._ZN9CMBSenderD2Ev
                0x00005202       0x10 MODBUS/CMBSender.o
                0x00005202                _ZN9CMBSenderD1Ev
                0x00005202                _ZN9CMBSenderD2Ev
 .text._ZN9CMBSender13OnReceiveByteEh
                0x00005212      0x15a MODBUS/CMBSender.o
                0x00005212                _ZN9CMBSender13OnReceiveByteEh
 .text._ZN9CMBSender18OnUSARTRxInterruptEPv
                0x0000536c       0x26 MODBUS/CMBSender.o
                0x0000536c                _ZN9CMBSender18OnUSARTRxInterruptEPv
 .text._ZN9CMBSender9OnTimeoutEv
                0x00005392       0x28 MODBUS/CMBSender.o
                0x00005392                _ZN9CMBSender9OnTimeoutEv
 .text._ZN9CMBSender18OnTimeoutInterruptEPv
                0x000053ba        0x6 MODBUS/CMBSender.o
                0x000053ba                _ZN9CMBSender18OnTimeoutInterruptEPv
 .text._ZN9CMBSender19StartMODBUSListenerEv
                0x000053c0       0x32 MODBUS/CMBSender.o
                0x000053c0                _ZN9CMBSender19StartMODBUSListenerEv
 .text._ZN9CMBSender14OnTransmitByteEv
                0x000053f2       0x92 MODBUS/CMBSender.o
                0x000053f2                _ZN9CMBSender14OnTransmitByteEv
 .text._ZN9CMBSender18OnUSARTTxInterruptEPv
                0x00005484        0x6 MODBUS/CMBSender.o
                0x00005484                _ZN9CMBSender18OnUSARTTxInterruptEPv
 .text._ZN9CMBSender18WaitMODBUSListenerEv
                0x0000548a       0x22 MODBUS/CMBSender.o
                0x0000548a                _ZN9CMBSender18WaitMODBUSListenerEv
 .text._ZN9CMBSender22StartMODBUSTransmitterEv
                0x000054ac       0x2a MODBUS/CMBSender.o
                0x000054ac                _ZN9CMBSender22StartMODBUSTransmitterEv
 .text._ZN9CMBSender24WriteDataToRegisterAsyncEhPhh
                0x000054d6       0x1e MODBUS/CMBSender.o
                0x000054d6                _ZN9CMBSender24WriteDataToRegisterAsyncEhPhh
 .text._ZN9CMBSender20WriteDataToSRAMAsyncEjPjj
                0x000054f4       0x1e MODBUS/CMBSender.o
                0x000054f4                _ZN9CMBSender20WriteDataToSRAMAsyncEjPjj
 .text._ZN9CMBSender28RequestDataFromRegisterAsyncEhh
                0x00005512       0x1e MODBUS/CMBSender.o
                0x00005512                _ZN9CMBSender28RequestDataFromRegisterAsyncEhh
 .text._ZN9CMBSender24RequestDataFromSRAMAsyncEjh
                0x00005530       0x20 MODBUS/CMBSender.o
                0x00005530                _ZN9CMBSender24RequestDataFromSRAMAsyncEjh
 .text._ZN9CMBSender21WaitMODBUSTransmitterEv
                0x00005550       0x22 MODBUS/CMBSender.o
                0x00005550                _ZN9CMBSender21WaitMODBUSTransmitterEv
 .text._ZN9CMBSender30StartMODBUSRegisterTransactionEhh
                0x00005572        0xc MODBUS/CMBSender.o
                0x00005572                _ZN9CMBSender30StartMODBUSRegisterTransactionEhh
 .text._ZN9CMBSender30StartMODBUSVariableTransactionEjh
                0x0000557e        0xc MODBUS/CMBSender.o
                0x0000557e                _ZN9CMBSender30StartMODBUSVariableTransactionEjh
 .text._ZN9CMBSender18ProcessTransactionEPhj
                0x0000558a       0x62 MODBUS/CMBSender.o
                0x0000558a                _ZN9CMBSender18ProcessTransactionEPhj
 .text._ZN9CMBSender21OnTransactionCallbackEPhj
                0x000055ec        0x6 MODBUS/CMBSender.o
                0x000055ec                _ZN9CMBSender21OnTransactionCallbackEPhj
 .text._ZN10CDGUSUSART10InitializeE13BAUDRATE_ENUM11PARITY_ENUM12STOBITS_ENUMb
                0x000055f2       0x76 Periphery/CDGUSUSART.o
                0x000055f2                _ZN10CDGUSUSART10InitializeE13BAUDRATE_ENUM11PARITY_ENUM12STOBITS_ENUMb
 .text._ZN10CDGUSUSART15GetReceivedByteEv
                0x00005668        0x6 Periphery/CDGUSUSART.o
                0x00005668                _ZN10CDGUSUSART15GetReceivedByteEv
 .text._ZN10CDGUSUSART19SetTransmittingByteEh
                0x0000566e        0x6 Periphery/CDGUSUSART.o
                0x0000566e                _ZN10CDGUSUSART19SetTransmittingByteEh
 .text._ZN10CDGUSUSART14IsTransmittingEv
                0x00005674       0x10 Periphery/CDGUSUSART.o
                0x00005674                _ZN10CDGUSUSART14IsTransmittingEv
 .text._ZN10CDGUSUSART11IsReceivingEv
                0x00005684        0xe Periphery/CDGUSUSART.o
                0x00005684                _ZN10CDGUSUSART11IsReceivingEv
 .text._ZN10CDGUSUSART11IsDataEmptyEv
                0x00005692       0x10 Periphery/CDGUSUSART.o
                0x00005692                _ZN10CDGUSUSART11IsDataEmptyEv
 .text._ZN10CDGUSUSART25SetRxInterruptionCallbackEPvPFvS0_E
                0x000056a2       0x12 Periphery/CDGUSUSART.o
                0x000056a2                _ZN10CDGUSUSART25SetRxInterruptionCallbackEPvPFvS0_E
 .text._ZN10CDGUSUSART25SetTxInterruptionCallbackEPvPFvS0_E
                0x000056b4       0x12 Periphery/CDGUSUSART.o
                0x000056b4                _ZN10CDGUSUSART25SetTxInterruptionCallbackEPvPFvS0_E
 .text._ZN10CDGUSUSART12SetDMARxTrigEP13DMA_CH_struct
                0x000056c6       0x12 Periphery/CDGUSUSART.o
                0x000056c6                _ZN10CDGUSUSART12SetDMARxTrigEP13DMA_CH_struct
 .text._ZN10CDGUSUSART12SetDMATxTrigEP13DMA_CH_struct
                0x000056d8       0x12 Periphery/CDGUSUSART.o
                0x000056d8                _ZN10CDGUSUSART12SetDMATxTrigEP13DMA_CH_struct
 .text._ZN10CDGUSUSARTC2Ev
                0x000056ea       0x18 Periphery/CDGUSUSART.o
                0x000056ea                _ZN10CDGUSUSARTC1Ev
                0x000056ea                _ZN10CDGUSUSARTC2Ev
 .text._ZN10CDGUSUSARTD2Ev
                0x00005702       0x10 Periphery/CDGUSUSART.o
                0x00005702                _ZN10CDGUSUSARTD2Ev
                0x00005702                _ZN10CDGUSUSARTD1Ev
 .text._ZN8CDS18B20C2Ev
                0x00005712        0x2 Periphery/CDS18B20.o
                0x00005712                _ZN8CDS18B20C2Ev
                0x00005712                _ZN8CDS18B20C1Ev
 .text._ZN8CDS18B20D2Ev
                0x00005714        0x2 Periphery/CDS18B20.o
                0x00005714                _ZN8CDS18B20D1Ev
                0x00005714                _ZN8CDS18B20D2Ev
 .text._ZN8CDS18B207w1_findEv
                0x00005716       0x3a Periphery/CDS18B20.o
                0x00005716                _ZN8CDS18B207w1_findEv
 .text._ZN8CDS18B2010w1_sendcmdEh
                0x00005750       0x6e Periphery/CDS18B20.o
                0x00005750                _ZN8CDS18B2010w1_sendcmdEh
 .text._ZN8CDS18B2015w1_receive_byteEv
                0x000057be       0x66 Periphery/CDS18B20.o
                0x000057be                _ZN8CDS18B2015w1_receive_byteEv
 .text._ZN8CDS18B2010temp_18b20Ev
                0x00005824       0x96 Periphery/CDS18B20.o
                0x00005824                _ZN8CDS18B2010temp_18b20Ev
 .text._ZN8CDS18B2010InitializeEv
                0x000058ba       0x1e Periphery/CDS18B20.o
                0x000058ba                _ZN8CDS18B2010InitializeEv
 .text._ZN11CLaserBoardC2Ev
                0x000058d8        0x2 Periphery/CLaserBoard.o
                0x000058d8                _ZN11CLaserBoardC1Ev
                0x000058d8                _ZN11CLaserBoardC2Ev
 .text._ZN11CLaserBoardD2Ev
                0x000058da        0x2 Periphery/CLaserBoard.o
                0x000058da                _ZN11CLaserBoardD2Ev
                0x000058da                _ZN11CLaserBoardD1Ev
 .text._ZN11CLaserBoard12InitializeIOEv
                0x000058dc       0xc0 Periphery/CLaserBoard.o
                0x000058dc                _ZN11CLaserBoard12InitializeIOEv
 .text._ZN11CLaserBoard15InitializeClockEv
                0x0000599c       0x6a Periphery/CLaserBoard.o
                0x0000599c                _ZN11CLaserBoard15InitializeClockEv
 .text._ZN11CLaserBoard5PWMOnEv
                0x00005a06        0x8 Periphery/CLaserBoard.o
                0x00005a06                _ZN11CLaserBoard5PWMOnEv
 .text._ZN11CLaserBoard6PWMOffEv
                0x00005a0e        0x8 Periphery/CLaserBoard.o
                0x00005a0e                _ZN11CLaserBoard6PWMOffEv
 .text._ZN11CLaserBoard5REDOnEv
                0x00005a16        0x8 Periphery/CLaserBoard.o
                0x00005a16                _ZN11CLaserBoard5REDOnEv
 .text._ZN11CLaserBoard6REDOffEv
                0x00005a1e        0x8 Periphery/CLaserBoard.o
                0x00005a1e                _ZN11CLaserBoard6REDOffEv
 .text._ZN11CLaserBoard5GRNOnEv
                0x00005a26        0x8 Periphery/CLaserBoard.o
                0x00005a26                _ZN11CLaserBoard5GRNOnEv
 .text._ZN11CLaserBoard6GRNOffEv
                0x00005a2e        0x8 Periphery/CLaserBoard.o
                0x00005a2e                _ZN11CLaserBoard6GRNOffEv
 .text._ZN11CLaserBoard5BLUOnEv
                0x00005a36        0x8 Periphery/CLaserBoard.o
                0x00005a36                _ZN11CLaserBoard5BLUOnEv
 .text._ZN11CLaserBoard6BLUOffEv
                0x00005a3e        0x8 Periphery/CLaserBoard.o
                0x00005a3e                _ZN11CLaserBoard6BLUOffEv
 .text._ZN11CLaserBoard8Relay1OnEv
                0x00005a46        0x8 Periphery/CLaserBoard.o
                0x00005a46                _ZN11CLaserBoard8Relay1OnEv
 .text._ZN11CLaserBoard8Relay2OnEv
                0x00005a4e        0x8 Periphery/CLaserBoard.o
                0x00005a4e                _ZN11CLaserBoard8Relay2OnEv
 .text._ZN11CLaserBoard9Relay2OffEv
                0x00005a56        0x8 Periphery/CLaserBoard.o
                0x00005a56                _ZN11CLaserBoard9Relay2OffEv
 .text._ZN11CLaserBoard12LaserPowerOnEv
                0x00005a5e        0x8 Periphery/CLaserBoard.o
                0x00005a5e                _ZN11CLaserBoard12LaserPowerOnEv
 .text._ZN11CLaserBoard13LaserPowerOffEv
                0x00005a66        0x8 Periphery/CLaserBoard.o
                0x00005a66                _ZN11CLaserBoard13LaserPowerOffEv
 .text._ZN11CLaserBoard4BeepEv
                0x00005a6e       0x30 Periphery/CLaserBoard.o
                0x00005a6e                _ZN11CLaserBoard4BeepEv
 .text._ZN11CLaserBoard14BeepClassErrorEv
                0x00005a9e       0x54 Periphery/CLaserBoard.o
                0x00005a9e                _ZN11CLaserBoard14BeepClassErrorEv
 .text._ZN11CLaserBoard9PortCheckEv
                0x00005af2        0xa Periphery/CLaserBoard.o
                0x00005af2                _ZN11CLaserBoard9PortCheckEv
 .text._ZN11CLaserBoard10FootswitchEv
                0x00005afc        0x8 Periphery/CLaserBoard.o
                0x00005afc                _ZN11CLaserBoard10FootswitchEv
 .text._ZN12CSoundPlayerC2Ev
                0x00005b04        0x2 Periphery/CSoundPlayer.o
                0x00005b04                _ZN12CSoundPlayerC2Ev
                0x00005b04                _ZN12CSoundPlayerC1Ev
 .text._ZN12CSoundPlayerD2Ev
                0x00005b06        0x2 Periphery/CSoundPlayer.o
                0x00005b06                _ZN12CSoundPlayerD1Ev
                0x00005b06                _ZN12CSoundPlayerD2Ev
 .text._ZN12CSoundPlayer19InitializeToneTimerEv
                0x00005b08       0x22 Periphery/CSoundPlayer.o
                0x00005b08                _ZN12CSoundPlayer19InitializeToneTimerEv
 .text._ZN12CSoundPlayer23InitializeDurationTimerEv
                0x00005b2a       0x18 Periphery/CSoundPlayer.o
                0x00005b2a                _ZN12CSoundPlayer23InitializeDurationTimerEv
 .text._ZN12CSoundPlayer10SoundStartEjjh
                0x00005b42       0x68 Periphery/CSoundPlayer.o
                0x00005b42                _ZN12CSoundPlayer10SoundStartEjjh
 .text._ZN12CSoundPlayer9SoundStopEv
                0x00005baa       0x3c Periphery/CSoundPlayer.o
                0x00005baa                _ZN12CSoundPlayer9SoundStopEv
 .text._ZN12CSoundPlayer10InitializeEv
                0x00005be6       0x16 Periphery/CSoundPlayer.o
                0x00005be6                _ZN12CSoundPlayer10InitializeEv
 .text._ZN7CTimerC10InitializeE27TIMER_WAVEFORMGEN_MODE_ENUM22TIMER_CLOCKSELECT_ENUM
                0x00005bfc       0x36 Periphery/CTimerC.o
                0x00005bfc                _ZN7CTimerC10InitializeE27TIMER_WAVEFORMGEN_MODE_ENUM22TIMER_CLOCKSELECT_ENUM
 .text._ZN7CTimerC5StartEj
                0x00005c32       0x1a Periphery/CTimerC.o
                0x00005c32                _ZN7CTimerC5StartEj
 .text._ZN7CTimerC4StopEv
                0x00005c4c       0x10 Periphery/CTimerC.o
                0x00005c4c                _ZN7CTimerC4StopEv
 .text._ZN7CTimerC13EnableChannelE19TIMER_CHANNELS_ENUM
                0x00005c5c        0xe Periphery/CTimerC.o
                0x00005c5c                _ZN7CTimerC13EnableChannelE19TIMER_CHANNELS_ENUM
 .text._ZN7CTimerC14DisableChannelE19TIMER_CHANNELS_ENUM
                0x00005c6a        0xe Periphery/CTimerC.o
                0x00005c6a                _ZN7CTimerC14DisableChannelE19TIMER_CHANNELS_ENUM
 .text._ZN7CTimerC9SetPeriodEj
                0x00005c78        0xa Periphery/CTimerC.o
                0x00005c78                _ZN7CTimerC9SetPeriodEj
 .text._ZN7CTimerC8SetCOMPAEj
                0x00005c82        0xa Periphery/CTimerC.o
                0x00005c82                _ZN7CTimerC8SetCOMPAEj
 .text._ZN7CTimerC8SetCOMPBEj
                0x00005c8c        0xa Periphery/CTimerC.o
                0x00005c8c                _ZN7CTimerC8SetCOMPBEj
 .text._ZN7CTimerC8SetCOMPCEj
                0x00005c96        0xa Periphery/CTimerC.o
                0x00005c96                _ZN7CTimerC8SetCOMPCEj
 .text._ZN7CTimerC8SetCOMPDEj
                0x00005ca0        0xa Periphery/CTimerC.o
                0x00005ca0                _ZN7CTimerC8SetCOMPDEj
 .text._ZN7CTimerC14SetOVFCallbackEPFvPvES0_17TC_OVFINTLVL_enum
                0x00005caa       0x22 Periphery/CTimerC.o
                0x00005caa                _ZN7CTimerC14SetOVFCallbackEPFvPvES0_17TC_OVFINTLVL_enum
 .text._ZN7CTimerC14SetERRCallbackEPFvPvES0_17TC_ERRINTLVL_enum
                0x00005ccc       0x22 Periphery/CTimerC.o
                0x00005ccc                _ZN7CTimerC14SetERRCallbackEPFvPvES0_17TC_ERRINTLVL_enum
 .text._ZN7CTimerC16SetCOMPACallbackEPFvPvES0_17TC_CCAINTLVL_enum
                0x00005cee       0x22 Periphery/CTimerC.o
                0x00005cee                _ZN7CTimerC16SetCOMPACallbackEPFvPvES0_17TC_CCAINTLVL_enum
 .text._ZN7CTimerC16SetCOMPBCallbackEPFvPvES0_17TC_CCBINTLVL_enum
                0x00005d10       0x22 Periphery/CTimerC.o
                0x00005d10                _ZN7CTimerC16SetCOMPBCallbackEPFvPvES0_17TC_CCBINTLVL_enum
 .text._ZN7CTimerC16SetCOMPCCallbackEPFvPvES0_17TC_CCCINTLVL_enum
                0x00005d32       0x22 Periphery/CTimerC.o
                0x00005d32                _ZN7CTimerC16SetCOMPCCallbackEPFvPvES0_17TC_CCCINTLVL_enum
 .text._ZN7CTimerC16SetCOMPDCallbackEPFvPvES0_17TC_CCDINTLVL_enum
                0x00005d54       0x22 Periphery/CTimerC.o
                0x00005d54                _ZN7CTimerC16SetCOMPDCallbackEPFvPvES0_17TC_CCDINTLVL_enum
 .text._ZN7CTimerCC2Ev
                0x00005d76       0x18 Periphery/CTimerC.o
                0x00005d76                _ZN7CTimerCC1Ev
                0x00005d76                _ZN7CTimerCC2Ev
 .text._ZN7CTimerCD2Ev
                0x00005d8e       0x10 Periphery/CTimerC.o
                0x00005d8e                _ZN7CTimerCD1Ev
                0x00005d8e                _ZN7CTimerCD2Ev
 .text._ZN8CTimerC110InitializeE27TIMER_WAVEFORMGEN_MODE_ENUM22TIMER_CLOCKSELECT_ENUM
                0x00005d9e       0x2e Periphery/CTimerC1.o
                0x00005d9e                _ZN8CTimerC110InitializeE27TIMER_WAVEFORMGEN_MODE_ENUM22TIMER_CLOCKSELECT_ENUM
 .text._ZN8CTimerC15StartEj
                0x00005dcc       0x1a Periphery/CTimerC1.o
                0x00005dcc                _ZN8CTimerC15StartEj
 .text._ZN8CTimerC14StopEv
                0x00005de6       0x10 Periphery/CTimerC1.o
                0x00005de6                _ZN8CTimerC14StopEv
 .text._ZN8CTimerC15ResetEv
                0x00005df6       0x14 Periphery/CTimerC1.o
                0x00005df6                _ZN8CTimerC15ResetEv
 .text._ZN8CTimerC113EnableChannelE19TIMER_CHANNELS_ENUM
                0x00005e0a        0xe Periphery/CTimerC1.o
                0x00005e0a                _ZN8CTimerC113EnableChannelE19TIMER_CHANNELS_ENUM
 .text._ZN8CTimerC114DisableChannelE19TIMER_CHANNELS_ENUM
                0x00005e18        0xe Periphery/CTimerC1.o
                0x00005e18                _ZN8CTimerC114DisableChannelE19TIMER_CHANNELS_ENUM
 .text._ZN8CTimerC19SetPeriodEj
                0x00005e26        0xa Periphery/CTimerC1.o
                0x00005e26                _ZN8CTimerC19SetPeriodEj
 .text._ZN8CTimerC18SetCOMPAEj
                0x00005e30        0xa Periphery/CTimerC1.o
                0x00005e30                _ZN8CTimerC18SetCOMPAEj
 .text._ZN8CTimerC18SetCOMPBEj
                0x00005e3a        0xa Periphery/CTimerC1.o
                0x00005e3a                _ZN8CTimerC18SetCOMPBEj
 .text._ZN8CTimerC114SetOVFCallbackEPFvPvES0_17TC_OVFINTLVL_enum
                0x00005e44       0x24 Periphery/CTimerC1.o
                0x00005e44                _ZN8CTimerC114SetOVFCallbackEPFvPvES0_17TC_OVFINTLVL_enum
 .text._ZN8CTimerC114SetERRCallbackEPFvPvES0_17TC_ERRINTLVL_enum
                0x00005e68       0x24 Periphery/CTimerC1.o
                0x00005e68                _ZN8CTimerC114SetERRCallbackEPFvPvES0_17TC_ERRINTLVL_enum
 .text._ZN8CTimerC116SetCOMPACallbackEPFvPvES0_17TC_CCAINTLVL_enum
                0x00005e8c       0x24 Periphery/CTimerC1.o
                0x00005e8c                _ZN8CTimerC116SetCOMPACallbackEPFvPvES0_17TC_CCAINTLVL_enum
 .text._ZN8CTimerC116SetCOMPBCallbackEPFvPvES0_17TC_CCBINTLVL_enum
                0x00005eb0       0x24 Periphery/CTimerC1.o
                0x00005eb0                _ZN8CTimerC116SetCOMPBCallbackEPFvPvES0_17TC_CCBINTLVL_enum
 .text._ZN8CTimerC1C2Ev
                0x00005ed4       0x18 Periphery/CTimerC1.o
                0x00005ed4                _ZN8CTimerC1C2Ev
                0x00005ed4                _ZN8CTimerC1C1Ev
 .text._ZN8CTimerC1D2Ev
                0x00005eec       0x10 Periphery/CTimerC1.o
                0x00005eec                _ZN8CTimerC1D2Ev
                0x00005eec                _ZN8CTimerC1D1Ev
 .text._ZN7CTimerD10InitializeE27TIMER_WAVEFORMGEN_MODE_ENUM22TIMER_CLOCKSELECT_ENUM
                0x00005efc       0x36 Periphery/CTimerD.o
                0x00005efc                _ZN7CTimerD10InitializeE27TIMER_WAVEFORMGEN_MODE_ENUM22TIMER_CLOCKSELECT_ENUM
 .text._ZN7CTimerD5StartEj
                0x00005f32       0x1a Periphery/CTimerD.o
                0x00005f32                _ZN7CTimerD5StartEj
 .text._ZN7CTimerD4StopEv
                0x00005f4c       0x10 Periphery/CTimerD.o
                0x00005f4c                _ZN7CTimerD4StopEv
 .text._ZN7CTimerD13EnableChannelE19TIMER_CHANNELS_ENUM
                0x00005f5c        0xe Periphery/CTimerD.o
                0x00005f5c                _ZN7CTimerD13EnableChannelE19TIMER_CHANNELS_ENUM
 .text._ZN7CTimerD14DisableChannelE19TIMER_CHANNELS_ENUM
                0x00005f6a        0xe Periphery/CTimerD.o
                0x00005f6a                _ZN7CTimerD14DisableChannelE19TIMER_CHANNELS_ENUM
 .text._ZN7CTimerD9SetPeriodEj
                0x00005f78        0xa Periphery/CTimerD.o
                0x00005f78                _ZN7CTimerD9SetPeriodEj
 .text._ZN7CTimerD8SetCOMPAEj
                0x00005f82        0xa Periphery/CTimerD.o
                0x00005f82                _ZN7CTimerD8SetCOMPAEj
 .text._ZN7CTimerD8SetCOMPBEj
                0x00005f8c        0xa Periphery/CTimerD.o
                0x00005f8c                _ZN7CTimerD8SetCOMPBEj
 .text._ZN7CTimerD8SetCOMPCEj
                0x00005f96        0xa Periphery/CTimerD.o
                0x00005f96                _ZN7CTimerD8SetCOMPCEj
 .text._ZN7CTimerD8SetCOMPDEj
                0x00005fa0        0xa Periphery/CTimerD.o
                0x00005fa0                _ZN7CTimerD8SetCOMPDEj
 .text._ZN7CTimerD14SetOVFCallbackEPFvPvES0_17TC_OVFINTLVL_enum
                0x00005faa       0x22 Periphery/CTimerD.o
                0x00005faa                _ZN7CTimerD14SetOVFCallbackEPFvPvES0_17TC_OVFINTLVL_enum
 .text._ZN7CTimerD14SetERRCallbackEPFvPvES0_17TC_ERRINTLVL_enum
                0x00005fcc       0x22 Periphery/CTimerD.o
                0x00005fcc                _ZN7CTimerD14SetERRCallbackEPFvPvES0_17TC_ERRINTLVL_enum
 .text._ZN7CTimerD16SetCOMPACallbackEPFvPvES0_17TC_CCAINTLVL_enum
                0x00005fee       0x22 Periphery/CTimerD.o
                0x00005fee                _ZN7CTimerD16SetCOMPACallbackEPFvPvES0_17TC_CCAINTLVL_enum
 .text._ZN7CTimerD16SetCOMPBCallbackEPFvPvES0_17TC_CCBINTLVL_enum
                0x00006010       0x22 Periphery/CTimerD.o
                0x00006010                _ZN7CTimerD16SetCOMPBCallbackEPFvPvES0_17TC_CCBINTLVL_enum
 .text._ZN7CTimerD16SetCOMPCCallbackEPFvPvES0_17TC_CCCINTLVL_enum
                0x00006032       0x22 Periphery/CTimerD.o
                0x00006032                _ZN7CTimerD16SetCOMPCCallbackEPFvPvES0_17TC_CCCINTLVL_enum
 .text._ZN7CTimerD16SetCOMPDCallbackEPFvPvES0_17TC_CCDINTLVL_enum
                0x00006054       0x22 Periphery/CTimerD.o
                0x00006054                _ZN7CTimerD16SetCOMPDCallbackEPFvPvES0_17TC_CCDINTLVL_enum
 .text._ZN7CTimerDC2Ev
                0x00006076       0x18 Periphery/CTimerD.o
                0x00006076                _ZN7CTimerDC1Ev
                0x00006076                _ZN7CTimerDC2Ev
 .text._ZN7CTimerDD2Ev
                0x0000608e       0x10 Periphery/CTimerD.o
                0x0000608e                _ZN7CTimerDD2Ev
                0x0000608e                _ZN7CTimerDD1Ev
 .text._ZN8CTimerD110InitializeE27TIMER_WAVEFORMGEN_MODE_ENUM22TIMER_CLOCKSELECT_ENUM
                0x0000609e       0x2e Periphery/CTimerD1.o
                0x0000609e                _ZN8CTimerD110InitializeE27TIMER_WAVEFORMGEN_MODE_ENUM22TIMER_CLOCKSELECT_ENUM
 .text._ZN8CTimerD15StartEj
                0x000060cc       0x1a Periphery/CTimerD1.o
                0x000060cc                _ZN8CTimerD15StartEj
 .text._ZN8CTimerD14StopEv
                0x000060e6       0x10 Periphery/CTimerD1.o
                0x000060e6                _ZN8CTimerD14StopEv
 .text._ZN8CTimerD15ResetEv
                0x000060f6       0x14 Periphery/CTimerD1.o
                0x000060f6                _ZN8CTimerD15ResetEv
 .text._ZN8CTimerD113EnableChannelE19TIMER_CHANNELS_ENUM
                0x0000610a        0xe Periphery/CTimerD1.o
                0x0000610a                _ZN8CTimerD113EnableChannelE19TIMER_CHANNELS_ENUM
 .text._ZN8CTimerD114DisableChannelE19TIMER_CHANNELS_ENUM
                0x00006118        0xe Periphery/CTimerD1.o
                0x00006118                _ZN8CTimerD114DisableChannelE19TIMER_CHANNELS_ENUM
 .text._ZN8CTimerD19SetPeriodEj
                0x00006126        0xa Periphery/CTimerD1.o
                0x00006126                _ZN8CTimerD19SetPeriodEj
 .text._ZN8CTimerD18SetCOMPAEj
                0x00006130        0xa Periphery/CTimerD1.o
                0x00006130                _ZN8CTimerD18SetCOMPAEj
 .text._ZN8CTimerD18SetCOMPBEj
                0x0000613a        0xa Periphery/CTimerD1.o
                0x0000613a                _ZN8CTimerD18SetCOMPBEj
 .text._ZN8CTimerD114SetOVFCallbackEPFvPvES0_17TC_OVFINTLVL_enum
                0x00006144       0x22 Periphery/CTimerD1.o
                0x00006144                _ZN8CTimerD114SetOVFCallbackEPFvPvES0_17TC_OVFINTLVL_enum
 .text._ZN8CTimerD114SetERRCallbackEPFvPvES0_17TC_ERRINTLVL_enum
                0x00006166       0x22 Periphery/CTimerD1.o
                0x00006166                _ZN8CTimerD114SetERRCallbackEPFvPvES0_17TC_ERRINTLVL_enum
 .text._ZN8CTimerD116SetCOMPACallbackEPFvPvES0_17TC_CCAINTLVL_enum
                0x00006188       0x22 Periphery/CTimerD1.o
                0x00006188                _ZN8CTimerD116SetCOMPACallbackEPFvPvES0_17TC_CCAINTLVL_enum
 .text._ZN8CTimerD116SetCOMPBCallbackEPFvPvES0_17TC_CCBINTLVL_enum
                0x000061aa       0x22 Periphery/CTimerD1.o
                0x000061aa                _ZN8CTimerD116SetCOMPBCallbackEPFvPvES0_17TC_CCBINTLVL_enum
 .text._ZN8CTimerD1C2Ev
                0x000061cc       0x18 Periphery/CTimerD1.o
                0x000061cc                _ZN8CTimerD1C2Ev
                0x000061cc                _ZN8CTimerD1C1Ev
 .text._ZN8CTimerD1D2Ev
                0x000061e4       0x10 Periphery/CTimerD1.o
                0x000061e4                _ZN8CTimerD1D2Ev
                0x000061e4                _ZN8CTimerD1D1Ev
 .text._ZN7CTimerF10InitializeE27TIMER_WAVEFORMGEN_MODE_ENUM22TIMER_CLOCKSELECT_ENUM
                0x000061f4       0x36 Periphery/CTimerF.o
                0x000061f4                _ZN7CTimerF10InitializeE27TIMER_WAVEFORMGEN_MODE_ENUM22TIMER_CLOCKSELECT_ENUM
 .text._ZN7CTimerF5StartEj
                0x0000622a       0x1a Periphery/CTimerF.o
                0x0000622a                _ZN7CTimerF5StartEj
 .text._ZN7CTimerF4StopEv
                0x00006244       0x10 Periphery/CTimerF.o
                0x00006244                _ZN7CTimerF4StopEv
 .text._ZN7CTimerF13EnableChannelE19TIMER_CHANNELS_ENUM
                0x00006254        0xc Periphery/CTimerF.o
                0x00006254                _ZN7CTimerF13EnableChannelE19TIMER_CHANNELS_ENUM
 .text._ZN7CTimerF14DisableChannelE19TIMER_CHANNELS_ENUM
                0x00006260        0xe Periphery/CTimerF.o
                0x00006260                _ZN7CTimerF14DisableChannelE19TIMER_CHANNELS_ENUM
 .text._ZN7CTimerF10ChannelSetE19TIMER_CHANNELS_ENUM
                0x0000626e       0x10 Periphery/CTimerF.o
                0x0000626e                _ZN7CTimerF10ChannelSetE19TIMER_CHANNELS_ENUM
 .text._ZN7CTimerF12ChannelResetE19TIMER_CHANNELS_ENUM
                0x0000627e       0x12 Periphery/CTimerF.o
                0x0000627e                _ZN7CTimerF12ChannelResetE19TIMER_CHANNELS_ENUM
 .text._ZN7CTimerF9SetPeriodEj
                0x00006290        0xa Periphery/CTimerF.o
                0x00006290                _ZN7CTimerF9SetPeriodEj
 .text._ZN7CTimerF8SetCOMPAEj
                0x0000629a        0xa Periphery/CTimerF.o
                0x0000629a                _ZN7CTimerF8SetCOMPAEj
 .text._ZN7CTimerF8SetCOMPBEj
                0x000062a4        0xa Periphery/CTimerF.o
                0x000062a4                _ZN7CTimerF8SetCOMPBEj
 .text._ZN7CTimerF8SetCOMPCEj
                0x000062ae        0xa Periphery/CTimerF.o
                0x000062ae                _ZN7CTimerF8SetCOMPCEj
 .text._ZN7CTimerF8SetCOMPDEj
                0x000062b8        0xa Periphery/CTimerF.o
                0x000062b8                _ZN7CTimerF8SetCOMPDEj
 .text._ZN7CTimerF14SetOVFCallbackEPFvPvES0_17TC_OVFINTLVL_enum
                0x000062c2       0x22 Periphery/CTimerF.o
                0x000062c2                _ZN7CTimerF14SetOVFCallbackEPFvPvES0_17TC_OVFINTLVL_enum
 .text._ZN7CTimerF14SetERRCallbackEPFvPvES0_17TC_ERRINTLVL_enum
                0x000062e4       0x22 Periphery/CTimerF.o
                0x000062e4                _ZN7CTimerF14SetERRCallbackEPFvPvES0_17TC_ERRINTLVL_enum
 .text._ZN7CTimerF16SetCOMPACallbackEPFvPvES0_17TC_CCAINTLVL_enum
                0x00006306       0x22 Periphery/CTimerF.o
                0x00006306                _ZN7CTimerF16SetCOMPACallbackEPFvPvES0_17TC_CCAINTLVL_enum
 .text._ZN7CTimerF16SetCOMPBCallbackEPFvPvES0_17TC_CCBINTLVL_enum
                0x00006328       0x22 Periphery/CTimerF.o
                0x00006328                _ZN7CTimerF16SetCOMPBCallbackEPFvPvES0_17TC_CCBINTLVL_enum
 .text._ZN7CTimerF16SetCOMPCCallbackEPFvPvES0_17TC_CCCINTLVL_enum
                0x0000634a       0x22 Periphery/CTimerF.o
                0x0000634a                _ZN7CTimerF16SetCOMPCCallbackEPFvPvES0_17TC_CCCINTLVL_enum
 .text._ZN7CTimerF16SetCOMPDCallbackEPFvPvES0_17TC_CCDINTLVL_enum
                0x0000636c       0x22 Periphery/CTimerF.o
                0x0000636c                _ZN7CTimerF16SetCOMPDCallbackEPFvPvES0_17TC_CCDINTLVL_enum
 .text._ZN7CTimerFC2Ev
                0x0000638e       0x18 Periphery/CTimerF.o
                0x0000638e                _ZN7CTimerFC2Ev
                0x0000638e                _ZN7CTimerFC1Ev
 .text._ZN7CTimerFD2Ev
                0x000063a6       0x10 Periphery/CTimerF.o
                0x000063a6                _ZN7CTimerFD2Ev
                0x000063a6                _ZN7CTimerFD1Ev
 .text.avr-libc.fplib
                0x000063b6        0xe c:/program files (x86)/atmel/studio/7.0/toolchain/avr8/avr8-gnu-toolchain/bin/../lib/gcc/avr/4.9.2/../../../../avr/lib/avrxmega6\libm.a(fixsfsi.o)
                0x000063b6                __fixsfsi
 .text.avr-libc.fplib
                0x000063c4       0x5e c:/program files (x86)/atmel/studio/7.0/toolchain/avr8/avr8-gnu-toolchain/bin/../lib/gcc/avr/4.9.2/../../../../avr/lib/avrxmega6\libm.a(fixunssfsi.o)
                0x000063c4                __fixunssfsi
 .text.avr-libc.fplib
                0x00006422       0x7a c:/program files (x86)/atmel/studio/7.0/toolchain/avr8/avr8-gnu-toolchain/bin/../lib/gcc/avr/4.9.2/../../../../avr/lib/avrxmega6\libm.a(floatsisf.o)
                0x00006422                __floatunsisf
                0x00006426                __floatsisf
 .text.avr-libc.fplib
                0x0000649c       0x44 c:/program files (x86)/atmel/studio/7.0/toolchain/avr8/avr8-gnu-toolchain/bin/../lib/gcc/avr/4.9.2/../../../../avr/lib/avrxmega6\libm.a(fp_split3.o)
                0x0000649c                __fp_split3
                0x000064ac                __fp_splitA
 .text.avr-libc.fplib
                0x000064e0        0xe c:/program files (x86)/atmel/studio/7.0/toolchain/avr8/avr8-gnu-toolchain/bin/../lib/gcc/avr/4.9.2/../../../../avr/lib/avrxmega6\libm.a(fp_zero.o)
                0x000064e0                __fp_zero
                0x000064e2                __fp_szero
 .text.avr-libc.fplib
                0x000064ee        0x8 c:/program files (x86)/atmel/studio/7.0/toolchain/avr8/avr8-gnu-toolchain/bin/../lib/gcc/avr/4.9.2/../../../../avr/lib/avrxmega6\libm.a(mulsf3.o)
                0x000064ee                __mulsf3
 .text.avr-libc.fplib
                0x000064f6       0xd2 c:/program files (x86)/atmel/studio/7.0/toolchain/avr8/avr8-gnu-toolchain/bin/../lib/gcc/avr/4.9.2/../../../../avr/lib/avrxmega6\libm.a(mulsf3x.o)
                0x00006514                __mulsf3x
                0x0000651a                __mulsf3_pse
 .text.avr-libc.fplib
                0x000065c8        0xc c:/program files (x86)/atmel/studio/7.0/toolchain/avr8/avr8-gnu-toolchain/bin/../lib/gcc/avr/4.9.2/../../../../avr/lib/avrxmega6\libm.a(fp_inf.o)
                0x000065c8                __fp_inf
 .text.avr-libc.fplib
                0x000065d4        0x6 c:/program files (x86)/atmel/studio/7.0/toolchain/avr8/avr8-gnu-toolchain/bin/../lib/gcc/avr/4.9.2/../../../../avr/lib/avrxmega6\libm.a(fp_nan.o)
                0x000065d4                __fp_nan
 .text.avr-libc.fplib
                0x000065da        0xe c:/program files (x86)/atmel/studio/7.0/toolchain/avr8/avr8-gnu-toolchain/bin/../lib/gcc/avr/4.9.2/../../../../avr/lib/avrxmega6\libm.a(fp_pscA.o)
                0x000065da                __fp_pscA
 .text.avr-libc.fplib
                0x000065e8        0xe c:/program files (x86)/atmel/studio/7.0/toolchain/avr8/avr8-gnu-toolchain/bin/../lib/gcc/avr/4.9.2/../../../../avr/lib/avrxmega6\libm.a(fp_pscB.o)
                0x000065e8                __fp_pscB
 .text.avr-libc.fplib
                0x000065f6       0x22 c:/program files (x86)/atmel/studio/7.0/toolchain/avr8/avr8-gnu-toolchain/bin/../lib/gcc/avr/4.9.2/../../../../avr/lib/avrxmega6\libm.a(fp_round.o)
                0x000065f6                __fp_round
 .text.libgcc.mul
                0x00006618       0x20 c:/program files (x86)/atmel/studio/7.0/toolchain/avr8/avr8-gnu-toolchain/bin/../lib/gcc/avr/4.9.2/avrxmega6\libgcc.a(_mulsi3.o)
                0x00006618                __mulsi3
 .text.libgcc.div
                0x00006638       0x28 c:/program files (x86)/atmel/studio/7.0/toolchain/avr8/avr8-gnu-toolchain/bin/../lib/gcc/avr/4.9.2/avrxmega6\libgcc.a(_udivmodhi4.o)
                0x00006638                __udivmodhi4
 .text.libgcc.div
                0x00006660       0x28 c:/program files (x86)/atmel/studio/7.0/toolchain/avr8/avr8-gnu-toolchain/bin/../lib/gcc/avr/4.9.2/avrxmega6\libgcc.a(_divmodhi4.o)
                0x00006660                _div
                0x00006660                __divmodhi4
 .text.libgcc.div
                0x00006688       0x44 c:/program files (x86)/atmel/studio/7.0/toolchain/avr8/avr8-gnu-toolchain/bin/../lib/gcc/avr/4.9.2/avrxmega6\libgcc.a(_udivmodsi4.o)
                0x00006688                __udivmodsi4
 .text.libgcc.div
                0x000066cc       0x2e c:/program files (x86)/atmel/studio/7.0/toolchain/avr8/avr8-gnu-toolchain/bin/../lib/gcc/avr/4.9.2/avrxmega6\libgcc.a(_divmodsi4.o)
                0x000066cc                __divmodsi4
 .text.libgcc.div
                0x000066fa       0x10 c:/program files (x86)/atmel/studio/7.0/toolchain/avr8/avr8-gnu-toolchain/bin/../lib/gcc/avr/4.9.2/avrxmega6\libgcc.a(_negsi2.o)
                0x000066fa                __negsi2
 .text.libgcc   0x0000670a       0x10 c:/program files (x86)/atmel/studio/7.0/toolchain/avr8/avr8-gnu-toolchain/bin/../lib/gcc/avr/4.9.2/avrxmega6\libgcc.a(_tablejump2.o)
                0x0000670a                __tablejump2__
 .text.libgcc.mul
                0x0000671a       0x1e c:/program files (x86)/atmel/studio/7.0/toolchain/avr8/avr8-gnu-toolchain/bin/../lib/gcc/avr/4.9.2/avrxmega6\libgcc.a(_umulhisi3.o)
                0x0000671a                __umulhisi3
 .text.libgcc.mul
                0x00006738       0x16 c:/program files (x86)/atmel/studio/7.0/toolchain/avr8/avr8-gnu-toolchain/bin/../lib/gcc/avr/4.9.2/avrxmega6\libgcc.a(_muluhisi3.o)
                0x00006738                __muluhisi3
 .text.avr-libc
                0x0000674e      0x25a c:/program files (x86)/atmel/studio/7.0/toolchain/avr8/avr8-gnu-toolchain/bin/../lib/gcc/avr/4.9.2/../../../../avr/lib/avrxmega6\libc.a(malloc.o)
                0x0000674e                malloc
                0x00006878                free
 .text.avr-libc
                0x000069a8       0x12 c:/program files (x86)/atmel/studio/7.0/toolchain/avr8/avr8-gnu-toolchain/bin/../lib/gcc/avr/4.9.2/../../../../avr/lib/avrxmega6\libc.a(memcpy.o)
                0x000069a8                memcpy
 .text.avr-libc
                0x000069ba        0xe c:/program files (x86)/atmel/studio/7.0/toolchain/avr8/avr8-gnu-toolchain/bin/../lib/gcc/avr/4.9.2/../../../../avr/lib/avrxmega6\libatxmega128a3u.a(eerd_dword.o)
                0x000069ba                eeprom_read_float
                0x000069ba                eeprom_read_dword
 .text.avr-libc
                0x000069c8       0x10 c:/program files (x86)/atmel/studio/7.0/toolchain/avr8/avr8-gnu-toolchain/bin/../lib/gcc/avr/4.9.2/../../../../avr/lib/avrxmega6\libatxmega128a3u.a(eewr_dword.o)
                0x000069c8                eeprom_write_dword
                0x000069c8                eeprom_write_float
 .text.avr-libc
                0x000069d8        0xa c:/program files (x86)/atmel/studio/7.0/toolchain/avr8/avr8-gnu-toolchain/bin/../lib/gcc/avr/4.9.2/../../../../avr/lib/avrxmega6\libatxmega128a3u.a(eewr_word.o)
                0x000069d8                eeprom_write_word
 .text.avr-libc
                0x000069e2       0x20 c:/program files (x86)/atmel/studio/7.0/toolchain/avr8/avr8-gnu-toolchain/bin/../lib/gcc/avr/4.9.2/../../../../avr/lib/avrxmega6\libatxmega128a3u.a(eerd_byte.o)
                0x000069e2                eeprom_read_byte
                0x000069ea                eeprom_mapen
 .text.avr-libc
                0x00006a02       0x46 c:/program files (x86)/atmel/studio/7.0/toolchain/avr8/avr8-gnu-toolchain/bin/../lib/gcc/avr/4.9.2/../../../../avr/lib/avrxmega6\libatxmega128a3u.a(eewr_byte.o)
                0x00006a02                eeprom_write_byte
                0x00006a04                eeprom_write_r18
                0x00006a48                . = ALIGN (0x2)
 *(.fini9)
 .fini9         0x00006a48        0x0 c:/program files (x86)/atmel/studio/7.0/toolchain/avr8/avr8-gnu-toolchain/bin/../lib/gcc/avr/4.9.2/avrxmega6\libgcc.a(_exit.o)
                0x00006a48                _exit
                0x00006a48                exit
 *(.fini9)
 *(.fini8)
 *(.fini8)
 *(.fini7)
 *(.fini7)
 *(.fini6)
 .fini6         0x00006a48       0x20 c:/program files (x86)/atmel/studio/7.0/toolchain/avr8/avr8-gnu-toolchain/bin/../lib/gcc/avr/4.9.2/avrxmega6\libgcc.a(_dtors.o)
                0x00006a48                __do_global_dtors
 *(.fini6)
 *(.fini5)
 *(.fini5)
 *(.fini4)
 *(.fini4)
 *(.fini3)
 *(.fini3)
 *(.fini2)
 *(.fini2)
 *(.fini1)
 *(.fini1)
 *(.fini0)
 .fini0         0x00006a68        0x4 c:/program files (x86)/atmel/studio/7.0/toolchain/avr8/avr8-gnu-toolchain/bin/../lib/gcc/avr/4.9.2/avrxmega6\libgcc.a(_exit.o)
 *(.fini0)
                0x00006a6c                _etext = .

.data           0x00802000      0x3bc load address 0x00006a6c
                0x00802000                PROVIDE (__data_start, .)
 *(.data)
 .data          0x00802000        0x6 c:/program files (x86)/atmel/studio/7.0/toolchain/avr8/avr8-gnu-toolchain/bin/../lib/gcc/avr/4.9.2/../../../../avr/lib/avrxmega6\libc.a(malloc.o)
                0x00802000                __malloc_heap_end
                0x00802002                __malloc_heap_start
                0x00802004                __malloc_margin
 *(.data*)
 .data._ZZN16CLaserControlApp13OnPWMTimerOVFEvE5delay
                0x00802006        0x2 CLaserControlApp.o
 .data.tableBLU
                0x00802008       0x10 CLaserControlApp.o
                0x00802008                tableBLU
 .data.tableGRN
                0x00802018       0x10 CLaserControlApp.o
                0x00802018                tableGRN
 .data.tableRED
                0x00802028       0x10 CLaserControlApp.o
                0x00802028                tableRED
 .data.EnergyTable
                0x00802038       0xdc CLaserControlApp.o
                0x00802038                EnergyTable
 .data.PowerTable
                0x00802114       0xdc CLaserControlApp.o
                0x00802114                PowerTable
 .data.TableNum
                0x008021f0       0x16 CLaserControlApp.o
                0x008021f0                TableNum
 .data.MaxDurationTable
                0x00802206       0x16 CLaserControlApp.o
                0x00802206                MaxDurationTable
 .data.MinDurationTable
                0x0080221c       0x16 CLaserControlApp.o
                0x0080221c                MinDurationTable
 .data.bscale_table
                0x00802232       0x20 Periphery/CDGUSUSART.o
                0x00802232                bscale_table
 .data.bsel_table
                0x00802252       0x20 Periphery/CDGUSUSART.o
                0x00802252                bsel_table
 *(.rodata)
 *(.rodata*)
 .rodata._ZTV16CLaserControlApp
                0x00802272       0x16 CLaserControlApp.o
                0x00802272                _ZTV16CLaserControlApp
 .rodata._ZTV6CTimer
                0x00802288       0x24 LaserLib/CTimer.o
                0x00802288                _ZTV6CTimer
 .rodata._ZTV7CTimer1
                0x008022ac       0x1e LaserLib/CTimer1.o
                0x008022ac                _ZTV7CTimer1
 .rodata._ZTV6CUSART
                0x008022ca       0x18 LaserLib/CUSART.o
                0x008022ca                _ZTV6CUSART
 .rodata._ZTV9CMBSender
                0x008022e2       0x16 MODBUS/CMBSender.o
                0x008022e2                _ZTV9CMBSender
 .rodata._ZTV10CDGUSUSART
                0x008022f8       0x18 Periphery/CDGUSUSART.o
                0x008022f8                _ZTV10CDGUSUSART
 .rodata._ZTV7CTimerC
                0x00802310       0x24 Periphery/CTimerC.o
                0x00802310                _ZTV7CTimerC
 .rodata._ZTV8CTimerC1
                0x00802334       0x1e Periphery/CTimerC1.o
                0x00802334                _ZTV8CTimerC1
 .rodata._ZTV7CTimerD
                0x00802352       0x24 Periphery/CTimerD.o
                0x00802352                _ZTV7CTimerD
 .rodata._ZTV8CTimerD1
                0x00802376       0x1e Periphery/CTimerD1.o
                0x00802376                _ZTV8CTimerD1
 .rodata._ZTV7CTimerF
                0x00802394       0x28 Periphery/CTimerF.o
                0x00802394                _ZTV7CTimerF
 *(.gnu.linkonce.d*)
                0x008023bc                . = ALIGN (0x2)
                0x008023bc                _edata = .
                0x008023bc                PROVIDE (__data_end, .)

.bss            0x008023bc      0x2cd
                0x008023bc                PROVIDE (__bss_start, .)
 *(.bss)
 *(.bss*)
 .bss._ZZN16CLaserControlApp6OnINT0EvE9isstarted
                0x008023bc        0x1 CLaserControlApp.o
 .bss._ZZN16CLaserControlApp13OnPWMTimerOVFEvE3blu
                0x008023bd        0x2 CLaserControlApp.o
 .bss._ZZN16CLaserControlApp13OnPWMTimerOVFEvE3red
                0x008023bf        0x2 CLaserControlApp.o
 .bss._ZZN16CLaserControlApp13OnPWMTimerOVFEvE3grn
                0x008023c1        0x2 CLaserControlApp.o
 .bss._ZZN16CLaserControlApp13OnPWMTimerOVFEvE3pos
                0x008023c3        0x2 CLaserControlApp.o
 .bss.DatabaseStatusRegister
                0x008023c5        0x1 CLaserControlApp.o
                0x008023c5                DatabaseStatusRegister
 .bss.InterruptFuncTable
                0x008023c6       0xf6 LaserLib/intx128.o
                0x008023c6                InterruptFuncTable
 .bss.InterruptSenderTable
                0x008024bc       0xf6 LaserLib/intx128.o
                0x008024bc                InterruptSenderTable
 .bss._ZZ4mainE3prs
                0x008025b2        0x2 main.o
 .bss.temperature
                0x008025b4        0x2 main.o
                0x008025b4                temperature
 .bss.D18B20    0x008025b6        0x4 main.o
                0x008025b6                D18B20
 .bss.App       0x008025ba       0x84 main.o
                0x008025ba                App
 .bss.player    0x0080263e        0x1 main.o
                0x0080263e                player
 .bss.laserBoard
                0x0080263f        0xa main.o
                0x0080263f                laserBoard
 .bss.sender    0x00802649       0x1d main.o
                0x00802649                sender
 .bss.Database  0x00802666        0x8 main.o
                0x00802666                Database
 .bss.usart     0x0080266e        0x2 main.o
                0x0080266e                usart
 .bss.pwmtimer  0x00802670        0x3 main.o
                0x00802670                pwmtimer
 .bss.flowtimer
                0x00802673        0x3 main.o
                0x00802673                flowtimer
 .bss.laserTimer
                0x00802676        0x3 main.o
                0x00802676                laserTimer
 .bss.timeout   0x00802679        0x3 main.o
                0x00802679                timeout
 .bss.timer     0x0080267c        0x3 main.o
                0x0080267c                timer
 .bss.dacSPI    0x0080267f        0x6 main.o
                0x0080267f                dacSPI
 *(COMMON)
 COMMON         0x00802685        0x4 c:/program files (x86)/atmel/studio/7.0/toolchain/avr8/avr8-gnu-toolchain/bin/../lib/gcc/avr/4.9.2/../../../../avr/lib/avrxmega6\libc.a(malloc.o)
                0x00802685                __brkval
                0x00802687                __flp
                0x00802689                PROVIDE (__bss_end, .)
                0x00006a6c                __data_load_start = LOADADDR (.data)
                0x00006e28                __data_load_end = (__data_load_start + SIZEOF (.data))

.noinit         0x00802689        0x0
                [!provide]                PROVIDE (__noinit_start, .)
 *(.noinit*)
                [!provide]                PROVIDE (__noinit_end, .)
                0x00802689                _end = .
                0x00802689                PROVIDE (__heap_start, .)

.eeprom         0x00810000        0x0
 *(.eeprom*)
                0x00810000                __eeprom_end = .

.fuse
 *(.fuse)
 *(.lfuse)
 *(.hfuse)
 *(.efuse)

.lock
 *(.lock*)

.signature
 *(.signature*)

.user_signatures
 *(.user_signatures*)

.stab
 *(.stab)

.stabstr
 *(.stabstr)

.stab.excl
 *(.stab.excl)

.stab.exclstr
 *(.stab.exclstr)

.stab.index
 *(.stab.index)

.stab.indexstr
 *(.stab.indexstr)

.comment        0x00000000       0x60
 *(.comment)
 .comment       0x00000000       0x30 CDGUSDatabase.o
                                 0x31 (size before relaxing)
 .comment       0x00000030       0x30 CLaserControlApp.o
                                 0x31 (size before relaxing)
 .comment       0x00000060       0x31 DGUSGUI.o
 .comment       0x00000060       0x31 LaserLib/CSPI.o
 .comment       0x00000060       0x31 LaserLib/CTimer.o
 .comment       0x00000060       0x31 LaserLib/CTimer1.o
 .comment       0x00000060       0x31 LaserLib/CUSART.o
 .comment       0x00000060       0x31 LaserLib/intx128.o
 .comment       0x00000060       0x31 main.o
 .comment       0x00000060       0x31 MODBUS/CMBProtocol.o
 .comment       0x00000060       0x31 MODBUS/CMBSender.o
 .comment       0x00000060       0x31 Periphery/CDGUSUSART.o
 .comment       0x00000060       0x31 Periphery/CDS18B20.o
 .comment       0x00000060       0x31 Periphery/CLaserBoard.o
 .comment       0x00000060       0x31 Periphery/CSoundPlayer.o
 .comment       0x00000060       0x31 Periphery/CTimerC.o
 .comment       0x00000060       0x31 Periphery/CTimerC1.o
 .comment       0x00000060       0x31 Periphery/CTimerD.o
 .comment       0x00000060       0x31 Periphery/CTimerD1.o
 .comment       0x00000060       0x31 Periphery/CTimerF.o
 .comment       0x00000060       0x31 c:/program files (x86)/atmel/studio/7.0/toolchain/avr8/avr8-gnu-toolchain/bin/../lib/gcc/avr/4.9.2/../../../../avr/lib/avrxmega6\libc.a(malloc.o)

.note.gnu.avr.deviceinfo
                0x00000000       0x40
 .note.gnu.avr.deviceinfo
                0x00000000       0x40 c:/program files (x86)/atmel/studio/7.0/toolchain/avr8/avr8-gnu-toolchain/bin/../lib/gcc/avr/4.9.2/../../../../avr/lib/avrxmega6/crtatxmega128a3u.o

.note.gnu.build-id
 *(.note.gnu.build-id)

.debug
 *(.debug)

.line
 *(.line)

.debug_srcinfo
 *(.debug_srcinfo)

.debug_sfnames
 *(.debug_sfnames)

.debug_aranges  0x00000000      0xca8
 *(.debug_aranges)
 .debug_aranges
                0x00000000       0x70 CDGUSDatabase.o
 .debug_aranges
                0x00000070      0x140 CLaserControlApp.o
 .debug_aranges
                0x000001b0       0x40 DGUSGUI.o
 .debug_aranges
                0x000001f0       0x58 LaserLib/CSPI.o
 .debug_aranges
                0x00000248       0x28 LaserLib/CTimer.o
 .debug_aranges
                0x00000270       0x28 LaserLib/CTimer1.o
 .debug_aranges
                0x00000298       0x28 LaserLib/CUSART.o
 .debug_aranges
                0x000002c0      0x348 LaserLib/intx128.o
 .debug_aranges
                0x00000608       0x40 main.o
 .debug_aranges
                0x00000648       0x50 MODBUS/CMBProtocol.o
 .debug_aranges
                0x00000698       0xf8 MODBUS/CMBSender.o
 .debug_aranges
                0x00000790       0x78 Periphery/CDGUSUSART.o
 .debug_aranges
                0x00000808       0x50 Periphery/CDS18B20.o
 .debug_aranges
                0x00000858       0xc8 Periphery/CLaserBoard.o
 .debug_aranges
                0x00000920       0x60 Periphery/CSoundPlayer.o
 .debug_aranges
                0x00000980       0xa8 Periphery/CTimerC.o
 .debug_aranges
                0x00000a28       0x90 Periphery/CTimerC1.o
 .debug_aranges
                0x00000ab8       0xa8 Periphery/CTimerD.o
 .debug_aranges
                0x00000b60       0x90 Periphery/CTimerD1.o
 .debug_aranges
                0x00000bf0       0xb8 Periphery/CTimerF.o

.debug_pubnames
 *(.debug_pubnames)

.debug_info     0x00000000    0x18234
 *(.debug_info .gnu.linkonce.wi.*)
 .debug_info    0x00000000     0x3409 c:/program files (x86)/atmel/studio/7.0/toolchain/avr8/avr8-gnu-toolchain/bin/../lib/gcc/avr/4.9.2/../../../../avr/lib/avrxmega6/crtatxmega128a3u.o
 .debug_info    0x00003409      0x9f5 CDGUSDatabase.o
 .debug_info    0x00003dfe     0x41f4 CLaserControlApp.o
 .debug_info    0x00007ff2      0x20f DGUSGUI.o
 .debug_info    0x00008201      0x7ee LaserLib/CSPI.o
 .debug_info    0x000089ef      0x6a3 LaserLib/CTimer.o
 .debug_info    0x00009092      0x5a8 LaserLib/CTimer1.o
 .debug_info    0x0000963a      0x606 LaserLib/CUSART.o
 .debug_info    0x00009c40      0x91e LaserLib/intx128.o
 .debug_info    0x0000a55e     0x2163 main.o
 .debug_info    0x0000c6c1      0x595 MODBUS/CMBProtocol.o
 .debug_info    0x0000cc56     0x12e6 MODBUS/CMBSender.o
 .debug_info    0x0000df3c     0x1095 Periphery/CDGUSUSART.o
 .debug_info    0x0000efd1      0x8df Periphery/CDS18B20.o
 .debug_info    0x0000f8b0      0xf07 Periphery/CLaserBoard.o
 .debug_info    0x000107b7     0x139d Periphery/CSoundPlayer.o
 .debug_info    0x00011b54     0x15ac Periphery/CTimerC.o
 .debug_info    0x00013100     0x128d Periphery/CTimerC1.o
 .debug_info    0x0001438d     0x15ac Periphery/CTimerD.o
 .debug_info    0x00015939     0x128d Periphery/CTimerD1.o
 .debug_info    0x00016bc6     0x166e Periphery/CTimerF.o

.debug_abbrev   0x00000000     0x650f
 *(.debug_abbrev)
 .debug_abbrev  0x00000000     0x3148 c:/program files (x86)/atmel/studio/7.0/toolchain/avr8/avr8-gnu-toolchain/bin/../lib/gcc/avr/4.9.2/../../../../avr/lib/avrxmega6/crtatxmega128a3u.o
 .debug_abbrev  0x00003148      0x2ce CDGUSDatabase.o
 .debug_abbrev  0x00003416      0x598 CLaserControlApp.o
 .debug_abbrev  0x000039ae      0x10d DGUSGUI.o
 .debug_abbrev  0x00003abb      0x2a7 LaserLib/CSPI.o
 .debug_abbrev  0x00003d62      0x182 LaserLib/CTimer.o
 .debug_abbrev  0x00003ee4      0x182 LaserLib/CTimer1.o
 .debug_abbrev  0x00004066      0x1ed LaserLib/CUSART.o
 .debug_abbrev  0x00004253       0x83 LaserLib/intx128.o
 .debug_abbrev  0x000042d6      0x3e0 main.o
 .debug_abbrev  0x000046b6      0x212 MODBUS/CMBProtocol.o
 .debug_abbrev  0x000048c8      0x39b MODBUS/CMBSender.o
 .debug_abbrev  0x00004c63      0x2d9 Periphery/CDGUSUSART.o
 .debug_abbrev  0x00004f3c      0x2f6 Periphery/CDS18B20.o
 .debug_abbrev  0x00005232      0x2e8 Periphery/CLaserBoard.o
 .debug_abbrev  0x0000551a      0x2b9 Periphery/CSoundPlayer.o
 .debug_abbrev  0x000057d3      0x29c Periphery/CTimerC.o
 .debug_abbrev  0x00005a6f      0x2b4 Periphery/CTimerC1.o
 .debug_abbrev  0x00005d23      0x29c Periphery/CTimerD.o
 .debug_abbrev  0x00005fbf      0x2b4 Periphery/CTimerD1.o
 .debug_abbrev  0x00006273      0x29c Periphery/CTimerF.o

.debug_line     0x00000000     0x5ee6
 *(.debug_line .debug_line.* .debug_line_end)
 .debug_line    0x00000000       0x1a c:/program files (x86)/atmel/studio/7.0/toolchain/avr8/avr8-gnu-toolchain/bin/../lib/gcc/avr/4.9.2/../../../../avr/lib/avrxmega6/crtatxmega128a3u.o
 .debug_line    0x0000001a      0x34e CDGUSDatabase.o
 .debug_line    0x00000368     0x1236 CLaserControlApp.o
 .debug_line    0x0000159e      0x11e DGUSGUI.o
 .debug_line    0x000016bc      0x2f4 LaserLib/CSPI.o
 .debug_line    0x000019b0      0x153 LaserLib/CTimer.o
 .debug_line    0x00001b03      0x155 LaserLib/CTimer1.o
 .debug_line    0x00001c58      0x145 LaserLib/CUSART.o
 .debug_line    0x00001d9d     0x100e LaserLib/intx128.o
 .debug_line    0x00002dab      0x50b main.o
 .debug_line    0x000032b6      0x2c7 MODBUS/CMBProtocol.o
 .debug_line    0x0000357d      0x79f MODBUS/CMBSender.o
 .debug_line    0x00003d1c      0x343 Periphery/CDGUSUSART.o
 .debug_line    0x0000405f      0x38d Periphery/CDS18B20.o
 .debug_line    0x000043ec      0x5a5 Periphery/CLaserBoard.o
 .debug_line    0x00004991      0x340 Periphery/CSoundPlayer.o
 .debug_line    0x00004cd1      0x3bb Periphery/CTimerC.o
 .debug_line    0x0000508c      0x35b Periphery/CTimerC1.o
 .debug_line    0x000053e7      0x3bb Periphery/CTimerD.o
 .debug_line    0x000057a2      0x35b Periphery/CTimerD1.o
 .debug_line    0x00005afd      0x3e9 Periphery/CTimerF.o

.debug_frame    0x00000000     0x3984
 *(.debug_frame)
 .debug_frame   0x00000000      0x218 CDGUSDatabase.o
 .debug_frame   0x00000218      0x450 CLaserControlApp.o
 .debug_frame   0x00000668       0x8c DGUSGUI.o
 .debug_frame   0x000006f4       0xbc LaserLib/CSPI.o
 .debug_frame   0x000007b0       0x34 LaserLib/CTimer.o
 .debug_frame   0x000007e4       0x34 LaserLib/CTimer1.o
 .debug_frame   0x00000818       0x34 LaserLib/CUSART.o
 .debug_frame   0x0000084c     0x2324 LaserLib/intx128.o
 .debug_frame   0x00002b70       0x94 main.o
 .debug_frame   0x00002c04       0xc4 MODBUS/CMBProtocol.o
 .debug_frame   0x00002cc8      0x2dc MODBUS/CMBSender.o
 .debug_frame   0x00002fa4       0xe8 Periphery/CDGUSUSART.o
 .debug_frame   0x0000308c       0xa0 Periphery/CDS18B20.o
 .debug_frame   0x0000312c      0x180 Periphery/CLaserBoard.o
 .debug_frame   0x000032ac       0xd8 Periphery/CSoundPlayer.o
 .debug_frame   0x00003384      0x140 Periphery/CTimerC.o
 .debug_frame   0x000034c4      0x110 Periphery/CTimerC1.o
 .debug_frame   0x000035d4      0x140 Periphery/CTimerD.o
 .debug_frame   0x00003714      0x110 Periphery/CTimerD1.o
 .debug_frame   0x00003824      0x160 Periphery/CTimerF.o

.debug_str      0x00000000     0x93e3
 *(.debug_str)
 .debug_str     0x00000000     0x223b c:/program files (x86)/atmel/studio/7.0/toolchain/avr8/avr8-gnu-toolchain/bin/../lib/gcc/avr/4.9.2/../../../../avr/lib/avrxmega6/crtatxmega128a3u.o
 .debug_str     0x0000223b      0x5e2 CDGUSDatabase.o
                                0x671 (size before relaxing)
 .debug_str     0x0000281d     0x1e02 CLaserControlApp.o
                               0x252c (size before relaxing)
 .debug_str     0x0000461f       0x24 DGUSGUI.o
                                0x24b (size before relaxing)
 .debug_str     0x00004643      0x1b5 LaserLib/CSPI.o
                                0x713 (size before relaxing)
 .debug_str     0x000047f8      0x4b9 LaserLib/CTimer.o
                                0xa3e (size before relaxing)
 .debug_str     0x00004cb1      0x2b9 LaserLib/CTimer1.o
                                0x8ae (size before relaxing)
 .debug_str     0x00004f6a      0x56b LaserLib/CUSART.o
                                0x7b0 (size before relaxing)
 .debug_str     0x000054d5      0x4e2 LaserLib/intx128.o
                                0x6bb (size before relaxing)
 .debug_str     0x000059b7     0x120a main.o
                               0x261c (size before relaxing)
 .debug_str     0x00006bc1      0x289 MODBUS/CMBProtocol.o
                                0x4eb (size before relaxing)
 .debug_str     0x00006e4a      0x608 MODBUS/CMBSender.o
                                0xb3e (size before relaxing)
 .debug_str     0x00007452      0xcd4 Periphery/CDGUSUSART.o
                               0x1669 (size before relaxing)
 .debug_str     0x00008126       0x51 Periphery/CDS18B20.o
                                0x4de (size before relaxing)
 .debug_str     0x00008177      0x5b5 Periphery/CLaserBoard.o
                                0xcd9 (size before relaxing)
 .debug_str     0x0000872c      0x3a2 Periphery/CSoundPlayer.o
                                0xc20 (size before relaxing)
 .debug_str     0x00008ace      0x263 Periphery/CTimerC.o
                               0x1295 (size before relaxing)
 .debug_str     0x00008d31      0x1db Periphery/CTimerC1.o
                               0x1144 (size before relaxing)
 .debug_str     0x00008f0c      0x109 Periphery/CTimerD.o
                               0x1295 (size before relaxing)
 .debug_str     0x00009015      0x205 Periphery/CTimerD1.o
                               0x1144 (size before relaxing)
 .debug_str     0x0000921a      0x1c9 Periphery/CTimerF.o
                               0x130b (size before relaxing)

.debug_loc      0x00000000     0xa67c
 *(.debug_loc)
 .debug_loc     0x00000000      0x8cf CDGUSDatabase.o
 .debug_loc     0x000008cf     0x15d5 CLaserControlApp.o
 .debug_loc     0x00001ea4      0x2ad DGUSGUI.o
 .debug_loc     0x00002151      0x276 LaserLib/CSPI.o
 .debug_loc     0x000023c7     0x50e2 LaserLib/intx128.o
 .debug_loc     0x000074a9       0xab main.o
 .debug_loc     0x00007554      0x356 MODBUS/CMBProtocol.o
 .debug_loc     0x000078aa      0xf2e MODBUS/CMBSender.o
 .debug_loc     0x000087d8      0x210 Periphery/CDGUSUSART.o
 .debug_loc     0x000089e8      0x362 Periphery/CDS18B20.o
 .debug_loc     0x00008d4a      0x532 Periphery/CLaserBoard.o
 .debug_loc     0x0000927c      0x344 Periphery/CSoundPlayer.o
 .debug_loc     0x000095c0      0x366 Periphery/CTimerC.o
 .debug_loc     0x00009926      0x2fe Periphery/CTimerC1.o
 .debug_loc     0x00009c24      0x366 Periphery/CTimerD.o
 .debug_loc     0x00009f8a      0x2fe Periphery/CTimerD1.o
 .debug_loc     0x0000a288      0x3f4 Periphery/CTimerF.o

.debug_macinfo
 *(.debug_macinfo)

.debug_weaknames
 *(.debug_weaknames)

.debug_funcnames
 *(.debug_funcnames)

.debug_typenames
 *(.debug_typenames)

.debug_varnames
 *(.debug_varnames)

.debug_pubtypes
 *(.debug_pubtypes)

.debug_ranges   0x00000000      0xb80
 *(.debug_ranges)
 .debug_ranges  0x00000000       0x60 CDGUSDatabase.o
 .debug_ranges  0x00000060      0x130 CLaserControlApp.o
 .debug_ranges  0x00000190       0x30 DGUSGUI.o
 .debug_ranges  0x000001c0       0x48 LaserLib/CSPI.o
 .debug_ranges  0x00000208       0x18 LaserLib/CTimer.o
 .debug_ranges  0x00000220       0x18 LaserLib/CTimer1.o
 .debug_ranges  0x00000238       0x18 LaserLib/CUSART.o
 .debug_ranges  0x00000250      0x338 LaserLib/intx128.o
 .debug_ranges  0x00000588       0x48 main.o
 .debug_ranges  0x000005d0       0x40 MODBUS/CMBProtocol.o
 .debug_ranges  0x00000610       0xe8 MODBUS/CMBSender.o
 .debug_ranges  0x000006f8       0x68 Periphery/CDGUSUSART.o
 .debug_ranges  0x00000760       0x40 Periphery/CDS18B20.o
 .debug_ranges  0x000007a0       0xb8 Periphery/CLaserBoard.o
 .debug_ranges  0x00000858       0x50 Periphery/CSoundPlayer.o
 .debug_ranges  0x000008a8       0x98 Periphery/CTimerC.o
 .debug_ranges  0x00000940       0x80 Periphery/CTimerC1.o
 .debug_ranges  0x000009c0       0x98 Periphery/CTimerD.o
 .debug_ranges  0x00000a58       0x80 Periphery/CTimerD1.o
 .debug_ranges  0x00000ad8       0xa8 Periphery/CTimerF.o

.debug_macro
 *(.debug_macro)
OUTPUT(ATxmegaLaserDiode.elf elf32-avr)
LOAD linker stubs