Archive member included to satisfy reference by file (symbol)

c:/program files (x86)/atmel/studio/7.0/toolchain/avr8/avr8-gnu-toolchain/bin/../lib/gcc/avr/4.9.2/avrxmega6\libgcc.a(_udivmodhi4.o)
                              CLaserControlApp.o (__udivmodhi4)
c:/program files (x86)/atmel/studio/7.0/toolchain/avr8/avr8-gnu-toolchain/bin/../lib/gcc/avr/4.9.2/avrxmega6\libgcc.a(_divmodsi4.o)
                              Periphery/CSoundPlayer.o (__divmodsi4)
c:/program files (x86)/atmel/studio/7.0/toolchain/avr8/avr8-gnu-toolchain/bin/../lib/gcc/avr/4.9.2/avrxmega6\libgcc.a(_negsi2.o)
                              c:/program files (x86)/atmel/studio/7.0/toolchain/avr8/avr8-gnu-toolchain/bin/../lib/gcc/avr/4.9.2/avrxmega6\libgcc.a(_divmodsi4.o) (__negsi2)
c:/program files (x86)/atmel/studio/7.0/toolchain/avr8/avr8-gnu-toolchain/bin/../lib/gcc/avr/4.9.2/avrxmega6\libgcc.a(_exit.o)
                              C:/Program Files (x86)/Atmel/Studio/7.0/Packs/atmel/XMEGAA_DFP/1.0.36/gcc/dev/atxmega128a3u/avrxmega6/crtatxmega128a3u.o (exit)
c:/program files (x86)/atmel/studio/7.0/toolchain/avr8/avr8-gnu-toolchain/bin/../lib/gcc/avr/4.9.2/avrxmega6\libgcc.a(_tablejump2.o)
                              CLaserControlApp.o (__tablejump2__)
c:/program files (x86)/atmel/studio/7.0/toolchain/avr8/avr8-gnu-toolchain/bin/../lib/gcc/avr/4.9.2/avrxmega6\libgcc.a(_copy_data.o)
                              CLaserControlApp.o (__do_copy_data)
c:/program files (x86)/atmel/studio/7.0/toolchain/avr8/avr8-gnu-toolchain/bin/../lib/gcc/avr/4.9.2/avrxmega6\libgcc.a(_clear_bss.o)
                              CLaserControlApp.o (__do_clear_bss)
c:/program files (x86)/atmel/studio/7.0/toolchain/avr8/avr8-gnu-toolchain/bin/../lib/gcc/avr/4.9.2/avrxmega6\libgcc.a(_ctors.o)
                              CLaserControlApp.o (__do_global_ctors)
c:/program files (x86)/atmel/studio/7.0/toolchain/avr8/avr8-gnu-toolchain/bin/../lib/gcc/avr/4.9.2/avrxmega6\libgcc.a(_dtors.o)
                              CLaserControlApp.o (__do_global_dtors)
c:/program files (x86)/atmel/studio/7.0/toolchain/avr8/avr8-gnu-toolchain/bin/../lib/gcc/avr/4.9.2/avrxmega6\libgcc.a(_umulhisi3.o)
                              CLaserControlApp.o (__umulhisi3)
c:/program files (x86)/atmel/studio/7.0/toolchain/avr8/avr8-gnu-toolchain/bin/../lib/gcc/avr/4.9.2/avrxmega6\libgcc.a(_udivmodsi4.o)
                              c:/program files (x86)/atmel/studio/7.0/toolchain/avr8/avr8-gnu-toolchain/bin/../lib/gcc/avr/4.9.2/avrxmega6\libgcc.a(_divmodsi4.o) (__udivmodsi4)
c:/program files (x86)/atmel/studio/7.0/toolchain/avr8/avr8-gnu-toolchain/bin/../lib/gcc/avr/4.9.2/../../../../avr/lib/avrxmega6\libc.a(malloc.o)
                              LaserLib/CSPI.o (malloc)
c:/program files (x86)/atmel/studio/7.0/toolchain/avr8/avr8-gnu-toolchain/bin/../lib/gcc/avr/4.9.2/../../../../avr/lib/avrxmega6\libc.a(memcpy.o)
                              CDGUSDatabase.o (memcpy)

Allocating common symbols
Common symbol       size              file

__brkval            0x2               c:/program files (x86)/atmel/studio/7.0/toolchain/avr8/avr8-gnu-toolchain/bin/../lib/gcc/avr/4.9.2/../../../../avr/lib/avrxmega6\libc.a(malloc.o)
__flp               0x2               c:/program files (x86)/atmel/studio/7.0/toolchain/avr8/avr8-gnu-toolchain/bin/../lib/gcc/avr/4.9.2/../../../../avr/lib/avrxmega6\libc.a(malloc.o)

Discarded input sections

 .data          0x00000000        0x0 C:/Program Files (x86)/Atmel/Studio/7.0/Packs/atmel/XMEGAA_DFP/1.0.36/gcc/dev/atxmega128a3u/avrxmega6/crtatxmega128a3u.o
 .bss           0x00000000        0x0 C:/Program Files (x86)/Atmel/Studio/7.0/Packs/atmel/XMEGAA_DFP/1.0.36/gcc/dev/atxmega128a3u/avrxmega6/crtatxmega128a3u.o
 .text          0x00000000        0x0 CDGUSDatabase.o
 .data          0x00000000        0x0 CDGUSDatabase.o
 .bss           0x00000000        0x0 CDGUSDatabase.o
 .text._ZN13CDGUSDatabaseC2Ev
                0x00000000        0x2 CDGUSDatabase.o
 .text._ZN13CDGUSDatabaseD2Ev
                0x00000000        0x2 CDGUSDatabase.o
 .text._ZN13CDGUSDatabase10InitializeEP9CMBSenderj
                0x00000000       0x18 CDGUSDatabase.o
 .text._ZN13CDGUSDatabase15WriteToDatabaseEPvjm
                0x00000000      0x102 CDGUSDatabase.o
 .text._ZN13CDGUSDatabase16ReadFromDatabaseEPvjm
                0x00000000       0xf0 CDGUSDatabase.o
 .text._ZN13CDGUSDatabase18MapDatabaseToWriteEjmj
                0x00000000       0xca CDGUSDatabase.o
 .text._ZN13CDGUSDatabase17MapDatabaseToReadEjmj
                0x00000000       0xca CDGUSDatabase.o
 .text._ZN13CDGUSDatabase5UnMapEv
                0x00000000       0x3c CDGUSDatabase.o
 .text._ZN13CDGUSDatabase11WriteEnableEv
                0x00000000       0x3e CDGUSDatabase.o
 .text._ZN13CDGUSDatabase12WriteDisableEv
                0x00000000       0x3c CDGUSDatabase.o
 .text._ZN13CDGUSDatabase18OnVariableReceivedEjPjj
                0x00000000       0x20 CDGUSDatabase.o
 .debug_info    0x00000000      0x9ee CDGUSDatabase.o
 .debug_abbrev  0x00000000      0x2ce CDGUSDatabase.o
 .debug_loc     0x00000000      0x8cf CDGUSDatabase.o
 .debug_aranges
                0x00000000       0x70 CDGUSDatabase.o
 .debug_ranges  0x00000000       0x60 CDGUSDatabase.o
 .debug_line    0x00000000      0x225 CDGUSDatabase.o
 .debug_str     0x00000000      0x66c CDGUSDatabase.o
 .comment       0x00000000       0x31 CDGUSDatabase.o
 .debug_frame   0x00000000      0x218 CDGUSDatabase.o
 .group         0x00000000        0x8 CLaserControlApp.o
 .text          0x00000000        0x0 CLaserControlApp.o
 .data          0x00000000        0x0 CLaserControlApp.o
 .bss           0x00000000        0x0 CLaserControlApp.o
 .text._ZN16CLaserControlApp7OnTimerEv
                0x00000000        0x2 CLaserControlApp.o
 .text._ZN16CLaserControlApp9OnTimeoutEv
                0x00000000       0x12 CLaserControlApp.o
 .text          0x00000000        0x0 DGUSGUI.o
 .data          0x00000000        0x0 DGUSGUI.o
 .bss           0x00000000        0x0 DGUSGUI.o
 .text._Z3minjj
                0x00000000        0xa DGUSGUI.o
 .text._Z3maxjj
                0x00000000        0xa DGUSGUI.o
 .text          0x00000000        0x0 LaserLib/CSPI.o
 .data          0x00000000        0x0 LaserLib/CSPI.o
 .bss           0x00000000        0x0 LaserLib/CSPI.o
 .text._ZN4CSPI12DeinitializeEv
                0x00000000        0xc LaserLib/CSPI.o
 .text._ZN4CSPI8SendByteEh
                0x00000000        0x6 LaserLib/CSPI.o
 .group         0x00000000        0x8 LaserLib/CTimer.o
 .text          0x00000000        0x0 LaserLib/CTimer.o
 .data          0x00000000        0x0 LaserLib/CTimer.o
 .bss           0x00000000        0x0 LaserLib/CTimer.o
 .group         0x00000000        0x8 LaserLib/CUSART.o
 .text          0x00000000        0x0 LaserLib/CUSART.o
 .data          0x00000000        0x0 LaserLib/CUSART.o
 .bss           0x00000000        0x0 LaserLib/CUSART.o
 .text          0x00000000        0x0 LaserLib/intx128.o
 .data          0x00000000        0x0 LaserLib/intx128.o
 .bss           0x00000000        0x0 LaserLib/intx128.o
 .text          0x00000000        0x0 main.o
 .data          0x00000000        0x0 main.o
 .bss           0x00000000        0x0 main.o
 .group         0x00000000        0x8 MODBUS/CMBProtocol.o
 .text          0x00000000        0x0 MODBUS/CMBProtocol.o
 .data          0x00000000        0x0 MODBUS/CMBProtocol.o
 .bss           0x00000000        0x0 MODBUS/CMBProtocol.o
 .rodata._ZTV16CMBEventsHandler
                0x00000000       0x16 MODBUS/CMBProtocol.o
 .group         0x00000000        0x8 MODBUS/CMBSender.o
 .text          0x00000000        0x0 MODBUS/CMBSender.o
 .data          0x00000000        0x0 MODBUS/CMBSender.o
 .bss           0x00000000        0x0 MODBUS/CMBSender.o
 .text._ZN9CMBSender12DeinitializeEv
                0x00000000       0x1c MODBUS/CMBSender.o
 .text._ZN9CMBSender19WriteDataToRegisterEhPhh
                0x00000000       0x6a MODBUS/CMBSender.o
 .text._ZN9CMBSender15WriteDataToSRAMEjPjj
                0x00000000       0x6a MODBUS/CMBSender.o
 .text._ZN9CMBSender18StopMODBUSListenerEv
                0x00000000        0x8 MODBUS/CMBSender.o
 .text._ZN9CMBSender21StopMODBUSTransmitterEv
                0x00000000        0x8 MODBUS/CMBSender.o
 .group         0x00000000        0x8 Periphery/CDGUSUSART.o
 .text          0x00000000        0x0 Periphery/CDGUSUSART.o
 .data          0x00000000        0x0 Periphery/CDGUSUSART.o
 .bss           0x00000000        0x0 Periphery/CDGUSUSART.o
 .data.bsupport_table
                0x00000000       0x20 Periphery/CDGUSUSART.o
 .text          0x00000000        0x0 Periphery/CLaserBoard.o
 .data          0x00000000        0x0 Periphery/CLaserBoard.o
 .bss           0x00000000        0x0 Periphery/CLaserBoard.o
 .text          0x00000000        0x0 Periphery/CSoundPlayer.o
 .data          0x00000000        0x0 Periphery/CSoundPlayer.o
 .bss           0x00000000        0x0 Periphery/CSoundPlayer.o
 .group         0x00000000        0x8 Periphery/CTimerC.o
 .text          0x00000000        0x0 Periphery/CTimerC.o
 .data          0x00000000        0x0 Periphery/CTimerC.o
 .bss           0x00000000        0x0 Periphery/CTimerC.o
 .group         0x00000000        0x8 Periphery/CTimerD.o
 .text          0x00000000        0x0 Periphery/CTimerD.o
 .data          0x00000000        0x0 Periphery/CTimerD.o
 .bss           0x00000000        0x0 Periphery/CTimerD.o
 .group         0x00000000        0x8 Periphery/CTimerF.o
 .text          0x00000000        0x0 Periphery/CTimerF.o
 .data          0x00000000        0x0 Periphery/CTimerF.o
 .bss           0x00000000        0x0 Periphery/CTimerF.o
 .text          0x00000000        0x0 c:/program files (x86)/atmel/studio/7.0/toolchain/avr8/avr8-gnu-toolchain/bin/../lib/gcc/avr/4.9.2/avrxmega6\libgcc.a(_udivmodhi4.o)
 .data          0x00000000        0x0 c:/program files (x86)/atmel/studio/7.0/toolchain/avr8/avr8-gnu-toolchain/bin/../lib/gcc/avr/4.9.2/avrxmega6\libgcc.a(_udivmodhi4.o)
 .bss           0x00000000        0x0 c:/program files (x86)/atmel/studio/7.0/toolchain/avr8/avr8-gnu-toolchain/bin/../lib/gcc/avr/4.9.2/avrxmega6\libgcc.a(_udivmodhi4.o)
 .text.libgcc.mul
                0x00000000        0x0 c:/program files (x86)/atmel/studio/7.0/toolchain/avr8/avr8-gnu-toolchain/bin/../lib/gcc/avr/4.9.2/avrxmega6\libgcc.a(_udivmodhi4.o)
 .text.libgcc   0x00000000        0x0 c:/program files (x86)/atmel/studio/7.0/toolchain/avr8/avr8-gnu-toolchain/bin/../lib/gcc/avr/4.9.2/avrxmega6\libgcc.a(_udivmodhi4.o)
 .text.libgcc.prologue
                0x00000000        0x0 c:/program files (x86)/atmel/studio/7.0/toolchain/avr8/avr8-gnu-toolchain/bin/../lib/gcc/avr/4.9.2/avrxmega6\libgcc.a(_udivmodhi4.o)
 .text.libgcc.builtins
                0x00000000        0x0 c:/program files (x86)/atmel/studio/7.0/toolchain/avr8/avr8-gnu-toolchain/bin/../lib/gcc/avr/4.9.2/avrxmega6\libgcc.a(_udivmodhi4.o)
 .text.libgcc.fmul
                0x00000000        0x0 c:/program files (x86)/atmel/studio/7.0/toolchain/avr8/avr8-gnu-toolchain/bin/../lib/gcc/avr/4.9.2/avrxmega6\libgcc.a(_udivmodhi4.o)
 .text.libgcc.fixed
                0x00000000        0x0 c:/program files (x86)/atmel/studio/7.0/toolchain/avr8/avr8-gnu-toolchain/bin/../lib/gcc/avr/4.9.2/avrxmega6\libgcc.a(_udivmodhi4.o)
 .text          0x00000000        0x0 c:/program files (x86)/atmel/studio/7.0/toolchain/avr8/avr8-gnu-toolchain/bin/../lib/gcc/avr/4.9.2/avrxmega6\libgcc.a(_divmodsi4.o)
 .data          0x00000000        0x0 c:/program files (x86)/atmel/studio/7.0/toolchain/avr8/avr8-gnu-toolchain/bin/../lib/gcc/avr/4.9.2/avrxmega6\libgcc.a(_divmodsi4.o)
 .bss           0x00000000        0x0 c:/program files (x86)/atmel/studio/7.0/toolchain/avr8/avr8-gnu-toolchain/bin/../lib/gcc/avr/4.9.2/avrxmega6\libgcc.a(_divmodsi4.o)
 .text.libgcc.mul
                0x00000000        0x0 c:/program files (x86)/atmel/studio/7.0/toolchain/avr8/avr8-gnu-toolchain/bin/../lib/gcc/avr/4.9.2/avrxmega6\libgcc.a(_divmodsi4.o)
 .text.libgcc   0x00000000        0x0 c:/program files (x86)/atmel/studio/7.0/toolchain/avr8/avr8-gnu-toolchain/bin/../lib/gcc/avr/4.9.2/avrxmega6\libgcc.a(_divmodsi4.o)
 .text.libgcc.prologue
                0x00000000        0x0 c:/program files (x86)/atmel/studio/7.0/toolchain/avr8/avr8-gnu-toolchain/bin/../lib/gcc/avr/4.9.2/avrxmega6\libgcc.a(_divmodsi4.o)
 .text.libgcc.builtins
                0x00000000        0x0 c:/program files (x86)/atmel/studio/7.0/toolchain/avr8/avr8-gnu-toolchain/bin/../lib/gcc/avr/4.9.2/avrxmega6\libgcc.a(_divmodsi4.o)
 .text.libgcc.fmul
                0x00000000        0x0 c:/program files (x86)/atmel/studio/7.0/toolchain/avr8/avr8-gnu-toolchain/bin/../lib/gcc/avr/4.9.2/avrxmega6\libgcc.a(_divmodsi4.o)
 .text.libgcc.fixed
                0x00000000        0x0 c:/program files (x86)/atmel/studio/7.0/toolchain/avr8/avr8-gnu-toolchain/bin/../lib/gcc/avr/4.9.2/avrxmega6\libgcc.a(_divmodsi4.o)
 .text          0x00000000        0x0 c:/program files (x86)/atmel/studio/7.0/toolchain/avr8/avr8-gnu-toolchain/bin/../lib/gcc/avr/4.9.2/avrxmega6\libgcc.a(_negsi2.o)
 .data          0x00000000        0x0 c:/program files (x86)/atmel/studio/7.0/toolchain/avr8/avr8-gnu-toolchain/bin/../lib/gcc/avr/4.9.2/avrxmega6\libgcc.a(_negsi2.o)
 .bss           0x00000000        0x0 c:/program files (x86)/atmel/studio/7.0/toolchain/avr8/avr8-gnu-toolchain/bin/../lib/gcc/avr/4.9.2/avrxmega6\libgcc.a(_negsi2.o)
 .text.libgcc.mul
                0x00000000        0x0 c:/program files (x86)/atmel/studio/7.0/toolchain/avr8/avr8-gnu-toolchain/bin/../lib/gcc/avr/4.9.2/avrxmega6\libgcc.a(_negsi2.o)
 .text.libgcc   0x00000000        0x0 c:/program files (x86)/atmel/studio/7.0/toolchain/avr8/avr8-gnu-toolchain/bin/../lib/gcc/avr/4.9.2/avrxmega6\libgcc.a(_negsi2.o)
 .text.libgcc.prologue
                0x00000000        0x0 c:/program files (x86)/atmel/studio/7.0/toolchain/avr8/avr8-gnu-toolchain/bin/../lib/gcc/avr/4.9.2/avrxmega6\libgcc.a(_negsi2.o)
 .text.libgcc.builtins
                0x00000000        0x0 c:/program files (x86)/atmel/studio/7.0/toolchain/avr8/avr8-gnu-toolchain/bin/../lib/gcc/avr/4.9.2/avrxmega6\libgcc.a(_negsi2.o)
 .text.libgcc.fmul
                0x00000000        0x0 c:/program files (x86)/atmel/studio/7.0/toolchain/avr8/avr8-gnu-toolchain/bin/../lib/gcc/avr/4.9.2/avrxmega6\libgcc.a(_negsi2.o)
 .text.libgcc.fixed
                0x00000000        0x0 c:/program files (x86)/atmel/studio/7.0/toolchain/avr8/avr8-gnu-toolchain/bin/../lib/gcc/avr/4.9.2/avrxmega6\libgcc.a(_negsi2.o)
 .text          0x00000000        0x0 c:/program files (x86)/atmel/studio/7.0/toolchain/avr8/avr8-gnu-toolchain/bin/../lib/gcc/avr/4.9.2/avrxmega6\libgcc.a(_exit.o)
 .data          0x00000000        0x0 c:/program files (x86)/atmel/studio/7.0/toolchain/avr8/avr8-gnu-toolchain/bin/../lib/gcc/avr/4.9.2/avrxmega6\libgcc.a(_exit.o)
 .bss           0x00000000        0x0 c:/program files (x86)/atmel/studio/7.0/toolchain/avr8/avr8-gnu-toolchain/bin/../lib/gcc/avr/4.9.2/avrxmega6\libgcc.a(_exit.o)
 .text.libgcc.mul
                0x00000000        0x0 c:/program files (x86)/atmel/studio/7.0/toolchain/avr8/avr8-gnu-toolchain/bin/../lib/gcc/avr/4.9.2/avrxmega6\libgcc.a(_exit.o)
 .text.libgcc.div
                0x00000000        0x0 c:/program files (x86)/atmel/studio/7.0/toolchain/avr8/avr8-gnu-toolchain/bin/../lib/gcc/avr/4.9.2/avrxmega6\libgcc.a(_exit.o)
 .text.libgcc   0x00000000        0x0 c:/program files (x86)/atmel/studio/7.0/toolchain/avr8/avr8-gnu-toolchain/bin/../lib/gcc/avr/4.9.2/avrxmega6\libgcc.a(_exit.o)
 .text.libgcc.prologue
                0x00000000        0x0 c:/program files (x86)/atmel/studio/7.0/toolchain/avr8/avr8-gnu-toolchain/bin/../lib/gcc/avr/4.9.2/avrxmega6\libgcc.a(_exit.o)
 .text.libgcc.builtins
                0x00000000        0x0 c:/program files (x86)/atmel/studio/7.0/toolchain/avr8/avr8-gnu-toolchain/bin/../lib/gcc/avr/4.9.2/avrxmega6\libgcc.a(_exit.o)
 .text.libgcc.fmul
                0x00000000        0x0 c:/program files (x86)/atmel/studio/7.0/toolchain/avr8/avr8-gnu-toolchain/bin/../lib/gcc/avr/4.9.2/avrxmega6\libgcc.a(_exit.o)
 .text.libgcc.fixed
                0x00000000        0x0 c:/program files (x86)/atmel/studio/7.0/toolchain/avr8/avr8-gnu-toolchain/bin/../lib/gcc/avr/4.9.2/avrxmega6\libgcc.a(_exit.o)
 .text          0x00000000        0x0 c:/program files (x86)/atmel/studio/7.0/toolchain/avr8/avr8-gnu-toolchain/bin/../lib/gcc/avr/4.9.2/avrxmega6\libgcc.a(_tablejump2.o)
 .data          0x00000000        0x0 c:/program files (x86)/atmel/studio/7.0/toolchain/avr8/avr8-gnu-toolchain/bin/../lib/gcc/avr/4.9.2/avrxmega6\libgcc.a(_tablejump2.o)
 .bss           0x00000000        0x0 c:/program files (x86)/atmel/studio/7.0/toolchain/avr8/avr8-gnu-toolchain/bin/../lib/gcc/avr/4.9.2/avrxmega6\libgcc.a(_tablejump2.o)
 .text.libgcc.mul
                0x00000000        0x0 c:/program files (x86)/atmel/studio/7.0/toolchain/avr8/avr8-gnu-toolchain/bin/../lib/gcc/avr/4.9.2/avrxmega6\libgcc.a(_tablejump2.o)
 .text.libgcc.div
                0x00000000        0x0 c:/program files (x86)/atmel/studio/7.0/toolchain/avr8/avr8-gnu-toolchain/bin/../lib/gcc/avr/4.9.2/avrxmega6\libgcc.a(_tablejump2.o)
 .text.libgcc.prologue
                0x00000000        0x0 c:/program files (x86)/atmel/studio/7.0/toolchain/avr8/avr8-gnu-toolchain/bin/../lib/gcc/avr/4.9.2/avrxmega6\libgcc.a(_tablejump2.o)
 .text.libgcc.builtins
                0x00000000        0x0 c:/program files (x86)/atmel/studio/7.0/toolchain/avr8/avr8-gnu-toolchain/bin/../lib/gcc/avr/4.9.2/avrxmega6\libgcc.a(_tablejump2.o)
 .text.libgcc.fmul
                0x00000000        0x0 c:/program files (x86)/atmel/studio/7.0/toolchain/avr8/avr8-gnu-toolchain/bin/../lib/gcc/avr/4.9.2/avrxmega6\libgcc.a(_tablejump2.o)
 .text.libgcc.fixed
                0x00000000        0x0 c:/program files (x86)/atmel/studio/7.0/toolchain/avr8/avr8-gnu-toolchain/bin/../lib/gcc/avr/4.9.2/avrxmega6\libgcc.a(_tablejump2.o)
 .text          0x00000000        0x0 c:/program files (x86)/atmel/studio/7.0/toolchain/avr8/avr8-gnu-toolchain/bin/../lib/gcc/avr/4.9.2/avrxmega6\libgcc.a(_copy_data.o)
 .data          0x00000000        0x0 c:/program files (x86)/atmel/studio/7.0/toolchain/avr8/avr8-gnu-toolchain/bin/../lib/gcc/avr/4.9.2/avrxmega6\libgcc.a(_copy_data.o)
 .bss           0x00000000        0x0 c:/program files (x86)/atmel/studio/7.0/toolchain/avr8/avr8-gnu-toolchain/bin/../lib/gcc/avr/4.9.2/avrxmega6\libgcc.a(_copy_data.o)
 .text.libgcc.mul
                0x00000000        0x0 c:/program files (x86)/atmel/studio/7.0/toolchain/avr8/avr8-gnu-toolchain/bin/../lib/gcc/avr/4.9.2/avrxmega6\libgcc.a(_copy_data.o)
 .text.libgcc.div
                0x00000000        0x0 c:/program files (x86)/atmel/studio/7.0/toolchain/avr8/avr8-gnu-toolchain/bin/../lib/gcc/avr/4.9.2/avrxmega6\libgcc.a(_copy_data.o)
 .text.libgcc   0x00000000        0x0 c:/program files (x86)/atmel/studio/7.0/toolchain/avr8/avr8-gnu-toolchain/bin/../lib/gcc/avr/4.9.2/avrxmega6\libgcc.a(_copy_data.o)
 .text.libgcc.prologue
                0x00000000        0x0 c:/program files (x86)/atmel/studio/7.0/toolchain/avr8/avr8-gnu-toolchain/bin/../lib/gcc/avr/4.9.2/avrxmega6\libgcc.a(_copy_data.o)
 .text.libgcc.builtins
                0x00000000        0x0 c:/program files (x86)/atmel/studio/7.0/toolchain/avr8/avr8-gnu-toolchain/bin/../lib/gcc/avr/4.9.2/avrxmega6\libgcc.a(_copy_data.o)
 .text.libgcc.fmul
                0x00000000        0x0 c:/program files (x86)/atmel/studio/7.0/toolchain/avr8/avr8-gnu-toolchain/bin/../lib/gcc/avr/4.9.2/avrxmega6\libgcc.a(_copy_data.o)
 .text.libgcc.fixed
                0x00000000        0x0 c:/program files (x86)/atmel/studio/7.0/toolchain/avr8/avr8-gnu-toolchain/bin/../lib/gcc/avr/4.9.2/avrxmega6\libgcc.a(_copy_data.o)
 .text          0x00000000        0x0 c:/program files (x86)/atmel/studio/7.0/toolchain/avr8/avr8-gnu-toolchain/bin/../lib/gcc/avr/4.9.2/avrxmega6\libgcc.a(_clear_bss.o)
 .data          0x00000000        0x0 c:/program files (x86)/atmel/studio/7.0/toolchain/avr8/avr8-gnu-toolchain/bin/../lib/gcc/avr/4.9.2/avrxmega6\libgcc.a(_clear_bss.o)
 .bss           0x00000000        0x0 c:/program files (x86)/atmel/studio/7.0/toolchain/avr8/avr8-gnu-toolchain/bin/../lib/gcc/avr/4.9.2/avrxmega6\libgcc.a(_clear_bss.o)
 .text.libgcc.mul
                0x00000000        0x0 c:/program files (x86)/atmel/studio/7.0/toolchain/avr8/avr8-gnu-toolchain/bin/../lib/gcc/avr/4.9.2/avrxmega6\libgcc.a(_clear_bss.o)
 .text.libgcc.div
                0x00000000        0x0 c:/program files (x86)/atmel/studio/7.0/toolchain/avr8/avr8-gnu-toolchain/bin/../lib/gcc/avr/4.9.2/avrxmega6\libgcc.a(_clear_bss.o)
 .text.libgcc   0x00000000        0x0 c:/program files (x86)/atmel/studio/7.0/toolchain/avr8/avr8-gnu-toolchain/bin/../lib/gcc/avr/4.9.2/avrxmega6\libgcc.a(_clear_bss.o)
 .text.libgcc.prologue
                0x00000000        0x0 c:/program files (x86)/atmel/studio/7.0/toolchain/avr8/avr8-gnu-toolchain/bin/../lib/gcc/avr/4.9.2/avrxmega6\libgcc.a(_clear_bss.o)
 .text.libgcc.builtins
                0x00000000        0x0 c:/program files (x86)/atmel/studio/7.0/toolchain/avr8/avr8-gnu-toolchain/bin/../lib/gcc/avr/4.9.2/avrxmega6\libgcc.a(_clear_bss.o)
 .text.libgcc.fmul
                0x00000000        0x0 c:/program files (x86)/atmel/studio/7.0/toolchain/avr8/avr8-gnu-toolchain/bin/../lib/gcc/avr/4.9.2/avrxmega6\libgcc.a(_clear_bss.o)
 .text.libgcc.fixed
                0x00000000        0x0 c:/program files (x86)/atmel/studio/7.0/toolchain/avr8/avr8-gnu-toolchain/bin/../lib/gcc/avr/4.9.2/avrxmega6\libgcc.a(_clear_bss.o)
 .text          0x00000000        0x0 c:/program files (x86)/atmel/studio/7.0/toolchain/avr8/avr8-gnu-toolchain/bin/../lib/gcc/avr/4.9.2/avrxmega6\libgcc.a(_ctors.o)
 .data          0x00000000        0x0 c:/program files (x86)/atmel/studio/7.0/toolchain/avr8/avr8-gnu-toolchain/bin/../lib/gcc/avr/4.9.2/avrxmega6\libgcc.a(_ctors.o)
 .bss           0x00000000        0x0 c:/program files (x86)/atmel/studio/7.0/toolchain/avr8/avr8-gnu-toolchain/bin/../lib/gcc/avr/4.9.2/avrxmega6\libgcc.a(_ctors.o)
 .text.libgcc.mul
                0x00000000        0x0 c:/program files (x86)/atmel/studio/7.0/toolchain/avr8/avr8-gnu-toolchain/bin/../lib/gcc/avr/4.9.2/avrxmega6\libgcc.a(_ctors.o)
 .text.libgcc.div
                0x00000000        0x0 c:/program files (x86)/atmel/studio/7.0/toolchain/avr8/avr8-gnu-toolchain/bin/../lib/gcc/avr/4.9.2/avrxmega6\libgcc.a(_ctors.o)
 .text.libgcc   0x00000000        0x0 c:/program files (x86)/atmel/studio/7.0/toolchain/avr8/avr8-gnu-toolchain/bin/../lib/gcc/avr/4.9.2/avrxmega6\libgcc.a(_ctors.o)
 .text.libgcc.prologue
                0x00000000        0x0 c:/program files (x86)/atmel/studio/7.0/toolchain/avr8/avr8-gnu-toolchain/bin/../lib/gcc/avr/4.9.2/avrxmega6\libgcc.a(_ctors.o)
 .text.libgcc.builtins
                0x00000000        0x0 c:/program files (x86)/atmel/studio/7.0/toolchain/avr8/avr8-gnu-toolchain/bin/../lib/gcc/avr/4.9.2/avrxmega6\libgcc.a(_ctors.o)
 .text.libgcc.fmul
                0x00000000        0x0 c:/program files (x86)/atmel/studio/7.0/toolchain/avr8/avr8-gnu-toolchain/bin/../lib/gcc/avr/4.9.2/avrxmega6\libgcc.a(_ctors.o)
 .text.libgcc.fixed
                0x00000000        0x0 c:/program files (x86)/atmel/studio/7.0/toolchain/avr8/avr8-gnu-toolchain/bin/../lib/gcc/avr/4.9.2/avrxmega6\libgcc.a(_ctors.o)
 .text          0x00000000        0x0 c:/program files (x86)/atmel/studio/7.0/toolchain/avr8/avr8-gnu-toolchain/bin/../lib/gcc/avr/4.9.2/avrxmega6\libgcc.a(_dtors.o)
 .data          0x00000000        0x0 c:/program files (x86)/atmel/studio/7.0/toolchain/avr8/avr8-gnu-toolchain/bin/../lib/gcc/avr/4.9.2/avrxmega6\libgcc.a(_dtors.o)
 .bss           0x00000000        0x0 c:/program files (x86)/atmel/studio/7.0/toolchain/avr8/avr8-gnu-toolchain/bin/../lib/gcc/avr/4.9.2/avrxmega6\libgcc.a(_dtors.o)
 .text.libgcc.mul
                0x00000000        0x0 c:/program files (x86)/atmel/studio/7.0/toolchain/avr8/avr8-gnu-toolchain/bin/../lib/gcc/avr/4.9.2/avrxmega6\libgcc.a(_dtors.o)
 .text.libgcc.div
                0x00000000        0x0 c:/program files (x86)/atmel/studio/7.0/toolchain/avr8/avr8-gnu-toolchain/bin/../lib/gcc/avr/4.9.2/avrxmega6\libgcc.a(_dtors.o)
 .text.libgcc   0x00000000        0x0 c:/program files (x86)/atmel/studio/7.0/toolchain/avr8/avr8-gnu-toolchain/bin/../lib/gcc/avr/4.9.2/avrxmega6\libgcc.a(_dtors.o)
 .text.libgcc.prologue
                0x00000000        0x0 c:/program files (x86)/atmel/studio/7.0/toolchain/avr8/avr8-gnu-toolchain/bin/../lib/gcc/avr/4.9.2/avrxmega6\libgcc.a(_dtors.o)
 .text.libgcc.builtins
                0x00000000        0x0 c:/program files (x86)/atmel/studio/7.0/toolchain/avr8/avr8-gnu-toolchain/bin/../lib/gcc/avr/4.9.2/avrxmega6\libgcc.a(_dtors.o)
 .text.libgcc.fmul
                0x00000000        0x0 c:/program files (x86)/atmel/studio/7.0/toolchain/avr8/avr8-gnu-toolchain/bin/../lib/gcc/avr/4.9.2/avrxmega6\libgcc.a(_dtors.o)
 .text.libgcc.fixed
                0x00000000        0x0 c:/program files (x86)/atmel/studio/7.0/toolchain/avr8/avr8-gnu-toolchain/bin/../lib/gcc/avr/4.9.2/avrxmega6\libgcc.a(_dtors.o)
 .text          0x00000000        0x0 c:/program files (x86)/atmel/studio/7.0/toolchain/avr8/avr8-gnu-toolchain/bin/../lib/gcc/avr/4.9.2/avrxmega6\libgcc.a(_umulhisi3.o)
 .data          0x00000000        0x0 c:/program files (x86)/atmel/studio/7.0/toolchain/avr8/avr8-gnu-toolchain/bin/../lib/gcc/avr/4.9.2/avrxmega6\libgcc.a(_umulhisi3.o)
 .bss           0x00000000        0x0 c:/program files (x86)/atmel/studio/7.0/toolchain/avr8/avr8-gnu-toolchain/bin/../lib/gcc/avr/4.9.2/avrxmega6\libgcc.a(_umulhisi3.o)
 .text.libgcc.div
                0x00000000        0x0 c:/program files (x86)/atmel/studio/7.0/toolchain/avr8/avr8-gnu-toolchain/bin/../lib/gcc/avr/4.9.2/avrxmega6\libgcc.a(_umulhisi3.o)
 .text.libgcc   0x00000000        0x0 c:/program files (x86)/atmel/studio/7.0/toolchain/avr8/avr8-gnu-toolchain/bin/../lib/gcc/avr/4.9.2/avrxmega6\libgcc.a(_umulhisi3.o)
 .text.libgcc.prologue
                0x00000000        0x0 c:/program files (x86)/atmel/studio/7.0/toolchain/avr8/avr8-gnu-toolchain/bin/../lib/gcc/avr/4.9.2/avrxmega6\libgcc.a(_umulhisi3.o)
 .text.libgcc.builtins
                0x00000000        0x0 c:/program files (x86)/atmel/studio/7.0/toolchain/avr8/avr8-gnu-toolchain/bin/../lib/gcc/avr/4.9.2/avrxmega6\libgcc.a(_umulhisi3.o)
 .text.libgcc.fmul
                0x00000000        0x0 c:/program files (x86)/atmel/studio/7.0/toolchain/avr8/avr8-gnu-toolchain/bin/../lib/gcc/avr/4.9.2/avrxmega6\libgcc.a(_umulhisi3.o)
 .text.libgcc.fixed
                0x00000000        0x0 c:/program files (x86)/atmel/studio/7.0/toolchain/avr8/avr8-gnu-toolchain/bin/../lib/gcc/avr/4.9.2/avrxmega6\libgcc.a(_umulhisi3.o)
 .text          0x00000000        0x0 c:/program files (x86)/atmel/studio/7.0/toolchain/avr8/avr8-gnu-toolchain/bin/../lib/gcc/avr/4.9.2/avrxmega6\libgcc.a(_udivmodsi4.o)
 .data          0x00000000        0x0 c:/program files (x86)/atmel/studio/7.0/toolchain/avr8/avr8-gnu-toolchain/bin/../lib/gcc/avr/4.9.2/avrxmega6\libgcc.a(_udivmodsi4.o)
 .bss           0x00000000        0x0 c:/program files (x86)/atmel/studio/7.0/toolchain/avr8/avr8-gnu-toolchain/bin/../lib/gcc/avr/4.9.2/avrxmega6\libgcc.a(_udivmodsi4.o)
 .text.libgcc.mul
                0x00000000        0x0 c:/program files (x86)/atmel/studio/7.0/toolchain/avr8/avr8-gnu-toolchain/bin/../lib/gcc/avr/4.9.2/avrxmega6\libgcc.a(_udivmodsi4.o)
 .text.libgcc   0x00000000        0x0 c:/program files (x86)/atmel/studio/7.0/toolchain/avr8/avr8-gnu-toolchain/bin/../lib/gcc/avr/4.9.2/avrxmega6\libgcc.a(_udivmodsi4.o)
 .text.libgcc.prologue
                0x00000000        0x0 c:/program files (x86)/atmel/studio/7.0/toolchain/avr8/avr8-gnu-toolchain/bin/../lib/gcc/avr/4.9.2/avrxmega6\libgcc.a(_udivmodsi4.o)
 .text.libgcc.builtins
                0x00000000        0x0 c:/program files (x86)/atmel/studio/7.0/toolchain/avr8/avr8-gnu-toolchain/bin/../lib/gcc/avr/4.9.2/avrxmega6\libgcc.a(_udivmodsi4.o)
 .text.libgcc.fmul
                0x00000000        0x0 c:/program files (x86)/atmel/studio/7.0/toolchain/avr8/avr8-gnu-toolchain/bin/../lib/gcc/avr/4.9.2/avrxmega6\libgcc.a(_udivmodsi4.o)
 .text.libgcc.fixed
                0x00000000        0x0 c:/program files (x86)/atmel/studio/7.0/toolchain/avr8/avr8-gnu-toolchain/bin/../lib/gcc/avr/4.9.2/avrxmega6\libgcc.a(_udivmodsi4.o)
 .text          0x00000000        0x0 c:/program files (x86)/atmel/studio/7.0/toolchain/avr8/avr8-gnu-toolchain/bin/../lib/gcc/avr/4.9.2/../../../../avr/lib/avrxmega6\libc.a(malloc.o)
 .bss           0x00000000        0x0 c:/program files (x86)/atmel/studio/7.0/toolchain/avr8/avr8-gnu-toolchain/bin/../lib/gcc/avr/4.9.2/../../../../avr/lib/avrxmega6\libc.a(malloc.o)
 .text          0x00000000        0x0 c:/program files (x86)/atmel/studio/7.0/toolchain/avr8/avr8-gnu-toolchain/bin/../lib/gcc/avr/4.9.2/../../../../avr/lib/avrxmega6\libc.a(memcpy.o)
 .data          0x00000000        0x0 c:/program files (x86)/atmel/studio/7.0/toolchain/avr8/avr8-gnu-toolchain/bin/../lib/gcc/avr/4.9.2/../../../../avr/lib/avrxmega6\libc.a(memcpy.o)
 .bss           0x00000000        0x0 c:/program files (x86)/atmel/studio/7.0/toolchain/avr8/avr8-gnu-toolchain/bin/../lib/gcc/avr/4.9.2/../../../../avr/lib/avrxmega6\libc.a(memcpy.o)

Memory Configuration

Name             Origin             Length             Attributes
text             0x00000000         0x00100000         xr
data             0x00802000         0x0000ffa0         rw !x
eeprom           0x00810000         0x00010000         rw !x
fuse             0x00820000         0x00000400         rw !x
lock             0x00830000         0x00000400         rw !x
signature        0x00840000         0x00000400         rw !x
user_signatures  0x00850000         0x00000400         rw !x
*default*        0x00000000         0xffffffff

Linker script and memory map

LOAD C:/Program Files (x86)/Atmel/Studio/7.0/Packs/atmel/XMEGAA_DFP/1.0.36/gcc/dev/atxmega128a3u/avrxmega6/crtatxmega128a3u.o
LOAD CDGUSDatabase.o
LOAD CLaserControlApp.o
LOAD DGUSGUI.o
LOAD LaserLib/CSPI.o
LOAD LaserLib/CTimer.o
LOAD LaserLib/CUSART.o
LOAD LaserLib/intx128.o
LOAD main.o
LOAD MODBUS/CMBProtocol.o
LOAD MODBUS/CMBSender.o
LOAD Periphery/CDGUSUSART.o
LOAD Periphery/CLaserBoard.o
LOAD Periphery/CSoundPlayer.o
LOAD Periphery/CTimerC.o
LOAD Periphery/CTimerD.o
LOAD Periphery/CTimerF.o
START GROUP
LOAD c:/program files (x86)/atmel/studio/7.0/toolchain/avr8/avr8-gnu-toolchain/bin/../lib/gcc/avr/4.9.2/../../../../avr/lib/avrxmega6\libm.a
END GROUP
LOAD c:/program files (x86)/atmel/studio/7.0/toolchain/avr8/avr8-gnu-toolchain/bin/../lib/gcc/avr/4.9.2/avrxmega6\libgcc.a
LOAD c:/program files (x86)/atmel/studio/7.0/toolchain/avr8/avr8-gnu-toolchain/bin/../lib/gcc/avr/4.9.2/../../../../avr/lib/avrxmega6\libm.a
START GROUP
LOAD c:/program files (x86)/atmel/studio/7.0/toolchain/avr8/avr8-gnu-toolchain/bin/../lib/gcc/avr/4.9.2/avrxmega6\libgcc.a
LOAD c:/program files (x86)/atmel/studio/7.0/toolchain/avr8/avr8-gnu-toolchain/bin/../lib/gcc/avr/4.9.2/../../../../avr/lib/avrxmega6\libm.a
LOAD c:/program files (x86)/atmel/studio/7.0/toolchain/avr8/avr8-gnu-toolchain/bin/../lib/gcc/avr/4.9.2/../../../../avr/lib/avrxmega6\libc.a
LOAD C:/Program Files (x86)/Atmel/Studio/7.0/Packs/atmel/XMEGAA_DFP/1.0.36/gcc/dev/atxmega128a3u/avrxmega6\libatxmega128a3u.a
END GROUP

.hash
 *(.hash)

.dynsym
 *(.dynsym)

.dynstr
 *(.dynstr)

.gnu.version
 *(.gnu.version)

.gnu.version_d
 *(.gnu.version_d)

.gnu.version_r
 *(.gnu.version_r)

.rel.init
 *(.rel.init)

.rela.init
 *(.rela.init)

.rel.text
 *(.rel.text)
 *(.rel.text.*)
 *(.rel.gnu.linkonce.t*)

.rela.text
 *(.rela.text)
 *(.rela.text.*)
 *(.rela.gnu.linkonce.t*)

.rel.fini
 *(.rel.fini)

.rela.fini
 *(.rela.fini)

.rel.rodata
 *(.rel.rodata)
 *(.rel.rodata.*)
 *(.rel.gnu.linkonce.r*)

.rela.rodata
 *(.rela.rodata)
 *(.rela.rodata.*)
 *(.rela.gnu.linkonce.r*)

.rel.data
 *(.rel.data)
 *(.rel.data.*)
 *(.rel.gnu.linkonce.d*)

.rela.data
 *(.rela.data)
 *(.rela.data.*)
 *(.rela.gnu.linkonce.d*)

.rel.ctors
 *(.rel.ctors)

.rela.ctors
 *(.rela.ctors)

.rel.dtors
 *(.rel.dtors)

.rela.dtors
 *(.rela.dtors)

.rel.got
 *(.rel.got)

.rela.got
 *(.rela.got)

.rel.bss
 *(.rel.bss)

.rela.bss
 *(.rela.bss)

.rel.plt
 *(.rel.plt)

.rela.plt
 *(.rela.plt)

.text           0x00000000     0x4c00
 *(.vectors)
 .vectors       0x00000000      0x1fc C:/Program Files (x86)/Atmel/Studio/7.0/Packs/atmel/XMEGAA_DFP/1.0.36/gcc/dev/atxmega128a3u/avrxmega6/crtatxmega128a3u.o
                0x00000000                __vector_default
                0x00000000                __vectors
 *(.vectors)
 *(.progmem.gcc*)
 .progmem.gcc_sw_table._ZN16CLaserControlApp18OnRegisterReceivedEhPhh
                0x000001fc       0x3e CLaserControlApp.o
 .progmem.gcc_sw_table._ZN9CMBSender13OnReceiveByteEh
                0x0000023a       0x16 MODBUS/CMBSender.o
                0x00000250                . = ALIGN (0x2)
                0x00000250                __trampolines_start = .
 *(.trampolines)
 .trampolines   0x00000250      0x19c linker stubs
 *(.trampolines*)
                0x000003ec                __trampolines_end = .
 *(.progmem*)
                0x000003ec                . = ALIGN (0x2)
 *(.jumptables)
 *(.jumptables*)
 *(.lowtext)
 *(.lowtext*)
                0x000003ec                __ctors_start = .
 *(.ctors)
 .ctors         0x000003ec        0x2 CLaserControlApp.o
 .ctors         0x000003ee        0x2 main.o
                0x000003f0                __ctors_end = .
                0x000003f0                __dtors_start = .
 *(.dtors)
 .dtors         0x000003f0        0x2 CLaserControlApp.o
 .dtors         0x000003f2        0x2 main.o
                0x000003f4                __dtors_end = .
 SORT(*)(.ctors)
 SORT(*)(.dtors)
 *(.init0)
 .init0         0x000003f4        0x0 C:/Program Files (x86)/Atmel/Studio/7.0/Packs/atmel/XMEGAA_DFP/1.0.36/gcc/dev/atxmega128a3u/avrxmega6/crtatxmega128a3u.o
                0x000003f4                __init
 *(.init0)
 *(.init1)
 *(.init1)
 *(.init2)
 .init2         0x000003f4       0x10 C:/Program Files (x86)/Atmel/Studio/7.0/Packs/atmel/XMEGAA_DFP/1.0.36/gcc/dev/atxmega128a3u/avrxmega6/crtatxmega128a3u.o
 *(.init2)
 *(.init3)
 *(.init3)
 *(.init4)
 .init4         0x00000404       0x1a c:/program files (x86)/atmel/studio/7.0/toolchain/avr8/avr8-gnu-toolchain/bin/../lib/gcc/avr/4.9.2/avrxmega6\libgcc.a(_copy_data.o)
                0x00000404                __do_copy_data
 .init4         0x0000041e       0x10 c:/program files (x86)/atmel/studio/7.0/toolchain/avr8/avr8-gnu-toolchain/bin/../lib/gcc/avr/4.9.2/avrxmega6\libgcc.a(_clear_bss.o)
                0x0000041e                __do_clear_bss
 *(.init4)
 *(.init5)
 *(.init5)
 *(.init6)
 .init6         0x0000042e       0x20 c:/program files (x86)/atmel/studio/7.0/toolchain/avr8/avr8-gnu-toolchain/bin/../lib/gcc/avr/4.9.2/avrxmega6\libgcc.a(_ctors.o)
                0x0000042e                __do_global_ctors
 *(.init6)
 *(.init7)
 *(.init7)
 *(.init8)
 *(.init8)
 *(.init9)
 .init9         0x0000044e        0x8 C:/Program Files (x86)/Atmel/Studio/7.0/Packs/atmel/XMEGAA_DFP/1.0.36/gcc/dev/atxmega128a3u/avrxmega6/crtatxmega128a3u.o
 *(.init9)
 *(.text)
 .text          0x00000456        0x4 C:/Program Files (x86)/Atmel/Studio/7.0/Packs/atmel/XMEGAA_DFP/1.0.36/gcc/dev/atxmega128a3u/avrxmega6/crtatxmega128a3u.o
                0x00000456                __vector_75
                0x00000456                __vector_102
                0x00000456                __bad_interrupt
                0x00000456                __vector_122
                0x00000456                __vector_114
                0x00000456                __vector_117
                0x00000456                __vector_107
                0x00000456                __vector_98
                0x00000456                __vector_99
                0x00000456                __vector_125
                0x00000456                __vector_123
                0x00000456                __vector_100
                0x00000456                __vector_101
                0x00000456                __vector_76
                0x00000456                __vector_115
                0x00000456                __vector_95
                0x00000456                __vector_103
                0x00000456                __vector_96
                0x00000456                __vector_106
                0x00000456                __vector_118
                0x00000456                __vector_94
                0x00000456                __vector_126
                0x00000456                __vector_124
                0x00000456                __vector_116
                0x00000456                __vector_97
                0x0000045a                . = ALIGN (0x2)
 *(.text.*)
 .text._ZN16CLaserControlApp21OnTransactionCallbackEPhj
                0x0000045a        0x2 CLaserControlApp.o
                0x0000045a                _ZN16CLaserControlApp21OnTransactionCallbackEPhj
 .text._ZN16CLaserControlApp18OnRegisterReceivedEhPhh
                0x0000045c       0x90 CLaserControlApp.o
                0x0000045c                _ZN16CLaserControlApp18OnRegisterReceivedEhPhh
 .text._ZN16CLaserControlApp13OnTimerStaticEPv
                0x000004ec        0x2 CLaserControlApp.o
                0x000004ec                _ZN16CLaserControlApp13OnTimerStaticEPv
 .text._ZN16CLaserControlApp18OnVariableReceivedEjPjj
                0x000004ee       0x86 CLaserControlApp.o
                0x000004ee                _ZN16CLaserControlApp18OnVariableReceivedEjPjj
 .text._ZN16CLaserControlAppC2Ev
                0x00000574        0xc CLaserControlApp.o
                0x00000574                _ZN16CLaserControlAppC2Ev
                0x00000574                _ZN16CLaserControlAppC1Ev
 .text._ZN16CLaserControlAppD2Ev
                0x00000580       0x10 CLaserControlApp.o
                0x00000580                _ZN16CLaserControlAppD2Ev
                0x00000580                _ZN16CLaserControlAppD1Ev
 .text._ZN16CLaserControlApp5StartEv
                0x00000590       0x70 CLaserControlApp.o
                0x00000590                _ZN16CLaserControlApp5StartEv
 .text._ZN16CLaserControlApp12OnLaserTimerEv
                0x00000600       0x22 CLaserControlApp.o
                0x00000600                _ZN16CLaserControlApp12OnLaserTimerEv
 .text._ZN16CLaserControlApp18OnLaserTimerStaticEPv
                0x00000622        0x6 CLaserControlApp.o
                0x00000622                _ZN16CLaserControlApp18OnLaserTimerStaticEPv
 .text._GLOBAL__sub_I_timer
                0x00000628       0x12 CLaserControlApp.o
 .text._GLOBAL__sub_D_timer
                0x0000063a       0x12 CLaserControlApp.o
 .text._ZN16CLaserControlApp10InitializeEP9CMBSender
                0x0000064c      0x20a CLaserControlApp.o
                0x0000064c                _ZN16CLaserControlApp10InitializeEP9CMBSender
 .text._ZN16CLaserControlApp3RunEv
                0x00000856      0x4ba CLaserControlApp.o
                0x00000856                _ZN16CLaserControlApp3RunEv
 .text._Z11ConvertDataPvS_jj
                0x00000d10       0x58 DGUSGUI.o
                0x00000d10                _Z11ConvertDataPvS_jj
 .text._Z4swapj
                0x00000d68        0x8 DGUSGUI.o
                0x00000d68                _Z4swapj
 .text._ZN4CSPIC2Ev
                0x00000d70        0x2 LaserLib/CSPI.o
                0x00000d70                _ZN4CSPIC2Ev
                0x00000d70                _ZN4CSPIC1Ev
 .text._ZN4CSPID2Ev
                0x00000d72        0x2 LaserLib/CSPI.o
                0x00000d72                _ZN4CSPID2Ev
                0x00000d72                _ZN4CSPID1Ev
 .text._ZN4CSPI10InitializeEb19SPI_DATA_ORDER_ENUM13SPI_MODE_ENUMb18SPI_PRESCALER_enum
                0x00000d74       0x88 LaserLib/CSPI.o
                0x00000d74                _ZN4CSPI10InitializeEb19SPI_DATA_ORDER_ENUM13SPI_MODE_ENUMb18SPI_PRESCALER_enum
 .text._ZN4CSPI4SendEPhj
                0x00000dfc       0x40 LaserLib/CSPI.o
                0x00000dfc                _ZN4CSPI4SendEPhj
 .text._ZN4CSPI10OnTransmitEv
                0x00000e3c       0x30 LaserLib/CSPI.o
                0x00000e3c                _ZN4CSPI10OnTransmitEv
 .text._ZN4CSPI16StaticOnTransmitEPv
                0x00000e6c        0x6 LaserLib/CSPI.o
                0x00000e6c                _ZN4CSPI16StaticOnTransmitEPv
 .text._ZN6CTimerC2Ev
                0x00000e72        0xc LaserLib/CTimer.o
                0x00000e72                _ZN6CTimerC1Ev
                0x00000e72                _ZN6CTimerC2Ev
 .text._ZN6CTimerD2Ev
                0x00000e7e        0x2 LaserLib/CTimer.o
                0x00000e7e                _ZN6CTimerD1Ev
                0x00000e7e                _ZN6CTimerD2Ev
 .text._ZN6CUSARTC2Ev
                0x00000e80        0xc LaserLib/CUSART.o
                0x00000e80                _ZN6CUSARTC2Ev
                0x00000e80                _ZN6CUSARTC1Ev
 .text._ZN6CUSARTD2Ev
                0x00000e8c        0x2 LaserLib/CUSART.o
                0x00000e8c                _ZN6CUSARTD1Ev
                0x00000e8c                _ZN6CUSARTD2Ev
 .text.__vector_1
                0x00000e8e       0x62 LaserLib/intx128.o
                0x00000e8e                __vector_1
 .text.__vector_2
                0x00000ef0       0x62 LaserLib/intx128.o
                0x00000ef0                __vector_2
 .text.__vector_3
                0x00000f52       0x62 LaserLib/intx128.o
                0x00000f52                __vector_3
 .text.__vector_4
                0x00000fb4       0x62 LaserLib/intx128.o
                0x00000fb4                __vector_4
 .text.__vector_5
                0x00001016       0x62 LaserLib/intx128.o
                0x00001016                __vector_5
 .text.__vector_6
                0x00001078       0x62 LaserLib/intx128.o
                0x00001078                __vector_6
 .text.__vector_7
                0x000010da       0x62 LaserLib/intx128.o
                0x000010da                __vector_7
 .text.__vector_8
                0x0000113c       0x62 LaserLib/intx128.o
                0x0000113c                __vector_8
 .text.__vector_9
                0x0000119e       0x62 LaserLib/intx128.o
                0x0000119e                __vector_9
 .text.__vector_10
                0x00001200       0x62 LaserLib/intx128.o
                0x00001200                __vector_10
 .text.__vector_11
                0x00001262       0x62 LaserLib/intx128.o
                0x00001262                __vector_11
 .text.__vector_12
                0x000012c4       0x62 LaserLib/intx128.o
                0x000012c4                __vector_12
 .text.__vector_13
                0x00001326       0x62 LaserLib/intx128.o
                0x00001326                __vector_13
 .text.__vector_14
                0x00001388       0x62 LaserLib/intx128.o
                0x00001388                __vector_14
 .text.__vector_15
                0x000013ea       0x62 LaserLib/intx128.o
                0x000013ea                __vector_15
 .text.__vector_16
                0x0000144c       0x62 LaserLib/intx128.o
                0x0000144c                __vector_16
 .text.__vector_17
                0x000014ae       0x62 LaserLib/intx128.o
                0x000014ae                __vector_17
 .text.__vector_18
                0x00001510       0x62 LaserLib/intx128.o
                0x00001510                __vector_18
 .text.__vector_19
                0x00001572       0x62 LaserLib/intx128.o
                0x00001572                __vector_19
 .text.__vector_20
                0x000015d4       0x62 LaserLib/intx128.o
                0x000015d4                __vector_20
 .text.__vector_21
                0x00001636       0x62 LaserLib/intx128.o
                0x00001636                __vector_21
 .text.__vector_22
                0x00001698       0x62 LaserLib/intx128.o
                0x00001698                __vector_22
 .text.__vector_23
                0x000016fa       0x62 LaserLib/intx128.o
                0x000016fa                __vector_23
 .text.__vector_24
                0x0000175c       0x62 LaserLib/intx128.o
                0x0000175c                __vector_24
 .text.__vector_25
                0x000017be       0x62 LaserLib/intx128.o
                0x000017be                __vector_25
 .text.__vector_26
                0x00001820       0x62 LaserLib/intx128.o
                0x00001820                __vector_26
 .text.__vector_27
                0x00001882       0x62 LaserLib/intx128.o
                0x00001882                __vector_27
 .text.__vector_28
                0x000018e4       0x62 LaserLib/intx128.o
                0x000018e4                __vector_28
 .text.__vector_29
                0x00001946       0x62 LaserLib/intx128.o
                0x00001946                __vector_29
 .text.__vector_30
                0x000019a8       0x62 LaserLib/intx128.o
                0x000019a8                __vector_30
 .text.__vector_31
                0x00001a0a       0x62 LaserLib/intx128.o
                0x00001a0a                __vector_31
 .text.__vector_32
                0x00001a6c       0x62 LaserLib/intx128.o
                0x00001a6c                __vector_32
 .text.__vector_33
                0x00001ace       0x62 LaserLib/intx128.o
                0x00001ace                __vector_33
 .text.__vector_34
                0x00001b30       0x62 LaserLib/intx128.o
                0x00001b30                __vector_34
 .text.__vector_35
                0x00001b92       0x62 LaserLib/intx128.o
                0x00001b92                __vector_35
 .text.__vector_36
                0x00001bf4       0x62 LaserLib/intx128.o
                0x00001bf4                __vector_36
 .text.__vector_37
                0x00001c56       0x62 LaserLib/intx128.o
                0x00001c56                __vector_37
 .text.__vector_38
                0x00001cb8       0x62 LaserLib/intx128.o
                0x00001cb8                __vector_38
 .text.__vector_39
                0x00001d1a       0x62 LaserLib/intx128.o
                0x00001d1a                __vector_39
 .text.__vector_40
                0x00001d7c       0x62 LaserLib/intx128.o
                0x00001d7c                __vector_40
 .text.__vector_41
                0x00001dde       0x62 LaserLib/intx128.o
                0x00001dde                __vector_41
 .text.__vector_42
                0x00001e40       0x62 LaserLib/intx128.o
                0x00001e40                __vector_42
 .text.__vector_43
                0x00001ea2       0x62 LaserLib/intx128.o
                0x00001ea2                __vector_43
 .text.__vector_44
                0x00001f04       0x62 LaserLib/intx128.o
                0x00001f04                __vector_44
 .text.__vector_45
                0x00001f66       0x62 LaserLib/intx128.o
                0x00001f66                __vector_45
 .text.__vector_46
                0x00001fc8       0x62 LaserLib/intx128.o
                0x00001fc8                __vector_46
 .text.__vector_47
                0x0000202a       0x62 LaserLib/intx128.o
                0x0000202a                __vector_47
 .text.__vector_48
                0x0000208c       0x62 LaserLib/intx128.o
                0x0000208c                __vector_48
 .text.__vector_49
                0x000020ee       0x62 LaserLib/intx128.o
                0x000020ee                __vector_49
 .text.__vector_50
                0x00002150       0x62 LaserLib/intx128.o
                0x00002150                __vector_50
 .text.__vector_51
                0x000021b2       0x62 LaserLib/intx128.o
                0x000021b2                __vector_51
 .text.__vector_52
                0x00002214       0x62 LaserLib/intx128.o
                0x00002214                __vector_52
 .text.__vector_53
                0x00002276       0x62 LaserLib/intx128.o
                0x00002276                __vector_53
 .text.__vector_54
                0x000022d8       0x62 LaserLib/intx128.o
                0x000022d8                __vector_54
 .text.__vector_55
                0x0000233a       0x62 LaserLib/intx128.o
                0x0000233a                __vector_55
 .text.__vector_56
                0x0000239c       0x62 LaserLib/intx128.o
                0x0000239c                __vector_56
 .text.__vector_57
                0x000023fe       0x62 LaserLib/intx128.o
                0x000023fe                __vector_57
 .text.__vector_58
                0x00002460       0x62 LaserLib/intx128.o
                0x00002460                __vector_58
 .text.__vector_59
                0x000024c2       0x62 LaserLib/intx128.o
                0x000024c2                __vector_59
 .text.__vector_60
                0x00002524       0x62 LaserLib/intx128.o
                0x00002524                __vector_60
 .text.__vector_61
                0x00002586       0x62 LaserLib/intx128.o
                0x00002586                __vector_61
 .text.__vector_62
                0x000025e8       0x62 LaserLib/intx128.o
                0x000025e8                __vector_62
 .text.__vector_63
                0x0000264a       0x62 LaserLib/intx128.o
                0x0000264a                __vector_63
 .text.__vector_64
                0x000026ac       0x62 LaserLib/intx128.o
                0x000026ac                __vector_64
 .text.__vector_65
                0x0000270e       0x62 LaserLib/intx128.o
                0x0000270e                __vector_65
 .text.__vector_66
                0x00002770       0x62 LaserLib/intx128.o
                0x00002770                __vector_66
 .text.__vector_67
                0x000027d2       0x62 LaserLib/intx128.o
                0x000027d2                __vector_67
 .text.__vector_68
                0x00002834       0x62 LaserLib/intx128.o
                0x00002834                __vector_68
 .text.__vector_69
                0x00002896       0x62 LaserLib/intx128.o
                0x00002896                __vector_69
 .text.__vector_70
                0x000028f8       0x62 LaserLib/intx128.o
                0x000028f8                __vector_70
 .text.__vector_71
                0x0000295a       0x62 LaserLib/intx128.o
                0x0000295a                __vector_71
 .text.__vector_72
                0x000029bc       0x62 LaserLib/intx128.o
                0x000029bc                __vector_72
 .text.__vector_73
                0x00002a1e       0x62 LaserLib/intx128.o
                0x00002a1e                __vector_73
 .text.__vector_74
                0x00002a80       0x62 LaserLib/intx128.o
                0x00002a80                __vector_74
 .text.__vector_77
                0x00002ae2       0x62 LaserLib/intx128.o
                0x00002ae2                __vector_77
 .text.__vector_78
                0x00002b44       0x62 LaserLib/intx128.o
                0x00002b44                __vector_78
 .text.__vector_79
                0x00002ba6       0x62 LaserLib/intx128.o
                0x00002ba6                __vector_79
 .text.__vector_80
                0x00002c08       0x62 LaserLib/intx128.o
                0x00002c08                __vector_80
 .text.__vector_81
                0x00002c6a       0x62 LaserLib/intx128.o
                0x00002c6a                __vector_81
 .text.__vector_82
                0x00002ccc       0x62 LaserLib/intx128.o
                0x00002ccc                __vector_82
 .text.__vector_83
                0x00002d2e       0x62 LaserLib/intx128.o
                0x00002d2e                __vector_83
 .text.__vector_84
                0x00002d90       0x62 LaserLib/intx128.o
                0x00002d90                __vector_84
 .text.__vector_85
                0x00002df2       0x62 LaserLib/intx128.o
                0x00002df2                __vector_85
 .text.__vector_86
                0x00002e54       0x62 LaserLib/intx128.o
                0x00002e54                __vector_86
 .text.__vector_87
                0x00002eb6       0x62 LaserLib/intx128.o
                0x00002eb6                __vector_87
 .text.__vector_88
                0x00002f18       0x62 LaserLib/intx128.o
                0x00002f18                __vector_88
 .text.__vector_89
                0x00002f7a       0x62 LaserLib/intx128.o
                0x00002f7a                __vector_89
 .text.__vector_90
                0x00002fdc       0x62 LaserLib/intx128.o
                0x00002fdc                __vector_90
 .text.__vector_91
                0x0000303e       0x62 LaserLib/intx128.o
                0x0000303e                __vector_91
 .text.__vector_92
                0x000030a0       0x62 LaserLib/intx128.o
                0x000030a0                __vector_92
 .text.__vector_93
                0x00003102       0x62 LaserLib/intx128.o
                0x00003102                __vector_93
 .text.__vector_104
                0x00003164       0x62 LaserLib/intx128.o
                0x00003164                __vector_104
 .text.__vector_105
                0x000031c6       0x62 LaserLib/intx128.o
                0x000031c6                __vector_105
 .text.__vector_108
                0x00003228       0x62 LaserLib/intx128.o
                0x00003228                __vector_108
 .text.__vector_109
                0x0000328a       0x62 LaserLib/intx128.o
                0x0000328a                __vector_109
 .text.__vector_110
                0x000032ec       0x62 LaserLib/intx128.o
                0x000032ec                __vector_110
 .text.__vector_111
                0x0000334e       0x62 LaserLib/intx128.o
                0x0000334e                __vector_111
 .text.__vector_112
                0x000033b0       0x62 LaserLib/intx128.o
                0x000033b0                __vector_112
 .text.__vector_113
                0x00003412       0x62 LaserLib/intx128.o
                0x00003412                __vector_113
 .text.__vector_119
                0x00003474       0x62 LaserLib/intx128.o
                0x00003474                __vector_119
 .text.__vector_120
                0x000034d6       0x62 LaserLib/intx128.o
                0x000034d6                __vector_120
 .text.__vector_121
                0x00003538       0x62 LaserLib/intx128.o
                0x00003538                __vector_121
 .text.__cxa_pure_virtual
                0x0000359a        0x6 main.o
                0x0000359a                __cxa_pure_virtual
 .text._GLOBAL__sub_I_dacSPI
                0x000035a0       0x3a main.o
 .text._GLOBAL__sub_D_dacSPI
                0x000035da       0x3a main.o
 .text._Z16SystemInitializev
                0x00003614       0xac main.o
                0x00003614                _Z16SystemInitializev
 .text.main     0x000036c0       0xb6 main.o
                0x000036c0                main
 .text._ZN16CMBEventsHandler13FillRegDataTxEhPhh
                0x00003776       0x62 MODBUS/CMBProtocol.o
                0x00003776                _ZN16CMBEventsHandler13FillRegDataTxEhPhh
 .text._ZN16CMBEventsHandler13FillRegDataRqEhh
                0x000037d8       0x3e MODBUS/CMBProtocol.o
                0x000037d8                _ZN16CMBEventsHandler13FillRegDataRqEhh
 .text._ZN16CMBEventsHandler13FillVarDataTxEjPjj
                0x00003816       0x90 MODBUS/CMBProtocol.o
                0x00003816                _ZN16CMBEventsHandler13FillVarDataTxEjPjj
 .text._ZN16CMBEventsHandler13FillVarDataRqEjj
                0x000038a6       0x46 MODBUS/CMBProtocol.o
                0x000038a6                _ZN16CMBEventsHandler13FillVarDataRqEjj
 .text._ZN16CMBEventsHandler15AllocateBuffersEjj
                0x000038ec       0x36 MODBUS/CMBProtocol.o
                0x000038ec                _ZN16CMBEventsHandler15AllocateBuffersEjj
 .text._ZN16CMBEventsHandler11FreeBuffersEv
                0x00003922       0x1c MODBUS/CMBProtocol.o
                0x00003922                _ZN16CMBEventsHandler11FreeBuffersEv
 .text._ZN16CMBEventsHandlerD2Ev
                0x0000393e        0x2 MODBUS/CMBProtocol.o
                0x0000393e                _ZN16CMBEventsHandlerD2Ev
                0x0000393e                _ZN16CMBEventsHandlerD1Ev
 .text._ZN9CMBSender18OnVariableReceivedEjPjj
                0x00003940       0x1e MODBUS/CMBSender.o
                0x00003940                _ZN9CMBSender18OnVariableReceivedEjPjj
 .text._ZN9CMBSender18OnRegisterReceivedEhPhh
                0x0000395e       0x1e MODBUS/CMBSender.o
                0x0000395e                _ZN9CMBSender18OnRegisterReceivedEhPhh
 .text._ZN9CMBSenderC2Ev
                0x0000397c        0xc MODBUS/CMBSender.o
                0x0000397c                _ZN9CMBSenderC2Ev
                0x0000397c                _ZN9CMBSenderC1Ev
 .text._ZN9CMBSender10InitializeEP6CTimerP6CUSARTP16CMBEventsHandlerjjj
                0x00003988       0xde MODBUS/CMBSender.o
                0x00003988                _ZN9CMBSender10InitializeEP6CTimerP6CUSARTP16CMBEventsHandlerjjj
 .text._ZN9CMBSenderD2Ev
                0x00003a66       0x10 MODBUS/CMBSender.o
                0x00003a66                _ZN9CMBSenderD1Ev
                0x00003a66                _ZN9CMBSenderD2Ev
 .text._ZN9CMBSender13OnReceiveByteEh
                0x00003a76      0x15a MODBUS/CMBSender.o
                0x00003a76                _ZN9CMBSender13OnReceiveByteEh
 .text._ZN9CMBSender18OnUSARTRxInterruptEPv
                0x00003bd0       0x26 MODBUS/CMBSender.o
                0x00003bd0                _ZN9CMBSender18OnUSARTRxInterruptEPv
 .text._ZN9CMBSender9OnTimeoutEv
                0x00003bf6       0x28 MODBUS/CMBSender.o
                0x00003bf6                _ZN9CMBSender9OnTimeoutEv
 .text._ZN9CMBSender18OnTimeoutInterruptEPv
                0x00003c1e        0x6 MODBUS/CMBSender.o
                0x00003c1e                _ZN9CMBSender18OnTimeoutInterruptEPv
 .text._ZN9CMBSender19StartMODBUSListenerEv
                0x00003c24       0x32 MODBUS/CMBSender.o
                0x00003c24                _ZN9CMBSender19StartMODBUSListenerEv
 .text._ZN9CMBSender14OnTransmitByteEv
                0x00003c56       0x92 MODBUS/CMBSender.o
                0x00003c56                _ZN9CMBSender14OnTransmitByteEv
 .text._ZN9CMBSender18OnUSARTTxInterruptEPv
                0x00003ce8        0x6 MODBUS/CMBSender.o
                0x00003ce8                _ZN9CMBSender18OnUSARTTxInterruptEPv
 .text._ZN9CMBSender18WaitMODBUSListenerEv
                0x00003cee       0x22 MODBUS/CMBSender.o
                0x00003cee                _ZN9CMBSender18WaitMODBUSListenerEv
 .text._ZN9CMBSender22StartMODBUSTransmitterEv
                0x00003d10       0x2a MODBUS/CMBSender.o
                0x00003d10                _ZN9CMBSender22StartMODBUSTransmitterEv
 .text._ZN9CMBSender24WriteDataToRegisterAsyncEhPhh
                0x00003d3a       0x1e MODBUS/CMBSender.o
                0x00003d3a                _ZN9CMBSender24WriteDataToRegisterAsyncEhPhh
 .text._ZN9CMBSender20WriteDataToSRAMAsyncEjPjj
                0x00003d58       0x1e MODBUS/CMBSender.o
                0x00003d58                _ZN9CMBSender20WriteDataToSRAMAsyncEjPjj
 .text._ZN9CMBSender28RequestDataFromRegisterAsyncEhh
                0x00003d76       0x1e MODBUS/CMBSender.o
                0x00003d76                _ZN9CMBSender28RequestDataFromRegisterAsyncEhh
 .text._ZN9CMBSender24RequestDataFromSRAMAsyncEjh
                0x00003d94       0x20 MODBUS/CMBSender.o
                0x00003d94                _ZN9CMBSender24RequestDataFromSRAMAsyncEjh
 .text._ZN9CMBSender21WaitMODBUSTransmitterEv
                0x00003db4       0x22 MODBUS/CMBSender.o
                0x00003db4                _ZN9CMBSender21WaitMODBUSTransmitterEv
 .text._ZN9CMBSender30StartMODBUSRegisterTransactionEhh
                0x00003dd6        0xc MODBUS/CMBSender.o
                0x00003dd6                _ZN9CMBSender30StartMODBUSRegisterTransactionEhh
 .text._ZN9CMBSender30StartMODBUSVariableTransactionEjh
                0x00003de2        0xc MODBUS/CMBSender.o
                0x00003de2                _ZN9CMBSender30StartMODBUSVariableTransactionEjh
 .text._ZN9CMBSender18ProcessTransactionEPhj
                0x00003dee       0x62 MODBUS/CMBSender.o
                0x00003dee                _ZN9CMBSender18ProcessTransactionEPhj
 .text._ZN9CMBSender21OnTransactionCallbackEPhj
                0x00003e50        0x6 MODBUS/CMBSender.o
                0x00003e50                _ZN9CMBSender21OnTransactionCallbackEPhj
 .text._ZN10CDGUSUSART10InitializeE13BAUDRATE_ENUM11PARITY_ENUM12STOBITS_ENUMb
                0x00003e56       0x76 Periphery/CDGUSUSART.o
                0x00003e56                _ZN10CDGUSUSART10InitializeE13BAUDRATE_ENUM11PARITY_ENUM12STOBITS_ENUMb
 .text._ZN10CDGUSUSART15GetReceivedByteEv
                0x00003ecc        0x6 Periphery/CDGUSUSART.o
                0x00003ecc                _ZN10CDGUSUSART15GetReceivedByteEv
 .text._ZN10CDGUSUSART19SetTransmittingByteEh
                0x00003ed2        0x6 Periphery/CDGUSUSART.o
                0x00003ed2                _ZN10CDGUSUSART19SetTransmittingByteEh
 .text._ZN10CDGUSUSART14IsTransmittingEv
                0x00003ed8       0x10 Periphery/CDGUSUSART.o
                0x00003ed8                _ZN10CDGUSUSART14IsTransmittingEv
 .text._ZN10CDGUSUSART11IsReceivingEv
                0x00003ee8        0xe Periphery/CDGUSUSART.o
                0x00003ee8                _ZN10CDGUSUSART11IsReceivingEv
 .text._ZN10CDGUSUSART11IsDataEmptyEv
                0x00003ef6       0x10 Periphery/CDGUSUSART.o
                0x00003ef6                _ZN10CDGUSUSART11IsDataEmptyEv
 .text._ZN10CDGUSUSART25SetRxInterruptionCallbackEPvPFvS0_E
                0x00003f06       0x12 Periphery/CDGUSUSART.o
                0x00003f06                _ZN10CDGUSUSART25SetRxInterruptionCallbackEPvPFvS0_E
 .text._ZN10CDGUSUSART25SetTxInterruptionCallbackEPvPFvS0_E
                0x00003f18       0x12 Periphery/CDGUSUSART.o
                0x00003f18                _ZN10CDGUSUSART25SetTxInterruptionCallbackEPvPFvS0_E
 .text._ZN10CDGUSUSART12SetDMARxTrigEP13DMA_CH_struct
                0x00003f2a       0x12 Periphery/CDGUSUSART.o
                0x00003f2a                _ZN10CDGUSUSART12SetDMARxTrigEP13DMA_CH_struct
 .text._ZN10CDGUSUSART12SetDMATxTrigEP13DMA_CH_struct
                0x00003f3c       0x12 Periphery/CDGUSUSART.o
                0x00003f3c                _ZN10CDGUSUSART12SetDMATxTrigEP13DMA_CH_struct
 .text._ZN10CDGUSUSARTC2Ev
                0x00003f4e       0x18 Periphery/CDGUSUSART.o
                0x00003f4e                _ZN10CDGUSUSARTC1Ev
                0x00003f4e                _ZN10CDGUSUSARTC2Ev
 .text._ZN10CDGUSUSARTD2Ev
                0x00003f66       0x10 Periphery/CDGUSUSART.o
                0x00003f66                _ZN10CDGUSUSARTD2Ev
                0x00003f66                _ZN10CDGUSUSARTD1Ev
 .text._ZN11CLaserBoardC2Ev
                0x00003f76        0x2 Periphery/CLaserBoard.o
                0x00003f76                _ZN11CLaserBoardC1Ev
                0x00003f76                _ZN11CLaserBoardC2Ev
 .text._ZN11CLaserBoardD2Ev
                0x00003f78        0x2 Periphery/CLaserBoard.o
                0x00003f78                _ZN11CLaserBoardD2Ev
                0x00003f78                _ZN11CLaserBoardD1Ev
 .text._ZN11CLaserBoard12InitializeIOEv
                0x00003f7a       0xae Periphery/CLaserBoard.o
                0x00003f7a                _ZN11CLaserBoard12InitializeIOEv
 .text._ZN11CLaserBoard15InitializeClockEv
                0x00004028       0x6a Periphery/CLaserBoard.o
                0x00004028                _ZN11CLaserBoard15InitializeClockEv
 .text._ZN11CLaserBoard8Relay1OnEv
                0x00004092        0x8 Periphery/CLaserBoard.o
                0x00004092                _ZN11CLaserBoard8Relay1OnEv
 .text._ZN11CLaserBoard8Relay2OnEv
                0x0000409a        0x8 Periphery/CLaserBoard.o
                0x0000409a                _ZN11CLaserBoard8Relay2OnEv
 .text._ZN11CLaserBoard9Relay1OffEv
                0x000040a2        0x8 Periphery/CLaserBoard.o
                0x000040a2                _ZN11CLaserBoard9Relay1OffEv
 .text._ZN11CLaserBoard9Relay2OffEv
                0x000040aa        0x8 Periphery/CLaserBoard.o
                0x000040aa                _ZN11CLaserBoard9Relay2OffEv
 .text._ZN11CLaserBoard12LaserPowerOnEv
                0x000040b2        0x8 Periphery/CLaserBoard.o
                0x000040b2                _ZN11CLaserBoard12LaserPowerOnEv
 .text._ZN11CLaserBoard13LaserPowerOffEv
                0x000040ba        0x8 Periphery/CLaserBoard.o
                0x000040ba                _ZN11CLaserBoard13LaserPowerOffEv
 .text._ZN11CLaserBoard4BeepEv
                0x000040c2       0x30 Periphery/CLaserBoard.o
                0x000040c2                _ZN11CLaserBoard4BeepEv
 .text._ZN11CLaserBoard14BeepClassErrorEv
                0x000040f2       0x54 Periphery/CLaserBoard.o
                0x000040f2                _ZN11CLaserBoard14BeepClassErrorEv
 .text._ZN11CLaserBoard9PortCheckEv
                0x00004146       0x72 Periphery/CLaserBoard.o
                0x00004146                _ZN11CLaserBoard9PortCheckEv
 .text._ZN11CLaserBoard10FootswitchEv
                0x000041b8        0x8 Periphery/CLaserBoard.o
                0x000041b8                _ZN11CLaserBoard10FootswitchEv
 .text._ZN12CSoundPlayerC2Ev
                0x000041c0        0x2 Periphery/CSoundPlayer.o
                0x000041c0                _ZN12CSoundPlayerC2Ev
                0x000041c0                _ZN12CSoundPlayerC1Ev
 .text._ZN12CSoundPlayerD2Ev
                0x000041c2        0x2 Periphery/CSoundPlayer.o
                0x000041c2                _ZN12CSoundPlayerD1Ev
                0x000041c2                _ZN12CSoundPlayerD2Ev
 .text._ZN12CSoundPlayer19InitializeToneTimerEv
                0x000041c4       0x22 Periphery/CSoundPlayer.o
                0x000041c4                _ZN12CSoundPlayer19InitializeToneTimerEv
 .text._ZN12CSoundPlayer23InitializeDurationTimerEv
                0x000041e6       0x18 Periphery/CSoundPlayer.o
                0x000041e6                _ZN12CSoundPlayer23InitializeDurationTimerEv
 .text._ZN12CSoundPlayer10SoundStartEjjh
                0x000041fe       0x68 Periphery/CSoundPlayer.o
                0x000041fe                _ZN12CSoundPlayer10SoundStartEjjh
 .text._ZN12CSoundPlayer9SoundStopEv
                0x00004266       0x3c Periphery/CSoundPlayer.o
                0x00004266                _ZN12CSoundPlayer9SoundStopEv
 .text._ZN12CSoundPlayer4beepEjj
                0x000042a2       0x18 Periphery/CSoundPlayer.o
                0x000042a2                _ZN12CSoundPlayer4beepEjj
 .text._ZN12CSoundPlayer10InitializeEv
                0x000042ba       0x16 Periphery/CSoundPlayer.o
                0x000042ba                _ZN12CSoundPlayer10InitializeEv
 .text._ZN12CSoundPlayer4PlayEv
                0x000042d0       0x9e Periphery/CSoundPlayer.o
                0x000042d0                _ZN12CSoundPlayer4PlayEv
 .text._ZN7CTimerC10InitializeE27TIMER_WAVEFORMGEN_MODE_ENUM22TIMER_CLOCKSELECT_ENUM
                0x0000436e       0x36 Periphery/CTimerC.o
                0x0000436e                _ZN7CTimerC10InitializeE27TIMER_WAVEFORMGEN_MODE_ENUM22TIMER_CLOCKSELECT_ENUM
 .text._ZN7CTimerC5StartEj
                0x000043a4       0x1a Periphery/CTimerC.o
                0x000043a4                _ZN7CTimerC5StartEj
 .text._ZN7CTimerC4StopEv
                0x000043be       0x10 Periphery/CTimerC.o
                0x000043be                _ZN7CTimerC4StopEv
 .text._ZN7CTimerC13EnableChannelE19TIMER_CHANNELS_ENUM
                0x000043ce        0xe Periphery/CTimerC.o
                0x000043ce                _ZN7CTimerC13EnableChannelE19TIMER_CHANNELS_ENUM
 .text._ZN7CTimerC14DisableChannelE19TIMER_CHANNELS_ENUM
                0x000043dc        0xe Periphery/CTimerC.o
                0x000043dc                _ZN7CTimerC14DisableChannelE19TIMER_CHANNELS_ENUM
 .text._ZN7CTimerC9SetPeriodEj
                0x000043ea        0xa Periphery/CTimerC.o
                0x000043ea                _ZN7CTimerC9SetPeriodEj
 .text._ZN7CTimerC8SetCOMPAEj
                0x000043f4        0xa Periphery/CTimerC.o
                0x000043f4                _ZN7CTimerC8SetCOMPAEj
 .text._ZN7CTimerC8SetCOMPBEj
                0x000043fe        0xa Periphery/CTimerC.o
                0x000043fe                _ZN7CTimerC8SetCOMPBEj
 .text._ZN7CTimerC8SetCOMPCEj
                0x00004408        0xa Periphery/CTimerC.o
                0x00004408                _ZN7CTimerC8SetCOMPCEj
 .text._ZN7CTimerC8SetCOMPDEj
                0x00004412        0xa Periphery/CTimerC.o
                0x00004412                _ZN7CTimerC8SetCOMPDEj
 .text._ZN7CTimerC14SetOVFCallbackEPFvPvES0_17TC_OVFINTLVL_enum
                0x0000441c       0x24 Periphery/CTimerC.o
                0x0000441c                _ZN7CTimerC14SetOVFCallbackEPFvPvES0_17TC_OVFINTLVL_enum
 .text._ZN7CTimerC14SetERRCallbackEPFvPvES0_17TC_ERRINTLVL_enum
                0x00004440       0x24 Periphery/CTimerC.o
                0x00004440                _ZN7CTimerC14SetERRCallbackEPFvPvES0_17TC_ERRINTLVL_enum
 .text._ZN7CTimerC16SetCOMPACallbackEPFvPvES0_17TC_CCAINTLVL_enum
                0x00004464       0x24 Periphery/CTimerC.o
                0x00004464                _ZN7CTimerC16SetCOMPACallbackEPFvPvES0_17TC_CCAINTLVL_enum
 .text._ZN7CTimerC16SetCOMPBCallbackEPFvPvES0_17TC_CCBINTLVL_enum
                0x00004488       0x24 Periphery/CTimerC.o
                0x00004488                _ZN7CTimerC16SetCOMPBCallbackEPFvPvES0_17TC_CCBINTLVL_enum
 .text._ZN7CTimerC16SetCOMPCCallbackEPFvPvES0_17TC_CCCINTLVL_enum
                0x000044ac       0x24 Periphery/CTimerC.o
                0x000044ac                _ZN7CTimerC16SetCOMPCCallbackEPFvPvES0_17TC_CCCINTLVL_enum
 .text._ZN7CTimerC16SetCOMPDCallbackEPFvPvES0_17TC_CCDINTLVL_enum
                0x000044d0       0x24 Periphery/CTimerC.o
                0x000044d0                _ZN7CTimerC16SetCOMPDCallbackEPFvPvES0_17TC_CCDINTLVL_enum
 .text._ZN7CTimerCC2Ev
                0x000044f4       0x18 Periphery/CTimerC.o
                0x000044f4                _ZN7CTimerCC1Ev
                0x000044f4                _ZN7CTimerCC2Ev
 .text._ZN7CTimerCD2Ev
                0x0000450c       0x10 Periphery/CTimerC.o
                0x0000450c                _ZN7CTimerCD1Ev
                0x0000450c                _ZN7CTimerCD2Ev
 .text._ZN7CTimerD10InitializeE27TIMER_WAVEFORMGEN_MODE_ENUM22TIMER_CLOCKSELECT_ENUM
                0x0000451c       0x36 Periphery/CTimerD.o
                0x0000451c                _ZN7CTimerD10InitializeE27TIMER_WAVEFORMGEN_MODE_ENUM22TIMER_CLOCKSELECT_ENUM
 .text._ZN7CTimerD5StartEj
                0x00004552       0x1a Periphery/CTimerD.o
                0x00004552                _ZN7CTimerD5StartEj
 .text._ZN7CTimerD4StopEv
                0x0000456c       0x10 Periphery/CTimerD.o
                0x0000456c                _ZN7CTimerD4StopEv
 .text._ZN7CTimerD13EnableChannelE19TIMER_CHANNELS_ENUM
                0x0000457c        0xe Periphery/CTimerD.o
                0x0000457c                _ZN7CTimerD13EnableChannelE19TIMER_CHANNELS_ENUM
 .text._ZN7CTimerD14DisableChannelE19TIMER_CHANNELS_ENUM
                0x0000458a        0xe Periphery/CTimerD.o
                0x0000458a                _ZN7CTimerD14DisableChannelE19TIMER_CHANNELS_ENUM
 .text._ZN7CTimerD9SetPeriodEj
                0x00004598        0xa Periphery/CTimerD.o
                0x00004598                _ZN7CTimerD9SetPeriodEj
 .text._ZN7CTimerD8SetCOMPAEj
                0x000045a2        0xa Periphery/CTimerD.o
                0x000045a2                _ZN7CTimerD8SetCOMPAEj
 .text._ZN7CTimerD8SetCOMPBEj
                0x000045ac        0xa Periphery/CTimerD.o
                0x000045ac                _ZN7CTimerD8SetCOMPBEj
 .text._ZN7CTimerD8SetCOMPCEj
                0x000045b6        0xa Periphery/CTimerD.o
                0x000045b6                _ZN7CTimerD8SetCOMPCEj
 .text._ZN7CTimerD8SetCOMPDEj
                0x000045c0        0xa Periphery/CTimerD.o
                0x000045c0                _ZN7CTimerD8SetCOMPDEj
 .text._ZN7CTimerD14SetOVFCallbackEPFvPvES0_17TC_OVFINTLVL_enum
                0x000045ca       0x24 Periphery/CTimerD.o
                0x000045ca                _ZN7CTimerD14SetOVFCallbackEPFvPvES0_17TC_OVFINTLVL_enum
 .text._ZN7CTimerD14SetERRCallbackEPFvPvES0_17TC_ERRINTLVL_enum
                0x000045ee       0x24 Periphery/CTimerD.o
                0x000045ee                _ZN7CTimerD14SetERRCallbackEPFvPvES0_17TC_ERRINTLVL_enum
 .text._ZN7CTimerD16SetCOMPACallbackEPFvPvES0_17TC_CCAINTLVL_enum
                0x00004612       0x24 Periphery/CTimerD.o
                0x00004612                _ZN7CTimerD16SetCOMPACallbackEPFvPvES0_17TC_CCAINTLVL_enum
 .text._ZN7CTimerD16SetCOMPBCallbackEPFvPvES0_17TC_CCBINTLVL_enum
                0x00004636       0x24 Periphery/CTimerD.o
                0x00004636                _ZN7CTimerD16SetCOMPBCallbackEPFvPvES0_17TC_CCBINTLVL_enum
 .text._ZN7CTimerD16SetCOMPCCallbackEPFvPvES0_17TC_CCCINTLVL_enum
                0x0000465a       0x24 Periphery/CTimerD.o
                0x0000465a                _ZN7CTimerD16SetCOMPCCallbackEPFvPvES0_17TC_CCCINTLVL_enum
 .text._ZN7CTimerD16SetCOMPDCallbackEPFvPvES0_17TC_CCDINTLVL_enum
                0x0000467e       0x24 Periphery/CTimerD.o
                0x0000467e                _ZN7CTimerD16SetCOMPDCallbackEPFvPvES0_17TC_CCDINTLVL_enum
 .text._ZN7CTimerDC2Ev
                0x000046a2       0x18 Periphery/CTimerD.o
                0x000046a2                _ZN7CTimerDC1Ev
                0x000046a2                _ZN7CTimerDC2Ev
 .text._ZN7CTimerDD2Ev
                0x000046ba       0x10 Periphery/CTimerD.o
                0x000046ba                _ZN7CTimerDD2Ev
                0x000046ba                _ZN7CTimerDD1Ev
 .text._ZN7CTimerF10InitializeE27TIMER_WAVEFORMGEN_MODE_ENUM22TIMER_CLOCKSELECT_ENUM
                0x000046ca       0x36 Periphery/CTimerF.o
                0x000046ca                _ZN7CTimerF10InitializeE27TIMER_WAVEFORMGEN_MODE_ENUM22TIMER_CLOCKSELECT_ENUM
 .text._ZN7CTimerF5StartEj
                0x00004700       0x1a Periphery/CTimerF.o
                0x00004700                _ZN7CTimerF5StartEj
 .text._ZN7CTimerF4StopEv
                0x0000471a       0x10 Periphery/CTimerF.o
                0x0000471a                _ZN7CTimerF4StopEv
 .text._ZN7CTimerF13EnableChannelE19TIMER_CHANNELS_ENUM
                0x0000472a        0xc Periphery/CTimerF.o
                0x0000472a                _ZN7CTimerF13EnableChannelE19TIMER_CHANNELS_ENUM
 .text._ZN7CTimerF14DisableChannelE19TIMER_CHANNELS_ENUM
                0x00004736        0xe Periphery/CTimerF.o
                0x00004736                _ZN7CTimerF14DisableChannelE19TIMER_CHANNELS_ENUM
 .text._ZN7CTimerF10ChannelSetE19TIMER_CHANNELS_ENUM
                0x00004744       0x10 Periphery/CTimerF.o
                0x00004744                _ZN7CTimerF10ChannelSetE19TIMER_CHANNELS_ENUM
 .text._ZN7CTimerF12ChannelResetE19TIMER_CHANNELS_ENUM
                0x00004754       0x12 Periphery/CTimerF.o
                0x00004754                _ZN7CTimerF12ChannelResetE19TIMER_CHANNELS_ENUM
 .text._ZN7CTimerF9SetPeriodEj
                0x00004766        0xa Periphery/CTimerF.o
                0x00004766                _ZN7CTimerF9SetPeriodEj
 .text._ZN7CTimerF8SetCOMPAEj
                0x00004770        0xa Periphery/CTimerF.o
                0x00004770                _ZN7CTimerF8SetCOMPAEj
 .text._ZN7CTimerF8SetCOMPBEj
                0x0000477a        0xa Periphery/CTimerF.o
                0x0000477a                _ZN7CTimerF8SetCOMPBEj
 .text._ZN7CTimerF8SetCOMPCEj
                0x00004784        0xa Periphery/CTimerF.o
                0x00004784                _ZN7CTimerF8SetCOMPCEj
 .text._ZN7CTimerF8SetCOMPDEj
                0x0000478e        0xa Periphery/CTimerF.o
                0x0000478e                _ZN7CTimerF8SetCOMPDEj
 .text._ZN7CTimerF14SetOVFCallbackEPFvPvES0_17TC_OVFINTLVL_enum
                0x00004798       0x24 Periphery/CTimerF.o
                0x00004798                _ZN7CTimerF14SetOVFCallbackEPFvPvES0_17TC_OVFINTLVL_enum
 .text._ZN7CTimerF14SetERRCallbackEPFvPvES0_17TC_ERRINTLVL_enum
                0x000047bc       0x24 Periphery/CTimerF.o
                0x000047bc                _ZN7CTimerF14SetERRCallbackEPFvPvES0_17TC_ERRINTLVL_enum
 .text._ZN7CTimerF16SetCOMPACallbackEPFvPvES0_17TC_CCAINTLVL_enum
                0x000047e0       0x24 Periphery/CTimerF.o
                0x000047e0                _ZN7CTimerF16SetCOMPACallbackEPFvPvES0_17TC_CCAINTLVL_enum
 .text._ZN7CTimerF16SetCOMPBCallbackEPFvPvES0_17TC_CCBINTLVL_enum
                0x00004804       0x24 Periphery/CTimerF.o
                0x00004804                _ZN7CTimerF16SetCOMPBCallbackEPFvPvES0_17TC_CCBINTLVL_enum
 .text._ZN7CTimerF16SetCOMPCCallbackEPFvPvES0_17TC_CCCINTLVL_enum
                0x00004828       0x24 Periphery/CTimerF.o
                0x00004828                _ZN7CTimerF16SetCOMPCCallbackEPFvPvES0_17TC_CCCINTLVL_enum
 .text._ZN7CTimerF16SetCOMPDCallbackEPFvPvES0_17TC_CCDINTLVL_enum
                0x0000484c       0x24 Periphery/CTimerF.o
                0x0000484c                _ZN7CTimerF16SetCOMPDCallbackEPFvPvES0_17TC_CCDINTLVL_enum
 .text._ZN7CTimerFC2Ev
                0x00004870       0x18 Periphery/CTimerF.o
                0x00004870                _ZN7CTimerFC2Ev
                0x00004870                _ZN7CTimerFC1Ev
 .text._ZN7CTimerFD2Ev
                0x00004888       0x10 Periphery/CTimerF.o
                0x00004888                _ZN7CTimerFD2Ev
                0x00004888                _ZN7CTimerFD1Ev
 .text.libgcc.div
                0x00004898       0x28 c:/program files (x86)/atmel/studio/7.0/toolchain/avr8/avr8-gnu-toolchain/bin/../lib/gcc/avr/4.9.2/avrxmega6\libgcc.a(_udivmodhi4.o)
                0x00004898                __udivmodhi4
 .text.libgcc.div
                0x000048c0       0x2e c:/program files (x86)/atmel/studio/7.0/toolchain/avr8/avr8-gnu-toolchain/bin/../lib/gcc/avr/4.9.2/avrxmega6\libgcc.a(_divmodsi4.o)
                0x000048c0                __divmodsi4
 .text.libgcc.div
                0x000048ee       0x10 c:/program files (x86)/atmel/studio/7.0/toolchain/avr8/avr8-gnu-toolchain/bin/../lib/gcc/avr/4.9.2/avrxmega6\libgcc.a(_negsi2.o)
                0x000048ee                __negsi2
 .text.libgcc   0x000048fe       0x10 c:/program files (x86)/atmel/studio/7.0/toolchain/avr8/avr8-gnu-toolchain/bin/../lib/gcc/avr/4.9.2/avrxmega6\libgcc.a(_tablejump2.o)
                0x000048fe                __tablejump2__
 .text.libgcc.mul
                0x0000490e       0x1e c:/program files (x86)/atmel/studio/7.0/toolchain/avr8/avr8-gnu-toolchain/bin/../lib/gcc/avr/4.9.2/avrxmega6\libgcc.a(_umulhisi3.o)
                0x0000490e                __umulhisi3
 .text.libgcc.div
                0x0000492c       0x44 c:/program files (x86)/atmel/studio/7.0/toolchain/avr8/avr8-gnu-toolchain/bin/../lib/gcc/avr/4.9.2/avrxmega6\libgcc.a(_udivmodsi4.o)
                0x0000492c                __udivmodsi4
 .text.avr-libc
                0x00004970      0x25a c:/program files (x86)/atmel/studio/7.0/toolchain/avr8/avr8-gnu-toolchain/bin/../lib/gcc/avr/4.9.2/../../../../avr/lib/avrxmega6\libc.a(malloc.o)
                0x00004970                malloc
                0x00004a9a                free
 .text.avr-libc
                0x00004bca       0x12 c:/program files (x86)/atmel/studio/7.0/toolchain/avr8/avr8-gnu-toolchain/bin/../lib/gcc/avr/4.9.2/../../../../avr/lib/avrxmega6\libc.a(memcpy.o)
                0x00004bca                memcpy
                0x00004bdc                . = ALIGN (0x2)
 *(.fini9)
 .fini9         0x00004bdc        0x0 c:/program files (x86)/atmel/studio/7.0/toolchain/avr8/avr8-gnu-toolchain/bin/../lib/gcc/avr/4.9.2/avrxmega6\libgcc.a(_exit.o)
                0x00004bdc                _exit
                0x00004bdc                exit
 *(.fini9)
 *(.fini8)
 *(.fini8)
 *(.fini7)
 *(.fini7)
 *(.fini6)
 .fini6         0x00004bdc       0x20 c:/program files (x86)/atmel/studio/7.0/toolchain/avr8/avr8-gnu-toolchain/bin/../lib/gcc/avr/4.9.2/avrxmega6\libgcc.a(_dtors.o)
                0x00004bdc                __do_global_dtors
 *(.fini6)
 *(.fini5)
 *(.fini5)
 *(.fini4)
 *(.fini4)
 *(.fini3)
 *(.fini3)
 *(.fini2)
 *(.fini2)
 *(.fini1)
 *(.fini1)
 *(.fini0)
 .fini0         0x00004bfc        0x4 c:/program files (x86)/atmel/studio/7.0/toolchain/avr8/avr8-gnu-toolchain/bin/../lib/gcc/avr/4.9.2/avrxmega6\libgcc.a(_exit.o)
 *(.fini0)
                0x00004c00                _etext = .

.data           0x00802000      0x136 load address 0x00004c00
                0x00802000                PROVIDE (__data_start, .)
 *(.data)
 .data          0x00802000        0x6 c:/program files (x86)/atmel/studio/7.0/toolchain/avr8/avr8-gnu-toolchain/bin/../lib/gcc/avr/4.9.2/../../../../avr/lib/avrxmega6\libc.a(malloc.o)
                0x00802000                __malloc_heap_end
                0x00802002                __malloc_heap_start
                0x00802004                __malloc_margin
 *(.data*)
 .data.bscale_table
                0x00802006       0x20 Periphery/CDGUSUSART.o
                0x00802006                bscale_table
 .data.bsel_table
                0x00802026       0x20 Periphery/CDGUSUSART.o
                0x00802026                bsel_table
 *(.rodata)
 *(.rodata*)
 .rodata._ZTV16CLaserControlApp
                0x00802046       0x16 CLaserControlApp.o
                0x00802046                _ZTV16CLaserControlApp
 .rodata._ZTV6CTimer
                0x0080205c       0x24 LaserLib/CTimer.o
                0x0080205c                _ZTV6CTimer
 .rodata._ZTV6CUSART
                0x00802080       0x18 LaserLib/CUSART.o
                0x00802080                _ZTV6CUSART
 .rodata._ZTV9CMBSender
                0x00802098       0x16 MODBUS/CMBSender.o
                0x00802098                _ZTV9CMBSender
 .rodata._ZTV10CDGUSUSART
                0x008020ae       0x18 Periphery/CDGUSUSART.o
                0x008020ae                _ZTV10CDGUSUSART
 .rodata._ZTV7CTimerC
                0x008020c6       0x24 Periphery/CTimerC.o
                0x008020c6                _ZTV7CTimerC
 .rodata._ZTV7CTimerD
                0x008020ea       0x24 Periphery/CTimerD.o
                0x008020ea                _ZTV7CTimerD
 .rodata._ZTV7CTimerF
                0x0080210e       0x28 Periphery/CTimerF.o
                0x0080210e                _ZTV7CTimerF
 *(.gnu.linkonce.d*)
                0x00802136                . = ALIGN (0x2)
                0x00802136                _edata = .
                0x00802136                PROVIDE (__data_end, .)

.bss            0x00802136      0x27a
                0x00802136                PROVIDE (__bss_start, .)
 *(.bss)
 *(.bss*)
 .bss.DatabaseStatusRegister
                0x00802136        0x1 CLaserControlApp.o
                0x00802136                DatabaseStatusRegister
 .bss.m_structDGUSDATA
                0x00802137       0x30 CLaserControlApp.o
                0x00802137                m_structDGUSDATA
 .bss.laserTimer
                0x00802167        0x3 CLaserControlApp.o
                0x00802167                laserTimer
 .bss.timer     0x0080216a        0x3 CLaserControlApp.o
                0x0080216a                timer
 .bss.InterruptFuncTable
                0x0080216d       0xf6 LaserLib/intx128.o
                0x0080216d                InterruptFuncTable
 .bss.InterruptSenderTable
                0x00802263       0xf6 LaserLib/intx128.o
                0x00802263                InterruptSenderTable
 .bss._ZZ4mainE3prs
                0x00802359        0x2 main.o
 .bss.App       0x0080235b       0x1e main.o
                0x0080235b                App
 .bss.player    0x00802379        0x1 main.o
                0x00802379                player
 .bss.laserBoard
                0x0080237a        0xa main.o
                0x0080237a                laserBoard
 .bss.sender    0x00802384       0x1d main.o
                0x00802384                sender
 .bss.usart     0x008023a1        0x2 main.o
                0x008023a1                usart
 .bss.timeout   0x008023a3        0x3 main.o
                0x008023a3                timeout
 .bss.dacSPI    0x008023a6        0x6 main.o
                0x008023a6                dacSPI
 *(COMMON)
 COMMON         0x008023ac        0x4 c:/program files (x86)/atmel/studio/7.0/toolchain/avr8/avr8-gnu-toolchain/bin/../lib/gcc/avr/4.9.2/../../../../avr/lib/avrxmega6\libc.a(malloc.o)
                0x008023ac                __brkval
                0x008023ae                __flp
                0x008023b0                PROVIDE (__bss_end, .)
                0x00004c00                __data_load_start = LOADADDR (.data)
                0x00004d36                __data_load_end = (__data_load_start + SIZEOF (.data))

.noinit         0x008023b0        0x0
                0x008023b0                PROVIDE (__noinit_start, .)
 *(.noinit*)
                0x008023b0                PROVIDE (__noinit_end, .)
                0x008023b0                _end = .
                0x008023b0                PROVIDE (__heap_start, .)

.eeprom         0x00810000        0x0
 *(.eeprom*)
                0x00810000                __eeprom_end = .

.fuse
 *(.fuse)
 *(.lfuse)
 *(.hfuse)
 *(.efuse)

.lock
 *(.lock*)

.signature
 *(.signature*)

.user_signatures
 *(.user_signatures*)

.stab
 *(.stab)

.stabstr
 *(.stabstr)

.stab.excl
 *(.stab.excl)

.stab.exclstr
 *(.stab.exclstr)

.stab.index
 *(.stab.index)

.stab.indexstr
 *(.stab.indexstr)

.comment        0x00000000       0x30
 *(.comment)
 .comment       0x00000000       0x30 CLaserControlApp.o
                                 0x31 (size before relaxing)
 .comment       0x00000030       0x31 DGUSGUI.o
 .comment       0x00000030       0x31 LaserLib/CSPI.o
 .comment       0x00000030       0x31 LaserLib/CTimer.o
 .comment       0x00000030       0x31 LaserLib/CUSART.o
 .comment       0x00000030       0x31 LaserLib/intx128.o
 .comment       0x00000030       0x31 main.o
 .comment       0x00000030       0x31 MODBUS/CMBProtocol.o
 .comment       0x00000030       0x31 MODBUS/CMBSender.o
 .comment       0x00000030       0x31 Periphery/CDGUSUSART.o
 .comment       0x00000030       0x31 Periphery/CLaserBoard.o
 .comment       0x00000030       0x31 Periphery/CSoundPlayer.o
 .comment       0x00000030       0x31 Periphery/CTimerC.o
 .comment       0x00000030       0x31 Periphery/CTimerD.o
 .comment       0x00000030       0x31 Periphery/CTimerF.o
 .comment       0x00000030       0x31 c:/program files (x86)/atmel/studio/7.0/toolchain/avr8/avr8-gnu-toolchain/bin/../lib/gcc/avr/4.9.2/../../../../avr/lib/avrxmega6\libc.a(malloc.o)

.note.gnu.avr.deviceinfo
                0x00000000       0x40
 .note.gnu.avr.deviceinfo
                0x00000000       0x40 C:/Program Files (x86)/Atmel/Studio/7.0/Packs/atmel/XMEGAA_DFP/1.0.36/gcc/dev/atxmega128a3u/avrxmega6/crtatxmega128a3u.o

.note.gnu.build-id
 *(.note.gnu.build-id)

.debug
 *(.debug)

.line
 *(.line)

.debug_srcinfo
 *(.debug_srcinfo)

.debug_sfnames
 *(.debug_sfnames)

.debug_aranges  0x00000000      0x9a8
 *(.debug_aranges)
 .debug_aranges
                0x00000000       0x90 CLaserControlApp.o
 .debug_aranges
                0x00000090       0x38 DGUSGUI.o
 .debug_aranges
                0x000000c8       0x58 LaserLib/CSPI.o
 .debug_aranges
                0x00000120       0x28 LaserLib/CTimer.o
 .debug_aranges
                0x00000148       0x28 LaserLib/CUSART.o
 .debug_aranges
                0x00000170      0x348 LaserLib/intx128.o
 .debug_aranges
                0x000004b8       0x40 main.o
 .debug_aranges
                0x000004f8       0x50 MODBUS/CMBProtocol.o
 .debug_aranges
                0x00000548       0xf8 MODBUS/CMBSender.o
 .debug_aranges
                0x00000640       0x78 Periphery/CDGUSUSART.o
 .debug_aranges
                0x000006b8       0x88 Periphery/CLaserBoard.o
 .debug_aranges
                0x00000740       0x60 Periphery/CSoundPlayer.o
 .debug_aranges
                0x000007a0       0xa8 Periphery/CTimerC.o
 .debug_aranges
                0x00000848       0xa8 Periphery/CTimerD.o
 .debug_aranges
                0x000008f0       0xb8 Periphery/CTimerF.o

.debug_pubnames
 *(.debug_pubnames)

.debug_info     0x00000000     0xd4e7
 *(.debug_info .gnu.linkonce.wi.*)
 .debug_info    0x00000000     0x1ba9 CLaserControlApp.o
 .debug_info    0x00001ba9      0x1d3 DGUSGUI.o
 .debug_info    0x00001d7c      0x7ce LaserLib/CSPI.o
 .debug_info    0x0000254a      0x6a3 LaserLib/CTimer.o
 .debug_info    0x00002bed      0x606 LaserLib/CUSART.o
 .debug_info    0x000031f3      0x91e LaserLib/intx128.o
 .debug_info    0x00003b11      0xeb4 main.o
 .debug_info    0x000049c5      0x595 MODBUS/CMBProtocol.o
 .debug_info    0x00004f5a     0x12e6 MODBUS/CMBSender.o
 .debug_info    0x00006240     0x1095 Periphery/CDGUSUSART.o
 .debug_info    0x000072d5      0xcaf Periphery/CLaserBoard.o
 .debug_info    0x00007f84     0x139d Periphery/CSoundPlayer.o
 .debug_info    0x00009321     0x15ac Periphery/CTimerC.o
 .debug_info    0x0000a8cd     0x15ac Periphery/CTimerD.o
 .debug_info    0x0000be79     0x166e Periphery/CTimerF.o

.debug_abbrev   0x00000000     0x25f1
 *(.debug_abbrev)
 .debug_abbrev  0x00000000      0x519 CLaserControlApp.o
 .debug_abbrev  0x00000519       0xf0 DGUSGUI.o
 .debug_abbrev  0x00000609      0x28f LaserLib/CSPI.o
 .debug_abbrev  0x00000898      0x182 LaserLib/CTimer.o
 .debug_abbrev  0x00000a1a      0x1ed LaserLib/CUSART.o
 .debug_abbrev  0x00000c07       0x83 LaserLib/intx128.o
 .debug_abbrev  0x00000c8a      0x370 main.o
 .debug_abbrev  0x00000ffa      0x212 MODBUS/CMBProtocol.o
 .debug_abbrev  0x0000120c      0x39b MODBUS/CMBSender.o
 .debug_abbrev  0x000015a7      0x2d9 Periphery/CDGUSUSART.o
 .debug_abbrev  0x00001880      0x2e4 Periphery/CLaserBoard.o
 .debug_abbrev  0x00001b64      0x2b9 Periphery/CSoundPlayer.o
 .debug_abbrev  0x00001e1d      0x29c Periphery/CTimerC.o
 .debug_abbrev  0x000020b9      0x29c Periphery/CTimerD.o
 .debug_abbrev  0x00002355      0x29c Periphery/CTimerF.o

.debug_line     0x00000000     0x2ca2
 *(.debug_line .debug_line.* .debug_line_end)
 .debug_line    0x00000000      0x414 CLaserControlApp.o
 .debug_line    0x00000414       0xdd DGUSGUI.o
 .debug_line    0x000004f1      0x24b LaserLib/CSPI.o
 .debug_line    0x0000073c      0x136 LaserLib/CTimer.o
 .debug_line    0x00000872      0x136 LaserLib/CUSART.o
 .debug_line    0x000009a8      0xa14 LaserLib/intx128.o
 .debug_line    0x000013bc      0x2d1 main.o
 .debug_line    0x0000168d      0x1d9 MODBUS/CMBProtocol.o
 .debug_line    0x00001866      0x476 MODBUS/CMBSender.o
 .debug_line    0x00001cdc      0x252 Periphery/CDGUSUSART.o
 .debug_line    0x00001f2e      0x343 Periphery/CLaserBoard.o
 .debug_line    0x00002271      0x244 Periphery/CSoundPlayer.o
 .debug_line    0x000024b5      0x299 Periphery/CTimerC.o
 .debug_line    0x0000274e      0x299 Periphery/CTimerD.o
 .debug_line    0x000029e7      0x2bb Periphery/CTimerF.o

.debug_frame    0x00000000     0x3140
 *(.debug_frame)
 .debug_frame   0x00000000      0x1a0 CLaserControlApp.o
 .debug_frame   0x000001a0       0x7c DGUSGUI.o
 .debug_frame   0x0000021c       0xbc LaserLib/CSPI.o
 .debug_frame   0x000002d8       0x34 LaserLib/CTimer.o
 .debug_frame   0x0000030c       0x34 LaserLib/CUSART.o
 .debug_frame   0x00000340     0x2324 LaserLib/intx128.o
 .debug_frame   0x00002664       0x94 main.o
 .debug_frame   0x000026f8       0xc4 MODBUS/CMBProtocol.o
 .debug_frame   0x000027bc      0x2dc MODBUS/CMBSender.o
 .debug_frame   0x00002a98       0xe8 Periphery/CDGUSUSART.o
 .debug_frame   0x00002b80      0x108 Periphery/CLaserBoard.o
 .debug_frame   0x00002c88       0xd8 Periphery/CSoundPlayer.o
 .debug_frame   0x00002d60      0x140 Periphery/CTimerC.o
 .debug_frame   0x00002ea0      0x140 Periphery/CTimerD.o
 .debug_frame   0x00002fe0      0x160 Periphery/CTimerF.o

.debug_str      0x00000000     0x4f63
 *(.debug_str)
 .debug_str     0x00000000     0x13b4 CLaserControlApp.o
                               0x151f (size before relaxing)
 .debug_str     0x000013b4       0x3b DGUSGUI.o
                                0x230 (size before relaxing)
 .debug_str     0x000013ef      0x292 LaserLib/CSPI.o
                                0x6e5 (size before relaxing)
 .debug_str     0x00001681      0x539 LaserLib/CTimer.o
                                0xa3e (size before relaxing)
 .debug_str     0x00001bba      0x578 LaserLib/CUSART.o
                                0x7b0 (size before relaxing)
 .debug_str     0x00002132      0x4e2 LaserLib/intx128.o
                                0x6bb (size before relaxing)
 .debug_str     0x00002614      0x176 main.o
                                0xeb1 (size before relaxing)
 .debug_str     0x0000278a      0x289 MODBUS/CMBProtocol.o
                                0x4eb (size before relaxing)
 .debug_str     0x00002a13      0x608 MODBUS/CMBSender.o
                                0xb3c (size before relaxing)
 .debug_str     0x0000301b      0xcda Periphery/CDGUSUSART.o
                               0x1669 (size before relaxing)
 .debug_str     0x00003cf5      0x517 Periphery/CLaserBoard.o
                                0xb10 (size before relaxing)
 .debug_str     0x0000420c      0x662 Periphery/CSoundPlayer.o
                                0xc20 (size before relaxing)
 .debug_str     0x0000486e      0x26b Periphery/CTimerC.o
                               0x1295 (size before relaxing)
 .debug_str     0x00004ad9      0x286 Periphery/CTimerD.o
                               0x1295 (size before relaxing)
 .debug_str     0x00004d5f      0x204 Periphery/CTimerF.o
                               0x130b (size before relaxing)

.debug_loc      0x00000000     0x838f
 *(.debug_loc)
 .debug_loc     0x00000000      0x5b1 CLaserControlApp.o
 .debug_loc     0x000005b1      0x281 DGUSGUI.o
 .debug_loc     0x00000832      0x276 LaserLib/CSPI.o
 .debug_loc     0x00000aa8     0x50e2 LaserLib/intx128.o
 .debug_loc     0x00005b8a       0xab main.o
 .debug_loc     0x00005c35      0x356 MODBUS/CMBProtocol.o
 .debug_loc     0x00005f8b      0xf2e MODBUS/CMBSender.o
 .debug_loc     0x00006eb9      0x210 Periphery/CDGUSUSART.o
 .debug_loc     0x000070c9      0x4c2 Periphery/CLaserBoard.o
 .debug_loc     0x0000758b      0x344 Periphery/CSoundPlayer.o
 .debug_loc     0x000078cf      0x366 Periphery/CTimerC.o
 .debug_loc     0x00007c35      0x366 Periphery/CTimerD.o
 .debug_loc     0x00007f9b      0x3f4 Periphery/CTimerF.o

.debug_macinfo
 *(.debug_macinfo)

.debug_weaknames
 *(.debug_weaknames)

.debug_funcnames
 *(.debug_funcnames)

.debug_typenames
 *(.debug_typenames)

.debug_varnames
 *(.debug_varnames)

.debug_pubtypes
 *(.debug_pubtypes)

.debug_ranges   0x00000000      0x8d0
 *(.debug_ranges)
 .debug_ranges  0x00000000       0x80 CLaserControlApp.o
 .debug_ranges  0x00000080       0x28 DGUSGUI.o
 .debug_ranges  0x000000a8       0x48 LaserLib/CSPI.o
 .debug_ranges  0x000000f0       0x18 LaserLib/CTimer.o
 .debug_ranges  0x00000108       0x18 LaserLib/CUSART.o
 .debug_ranges  0x00000120      0x338 LaserLib/intx128.o
 .debug_ranges  0x00000458       0x30 main.o
 .debug_ranges  0x00000488       0x40 MODBUS/CMBProtocol.o
 .debug_ranges  0x000004c8       0xe8 MODBUS/CMBSender.o
 .debug_ranges  0x000005b0       0x68 Periphery/CDGUSUSART.o
 .debug_ranges  0x00000618       0x90 Periphery/CLaserBoard.o
 .debug_ranges  0x000006a8       0x50 Periphery/CSoundPlayer.o
 .debug_ranges  0x000006f8       0x98 Periphery/CTimerC.o
 .debug_ranges  0x00000790       0x98 Periphery/CTimerD.o
 .debug_ranges  0x00000828       0xa8 Periphery/CTimerF.o

.debug_macro
 *(.debug_macro)
OUTPUT(ATxmegaLaserDiode.elf elf32-avr)
LOAD linker stubs
