Archive member included to satisfy reference by file (symbol)

c:/program files (x86)/atmel/studio/7.0/toolchain/avr8/avr8-gnu-toolchain/bin/../lib/gcc/avr/4.9.2/../../../../avr/lib/avrxmega6\libm.a(fixsfsi.o)
                              Periphery/CDS18B20.o (__fixsfsi)
c:/program files (x86)/atmel/studio/7.0/toolchain/avr8/avr8-gnu-toolchain/bin/../lib/gcc/avr/4.9.2/../../../../avr/lib/avrxmega6\libm.a(fixunssfsi.o)
                              c:/program files (x86)/atmel/studio/7.0/toolchain/avr8/avr8-gnu-toolchain/bin/../lib/gcc/avr/4.9.2/../../../../avr/lib/avrxmega6\libm.a(fixsfsi.o) (__fixunssfsi)
c:/program files (x86)/atmel/studio/7.0/toolchain/avr8/avr8-gnu-toolchain/bin/../lib/gcc/avr/4.9.2/../../../../avr/lib/avrxmega6\libm.a(floatsisf.o)
                              Periphery/CDS18B20.o (__floatsisf)
c:/program files (x86)/atmel/studio/7.0/toolchain/avr8/avr8-gnu-toolchain/bin/../lib/gcc/avr/4.9.2/../../../../avr/lib/avrxmega6\libm.a(fp_split3.o)
                              c:/program files (x86)/atmel/studio/7.0/toolchain/avr8/avr8-gnu-toolchain/bin/../lib/gcc/avr/4.9.2/../../../../avr/lib/avrxmega6\libm.a(fixunssfsi.o) (__fp_splitA)
c:/program files (x86)/atmel/studio/7.0/toolchain/avr8/avr8-gnu-toolchain/bin/../lib/gcc/avr/4.9.2/../../../../avr/lib/avrxmega6\libm.a(fp_zero.o)
                              c:/program files (x86)/atmel/studio/7.0/toolchain/avr8/avr8-gnu-toolchain/bin/../lib/gcc/avr/4.9.2/../../../../avr/lib/avrxmega6\libm.a(fixunssfsi.o) (__fp_zero)
c:/program files (x86)/atmel/studio/7.0/toolchain/avr8/avr8-gnu-toolchain/bin/../lib/gcc/avr/4.9.2/../../../../avr/lib/avrxmega6\libm.a(mulsf3.o)
                              Periphery/CDS18B20.o (__mulsf3)
c:/program files (x86)/atmel/studio/7.0/toolchain/avr8/avr8-gnu-toolchain/bin/../lib/gcc/avr/4.9.2/../../../../avr/lib/avrxmega6\libm.a(mulsf3x.o)
                              c:/program files (x86)/atmel/studio/7.0/toolchain/avr8/avr8-gnu-toolchain/bin/../lib/gcc/avr/4.9.2/../../../../avr/lib/avrxmega6\libm.a(mulsf3.o) (__mulsf3x)
c:/program files (x86)/atmel/studio/7.0/toolchain/avr8/avr8-gnu-toolchain/bin/../lib/gcc/avr/4.9.2/../../../../avr/lib/avrxmega6\libm.a(fp_inf.o)
                              c:/program files (x86)/atmel/studio/7.0/toolchain/avr8/avr8-gnu-toolchain/bin/../lib/gcc/avr/4.9.2/../../../../avr/lib/avrxmega6\libm.a(mulsf3x.o) (__fp_inf)
c:/program files (x86)/atmel/studio/7.0/toolchain/avr8/avr8-gnu-toolchain/bin/../lib/gcc/avr/4.9.2/../../../../avr/lib/avrxmega6\libm.a(fp_nan.o)
                              c:/program files (x86)/atmel/studio/7.0/toolchain/avr8/avr8-gnu-toolchain/bin/../lib/gcc/avr/4.9.2/../../../../avr/lib/avrxmega6\libm.a(mulsf3x.o) (__fp_nan)
c:/program files (x86)/atmel/studio/7.0/toolchain/avr8/avr8-gnu-toolchain/bin/../lib/gcc/avr/4.9.2/../../../../avr/lib/avrxmega6\libm.a(fp_pscA.o)
                              c:/program files (x86)/atmel/studio/7.0/toolchain/avr8/avr8-gnu-toolchain/bin/../lib/gcc/avr/4.9.2/../../../../avr/lib/avrxmega6\libm.a(mulsf3x.o) (__fp_pscA)
c:/program files (x86)/atmel/studio/7.0/toolchain/avr8/avr8-gnu-toolchain/bin/../lib/gcc/avr/4.9.2/../../../../avr/lib/avrxmega6\libm.a(fp_pscB.o)
                              c:/program files (x86)/atmel/studio/7.0/toolchain/avr8/avr8-gnu-toolchain/bin/../lib/gcc/avr/4.9.2/../../../../avr/lib/avrxmega6\libm.a(mulsf3x.o) (__fp_pscB)
c:/program files (x86)/atmel/studio/7.0/toolchain/avr8/avr8-gnu-toolchain/bin/../lib/gcc/avr/4.9.2/../../../../avr/lib/avrxmega6\libm.a(fp_round.o)
                              c:/program files (x86)/atmel/studio/7.0/toolchain/avr8/avr8-gnu-toolchain/bin/../lib/gcc/avr/4.9.2/../../../../avr/lib/avrxmega6\libm.a(mulsf3.o) (__fp_round)
c:/program files (x86)/atmel/studio/7.0/toolchain/avr8/avr8-gnu-toolchain/bin/../lib/gcc/avr/4.9.2/avrxmega6\libgcc.a(_mulsi3.o)
                              CLaserControlApp.o (__mulsi3)
c:/program files (x86)/atmel/studio/7.0/toolchain/avr8/avr8-gnu-toolchain/bin/../lib/gcc/avr/4.9.2/avrxmega6\libgcc.a(_udivmodhi4.o)
                              CLaserControlApp.o (__udivmodhi4)
c:/program files (x86)/atmel/studio/7.0/toolchain/avr8/avr8-gnu-toolchain/bin/../lib/gcc/avr/4.9.2/avrxmega6\libgcc.a(_udivmodsi4.o)
                              CLaserControlApp.o (__udivmodsi4)
c:/program files (x86)/atmel/studio/7.0/toolchain/avr8/avr8-gnu-toolchain/bin/../lib/gcc/avr/4.9.2/avrxmega6\libgcc.a(_divmodsi4.o)
                              Periphery/CSoundPlayer.o (__divmodsi4)
c:/program files (x86)/atmel/studio/7.0/toolchain/avr8/avr8-gnu-toolchain/bin/../lib/gcc/avr/4.9.2/avrxmega6\libgcc.a(_negsi2.o)
                              c:/program files (x86)/atmel/studio/7.0/toolchain/avr8/avr8-gnu-toolchain/bin/../lib/gcc/avr/4.9.2/avrxmega6\libgcc.a(_divmodsi4.o) (__negsi2)
c:/program files (x86)/atmel/studio/7.0/toolchain/avr8/avr8-gnu-toolchain/bin/../lib/gcc/avr/4.9.2/avrxmega6\libgcc.a(_exit.o)
[...]
Memory Configuration

Name             Origin             Length             Attributes
text             0x00000000         0x00100000         xr
data             0x00802000         0x0000ffa0         rw !x
eeprom           0x00810000         0x00010000         rw !x
fuse             0x00820000         0x00000400         rw !x
lock             0x00830000         0x00000400         rw !x
signature        0x00840000         0x00000400         rw !x
user_signatures  0x00850000         0x00000400         rw !x
*default*        0x00000000         0xffffffff

Linker script and memory map

LOAD C:/Program Files (x86)/Atmel/Studio/7.0/Packs/atmel/XMEGAA_DFP/1.0.39/gcc/dev/atxmega128a3u/avrxmega6/crtatxmega128a3u.o
LOAD CDGUSDatabase.o
LOAD CLaserControlApp.o
LOAD DGUSGUI.o
LOAD LaserLib/CSPI.o
LOAD LaserLib/CTimer.o
LOAD LaserLib/CTimer1.o
LOAD LaserLib/CUSART.o
LOAD LaserLib/intx128.o
LOAD main.o
LOAD MODBUS/CMBProtocol.o
LOAD MODBUS/CMBSender.o
LOAD Periphery/CDGUSUSART.o
LOAD Periphery/CDS18B20.o
LOAD Periphery/CLaserBoard.o
LOAD Periphery/CSoundPlayer.o
LOAD Periphery/CTimerC.o
LOAD Periphery/CTimerC1.o
LOAD Periphery/CTimerD.o
LOAD Periphery/CTimerD1.o
LOAD Periphery/CTimerF.o
START GROUP
LOAD c:/program files (x86)/atmel/studio/7.0/toolchain/avr8/avr8-gnu-toolchain/bin/../lib/gcc/avr/4.9.2/../../../../avr/lib/avrxmega6\libm.a
END GROUP
LOAD c:/program files (x86)/atmel/studio/7.0/toolchain/avr8/avr8-gnu-toolchain/bin/../lib/gcc/avr/4.9.2/avrxmega6\libgcc.a
LOAD c:/program files (x86)/atmel/studio/7.0/toolchain/avr8/avr8-gnu-toolchain/bin/../lib/gcc/avr/4.9.2/../../../../avr/lib/avrxmega6\libm.a
START GROUP
LOAD c:/program files (x86)/atmel/studio/7.0/toolchain/avr8/avr8-gnu-toolchain/bin/../lib/gcc/avr/4.9.2/avrxmega6\libgcc.a
LOAD c:/program files (x86)/atmel/studio/7.0/toolchain/avr8/avr8-gnu-toolchain/bin/../lib/gcc/avr/4.9.2/../../../../avr/lib/avrxmega6\libm.a
LOAD c:/program files (x86)/atmel/studio/7.0/toolchain/avr8/avr8-gnu-toolchain/bin/../lib/gcc/avr/4.9.2/../../../../avr/lib/avrxmega6\libc.a
LOAD C:/Program Files (x86)/Atmel/Studio/7.0/Packs/atmel/XMEGAA_DFP/1.0.39/gcc/dev/atxmega128a3u/avrxmega6\libatxmega128a3u.a
END GROUP
                0x00100000                __TEXT_REGION_LENGTH__ = DEFINED (__TEXT_REGION_LENGTH__)?__TEXT_REGION_LENGTH__:0x100000
                0x0000ffa0                __DATA_REGION_LENGTH__ = DEFINED (__DATA_REGION_LENGTH__)?__DATA_REGION_LENGTH__:0xffa0
                0x00010000                __EEPROM_REGION_LENGTH__ = DEFINED (__EEPROM_REGION_LENGTH__)?__EEPROM_REGION_LENGTH__:0x10000
                0x00000400                __FUSE_REGION_LENGTH__ = DEFINED (__FUSE_REGION_LENGTH__)?__FUSE_REGION_LENGTH__:0x400
                0x00000400                __LOCK_REGION_LENGTH__ = DEFINED (__LOCK_REGION_LENGTH__)?__LOCK_REGION_LENGTH__:0x400
                0x00000400                __SIGNATURE_REGION_LENGTH__ = DEFINED (__SIGNATURE_REGION_LENGTH__)?__SIGNATURE_REGION_LENGTH__:0x400
                0x00000400                __USER_SIGNATURE_REGION_LENGTH__ = DEFINED (__USER_SIGNATURE_REGION_LENGTH__)?__USER_SIGNATURE_REGION_LENGTH__:0x400

.hash
 *(.hash)

.dynsym
 *(.dynsym)

.dynstr
 *(.dynstr)

.gnu.version
 *(.gnu.version)

.gnu.version_d
 *(.gnu.version_d)

.gnu.version_r
 *(.gnu.version_r)

.rel.init
 *(.rel.init)

.rela.init
 *(.rela.init)

.rel.text
 *(.rel.text)
 *(.rel.text.*)
 *(.rel.gnu.linkonce.t*)

.rela.text
 *(.rela.text)
 *(.rela.text.*)
 *(.rela.gnu.linkonce.t*)

.rel.fini
 *(.rel.fini)

.rela.fini
 *(.rela.fini)

.rel.rodata
 *(.rel.rodata)
 *(.rel.rodata.*)
 *(.rel.gnu.linkonce.r*)

.rela.rodata
 *(.rela.rodata)
 *(.rela.rodata.*)
 *(.rela.gnu.linkonce.r*)

.rel.data
 *(.rel.data)
 *(.rel.data.*)
 *(.rel.gnu.linkonce.d*)

.rela.data
 *(.rela.data)
 *(.rela.data.*)
 *(.rela.gnu.linkonce.d*)

.rel.ctors
 *(.rel.ctors)

.rela.ctors
 *(.rela.ctors)

.rel.dtors
 *(.rel.dtors)

.rela.dtors
 *(.rela.dtors)

.rel.got
 *(.rel.got)

.rela.got
 *(.rela.got)

.rel.bss
 *(.rel.bss)

.rela.bss
 *(.rela.bss)

.rel.plt
 *(.rel.plt)

.rela.plt
 *(.rela.plt)

.text           0x00000000     0x5cde
 *(.vectors)
 .vectors       0x00000000      0x1fc C:/Program Files (x86)/Atmel/Studio/7.0/Packs/atmel/XMEGAA_DFP/1.0.39/gcc/dev/atxmega128a3u/avrxmega6/crtatxmega128a3u.o
                0x00000000                __vector_default
                0x00000000                __vectors
 *(.vectors)
 *(.progmem.gcc*)
 .progmem.gcc_sw_table._ZN16CLaserControlApp18OnRegisterReceivedEhPhh
                0x000001fc       0x4c CLaserControlApp.o
 .progmem.gcc_sw_table._ZN16CLaserControlApp18OnVariableReceivedEjPjj
                0x00000248       0x24 CLaserControlApp.o
 .progmem.gcc_sw_table._ZN16CLaserControlApp3RunEv
                0x0000026c       0x1c CLaserControlApp.o
 .progmem.gcc_sw_table._ZN9CMBSender13OnReceiveByteEh
                0x00000288       0x16 MODBUS/CMBSender.o
                0x0000029e                . = ALIGN (0x2)
                0x0000029e                __trampolines_start = .
 *(.trampolines)
 .trampolines   0x0000029e      0x294 linker stubs
 *(.trampolines*)
                0x00000532                __trampolines_end = .
 *(.progmem*)
                0x00000532                . = ALIGN (0x2)
 *(.jumptables)
 *(.jumptables*)
 *(.lowtext)
 *(.lowtext*)
                0x00000532                __ctors_start = .
 *(.ctors)
 .ctors         0x00000532        0x2 CLaserControlApp.o
 .ctors         0x00000534        0x2 main.o
                0x00000536                __ctors_end = .
                0x00000536                __dtors_start = .
 *(.dtors)
 .dtors         0x00000536        0x2 CLaserControlApp.o
 .dtors         0x00000538        0x2 main.o
                0x0000053a                __dtors_end = .
 SORT(*)(.ctors)
 SORT(*)(.dtors)
 *(.init0)
 .init0         0x0000053a        0x0 C:/Program Files (x86)/Atmel/Studio/7.0/Packs/atmel/XMEGAA_DFP/1.0.39/gcc/dev/atxmega128a3u/avrxmega6/crtatxmega128a3u.o
                0x0000053a                __init
 *(.init0)
 *(.init1)
 *(.init1)
 *(.init2)
 .init2         0x0000053a       0x10 C:/Program Files (x86)/Atmel/Studio/7.0/Packs/atmel/XMEGAA_DFP/1.0.39/gcc/dev/atxmega128a3u/avrxmega6/crtatxmega128a3u.o
 *(.init2)
 *(.init3)
 *(.init3)
 *(.init4)
 .init4         0x0000054a       0x1a c:/program files (x86)/atmel/studio/7.0/toolchain/avr8/avr8-gnu-toolchain/bin/../lib/gcc/avr/4.9.2/avrxmega6\libgcc.a(_copy_data.o)
                0x0000054a                __do_copy_data
 .init4         0x00000564       0x10 c:/program files (x86)/atmel/studio/7.0/toolchain/avr8/avr8-gnu-toolchain/bin/../lib/gcc/avr/4.9.2/avrxmega6\libgcc.a(_clear_bss.o)
                0x00000564                __do_clear_bss
 *(.init4)
 *(.init5)
 *(.init5)
 *(.init6)
 .init6         0x00000574       0x20 c:/program files (x86)/atmel/studio/7.0/toolchain/avr8/avr8-gnu-toolchain/bin/../lib/gcc/avr/4.9.2/avrxmega6\libgcc.a(_ctors.o)
                0x00000574                __do_global_ctors
 *(.init6)
 *(.init7)
 *(.init7)
 *(.init8)
 *(.init8)
 *(.init9)
 .init9         0x00000594        0x8 C:/Program Files (x86)/Atmel/Studio/7.0/Packs/atmel/XMEGAA_DFP/1.0.39/gcc/dev/atxmega128a3u/avrxmega6/crtatxmega128a3u.o
 *(.init9)
 *(.text)
 .text          0x0000059c        0x4 C:/Program Files (x86)/Atmel/Studio/7.0/Packs/atmel/XMEGAA_DFP/1.0.39/gcc/dev/atxmega128a3u/avrxmega6/crtatxmega128a3u.o
                0x0000059c                __vector_75
                0x0000059c                __vector_102
                0x0000059c                __bad_interrupt
                0x0000059c                __vector_122
                0x0000059c                __vector_114
                0x0000059c                __vector_117
                0x0000059c                __vector_107
                0x0000059c                __vector_98
                0x0000059c                __vector_99
                0x0000059c                __vector_125
                0x0000059c                __vector_123
                0x0000059c                __vector_100
                0x0000059c                __vector_101
                0x0000059c                __vector_76
                0x0000059c                __vector_115
                0x0000059c                __vector_95
                0x0000059c                __vector_103
                0x0000059c                __vector_96
                0x0000059c                __vector_106
                0x0000059c                __vector_118
                0x0000059c                __vector_94
                0x0000059c                __vector_126
                0x0000059c                __vector_124
                0x0000059c                __vector_116
                0x0000059c                __vector_97
                0x000005a0                . = ALIGN (0x2)
 *(.text.*)
 .text._ZN13CDGUSDatabaseC2Ev
                0x000005a0        0x2 CDGUSDatabase.o
                0x000005a0                _ZN13CDGUSDatabaseC2Ev
                0x000005a0                _ZN13CDGUSDatabaseC1Ev
 .text._ZN13CDGUSDatabaseD2Ev
                0x000005a2        0x2 CDGUSDatabase.o
                0x000005a2                _ZN13CDGUSDatabaseD2Ev
                0x000005a2                _ZN13CDGUSDatabaseD1Ev
 .text._ZN13CDGUSDatabase10InitializeEP9CMBSenderj
                0x000005a4       0x18 CDGUSDatabase.o
                0x000005a4                _ZN13CDGUSDatabase10InitializeEP9CMBSenderj
 .text._ZN13CDGUSDatabase18MapDatabaseToWriteEjmj
                0x000005bc       0xca CDGUSDatabase.o
                0x000005bc                _ZN13CDGUSDatabase18MapDatabaseToWriteEjmj
 .text._ZN13CDGUSDatabase17MapDatabaseToReadEjmj
                0x00000686       0xca CDGUSDatabase.o
                0x00000686                _ZN13CDGUSDatabase17MapDatabaseToReadEjmj
 .text._ZN13CDGUSDatabase5UnMapEv
                0x00000750       0x3c CDGUSDatabase.o
                0x00000750                _ZN13CDGUSDatabase5UnMapEv
 .text._ZN16CLaserControlApp21OnTransactionCallbackEPhj
                0x0000078c        0x2 CLaserControlApp.o
                0x0000078c                _ZN16CLaserControlApp21OnTransactionCallbackEPhj
 .text._ZN16CLaserControlApp18OnRegisterReceivedEhPhh
                0x0000078e       0xa8 CLaserControlApp.o
                0x0000078e                _ZN16CLaserControlApp18OnRegisterReceivedEhPhh
 .text._ZN16CLaserControlApp18OnVariableReceivedEjPjj
                0x00000836      0x18c CLaserControlApp.o
                0x00000836                _ZN16CLaserControlApp18OnVariableReceivedEjPjj
 .text._ZN16CLaserControlAppC2Ev
                0x000009c2        0xc CLaserControlApp.o
                0x000009c2                _ZN16CLaserControlAppC2Ev
                0x000009c2                _ZN16CLaserControlAppC1Ev
 .text._ZN16CLaserControlAppD2Ev
                0x000009ce       0x10 CLaserControlApp.o
                0x000009ce                _ZN16CLaserControlAppD2Ev
                0x000009ce                _ZN16CLaserControlAppD1Ev
 .text._ZN16CLaserControlApp5StartEv
                0x000009de       0x80 CLaserControlApp.o
                0x000009de                _ZN16CLaserControlApp5StartEv
 .text._ZN16CLaserControlApp22CalculateLaserSettingsEP24DGUS_LASERPROFILE_STRUCT
                0x00000a5e      0x14a CLaserControlApp.o
                0x00000a5e                _ZN16CLaserControlApp22CalculateLaserSettingsEP24DGUS_LASERPROFILE_STRUCT
 .text._ZN16CLaserControlApp11GetVariableEjj
                0x00000ba8       0x28 CLaserControlApp.o
                0x00000ba8                _ZN16CLaserControlApp11GetVariableEjj
 .text._ZN16CLaserControlApp11SetVariableEjPjj
                0x00000bd0       0x20 CLaserControlApp.o
                0x00000bd0                _ZN16CLaserControlApp11SetVariableEjPjj
 .text._ZN16CLaserControlApp12SetPictureIdEj
                0x00000bf0       0x4c CLaserControlApp.o
                0x00000bf0                _ZN16CLaserControlApp12SetPictureIdEj
 .text._ZN16CLaserControlApp19OnPWMTimerOVFStaticEPv
                0x00000c3c        0xa CLaserControlApp.o
                0x00000c3c                _ZN16CLaserControlApp19OnPWMTimerOVFStaticEPv
 .text._ZN16CLaserControlApp19OnPWMTimerCMPStaticEPv
                0x00000c46        0xa CLaserControlApp.o
                0x00000c46                _ZN16CLaserControlApp19OnPWMTimerCMPStaticEPv
 .text._GLOBAL__sub_I_timer
                0x00000c50       0x12 CLaserControlApp.o
 .text._GLOBAL__sub_D_timer
                0x00000c62       0x12 CLaserControlApp.o
 .text._ZN16CLaserControlApp10InitializeEP9CMBSender
                0x00000c74      0x214 CLaserControlApp.o
                0x00000c74                _ZN16CLaserControlApp10InitializeEP9CMBSender
 .text._ZN16CLaserControlApp3RunEv
                0x00000e88      0x4bc CLaserControlApp.o
                0x00000e88                _ZN16CLaserControlApp3RunEv
 .text._ZN16CLaserControlApp12OnLaserTimerEv
                0x00001344       0x7c CLaserControlApp.o
                0x00001344                _ZN16CLaserControlApp12OnLaserTimerEv
 .text._ZN16CLaserControlApp18OnLaserTimerStaticEPv
                0x000013c0        0x6 CLaserControlApp.o
                0x000013c0                _ZN16CLaserControlApp18OnLaserTimerStaticEPv
 .text._ZN16CLaserControlApp7OnTimerEv
                0x000013c6      0x182 CLaserControlApp.o
                0x000013c6                _ZN16CLaserControlApp7OnTimerEv
 .text._ZN16CLaserControlApp13OnTimerStaticEPv
                0x00001548        0x6 CLaserControlApp.o
                0x00001548                _ZN16CLaserControlApp13OnTimerStaticEPv
 .text._ZN16CLaserControlApp6OnINT0Ev
                0x0000154e       0x72 CLaserControlApp.o
                0x0000154e                _ZN16CLaserControlApp6OnINT0Ev
 .text._ZN16CLaserControlApp12OnINT0StaticEPv
                0x000015c0        0x6 CLaserControlApp.o
                0x000015c0                _ZN16CLaserControlApp12OnINT0StaticEPv
 .text._Z11ConvertDataPvS_jj
                0x000015c6       0x58 DGUSGUI.o
                0x000015c6                _Z11ConvertDataPvS_jj
 .text._Z4swapj
                0x0000161e        0x8 DGUSGUI.o
                0x0000161e                _Z4swapj
 .text._Z6swap32m
                0x00001626        0x8 DGUSGUI.o
                0x00001626                _Z6swap32m
 .text._ZN4CSPIC2Ev
                0x0000162e        0x2 LaserLib/CSPI.o
                0x0000162e                _ZN4CSPIC2Ev
                0x0000162e                _ZN4CSPIC1Ev
 .text._ZN4CSPID2Ev
                0x00001630        0x2 LaserLib/CSPI.o
                0x00001630                _ZN4CSPID2Ev
                0x00001630                _ZN4CSPID1Ev
 .text._ZN4CSPI10InitializeEb19SPI_DATA_ORDER_ENUM13SPI_MODE_ENUMb18SPI_PRESCALER_enum
                0x00001632       0x82 LaserLib/CSPI.o
                0x00001632                _ZN4CSPI10InitializeEb19SPI_DATA_ORDER_ENUM13SPI_MODE_ENUMb18SPI_PRESCALER_enum
 .text._ZN4CSPI12DeinitializeEv
                0x000016b4       0x16 LaserLib/CSPI.o
                0x000016b4                _ZN4CSPI12DeinitializeEv
 .text._ZN4CSPI4SendEPhj
                0x000016ca       0x40 LaserLib/CSPI.o
                0x000016ca                _ZN4CSPI4SendEPhj
 .text._ZN4CSPI10OnTransmitEv
                0x0000170a       0x30 LaserLib/CSPI.o
                0x0000170a                _ZN4CSPI10OnTransmitEv
 .text._ZN4CSPI16StaticOnTransmitEPv
                0x0000173a        0x6 LaserLib/CSPI.o
                0x0000173a                _ZN4CSPI16StaticOnTransmitEPv
 .text._ZN6CTimerC2Ev
                0x00001740        0xc LaserLib/CTimer.o
                0x00001740                _ZN6CTimerC1Ev
                0x00001740                _ZN6CTimerC2Ev
 .text._ZN6CTimerD2Ev
                0x0000174c        0x2 LaserLib/CTimer.o
                0x0000174c                _ZN6CTimerD1Ev
                0x0000174c                _ZN6CTimerD2Ev
 .text._ZN7CTimer1C2Ev
                0x0000174e        0xc LaserLib/CTimer1.o
                0x0000174e                _ZN7CTimer1C1Ev
                0x0000174e                _ZN7CTimer1C2Ev
 .text._ZN7CTimer1D2Ev
                0x0000175a        0x2 LaserLib/CTimer1.o
                0x0000175a                _ZN7CTimer1D1Ev
                0x0000175a                _ZN7CTimer1D2Ev
 .text._ZN6CUSARTC2Ev
                0x0000175c        0xc LaserLib/CUSART.o
                0x0000175c                _ZN6CUSARTC2Ev
                0x0000175c                _ZN6CUSARTC1Ev
 .text._ZN6CUSARTD2Ev
                0x00001768        0x2 LaserLib/CUSART.o
                0x00001768                _ZN6CUSARTD1Ev
                0x00001768                _ZN6CUSARTD2Ev
 .text.__vector_1
                0x0000176a       0x62 LaserLib/intx128.o
                0x0000176a                __vector_1
 .text.__vector_2
                0x000017cc       0x62 LaserLib/intx128.o
                0x000017cc                __vector_2
 .text.__vector_3
                0x0000182e       0x62 LaserLib/intx128.o
                0x0000182e                __vector_3
 .text.__vector_4
                0x00001890       0x62 LaserLib/intx128.o
                0x00001890                __vector_4
 .text.__vector_5
                0x000018f2       0x62 LaserLib/intx128.o
                0x000018f2                __vector_5
 .text.__vector_6
                0x00001954       0x62 LaserLib/intx128.o
                0x00001954                __vector_6
 .text.__vector_7
                0x000019b6       0x62 LaserLib/intx128.o
                0x000019b6                __vector_7
 .text.__vector_8
                0x00001a18       0x62 LaserLib/intx128.o
                0x00001a18                __vector_8
 .text.__vector_9
                0x00001a7a       0x62 LaserLib/intx128.o
                0x00001a7a                __vector_9
 .text.__vector_10
                0x00001adc       0x62 LaserLib/intx128.o
                0x00001adc                __vector_10
 .text.__vector_11
                0x00001b3e       0x62 LaserLib/intx128.o
                0x00001b3e                __vector_11
 .text.__vector_12
                0x00001ba0       0x62 LaserLib/intx128.o
                0x00001ba0                __vector_12
 .text.__vector_13
                0x00001c02       0x62 LaserLib/intx128.o
                0x00001c02                __vector_13
 .text.__vector_14
                0x00001c64       0x62 LaserLib/intx128.o
                0x00001c64                __vector_14
 .text.__vector_15
                0x00001cc6       0x62 LaserLib/intx128.o
                0x00001cc6                __vector_15
 .text.__vector_16
                0x00001d28       0x62 LaserLib/intx128.o
                0x00001d28                __vector_16
 .text.__vector_17
                0x00001d8a       0x62 LaserLib/intx128.o
                0x00001d8a                __vector_17
 .text.__vector_18
                0x00001dec       0x62 LaserLib/intx128.o
                0x00001dec                __vector_18
 .text.__vector_19
                0x00001e4e       0x62 LaserLib/intx128.o
                0x00001e4e                __vector_19
 .text.__vector_20
                0x00001eb0       0x62 LaserLib/intx128.o
                0x00001eb0                __vector_20
 .text.__vector_21
                0x00001f12       0x62 LaserLib/intx128.o
                0x00001f12                __vector_21
 .text.__vector_22
                0x00001f74       0x62 LaserLib/intx128.o
                0x00001f74                __vector_22
 .text.__vector_23
                0x00001fd6       0x62 LaserLib/intx128.o
                0x00001fd6                __vector_23
 .text.__vector_24
                0x00002038       0x62 LaserLib/intx128.o
                0x00002038                __vector_24
 .text.__vector_25
                0x0000209a       0x62 LaserLib/intx128.o
                0x0000209a                __vector_25
 .text.__vector_26
                0x000020fc       0x62 LaserLib/intx128.o
                0x000020fc                __vector_26
 .text.__vector_27
                0x0000215e       0x62 LaserLib/intx128.o
                0x0000215e                __vector_27
 .text.__vector_28
                0x000021c0       0x62 LaserLib/intx128.o
                0x000021c0                __vector_28
 .text.__vector_29
                0x00002222       0x62 LaserLib/intx128.o
                0x00002222                __vector_29
 .text.__vector_30
                0x00002284       0x62 LaserLib/intx128.o
                0x00002284                __vector_30
 .text.__vector_31
                0x000022e6       0x62 LaserLib/intx128.o
                0x000022e6                __vector_31
 .text.__vector_32
                0x00002348       0x62 LaserLib/intx128.o
                0x00002348                __vector_32
 .text.__vector_33
                0x000023aa       0x62 LaserLib/intx128.o
                0x000023aa                __vector_33
 .text.__vector_34
                0x0000240c       0x62 LaserLib/intx128.o
                0x0000240c                __vector_34
 .text.__vector_35
                0x0000246e       0x62 LaserLib/intx128.o
                0x0000246e                __vector_35
 .text.__vector_36
                0x000024d0       0x62 LaserLib/intx128.o
                0x000024d0                __vector_36
 .text.__vector_37
                0x00002532       0x62 LaserLib/intx128.o
                0x00002532                __vector_37
 .text.__vector_38
                0x00002594       0x62 LaserLib/intx128.o
                0x00002594                __vector_38
 .text.__vector_39
                0x000025f6       0x62 LaserLib/intx128.o
                0x000025f6                __vector_39
 .text.__vector_40
                0x00002658       0x62 LaserLib/intx128.o
                0x00002658                __vector_40
 .text.__vector_41
                0x000026ba       0x62 LaserLib/intx128.o
                0x000026ba                __vector_41
 .text.__vector_42
                0x0000271c       0x62 LaserLib/intx128.o
                0x0000271c                __vector_42
 .text.__vector_43
                0x0000277e       0x62 LaserLib/intx128.o
                0x0000277e                __vector_43
 .text.__vector_44
                0x000027e0       0x62 LaserLib/intx128.o
                0x000027e0                __vector_44
 .text.__vector_45
                0x00002842       0x62 LaserLib/intx128.o
                0x00002842                __vector_45
 .text.__vector_46
                0x000028a4       0x62 LaserLib/intx128.o
                0x000028a4                __vector_46
 .text.__vector_47
                0x00002906       0x62 LaserLib/intx128.o
                0x00002906                __vector_47
 .text.__vector_48
                0x00002968       0x62 LaserLib/intx128.o
                0x00002968                __vector_48
 .text.__vector_49
                0x000029ca       0x62 LaserLib/intx128.o
                0x000029ca                __vector_49
 .text.__vector_50
                0x00002a2c       0x62 LaserLib/intx128.o
                0x00002a2c                __vector_50
 .text.__vector_51
                0x00002a8e       0x62 LaserLib/intx128.o
                0x00002a8e                __vector_51
 .text.__vector_52
                0x00002af0       0x62 LaserLib/intx128.o
                0x00002af0                __vector_52
 .text.__vector_53
                0x00002b52       0x62 LaserLib/intx128.o
                0x00002b52                __vector_53
 .text.__vector_54
                0x00002bb4       0x62 LaserLib/intx128.o
                0x00002bb4                __vector_54
 .text.__vector_55
                0x00002c16       0x62 LaserLib/intx128.o
                0x00002c16                __vector_55
 .text.__vector_56
                0x00002c78       0x62 LaserLib/intx128.o
                0x00002c78                __vector_56
 .text.__vector_57
                0x00002cda       0x62 LaserLib/intx128.o
                0x00002cda                __vector_57
 .text.__vector_58
                0x00002d3c       0x62 LaserLib/intx128.o
                0x00002d3c                __vector_58
 .text.__vector_59
                0x00002d9e       0x62 LaserLib/intx128.o
                0x00002d9e                __vector_59
 .text.__vector_60
                0x00002e00       0x62 LaserLib/intx128.o
                0x00002e00                __vector_60
 .text.__vector_61
                0x00002e62       0x62 LaserLib/intx128.o
                0x00002e62                __vector_61
 .text.__vector_62
                0x00002ec4       0x62 LaserLib/intx128.o
                0x00002ec4                __vector_62
 .text.__vector_63
                0x00002f26       0x62 LaserLib/intx128.o
                0x00002f26                __vector_63
 .text.__vector_64
                0x00002f88       0x62 LaserLib/intx128.o
                0x00002f88                __vector_64
 .text.__vector_65
                0x00002fea       0x62 LaserLib/intx128.o
                0x00002fea                __vector_65
 .text.__vector_66
                0x0000304c       0x62 LaserLib/intx128.o
                0x0000304c                __vector_66
 .text.__vector_67
                0x000030ae       0x62 LaserLib/intx128.o
                0x000030ae                __vector_67
 .text.__vector_68
                0x00003110       0x62 LaserLib/intx128.o
                0x00003110                __vector_68
 .text.__vector_69
                0x00003172       0x62 LaserLib/intx128.o
                0x00003172                __vector_69
 .text.__vector_70
                0x000031d4       0x62 LaserLib/intx128.o
                0x000031d4                __vector_70
 .text.__vector_71
                0x00003236       0x62 LaserLib/intx128.o
                0x00003236                __vector_71
 .text.__vector_72
                0x00003298       0x62 LaserLib/intx128.o
                0x00003298                __vector_72
 .text.__vector_73
                0x000032fa       0x62 LaserLib/intx128.o
                0x000032fa                __vector_73
 .text.__vector_74
                0x0000335c       0x62 LaserLib/intx128.o
                0x0000335c                __vector_74
 .text.__vector_77
                0x000033be       0x62 LaserLib/intx128.o
                0x000033be                __vector_77
 .text.__vector_78
                0x00003420       0x62 LaserLib/intx128.o
                0x00003420                __vector_78
 .text.__vector_79
                0x00003482       0x62 LaserLib/intx128.o
                0x00003482                __vector_79
 .text.__vector_80
                0x000034e4       0x62 LaserLib/intx128.o
                0x000034e4                __vector_80
 .text.__vector_81
                0x00003546       0x62 LaserLib/intx128.o
                0x00003546                __vector_81
 .text.__vector_82
                0x000035a8       0x62 LaserLib/intx128.o
                0x000035a8                __vector_82
 .text.__vector_83
                0x0000360a       0x62 LaserLib/intx128.o
                0x0000360a                __vector_83
 .text.__vector_84
                0x0000366c       0x62 LaserLib/intx128.o
                0x0000366c                __vector_84
 .text.__vector_85
                0x000036ce       0x62 LaserLib/intx128.o
                0x000036ce                __vector_85
 .text.__vector_86
                0x00003730       0x62 LaserLib/intx128.o
                0x00003730                __vector_86
 .text.__vector_87
                0x00003792       0x62 LaserLib/intx128.o
                0x00003792                __vector_87
 .text.__vector_88
                0x000037f4       0x62 LaserLib/intx128.o
                0x000037f4                __vector_88
 .text.__vector_89
                0x00003856       0x62 LaserLib/intx128.o
                0x00003856                __vector_89
 .text.__vector_90
                0x000038b8       0x62 LaserLib/intx128.o
                0x000038b8                __vector_90
 .text.__vector_91
                0x0000391a       0x62 LaserLib/intx128.o
                0x0000391a                __vector_91
 .text.__vector_92
                0x0000397c       0x62 LaserLib/intx128.o
                0x0000397c                __vector_92
 .text.__vector_93
                0x000039de       0x62 LaserLib/intx128.o
                0x000039de                __vector_93
 .text.__vector_104
                0x00003a40       0x62 LaserLib/intx128.o
                0x00003a40                __vector_104
 .text.__vector_105
                0x00003aa2       0x62 LaserLib/intx128.o
                0x00003aa2                __vector_105
 .text.__vector_108
                0x00003b04       0x62 LaserLib/intx128.o
                0x00003b04                __vector_108
 .text.__vector_109
                0x00003b66       0x62 LaserLib/intx128.o
                0x00003b66                __vector_109
 .text.__vector_110
                0x00003bc8       0x62 LaserLib/intx128.o
                0x00003bc8                __vector_110
 .text.__vector_111
                0x00003c2a       0x62 LaserLib/intx128.o
                0x00003c2a                __vector_111
 .text.__vector_112
                0x00003c8c       0x62 LaserLib/intx128.o
                0x00003c8c                __vector_112
 .text.__vector_113
                0x00003cee       0x62 LaserLib/intx128.o
                0x00003cee                __vector_113
 .text.__vector_119
                0x00003d50       0x62 LaserLib/intx128.o
                0x00003d50                __vector_119
 .text.__vector_120
                0x00003db2       0x62 LaserLib/intx128.o
                0x00003db2                __vector_120
 .text.__vector_121
                0x00003e14       0x62 LaserLib/intx128.o
                0x00003e14                __vector_121
 .text.__cxa_pure_virtual
                0x00003e76        0x6 main.o
                0x00003e76                __cxa_pure_virtual
 .text._GLOBAL__sub_I_dacSPI
                0x00003e7c       0x5a main.o
 .text._GLOBAL__sub_D_dacSPI
                0x00003ed6       0x5a main.o
 .text._Z16SystemInitializev
                0x00003f30      0x158 main.o
                0x00003f30                _Z16SystemInitializev
 .text.main     0x00004088      0x148 main.o
                0x00004088                main
 .text._ZN16CMBEventsHandler13FillRegDataTxEhPhh
                0x000041d0       0x62 MODBUS/CMBProtocol.o
                0x000041d0                _ZN16CMBEventsHandler13FillRegDataTxEhPhh
 .text._ZN16CMBEventsHandler13FillRegDataRqEhh
                0x00004232       0x3e MODBUS/CMBProtocol.o
                0x00004232                _ZN16CMBEventsHandler13FillRegDataRqEhh
 .text._ZN16CMBEventsHandler13FillVarDataTxEjPjj
                0x00004270       0x90 MODBUS/CMBProtocol.o
                0x00004270                _ZN16CMBEventsHandler13FillVarDataTxEjPjj
 .text._ZN16CMBEventsHandler13FillVarDataRqEjj
                0x00004300       0x46 MODBUS/CMBProtocol.o
                0x00004300                _ZN16CMBEventsHandler13FillVarDataRqEjj
 .text._ZN16CMBEventsHandler15AllocateBuffersEjj
                0x00004346       0x36 MODBUS/CMBProtocol.o
                0x00004346                _ZN16CMBEventsHandler15AllocateBuffersEjj
 .text._ZN16CMBEventsHandler11FreeBuffersEv
                0x0000437c       0x1c MODBUS/CMBProtocol.o
                0x0000437c                _ZN16CMBEventsHandler11FreeBuffersEv
 .text._ZN16CMBEventsHandlerD2Ev
                0x00004398        0x2 MODBUS/CMBProtocol.o
                0x00004398                _ZN16CMBEventsHandlerD2Ev
                0x00004398                _ZN16CMBEventsHandlerD1Ev
 .text._ZN9CMBSender18OnVariableReceivedEjPjj
                0x0000439a       0x1e MODBUS/CMBSender.o
                0x0000439a                _ZN9CMBSender18OnVariableReceivedEjPjj
 .text._ZN9CMBSender18OnRegisterReceivedEhPhh
                0x000043b8       0x1e MODBUS/CMBSender.o
                0x000043b8                _ZN9CMBSender18OnRegisterReceivedEhPhh
 .text._ZN9CMBSenderC2Ev
                0x000043d6        0xc MODBUS/CMBSender.o
                0x000043d6                _ZN9CMBSenderC2Ev
                0x000043d6                _ZN9CMBSenderC1Ev
 .text._ZN9CMBSender10InitializeEP6CTimerP6CUSARTP16CMBEventsHandlerjjj
                0x000043e2       0xde MODBUS/CMBSender.o
                0x000043e2                _ZN9CMBSender10InitializeEP6CTimerP6CUSARTP16CMBEventsHandlerjjj
 .text._ZN9CMBSenderD2Ev
                0x000044c0       0x10 MODBUS/CMBSender.o
                0x000044c0                _ZN9CMBSenderD1Ev
                0x000044c0                _ZN9CMBSenderD2Ev
 .text._ZN9CMBSender13OnReceiveByteEh
                0x000044d0      0x15a MODBUS/CMBSender.o
                0x000044d0                _ZN9CMBSender13OnReceiveByteEh
 .text._ZN9CMBSender18OnUSARTRxInterruptEPv
                0x0000462a       0x26 MODBUS/CMBSender.o
                0x0000462a                _ZN9CMBSender18OnUSARTRxInterruptEPv
 .text._ZN9CMBSender9OnTimeoutEv
                0x00004650       0x28 MODBUS/CMBSender.o
                0x00004650                _ZN9CMBSender9OnTimeoutEv
 .text._ZN9CMBSender18OnTimeoutInterruptEPv
                0x00004678        0x6 MODBUS/CMBSender.o
                0x00004678                _ZN9CMBSender18OnTimeoutInterruptEPv
 .text._ZN9CMBSender19StartMODBUSListenerEv
                0x0000467e       0x32 MODBUS/CMBSender.o
                0x0000467e                _ZN9CMBSender19StartMODBUSListenerEv
 .text._ZN9CMBSender14OnTransmitByteEv
                0x000046b0       0x92 MODBUS/CMBSender.o
                0x000046b0                _ZN9CMBSender14OnTransmitByteEv
 .text._ZN9CMBSender18OnUSARTTxInterruptEPv
                0x00004742        0x6 MODBUS/CMBSender.o
                0x00004742                _ZN9CMBSender18OnUSARTTxInterruptEPv
 .text._ZN9CMBSender18WaitMODBUSListenerEv
                0x00004748       0x22 MODBUS/CMBSender.o
                0x00004748                _ZN9CMBSender18WaitMODBUSListenerEv
 .text._ZN9CMBSender22StartMODBUSTransmitterEv
                0x0000476a       0x2a MODBUS/CMBSender.o
                0x0000476a                _ZN9CMBSender22StartMODBUSTransmitterEv
 .text._ZN9CMBSender24WriteDataToRegisterAsyncEhPhh
                0x00004794       0x1e MODBUS/CMBSender.o
                0x00004794                _ZN9CMBSender24WriteDataToRegisterAsyncEhPhh
 .text._ZN9CMBSender20WriteDataToSRAMAsyncEjPjj
                0x000047b2       0x1e MODBUS/CMBSender.o
                0x000047b2                _ZN9CMBSender20WriteDataToSRAMAsyncEjPjj
 .text._ZN9CMBSender28RequestDataFromRegisterAsyncEhh
                0x000047d0       0x1e MODBUS/CMBSender.o
                0x000047d0                _ZN9CMBSender28RequestDataFromRegisterAsyncEhh
 .text._ZN9CMBSender24RequestDataFromSRAMAsyncEjh
                0x000047ee       0x20 MODBUS/CMBSender.o
                0x000047ee                _ZN9CMBSender24RequestDataFromSRAMAsyncEjh
 .text._ZN9CMBSender21WaitMODBUSTransmitterEv
                0x0000480e       0x22 MODBUS/CMBSender.o
                0x0000480e                _ZN9CMBSender21WaitMODBUSTransmitterEv
 .text._ZN9CMBSender30StartMODBUSRegisterTransactionEhh
                0x00004830        0xc MODBUS/CMBSender.o
                0x00004830                _ZN9CMBSender30StartMODBUSRegisterTransactionEhh
 .text._ZN9CMBSender30StartMODBUSVariableTransactionEjh
                0x0000483c        0xc MODBUS/CMBSender.o
                0x0000483c                _ZN9CMBSender30StartMODBUSVariableTransactionEjh
 .text._ZN9CMBSender18ProcessTransactionEPhj
                0x00004848       0x62 MODBUS/CMBSender.o
                0x00004848                _ZN9CMBSender18ProcessTransactionEPhj
 .text._ZN9CMBSender21OnTransactionCallbackEPhj
                0x000048aa        0x6 MODBUS/CMBSender.o
                0x000048aa                _ZN9CMBSender21OnTransactionCallbackEPhj
 .text._ZN10CDGUSUSART10InitializeE13BAUDRATE_ENUM11PARITY_ENUM12STOBITS_ENUMb
                0x000048b0       0x76 Periphery/CDGUSUSART.o
                0x000048b0                _ZN10CDGUSUSART10InitializeE13BAUDRATE_ENUM11PARITY_ENUM12STOBITS_ENUMb
 .text._ZN10CDGUSUSART15GetReceivedByteEv
                0x00004926        0x6 Periphery/CDGUSUSART.o
                0x00004926                _ZN10CDGUSUSART15GetReceivedByteEv
 .text._ZN10CDGUSUSART19SetTransmittingByteEh
                0x0000492c        0x6 Periphery/CDGUSUSART.o
                0x0000492c                _ZN10CDGUSUSART19SetTransmittingByteEh
 .text._ZN10CDGUSUSART14IsTransmittingEv
                0x00004932       0x10 Periphery/CDGUSUSART.o
                0x00004932                _ZN10CDGUSUSART14IsTransmittingEv
 .text._ZN10CDGUSUSART11IsReceivingEv
                0x00004942        0xe Periphery/CDGUSUSART.o
                0x00004942                _ZN10CDGUSUSART11IsReceivingEv
 .text._ZN10CDGUSUSART11IsDataEmptyEv
                0x00004950       0x10 Periphery/CDGUSUSART.o
                0x00004950                _ZN10CDGUSUSART11IsDataEmptyEv
 .text._ZN10CDGUSUSART25SetRxInterruptionCallbackEPvPFvS0_E
                0x00004960       0x12 Periphery/CDGUSUSART.o
                0x00004960                _ZN10CDGUSUSART25SetRxInterruptionCallbackEPvPFvS0_E
 .text._ZN10CDGUSUSART25SetTxInterruptionCallbackEPvPFvS0_E
                0x00004972       0x12 Periphery/CDGUSUSART.o
                0x00004972                _ZN10CDGUSUSART25SetTxInterruptionCallbackEPvPFvS0_E
 .text._ZN10CDGUSUSART12SetDMARxTrigEP13DMA_CH_struct
                0x00004984       0x12 Periphery/CDGUSUSART.o
                0x00004984                _ZN10CDGUSUSART12SetDMARxTrigEP13DMA_CH_struct
 .text._ZN10CDGUSUSART12SetDMATxTrigEP13DMA_CH_struct
                0x00004996       0x12 Periphery/CDGUSUSART.o
                0x00004996                _ZN10CDGUSUSART12SetDMATxTrigEP13DMA_CH_struct
 .text._ZN10CDGUSUSARTC2Ev
                0x000049a8       0x18 Periphery/CDGUSUSART.o
                0x000049a8                _ZN10CDGUSUSARTC1Ev
                0x000049a8                _ZN10CDGUSUSARTC2Ev
 .text._ZN10CDGUSUSARTD2Ev
                0x000049c0       0x10 Periphery/CDGUSUSART.o
                0x000049c0                _ZN10CDGUSUSARTD2Ev
                0x000049c0                _ZN10CDGUSUSARTD1Ev
 .text._ZN8CDS18B20C2Ev
                0x000049d0        0x2 Periphery/CDS18B20.o
                0x000049d0                _ZN8CDS18B20C2Ev
                0x000049d0                _ZN8CDS18B20C1Ev
 .text._ZN8CDS18B20D2Ev
                0x000049d2        0x2 Periphery/CDS18B20.o
                0x000049d2                _ZN8CDS18B20D1Ev
                0x000049d2                _ZN8CDS18B20D2Ev
 .text._ZN8CDS18B207w1_findEv
                0x000049d4       0x3c Periphery/CDS18B20.o
                0x000049d4                _ZN8CDS18B207w1_findEv
 .text._ZN8CDS18B2010w1_sendcmdEh
                0x00004a10       0x6e Periphery/CDS18B20.o
                0x00004a10                _ZN8CDS18B2010w1_sendcmdEh
 .text._ZN8CDS18B2015w1_receive_byteEv
                0x00004a7e       0x66 Periphery/CDS18B20.o
                0x00004a7e                _ZN8CDS18B2015w1_receive_byteEv
 .text._ZN8CDS18B2010temp_18b20Ev
                0x00004ae4       0x88 Periphery/CDS18B20.o
                0x00004ae4                _ZN8CDS18B2010temp_18b20Ev
 .text._ZN8CDS18B2010InitializeEv
                0x00004b6c        0xc Periphery/CDS18B20.o
                0x00004b6c                _ZN8CDS18B2010InitializeEv
 .text._ZN11CLaserBoardC2Ev
                0x00004b78        0x2 Periphery/CLaserBoard.o
                0x00004b78                _ZN11CLaserBoardC1Ev
                0x00004b78                _ZN11CLaserBoardC2Ev
 .text._ZN11CLaserBoardD2Ev
                0x00004b7a        0x2 Periphery/CLaserBoard.o
                0x00004b7a                _ZN11CLaserBoardD2Ev
                0x00004b7a                _ZN11CLaserBoardD1Ev
 .text._ZN11CLaserBoard12InitializeIOEv
                0x00004b7c       0xbe Periphery/CLaserBoard.o
                0x00004b7c                _ZN11CLaserBoard12InitializeIOEv
 .text._ZN11CLaserBoard15InitializeClockEv
                0x00004c3a       0x6a Periphery/CLaserBoard.o
                0x00004c3a                _ZN11CLaserBoard15InitializeClockEv
 .text._ZN11CLaserBoard5PWMOnEv
                0x00004ca4        0x8 Periphery/CLaserBoard.o
                0x00004ca4                _ZN11CLaserBoard5PWMOnEv
 .text._ZN11CLaserBoard6PWMOffEv
                0x00004cac        0x8 Periphery/CLaserBoard.o
                0x00004cac                _ZN11CLaserBoard6PWMOffEv
 .text._ZN11CLaserBoard8Relay1OnEv
                0x00004cb4        0x8 Periphery/CLaserBoard.o
                0x00004cb4                _ZN11CLaserBoard8Relay1OnEv
 .text._ZN11CLaserBoard8Relay2OnEv
                0x00004cbc        0x8 Periphery/CLaserBoard.o
                0x00004cbc                _ZN11CLaserBoard8Relay2OnEv
 .text._ZN11CLaserBoard9Relay2OffEv
                0x00004cc4        0x8 Periphery/CLaserBoard.o
                0x00004cc4                _ZN11CLaserBoard9Relay2OffEv
 .text._ZN11CLaserBoard12LaserPowerOnEv
                0x00004ccc        0x8 Periphery/CLaserBoard.o
                0x00004ccc                _ZN11CLaserBoard12LaserPowerOnEv
 .text._ZN11CLaserBoard13LaserPowerOffEv
                0x00004cd4        0x8 Periphery/CLaserBoard.o
                0x00004cd4                _ZN11CLaserBoard13LaserPowerOffEv
 .text._ZN11CLaserBoard4BeepEv
                0x00004cdc       0x30 Periphery/CLaserBoard.o
                0x00004cdc                _ZN11CLaserBoard4BeepEv
 .text._ZN11CLaserBoard14BeepClassErrorEv
                0x00004d0c       0x54 Periphery/CLaserBoard.o
                0x00004d0c                _ZN11CLaserBoard14BeepClassErrorEv
 .text._ZN11CLaserBoard9PortCheckEv
                0x00004d60        0xa Periphery/CLaserBoard.o
                0x00004d60                _ZN11CLaserBoard9PortCheckEv
 .text._ZN11CLaserBoard10FootswitchEv
                0x00004d6a        0x8 Periphery/CLaserBoard.o
                0x00004d6a                _ZN11CLaserBoard10FootswitchEv
 .text._ZN12CSoundPlayerC2Ev
                0x00004d72        0x2 Periphery/CSoundPlayer.o
                0x00004d72                _ZN12CSoundPlayerC2Ev
                0x00004d72                _ZN12CSoundPlayerC1Ev
 .text._ZN12CSoundPlayerD2Ev
                0x00004d74        0x2 Periphery/CSoundPlayer.o
                0x00004d74                _ZN12CSoundPlayerD1Ev
                0x00004d74                _ZN12CSoundPlayerD2Ev
 .text._ZN12CSoundPlayer19InitializeToneTimerEv
                0x00004d76       0x22 Periphery/CSoundPlayer.o
                0x00004d76                _ZN12CSoundPlayer19InitializeToneTimerEv
 .text._ZN12CSoundPlayer23InitializeDurationTimerEv
                0x00004d98       0x18 Periphery/CSoundPlayer.o
                0x00004d98                _ZN12CSoundPlayer23InitializeDurationTimerEv
 .text._ZN12CSoundPlayer10SoundStartEjjh
                0x00004db0       0x68 Periphery/CSoundPlayer.o
                0x00004db0                _ZN12CSoundPlayer10SoundStartEjjh
 .text._ZN12CSoundPlayer9SoundStopEv
                0x00004e18       0x3c Periphery/CSoundPlayer.o
                0x00004e18                _ZN12CSoundPlayer9SoundStopEv
 .text._ZN12CSoundPlayer10InitializeEv
                0x00004e54       0x16 Periphery/CSoundPlayer.o
                0x00004e54                _ZN12CSoundPlayer10InitializeEv
 .text._ZN7CTimerC10InitializeE27TIMER_WAVEFORMGEN_MODE_ENUM22TIMER_CLOCKSELECT_ENUM
                0x00004e6a       0x36 Periphery/CTimerC.o
                0x00004e6a                _ZN7CTimerC10InitializeE27TIMER_WAVEFORMGEN_MODE_ENUM22TIMER_CLOCKSELECT_ENUM
 .text._ZN7CTimerC5StartEj
                0x00004ea0       0x1a Periphery/CTimerC.o
                0x00004ea0                _ZN7CTimerC5StartEj
 .text._ZN7CTimerC4StopEv
                0x00004eba       0x10 Periphery/CTimerC.o
                0x00004eba                _ZN7CTimerC4StopEv
 .text._ZN7CTimerC13EnableChannelE19TIMER_CHANNELS_ENUM
                0x00004eca        0xe Periphery/CTimerC.o
                0x00004eca                _ZN7CTimerC13EnableChannelE19TIMER_CHANNELS_ENUM
 .text._ZN7CTimerC14DisableChannelE19TIMER_CHANNELS_ENUM
                0x00004ed8        0xe Periphery/CTimerC.o
                0x00004ed8                _ZN7CTimerC14DisableChannelE19TIMER_CHANNELS_ENUM
 .text._ZN7CTimerC9SetPeriodEj
                0x00004ee6        0xa Periphery/CTimerC.o
                0x00004ee6                _ZN7CTimerC9SetPeriodEj
 .text._ZN7CTimerC8SetCOMPAEj
                0x00004ef0        0xa Periphery/CTimerC.o
                0x00004ef0                _ZN7CTimerC8SetCOMPAEj
 .text._ZN7CTimerC8SetCOMPBEj
                0x00004efa        0xa Periphery/CTimerC.o
                0x00004efa                _ZN7CTimerC8SetCOMPBEj
 .text._ZN7CTimerC8SetCOMPCEj
                0x00004f04        0xa Periphery/CTimerC.o
                0x00004f04                _ZN7CTimerC8SetCOMPCEj
 .text._ZN7CTimerC8SetCOMPDEj
                0x00004f0e        0xa Periphery/CTimerC.o
                0x00004f0e                _ZN7CTimerC8SetCOMPDEj
 .text._ZN7CTimerC14SetOVFCallbackEPFvPvES0_17TC_OVFINTLVL_enum
                0x00004f18       0x24 Periphery/CTimerC.o
                0x00004f18                _ZN7CTimerC14SetOVFCallbackEPFvPvES0_17TC_OVFINTLVL_enum
 .text._ZN7CTimerC14SetERRCallbackEPFvPvES0_17TC_ERRINTLVL_enum
                0x00004f3c       0x24 Periphery/CTimerC.o
                0x00004f3c                _ZN7CTimerC14SetERRCallbackEPFvPvES0_17TC_ERRINTLVL_enum
 .text._ZN7CTimerC16SetCOMPACallbackEPFvPvES0_17TC_CCAINTLVL_enum
                0x00004f60       0x24 Periphery/CTimerC.o
                0x00004f60                _ZN7CTimerC16SetCOMPACallbackEPFvPvES0_17TC_CCAINTLVL_enum
 .text._ZN7CTimerC16SetCOMPBCallbackEPFvPvES0_17TC_CCBINTLVL_enum
                0x00004f84       0x24 Periphery/CTimerC.o
                0x00004f84                _ZN7CTimerC16SetCOMPBCallbackEPFvPvES0_17TC_CCBINTLVL_enum
 .text._ZN7CTimerC16SetCOMPCCallbackEPFvPvES0_17TC_CCCINTLVL_enum
                0x00004fa8       0x24 Periphery/CTimerC.o
                0x00004fa8                _ZN7CTimerC16SetCOMPCCallbackEPFvPvES0_17TC_CCCINTLVL_enum
 .text._ZN7CTimerC16SetCOMPDCallbackEPFvPvES0_17TC_CCDINTLVL_enum
                0x00004fcc       0x24 Periphery/CTimerC.o
                0x00004fcc                _ZN7CTimerC16SetCOMPDCallbackEPFvPvES0_17TC_CCDINTLVL_enum
 .text._ZN7CTimerCC2Ev
                0x00004ff0       0x18 Periphery/CTimerC.o
                0x00004ff0                _ZN7CTimerCC1Ev
                0x00004ff0                _ZN7CTimerCC2Ev
 .text._ZN7CTimerCD2Ev
                0x00005008       0x10 Periphery/CTimerC.o
                0x00005008                _ZN7CTimerCD1Ev
                0x00005008                _ZN7CTimerCD2Ev
 .text._ZN8CTimerC110InitializeE27TIMER_WAVEFORMGEN_MODE_ENUM22TIMER_CLOCKSELECT_ENUM
                0x00005018       0x2e Periphery/CTimerC1.o
                0x00005018                _ZN8CTimerC110InitializeE27TIMER_WAVEFORMGEN_MODE_ENUM22TIMER_CLOCKSELECT_ENUM
 .text._ZN8CTimerC15StartEj
                0x00005046       0x1a Periphery/CTimerC1.o
                0x00005046                _ZN8CTimerC15StartEj
 .text._ZN8CTimerC14StopEv
                0x00005060       0x10 Periphery/CTimerC1.o
                0x00005060                _ZN8CTimerC14StopEv
 .text._ZN8CTimerC15ResetEv
                0x00005070       0x14 Periphery/CTimerC1.o
                0x00005070                _ZN8CTimerC15ResetEv
 .text._ZN8CTimerC113EnableChannelE19TIMER_CHANNELS_ENUM
                0x00005084        0xe Periphery/CTimerC1.o
                0x00005084                _ZN8CTimerC113EnableChannelE19TIMER_CHANNELS_ENUM
 .text._ZN8CTimerC114DisableChannelE19TIMER_CHANNELS_ENUM
                0x00005092        0xe Periphery/CTimerC1.o
                0x00005092                _ZN8CTimerC114DisableChannelE19TIMER_CHANNELS_ENUM
 .text._ZN8CTimerC19SetPeriodEj
                0x000050a0        0xa Periphery/CTimerC1.o
                0x000050a0                _ZN8CTimerC19SetPeriodEj
 .text._ZN8CTimerC18SetCOMPAEj
                0x000050aa        0xa Periphery/CTimerC1.o
                0x000050aa                _ZN8CTimerC18SetCOMPAEj
 .text._ZN8CTimerC18SetCOMPBEj
                0x000050b4        0xa Periphery/CTimerC1.o
                0x000050b4                _ZN8CTimerC18SetCOMPBEj
 .text._ZN8CTimerC114SetOVFCallbackEPFvPvES0_17TC_OVFINTLVL_enum
                0x000050be       0x24 Periphery/CTimerC1.o
                0x000050be                _ZN8CTimerC114SetOVFCallbackEPFvPvES0_17TC_OVFINTLVL_enum
 .text._ZN8CTimerC114SetERRCallbackEPFvPvES0_17TC_ERRINTLVL_enum
                0x000050e2       0x24 Periphery/CTimerC1.o
                0x000050e2                _ZN8CTimerC114SetERRCallbackEPFvPvES0_17TC_ERRINTLVL_enum
 .text._ZN8CTimerC116SetCOMPACallbackEPFvPvES0_17TC_CCAINTLVL_enum
                0x00005106       0x24 Periphery/CTimerC1.o
                0x00005106                _ZN8CTimerC116SetCOMPACallbackEPFvPvES0_17TC_CCAINTLVL_enum
 .text._ZN8CTimerC116SetCOMPBCallbackEPFvPvES0_17TC_CCBINTLVL_enum
                0x0000512a       0x24 Periphery/CTimerC1.o
                0x0000512a                _ZN8CTimerC116SetCOMPBCallbackEPFvPvES0_17TC_CCBINTLVL_enum
 .text._ZN8CTimerC1C2Ev
                0x0000514e       0x18 Periphery/CTimerC1.o
                0x0000514e                _ZN8CTimerC1C2Ev
                0x0000514e                _ZN8CTimerC1C1Ev
 .text._ZN8CTimerC1D2Ev
                0x00005166       0x10 Periphery/CTimerC1.o
                0x00005166                _ZN8CTimerC1D2Ev
                0x00005166                _ZN8CTimerC1D1Ev
 .text._ZN7CTimerD10InitializeE27TIMER_WAVEFORMGEN_MODE_ENUM22TIMER_CLOCKSELECT_ENUM
                0x00005176       0x36 Periphery/CTimerD.o
                0x00005176                _ZN7CTimerD10InitializeE27TIMER_WAVEFORMGEN_MODE_ENUM22TIMER_CLOCKSELECT_ENUM
 .text._ZN7CTimerD5StartEj
                0x000051ac       0x1a Periphery/CTimerD.o
                0x000051ac                _ZN7CTimerD5StartEj
 .text._ZN7CTimerD4StopEv
                0x000051c6       0x10 Periphery/CTimerD.o
                0x000051c6                _ZN7CTimerD4StopEv
 .text._ZN7CTimerD13EnableChannelE19TIMER_CHANNELS_ENUM
                0x000051d6        0xe Periphery/CTimerD.o
                0x000051d6                _ZN7CTimerD13EnableChannelE19TIMER_CHANNELS_ENUM
 .text._ZN7CTimerD14DisableChannelE19TIMER_CHANNELS_ENUM
                0x000051e4        0xe Periphery/CTimerD.o
                0x000051e4                _ZN7CTimerD14DisableChannelE19TIMER_CHANNELS_ENUM
 .text._ZN7CTimerD9SetPeriodEj
                0x000051f2        0xa Periphery/CTimerD.o
                0x000051f2                _ZN7CTimerD9SetPeriodEj
 .text._ZN7CTimerD8SetCOMPAEj
                0x000051fc        0xa Periphery/CTimerD.o
                0x000051fc                _ZN7CTimerD8SetCOMPAEj
 .text._ZN7CTimerD8SetCOMPBEj
                0x00005206        0xa Periphery/CTimerD.o
                0x00005206                _ZN7CTimerD8SetCOMPBEj
 .text._ZN7CTimerD8SetCOMPCEj
                0x00005210        0xa Periphery/CTimerD.o
                0x00005210                _ZN7CTimerD8SetCOMPCEj
 .text._ZN7CTimerD8SetCOMPDEj
                0x0000521a        0xa Periphery/CTimerD.o
                0x0000521a                _ZN7CTimerD8SetCOMPDEj
 .text._ZN7CTimerD14SetOVFCallbackEPFvPvES0_17TC_OVFINTLVL_enum
                0x00005224       0x24 Periphery/CTimerD.o
                0x00005224                _ZN7CTimerD14SetOVFCallbackEPFvPvES0_17TC_OVFINTLVL_enum
 .text._ZN7CTimerD14SetERRCallbackEPFvPvES0_17TC_ERRINTLVL_enum
                0x00005248       0x24 Periphery/CTimerD.o
                0x00005248                _ZN7CTimerD14SetERRCallbackEPFvPvES0_17TC_ERRINTLVL_enum
 .text._ZN7CTimerD16SetCOMPACallbackEPFvPvES0_17TC_CCAINTLVL_enum
                0x0000526c       0x24 Periphery/CTimerD.o
                0x0000526c                _ZN7CTimerD16SetCOMPACallbackEPFvPvES0_17TC_CCAINTLVL_enum
 .text._ZN7CTimerD16SetCOMPBCallbackEPFvPvES0_17TC_CCBINTLVL_enum
                0x00005290       0x24 Periphery/CTimerD.o
                0x00005290                _ZN7CTimerD16SetCOMPBCallbackEPFvPvES0_17TC_CCBINTLVL_enum
 .text._ZN7CTimerD16SetCOMPCCallbackEPFvPvES0_17TC_CCCINTLVL_enum
                0x000052b4       0x24 Periphery/CTimerD.o
                0x000052b4                _ZN7CTimerD16SetCOMPCCallbackEPFvPvES0_17TC_CCCINTLVL_enum
 .text._ZN7CTimerD16SetCOMPDCallbackEPFvPvES0_17TC_CCDINTLVL_enum
                0x000052d8       0x24 Periphery/CTimerD.o
                0x000052d8                _ZN7CTimerD16SetCOMPDCallbackEPFvPvES0_17TC_CCDINTLVL_enum
 .text._ZN7CTimerDC2Ev
                0x000052fc       0x18 Periphery/CTimerD.o
                0x000052fc                _ZN7CTimerDC1Ev
                0x000052fc                _ZN7CTimerDC2Ev
 .text._ZN7CTimerDD2Ev
                0x00005314       0x10 Periphery/CTimerD.o
                0x00005314                _ZN7CTimerDD2Ev
                0x00005314                _ZN7CTimerDD1Ev
 .text._ZN8CTimerD110InitializeE27TIMER_WAVEFORMGEN_MODE_ENUM22TIMER_CLOCKSELECT_ENUM
                0x00005324       0x2e Periphery/CTimerD1.o
                0x00005324                _ZN8CTimerD110InitializeE27TIMER_WAVEFORMGEN_MODE_ENUM22TIMER_CLOCKSELECT_ENUM
 .text._ZN8CTimerD15StartEj
                0x00005352       0x1a Periphery/CTimerD1.o
                0x00005352                _ZN8CTimerD15StartEj
 .text._ZN8CTimerD14StopEv
                0x0000536c       0x10 Periphery/CTimerD1.o
                0x0000536c                _ZN8CTimerD14StopEv
 .text._ZN8CTimerD15ResetEv
                0x0000537c       0x14 Periphery/CTimerD1.o
                0x0000537c                _ZN8CTimerD15ResetEv
 .text._ZN8CTimerD113EnableChannelE19TIMER_CHANNELS_ENUM
                0x00005390        0xe Periphery/CTimerD1.o
                0x00005390                _ZN8CTimerD113EnableChannelE19TIMER_CHANNELS_ENUM
 .text._ZN8CTimerD114DisableChannelE19TIMER_CHANNELS_ENUM
                0x0000539e        0xe Periphery/CTimerD1.o
                0x0000539e                _ZN8CTimerD114DisableChannelE19TIMER_CHANNELS_ENUM
 .text._ZN8CTimerD19SetPeriodEj
                0x000053ac        0xa Periphery/CTimerD1.o
                0x000053ac                _ZN8CTimerD19SetPeriodEj
 .text._ZN8CTimerD18SetCOMPAEj
                0x000053b6        0xa Periphery/CTimerD1.o
                0x000053b6                _ZN8CTimerD18SetCOMPAEj
 .text._ZN8CTimerD18SetCOMPBEj
                0x000053c0        0xa Periphery/CTimerD1.o
                0x000053c0                _ZN8CTimerD18SetCOMPBEj
 .text._ZN8CTimerD114SetOVFCallbackEPFvPvES0_17TC_OVFINTLVL_enum
                0x000053ca       0x24 Periphery/CTimerD1.o
                0x000053ca                _ZN8CTimerD114SetOVFCallbackEPFvPvES0_17TC_OVFINTLVL_enum
 .text._ZN8CTimerD114SetERRCallbackEPFvPvES0_17TC_ERRINTLVL_enum
                0x000053ee       0x24 Periphery/CTimerD1.o
                0x000053ee                _ZN8CTimerD114SetERRCallbackEPFvPvES0_17TC_ERRINTLVL_enum
 .text._ZN8CTimerD116SetCOMPACallbackEPFvPvES0_17TC_CCAINTLVL_enum
                0x00005412       0x24 Periphery/CTimerD1.o
                0x00005412                _ZN8CTimerD116SetCOMPACallbackEPFvPvES0_17TC_CCAINTLVL_enum
 .text._ZN8CTimerD116SetCOMPBCallbackEPFvPvES0_17TC_CCBINTLVL_enum
                0x00005436       0x24 Periphery/CTimerD1.o
                0x00005436                _ZN8CTimerD116SetCOMPBCallbackEPFvPvES0_17TC_CCBINTLVL_enum
 .text._ZN8CTimerD1C2Ev
                0x0000545a       0x18 Periphery/CTimerD1.o
                0x0000545a                _ZN8CTimerD1C2Ev
                0x0000545a                _ZN8CTimerD1C1Ev
 .text._ZN8CTimerD1D2Ev
                0x00005472       0x10 Periphery/CTimerD1.o
                0x00005472                _ZN8CTimerD1D2Ev
                0x00005472                _ZN8CTimerD1D1Ev
 .text._ZN7CTimerF10InitializeE27TIMER_WAVEFORMGEN_MODE_ENUM22TIMER_CLOCKSELECT_ENUM
                0x00005482       0x36 Periphery/CTimerF.o
                0x00005482                _ZN7CTimerF10InitializeE27TIMER_WAVEFORMGEN_MODE_ENUM22TIMER_CLOCKSELECT_ENUM
 .text._ZN7CTimerF5StartEj
                0x000054b8       0x1a Periphery/CTimerF.o
                0x000054b8                _ZN7CTimerF5StartEj
 .text._ZN7CTimerF4StopEv
                0x000054d2       0x10 Periphery/CTimerF.o
                0x000054d2                _ZN7CTimerF4StopEv
 .text._ZN7CTimerF13EnableChannelE19TIMER_CHANNELS_ENUM
                0x000054e2        0xc Periphery/CTimerF.o
                0x000054e2                _ZN7CTimerF13EnableChannelE19TIMER_CHANNELS_ENUM
 .text._ZN7CTimerF14DisableChannelE19TIMER_CHANNELS_ENUM
                0x000054ee        0xe Periphery/CTimerF.o
                0x000054ee                _ZN7CTimerF14DisableChannelE19TIMER_CHANNELS_ENUM
 .text._ZN7CTimerF10ChannelSetE19TIMER_CHANNELS_ENUM
                0x000054fc       0x10 Periphery/CTimerF.o
                0x000054fc                _ZN7CTimerF10ChannelSetE19TIMER_CHANNELS_ENUM
 .text._ZN7CTimerF12ChannelResetE19TIMER_CHANNELS_ENUM
                0x0000550c       0x12 Periphery/CTimerF.o
                0x0000550c                _ZN7CTimerF12ChannelResetE19TIMER_CHANNELS_ENUM
 .text._ZN7CTimerF9SetPeriodEj
                0x0000551e        0xa Periphery/CTimerF.o
                0x0000551e                _ZN7CTimerF9SetPeriodEj
 .text._ZN7CTimerF8SetCOMPAEj
                0x00005528        0xa Periphery/CTimerF.o
                0x00005528                _ZN7CTimerF8SetCOMPAEj
 .text._ZN7CTimerF8SetCOMPBEj
                0x00005532        0xa Periphery/CTimerF.o
                0x00005532                _ZN7CTimerF8SetCOMPBEj
 .text._ZN7CTimerF8SetCOMPCEj
                0x0000553c        0xa Periphery/CTimerF.o
                0x0000553c                _ZN7CTimerF8SetCOMPCEj
 .text._ZN7CTimerF8SetCOMPDEj
                0x00005546        0xa Periphery/CTimerF.o
                0x00005546                _ZN7CTimerF8SetCOMPDEj
 .text._ZN7CTimerF14SetOVFCallbackEPFvPvES0_17TC_OVFINTLVL_enum
                0x00005550       0x24 Periphery/CTimerF.o
                0x00005550                _ZN7CTimerF14SetOVFCallbackEPFvPvES0_17TC_OVFINTLVL_enum
 .text._ZN7CTimerF14SetERRCallbackEPFvPvES0_17TC_ERRINTLVL_enum
                0x00005574       0x24 Periphery/CTimerF.o
                0x00005574                _ZN7CTimerF14SetERRCallbackEPFvPvES0_17TC_ERRINTLVL_enum
 .text._ZN7CTimerF16SetCOMPACallbackEPFvPvES0_17TC_CCAINTLVL_enum
                0x00005598       0x24 Periphery/CTimerF.o
                0x00005598                _ZN7CTimerF16SetCOMPACallbackEPFvPvES0_17TC_CCAINTLVL_enum
 .text._ZN7CTimerF16SetCOMPBCallbackEPFvPvES0_17TC_CCBINTLVL_enum
                0x000055bc       0x24 Periphery/CTimerF.o
                0x000055bc                _ZN7CTimerF16SetCOMPBCallbackEPFvPvES0_17TC_CCBINTLVL_enum
 .text._ZN7CTimerF16SetCOMPCCallbackEPFvPvES0_17TC_CCCINTLVL_enum
                0x000055e0       0x24 Periphery/CTimerF.o
                0x000055e0                _ZN7CTimerF16SetCOMPCCallbackEPFvPvES0_17TC_CCCINTLVL_enum
 .text._ZN7CTimerF16SetCOMPDCallbackEPFvPvES0_17TC_CCDINTLVL_enum
                0x00005604       0x24 Periphery/CTimerF.o
                0x00005604                _ZN7CTimerF16SetCOMPDCallbackEPFvPvES0_17TC_CCDINTLVL_enum
 .text._ZN7CTimerFC2Ev
                0x00005628       0x18 Periphery/CTimerF.o
                0x00005628                _ZN7CTimerFC2Ev
                0x00005628                _ZN7CTimerFC1Ev
 .text._ZN7CTimerFD2Ev
                0x00005640       0x10 Periphery/CTimerF.o
                0x00005640                _ZN7CTimerFD2Ev
                0x00005640                _ZN7CTimerFD1Ev
 .text.avr-libc.fplib
                0x00005650        0xe c:/program files (x86)/atmel/studio/7.0/toolchain/avr8/avr8-gnu-toolchain/bin/../lib/gcc/avr/4.9.2/../../../../avr/lib/avrxmega6\libm.a(fixsfsi.o)
                0x00005650                __fixsfsi
 .text.avr-libc.fplib
                0x0000565e       0x5e c:/program files (x86)/atmel/studio/7.0/toolchain/avr8/avr8-gnu-toolchain/bin/../lib/gcc/avr/4.9.2/../../../../avr/lib/avrxmega6\libm.a(fixunssfsi.o)
                0x0000565e                __fixunssfsi
 .text.avr-libc.fplib
                0x000056bc       0x7a c:/program files (x86)/atmel/studio/7.0/toolchain/avr8/avr8-gnu-toolchain/bin/../lib/gcc/avr/4.9.2/../../../../avr/lib/avrxmega6\libm.a(floatsisf.o)
                0x000056bc                __floatunsisf
                0x000056c0                __floatsisf
 .text.avr-libc.fplib
                0x00005736       0x44 c:/program files (x86)/atmel/studio/7.0/toolchain/avr8/avr8-gnu-toolchain/bin/../lib/gcc/avr/4.9.2/../../../../avr/lib/avrxmega6\libm.a(fp_split3.o)
                0x00005736                __fp_split3
                0x00005746                __fp_splitA
 .text.avr-libc.fplib
                0x0000577a        0xe c:/program files (x86)/atmel/studio/7.0/toolchain/avr8/avr8-gnu-toolchain/bin/../lib/gcc/avr/4.9.2/../../../../avr/lib/avrxmega6\libm.a(fp_zero.o)
                0x0000577a                __fp_zero
                0x0000577c                __fp_szero
 .text.avr-libc.fplib
                0x00005788        0x8 c:/program files (x86)/atmel/studio/7.0/toolchain/avr8/avr8-gnu-toolchain/bin/../lib/gcc/avr/4.9.2/../../../../avr/lib/avrxmega6\libm.a(mulsf3.o)
                0x00005788                __mulsf3
 .text.avr-libc.fplib
                0x00005790       0xd2 c:/program files (x86)/atmel/studio/7.0/toolchain/avr8/avr8-gnu-toolchain/bin/../lib/gcc/avr/4.9.2/../../../../avr/lib/avrxmega6\libm.a(mulsf3x.o)
                0x000057ae                __mulsf3x
                0x000057b4                __mulsf3_pse
 .text.avr-libc.fplib
                0x00005862        0xc c:/program files (x86)/atmel/studio/7.0/toolchain/avr8/avr8-gnu-toolchain/bin/../lib/gcc/avr/4.9.2/../../../../avr/lib/avrxmega6\libm.a(fp_inf.o)
                0x00005862                __fp_inf
 .text.avr-libc.fplib
                0x0000586e        0x6 c:/program files (x86)/atmel/studio/7.0/toolchain/avr8/avr8-gnu-toolchain/bin/../lib/gcc/avr/4.9.2/../../../../avr/lib/avrxmega6\libm.a(fp_nan.o)
                0x0000586e                __fp_nan
 .text.avr-libc.fplib
                0x00005874        0xe c:/program files (x86)/atmel/studio/7.0/toolchain/avr8/avr8-gnu-toolchain/bin/../lib/gcc/avr/4.9.2/../../../../avr/lib/avrxmega6\libm.a(fp_pscA.o)
                0x00005874                __fp_pscA
 .text.avr-libc.fplib
                0x00005882        0xe c:/program files (x86)/atmel/studio/7.0/toolchain/avr8/avr8-gnu-toolchain/bin/../lib/gcc/avr/4.9.2/../../../../avr/lib/avrxmega6\libm.a(fp_pscB.o)
                0x00005882                __fp_pscB
 .text.avr-libc.fplib
                0x00005890       0x22 c:/program files (x86)/atmel/studio/7.0/toolchain/avr8/avr8-gnu-toolchain/bin/../lib/gcc/avr/4.9.2/../../../../avr/lib/avrxmega6\libm.a(fp_round.o)
                0x00005890                __fp_round
 .text.libgcc.mul
                0x000058b2       0x20 c:/program files (x86)/atmel/studio/7.0/toolchain/avr8/avr8-gnu-toolchain/bin/../lib/gcc/avr/4.9.2/avrxmega6\libgcc.a(_mulsi3.o)
                0x000058b2                __mulsi3
 .text.libgcc.div
                0x000058d2       0x28 c:/program files (x86)/atmel/studio/7.0/toolchain/avr8/avr8-gnu-toolchain/bin/../lib/gcc/avr/4.9.2/avrxmega6\libgcc.a(_udivmodhi4.o)
                0x000058d2                __udivmodhi4
 .text.libgcc.div
                0x000058fa       0x44 c:/program files (x86)/atmel/studio/7.0/toolchain/avr8/avr8-gnu-toolchain/bin/../lib/gcc/avr/4.9.2/avrxmega6\libgcc.a(_udivmodsi4.o)
                0x000058fa                __udivmodsi4
 .text.libgcc.div
                0x0000593e       0x2e c:/program files (x86)/atmel/studio/7.0/toolchain/avr8/avr8-gnu-toolchain/bin/../lib/gcc/avr/4.9.2/avrxmega6\libgcc.a(_divmodsi4.o)
                0x0000593e                __divmodsi4
 .text.libgcc.div
                0x0000596c       0x10 c:/program files (x86)/atmel/studio/7.0/toolchain/avr8/avr8-gnu-toolchain/bin/../lib/gcc/avr/4.9.2/avrxmega6\libgcc.a(_negsi2.o)
                0x0000596c                __negsi2
 .text.libgcc   0x0000597c       0x10 c:/program files (x86)/atmel/studio/7.0/toolchain/avr8/avr8-gnu-toolchain/bin/../lib/gcc/avr/4.9.2/avrxmega6\libgcc.a(_tablejump2.o)
                0x0000597c                __tablejump2__
 .text.libgcc.mul
                0x0000598c       0x1e c:/program files (x86)/atmel/studio/7.0/toolchain/avr8/avr8-gnu-toolchain/bin/../lib/gcc/avr/4.9.2/avrxmega6\libgcc.a(_umulhisi3.o)
                0x0000598c                __umulhisi3
 .text.libgcc.mul
                0x000059aa       0x16 c:/program files (x86)/atmel/studio/7.0/toolchain/avr8/avr8-gnu-toolchain/bin/../lib/gcc/avr/4.9.2/avrxmega6\libgcc.a(_muluhisi3.o)
                0x000059aa                __muluhisi3
 .text.avr-libc
                0x000059c0      0x25a c:/program files (x86)/atmel/studio/7.0/toolchain/avr8/avr8-gnu-toolchain/bin/../lib/gcc/avr/4.9.2/../../../../avr/lib/avrxmega6\libc.a(malloc.o)
                0x000059c0                malloc
                0x00005aea                free
 .text.avr-libc
                0x00005c1a       0x12 c:/program files (x86)/atmel/studio/7.0/toolchain/avr8/avr8-gnu-toolchain/bin/../lib/gcc/avr/4.9.2/../../../../avr/lib/avrxmega6\libc.a(memcpy.o)
                0x00005c1a                memcpy
 .text.avr-libc
                0x00005c2c        0xe C:/Program Files (x86)/Atmel/Studio/7.0/Packs/atmel/XMEGAA_DFP/1.0.39/gcc/dev/atxmega128a3u/avrxmega6\libatxmega128a3u.a(eerd_dword.o)
                0x00005c2c                eeprom_read_float
                0x00005c2c                eeprom_read_dword
 .text.avr-libc
                0x00005c3a       0x10 C:/Program Files (x86)/Atmel/Studio/7.0/Packs/atmel/XMEGAA_DFP/1.0.39/gcc/dev/atxmega128a3u/avrxmega6\libatxmega128a3u.a(eewr_dword.o)
                0x00005c3a                eeprom_write_dword
                0x00005c3a                eeprom_write_float
 .text.avr-libc
                0x00005c4a        0xa C:/Program Files (x86)/Atmel/Studio/7.0/Packs/atmel/XMEGAA_DFP/1.0.39/gcc/dev/atxmega128a3u/avrxmega6\libatxmega128a3u.a(eewr_word.o)
                0x00005c4a                eeprom_write_word
 .text.avr-libc
                0x00005c54       0x20 C:/Program Files (x86)/Atmel/Studio/7.0/Packs/atmel/XMEGAA_DFP/1.0.39/gcc/dev/atxmega128a3u/avrxmega6\libatxmega128a3u.a(eerd_byte.o)
                0x00005c54                eeprom_read_byte
                0x00005c5c                eeprom_mapen
 .text.avr-libc
                0x00005c74       0x46 C:/Program Files (x86)/Atmel/Studio/7.0/Packs/atmel/XMEGAA_DFP/1.0.39/gcc/dev/atxmega128a3u/avrxmega6\libatxmega128a3u.a(eewr_byte.o)
                0x00005c74                eeprom_write_byte
                0x00005c76                eeprom_write_r18
                0x00005cba                . = ALIGN (0x2)
 *(.fini9)
 .fini9         0x00005cba        0x0 c:/program files (x86)/atmel/studio/7.0/toolchain/avr8/avr8-gnu-toolchain/bin/../lib/gcc/avr/4.9.2/avrxmega6\libgcc.a(_exit.o)
                0x00005cba                _exit
                0x00005cba                exit
 *(.fini9)
 *(.fini8)
 *(.fini8)
 *(.fini7)
 *(.fini7)
 *(.fini6)
 .fini6         0x00005cba       0x20 c:/program files (x86)/atmel/studio/7.0/toolchain/avr8/avr8-gnu-toolchain/bin/../lib/gcc/avr/4.9.2/avrxmega6\libgcc.a(_dtors.o)
                0x00005cba                __do_global_dtors
 *(.fini6)
 *(.fini5)
 *(.fini5)
 *(.fini4)
 *(.fini4)
 *(.fini3)
 *(.fini3)
 *(.fini2)
 *(.fini2)
 *(.fini1)
 *(.fini1)
 *(.fini0)
 .fini0         0x00005cda        0x4 c:/program files (x86)/atmel/studio/7.0/toolchain/avr8/avr8-gnu-toolchain/bin/../lib/gcc/avr/4.9.2/avrxmega6\libgcc.a(_exit.o)
 *(.fini0)
                0x00005cde                _etext = .

.data           0x00802000      0x19e load address 0x00005cde
                0x00802000                PROVIDE (__data_start, .)
 *(.data)
 .data          0x00802000        0x6 c:/program files (x86)/atmel/studio/7.0/toolchain/avr8/avr8-gnu-toolchain/bin/../lib/gcc/avr/4.9.2/../../../../avr/lib/avrxmega6\libc.a(malloc.o)
                0x00802000                __malloc_heap_end
                0x00802002                __malloc_heap_start
                0x00802004                __malloc_margin
 *(.data*)
 .data.bscale_table
                0x00802006       0x20 Periphery/CDGUSUSART.o
                0x00802006                bscale_table
 .data.bsel_table
                0x00802026       0x20 Periphery/CDGUSUSART.o
                0x00802026                bsel_table
 *(.rodata)
 .rodata        0x00802046        0xe main.o
 *(.rodata*)
 .rodata._ZTV16CLaserControlApp
                0x00802054       0x16 CLaserControlApp.o
                0x00802054                _ZTV16CLaserControlApp
 .rodata._ZTV6CTimer
                0x0080206a       0x24 LaserLib/CTimer.o
                0x0080206a                _ZTV6CTimer
 .rodata._ZTV7CTimer1
                0x0080208e       0x1e LaserLib/CTimer1.o
                0x0080208e                _ZTV7CTimer1
 .rodata._ZTV6CUSART
                0x008020ac       0x18 LaserLib/CUSART.o
                0x008020ac                _ZTV6CUSART
 .rodata._ZTV9CMBSender
                0x008020c4       0x16 MODBUS/CMBSender.o
                0x008020c4                _ZTV9CMBSender
 .rodata._ZTV10CDGUSUSART
                0x008020da       0x18 Periphery/CDGUSUSART.o
                0x008020da                _ZTV10CDGUSUSART
 .rodata._ZTV7CTimerC
                0x008020f2       0x24 Periphery/CTimerC.o
                0x008020f2                _ZTV7CTimerC
 .rodata._ZTV8CTimerC1
                0x00802116       0x1e Periphery/CTimerC1.o
                0x00802116                _ZTV8CTimerC1
 .rodata._ZTV7CTimerD
                0x00802134       0x24 Periphery/CTimerD.o
                0x00802134                _ZTV7CTimerD
 .rodata._ZTV8CTimerD1
                0x00802158       0x1e Periphery/CTimerD1.o
                0x00802158                _ZTV8CTimerD1
 .rodata._ZTV7CTimerF
                0x00802176       0x28 Periphery/CTimerF.o
                0x00802176                _ZTV7CTimerF
 *(.gnu.linkonce.d*)
                0x0080219e                . = ALIGN (0x2)
                0x0080219e                _edata = .
                0x0080219e                PROVIDE (__data_end, .)

.bss            0x0080219e      0x2f0
                0x0080219e                PROVIDE (__bss_start, .)
 *(.bss)
 *(.bss*)
 .bss._ZZN16CLaserControlApp3RunEvE3prs
                0x0080219e        0x2 CLaserControlApp.o
 .bss.DatabaseStatusRegister
                0x008021a0        0x1 CLaserControlApp.o
                0x008021a0                DatabaseStatusRegister
 .bss.laserTimer
                0x008021a1        0x3 CLaserControlApp.o
                0x008021a1                laserTimer
 .bss.timer     0x008021a4        0x3 CLaserControlApp.o
                0x008021a4                timer
 .bss.InterruptFuncTable
                0x008021a7       0xf6 LaserLib/intx128.o
                0x008021a7                InterruptFuncTable
 .bss.InterruptSenderTable
                0x0080229d       0xf6 LaserLib/intx128.o
                0x0080229d                InterruptSenderTable
 .bss.empty_record
                0x00802393       0x44 main.o
                0x00802393                empty_record
 .bss.temperature
                0x008023d7        0x2 main.o
                0x008023d7                temperature
 .bss.D18B20    0x008023d9        0x1 main.o
                0x008023d9                D18B20
 .bss.App       0x008023da       0x6f main.o
                0x008023da                App
 .bss.player    0x00802449        0x1 main.o
                0x00802449                player
 .bss.laserBoard
                0x0080244a        0xa main.o
                0x0080244a                laserBoard
 .bss.sender    0x00802454       0x1d main.o
                0x00802454                sender
 .bss.Database  0x00802471        0x8 main.o
                0x00802471                Database
 .bss.usart     0x00802479        0x2 main.o
                0x00802479                usart
 .bss.pwmtimer  0x0080247b        0x3 main.o
                0x0080247b                pwmtimer
 .bss.flowtimer
                0x0080247e        0x3 main.o
                0x0080247e                flowtimer
 .bss.timeout   0x00802481        0x3 main.o
                0x00802481                timeout
 .bss.dacSPI    0x00802484        0x6 main.o
                0x00802484                dacSPI
 *(COMMON)
 COMMON         0x0080248a        0x4 c:/program files (x86)/atmel/studio/7.0/toolchain/avr8/avr8-gnu-toolchain/bin/../lib/gcc/avr/4.9.2/../../../../avr/lib/avrxmega6\libc.a(malloc.o)
                0x0080248a                __brkval
                0x0080248c                __flp
                0x0080248e                PROVIDE (__bss_end, .)
                0x00005cde                __data_load_start = LOADADDR (.data)
                0x00005e7c                __data_load_end = (__data_load_start + SIZEOF (.data))

.noinit         0x0080248e        0x0
                [!provide]                PROVIDE (__noinit_start, .)
 *(.noinit*)
                [!provide]                PROVIDE (__noinit_end, .)
                0x0080248e                _end = .
                0x0080248e                PROVIDE (__heap_start, .)

.eeprom         0x00810000        0x0
 *(.eeprom*)
                0x00810000                __eeprom_end = .

.fuse
 *(.fuse)
 *(.lfuse)
 *(.hfuse)
 *(.efuse)

.lock
 *(.lock*)

.signature
 *(.signature*)

.user_signatures
 *(.user_signatures*)

.stab
 *(.stab)

.stabstr
 *(.stabstr)

.stab.excl
 *(.stab.excl)

.stab.exclstr
 *(.stab.exclstr)

.stab.index
 *(.stab.index)

.stab.indexstr
 *(.stab.indexstr)

.comment        0x00000000       0x30
 *(.comment)
 .comment       0x00000000       0x30 CDGUSDatabase.o
                                 0x31 (size before relaxing)
 .comment       0x00000030       0x31 CLaserControlApp.o
 .comment       0x00000030       0x31 DGUSGUI.o
 .comment       0x00000030       0x31 LaserLib/CSPI.o
 .comment       0x00000030       0x31 LaserLib/CTimer.o
 .comment       0x00000030       0x31 LaserLib/CTimer1.o
 .comment       0x00000030       0x31 LaserLib/CUSART.o
 .comment       0x00000030       0x31 LaserLib/intx128.o
 .comment       0x00000030       0x31 main.o
 .comment       0x00000030       0x31 MODBUS/CMBProtocol.o
 .comment       0x00000030       0x31 MODBUS/CMBSender.o
 .comment       0x00000030       0x31 Periphery/CDGUSUSART.o
 .comment       0x00000030       0x31 Periphery/CDS18B20.o
 .comment       0x00000030       0x31 Periphery/CLaserBoard.o
 .comment       0x00000030       0x31 Periphery/CSoundPlayer.o
 .comment       0x00000030       0x31 Periphery/CTimerC.o
 .comment       0x00000030       0x31 Periphery/CTimerC1.o
 .comment       0x00000030       0x31 Periphery/CTimerD.o
 .comment       0x00000030       0x31 Periphery/CTimerD1.o
 .comment       0x00000030       0x31 Periphery/CTimerF.o
 .comment       0x00000030       0x31 c:/program files (x86)/atmel/studio/7.0/toolchain/avr8/avr8-gnu-toolchain/bin/../lib/gcc/avr/4.9.2/../../../../avr/lib/avrxmega6\libc.a(malloc.o)

.note.gnu.avr.deviceinfo
                0x00000000       0x40
 .note.gnu.avr.deviceinfo
                0x00000000       0x40 C:/Program Files (x86)/Atmel/Studio/7.0/Packs/atmel/XMEGAA_DFP/1.0.39/gcc/dev/atxmega128a3u/avrxmega6/crtatxmega128a3u.o

.note.gnu.build-id
 *(.note.gnu.build-id)

.debug
 *(.debug)

.line
 *(.line)

.debug_srcinfo
 *(.debug_srcinfo)

.debug_sfnames
 *(.debug_sfnames)

.debug_aranges  0x00000000      0xc28
 *(.debug_aranges)
 .debug_aranges
                0x00000000       0x70 CDGUSDatabase.o
 .debug_aranges
                0x00000070       0xf0 CLaserControlApp.o
 .debug_aranges
                0x00000160       0x40 DGUSGUI.o
 .debug_aranges
                0x000001a0       0x58 LaserLib/CSPI.o
 .debug_aranges
                0x000001f8       0x28 LaserLib/CTimer.o
 .debug_aranges
                0x00000220       0x28 LaserLib/CTimer1.o
 .debug_aranges
                0x00000248       0x28 LaserLib/CUSART.o
 .debug_aranges
                0x00000270      0x348 LaserLib/intx128.o
 .debug_aranges
                0x000005b8       0x40 main.o
 .debug_aranges
                0x000005f8       0x50 MODBUS/CMBProtocol.o
 .debug_aranges
                0x00000648       0xf8 MODBUS/CMBSender.o
 .debug_aranges
                0x00000740       0x78 Periphery/CDGUSUSART.o
 .debug_aranges
                0x000007b8       0x50 Periphery/CDS18B20.o
 .debug_aranges
                0x00000808       0x98 Periphery/CLaserBoard.o
 .debug_aranges
                0x000008a0       0x60 Periphery/CSoundPlayer.o
 .debug_aranges
                0x00000900       0xa8 Periphery/CTimerC.o
 .debug_aranges
                0x000009a8       0x90 Periphery/CTimerC1.o
 .debug_aranges
                0x00000a38       0xa8 Periphery/CTimerD.o
 .debug_aranges
                0x00000ae0       0x90 Periphery/CTimerD1.o
 .debug_aranges
                0x00000b70       0xb8 Periphery/CTimerF.o

.debug_pubnames
 *(.debug_pubnames)

.debug_info     0x00000000    0x13ee3
 *(.debug_info .gnu.linkonce.wi.*)
 .debug_info    0x00000000      0x9f5 CDGUSDatabase.o
 .debug_info    0x000009f5     0x37e1 CLaserControlApp.o
 .debug_info    0x000041d6      0x20f DGUSGUI.o
 .debug_info    0x000043e5      0x7ee LaserLib/CSPI.o
 .debug_info    0x00004bd3      0x6a3 LaserLib/CTimer.o
 .debug_info    0x00005276      0x5a8 LaserLib/CTimer1.o
 .debug_info    0x0000581e      0x606 LaserLib/CUSART.o
 .debug_info    0x00005e24      0x91e LaserLib/intx128.o
 .debug_info    0x00006742     0x1d7f main.o
 .debug_info    0x000084c1      0x595 MODBUS/CMBProtocol.o
 .debug_info    0x00008a56     0x12e6 MODBUS/CMBSender.o
 .debug_info    0x00009d3c     0x1095 Periphery/CDGUSUSART.o
 .debug_info    0x0000add1      0x939 Periphery/CDS18B20.o
 .debug_info    0x0000b70a      0xd5c Periphery/CLaserBoard.o
 .debug_info    0x0000c466     0x139d Periphery/CSoundPlayer.o
 .debug_info    0x0000d803     0x15ac Periphery/CTimerC.o
 .debug_info    0x0000edaf     0x128d Periphery/CTimerC1.o
 .debug_info    0x0001003c     0x15ac Periphery/CTimerD.o
 .debug_info    0x000115e8     0x128d Periphery/CTimerD1.o
 .debug_info    0x00012875     0x166e Periphery/CTimerF.o

.debug_abbrev   0x00000000     0x345b
 *(.debug_abbrev)
 .debug_abbrev  0x00000000      0x2ce CDGUSDatabase.o
 .debug_abbrev  0x000002ce      0x5fd CLaserControlApp.o
 .debug_abbrev  0x000008cb      0x10d DGUSGUI.o
 .debug_abbrev  0x000009d8      0x2a7 LaserLib/CSPI.o
 .debug_abbrev  0x00000c7f      0x182 LaserLib/CTimer.o
 .debug_abbrev  0x00000e01      0x182 LaserLib/CTimer1.o
 .debug_abbrev  0x00000f83      0x1ed LaserLib/CUSART.o
 .debug_abbrev  0x00001170       0x83 LaserLib/intx128.o
 .debug_abbrev  0x000011f3      0x420 main.o
 .debug_abbrev  0x00001613      0x212 MODBUS/CMBProtocol.o
 .debug_abbrev  0x00001825      0x39b MODBUS/CMBSender.o
 .debug_abbrev  0x00001bc0      0x2d9 Periphery/CDGUSUSART.o
 .debug_abbrev  0x00001e99      0x2e5 Periphery/CDS18B20.o
 .debug_abbrev  0x0000217e      0x2e8 Periphery/CLaserBoard.o
 .debug_abbrev  0x00002466      0x2b9 Periphery/CSoundPlayer.o
 .debug_abbrev  0x0000271f      0x29c Periphery/CTimerC.o
 .debug_abbrev  0x000029bb      0x2b4 Periphery/CTimerC1.o
 .debug_abbrev  0x00002c6f      0x29c Periphery/CTimerD.o
 .debug_abbrev  0x00002f0b      0x2b4 Periphery/CTimerD1.o
 .debug_abbrev  0x000031bf      0x29c Periphery/CTimerF.o

.debug_line     0x00000000     0x5700
 *(.debug_line .debug_line.* .debug_line_end)
 .debug_line    0x00000000      0x34e CDGUSDatabase.o
 .debug_line    0x0000034e      0xbaa CLaserControlApp.o
 .debug_line    0x00000ef8      0x11e DGUSGUI.o
 .debug_line    0x00001016      0x2ec LaserLib/CSPI.o
 .debug_line    0x00001302      0x14b LaserLib/CTimer.o
 .debug_line    0x0000144d      0x14d LaserLib/CTimer1.o
 .debug_line    0x0000159a      0x13d LaserLib/CUSART.o
 .debug_line    0x000016d7     0x100e LaserLib/intx128.o
 .debug_line    0x000026e5      0x4e1 main.o
 .debug_line    0x00002bc6      0x2c7 MODBUS/CMBProtocol.o
 .debug_line    0x00002e8d      0x797 MODBUS/CMBSender.o
 .debug_line    0x00003624      0x33b Periphery/CDGUSUSART.o
 .debug_line    0x0000395f      0x367 Periphery/CDS18B20.o
 .debug_line    0x00003cc6      0x515 Periphery/CLaserBoard.o
 .debug_line    0x000041db      0x338 Periphery/CSoundPlayer.o
 .debug_line    0x00004513      0x3b3 Periphery/CTimerC.o
 .debug_line    0x000048c6      0x353 Periphery/CTimerC1.o
 .debug_line    0x00004c19      0x3b3 Periphery/CTimerD.o
 .debug_line    0x00004fcc      0x353 Periphery/CTimerD1.o
 .debug_line    0x0000531f      0x3e1 Periphery/CTimerF.o

.debug_frame    0x00000000     0x37fc
 *(.debug_frame)
 .debug_frame   0x00000000      0x218 CDGUSDatabase.o
 .debug_frame   0x00000218      0x328 CLaserControlApp.o
 .debug_frame   0x00000540       0x8c DGUSGUI.o
 .debug_frame   0x000005cc       0xbc LaserLib/CSPI.o
 .debug_frame   0x00000688       0x34 LaserLib/CTimer.o
 .debug_frame   0x000006bc       0x34 LaserLib/CTimer1.o
 .debug_frame   0x000006f0       0x34 LaserLib/CUSART.o
 .debug_frame   0x00000724     0x2324 LaserLib/intx128.o
 .debug_frame   0x00002a48       0x94 main.o
 .debug_frame   0x00002adc       0xc4 MODBUS/CMBProtocol.o
 .debug_frame   0x00002ba0      0x2dc MODBUS/CMBSender.o
 .debug_frame   0x00002e7c       0xe8 Periphery/CDGUSUSART.o
 .debug_frame   0x00002f64       0xa0 Periphery/CDS18B20.o
 .debug_frame   0x00003004      0x120 Periphery/CLaserBoard.o
 .debug_frame   0x00003124       0xd8 Periphery/CSoundPlayer.o
 .debug_frame   0x000031fc      0x140 Periphery/CTimerC.o
 .debug_frame   0x0000333c      0x110 Periphery/CTimerC1.o
 .debug_frame   0x0000344c      0x140 Periphery/CTimerD.o
 .debug_frame   0x0000358c      0x110 Periphery/CTimerD1.o
 .debug_frame   0x0000369c      0x160 Periphery/CTimerF.o

.debug_str      0x00000000     0x6c64
 *(.debug_str)
 .debug_str     0x00000000      0x5d8 CDGUSDatabase.o
                                0x667 (size before relaxing)
 .debug_str     0x000005d8     0x1937 CLaserControlApp.o
                               0x2084 (size before relaxing)
 .debug_str     0x00001f0f       0x36 DGUSGUI.o
                                0x241 (size before relaxing)
 .debug_str     0x00001f45      0x1b5 LaserLib/CSPI.o
                                0x709 (size before relaxing)
 .debug_str     0x000020fa      0x4cb LaserLib/CTimer.o
                                0xa34 (size before relaxing)
 .debug_str     0x000025c5      0x269 LaserLib/CTimer1.o
                                0x8ae (size before relaxing)
 .debug_str     0x0000282e      0x56b LaserLib/CUSART.o
                                0x7a6 (size before relaxing)
 .debug_str     0x00002d99      0x4e2 LaserLib/intx128.o
                                0x6b1 (size before relaxing)
 .debug_str     0x0000327b     0x10ca main.o
                               0x22d6 (size before relaxing)
 .debug_str     0x00004345      0x289 MODBUS/CMBProtocol.o
                                0x4e1 (size before relaxing)
 .debug_str     0x000045ce      0x608 MODBUS/CMBSender.o
                                0xb32 (size before relaxing)
 .debug_str     0x00004bd6      0xcd4 Periphery/CDGUSUSART.o
                               0x165f (size before relaxing)
 .debug_str     0x000058aa       0x4b Periphery/CDS18B20.o
                                0x4cc (size before relaxing)
 .debug_str     0x000058f5      0x5b5 Periphery/CLaserBoard.o
                                0xc0f (size before relaxing)
 .debug_str     0x00005eaa      0x3ab Periphery/CSoundPlayer.o
                                0xc16 (size before relaxing)
 .debug_str     0x00006255      0x263 Periphery/CTimerC.o
                               0x128b (size before relaxing)
 .debug_str     0x000064b8      0x1db Periphery/CTimerC1.o
                               0x113a (size before relaxing)
 .debug_str     0x00006693      0x286 Periphery/CTimerD.o
                               0x128b (size before relaxing)
 .debug_str     0x00006919      0x149 Periphery/CTimerD1.o
                               0x113a (size before relaxing)
 .debug_str     0x00006a62      0x202 Periphery/CTimerF.o
                               0x1301 (size before relaxing)

.debug_loc      0x00000000     0x9eec
 *(.debug_loc)
 .debug_loc     0x00000000      0x8cf CDGUSDatabase.o
 .debug_loc     0x000008cf      0xebe CLaserControlApp.o
 .debug_loc     0x0000178d      0x2ad DGUSGUI.o
 .debug_loc     0x00001a3a      0x276 LaserLib/CSPI.o
 .debug_loc     0x00001cb0     0x50e2 LaserLib/intx128.o
 .debug_loc     0x00006d92       0xaa main.o
 .debug_loc     0x00006e3c      0x356 MODBUS/CMBProtocol.o
 .debug_loc     0x00007192      0xf2e MODBUS/CMBSender.o
 .debug_loc     0x000080c0      0x210 Periphery/CDGUSUSART.o
 .debug_loc     0x000082d0      0x3ce Periphery/CDS18B20.o
 .debug_loc     0x0000869e      0x44e Periphery/CLaserBoard.o
 .debug_loc     0x00008aec      0x344 Periphery/CSoundPlayer.o
 .debug_loc     0x00008e30      0x366 Periphery/CTimerC.o
 .debug_loc     0x00009196      0x2fe Periphery/CTimerC1.o
 .debug_loc     0x00009494      0x366 Periphery/CTimerD.o
 .debug_loc     0x000097fa      0x2fe Periphery/CTimerD1.o
 .debug_loc     0x00009af8      0x3f4 Periphery/CTimerF.o

.debug_macinfo
 *(.debug_macinfo)

.debug_weaknames
 *(.debug_weaknames)

.debug_funcnames
 *(.debug_funcnames)

.debug_typenames
 *(.debug_typenames)

.debug_varnames
 *(.debug_varnames)

.debug_pubtypes
 *(.debug_pubtypes)

.debug_ranges   0x00000000      0xb00
 *(.debug_ranges)
 .debug_ranges  0x00000000       0x60 CDGUSDatabase.o
 .debug_ranges  0x00000060       0xe0 CLaserControlApp.o
 .debug_ranges  0x00000140       0x30 DGUSGUI.o
 .debug_ranges  0x00000170       0x48 LaserLib/CSPI.o
 .debug_ranges  0x000001b8       0x18 LaserLib/CTimer.o
 .debug_ranges  0x000001d0       0x18 LaserLib/CTimer1.o
 .debug_ranges  0x000001e8       0x18 LaserLib/CUSART.o
 .debug_ranges  0x00000200      0x338 LaserLib/intx128.o
 .debug_ranges  0x00000538       0x48 main.o
 .debug_ranges  0x00000580       0x40 MODBUS/CMBProtocol.o
 .debug_ranges  0x000005c0       0xe8 MODBUS/CMBSender.o
 .debug_ranges  0x000006a8       0x68 Periphery/CDGUSUSART.o
 .debug_ranges  0x00000710       0x40 Periphery/CDS18B20.o
 .debug_ranges  0x00000750       0x88 Periphery/CLaserBoard.o
 .debug_ranges  0x000007d8       0x50 Periphery/CSoundPlayer.o
 .debug_ranges  0x00000828       0x98 Periphery/CTimerC.o
 .debug_ranges  0x000008c0       0x80 Periphery/CTimerC1.o
 .debug_ranges  0x00000940       0x98 Periphery/CTimerD.o
 .debug_ranges  0x000009d8       0x80 Periphery/CTimerD1.o
 .debug_ranges  0x00000a58       0xa8 Periphery/CTimerF.o

.debug_macro
 *(.debug_macro)
OUTPUT(ATxmegaLaserDiode.elf elf32-avr)
LOAD linker stubs
