Archive member included to satisfy reference by file (symbol)

c:/program files (x86)/atmel/studio/7.0/toolchain/avr8/avr8-gnu-toolchain/bin/../lib/gcc/avr/4.9.2/../../../../avr/lib/avrxmega6\libm.a(fixsfsi.o)
                              Periphery/CDS18B20.o (__fixsfsi)
c:/program files (x86)/atmel/studio/7.0/toolchain/avr8/avr8-gnu-toolchain/bin/../lib/gcc/avr/4.9.2/../../../../avr/lib/avrxmega6\libm.a(fixunssfsi.o)
                              c:/program files (x86)/atmel/studio/7.0/toolchain/avr8/avr8-gnu-toolchain/bin/../lib/gcc/avr/4.9.2/../../../../avr/lib/avrxmega6\libm.a(fixsfsi.o) (__fixunssfsi)
c:/program files (x86)/atmel/studio/7.0/toolchain/avr8/avr8-gnu-toolchain/bin/../lib/gcc/avr/4.9.2/../../../../avr/lib/avrxmega6\libm.a(floatsisf.o)
                              Periphery/CDS18B20.o (__floatsisf)
c:/program files (x86)/atmel/studio/7.0/toolchain/avr8/avr8-gnu-toolchain/bin/../lib/gcc/avr/4.9.2/../../../../avr/lib/avrxmega6\libm.a(fp_split3.o)
                              c:/program files (x86)/atmel/studio/7.0/toolchain/avr8/avr8-gnu-toolchain/bin/../lib/gcc/avr/4.9.2/../../../../avr/lib/avrxmega6\libm.a(fixunssfsi.o) (__fp_splitA)
c:/program files (x86)/atmel/studio/7.0/toolchain/avr8/avr8-gnu-toolchain/bin/../lib/gcc/avr/4.9.2/../../../../avr/lib/avrxmega6\libm.a(fp_zero.o)
                              c:/program files (x86)/atmel/studio/7.0/toolchain/avr8/avr8-gnu-toolchain/bin/../lib/gcc/avr/4.9.2/../../../../avr/lib/avrxmega6\libm.a(fixunssfsi.o) (__fp_zero)
c:/program files (x86)/atmel/studio/7.0/toolchain/avr8/avr8-gnu-toolchain/bin/../lib/gcc/avr/4.9.2/../../../../avr/lib/avrxmega6\libm.a(mulsf3.o)
                              Periphery/CDS18B20.o (__mulsf3)
c:/program files (x86)/atmel/studio/7.0/toolchain/avr8/avr8-gnu-toolchain/bin/../lib/gcc/avr/4.9.2/../../../../avr/lib/avrxmega6\libm.a(mulsf3x.o)
                              c:/program files (x86)/atmel/studio/7.0/toolchain/avr8/avr8-gnu-toolchain/bin/../lib/gcc/avr/4.9.2/../../../../avr/lib/avrxmega6\libm.a(mulsf3.o) (__mulsf3x)
c:/program files (x86)/atmel/studio/7.0/toolchain/avr8/avr8-gnu-toolchain/bin/../lib/gcc/avr/4.9.2/../../../../avr/lib/avrxmega6\libm.a(fp_inf.o)
                              c:/program files (x86)/atmel/studio/7.0/toolchain/avr8/avr8-gnu-toolchain/bin/../lib/gcc/avr/4.9.2/../../../../avr/lib/avrxmega6\libm.a(mulsf3x.o) (__fp_inf)
c:/program files (x86)/atmel/studio/7.0/toolchain/avr8/avr8-gnu-toolchain/bin/../lib/gcc/avr/4.9.2/../../../../avr/lib/avrxmega6\libm.a(fp_nan.o)
                              c:/program files (x86)/atmel/studio/7.0/toolchain/avr8/avr8-gnu-toolchain/bin/../lib/gcc/avr/4.9.2/../../../../avr/lib/avrxmega6\libm.a(mulsf3x.o) (__fp_nan)
c:/program files (x86)/atmel/studio/7.0/toolchain/avr8/avr8-gnu-toolchain/bin/../lib/gcc/avr/4.9.2/../../../../avr/lib/avrxmega6\libm.a(fp_pscA.o)
                              c:/program files (x86)/atmel/studio/7.0/toolchain/avr8/avr8-gnu-toolchain/bin/../lib/gcc/avr/4.9.2/../../../../avr/lib/avrxmega6\libm.a(mulsf3x.o) (__fp_pscA)
c:/program files (x86)/atmel/studio/7.0/toolchain/avr8/avr8-gnu-toolchain/bin/../lib/gcc/avr/4.9.2/../../../../avr/lib/avrxmega6\libm.a(fp_pscB.o)
                              c:/program files (x86)/atmel/studio/7.0/toolchain/avr8/avr8-gnu-toolchain/bin/../lib/gcc/avr/4.9.2/../../../../avr/lib/avrxmega6\libm.a(mulsf3x.o) (__fp_pscB)
c:/program files (x86)/atmel/studio/7.0/toolchain/avr8/avr8-gnu-toolchain/bin/../lib/gcc/avr/4.9.2/../../../../avr/lib/avrxmega6\libm.a(fp_round.o)
                              c:/program files (x86)/atmel/studio/7.0/toolchain/avr8/avr8-gnu-toolchain/bin/../lib/gcc/avr/4.9.2/../../../../avr/lib/avrxmega6\libm.a(mulsf3.o) (__fp_round)
c:/program files (x86)/atmel/studio/7.0/toolchain/avr8/avr8-gnu-toolchain/bin/../lib/gcc/avr/4.9.2/avrxmega6\libgcc.a(_udivmodhi4.o)
                              CLaserControlApp.o (__udivmodhi4)
c:/program files (x86)/atmel/studio/7.0/toolchain/avr8/avr8-gnu-toolchain/bin/../lib/gcc/avr/4.9.2/avrxmega6\libgcc.a(_divmodhi4.o)
                              CLaserControlApp.o (__divmodhi4)
c:/program files (x86)/atmel/studio/7.0/toolchain/avr8/avr8-gnu-toolchain/bin/../lib/gcc/avr/4.9.2/avrxmega6\libgcc.a(_udivmodsi4.o)
                              CLaserControlApp.o (__udivmodsi4)
c:/program files (x86)/atmel/studio/7.0/toolchain/avr8/avr8-gnu-toolchain/bin/../lib/gcc/avr/4.9.2/avrxmega6\libgcc.a(_divmodsi4.o)
                              Periphery/CSoundPlayer.o (__divmodsi4)
c:/program files (x86)/atmel/studio/7.0/toolchain/avr8/avr8-gnu-toolchain/bin/../lib/gcc/avr/4.9.2/avrxmega6\libgcc.a(_negsi2.o)
                              c:/program files (x86)/atmel/studio/7.0/toolchain/avr8/avr8-gnu-toolchain/bin/../lib/gcc/avr/4.9.2/avrxmega6\libgcc.a(_divmodsi4.o) (__negsi2)
c:/program files (x86)/atmel/studio/7.0/toolchain/avr8/avr8-gnu-toolchain/bin/../lib/gcc/avr/4.9.2/avrxmega6\libgcc.a(_exit.o)
[...]
Memory Configuration

Name             Origin             Length             Attributes
text             0x00000000         0x00100000         xr
data             0x00802000         0x0000ffa0         rw !x
eeprom           0x00810000         0x00010000         rw !x
fuse             0x00820000         0x00000006         rw !x
lock             0x00830000         0x00000400         rw !x
signature        0x00840000         0x00000400         rw !x
user_signatures  0x00850000         0x00000400         rw !x
*default*        0x00000000         0xffffffff

Linker script and memory map

LOAD c:/program files (x86)/atmel/studio/7.0/toolchain/avr8/avr8-gnu-toolchain/bin/../lib/gcc/avr/4.9.2/../../../../avr/lib/avrxmega6/crtatxmega128a3u.o
LOAD CDGUSDatabase.o
LOAD CLaserControlApp.o
LOAD DGUSGUI.o
LOAD LaserLib/CSPI.o
LOAD LaserLib/CTimer.o
LOAD LaserLib/CTimer1.o
LOAD LaserLib/CUSART.o
LOAD LaserLib/intx128.o
LOAD main.o
LOAD MODBUS/CMBProtocol.o
LOAD MODBUS/CMBSender.o
LOAD Periphery/CDGUSUSART.o
LOAD Periphery/CDS18B20.o
LOAD Periphery/CLaserBoard.o
LOAD Periphery/CSoundPlayer.o
LOAD Periphery/CTimerC.o
LOAD Periphery/CTimerC1.o
LOAD Periphery/CTimerD.o
LOAD Periphery/CTimerD1.o
LOAD Periphery/CTimerF.o
START GROUP
LOAD c:/program files (x86)/atmel/studio/7.0/toolchain/avr8/avr8-gnu-toolchain/bin/../lib/gcc/avr/4.9.2/../../../../avr/lib/avrxmega6\libm.a
END GROUP
LOAD c:/program files (x86)/atmel/studio/7.0/toolchain/avr8/avr8-gnu-toolchain/bin/../lib/gcc/avr/4.9.2/avrxmega6\libgcc.a
LOAD c:/program files (x86)/atmel/studio/7.0/toolchain/avr8/avr8-gnu-toolchain/bin/../lib/gcc/avr/4.9.2/../../../../avr/lib/avrxmega6\libm.a
START GROUP
LOAD c:/program files (x86)/atmel/studio/7.0/toolchain/avr8/avr8-gnu-toolchain/bin/../lib/gcc/avr/4.9.2/avrxmega6\libgcc.a
LOAD c:/program files (x86)/atmel/studio/7.0/toolchain/avr8/avr8-gnu-toolchain/bin/../lib/gcc/avr/4.9.2/../../../../avr/lib/avrxmega6\libm.a
LOAD c:/program files (x86)/atmel/studio/7.0/toolchain/avr8/avr8-gnu-toolchain/bin/../lib/gcc/avr/4.9.2/../../../../avr/lib/avrxmega6\libc.a
LOAD c:/program files (x86)/atmel/studio/7.0/toolchain/avr8/avr8-gnu-toolchain/bin/../lib/gcc/avr/4.9.2/../../../../avr/lib/avrxmega6\libatxmega128a3u.a
END GROUP
                0x00100000                __TEXT_REGION_LENGTH__ = DEFINED (__TEXT_REGION_LENGTH__)?__TEXT_REGION_LENGTH__:0x100000
                0x0000ffa0                __DATA_REGION_LENGTH__ = DEFINED (__DATA_REGION_LENGTH__)?__DATA_REGION_LENGTH__:0xffa0
                0x00010000                __EEPROM_REGION_LENGTH__ = DEFINED (__EEPROM_REGION_LENGTH__)?__EEPROM_REGION_LENGTH__:0x10000
                [0x00000006]                __FUSE_REGION_LENGTH__ = DEFINED (__FUSE_REGION_LENGTH__)?__FUSE_REGION_LENGTH__:0x400
                0x00000400                __LOCK_REGION_LENGTH__ = DEFINED (__LOCK_REGION_LENGTH__)?__LOCK_REGION_LENGTH__:0x400
                0x00000400                __SIGNATURE_REGION_LENGTH__ = DEFINED (__SIGNATURE_REGION_LENGTH__)?__SIGNATURE_REGION_LENGTH__:0x400
                0x00000400                __USER_SIGNATURE_REGION_LENGTH__ = DEFINED (__USER_SIGNATURE_REGION_LENGTH__)?__USER_SIGNATURE_REGION_LENGTH__:0x400

.hash
 *(.hash)

.dynsym
 *(.dynsym)

.dynstr
 *(.dynstr)

.gnu.version
 *(.gnu.version)

.gnu.version_d
 *(.gnu.version_d)

.gnu.version_r
 *(.gnu.version_r)

.rel.init
 *(.rel.init)

.rela.init
 *(.rela.init)

.rel.text
 *(.rel.text)
 *(.rel.text.*)
 *(.rel.gnu.linkonce.t*)

.rela.text
 *(.rela.text)
 *(.rela.text.*)
 *(.rela.gnu.linkonce.t*)

.rel.fini
 *(.rel.fini)

.rela.fini
 *(.rela.fini)

.rel.rodata
 *(.rel.rodata)
 *(.rel.rodata.*)
 *(.rel.gnu.linkonce.r*)

.rela.rodata
 *(.rela.rodata)
 *(.rela.rodata.*)
 *(.rela.gnu.linkonce.r*)

.rel.data
 *(.rel.data)
 *(.rel.data.*)
 *(.rel.gnu.linkonce.d*)

.rela.data
 *(.rela.data)
 *(.rela.data.*)
 *(.rela.gnu.linkonce.d*)

.rel.ctors
 *(.rel.ctors)

.rela.ctors
 *(.rela.ctors)

.rel.dtors
 *(.rel.dtors)

.rela.dtors
 *(.rela.dtors)

.rel.got
 *(.rel.got)

.rela.got
 *(.rela.got)

.rel.bss
 *(.rel.bss)

.rela.bss
 *(.rela.bss)

.rel.plt
 *(.rel.plt)

.rela.plt
 *(.rela.plt)

.text           0x00000000     0x7dce
 *(.vectors)
 .vectors       0x00000000      0x1fc c:/program files (x86)/atmel/studio/7.0/toolchain/avr8/avr8-gnu-toolchain/bin/../lib/gcc/avr/4.9.2/../../../../avr/lib/avrxmega6/crtatxmega128a3u.o
                0x00000000                __vector_default
                0x00000000                __vectors
 *(.vectors)
 *(.progmem.gcc*)
 .progmem.gcc_sw_table._ZN16CLaserControlApp18OnRegisterReceivedEhPhh
                0x000001fc       0x60 CLaserControlApp.o
 .progmem.gcc_sw_table._ZN16CLaserControlApp18OnVariableReceivedEjPjj
                0x0000025c       0x24 CLaserControlApp.o
 .progmem.gcc_sw_table._ZN9CMBSender13OnReceiveByteEh
                0x00000280       0x16 MODBUS/CMBSender.o
                0x00000296                . = ALIGN (0x2)
                0x00000296                __trampolines_start = .
 *(.trampolines)
 .trampolines   0x00000296      0x280 linker stubs
 *(.trampolines*)
                0x00000516                __trampolines_end = .
 *libprintf_flt.a:*(.progmem.data)
 *libc.a:*(.progmem.data)
 *(.progmem*)
                0x00000516                . = ALIGN (0x2)
 *(.jumptables)
 *(.jumptables*)
 *(.lowtext)
 *(.lowtext*)
                0x00000516                __ctors_start = .
 *(.ctors)
 .ctors         0x00000516        0x2 main.o
                0x00000518                __ctors_end = .
                0x00000518                __dtors_start = .
 *(.dtors)
 .dtors         0x00000518        0x2 main.o
                0x0000051a                __dtors_end = .
 SORT(*)(.ctors)
 SORT(*)(.dtors)
 *(.init0)
 .init0         0x0000051a        0x0 c:/program files (x86)/atmel/studio/7.0/toolchain/avr8/avr8-gnu-toolchain/bin/../lib/gcc/avr/4.9.2/../../../../avr/lib/avrxmega6/crtatxmega128a3u.o
                0x0000051a                __init
 *(.init0)
 *(.init1)
 *(.init1)
 *(.init2)
 .init2         0x0000051a       0x10 c:/program files (x86)/atmel/studio/7.0/toolchain/avr8/avr8-gnu-toolchain/bin/../lib/gcc/avr/4.9.2/../../../../avr/lib/avrxmega6/crtatxmega128a3u.o
 *(.init2)
 *(.init3)
 *(.init3)
 *(.init4)
 .init4         0x0000052a       0x1a c:/program files (x86)/atmel/studio/7.0/toolchain/avr8/avr8-gnu-toolchain/bin/../lib/gcc/avr/4.9.2/avrxmega6\libgcc.a(_copy_data.o)
                0x0000052a                __do_copy_data
 .init4         0x00000544       0x10 c:/program files (x86)/atmel/studio/7.0/toolchain/avr8/avr8-gnu-toolchain/bin/../lib/gcc/avr/4.9.2/avrxmega6\libgcc.a(_clear_bss.o)
                0x00000544                __do_clear_bss
 *(.init4)
 *(.init5)
 *(.init5)
 *(.init6)
 .init6         0x00000554       0x20 c:/program files (x86)/atmel/studio/7.0/toolchain/avr8/avr8-gnu-toolchain/bin/../lib/gcc/avr/4.9.2/avrxmega6\libgcc.a(_ctors.o)
                0x00000554                __do_global_ctors
 *(.init6)
 *(.init7)
 *(.init7)
 *(.init8)
 *(.init8)
 *(.init9)
 .init9         0x00000574        0x8 c:/program files (x86)/atmel/studio/7.0/toolchain/avr8/avr8-gnu-toolchain/bin/../lib/gcc/avr/4.9.2/../../../../avr/lib/avrxmega6/crtatxmega128a3u.o
 *(.init9)
 *(.text)
 .text          0x0000057c        0x4 c:/program files (x86)/atmel/studio/7.0/toolchain/avr8/avr8-gnu-toolchain/bin/../lib/gcc/avr/4.9.2/../../../../avr/lib/avrxmega6/crtatxmega128a3u.o
                0x0000057c                __vector_75
                0x0000057c                __vector_102
                0x0000057c                __bad_interrupt
                0x0000057c                __vector_122
                0x0000057c                __vector_114
                0x0000057c                __vector_117
                0x0000057c                __vector_107
                0x0000057c                __vector_98
                0x0000057c                __vector_99
                0x0000057c                __vector_125
                0x0000057c                __vector_123
                0x0000057c                __vector_100
                0x0000057c                __vector_101
                0x0000057c                __vector_76
                0x0000057c                __vector_115
                0x0000057c                __vector_95
                0x0000057c                __vector_103
                0x0000057c                __vector_96
                0x0000057c                __vector_106
                0x0000057c                __vector_118
                0x0000057c                __vector_94
                0x0000057c                __vector_126
                0x0000057c                __vector_124
                0x0000057c                __vector_116
                0x0000057c                __vector_97
                0x00000580                . = ALIGN (0x2)
 *(.text.*)
 .text._ZN13CDGUSDatabaseC2Ev
                0x00000580        0x2 CDGUSDatabase.o
                0x00000580                _ZN13CDGUSDatabaseC2Ev
                0x00000580                _ZN13CDGUSDatabaseC1Ev
 .text._ZN13CDGUSDatabaseD2Ev
                0x00000582        0x2 CDGUSDatabase.o
                0x00000582                _ZN13CDGUSDatabaseD2Ev
                0x00000582                _ZN13CDGUSDatabaseD1Ev
 .text._ZN13CDGUSDatabase10InitializeEP9CMBSenderj
                0x00000584       0x18 CDGUSDatabase.o
                0x00000584                _ZN13CDGUSDatabase10InitializeEP9CMBSenderj
 .text._ZN13CDGUSDatabase18MapDatabaseToWriteEjmj
                0x0000059c       0xca CDGUSDatabase.o
                0x0000059c                _ZN13CDGUSDatabase18MapDatabaseToWriteEjmj
 .text._ZN13CDGUSDatabase17MapDatabaseToReadEjmj
                0x00000666       0xca CDGUSDatabase.o
                0x00000666                _ZN13CDGUSDatabase17MapDatabaseToReadEjmj
 .text._ZN13CDGUSDatabase5UnMapEv
                0x00000730       0x3c CDGUSDatabase.o
                0x00000730                _ZN13CDGUSDatabase5UnMapEv
 .text._ZN16CLaserControlApp21OnTransactionCallbackEPhj
                0x0000076c        0x2 CLaserControlApp.o
                0x0000076c                _ZN16CLaserControlApp21OnTransactionCallbackEPhj
 .text._ZN16CLaserControlApp18OnRegisterReceivedEhPhh
                0x0000076e      0x142 CLaserControlApp.o
                0x0000076e                _ZN16CLaserControlApp18OnRegisterReceivedEhPhh
 .text._ZN16CLaserControlApp18OnLaserTimerStaticEPv
                0x000008b0        0x2 CLaserControlApp.o
                0x000008b0                _ZN16CLaserControlApp18OnLaserTimerStaticEPv
 .text._ZN16CLaserControlApp18OnVariableReceivedEjPjj
                0x000008b2      0x18c CLaserControlApp.o
                0x000008b2                _ZN16CLaserControlApp18OnVariableReceivedEjPjj
 .text._Z13NormalizeStepRjS_S_jPj
                0x00000a3e       0x98 CLaserControlApp.o
                0x00000a3e                _Z13NormalizeStepRjS_S_jPj
 .text._ZN16CLaserControlAppC2Ev
                0x00000ad6        0xc CLaserControlApp.o
                0x00000ad6                _ZN16CLaserControlAppC2Ev
                0x00000ad6                _ZN16CLaserControlAppC1Ev
 .text._ZN16CLaserControlAppD2Ev
                0x00000ae2       0x10 CLaserControlApp.o
                0x00000ae2                _ZN16CLaserControlAppD2Ev
                0x00000ae2                _ZN16CLaserControlAppD1Ev
 .text._ZN16CLaserControlApp18SetLaserDiodePowerEv
                0x00000af2       0x5e CLaserControlApp.o
                0x00000af2                _ZN16CLaserControlApp18SetLaserDiodePowerEv
 .text._ZN16CLaserControlApp11GetVariableEjj
                0x00000b50       0x28 CLaserControlApp.o
                0x00000b50                _ZN16CLaserControlApp11GetVariableEjj
 .text._ZN16CLaserControlApp11SetVariableEjPjj
                0x00000b78       0x20 CLaserControlApp.o
                0x00000b78                _ZN16CLaserControlApp11SetVariableEjPjj
 .text._ZN16CLaserControlApp12SetPictureIdEj
                0x00000b98       0x4c CLaserControlApp.o
                0x00000b98                _ZN16CLaserControlApp12SetPictureIdEj
 .text._ZN16CLaserControlApp13OnPWMTimerOVFEv
                0x00000be4       0x12 CLaserControlApp.o
                0x00000be4                _ZN16CLaserControlApp13OnPWMTimerOVFEv
 .text._ZN16CLaserControlApp13OnPWMTimerCMPEv
                0x00000bf6       0x12 CLaserControlApp.o
                0x00000bf6                _ZN16CLaserControlApp13OnPWMTimerCMPEv
 .text._ZN16CLaserControlApp19OnPWMTimerOVFStaticEPv
                0x00000c08        0x6 CLaserControlApp.o
                0x00000c08                _ZN16CLaserControlApp19OnPWMTimerOVFStaticEPv
 .text._ZN16CLaserControlApp19OnPWMTimerCMPStaticEPv
                0x00000c0e        0x6 CLaserControlApp.o
                0x00000c0e                _ZN16CLaserControlApp19OnPWMTimerCMPStaticEPv
 .text._ZN16CLaserControlApp19OnPWMTimerREDStaticEPv
                0x00000c14        0x2 CLaserControlApp.o
                0x00000c14                _ZN16CLaserControlApp19OnPWMTimerREDStaticEPv
 .text._ZN16CLaserControlApp19OnPWMTimerGRNStaticEPv
                0x00000c16        0x2 CLaserControlApp.o
                0x00000c16                _ZN16CLaserControlApp19OnPWMTimerGRNStaticEPv
 .text._ZN16CLaserControlApp19OnPWMTimerBLUStaticEPv
                0x00000c18        0x2 CLaserControlApp.o
                0x00000c18                _ZN16CLaserControlApp19OnPWMTimerBLUStaticEPv
 .text._ZN16CLaserControlApp12UpdateLimitsEjjj16APP_PROFILE_ENUM
                0x00000c1a      0x200 CLaserControlApp.o
                0x00000c1a                _ZN16CLaserControlApp12UpdateLimitsEjjj16APP_PROFILE_ENUM
 .text._ZN16CLaserControlApp11CheckLimitsERjS0_S0_16APP_PROFILE_ENUM
                0x00000e1a      0x3ca CLaserControlApp.o
                0x00000e1a                _ZN16CLaserControlApp11CheckLimitsERjS0_S0_16APP_PROFILE_ENUM
 .text._ZN16CLaserControlApp22CalculateDurationStepsERjS0_
                0x000011e4       0xfa CLaserControlApp.o
                0x000011e4                _ZN16CLaserControlApp22CalculateDurationStepsERjS0_
 .text._ZN16CLaserControlApp20CalculateEnergyStepsERjS0_
                0x000012de       0xe0 CLaserControlApp.o
                0x000012de                _ZN16CLaserControlApp20CalculateEnergyStepsERjS0_
 .text._ZN16CLaserControlApp17CalculateAllStepsERjS0_16APP_PROFILE_ENUM
                0x000013be      0x214 CLaserControlApp.o
                0x000013be                _ZN16CLaserControlApp17CalculateAllStepsERjS0_16APP_PROFILE_ENUM
 .text._ZN16CLaserControlApp11LaserPresetERjS0_S0_16APP_PROFILE_ENUM
                0x000015d2      0x194 CLaserControlApp.o
                0x000015d2                _ZN16CLaserControlApp11LaserPresetERjS0_S0_16APP_PROFILE_ENUM
 .text._ZN16CLaserControlApp10FreqLimitsERj16APP_PROFILE_ENUM
                0x00001766       0xc4 CLaserControlApp.o
                0x00001766                _ZN16CLaserControlApp10FreqLimitsERj16APP_PROFILE_ENUM
 .text._ZN16CLaserControlApp19CheckLimitsFastModeERjS0_S0_
                0x0000182a      0x18e CLaserControlApp.o
                0x0000182a                _ZN16CLaserControlApp19CheckLimitsFastModeERjS0_S0_
 .text._ZN16CLaserControlApp22CalculateLaserSettingsEP24DGUS_LASERPROFILE_STRUCTP25DGUS_LASERSETTINGS_STRUCT
                0x000019b8      0x11e CLaserControlApp.o
                0x000019b8                _ZN16CLaserControlApp22CalculateLaserSettingsEP24DGUS_LASERPROFILE_STRUCTP25DGUS_LASERSETTINGS_STRUCT
 .text._ZN16CLaserControlApp13MelaninPresetEj
                0x00001ad6      0x15e CLaserControlApp.o
                0x00001ad6                _ZN16CLaserControlApp13MelaninPresetEj
 .text._ZN16CLaserControlApp15PhototypePresetEj
                0x00001c34      0x148 CLaserControlApp.o
                0x00001c34                _ZN16CLaserControlApp15PhototypePresetEj
 .text._ZN16CLaserControlApp10InitializeEP9CMBSender
                0x00001d7c      0x2f6 CLaserControlApp.o
                0x00001d7c                _ZN16CLaserControlApp10InitializeEP9CMBSender
 .text._ZN16CLaserControlApp5StartEv
                0x00002072       0x90 CLaserControlApp.o
                0x00002072                _ZN16CLaserControlApp5StartEv
 .text._ZN16CLaserControlApp32CalculateMultiPulseLaserSettingsEP24DGUS_LASERPROFILE_STRUCTP25DGUS_LASERSETTINGS_STRUCT
                0x00002102      0x140 CLaserControlApp.o
                0x00002102                _ZN16CLaserControlApp32CalculateMultiPulseLaserSettingsEP24DGUS_LASERPROFILE_STRUCTP25DGUS_LASERSETTINGS_STRUCT
 .text._ZN16CLaserControlApp7OnTimerEv
                0x00002242      0x20c CLaserControlApp.o
                0x00002242                _ZN16CLaserControlApp7OnTimerEv
 .text._ZN16CLaserControlApp13OnTimerStaticEPv
                0x0000244e        0x6 CLaserControlApp.o
                0x0000244e                _ZN16CLaserControlApp13OnTimerStaticEPv
 .text._ZN16CLaserControlApp9StopLaserEv
                0x00002454       0x2a CLaserControlApp.o
                0x00002454                _ZN16CLaserControlApp9StopLaserEv
 .text._ZN16CLaserControlApp3RunEv
                0x0000247e      0xbb8 CLaserControlApp.o
                0x0000247e                _ZN16CLaserControlApp3RunEv
 .text._ZN16CLaserControlApp16OnLaserTimerStopEv
                0x00003036      0x162 CLaserControlApp.o
                0x00003036                _ZN16CLaserControlApp16OnLaserTimerStopEv
 .text._ZN16CLaserControlApp22OnLaserTimerStopStaticEPv
                0x00003198        0x6 CLaserControlApp.o
                0x00003198                _ZN16CLaserControlApp22OnLaserTimerStopStaticEPv
 .text._ZN16CLaserControlApp10StartLaserEv
                0x0000319e       0xf2 CLaserControlApp.o
                0x0000319e                _ZN16CLaserControlApp10StartLaserEv
 .text._ZN16CLaserControlApp6OnINT0Ev
                0x00003290       0xde CLaserControlApp.o
                0x00003290                _ZN16CLaserControlApp6OnINT0Ev
 .text._ZN16CLaserControlApp12OnINT0StaticEPv
                0x0000336e        0x6 CLaserControlApp.o
                0x0000336e                _ZN16CLaserControlApp12OnINT0StaticEPv
 .text._Z11ConvertDataPvS_jj
                0x00003374       0x58 DGUSGUI.o
                0x00003374                _Z11ConvertDataPvS_jj
 .text._Z3minjj
                0x000033cc        0xa DGUSGUI.o
                0x000033cc                _Z3minjj
 .text._Z3maxjj
                0x000033d6        0xa DGUSGUI.o
                0x000033d6                _Z3maxjj
 .text._Z4swapj
                0x000033e0        0x8 DGUSGUI.o
                0x000033e0                _Z4swapj
 .text._Z6swap32m
                0x000033e8        0x8 DGUSGUI.o
                0x000033e8                _Z6swap32m
 .text._ZN4CSPIC2Ev
                0x000033f0        0x2 LaserLib/CSPI.o
                0x000033f0                _ZN4CSPIC2Ev
                0x000033f0                _ZN4CSPIC1Ev
 .text._ZN4CSPID2Ev
                0x000033f2        0x2 LaserLib/CSPI.o
                0x000033f2                _ZN4CSPID2Ev
                0x000033f2                _ZN4CSPID1Ev
 .text._ZN4CSPI10InitializeEb19SPI_DATA_ORDER_ENUM13SPI_MODE_ENUMb18SPI_PRESCALER_enum
                0x000033f4       0x82 LaserLib/CSPI.o
                0x000033f4                _ZN4CSPI10InitializeEb19SPI_DATA_ORDER_ENUM13SPI_MODE_ENUMb18SPI_PRESCALER_enum
 .text._ZN4CSPI4SendEPhj
                0x00003476       0x40 LaserLib/CSPI.o
                0x00003476                _ZN4CSPI4SendEPhj
 .text._ZN4CSPI10OnTransmitEv
                0x000034b6       0x30 LaserLib/CSPI.o
                0x000034b6                _ZN4CSPI10OnTransmitEv
 .text._ZN4CSPI16StaticOnTransmitEPv
                0x000034e6        0x6 LaserLib/CSPI.o
                0x000034e6                _ZN4CSPI16StaticOnTransmitEPv
 .text._ZN6CTimerC2Ev
                0x000034ec        0xc LaserLib/CTimer.o
                0x000034ec                _ZN6CTimerC1Ev
                0x000034ec                _ZN6CTimerC2Ev
 .text._ZN6CTimerD2Ev
                0x000034f8        0x2 LaserLib/CTimer.o
                0x000034f8                _ZN6CTimerD1Ev
                0x000034f8                _ZN6CTimerD2Ev
 .text._ZN7CTimer1C2Ev
                0x000034fa        0xc LaserLib/CTimer1.o
                0x000034fa                _ZN7CTimer1C1Ev
                0x000034fa                _ZN7CTimer1C2Ev
 .text._ZN7CTimer1D2Ev
                0x00003506        0x2 LaserLib/CTimer1.o
                0x00003506                _ZN7CTimer1D1Ev
                0x00003506                _ZN7CTimer1D2Ev
 .text._ZN6CUSARTC2Ev
                0x00003508        0xc LaserLib/CUSART.o
                0x00003508                _ZN6CUSARTC2Ev
                0x00003508                _ZN6CUSARTC1Ev
 .text._ZN6CUSARTD2Ev
                0x00003514        0x2 LaserLib/CUSART.o
                0x00003514                _ZN6CUSARTD1Ev
                0x00003514                _ZN6CUSARTD2Ev
 .text.__vector_1
                0x00003516       0x62 LaserLib/intx128.o
                0x00003516                __vector_1
 .text.__vector_2
                0x00003578       0x62 LaserLib/intx128.o
                0x00003578                __vector_2
 .text.__vector_3
                0x000035da       0x62 LaserLib/intx128.o
                0x000035da                __vector_3
 .text.__vector_4
                0x0000363c       0x62 LaserLib/intx128.o
                0x0000363c                __vector_4
 .text.__vector_5
                0x0000369e       0x62 LaserLib/intx128.o
                0x0000369e                __vector_5
 .text.__vector_6
                0x00003700       0x62 LaserLib/intx128.o
                0x00003700                __vector_6
 .text.__vector_7
                0x00003762       0x62 LaserLib/intx128.o
                0x00003762                __vector_7
 .text.__vector_8
                0x000037c4       0x62 LaserLib/intx128.o
                0x000037c4                __vector_8
 .text.__vector_9
                0x00003826       0x62 LaserLib/intx128.o
                0x00003826                __vector_9
 .text.__vector_10
                0x00003888       0x62 LaserLib/intx128.o
                0x00003888                __vector_10
 .text.__vector_11
                0x000038ea       0x62 LaserLib/intx128.o
                0x000038ea                __vector_11
 .text.__vector_12
                0x0000394c       0x62 LaserLib/intx128.o
                0x0000394c                __vector_12
 .text.__vector_13
                0x000039ae       0x62 LaserLib/intx128.o
                0x000039ae                __vector_13
 .text.__vector_14
                0x00003a10       0x62 LaserLib/intx128.o
                0x00003a10                __vector_14
 .text.__vector_15
                0x00003a72       0x62 LaserLib/intx128.o
                0x00003a72                __vector_15
 .text.__vector_16
                0x00003ad4       0x62 LaserLib/intx128.o
                0x00003ad4                __vector_16
 .text.__vector_17
                0x00003b36       0x62 LaserLib/intx128.o
                0x00003b36                __vector_17
 .text.__vector_18
                0x00003b98       0x62 LaserLib/intx128.o
                0x00003b98                __vector_18
 .text.__vector_19
                0x00003bfa       0x62 LaserLib/intx128.o
                0x00003bfa                __vector_19
 .text.__vector_20
                0x00003c5c       0x62 LaserLib/intx128.o
                0x00003c5c                __vector_20
 .text.__vector_21
                0x00003cbe       0x62 LaserLib/intx128.o
                0x00003cbe                __vector_21
 .text.__vector_22
                0x00003d20       0x62 LaserLib/intx128.o
                0x00003d20                __vector_22
 .text.__vector_23
                0x00003d82       0x62 LaserLib/intx128.o
                0x00003d82                __vector_23
 .text.__vector_24
                0x00003de4       0x62 LaserLib/intx128.o
                0x00003de4                __vector_24
 .text.__vector_25
                0x00003e46       0x62 LaserLib/intx128.o
                0x00003e46                __vector_25
 .text.__vector_26
                0x00003ea8       0x62 LaserLib/intx128.o
                0x00003ea8                __vector_26
 .text.__vector_27
                0x00003f0a       0x62 LaserLib/intx128.o
                0x00003f0a                __vector_27
 .text.__vector_28
                0x00003f6c       0x62 LaserLib/intx128.o
                0x00003f6c                __vector_28
 .text.__vector_29
                0x00003fce       0x62 LaserLib/intx128.o
                0x00003fce                __vector_29
 .text.__vector_30
                0x00004030       0x62 LaserLib/intx128.o
                0x00004030                __vector_30
 .text.__vector_31
                0x00004092       0x62 LaserLib/intx128.o
                0x00004092                __vector_31
 .text.__vector_32
                0x000040f4       0x62 LaserLib/intx128.o
                0x000040f4                __vector_32
 .text.__vector_33
                0x00004156       0x62 LaserLib/intx128.o
                0x00004156                __vector_33
 .text.__vector_34
                0x000041b8       0x62 LaserLib/intx128.o
                0x000041b8                __vector_34
 .text.__vector_35
                0x0000421a       0x62 LaserLib/intx128.o
                0x0000421a                __vector_35
 .text.__vector_36
                0x0000427c       0x62 LaserLib/intx128.o
                0x0000427c                __vector_36
 .text.__vector_37
                0x000042de       0x62 LaserLib/intx128.o
                0x000042de                __vector_37
 .text.__vector_38
                0x00004340       0x62 LaserLib/intx128.o
                0x00004340                __vector_38
 .text.__vector_39
                0x000043a2       0x62 LaserLib/intx128.o
                0x000043a2                __vector_39
 .text.__vector_40
                0x00004404       0x62 LaserLib/intx128.o
                0x00004404                __vector_40
 .text.__vector_41
                0x00004466       0x62 LaserLib/intx128.o
                0x00004466                __vector_41
 .text.__vector_42
                0x000044c8       0x62 LaserLib/intx128.o
                0x000044c8                __vector_42
 .text.__vector_43
                0x0000452a       0x62 LaserLib/intx128.o
                0x0000452a                __vector_43
 .text.__vector_44
                0x0000458c       0x62 LaserLib/intx128.o
                0x0000458c                __vector_44
 .text.__vector_45
                0x000045ee       0x62 LaserLib/intx128.o
                0x000045ee                __vector_45
 .text.__vector_46
                0x00004650       0x62 LaserLib/intx128.o
                0x00004650                __vector_46
 .text.__vector_47
                0x000046b2       0x62 LaserLib/intx128.o
                0x000046b2                __vector_47
 .text.__vector_48
                0x00004714       0x62 LaserLib/intx128.o
                0x00004714                __vector_48
 .text.__vector_49
                0x00004776       0x62 LaserLib/intx128.o
                0x00004776                __vector_49
 .text.__vector_50
                0x000047d8       0x62 LaserLib/intx128.o
                0x000047d8                __vector_50
 .text.__vector_51
                0x0000483a       0x62 LaserLib/intx128.o
                0x0000483a                __vector_51
 .text.__vector_52
                0x0000489c       0x62 LaserLib/intx128.o
                0x0000489c                __vector_52
 .text.__vector_53
                0x000048fe       0x62 LaserLib/intx128.o
                0x000048fe                __vector_53
 .text.__vector_54
                0x00004960       0x62 LaserLib/intx128.o
                0x00004960                __vector_54
 .text.__vector_55
                0x000049c2       0x62 LaserLib/intx128.o
                0x000049c2                __vector_55
 .text.__vector_56
                0x00004a24       0x62 LaserLib/intx128.o
                0x00004a24                __vector_56
 .text.__vector_57
                0x00004a86       0x62 LaserLib/intx128.o
                0x00004a86                __vector_57
 .text.__vector_58
                0x00004ae8       0x62 LaserLib/intx128.o
                0x00004ae8                __vector_58
 .text.__vector_59
                0x00004b4a       0x62 LaserLib/intx128.o
                0x00004b4a                __vector_59
 .text.__vector_60
                0x00004bac       0x62 LaserLib/intx128.o
                0x00004bac                __vector_60
 .text.__vector_61
                0x00004c0e       0x62 LaserLib/intx128.o
                0x00004c0e                __vector_61
 .text.__vector_62
                0x00004c70       0x62 LaserLib/intx128.o
                0x00004c70                __vector_62
 .text.__vector_63
                0x00004cd2       0x62 LaserLib/intx128.o
                0x00004cd2                __vector_63
 .text.__vector_64
                0x00004d34       0x62 LaserLib/intx128.o
                0x00004d34                __vector_64
 .text.__vector_65
                0x00004d96       0x62 LaserLib/intx128.o
                0x00004d96                __vector_65
 .text.__vector_66
                0x00004df8       0x62 LaserLib/intx128.o
                0x00004df8                __vector_66
 .text.__vector_67
                0x00004e5a       0x62 LaserLib/intx128.o
                0x00004e5a                __vector_67
 .text.__vector_68
                0x00004ebc       0x62 LaserLib/intx128.o
                0x00004ebc                __vector_68
 .text.__vector_69
                0x00004f1e       0x62 LaserLib/intx128.o
                0x00004f1e                __vector_69
 .text.__vector_70
                0x00004f80       0x62 LaserLib/intx128.o
                0x00004f80                __vector_70
 .text.__vector_71
                0x00004fe2       0x62 LaserLib/intx128.o
                0x00004fe2                __vector_71
 .text.__vector_72
                0x00005044       0x62 LaserLib/intx128.o
                0x00005044                __vector_72
 .text.__vector_73
                0x000050a6       0x62 LaserLib/intx128.o
                0x000050a6                __vector_73
 .text.__vector_74
                0x00005108       0x62 LaserLib/intx128.o
                0x00005108                __vector_74
 .text.__vector_77
                0x0000516a       0x62 LaserLib/intx128.o
                0x0000516a                __vector_77
 .text.__vector_78
                0x000051cc       0x62 LaserLib/intx128.o
                0x000051cc                __vector_78
 .text.__vector_79
                0x0000522e       0x62 LaserLib/intx128.o
                0x0000522e                __vector_79
 .text.__vector_80
                0x00005290       0x62 LaserLib/intx128.o
                0x00005290                __vector_80
 .text.__vector_81
                0x000052f2       0x62 LaserLib/intx128.o
                0x000052f2                __vector_81
 .text.__vector_82
                0x00005354       0x62 LaserLib/intx128.o
                0x00005354                __vector_82
 .text.__vector_83
                0x000053b6       0x62 LaserLib/intx128.o
                0x000053b6                __vector_83
 .text.__vector_84
                0x00005418       0x62 LaserLib/intx128.o
                0x00005418                __vector_84
 .text.__vector_85
                0x0000547a       0x62 LaserLib/intx128.o
                0x0000547a                __vector_85
 .text.__vector_86
                0x000054dc       0x62 LaserLib/intx128.o
                0x000054dc                __vector_86
 .text.__vector_87
                0x0000553e       0x62 LaserLib/intx128.o
                0x0000553e                __vector_87
 .text.__vector_88
                0x000055a0       0x62 LaserLib/intx128.o
                0x000055a0                __vector_88
 .text.__vector_89
                0x00005602       0x62 LaserLib/intx128.o
                0x00005602                __vector_89
 .text.__vector_90
                0x00005664       0x62 LaserLib/intx128.o
                0x00005664                __vector_90
 .text.__vector_91
                0x000056c6       0x62 LaserLib/intx128.o
                0x000056c6                __vector_91
 .text.__vector_92
                0x00005728       0x62 LaserLib/intx128.o
                0x00005728                __vector_92
 .text.__vector_93
                0x0000578a       0x62 LaserLib/intx128.o
                0x0000578a                __vector_93
 .text.__vector_104
                0x000057ec       0x62 LaserLib/intx128.o
                0x000057ec                __vector_104
 .text.__vector_105
                0x0000584e       0x62 LaserLib/intx128.o
                0x0000584e                __vector_105
 .text.__vector_108
                0x000058b0       0x62 LaserLib/intx128.o
                0x000058b0                __vector_108
 .text.__vector_109
                0x00005912       0x62 LaserLib/intx128.o
                0x00005912                __vector_109
 .text.__vector_110
                0x00005974       0x62 LaserLib/intx128.o
                0x00005974                __vector_110
 .text.__vector_111
                0x000059d6       0x62 LaserLib/intx128.o
                0x000059d6                __vector_111
 .text.__vector_112
                0x00005a38       0x62 LaserLib/intx128.o
                0x00005a38                __vector_112
 .text.__vector_113
                0x00005a9a       0x62 LaserLib/intx128.o
                0x00005a9a                __vector_113
 .text.__vector_119
                0x00005afc       0x62 LaserLib/intx128.o
                0x00005afc                __vector_119
 .text.__vector_120
                0x00005b5e       0x62 LaserLib/intx128.o
                0x00005b5e                __vector_120
 .text.__vector_121
                0x00005bc0       0x62 LaserLib/intx128.o
                0x00005bc0                __vector_121
 .text.__cxa_pure_virtual
                0x00005c22        0x6 main.o
                0x00005c22                __cxa_pure_virtual
 .text._GLOBAL__sub_I_dacSPI
                0x00005c28       0x6a main.o
 .text._GLOBAL__sub_D_dacSPI
                0x00005c92       0x6a main.o
 .text._Z16SystemInitializev
                0x00005cfc      0x1f2 main.o
                0x00005cfc                _Z16SystemInitializev
 .text.main     0x00005eee       0xe6 main.o
                0x00005eee                main
 .text._ZN16CMBEventsHandler13FillVarDataTxEjPjj
                0x00005fd4      0x134 MODBUS/CMBProtocol.o
                0x00005fd4                _ZN16CMBEventsHandler13FillVarDataTxEjPjj
 .text._ZN16CMBEventsHandler15AllocateBuffersEjj
                0x00006108       0x36 MODBUS/CMBProtocol.o
                0x00006108                _ZN16CMBEventsHandler15AllocateBuffersEjj
 .text._ZN16CMBEventsHandler11FreeBuffersEv
                0x0000613e       0x1c MODBUS/CMBProtocol.o
                0x0000613e                _ZN16CMBEventsHandler11FreeBuffersEv
 .text._ZN16CMBEventsHandler13FillRegDataRqEhh
                0x0000615a       0xc0 MODBUS/CMBProtocol.o
                0x0000615a                _ZN16CMBEventsHandler13FillRegDataRqEhh
 .text._ZN16CMBEventsHandler13FillVarDataRqEjj
                0x0000621a       0xca MODBUS/CMBProtocol.o
                0x0000621a                _ZN16CMBEventsHandler13FillVarDataRqEjj
 .text._ZN16CMBEventsHandler13FillRegDataTxEhPhh
                0x000062e4       0xd6 MODBUS/CMBProtocol.o
                0x000062e4                _ZN16CMBEventsHandler13FillRegDataTxEhPhh
 .text._ZN16CMBEventsHandlerD2Ev
                0x000063ba        0x2 MODBUS/CMBProtocol.o
                0x000063ba                _ZN16CMBEventsHandlerD2Ev
                0x000063ba                _ZN16CMBEventsHandlerD1Ev
 .text._ZN9CMBSender18OnVariableReceivedEjPjj
                0x000063bc       0x1e MODBUS/CMBSender.o
                0x000063bc                _ZN9CMBSender18OnVariableReceivedEjPjj
 .text._ZN9CMBSender18OnRegisterReceivedEhPhh
                0x000063da       0x1e MODBUS/CMBSender.o
                0x000063da                _ZN9CMBSender18OnRegisterReceivedEhPhh
 .text._ZN9CMBSenderC2Ev
                0x000063f8        0xc MODBUS/CMBSender.o
                0x000063f8                _ZN9CMBSenderC2Ev
                0x000063f8                _ZN9CMBSenderC1Ev
 .text._ZN9CMBSender10InitializeEP7CTimer1P6CUSARTP16CMBEventsHandlerjjj
                0x00006404       0xe2 MODBUS/CMBSender.o
                0x00006404                _ZN9CMBSender10InitializeEP7CTimer1P6CUSARTP16CMBEventsHandlerjjj
 .text._ZN9CMBSenderD2Ev
                0x000064e6       0x10 MODBUS/CMBSender.o
                0x000064e6                _ZN9CMBSenderD1Ev
                0x000064e6                _ZN9CMBSenderD2Ev
 .text._ZN9CMBSender13OnReceiveByteEh
                0x000064f6      0x192 MODBUS/CMBSender.o
                0x000064f6                _ZN9CMBSender13OnReceiveByteEh
 .text._ZN9CMBSender18OnUSARTRxInterruptEPv
                0x00006688       0x26 MODBUS/CMBSender.o
                0x00006688                _ZN9CMBSender18OnUSARTRxInterruptEPv
 .text._ZN9CMBSender9OnTimeoutEv
                0x000066ae       0x28 MODBUS/CMBSender.o
                0x000066ae                _ZN9CMBSender9OnTimeoutEv
 .text._ZN9CMBSender18OnTimeoutInterruptEPv
                0x000066d6        0x6 MODBUS/CMBSender.o
                0x000066d6                _ZN9CMBSender18OnTimeoutInterruptEPv
 .text._ZN9CMBSender19StartMODBUSListenerEv
                0x000066dc       0x32 MODBUS/CMBSender.o
                0x000066dc                _ZN9CMBSender19StartMODBUSListenerEv
 .text._ZN9CMBSender14OnTransmitByteEv
                0x0000670e       0x92 MODBUS/CMBSender.o
                0x0000670e                _ZN9CMBSender14OnTransmitByteEv
 .text._ZN9CMBSender18OnUSARTTxInterruptEPv
                0x000067a0        0x6 MODBUS/CMBSender.o
                0x000067a0                _ZN9CMBSender18OnUSARTTxInterruptEPv
 .text._ZN9CMBSender18WaitMODBUSListenerEv
                0x000067a6       0x22 MODBUS/CMBSender.o
                0x000067a6                _ZN9CMBSender18WaitMODBUSListenerEv
 .text._ZN9CMBSender22StartMODBUSTransmitterEv
                0x000067c8       0x2a MODBUS/CMBSender.o
                0x000067c8                _ZN9CMBSender22StartMODBUSTransmitterEv
 .text._ZN9CMBSender24WriteDataToRegisterAsyncEhPhh
                0x000067f2       0x1e MODBUS/CMBSender.o
                0x000067f2                _ZN9CMBSender24WriteDataToRegisterAsyncEhPhh
 .text._ZN9CMBSender20WriteDataToSRAMAsyncEjPjj
                0x00006810       0x1e MODBUS/CMBSender.o
                0x00006810                _ZN9CMBSender20WriteDataToSRAMAsyncEjPjj
 .text._ZN9CMBSender28RequestDataFromRegisterAsyncEhh
                0x0000682e       0x1e MODBUS/CMBSender.o
                0x0000682e                _ZN9CMBSender28RequestDataFromRegisterAsyncEhh
 .text._ZN9CMBSender24RequestDataFromSRAMAsyncEjh
                0x0000684c       0x20 MODBUS/CMBSender.o
                0x0000684c                _ZN9CMBSender24RequestDataFromSRAMAsyncEjh
 .text._ZN9CMBSender21WaitMODBUSTransmitterEv
                0x0000686c       0x22 MODBUS/CMBSender.o
                0x0000686c                _ZN9CMBSender21WaitMODBUSTransmitterEv
 .text._ZN9CMBSender30StartMODBUSRegisterTransactionEhh
                0x0000688e        0xc MODBUS/CMBSender.o
                0x0000688e                _ZN9CMBSender30StartMODBUSRegisterTransactionEhh
 .text._ZN9CMBSender30StartMODBUSVariableTransactionEjh
                0x0000689a        0xc MODBUS/CMBSender.o
                0x0000689a                _ZN9CMBSender30StartMODBUSVariableTransactionEjh
 .text._ZN9CMBSender18ProcessTransactionEPhj
                0x000068a6       0x62 MODBUS/CMBSender.o
                0x000068a6                _ZN9CMBSender18ProcessTransactionEPhj
 .text._ZN9CMBSender21OnTransactionCallbackEPhj
                0x00006908        0x6 MODBUS/CMBSender.o
                0x00006908                _ZN9CMBSender21OnTransactionCallbackEPhj
 .text._ZN10CDGUSUSART10InitializeE13BAUDRATE_ENUM11PARITY_ENUM12STOBITS_ENUMb
                0x0000690e       0x76 Periphery/CDGUSUSART.o
                0x0000690e                _ZN10CDGUSUSART10InitializeE13BAUDRATE_ENUM11PARITY_ENUM12STOBITS_ENUMb
 .text._ZN10CDGUSUSART15GetReceivedByteEv
                0x00006984        0x6 Periphery/CDGUSUSART.o
                0x00006984                _ZN10CDGUSUSART15GetReceivedByteEv
 .text._ZN10CDGUSUSART19SetTransmittingByteEh
                0x0000698a        0x6 Periphery/CDGUSUSART.o
                0x0000698a                _ZN10CDGUSUSART19SetTransmittingByteEh
 .text._ZN10CDGUSUSART14IsTransmittingEv
                0x00006990       0x10 Periphery/CDGUSUSART.o
                0x00006990                _ZN10CDGUSUSART14IsTransmittingEv
 .text._ZN10CDGUSUSART11IsReceivingEv
                0x000069a0        0xe Periphery/CDGUSUSART.o
                0x000069a0                _ZN10CDGUSUSART11IsReceivingEv
 .text._ZN10CDGUSUSART11IsDataEmptyEv
                0x000069ae       0x10 Periphery/CDGUSUSART.o
                0x000069ae                _ZN10CDGUSUSART11IsDataEmptyEv
 .text._ZN10CDGUSUSART25SetRxInterruptionCallbackEPvPFvS0_E
                0x000069be       0x12 Periphery/CDGUSUSART.o
                0x000069be                _ZN10CDGUSUSART25SetRxInterruptionCallbackEPvPFvS0_E
 .text._ZN10CDGUSUSART25SetTxInterruptionCallbackEPvPFvS0_E
                0x000069d0       0x12 Periphery/CDGUSUSART.o
                0x000069d0                _ZN10CDGUSUSART25SetTxInterruptionCallbackEPvPFvS0_E
 .text._ZN10CDGUSUSART12SetDMARxTrigEP13DMA_CH_struct
                0x000069e2       0x12 Periphery/CDGUSUSART.o
                0x000069e2                _ZN10CDGUSUSART12SetDMARxTrigEP13DMA_CH_struct
 .text._ZN10CDGUSUSART12SetDMATxTrigEP13DMA_CH_struct
                0x000069f4       0x12 Periphery/CDGUSUSART.o
                0x000069f4                _ZN10CDGUSUSART12SetDMATxTrigEP13DMA_CH_struct
 .text._ZN10CDGUSUSARTC2Ev
                0x00006a06       0x18 Periphery/CDGUSUSART.o
                0x00006a06                _ZN10CDGUSUSARTC1Ev
                0x00006a06                _ZN10CDGUSUSARTC2Ev
 .text._ZN10CDGUSUSARTD2Ev
                0x00006a1e       0x10 Periphery/CDGUSUSART.o
                0x00006a1e                _ZN10CDGUSUSARTD2Ev
                0x00006a1e                _ZN10CDGUSUSARTD1Ev
 .text._Z18onewire_crc_updatehh
                0x00006a2e       0x1c Periphery/CDS18B20.o
                0x00006a2e                _Z18onewire_crc_updatehh
 .text._ZN8CDS18B20C2Ev
                0x00006a4a        0x2 Periphery/CDS18B20.o
                0x00006a4a                _ZN8CDS18B20C2Ev
                0x00006a4a                _ZN8CDS18B20C1Ev
 .text._ZN8CDS18B20D2Ev
                0x00006a4c        0x2 Periphery/CDS18B20.o
                0x00006a4c                _ZN8CDS18B20D1Ev
                0x00006a4c                _ZN8CDS18B20D2Ev
 .text._ZN8CDS18B207w1_findEv
                0x00006a4e       0x3a Periphery/CDS18B20.o
                0x00006a4e                _ZN8CDS18B207w1_findEv
 .text._ZN8CDS18B2010w1_sendcmdEh
                0x00006a88       0x6e Periphery/CDS18B20.o
                0x00006a88                _ZN8CDS18B2010w1_sendcmdEh
 .text._ZN8CDS18B2015w1_receive_byteEv
                0x00006af6       0x66 Periphery/CDS18B20.o
                0x00006af6                _ZN8CDS18B2015w1_receive_byteEv
 .text._ZN8CDS18B2010temp_18b20Ev
                0x00006b5c       0xee Periphery/CDS18B20.o
                0x00006b5c                _ZN8CDS18B2010temp_18b20Ev
 .text._ZN8CDS18B2010InitializeEv
                0x00006c4a       0x1e Periphery/CDS18B20.o
                0x00006c4a                _ZN8CDS18B2010InitializeEv
 .text._ZN11CLaserBoardC2Ev
                0x00006c68        0x2 Periphery/CLaserBoard.o
                0x00006c68                _ZN11CLaserBoardC1Ev
                0x00006c68                _ZN11CLaserBoardC2Ev
 .text._ZN11CLaserBoardD2Ev
                0x00006c6a        0x2 Periphery/CLaserBoard.o
                0x00006c6a                _ZN11CLaserBoardD2Ev
                0x00006c6a                _ZN11CLaserBoardD1Ev
 .text._ZN11CLaserBoard12InitializeIOEv
                0x00006c6c       0xca Periphery/CLaserBoard.o
                0x00006c6c                _ZN11CLaserBoard12InitializeIOEv
 .text._ZN11CLaserBoard15InitializeClockEv
                0x00006d36       0x6a Periphery/CLaserBoard.o
                0x00006d36                _ZN11CLaserBoard15InitializeClockEv
 .text._ZN11CLaserBoard5PWMOnEv
                0x00006da0        0x8 Periphery/CLaserBoard.o
                0x00006da0                _ZN11CLaserBoard5PWMOnEv
 .text._ZN11CLaserBoard6PWMOffEv
                0x00006da8        0x8 Periphery/CLaserBoard.o
                0x00006da8                _ZN11CLaserBoard6PWMOffEv
 .text._ZN11CLaserBoard5REDOnEv
                0x00006db0        0x8 Periphery/CLaserBoard.o
                0x00006db0                _ZN11CLaserBoard5REDOnEv
 .text._ZN11CLaserBoard5GRNOnEv
                0x00006db8        0x8 Periphery/CLaserBoard.o
                0x00006db8                _ZN11CLaserBoard5GRNOnEv
 .text._ZN11CLaserBoard5BLUOnEv
                0x00006dc0        0x8 Periphery/CLaserBoard.o
                0x00006dc0                _ZN11CLaserBoard5BLUOnEv
 .text._ZN11CLaserBoard8Relay1OnEv
                0x00006dc8        0x8 Periphery/CLaserBoard.o
                0x00006dc8                _ZN11CLaserBoard8Relay1OnEv
 .text._ZN11CLaserBoard8Relay2OnEv
                0x00006dd0        0x8 Periphery/CLaserBoard.o
                0x00006dd0                _ZN11CLaserBoard8Relay2OnEv
 .text._ZN11CLaserBoard9Relay2OffEv
                0x00006dd8        0x8 Periphery/CLaserBoard.o
                0x00006dd8                _ZN11CLaserBoard9Relay2OffEv
 .text._ZN11CLaserBoard12LaserPowerOnEv
                0x00006de0        0x8 Periphery/CLaserBoard.o
                0x00006de0                _ZN11CLaserBoard12LaserPowerOnEv
 .text._ZN11CLaserBoard13LaserPowerOffEv
                0x00006de8        0x8 Periphery/CLaserBoard.o
                0x00006de8                _ZN11CLaserBoard13LaserPowerOffEv
 .text._ZN11CLaserBoard4BeepEv
                0x00006df0       0x30 Periphery/CLaserBoard.o
                0x00006df0                _ZN11CLaserBoard4BeepEv
 .text._ZN11CLaserBoard14BeepClassErrorEv
                0x00006e20       0x54 Periphery/CLaserBoard.o
                0x00006e20                _ZN11CLaserBoard14BeepClassErrorEv
 .text._ZN11CLaserBoard9PortCheckEv
                0x00006e74        0xa Periphery/CLaserBoard.o
                0x00006e74                _ZN11CLaserBoard9PortCheckEv
 .text._ZN11CLaserBoard10FootswitchEv
                0x00006e7e        0x8 Periphery/CLaserBoard.o
                0x00006e7e                _ZN11CLaserBoard10FootswitchEv
 .text._ZN12CSoundPlayerC2Ev
                0x00006e86        0x2 Periphery/CSoundPlayer.o
                0x00006e86                _ZN12CSoundPlayerC2Ev
                0x00006e86                _ZN12CSoundPlayerC1Ev
 .text._ZN12CSoundPlayerD2Ev
                0x00006e88        0x2 Periphery/CSoundPlayer.o
                0x00006e88                _ZN12CSoundPlayerD1Ev
                0x00006e88                _ZN12CSoundPlayerD2Ev
 .text._ZN12CSoundPlayer19InitializeToneTimerEv
                0x00006e8a       0x22 Periphery/CSoundPlayer.o
                0x00006e8a                _ZN12CSoundPlayer19InitializeToneTimerEv
 .text._ZN12CSoundPlayer23InitializeDurationTimerEv
                0x00006eac       0x18 Periphery/CSoundPlayer.o
                0x00006eac                _ZN12CSoundPlayer23InitializeDurationTimerEv
 .text._ZN12CSoundPlayer10SoundStartEjjh
                0x00006ec4       0x68 Periphery/CSoundPlayer.o
                0x00006ec4                _ZN12CSoundPlayer10SoundStartEjjh
 .text._ZN12CSoundPlayer9SoundStopEv
                0x00006f2c       0x3c Periphery/CSoundPlayer.o
                0x00006f2c                _ZN12CSoundPlayer9SoundStopEv
 .text._ZN12CSoundPlayer10InitializeEv
                0x00006f68       0x16 Periphery/CSoundPlayer.o
                0x00006f68                _ZN12CSoundPlayer10InitializeEv
 .text._ZN7CTimerC10InitializeE27TIMER_WAVEFORMGEN_MODE_ENUM22TIMER_CLOCKSELECT_ENUM
                0x00006f7e       0x36 Periphery/CTimerC.o
                0x00006f7e                _ZN7CTimerC10InitializeE27TIMER_WAVEFORMGEN_MODE_ENUM22TIMER_CLOCKSELECT_ENUM
 .text._ZN7CTimerC5StartEj
                0x00006fb4       0x1a Periphery/CTimerC.o
                0x00006fb4                _ZN7CTimerC5StartEj
 .text._ZN7CTimerC4StopEv
                0x00006fce       0x10 Periphery/CTimerC.o
                0x00006fce                _ZN7CTimerC4StopEv
 .text._ZN7CTimerC13EnableChannelE19TIMER_CHANNELS_ENUM
                0x00006fde        0xe Periphery/CTimerC.o
                0x00006fde                _ZN7CTimerC13EnableChannelE19TIMER_CHANNELS_ENUM
 .text._ZN7CTimerC14DisableChannelE19TIMER_CHANNELS_ENUM
                0x00006fec        0xe Periphery/CTimerC.o
                0x00006fec                _ZN7CTimerC14DisableChannelE19TIMER_CHANNELS_ENUM
 .text._ZN7CTimerC9SetPeriodEj
                0x00006ffa        0xa Periphery/CTimerC.o
                0x00006ffa                _ZN7CTimerC9SetPeriodEj
 .text._ZN7CTimerC8SetCOMPAEj
                0x00007004        0xa Periphery/CTimerC.o
                0x00007004                _ZN7CTimerC8SetCOMPAEj
 .text._ZN7CTimerC8SetCOMPBEj
                0x0000700e        0xa Periphery/CTimerC.o
                0x0000700e                _ZN7CTimerC8SetCOMPBEj
 .text._ZN7CTimerC8SetCOMPCEj
                0x00007018        0xa Periphery/CTimerC.o
                0x00007018                _ZN7CTimerC8SetCOMPCEj
 .text._ZN7CTimerC8SetCOMPDEj
                0x00007022        0xa Periphery/CTimerC.o
                0x00007022                _ZN7CTimerC8SetCOMPDEj
 .text._ZN7CTimerC14SetOVFCallbackEPFvPvES0_17TC_OVFINTLVL_enum
                0x0000702c       0x22 Periphery/CTimerC.o
                0x0000702c                _ZN7CTimerC14SetOVFCallbackEPFvPvES0_17TC_OVFINTLVL_enum
 .text._ZN7CTimerC14SetERRCallbackEPFvPvES0_17TC_ERRINTLVL_enum
                0x0000704e       0x22 Periphery/CTimerC.o
                0x0000704e                _ZN7CTimerC14SetERRCallbackEPFvPvES0_17TC_ERRINTLVL_enum
 .text._ZN7CTimerC16SetCOMPACallbackEPFvPvES0_17TC_CCAINTLVL_enum
                0x00007070       0x22 Periphery/CTimerC.o
                0x00007070                _ZN7CTimerC16SetCOMPACallbackEPFvPvES0_17TC_CCAINTLVL_enum
 .text._ZN7CTimerC16SetCOMPBCallbackEPFvPvES0_17TC_CCBINTLVL_enum
                0x00007092       0x22 Periphery/CTimerC.o
                0x00007092                _ZN7CTimerC16SetCOMPBCallbackEPFvPvES0_17TC_CCBINTLVL_enum
 .text._ZN7CTimerC16SetCOMPCCallbackEPFvPvES0_17TC_CCCINTLVL_enum
                0x000070b4       0x22 Periphery/CTimerC.o
                0x000070b4                _ZN7CTimerC16SetCOMPCCallbackEPFvPvES0_17TC_CCCINTLVL_enum
 .text._ZN7CTimerC16SetCOMPDCallbackEPFvPvES0_17TC_CCDINTLVL_enum
                0x000070d6       0x22 Periphery/CTimerC.o
                0x000070d6                _ZN7CTimerC16SetCOMPDCallbackEPFvPvES0_17TC_CCDINTLVL_enum
 .text._ZN7CTimerCC2Ev
                0x000070f8       0x18 Periphery/CTimerC.o
                0x000070f8                _ZN7CTimerCC1Ev
                0x000070f8                _ZN7CTimerCC2Ev
 .text._ZN7CTimerCD2Ev
                0x00007110       0x10 Periphery/CTimerC.o
                0x00007110                _ZN7CTimerCD1Ev
                0x00007110                _ZN7CTimerCD2Ev
 .text._ZN8CTimerC110InitializeE27TIMER_WAVEFORMGEN_MODE_ENUM22TIMER_CLOCKSELECT_ENUM
                0x00007120       0x2e Periphery/CTimerC1.o
                0x00007120                _ZN8CTimerC110InitializeE27TIMER_WAVEFORMGEN_MODE_ENUM22TIMER_CLOCKSELECT_ENUM
 .text._ZN8CTimerC15StartEj
                0x0000714e       0x1a Periphery/CTimerC1.o
                0x0000714e                _ZN8CTimerC15StartEj
 .text._ZN8CTimerC14StopEv
                0x00007168       0x10 Periphery/CTimerC1.o
                0x00007168                _ZN8CTimerC14StopEv
 .text._ZN8CTimerC15ResetEv
                0x00007178       0x14 Periphery/CTimerC1.o
                0x00007178                _ZN8CTimerC15ResetEv
 .text._ZN8CTimerC113EnableChannelE19TIMER_CHANNELS_ENUM
                0x0000718c        0xe Periphery/CTimerC1.o
                0x0000718c                _ZN8CTimerC113EnableChannelE19TIMER_CHANNELS_ENUM
 .text._ZN8CTimerC114DisableChannelE19TIMER_CHANNELS_ENUM
                0x0000719a        0xe Periphery/CTimerC1.o
                0x0000719a                _ZN8CTimerC114DisableChannelE19TIMER_CHANNELS_ENUM
 .text._ZN8CTimerC19SetPeriodEj
                0x000071a8        0xa Periphery/CTimerC1.o
                0x000071a8                _ZN8CTimerC19SetPeriodEj
 .text._ZN8CTimerC18SetCOMPAEj
                0x000071b2        0xa Periphery/CTimerC1.o
                0x000071b2                _ZN8CTimerC18SetCOMPAEj
 .text._ZN8CTimerC18SetCOMPBEj
                0x000071bc        0xa Periphery/CTimerC1.o
                0x000071bc                _ZN8CTimerC18SetCOMPBEj
 .text._ZN8CTimerC114SetOVFCallbackEPFvPvES0_17TC_OVFINTLVL_enum
                0x000071c6       0x24 Periphery/CTimerC1.o
                0x000071c6                _ZN8CTimerC114SetOVFCallbackEPFvPvES0_17TC_OVFINTLVL_enum
 .text._ZN8CTimerC114SetERRCallbackEPFvPvES0_17TC_ERRINTLVL_enum
                0x000071ea       0x24 Periphery/CTimerC1.o
                0x000071ea                _ZN8CTimerC114SetERRCallbackEPFvPvES0_17TC_ERRINTLVL_enum
 .text._ZN8CTimerC116SetCOMPACallbackEPFvPvES0_17TC_CCAINTLVL_enum
                0x0000720e       0x24 Periphery/CTimerC1.o
                0x0000720e                _ZN8CTimerC116SetCOMPACallbackEPFvPvES0_17TC_CCAINTLVL_enum
 .text._ZN8CTimerC116SetCOMPBCallbackEPFvPvES0_17TC_CCBINTLVL_enum
                0x00007232       0x24 Periphery/CTimerC1.o
                0x00007232                _ZN8CTimerC116SetCOMPBCallbackEPFvPvES0_17TC_CCBINTLVL_enum
 .text._ZN8CTimerC1C2Ev
                0x00007256       0x18 Periphery/CTimerC1.o
                0x00007256                _ZN8CTimerC1C2Ev
                0x00007256                _ZN8CTimerC1C1Ev
 .text._ZN8CTimerC1D2Ev
                0x0000726e       0x10 Periphery/CTimerC1.o
                0x0000726e                _ZN8CTimerC1D2Ev
                0x0000726e                _ZN8CTimerC1D1Ev
 .text._ZN7CTimerD10InitializeE27TIMER_WAVEFORMGEN_MODE_ENUM22TIMER_CLOCKSELECT_ENUM
                0x0000727e       0x36 Periphery/CTimerD.o
                0x0000727e                _ZN7CTimerD10InitializeE27TIMER_WAVEFORMGEN_MODE_ENUM22TIMER_CLOCKSELECT_ENUM
 .text._ZN7CTimerD5StartEj
                0x000072b4       0x1a Periphery/CTimerD.o
                0x000072b4                _ZN7CTimerD5StartEj
 .text._ZN7CTimerD4StopEv
                0x000072ce       0x10 Periphery/CTimerD.o
                0x000072ce                _ZN7CTimerD4StopEv
 .text._ZN7CTimerD13EnableChannelE19TIMER_CHANNELS_ENUM
                0x000072de        0xe Periphery/CTimerD.o
                0x000072de                _ZN7CTimerD13EnableChannelE19TIMER_CHANNELS_ENUM
 .text._ZN7CTimerD14DisableChannelE19TIMER_CHANNELS_ENUM
                0x000072ec        0xe Periphery/CTimerD.o
                0x000072ec                _ZN7CTimerD14DisableChannelE19TIMER_CHANNELS_ENUM
 .text._ZN7CTimerD9SetPeriodEj
                0x000072fa        0xa Periphery/CTimerD.o
                0x000072fa                _ZN7CTimerD9SetPeriodEj
 .text._ZN7CTimerD8SetCOMPAEj
                0x00007304        0xa Periphery/CTimerD.o
                0x00007304                _ZN7CTimerD8SetCOMPAEj
 .text._ZN7CTimerD8SetCOMPBEj
                0x0000730e        0xa Periphery/CTimerD.o
                0x0000730e                _ZN7CTimerD8SetCOMPBEj
 .text._ZN7CTimerD8SetCOMPCEj
                0x00007318        0xa Periphery/CTimerD.o
                0x00007318                _ZN7CTimerD8SetCOMPCEj
 .text._ZN7CTimerD8SetCOMPDEj
                0x00007322        0xa Periphery/CTimerD.o
                0x00007322                _ZN7CTimerD8SetCOMPDEj
 .text._ZN7CTimerD14SetOVFCallbackEPFvPvES0_17TC_OVFINTLVL_enum
                0x0000732c       0x22 Periphery/CTimerD.o
                0x0000732c                _ZN7CTimerD14SetOVFCallbackEPFvPvES0_17TC_OVFINTLVL_enum
 .text._ZN7CTimerD14SetERRCallbackEPFvPvES0_17TC_ERRINTLVL_enum
                0x0000734e       0x22 Periphery/CTimerD.o
                0x0000734e                _ZN7CTimerD14SetERRCallbackEPFvPvES0_17TC_ERRINTLVL_enum
 .text._ZN7CTimerD16SetCOMPACallbackEPFvPvES0_17TC_CCAINTLVL_enum
                0x00007370       0x22 Periphery/CTimerD.o
                0x00007370                _ZN7CTimerD16SetCOMPACallbackEPFvPvES0_17TC_CCAINTLVL_enum
 .text._ZN7CTimerD16SetCOMPBCallbackEPFvPvES0_17TC_CCBINTLVL_enum
                0x00007392       0x22 Periphery/CTimerD.o
                0x00007392                _ZN7CTimerD16SetCOMPBCallbackEPFvPvES0_17TC_CCBINTLVL_enum
 .text._ZN7CTimerD16SetCOMPCCallbackEPFvPvES0_17TC_CCCINTLVL_enum
                0x000073b4       0x22 Periphery/CTimerD.o
                0x000073b4                _ZN7CTimerD16SetCOMPCCallbackEPFvPvES0_17TC_CCCINTLVL_enum
 .text._ZN7CTimerD16SetCOMPDCallbackEPFvPvES0_17TC_CCDINTLVL_enum
                0x000073d6       0x22 Periphery/CTimerD.o
                0x000073d6                _ZN7CTimerD16SetCOMPDCallbackEPFvPvES0_17TC_CCDINTLVL_enum
 .text._ZN7CTimerDC2Ev
                0x000073f8       0x18 Periphery/CTimerD.o
                0x000073f8                _ZN7CTimerDC1Ev
                0x000073f8                _ZN7CTimerDC2Ev
 .text._ZN7CTimerDD2Ev
                0x00007410       0x10 Periphery/CTimerD.o
                0x00007410                _ZN7CTimerDD2Ev
                0x00007410                _ZN7CTimerDD1Ev
 .text._ZN8CTimerD110InitializeE27TIMER_WAVEFORMGEN_MODE_ENUM22TIMER_CLOCKSELECT_ENUM
                0x00007420       0x2e Periphery/CTimerD1.o
                0x00007420                _ZN8CTimerD110InitializeE27TIMER_WAVEFORMGEN_MODE_ENUM22TIMER_CLOCKSELECT_ENUM
 .text._ZN8CTimerD15StartEj
                0x0000744e       0x1a Periphery/CTimerD1.o
                0x0000744e                _ZN8CTimerD15StartEj
 .text._ZN8CTimerD14StopEv
                0x00007468       0x10 Periphery/CTimerD1.o
                0x00007468                _ZN8CTimerD14StopEv
 .text._ZN8CTimerD15ResetEv
                0x00007478       0x14 Periphery/CTimerD1.o
                0x00007478                _ZN8CTimerD15ResetEv
 .text._ZN8CTimerD113EnableChannelE19TIMER_CHANNELS_ENUM
                0x0000748c        0xe Periphery/CTimerD1.o
                0x0000748c                _ZN8CTimerD113EnableChannelE19TIMER_CHANNELS_ENUM
 .text._ZN8CTimerD114DisableChannelE19TIMER_CHANNELS_ENUM
                0x0000749a        0xe Periphery/CTimerD1.o
                0x0000749a                _ZN8CTimerD114DisableChannelE19TIMER_CHANNELS_ENUM
 .text._ZN8CTimerD19SetPeriodEj
                0x000074a8        0xa Periphery/CTimerD1.o
                0x000074a8                _ZN8CTimerD19SetPeriodEj
 .text._ZN8CTimerD18SetCOMPAEj
                0x000074b2        0xa Periphery/CTimerD1.o
                0x000074b2                _ZN8CTimerD18SetCOMPAEj
 .text._ZN8CTimerD18SetCOMPBEj
                0x000074bc        0xa Periphery/CTimerD1.o
                0x000074bc                _ZN8CTimerD18SetCOMPBEj
 .text._ZN8CTimerD114SetOVFCallbackEPFvPvES0_17TC_OVFINTLVL_enum
                0x000074c6       0x22 Periphery/CTimerD1.o
                0x000074c6                _ZN8CTimerD114SetOVFCallbackEPFvPvES0_17TC_OVFINTLVL_enum
 .text._ZN8CTimerD114SetERRCallbackEPFvPvES0_17TC_ERRINTLVL_enum
                0x000074e8       0x22 Periphery/CTimerD1.o
                0x000074e8                _ZN8CTimerD114SetERRCallbackEPFvPvES0_17TC_ERRINTLVL_enum
 .text._ZN8CTimerD116SetCOMPACallbackEPFvPvES0_17TC_CCAINTLVL_enum
                0x0000750a       0x22 Periphery/CTimerD1.o
                0x0000750a                _ZN8CTimerD116SetCOMPACallbackEPFvPvES0_17TC_CCAINTLVL_enum
 .text._ZN8CTimerD116SetCOMPBCallbackEPFvPvES0_17TC_CCBINTLVL_enum
                0x0000752c       0x22 Periphery/CTimerD1.o
                0x0000752c                _ZN8CTimerD116SetCOMPBCallbackEPFvPvES0_17TC_CCBINTLVL_enum
 .text._ZN8CTimerD1C2Ev
                0x0000754e       0x18 Periphery/CTimerD1.o
                0x0000754e                _ZN8CTimerD1C2Ev
                0x0000754e                _ZN8CTimerD1C1Ev
 .text._ZN8CTimerD1D2Ev
                0x00007566       0x10 Periphery/CTimerD1.o
                0x00007566                _ZN8CTimerD1D2Ev
                0x00007566                _ZN8CTimerD1D1Ev
 .text._ZN7CTimerF10InitializeE27TIMER_WAVEFORMGEN_MODE_ENUM22TIMER_CLOCKSELECT_ENUM
                0x00007576       0x36 Periphery/CTimerF.o
                0x00007576                _ZN7CTimerF10InitializeE27TIMER_WAVEFORMGEN_MODE_ENUM22TIMER_CLOCKSELECT_ENUM
 .text._ZN7CTimerF5StartEj
                0x000075ac       0x1a Periphery/CTimerF.o
                0x000075ac                _ZN7CTimerF5StartEj
 .text._ZN7CTimerF4StopEv
                0x000075c6       0x10 Periphery/CTimerF.o
                0x000075c6                _ZN7CTimerF4StopEv
 .text._ZN7CTimerF13EnableChannelE19TIMER_CHANNELS_ENUM
                0x000075d6        0xc Periphery/CTimerF.o
                0x000075d6                _ZN7CTimerF13EnableChannelE19TIMER_CHANNELS_ENUM
 .text._ZN7CTimerF14DisableChannelE19TIMER_CHANNELS_ENUM
                0x000075e2        0xe Periphery/CTimerF.o
                0x000075e2                _ZN7CTimerF14DisableChannelE19TIMER_CHANNELS_ENUM
 .text._ZN7CTimerF10ChannelSetE19TIMER_CHANNELS_ENUM
                0x000075f0       0x10 Periphery/CTimerF.o
                0x000075f0                _ZN7CTimerF10ChannelSetE19TIMER_CHANNELS_ENUM
 .text._ZN7CTimerF12ChannelResetE19TIMER_CHANNELS_ENUM
                0x00007600       0x12 Periphery/CTimerF.o
                0x00007600                _ZN7CTimerF12ChannelResetE19TIMER_CHANNELS_ENUM
 .text._ZN7CTimerF9SetPeriodEj
                0x00007612        0xa Periphery/CTimerF.o
                0x00007612                _ZN7CTimerF9SetPeriodEj
 .text._ZN7CTimerF8SetCOMPAEj
                0x0000761c        0xa Periphery/CTimerF.o
                0x0000761c                _ZN7CTimerF8SetCOMPAEj
 .text._ZN7CTimerF8SetCOMPBEj
                0x00007626        0xa Periphery/CTimerF.o
                0x00007626                _ZN7CTimerF8SetCOMPBEj
 .text._ZN7CTimerF8SetCOMPCEj
                0x00007630        0xa Periphery/CTimerF.o
                0x00007630                _ZN7CTimerF8SetCOMPCEj
 .text._ZN7CTimerF8SetCOMPDEj
                0x0000763a        0xa Periphery/CTimerF.o
                0x0000763a                _ZN7CTimerF8SetCOMPDEj
 .text._ZN7CTimerF14SetOVFCallbackEPFvPvES0_17TC_OVFINTLVL_enum
                0x00007644       0x22 Periphery/CTimerF.o
                0x00007644                _ZN7CTimerF14SetOVFCallbackEPFvPvES0_17TC_OVFINTLVL_enum
 .text._ZN7CTimerF14SetERRCallbackEPFvPvES0_17TC_ERRINTLVL_enum
                0x00007666       0x22 Periphery/CTimerF.o
                0x00007666                _ZN7CTimerF14SetERRCallbackEPFvPvES0_17TC_ERRINTLVL_enum
 .text._ZN7CTimerF16SetCOMPACallbackEPFvPvES0_17TC_CCAINTLVL_enum
                0x00007688       0x22 Periphery/CTimerF.o
                0x00007688                _ZN7CTimerF16SetCOMPACallbackEPFvPvES0_17TC_CCAINTLVL_enum
 .text._ZN7CTimerF16SetCOMPBCallbackEPFvPvES0_17TC_CCBINTLVL_enum
                0x000076aa       0x22 Periphery/CTimerF.o
                0x000076aa                _ZN7CTimerF16SetCOMPBCallbackEPFvPvES0_17TC_CCBINTLVL_enum
 .text._ZN7CTimerF16SetCOMPCCallbackEPFvPvES0_17TC_CCCINTLVL_enum
                0x000076cc       0x22 Periphery/CTimerF.o
                0x000076cc                _ZN7CTimerF16SetCOMPCCallbackEPFvPvES0_17TC_CCCINTLVL_enum
 .text._ZN7CTimerF16SetCOMPDCallbackEPFvPvES0_17TC_CCDINTLVL_enum
                0x000076ee       0x22 Periphery/CTimerF.o
                0x000076ee                _ZN7CTimerF16SetCOMPDCallbackEPFvPvES0_17TC_CCDINTLVL_enum
 .text._ZN7CTimerFC2Ev
                0x00007710       0x18 Periphery/CTimerF.o
                0x00007710                _ZN7CTimerFC2Ev
                0x00007710                _ZN7CTimerFC1Ev
 .text._ZN7CTimerFD2Ev
                0x00007728       0x10 Periphery/CTimerF.o
                0x00007728                _ZN7CTimerFD2Ev
                0x00007728                _ZN7CTimerFD1Ev
 .text.avr-libc.fplib
                0x00007738        0xe c:/program files (x86)/atmel/studio/7.0/toolchain/avr8/avr8-gnu-toolchain/bin/../lib/gcc/avr/4.9.2/../../../../avr/lib/avrxmega6\libm.a(fixsfsi.o)
                0x00007738                __fixsfsi
 .text.avr-libc.fplib
                0x00007746       0x5e c:/program files (x86)/atmel/studio/7.0/toolchain/avr8/avr8-gnu-toolchain/bin/../lib/gcc/avr/4.9.2/../../../../avr/lib/avrxmega6\libm.a(fixunssfsi.o)
                0x00007746                __fixunssfsi
 .text.avr-libc.fplib
                0x000077a4       0x7a c:/program files (x86)/atmel/studio/7.0/toolchain/avr8/avr8-gnu-toolchain/bin/../lib/gcc/avr/4.9.2/../../../../avr/lib/avrxmega6\libm.a(floatsisf.o)
                0x000077a4                __floatunsisf
                0x000077a8                __floatsisf
 .text.avr-libc.fplib
                0x0000781e       0x44 c:/program files (x86)/atmel/studio/7.0/toolchain/avr8/avr8-gnu-toolchain/bin/../lib/gcc/avr/4.9.2/../../../../avr/lib/avrxmega6\libm.a(fp_split3.o)
                0x0000781e                __fp_split3
                0x0000782e                __fp_splitA
 .text.avr-libc.fplib
                0x00007862        0xe c:/program files (x86)/atmel/studio/7.0/toolchain/avr8/avr8-gnu-toolchain/bin/../lib/gcc/avr/4.9.2/../../../../avr/lib/avrxmega6\libm.a(fp_zero.o)
                0x00007862                __fp_zero
                0x00007864                __fp_szero
 .text.avr-libc.fplib
                0x00007870        0x8 c:/program files (x86)/atmel/studio/7.0/toolchain/avr8/avr8-gnu-toolchain/bin/../lib/gcc/avr/4.9.2/../../../../avr/lib/avrxmega6\libm.a(mulsf3.o)
                0x00007870                __mulsf3
 .text.avr-libc.fplib
                0x00007878       0xd2 c:/program files (x86)/atmel/studio/7.0/toolchain/avr8/avr8-gnu-toolchain/bin/../lib/gcc/avr/4.9.2/../../../../avr/lib/avrxmega6\libm.a(mulsf3x.o)
                0x00007896                __mulsf3x
                0x0000789c                __mulsf3_pse
 .text.avr-libc.fplib
                0x0000794a        0xc c:/program files (x86)/atmel/studio/7.0/toolchain/avr8/avr8-gnu-toolchain/bin/../lib/gcc/avr/4.9.2/../../../../avr/lib/avrxmega6\libm.a(fp_inf.o)
                0x0000794a                __fp_inf
 .text.avr-libc.fplib
                0x00007956        0x6 c:/program files (x86)/atmel/studio/7.0/toolchain/avr8/avr8-gnu-toolchain/bin/../lib/gcc/avr/4.9.2/../../../../avr/lib/avrxmega6\libm.a(fp_nan.o)
                0x00007956                __fp_nan
 .text.avr-libc.fplib
                0x0000795c        0xe c:/program files (x86)/atmel/studio/7.0/toolchain/avr8/avr8-gnu-toolchain/bin/../lib/gcc/avr/4.9.2/../../../../avr/lib/avrxmega6\libm.a(fp_pscA.o)
                0x0000795c                __fp_pscA
 .text.avr-libc.fplib
                0x0000796a        0xe c:/program files (x86)/atmel/studio/7.0/toolchain/avr8/avr8-gnu-toolchain/bin/../lib/gcc/avr/4.9.2/../../../../avr/lib/avrxmega6\libm.a(fp_pscB.o)
                0x0000796a                __fp_pscB
 .text.avr-libc.fplib
                0x00007978       0x22 c:/program files (x86)/atmel/studio/7.0/toolchain/avr8/avr8-gnu-toolchain/bin/../lib/gcc/avr/4.9.2/../../../../avr/lib/avrxmega6\libm.a(fp_round.o)
                0x00007978                __fp_round
 .text.libgcc.div
                0x0000799a       0x28 c:/program files (x86)/atmel/studio/7.0/toolchain/avr8/avr8-gnu-toolchain/bin/../lib/gcc/avr/4.9.2/avrxmega6\libgcc.a(_udivmodhi4.o)
                0x0000799a                __udivmodhi4
 .text.libgcc.div
                0x000079c2       0x28 c:/program files (x86)/atmel/studio/7.0/toolchain/avr8/avr8-gnu-toolchain/bin/../lib/gcc/avr/4.9.2/avrxmega6\libgcc.a(_divmodhi4.o)
                0x000079c2                _div
                0x000079c2                __divmodhi4
 .text.libgcc.div
                0x000079ea       0x44 c:/program files (x86)/atmel/studio/7.0/toolchain/avr8/avr8-gnu-toolchain/bin/../lib/gcc/avr/4.9.2/avrxmega6\libgcc.a(_udivmodsi4.o)
                0x000079ea                __udivmodsi4
 .text.libgcc.div
                0x00007a2e       0x2e c:/program files (x86)/atmel/studio/7.0/toolchain/avr8/avr8-gnu-toolchain/bin/../lib/gcc/avr/4.9.2/avrxmega6\libgcc.a(_divmodsi4.o)
                0x00007a2e                __divmodsi4
 .text.libgcc.div
                0x00007a5c       0x10 c:/program files (x86)/atmel/studio/7.0/toolchain/avr8/avr8-gnu-toolchain/bin/../lib/gcc/avr/4.9.2/avrxmega6\libgcc.a(_negsi2.o)
                0x00007a5c                __negsi2
 .text.libgcc   0x00007a6c       0x10 c:/program files (x86)/atmel/studio/7.0/toolchain/avr8/avr8-gnu-toolchain/bin/../lib/gcc/avr/4.9.2/avrxmega6\libgcc.a(_tablejump2.o)
                0x00007a6c                __tablejump2__
 .text.libgcc.mul
                0x00007a7c       0x1e c:/program files (x86)/atmel/studio/7.0/toolchain/avr8/avr8-gnu-toolchain/bin/../lib/gcc/avr/4.9.2/avrxmega6\libgcc.a(_umulhisi3.o)
                0x00007a7c                __umulhisi3
 .text.libgcc.mul
                0x00007a9a       0x16 c:/program files (x86)/atmel/studio/7.0/toolchain/avr8/avr8-gnu-toolchain/bin/../lib/gcc/avr/4.9.2/avrxmega6\libgcc.a(_muluhisi3.o)
                0x00007a9a                __muluhisi3
 .text.avr-libc
                0x00007ab0      0x25a c:/program files (x86)/atmel/studio/7.0/toolchain/avr8/avr8-gnu-toolchain/bin/../lib/gcc/avr/4.9.2/../../../../avr/lib/avrxmega6\libc.a(malloc.o)
                0x00007ab0                malloc
                0x00007bda                free
 .text.avr-libc
                0x00007d0a       0x12 c:/program files (x86)/atmel/studio/7.0/toolchain/avr8/avr8-gnu-toolchain/bin/../lib/gcc/avr/4.9.2/../../../../avr/lib/avrxmega6\libc.a(memcpy.o)
                0x00007d0a                memcpy
 .text.avr-libc
                0x00007d1c        0xe c:/program files (x86)/atmel/studio/7.0/toolchain/avr8/avr8-gnu-toolchain/bin/../lib/gcc/avr/4.9.2/../../../../avr/lib/avrxmega6\libatxmega128a3u.a(eerd_dword.o)
                0x00007d1c                eeprom_read_float
                0x00007d1c                eeprom_read_dword
 .text.avr-libc
                0x00007d2a       0x10 c:/program files (x86)/atmel/studio/7.0/toolchain/avr8/avr8-gnu-toolchain/bin/../lib/gcc/avr/4.9.2/../../../../avr/lib/avrxmega6\libatxmega128a3u.a(eewr_dword.o)
                0x00007d2a                eeprom_write_dword
                0x00007d2a                eeprom_write_float
 .text.avr-libc
                0x00007d3a        0xa c:/program files (x86)/atmel/studio/7.0/toolchain/avr8/avr8-gnu-toolchain/bin/../lib/gcc/avr/4.9.2/../../../../avr/lib/avrxmega6\libatxmega128a3u.a(eewr_word.o)
                0x00007d3a                eeprom_write_word
 .text.avr-libc
                0x00007d44       0x20 c:/program files (x86)/atmel/studio/7.0/toolchain/avr8/avr8-gnu-toolchain/bin/../lib/gcc/avr/4.9.2/../../../../avr/lib/avrxmega6\libatxmega128a3u.a(eerd_byte.o)
                0x00007d44                eeprom_read_byte
                0x00007d4c                eeprom_mapen
 .text.avr-libc
                0x00007d64       0x46 c:/program files (x86)/atmel/studio/7.0/toolchain/avr8/avr8-gnu-toolchain/bin/../lib/gcc/avr/4.9.2/../../../../avr/lib/avrxmega6\libatxmega128a3u.a(eewr_byte.o)
                0x00007d64                eeprom_write_byte
                0x00007d66                eeprom_write_r18
                0x00007daa                . = ALIGN (0x2)
 *(.fini9)
 .fini9         0x00007daa        0x0 c:/program files (x86)/atmel/studio/7.0/toolchain/avr8/avr8-gnu-toolchain/bin/../lib/gcc/avr/4.9.2/avrxmega6\libgcc.a(_exit.o)
                0x00007daa                _exit
                0x00007daa                exit
 *(.fini9)
 *(.fini8)
 *(.fini8)
 *(.fini7)
 *(.fini7)
 *(.fini6)
 .fini6         0x00007daa       0x20 c:/program files (x86)/atmel/studio/7.0/toolchain/avr8/avr8-gnu-toolchain/bin/../lib/gcc/avr/4.9.2/avrxmega6\libgcc.a(_dtors.o)
                0x00007daa                __do_global_dtors
 *(.fini6)
 *(.fini5)
 *(.fini5)
 *(.fini4)
 *(.fini4)
 *(.fini3)
 *(.fini3)
 *(.fini2)
 *(.fini2)
 *(.fini1)
 *(.fini1)
 *(.fini0)
 .fini0         0x00007dca        0x4 c:/program files (x86)/atmel/studio/7.0/toolchain/avr8/avr8-gnu-toolchain/bin/../lib/gcc/avr/4.9.2/avrxmega6\libgcc.a(_exit.o)
 *(.fini0)
                0x00007dce                _etext = .

.data           0x00802000      0x2c4 load address 0x00007dce
                0x00802000                PROVIDE (__data_start, .)
 *(.data)
 .data          0x00802000        0x6 c:/program files (x86)/atmel/studio/7.0/toolchain/avr8/avr8-gnu-toolchain/bin/../lib/gcc/avr/4.9.2/../../../../avr/lib/avrxmega6\libc.a(malloc.o)
                0x00802000                __malloc_heap_end
                0x00802002                __malloc_heap_start
                0x00802004                __malloc_margin
 *(.data*)
 .data._ZZN16CLaserControlApp7OnTimerEvE7millsec
                0x00802006        0x2 CLaserControlApp.o
 .data.step_table
                0x00802008       0x14 CLaserControlApp.o
                0x00802008                step_table
 .data.EnergyTable
                0x0080201c       0xdc CLaserControlApp.o
                0x0080201c                EnergyTable
 .data.TableNum
                0x008020f8       0x16 CLaserControlApp.o
                0x008020f8                TableNum
 .data.MaxDurationTable
                0x0080210e       0x16 CLaserControlApp.o
                0x0080210e                MaxDurationTable
 .data.MinDurationTable
                0x00802124       0x16 CLaserControlApp.o
                0x00802124                MinDurationTable
 .data.bscale_table
                0x0080213a       0x20 Periphery/CDGUSUSART.o
                0x0080213a                bscale_table
 .data.bsel_table
                0x0080215a       0x20 Periphery/CDGUSUSART.o
                0x0080215a                bsel_table
 *(.rodata)
 *(.rodata*)
 .rodata._ZTV16CLaserControlApp
                0x0080217a       0x16 CLaserControlApp.o
                0x0080217a                _ZTV16CLaserControlApp
 .rodata._ZTV6CTimer
                0x00802190       0x24 LaserLib/CTimer.o
                0x00802190                _ZTV6CTimer
 .rodata._ZTV7CTimer1
                0x008021b4       0x1e LaserLib/CTimer1.o
                0x008021b4                _ZTV7CTimer1
 .rodata._ZTV6CUSART
                0x008021d2       0x18 LaserLib/CUSART.o
                0x008021d2                _ZTV6CUSART
 .rodata._ZTV9CMBSender
                0x008021ea       0x16 MODBUS/CMBSender.o
                0x008021ea                _ZTV9CMBSender
 .rodata._ZTV10CDGUSUSART
                0x00802200       0x18 Periphery/CDGUSUSART.o
                0x00802200                _ZTV10CDGUSUSART
 .rodata._ZTV7CTimerC
                0x00802218       0x24 Periphery/CTimerC.o
                0x00802218                _ZTV7CTimerC
 .rodata._ZTV8CTimerC1
                0x0080223c       0x1e Periphery/CTimerC1.o
                0x0080223c                _ZTV8CTimerC1
 .rodata._ZTV7CTimerD
                0x0080225a       0x24 Periphery/CTimerD.o
                0x0080225a                _ZTV7CTimerD
 .rodata._ZTV8CTimerD1
                0x0080227e       0x1e Periphery/CTimerD1.o
                0x0080227e                _ZTV8CTimerD1
 .rodata._ZTV7CTimerF
                0x0080229c       0x28 Periphery/CTimerF.o
                0x0080229c                _ZTV7CTimerF
 *(.gnu.linkonce.d*)
                0x008022c4                . = ALIGN (0x2)
                0x008022c4                _edata = .
                0x008022c4                PROVIDE (__data_end, .)

.bss            0x008022c4      0x367
                0x008022c4                PROVIDE (__bss_start, .)
 *(.bss)
 *(.bss*)
 .bss._ZZN16CLaserControlApp6OnINT0EvE9isstarted
                0x008022c4        0x1 CLaserControlApp.o
 .bss.DatabaseStatusRegister
                0x008022c5        0x1 CLaserControlApp.o
                0x008022c5                DatabaseStatusRegister
 .bss.InterruptFuncTable
                0x008022c6       0xf6 LaserLib/intx128.o
                0x008022c6                InterruptFuncTable
 .bss.InterruptSenderTable
                0x008023bc       0xf6 LaserLib/intx128.o
                0x008023bc                InterruptSenderTable
 .bss._ZZ4mainE3prs
                0x008024b2        0x2 main.o
 .bss.temperature
                0x008024b4        0x2 main.o
                0x008024b4                temperature
 .bss.D18B20    0x008024b6        0x4 main.o
                0x008024b6                D18B20
 .bss.App       0x008024ba      0x126 main.o
                0x008024ba                App
 .bss.player    0x008025e0        0x1 main.o
                0x008025e0                player
 .bss.laserBoard
                0x008025e1        0xa main.o
                0x008025e1                laserBoard
 .bss.sender    0x008025eb       0x1d main.o
                0x008025eb                sender
 .bss.Database  0x00802608        0x8 main.o
                0x00802608                Database
 .bss.usart     0x00802610        0x2 main.o
                0x00802610                usart
 .bss.pwmtimer  0x00802612        0x3 main.o
                0x00802612                pwmtimer
 .bss.flowtimer
                0x00802615        0x3 main.o
                0x00802615                flowtimer
 .bss.laserTimer
                0x00802618        0x3 main.o
                0x00802618                laserTimer
 .bss.timeout   0x0080261b        0x3 main.o
                0x0080261b                timeout
 .bss.timer     0x0080261e        0x3 main.o
                0x0080261e                timer
 .bss.dacSPI    0x00802621        0x6 main.o
                0x00802621                dacSPI
 *(COMMON)
 COMMON         0x00802627        0x4 c:/program files (x86)/atmel/studio/7.0/toolchain/avr8/avr8-gnu-toolchain/bin/../lib/gcc/avr/4.9.2/../../../../avr/lib/avrxmega6\libc.a(malloc.o)
                0x00802627                __brkval
                0x00802629                __flp
                0x0080262b                PROVIDE (__bss_end, .)
                0x00007dce                __data_load_start = LOADADDR (.data)
                0x00008092                __data_load_end = (__data_load_start + SIZEOF (.data))

.noinit         0x0080262b        0x0
                [!provide]                PROVIDE (__noinit_start, .)
 *(.noinit*)
                [!provide]                PROVIDE (__noinit_end, .)
                0x0080262b                _end = .
                0x0080262b                PROVIDE (__heap_start, .)

.eeprom         0x00810000        0x0
 *(.eeprom*)
                0x00810000                __eeprom_end = .

.fuse
 *(.fuse)
 *(.lfuse)
 *(.hfuse)
 *(.efuse)

.lock
 *(.lock*)

.signature
 *(.signature*)

.user_signatures
 *(.user_signatures*)

.stab
 *(.stab)

.stabstr
 *(.stabstr)

.stab.excl
 *(.stab.excl)

.stab.exclstr
 *(.stab.exclstr)

.stab.index
 *(.stab.index)

.stab.indexstr
 *(.stab.indexstr)

.comment        0x00000000       0x30
 *(.comment)
 .comment       0x00000000       0x30 CDGUSDatabase.o
                                 0x31 (size before relaxing)
 .comment       0x00000030       0x31 CLaserControlApp.o
 .comment       0x00000030       0x31 DGUSGUI.o
 .comment       0x00000030       0x31 LaserLib/CSPI.o
 .comment       0x00000030       0x31 LaserLib/CTimer.o
 .comment       0x00000030       0x31 LaserLib/CTimer1.o
 .comment       0x00000030       0x31 LaserLib/CUSART.o
 .comment       0x00000030       0x31 LaserLib/intx128.o
 .comment       0x00000030       0x31 main.o
 .comment       0x00000030       0x31 MODBUS/CMBProtocol.o
 .comment       0x00000030       0x31 MODBUS/CMBSender.o
 .comment       0x00000030       0x31 Periphery/CDGUSUSART.o
 .comment       0x00000030       0x31 Periphery/CDS18B20.o
 .comment       0x00000030       0x31 Periphery/CLaserBoard.o
 .comment       0x00000030       0x31 Periphery/CSoundPlayer.o
 .comment       0x00000030       0x31 Periphery/CTimerC.o
 .comment       0x00000030       0x31 Periphery/CTimerC1.o
 .comment       0x00000030       0x31 Periphery/CTimerD.o
 .comment       0x00000030       0x31 Periphery/CTimerD1.o
 .comment       0x00000030       0x31 Periphery/CTimerF.o
 .comment       0x00000030       0x31 c:/program files (x86)/atmel/studio/7.0/toolchain/avr8/avr8-gnu-toolchain/bin/../lib/gcc/avr/4.9.2/../../../../avr/lib/avrxmega6\libc.a(malloc.o)

.note.gnu.avr.deviceinfo
                0x00000000       0x40
 .note.gnu.avr.deviceinfo
                0x00000000       0x40 c:/program files (x86)/atmel/studio/7.0/toolchain/avr8/avr8-gnu-toolchain/bin/../lib/gcc/avr/4.9.2/../../../../avr/lib/avrxmega6/crtatxmega128a3u.o

.note.gnu.build-id
 *(.note.gnu.build-id)

.debug
 *(.debug)

.line
 *(.line)

.debug_srcinfo
 *(.debug_srcinfo)

.debug_sfnames
 *(.debug_sfnames)

.debug_aranges  0x00000000      0xd10
 *(.debug_aranges)
 .debug_aranges
                0x00000000       0x70 CDGUSDatabase.o
 .debug_aranges
                0x00000070      0x198 CLaserControlApp.o
 .debug_aranges
                0x00000208       0x40 DGUSGUI.o
 .debug_aranges
                0x00000248       0x58 LaserLib/CSPI.o
 .debug_aranges
                0x000002a0       0x28 LaserLib/CTimer.o
 .debug_aranges
                0x000002c8       0x28 LaserLib/CTimer1.o
 .debug_aranges
                0x000002f0       0x28 LaserLib/CUSART.o
 .debug_aranges
                0x00000318      0x348 LaserLib/intx128.o
 .debug_aranges
                0x00000660       0x40 main.o
 .debug_aranges
                0x000006a0       0x58 MODBUS/CMBProtocol.o
 .debug_aranges
                0x000006f8       0xf8 MODBUS/CMBSender.o
 .debug_aranges
                0x000007f0       0x78 Periphery/CDGUSUSART.o
 .debug_aranges
                0x00000868       0x58 Periphery/CDS18B20.o
 .debug_aranges
                0x000008c0       0xc8 Periphery/CLaserBoard.o
 .debug_aranges
                0x00000988       0x60 Periphery/CSoundPlayer.o
 .debug_aranges
                0x000009e8       0xa8 Periphery/CTimerC.o
 .debug_aranges
                0x00000a90       0x90 Periphery/CTimerC1.o
 .debug_aranges
                0x00000b20       0xa8 Periphery/CTimerD.o
 .debug_aranges
                0x00000bc8       0x90 Periphery/CTimerD1.o
 .debug_aranges
                0x00000c58       0xb8 Periphery/CTimerF.o

.debug_pubnames
 *(.debug_pubnames)

.debug_info     0x00000000    0x19351
 *(.debug_info .gnu.linkonce.wi.*)
 .debug_info    0x00000000     0x3409 c:/program files (x86)/atmel/studio/7.0/toolchain/avr8/avr8-gnu-toolchain/bin/../lib/gcc/avr/4.9.2/../../../../avr/lib/avrxmega6/crtatxmega128a3u.o
 .debug_info    0x00003409      0x9f5 CDGUSDatabase.o
 .debug_info    0x00003dfe     0x501d CLaserControlApp.o
 .debug_info    0x00008e1b      0x20f DGUSGUI.o
 .debug_info    0x0000902a      0x7ee LaserLib/CSPI.o
 .debug_info    0x00009818      0x6a3 LaserLib/CTimer.o
 .debug_info    0x00009ebb      0x5a8 LaserLib/CTimer1.o
 .debug_info    0x0000a463      0x606 LaserLib/CUSART.o
 .debug_info    0x0000aa69      0x91e LaserLib/intx128.o
 .debug_info    0x0000b387     0x2163 main.o
 .debug_info    0x0000d4ea      0x81e MODBUS/CMBProtocol.o
 .debug_info    0x0000dd08     0x12d1 MODBUS/CMBSender.o
 .debug_info    0x0000efd9     0x1095 Periphery/CDGUSUSART.o
 .debug_info    0x0001006e      0x95e Periphery/CDS18B20.o
 .debug_info    0x000109cc      0xf08 Periphery/CLaserBoard.o
 .debug_info    0x000118d4     0x139d Periphery/CSoundPlayer.o
 .debug_info    0x00012c71     0x15ac Periphery/CTimerC.o
 .debug_info    0x0001421d     0x128d Periphery/CTimerC1.o
 .debug_info    0x000154aa     0x15ac Periphery/CTimerD.o
 .debug_info    0x00016a56     0x128d Periphery/CTimerD1.o
 .debug_info    0x00017ce3     0x166e Periphery/CTimerF.o

.debug_abbrev   0x00000000     0x6678
 *(.debug_abbrev)
 .debug_abbrev  0x00000000     0x3148 c:/program files (x86)/atmel/studio/7.0/toolchain/avr8/avr8-gnu-toolchain/bin/../lib/gcc/avr/4.9.2/../../../../avr/lib/avrxmega6/crtatxmega128a3u.o
 .debug_abbrev  0x00003148      0x2ce CDGUSDatabase.o
 .debug_abbrev  0x00003416      0x605 CLaserControlApp.o
 .debug_abbrev  0x00003a1b      0x10d DGUSGUI.o
 .debug_abbrev  0x00003b28      0x2a7 LaserLib/CSPI.o
 .debug_abbrev  0x00003dcf      0x182 LaserLib/CTimer.o
 .debug_abbrev  0x00003f51      0x182 LaserLib/CTimer1.o
 .debug_abbrev  0x000040d3      0x1ed LaserLib/CUSART.o
 .debug_abbrev  0x000042c0       0x83 LaserLib/intx128.o
 .debug_abbrev  0x00004343      0x3e0 main.o
 .debug_abbrev  0x00004723      0x2b0 MODBUS/CMBProtocol.o
 .debug_abbrev  0x000049d3      0x39b MODBUS/CMBSender.o
 .debug_abbrev  0x00004d6e      0x2d9 Periphery/CDGUSUSART.o
 .debug_abbrev  0x00005047      0x33c Periphery/CDS18B20.o
 .debug_abbrev  0x00005383      0x300 Periphery/CLaserBoard.o
 .debug_abbrev  0x00005683      0x2b9 Periphery/CSoundPlayer.o
 .debug_abbrev  0x0000593c      0x29c Periphery/CTimerC.o
 .debug_abbrev  0x00005bd8      0x2b4 Periphery/CTimerC1.o
 .debug_abbrev  0x00005e8c      0x29c Periphery/CTimerD.o
 .debug_abbrev  0x00006128      0x2b4 Periphery/CTimerD1.o
 .debug_abbrev  0x000063dc      0x29c Periphery/CTimerF.o

.debug_line     0x00000000     0x672c
 *(.debug_line .debug_line.* .debug_line_end)
 .debug_line    0x00000000       0x1a c:/program files (x86)/atmel/studio/7.0/toolchain/avr8/avr8-gnu-toolchain/bin/../lib/gcc/avr/4.9.2/../../../../avr/lib/avrxmega6/crtatxmega128a3u.o
 .debug_line    0x0000001a      0x34e CDGUSDatabase.o
 .debug_line    0x00000368     0x1843 CLaserControlApp.o
 .debug_line    0x00001bab      0x11e DGUSGUI.o
 .debug_line    0x00001cc9      0x2f4 LaserLib/CSPI.o
 .debug_line    0x00001fbd      0x153 LaserLib/CTimer.o
 .debug_line    0x00002110      0x155 LaserLib/CTimer1.o
 .debug_line    0x00002265      0x145 LaserLib/CUSART.o
 .debug_line    0x000023aa     0x100e LaserLib/intx128.o
 .debug_line    0x000033b8      0x50b main.o
 .debug_line    0x000038c3      0x490 MODBUS/CMBProtocol.o
 .debug_line    0x00003d53      0x78d MODBUS/CMBSender.o
 .debug_line    0x000044e0      0x343 Periphery/CDGUSUSART.o
 .debug_line    0x00004823      0x403 Periphery/CDS18B20.o
 .debug_line    0x00004c26      0x5b1 Periphery/CLaserBoard.o
 .debug_line    0x000051d7      0x340 Periphery/CSoundPlayer.o
 .debug_line    0x00005517      0x3bb Periphery/CTimerC.o
 .debug_line    0x000058d2      0x35b Periphery/CTimerC1.o
 .debug_line    0x00005c2d      0x3bb Periphery/CTimerD.o
 .debug_line    0x00005fe8      0x35b Periphery/CTimerD1.o
 .debug_line    0x00006343      0x3e9 Periphery/CTimerF.o

.debug_frame    0x00000000     0x3cec
 *(.debug_frame)
 .debug_frame   0x00000000      0x218 CDGUSDatabase.o
 .debug_frame   0x00000218      0x750 CLaserControlApp.o
 .debug_frame   0x00000968       0x8c DGUSGUI.o
 .debug_frame   0x000009f4       0xbc LaserLib/CSPI.o
 .debug_frame   0x00000ab0       0x34 LaserLib/CTimer.o
 .debug_frame   0x00000ae4       0x34 LaserLib/CTimer1.o
 .debug_frame   0x00000b18       0x34 LaserLib/CUSART.o
 .debug_frame   0x00000b4c     0x2324 LaserLib/intx128.o
 .debug_frame   0x00002e70       0x94 main.o
 .debug_frame   0x00002f04       0xf8 MODBUS/CMBProtocol.o
 .debug_frame   0x00002ffc      0x2dc MODBUS/CMBSender.o
 .debug_frame   0x000032d8       0xe8 Periphery/CDGUSUSART.o
 .debug_frame   0x000033c0       0xd4 Periphery/CDS18B20.o
 .debug_frame   0x00003494      0x180 Periphery/CLaserBoard.o
 .debug_frame   0x00003614       0xd8 Periphery/CSoundPlayer.o
 .debug_frame   0x000036ec      0x140 Periphery/CTimerC.o
 .debug_frame   0x0000382c      0x110 Periphery/CTimerC1.o
 .debug_frame   0x0000393c      0x140 Periphery/CTimerD.o
 .debug_frame   0x00003a7c      0x110 Periphery/CTimerD1.o
 .debug_frame   0x00003b8c      0x160 Periphery/CTimerF.o

.debug_str      0x00000000     0x9859
 *(.debug_str)
 .debug_str     0x00000000     0x223b c:/program files (x86)/atmel/studio/7.0/toolchain/avr8/avr8-gnu-toolchain/bin/../lib/gcc/avr/4.9.2/../../../../avr/lib/avrxmega6/crtatxmega128a3u.o
 .debug_str     0x0000223b      0x5ef CDGUSDatabase.o
                                0x67e (size before relaxing)
 .debug_str     0x0000282a     0x224a CLaserControlApp.o
                               0x29e2 (size before relaxing)
 .debug_str     0x00004a74       0x1d DGUSGUI.o
                                0x258 (size before relaxing)
 .debug_str     0x00004a91      0x1b5 LaserLib/CSPI.o
                                0x720 (size before relaxing)
 .debug_str     0x00004c46      0x4bc LaserLib/CTimer.o
                                0xa4b (size before relaxing)
 .debug_str     0x00005102      0x269 LaserLib/CTimer1.o
                                0x8c5 (size before relaxing)
 .debug_str     0x0000536b      0x56b LaserLib/CUSART.o
                                0x7bd (size before relaxing)
 .debug_str     0x000058d6      0x4e2 LaserLib/intx128.o
                                0x6c8 (size before relaxing)
 .debug_str     0x00005db8     0x124f main.o
                               0x261c (size before relaxing)
 .debug_str     0x00007007      0x2e0 MODBUS/CMBProtocol.o
                                0x560 (size before relaxing)
 .debug_str     0x000072e7      0x5e7 MODBUS/CMBSender.o
                                0xb4b (size before relaxing)
 .debug_str     0x000078ce      0xcd4 Periphery/CDGUSUSART.o
                               0x1676 (size before relaxing)
 .debug_str     0x000085a2       0x7d Periphery/CDS18B20.o
                                0x517 (size before relaxing)
 .debug_str     0x0000861f      0x5b5 Periphery/CLaserBoard.o
                                0xce6 (size before relaxing)
 .debug_str     0x00008bd4      0x3a2 Periphery/CSoundPlayer.o
                                0xc2d (size before relaxing)
 .debug_str     0x00008f76      0x263 Periphery/CTimerC.o
                               0x12a2 (size before relaxing)
 .debug_str     0x000091d9      0x1db Periphery/CTimerC1.o
                               0x1151 (size before relaxing)
 .debug_str     0x000093b4      0x109 Periphery/CTimerD.o
                               0x12a2 (size before relaxing)
 .debug_str     0x000094bd      0x205 Periphery/CTimerD1.o
                               0x1151 (size before relaxing)
 .debug_str     0x000096c2      0x197 Periphery/CTimerF.o
                               0x1318 (size before relaxing)

.debug_loc      0x00000000     0xbe8b
 *(.debug_loc)
 .debug_loc     0x00000000      0x8cf CDGUSDatabase.o
 .debug_loc     0x000008cf     0x27d1 CLaserControlApp.o
 .debug_loc     0x000030a0      0x2ad DGUSGUI.o
 .debug_loc     0x0000334d      0x276 LaserLib/CSPI.o
 .debug_loc     0x000035c3     0x50e2 LaserLib/intx128.o
 .debug_loc     0x000086a5       0xab main.o
 .debug_loc     0x00008750      0x7ef MODBUS/CMBProtocol.o
 .debug_loc     0x00008f3f      0xf70 MODBUS/CMBSender.o
 .debug_loc     0x00009eaf      0x210 Periphery/CDGUSUSART.o
 .debug_loc     0x0000a0bf      0x49a Periphery/CDS18B20.o
 .debug_loc     0x0000a559      0x532 Periphery/CLaserBoard.o
 .debug_loc     0x0000aa8b      0x344 Periphery/CSoundPlayer.o
 .debug_loc     0x0000adcf      0x366 Periphery/CTimerC.o
 .debug_loc     0x0000b135      0x2fe Periphery/CTimerC1.o
 .debug_loc     0x0000b433      0x366 Periphery/CTimerD.o
 .debug_loc     0x0000b799      0x2fe Periphery/CTimerD1.o
 .debug_loc     0x0000ba97      0x3f4 Periphery/CTimerF.o

.debug_macinfo
 *(.debug_macinfo)

.debug_weaknames
 *(.debug_weaknames)

.debug_funcnames
 *(.debug_funcnames)

.debug_typenames
 *(.debug_typenames)

.debug_varnames
 *(.debug_varnames)

.debug_pubtypes
 *(.debug_pubtypes)

.debug_ranges   0x00000000      0xc18
 *(.debug_ranges)
 .debug_ranges  0x00000000       0x60 CDGUSDatabase.o
 .debug_ranges  0x00000060      0x188 CLaserControlApp.o
 .debug_ranges  0x000001e8       0x30 DGUSGUI.o
 .debug_ranges  0x00000218       0x48 LaserLib/CSPI.o
 .debug_ranges  0x00000260       0x18 LaserLib/CTimer.o
 .debug_ranges  0x00000278       0x18 LaserLib/CTimer1.o
 .debug_ranges  0x00000290       0x18 LaserLib/CUSART.o
 .debug_ranges  0x000002a8      0x338 LaserLib/intx128.o
 .debug_ranges  0x000005e0       0x48 main.o
 .debug_ranges  0x00000628       0x78 MODBUS/CMBProtocol.o
 .debug_ranges  0x000006a0       0xe8 MODBUS/CMBSender.o
 .debug_ranges  0x00000788       0x68 Periphery/CDGUSUSART.o
 .debug_ranges  0x000007f0       0x48 Periphery/CDS18B20.o
 .debug_ranges  0x00000838       0xb8 Periphery/CLaserBoard.o
 .debug_ranges  0x000008f0       0x50 Periphery/CSoundPlayer.o
 .debug_ranges  0x00000940       0x98 Periphery/CTimerC.o
 .debug_ranges  0x000009d8       0x80 Periphery/CTimerC1.o
 .debug_ranges  0x00000a58       0x98 Periphery/CTimerD.o
 .debug_ranges  0x00000af0       0x80 Periphery/CTimerD1.o
 .debug_ranges  0x00000b70       0xa8 Periphery/CTimerF.o

.debug_macro
 *(.debug_macro)
OUTPUT(ATxmegaLaserDiode.elf elf32-avr)
LOAD linker stubs