Archive member included to satisfy reference by file (symbol)

c:/program files (x86)/atmel/studio/7.0/toolchain/avr8/avr8-gnu-toolchain/bin/../lib/gcc/avr/4.9.2/avrxmega6\libgcc.a(_mulsi3.o)
                              CLaserControlApp.o (__mulsi3)
c:/program files (x86)/atmel/studio/7.0/toolchain/avr8/avr8-gnu-toolchain/bin/../lib/gcc/avr/4.9.2/avrxmega6\libgcc.a(_udivmodhi4.o)
                              CLaserControlApp.o (__udivmodhi4)
c:/program files (x86)/atmel/studio/7.0/toolchain/avr8/avr8-gnu-toolchain/bin/../lib/gcc/avr/4.9.2/avrxmega6\libgcc.a(_udivmodsi4.o)
                              CLaserControlApp.o (__udivmodsi4)
c:/program files (x86)/atmel/studio/7.0/toolchain/avr8/avr8-gnu-toolchain/bin/../lib/gcc/avr/4.9.2/avrxmega6\libgcc.a(_divmodsi4.o)
                              Periphery/CSoundPlayer.o (__divmodsi4)
c:/program files (x86)/atmel/studio/7.0/toolchain/avr8/avr8-gnu-toolchain/bin/../lib/gcc/avr/4.9.2/avrxmega6\libgcc.a(_negsi2.o)
                              c:/program files (x86)/atmel/studio/7.0/toolchain/avr8/avr8-gnu-toolchain/bin/../lib/gcc/avr/4.9.2/avrxmega6\libgcc.a(_divmodsi4.o) (__negsi2)
c:/program files (x86)/atmel/studio/7.0/toolchain/avr8/avr8-gnu-toolchain/bin/../lib/gcc/avr/4.9.2/avrxmega6\libgcc.a(_exit.o)
                              C:/Program Files (x86)/Atmel/Studio/7.0/Packs/atmel/XMEGAA_DFP/1.0.36/gcc/dev/atxmega128a3u/avrxmega6/crtatxmega128a3u.o (exit)
c:/program files (x86)/atmel/studio/7.0/toolchain/avr8/avr8-gnu-toolchain/bin/../lib/gcc/avr/4.9.2/avrxmega6\libgcc.a(_tablejump2.o)
                              CLaserControlApp.o (__tablejump2__)
c:/program files (x86)/atmel/studio/7.0/toolchain/avr8/avr8-gnu-toolchain/bin/../lib/gcc/avr/4.9.2/avrxmega6\libgcc.a(_copy_data.o)
                              CLaserControlApp.o (__do_copy_data)
c:/program files (x86)/atmel/studio/7.0/toolchain/avr8/avr8-gnu-toolchain/bin/../lib/gcc/avr/4.9.2/avrxmega6\libgcc.a(_clear_bss.o)
                              CLaserControlApp.o (__do_clear_bss)
c:/program files (x86)/atmel/studio/7.0/toolchain/avr8/avr8-gnu-toolchain/bin/../lib/gcc/avr/4.9.2/avrxmega6\libgcc.a(_ctors.o)
                              CLaserControlApp.o (__do_global_ctors)
c:/program files (x86)/atmel/studio/7.0/toolchain/avr8/avr8-gnu-toolchain/bin/../lib/gcc/avr/4.9.2/avrxmega6\libgcc.a(_dtors.o)
                              CLaserControlApp.o (__do_global_dtors)
c:/program files (x86)/atmel/studio/7.0/toolchain/avr8/avr8-gnu-toolchain/bin/../lib/gcc/avr/4.9.2/avrxmega6\libgcc.a(_umulhisi3.o)
                              CLaserControlApp.o (__umulhisi3)
c:/program files (x86)/atmel/studio/7.0/toolchain/avr8/avr8-gnu-toolchain/bin/../lib/gcc/avr/4.9.2/avrxmega6\libgcc.a(_muluhisi3.o)
                              c:/program files (x86)/atmel/studio/7.0/toolchain/avr8/avr8-gnu-toolchain/bin/../lib/gcc/avr/4.9.2/avrxmega6\libgcc.a(_mulsi3.o) (__muluhisi3)
c:/program files (x86)/atmel/studio/7.0/toolchain/avr8/avr8-gnu-toolchain/bin/../lib/gcc/avr/4.9.2/../../../../avr/lib/avrxmega6\libc.a(malloc.o)
                              LaserLib/CSPI.o (malloc)
c:/program files (x86)/atmel/studio/7.0/toolchain/avr8/avr8-gnu-toolchain/bin/../lib/gcc/avr/4.9.2/../../../../avr/lib/avrxmega6\libc.a(memcpy.o)
                              CDGUSDatabase.o (memcpy)

Allocating common symbols
Common symbol       size              file

__brkval            0x2               c:/program files (x86)/atmel/studio/7.0/toolchain/avr8/avr8-gnu-toolchain/bin/../lib/gcc/avr/4.9.2/../../../../avr/lib/avrxmega6\libc.a(malloc.o)
__flp               0x2               c:/program files (x86)/atmel/studio/7.0/toolchain/avr8/avr8-gnu-toolchain/bin/../lib/gcc/avr/4.9.2/../../../../avr/lib/avrxmega6\libc.a(malloc.o)

Discarded input sections

 .data          0x00000000        0x0 C:/Program Files (x86)/Atmel/Studio/7.0/Packs/atmel/XMEGAA_DFP/1.0.36/gcc/dev/atxmega128a3u/avrxmega6/crtatxmega128a3u.o
 .bss           0x00000000        0x0 C:/Program Files (x86)/Atmel/Studio/7.0/Packs/atmel/XMEGAA_DFP/1.0.36/gcc/dev/atxmega128a3u/avrxmega6/crtatxmega128a3u.o
 .text          0x00000000        0x0 CDGUSDatabase.o
 .data          0x00000000        0x0 CDGUSDatabase.o
 .bss           0x00000000        0x0 CDGUSDatabase.o
 .text._ZN13CDGUSDatabase15WriteToDatabaseEPvjm
                0x00000000      0x102 CDGUSDatabase.o
 .text._ZN13CDGUSDatabase16ReadFromDatabaseEPvjm
                0x00000000       0xf0 CDGUSDatabase.o
 .text._ZN13CDGUSDatabase11WriteEnableEv
                0x00000000       0x3e CDGUSDatabase.o
 .text._ZN13CDGUSDatabase12WriteDisableEv
                0x00000000       0x3c CDGUSDatabase.o
 .text._ZN13CDGUSDatabase18OnVariableReceivedEjPjj
                0x00000000       0x20 CDGUSDatabase.o
 .group         0x00000000        0x8 CLaserControlApp.o
 .text          0x00000000        0x0 CLaserControlApp.o
 .data          0x00000000        0x0 CLaserControlApp.o
 .bss           0x00000000        0x0 CLaserControlApp.o
[...]
Memory Configuration

Name             Origin             Length             Attributes
text             0x00000000         0x00100000         xr
data             0x00802000         0x0000ffa0         rw !x
eeprom           0x00810000         0x00010000         rw !x
fuse             0x00820000         0x00000400         rw !x
lock             0x00830000         0x00000400         rw !x
signature        0x00840000         0x00000400         rw !x
user_signatures  0x00850000         0x00000400         rw !x
*default*        0x00000000         0xffffffff

Linker script and memory map

LOAD C:/Program Files (x86)/Atmel/Studio/7.0/Packs/atmel/XMEGAA_DFP/1.0.36/gcc/dev/atxmega128a3u/avrxmega6/crtatxmega128a3u.o
LOAD CDGUSDatabase.o
LOAD CLaserControlApp.o
LOAD DGUSGUI.o
LOAD LaserLib/CSPI.o
LOAD LaserLib/CTimer.o
LOAD LaserLib/CUSART.o
LOAD LaserLib/intx128.o
LOAD main.o
LOAD MODBUS/CMBProtocol.o
LOAD MODBUS/CMBSender.o
LOAD Periphery/CDGUSUSART.o
LOAD Periphery/CLaserBoard.o
LOAD Periphery/CSoundPlayer.o
LOAD Periphery/CTimerC.o
LOAD Periphery/CTimerD.o
LOAD Periphery/CTimerF.o
START GROUP
LOAD c:/program files (x86)/atmel/studio/7.0/toolchain/avr8/avr8-gnu-toolchain/bin/../lib/gcc/avr/4.9.2/../../../../avr/lib/avrxmega6\libm.a
END GROUP
LOAD c:/program files (x86)/atmel/studio/7.0/toolchain/avr8/avr8-gnu-toolchain/bin/../lib/gcc/avr/4.9.2/avrxmega6\libgcc.a
LOAD c:/program files (x86)/atmel/studio/7.0/toolchain/avr8/avr8-gnu-toolchain/bin/../lib/gcc/avr/4.9.2/../../../../avr/lib/avrxmega6\libm.a
START GROUP
LOAD c:/program files (x86)/atmel/studio/7.0/toolchain/avr8/avr8-gnu-toolchain/bin/../lib/gcc/avr/4.9.2/avrxmega6\libgcc.a
LOAD c:/program files (x86)/atmel/studio/7.0/toolchain/avr8/avr8-gnu-toolchain/bin/../lib/gcc/avr/4.9.2/../../../../avr/lib/avrxmega6\libm.a
LOAD c:/program files (x86)/atmel/studio/7.0/toolchain/avr8/avr8-gnu-toolchain/bin/../lib/gcc/avr/4.9.2/../../../../avr/lib/avrxmega6\libc.a
LOAD C:/Program Files (x86)/Atmel/Studio/7.0/Packs/atmel/XMEGAA_DFP/1.0.36/gcc/dev/atxmega128a3u/avrxmega6\libatxmega128a3u.a
END GROUP

.hash
 *(.hash)

.dynsym
 *(.dynsym)

.dynstr
 *(.dynstr)

.gnu.version
 *(.gnu.version)

.gnu.version_d
 *(.gnu.version_d)

.gnu.version_r
 *(.gnu.version_r)

.rel.init
 *(.rel.init)

.rela.init
 *(.rela.init)

.rel.text
 *(.rel.text)
 *(.rel.text.*)
 *(.rel.gnu.linkonce.t*)

.rela.text
 *(.rela.text)
 *(.rela.text.*)
 *(.rela.gnu.linkonce.t*)

.rel.fini
 *(.rel.fini)

.rela.fini
 *(.rela.fini)

.rel.rodata
 *(.rel.rodata)
 *(.rel.rodata.*)
 *(.rel.gnu.linkonce.r*)

.rela.rodata
 *(.rela.rodata)
 *(.rela.rodata.*)
 *(.rela.gnu.linkonce.r*)

.rel.data
 *(.rel.data)
 *(.rel.data.*)
 *(.rel.gnu.linkonce.d*)

.rela.data
 *(.rela.data)
 *(.rela.data.*)
 *(.rela.gnu.linkonce.d*)

.rel.ctors
 *(.rel.ctors)

.rela.ctors
 *(.rela.ctors)

.rel.dtors
 *(.rel.dtors)

.rela.dtors
 *(.rela.dtors)

.rel.got
 *(.rel.got)

.rela.got
 *(.rela.got)

.rel.bss
 *(.rel.bss)

.rela.bss
 *(.rela.bss)

.rel.plt
 *(.rel.plt)

.rela.plt
 *(.rela.plt)

.text           0x00000000     0x519c
 *(.vectors)
 .vectors       0x00000000      0x1fc C:/Program Files (x86)/Atmel/Studio/7.0/Packs/atmel/XMEGAA_DFP/1.0.36/gcc/dev/atxmega128a3u/avrxmega6/crtatxmega128a3u.o
                0x00000000                __vector_default
                0x00000000                __vectors
 *(.vectors)
 *(.progmem.gcc*)
 .progmem.gcc_sw_table._ZN16CLaserControlApp18OnRegisterReceivedEhPhh
                0x000001fc       0x4c CLaserControlApp.o
 .progmem.gcc_sw_table._ZN16CLaserControlApp18OnVariableReceivedEjPjj
                0x00000248       0x24 CLaserControlApp.o
 .progmem.gcc_sw_table._ZN16CLaserControlApp3RunEv
                0x0000026c       0x1c CLaserControlApp.o
 .progmem.gcc_sw_table._ZN9CMBSender13OnReceiveByteEh
                0x00000288       0x16 MODBUS/CMBSender.o
                0x0000029e                . = ALIGN (0x2)
                0x0000029e                __trampolines_start = .
 *(.trampolines)
 .trampolines   0x0000029e      0x224 linker stubs
 *(.trampolines*)
                0x000004c2                __trampolines_end = .
 *(.progmem*)
                0x000004c2                . = ALIGN (0x2)
 *(.jumptables)
 *(.jumptables*)
 *(.lowtext)
 *(.lowtext*)
                0x000004c2                __ctors_start = .
 *(.ctors)
 .ctors         0x000004c2        0x2 CLaserControlApp.o
 .ctors         0x000004c4        0x2 main.o
                0x000004c6                __ctors_end = .
                0x000004c6                __dtors_start = .
 *(.dtors)
 .dtors         0x000004c6        0x2 CLaserControlApp.o
 .dtors         0x000004c8        0x2 main.o
                0x000004ca                __dtors_end = .
 SORT(*)(.ctors)
 SORT(*)(.dtors)
 *(.init0)
 .init0         0x000004ca        0x0 C:/Program Files (x86)/Atmel/Studio/7.0/Packs/atmel/XMEGAA_DFP/1.0.36/gcc/dev/atxmega128a3u/avrxmega6/crtatxmega128a3u.o
                0x000004ca                __init
 *(.init0)
 *(.init1)
 *(.init1)
 *(.init2)
 .init2         0x000004ca       0x10 C:/Program Files (x86)/Atmel/Studio/7.0/Packs/atmel/XMEGAA_DFP/1.0.36/gcc/dev/atxmega128a3u/avrxmega6/crtatxmega128a3u.o
 *(.init2)
 *(.init3)
 *(.init3)
 *(.init4)
 .init4         0x000004da       0x1a c:/program files (x86)/atmel/studio/7.0/toolchain/avr8/avr8-gnu-toolchain/bin/../lib/gcc/avr/4.9.2/avrxmega6\libgcc.a(_copy_data.o)
                0x000004da                __do_copy_data
 .init4         0x000004f4       0x10 c:/program files (x86)/atmel/studio/7.0/toolchain/avr8/avr8-gnu-toolchain/bin/../lib/gcc/avr/4.9.2/avrxmega6\libgcc.a(_clear_bss.o)
                0x000004f4                __do_clear_bss
 *(.init4)
 *(.init5)
 *(.init5)
 *(.init6)
 .init6         0x00000504       0x20 c:/program files (x86)/atmel/studio/7.0/toolchain/avr8/avr8-gnu-toolchain/bin/../lib/gcc/avr/4.9.2/avrxmega6\libgcc.a(_ctors.o)
                0x00000504                __do_global_ctors
 *(.init6)
 *(.init7)
 *(.init7)
 *(.init8)
 *(.init8)
 *(.init9)
 .init9         0x00000524        0x8 C:/Program Files (x86)/Atmel/Studio/7.0/Packs/atmel/XMEGAA_DFP/1.0.36/gcc/dev/atxmega128a3u/avrxmega6/crtatxmega128a3u.o
 *(.init9)
 *(.text)
 .text          0x0000052c        0x4 C:/Program Files (x86)/Atmel/Studio/7.0/Packs/atmel/XMEGAA_DFP/1.0.36/gcc/dev/atxmega128a3u/avrxmega6/crtatxmega128a3u.o
                0x0000052c                __vector_75
                0x0000052c                __vector_102
                0x0000052c                __bad_interrupt
                0x0000052c                __vector_122
                0x0000052c                __vector_114
                0x0000052c                __vector_117
                0x0000052c                __vector_107
                0x0000052c                __vector_98
                0x0000052c                __vector_99
                0x0000052c                __vector_125
                0x0000052c                __vector_123
                0x0000052c                __vector_100
                0x0000052c                __vector_101
                0x0000052c                __vector_76
                0x0000052c                __vector_115
                0x0000052c                __vector_95
                0x0000052c                __vector_103
                0x0000052c                __vector_96
                0x0000052c                __vector_106
                0x0000052c                __vector_118
                0x0000052c                __vector_94
                0x0000052c                __vector_126
                0x0000052c                __vector_124
                0x0000052c                __vector_116
                0x0000052c                __vector_97
                0x00000530                . = ALIGN (0x2)
 *(.text.*)
 .text._ZN13CDGUSDatabaseC2Ev
                0x00000530        0x2 CDGUSDatabase.o
                0x00000530                _ZN13CDGUSDatabaseC2Ev
                0x00000530                _ZN13CDGUSDatabaseC1Ev
 .text._ZN13CDGUSDatabaseD2Ev
                0x00000532        0x2 CDGUSDatabase.o
                0x00000532                _ZN13CDGUSDatabaseD2Ev
                0x00000532                _ZN13CDGUSDatabaseD1Ev
 .text._ZN13CDGUSDatabase10InitializeEP9CMBSenderj
                0x00000534       0x18 CDGUSDatabase.o
                0x00000534                _ZN13CDGUSDatabase10InitializeEP9CMBSenderj
 .text._ZN13CDGUSDatabase18MapDatabaseToWriteEjmj
                0x0000054c       0xca CDGUSDatabase.o
                0x0000054c                _ZN13CDGUSDatabase18MapDatabaseToWriteEjmj
 .text._ZN13CDGUSDatabase17MapDatabaseToReadEjmj
                0x00000616       0xca CDGUSDatabase.o
                0x00000616                _ZN13CDGUSDatabase17MapDatabaseToReadEjmj
 .text._ZN13CDGUSDatabase5UnMapEv
                0x000006e0       0x3c CDGUSDatabase.o
                0x000006e0                _ZN13CDGUSDatabase5UnMapEv
 .text._ZN16CLaserControlApp21OnTransactionCallbackEPhj
                0x0000071c        0x2 CLaserControlApp.o
                0x0000071c                _ZN16CLaserControlApp21OnTransactionCallbackEPhj
 .text._ZN16CLaserControlApp18OnRegisterReceivedEhPhh
                0x0000071e       0xb0 CLaserControlApp.o
                0x0000071e                _ZN16CLaserControlApp18OnRegisterReceivedEhPhh
 .text._ZN16CLaserControlApp18OnVariableReceivedEjPjj
                0x000007ce      0x180 CLaserControlApp.o
                0x000007ce                _ZN16CLaserControlApp18OnVariableReceivedEjPjj
 .text._ZN16CLaserControlAppC2Ev
                0x0000094e        0xc CLaserControlApp.o
                0x0000094e                _ZN16CLaserControlAppC2Ev
                0x0000094e                _ZN16CLaserControlAppC1Ev
 .text._ZN16CLaserControlAppD2Ev
                0x0000095a       0x10 CLaserControlApp.o
                0x0000095a                _ZN16CLaserControlAppD2Ev
                0x0000095a                _ZN16CLaserControlAppD1Ev
 .text._ZN16CLaserControlApp5StartEv
                0x0000096a       0x80 CLaserControlApp.o
                0x0000096a                _ZN16CLaserControlApp5StartEv
 .text._ZN16CLaserControlApp22CalculateLaserSettingsEP24DGUS_LASERPROFILE_STRUCT
                0x000009ea      0x17a CLaserControlApp.o
                0x000009ea                _ZN16CLaserControlApp22CalculateLaserSettingsEP24DGUS_LASERPROFILE_STRUCT
 .text._ZN16CLaserControlApp11GetVariableEjj
                0x00000b64       0x28 CLaserControlApp.o
                0x00000b64                _ZN16CLaserControlApp11GetVariableEjj
 .text._ZN16CLaserControlApp11SetVariableEjPjj
                0x00000b8c       0x20 CLaserControlApp.o
                0x00000b8c                _ZN16CLaserControlApp11SetVariableEjPjj
 .text._ZN16CLaserControlApp12SetPictureIdEj
                0x00000bac       0x4c CLaserControlApp.o
                0x00000bac                _ZN16CLaserControlApp12SetPictureIdEj
 .text._ZN16CLaserControlApp12OnLaserTimerEv
                0x00000bf8       0x3c CLaserControlApp.o
                0x00000bf8                _ZN16CLaserControlApp12OnLaserTimerEv
 .text._ZN16CLaserControlApp18OnLaserTimerStaticEPv
                0x00000c34        0x6 CLaserControlApp.o
                0x00000c34                _ZN16CLaserControlApp18OnLaserTimerStaticEPv
 .text._GLOBAL__sub_I_timer
                0x00000c3a       0x12 CLaserControlApp.o
 .text._GLOBAL__sub_D_timer
                0x00000c4c       0x12 CLaserControlApp.o
 .text._ZN16CLaserControlApp10InitializeEP9CMBSender
                0x00000c5e      0x20a CLaserControlApp.o
                0x00000c5e                _ZN16CLaserControlApp10InitializeEP9CMBSender
 .text._ZN16CLaserControlApp3RunEv
                0x00000e68      0x412 CLaserControlApp.o
                0x00000e68                _ZN16CLaserControlApp3RunEv
 .text._ZN16CLaserControlApp9OnTimeoutEv
                0x0000127a       0x16 CLaserControlApp.o
                0x0000127a                _ZN16CLaserControlApp9OnTimeoutEv
 .text._ZN16CLaserControlApp7OnTimerEv
                0x00001290       0xde CLaserControlApp.o
                0x00001290                _ZN16CLaserControlApp7OnTimerEv
 .text._ZN16CLaserControlApp13OnTimerStaticEPv
                0x0000136e        0x6 CLaserControlApp.o
                0x0000136e                _ZN16CLaserControlApp13OnTimerStaticEPv
 .text._Z11ConvertDataPvS_jj
                0x00001374       0x58 DGUSGUI.o
                0x00001374                _Z11ConvertDataPvS_jj
 .text._Z4swapj
                0x000013cc        0x8 DGUSGUI.o
                0x000013cc                _Z4swapj
 .text._Z6swap32m
                0x000013d4        0x8 DGUSGUI.o
                0x000013d4                _Z6swap32m
 .text._ZN4CSPIC2Ev
                0x000013dc        0x2 LaserLib/CSPI.o
                0x000013dc                _ZN4CSPIC2Ev
                0x000013dc                _ZN4CSPIC1Ev
 .text._ZN4CSPID2Ev
                0x000013de        0x2 LaserLib/CSPI.o
                0x000013de                _ZN4CSPID2Ev
                0x000013de                _ZN4CSPID1Ev
 .text._ZN4CSPI10InitializeEb19SPI_DATA_ORDER_ENUM13SPI_MODE_ENUMb18SPI_PRESCALER_enum
                0x000013e0       0x88 LaserLib/CSPI.o
                0x000013e0                _ZN4CSPI10InitializeEb19SPI_DATA_ORDER_ENUM13SPI_MODE_ENUMb18SPI_PRESCALER_enum
 .text._ZN4CSPI4SendEPhj
                0x00001468       0x40 LaserLib/CSPI.o
                0x00001468                _ZN4CSPI4SendEPhj
 .text._ZN4CSPI10OnTransmitEv
                0x000014a8       0x30 LaserLib/CSPI.o
                0x000014a8                _ZN4CSPI10OnTransmitEv
 .text._ZN4CSPI16StaticOnTransmitEPv
                0x000014d8        0x6 LaserLib/CSPI.o
                0x000014d8                _ZN4CSPI16StaticOnTransmitEPv
 .text._ZN6CTimerC2Ev
                0x000014de        0xc LaserLib/CTimer.o
                0x000014de                _ZN6CTimerC1Ev
                0x000014de                _ZN6CTimerC2Ev
 .text._ZN6CTimerD2Ev
                0x000014ea        0x2 LaserLib/CTimer.o
                0x000014ea                _ZN6CTimerD1Ev
                0x000014ea                _ZN6CTimerD2Ev
 .text._ZN6CUSARTC2Ev
                0x000014ec        0xc LaserLib/CUSART.o
                0x000014ec                _ZN6CUSARTC2Ev
                0x000014ec                _ZN6CUSARTC1Ev
 .text._ZN6CUSARTD2Ev
                0x000014f8        0x2 LaserLib/CUSART.o
                0x000014f8                _ZN6CUSARTD1Ev
                0x000014f8                _ZN6CUSARTD2Ev
 .text.__vector_1
                0x000014fa       0x62 LaserLib/intx128.o
                0x000014fa                __vector_1
 .text.__vector_2
                0x0000155c       0x62 LaserLib/intx128.o
                0x0000155c                __vector_2
 .text.__vector_3
                0x000015be       0x62 LaserLib/intx128.o
                0x000015be                __vector_3
 .text.__vector_4
                0x00001620       0x62 LaserLib/intx128.o
                0x00001620                __vector_4
 .text.__vector_5
                0x00001682       0x62 LaserLib/intx128.o
                0x00001682                __vector_5
 .text.__vector_6
                0x000016e4       0x62 LaserLib/intx128.o
                0x000016e4                __vector_6
 .text.__vector_7
                0x00001746       0x62 LaserLib/intx128.o
                0x00001746                __vector_7
 .text.__vector_8
                0x000017a8       0x62 LaserLib/intx128.o
                0x000017a8                __vector_8
 .text.__vector_9
                0x0000180a       0x62 LaserLib/intx128.o
                0x0000180a                __vector_9
 .text.__vector_10
                0x0000186c       0x62 LaserLib/intx128.o
                0x0000186c                __vector_10
 .text.__vector_11
                0x000018ce       0x62 LaserLib/intx128.o
                0x000018ce                __vector_11
 .text.__vector_12
                0x00001930       0x62 LaserLib/intx128.o
                0x00001930                __vector_12
 .text.__vector_13
                0x00001992       0x62 LaserLib/intx128.o
                0x00001992                __vector_13
 .text.__vector_14
                0x000019f4       0x62 LaserLib/intx128.o
                0x000019f4                __vector_14
 .text.__vector_15
                0x00001a56       0x62 LaserLib/intx128.o
                0x00001a56                __vector_15
 .text.__vector_16
                0x00001ab8       0x62 LaserLib/intx128.o
                0x00001ab8                __vector_16
 .text.__vector_17
                0x00001b1a       0x62 LaserLib/intx128.o
                0x00001b1a                __vector_17
 .text.__vector_18
                0x00001b7c       0x62 LaserLib/intx128.o
                0x00001b7c                __vector_18
 .text.__vector_19
                0x00001bde       0x62 LaserLib/intx128.o
                0x00001bde                __vector_19
 .text.__vector_20
                0x00001c40       0x62 LaserLib/intx128.o
                0x00001c40                __vector_20
 .text.__vector_21
                0x00001ca2       0x62 LaserLib/intx128.o
                0x00001ca2                __vector_21
 .text.__vector_22
                0x00001d04       0x62 LaserLib/intx128.o
                0x00001d04                __vector_22
 .text.__vector_23
                0x00001d66       0x62 LaserLib/intx128.o
                0x00001d66                __vector_23
 .text.__vector_24
                0x00001dc8       0x62 LaserLib/intx128.o
                0x00001dc8                __vector_24
 .text.__vector_25
                0x00001e2a       0x62 LaserLib/intx128.o
                0x00001e2a                __vector_25
 .text.__vector_26
                0x00001e8c       0x62 LaserLib/intx128.o
                0x00001e8c                __vector_26
 .text.__vector_27
                0x00001eee       0x62 LaserLib/intx128.o
                0x00001eee                __vector_27
 .text.__vector_28
                0x00001f50       0x62 LaserLib/intx128.o
                0x00001f50                __vector_28
 .text.__vector_29
                0x00001fb2       0x62 LaserLib/intx128.o
                0x00001fb2                __vector_29
 .text.__vector_30
                0x00002014       0x62 LaserLib/intx128.o
                0x00002014                __vector_30
 .text.__vector_31
                0x00002076       0x62 LaserLib/intx128.o
                0x00002076                __vector_31
 .text.__vector_32
                0x000020d8       0x62 LaserLib/intx128.o
                0x000020d8                __vector_32
 .text.__vector_33
                0x0000213a       0x62 LaserLib/intx128.o
                0x0000213a                __vector_33
 .text.__vector_34
                0x0000219c       0x62 LaserLib/intx128.o
                0x0000219c                __vector_34
 .text.__vector_35
                0x000021fe       0x62 LaserLib/intx128.o
                0x000021fe                __vector_35
 .text.__vector_36
                0x00002260       0x62 LaserLib/intx128.o
                0x00002260                __vector_36
 .text.__vector_37
                0x000022c2       0x62 LaserLib/intx128.o
                0x000022c2                __vector_37
 .text.__vector_38
                0x00002324       0x62 LaserLib/intx128.o
                0x00002324                __vector_38
 .text.__vector_39
                0x00002386       0x62 LaserLib/intx128.o
                0x00002386                __vector_39
 .text.__vector_40
                0x000023e8       0x62 LaserLib/intx128.o
                0x000023e8                __vector_40
 .text.__vector_41
                0x0000244a       0x62 LaserLib/intx128.o
                0x0000244a                __vector_41
 .text.__vector_42
                0x000024ac       0x62 LaserLib/intx128.o
                0x000024ac                __vector_42
 .text.__vector_43
                0x0000250e       0x62 LaserLib/intx128.o
                0x0000250e                __vector_43
 .text.__vector_44
                0x00002570       0x62 LaserLib/intx128.o
                0x00002570                __vector_44
 .text.__vector_45
                0x000025d2       0x62 LaserLib/intx128.o
                0x000025d2                __vector_45
 .text.__vector_46
                0x00002634       0x62 LaserLib/intx128.o
                0x00002634                __vector_46
 .text.__vector_47
                0x00002696       0x62 LaserLib/intx128.o
                0x00002696                __vector_47
 .text.__vector_48
                0x000026f8       0x62 LaserLib/intx128.o
                0x000026f8                __vector_48
 .text.__vector_49
                0x0000275a       0x62 LaserLib/intx128.o
                0x0000275a                __vector_49
 .text.__vector_50
                0x000027bc       0x62 LaserLib/intx128.o
                0x000027bc                __vector_50
 .text.__vector_51
                0x0000281e       0x62 LaserLib/intx128.o
                0x0000281e                __vector_51
 .text.__vector_52
                0x00002880       0x62 LaserLib/intx128.o
                0x00002880                __vector_52
 .text.__vector_53
                0x000028e2       0x62 LaserLib/intx128.o
                0x000028e2                __vector_53
 .text.__vector_54
                0x00002944       0x62 LaserLib/intx128.o
                0x00002944                __vector_54
 .text.__vector_55
                0x000029a6       0x62 LaserLib/intx128.o
                0x000029a6                __vector_55
 .text.__vector_56
                0x00002a08       0x62 LaserLib/intx128.o
                0x00002a08                __vector_56
 .text.__vector_57
                0x00002a6a       0x62 LaserLib/intx128.o
                0x00002a6a                __vector_57
 .text.__vector_58
                0x00002acc       0x62 LaserLib/intx128.o
                0x00002acc                __vector_58
 .text.__vector_59
                0x00002b2e       0x62 LaserLib/intx128.o
                0x00002b2e                __vector_59
 .text.__vector_60
                0x00002b90       0x62 LaserLib/intx128.o
                0x00002b90                __vector_60
 .text.__vector_61
                0x00002bf2       0x62 LaserLib/intx128.o
                0x00002bf2                __vector_61
 .text.__vector_62
                0x00002c54       0x62 LaserLib/intx128.o
                0x00002c54                __vector_62
 .text.__vector_63
                0x00002cb6       0x62 LaserLib/intx128.o
                0x00002cb6                __vector_63
 .text.__vector_64
                0x00002d18       0x62 LaserLib/intx128.o
                0x00002d18                __vector_64
 .text.__vector_65
                0x00002d7a       0x62 LaserLib/intx128.o
                0x00002d7a                __vector_65
 .text.__vector_66
                0x00002ddc       0x62 LaserLib/intx128.o
                0x00002ddc                __vector_66
 .text.__vector_67
                0x00002e3e       0x62 LaserLib/intx128.o
                0x00002e3e                __vector_67
 .text.__vector_68
                0x00002ea0       0x62 LaserLib/intx128.o
                0x00002ea0                __vector_68
 .text.__vector_69
                0x00002f02       0x62 LaserLib/intx128.o
                0x00002f02                __vector_69
 .text.__vector_70
                0x00002f64       0x62 LaserLib/intx128.o
                0x00002f64                __vector_70
 .text.__vector_71
                0x00002fc6       0x62 LaserLib/intx128.o
                0x00002fc6                __vector_71
 .text.__vector_72
                0x00003028       0x62 LaserLib/intx128.o
                0x00003028                __vector_72
 .text.__vector_73
                0x0000308a       0x62 LaserLib/intx128.o
                0x0000308a                __vector_73
 .text.__vector_74
                0x000030ec       0x62 LaserLib/intx128.o
                0x000030ec                __vector_74
 .text.__vector_77
                0x0000314e       0x62 LaserLib/intx128.o
                0x0000314e                __vector_77
 .text.__vector_78
                0x000031b0       0x62 LaserLib/intx128.o
                0x000031b0                __vector_78
 .text.__vector_79
                0x00003212       0x62 LaserLib/intx128.o
                0x00003212                __vector_79
 .text.__vector_80
                0x00003274       0x62 LaserLib/intx128.o
                0x00003274                __vector_80
 .text.__vector_81
                0x000032d6       0x62 LaserLib/intx128.o
                0x000032d6                __vector_81
 .text.__vector_82
                0x00003338       0x62 LaserLib/intx128.o
                0x00003338                __vector_82
 .text.__vector_83
                0x0000339a       0x62 LaserLib/intx128.o
                0x0000339a                __vector_83
 .text.__vector_84
                0x000033fc       0x62 LaserLib/intx128.o
                0x000033fc                __vector_84
 .text.__vector_85
                0x0000345e       0x62 LaserLib/intx128.o
                0x0000345e                __vector_85
 .text.__vector_86
                0x000034c0       0x62 LaserLib/intx128.o
                0x000034c0                __vector_86
 .text.__vector_87
                0x00003522       0x62 LaserLib/intx128.o
                0x00003522                __vector_87
 .text.__vector_88
                0x00003584       0x62 LaserLib/intx128.o
                0x00003584                __vector_88
 .text.__vector_89
                0x000035e6       0x62 LaserLib/intx128.o
                0x000035e6                __vector_89
 .text.__vector_90
                0x00003648       0x62 LaserLib/intx128.o
                0x00003648                __vector_90
 .text.__vector_91
                0x000036aa       0x62 LaserLib/intx128.o
                0x000036aa                __vector_91
 .text.__vector_92
                0x0000370c       0x62 LaserLib/intx128.o
                0x0000370c                __vector_92
 .text.__vector_93
                0x0000376e       0x62 LaserLib/intx128.o
                0x0000376e                __vector_93
 .text.__vector_104
                0x000037d0       0x62 LaserLib/intx128.o
                0x000037d0                __vector_104
 .text.__vector_105
                0x00003832       0x62 LaserLib/intx128.o
                0x00003832                __vector_105
 .text.__vector_108
                0x00003894       0x62 LaserLib/intx128.o
                0x00003894                __vector_108
 .text.__vector_109
                0x000038f6       0x62 LaserLib/intx128.o
                0x000038f6                __vector_109
 .text.__vector_110
                0x00003958       0x62 LaserLib/intx128.o
                0x00003958                __vector_110
 .text.__vector_111
                0x000039ba       0x62 LaserLib/intx128.o
                0x000039ba                __vector_111
 .text.__vector_112
                0x00003a1c       0x62 LaserLib/intx128.o
                0x00003a1c                __vector_112
 .text.__vector_113
                0x00003a7e       0x62 LaserLib/intx128.o
                0x00003a7e                __vector_113
 .text.__vector_119
                0x00003ae0       0x62 LaserLib/intx128.o
                0x00003ae0                __vector_119
 .text.__vector_120
                0x00003b42       0x62 LaserLib/intx128.o
                0x00003b42                __vector_120
 .text.__vector_121
                0x00003ba4       0x62 LaserLib/intx128.o
                0x00003ba4                __vector_121
 .text.__cxa_pure_virtual
                0x00003c06        0x6 main.o
                0x00003c06                __cxa_pure_virtual
 .text._GLOBAL__sub_I_dacSPI
                0x00003c0c       0x42 main.o
 .text._GLOBAL__sub_D_dacSPI
                0x00003c4e       0x42 main.o
 .text._Z16SystemInitializev
                0x00003c90       0xbc main.o
                0x00003c90                _Z16SystemInitializev
 .text.main     0x00003d4c       0xb8 main.o
                0x00003d4c                main
 .text._ZN16CMBEventsHandler13FillRegDataTxEhPhh
                0x00003e04       0x62 MODBUS/CMBProtocol.o
                0x00003e04                _ZN16CMBEventsHandler13FillRegDataTxEhPhh
 .text._ZN16CMBEventsHandler13FillRegDataRqEhh
                0x00003e66       0x3e MODBUS/CMBProtocol.o
                0x00003e66                _ZN16CMBEventsHandler13FillRegDataRqEhh
 .text._ZN16CMBEventsHandler13FillVarDataTxEjPjj
                0x00003ea4       0x90 MODBUS/CMBProtocol.o
                0x00003ea4                _ZN16CMBEventsHandler13FillVarDataTxEjPjj
 .text._ZN16CMBEventsHandler13FillVarDataRqEjj
                0x00003f34       0x46 MODBUS/CMBProtocol.o
                0x00003f34                _ZN16CMBEventsHandler13FillVarDataRqEjj
 .text._ZN16CMBEventsHandler15AllocateBuffersEjj
                0x00003f7a       0x36 MODBUS/CMBProtocol.o
                0x00003f7a                _ZN16CMBEventsHandler15AllocateBuffersEjj
 .text._ZN16CMBEventsHandler11FreeBuffersEv
                0x00003fb0       0x1c MODBUS/CMBProtocol.o
                0x00003fb0                _ZN16CMBEventsHandler11FreeBuffersEv
 .text._ZN16CMBEventsHandlerD2Ev
                0x00003fcc        0x2 MODBUS/CMBProtocol.o
                0x00003fcc                _ZN16CMBEventsHandlerD2Ev
                0x00003fcc                _ZN16CMBEventsHandlerD1Ev
 .text._ZN9CMBSender18OnVariableReceivedEjPjj
                0x00003fce       0x1e MODBUS/CMBSender.o
                0x00003fce                _ZN9CMBSender18OnVariableReceivedEjPjj
 .text._ZN9CMBSender18OnRegisterReceivedEhPhh
                0x00003fec       0x1e MODBUS/CMBSender.o
                0x00003fec                _ZN9CMBSender18OnRegisterReceivedEhPhh
 .text._ZN9CMBSenderC2Ev
                0x0000400a        0xc MODBUS/CMBSender.o
                0x0000400a                _ZN9CMBSenderC2Ev
                0x0000400a                _ZN9CMBSenderC1Ev
 .text._ZN9CMBSender10InitializeEP6CTimerP6CUSARTP16CMBEventsHandlerjjj
                0x00004016       0xde MODBUS/CMBSender.o
                0x00004016                _ZN9CMBSender10InitializeEP6CTimerP6CUSARTP16CMBEventsHandlerjjj
 .text._ZN9CMBSenderD2Ev
                0x000040f4       0x10 MODBUS/CMBSender.o
                0x000040f4                _ZN9CMBSenderD1Ev
                0x000040f4                _ZN9CMBSenderD2Ev
 .text._ZN9CMBSender13OnReceiveByteEh
                0x00004104      0x15a MODBUS/CMBSender.o
                0x00004104                _ZN9CMBSender13OnReceiveByteEh
 .text._ZN9CMBSender18OnUSARTRxInterruptEPv
                0x0000425e       0x26 MODBUS/CMBSender.o
                0x0000425e                _ZN9CMBSender18OnUSARTRxInterruptEPv
 .text._ZN9CMBSender9OnTimeoutEv
                0x00004284       0x28 MODBUS/CMBSender.o
                0x00004284                _ZN9CMBSender9OnTimeoutEv
 .text._ZN9CMBSender18OnTimeoutInterruptEPv
                0x000042ac        0x6 MODBUS/CMBSender.o
                0x000042ac                _ZN9CMBSender18OnTimeoutInterruptEPv
 .text._ZN9CMBSender19StartMODBUSListenerEv
                0x000042b2       0x32 MODBUS/CMBSender.o
                0x000042b2                _ZN9CMBSender19StartMODBUSListenerEv
 .text._ZN9CMBSender14OnTransmitByteEv
                0x000042e4       0x92 MODBUS/CMBSender.o
                0x000042e4                _ZN9CMBSender14OnTransmitByteEv
 .text._ZN9CMBSender18OnUSARTTxInterruptEPv
                0x00004376        0x6 MODBUS/CMBSender.o
                0x00004376                _ZN9CMBSender18OnUSARTTxInterruptEPv
 .text._ZN9CMBSender18WaitMODBUSListenerEv
                0x0000437c       0x22 MODBUS/CMBSender.o
                0x0000437c                _ZN9CMBSender18WaitMODBUSListenerEv
 .text._ZN9CMBSender22StartMODBUSTransmitterEv
                0x0000439e       0x2a MODBUS/CMBSender.o
                0x0000439e                _ZN9CMBSender22StartMODBUSTransmitterEv
 .text._ZN9CMBSender24WriteDataToRegisterAsyncEhPhh
                0x000043c8       0x1e MODBUS/CMBSender.o
                0x000043c8                _ZN9CMBSender24WriteDataToRegisterAsyncEhPhh
 .text._ZN9CMBSender20WriteDataToSRAMAsyncEjPjj
                0x000043e6       0x1e MODBUS/CMBSender.o
                0x000043e6                _ZN9CMBSender20WriteDataToSRAMAsyncEjPjj
 .text._ZN9CMBSender28RequestDataFromRegisterAsyncEhh
                0x00004404       0x1e MODBUS/CMBSender.o
                0x00004404                _ZN9CMBSender28RequestDataFromRegisterAsyncEhh
 .text._ZN9CMBSender24RequestDataFromSRAMAsyncEjh
                0x00004422       0x20 MODBUS/CMBSender.o
                0x00004422                _ZN9CMBSender24RequestDataFromSRAMAsyncEjh
 .text._ZN9CMBSender21WaitMODBUSTransmitterEv
                0x00004442       0x22 MODBUS/CMBSender.o
                0x00004442                _ZN9CMBSender21WaitMODBUSTransmitterEv
 .text._ZN9CMBSender30StartMODBUSRegisterTransactionEhh
                0x00004464        0xc MODBUS/CMBSender.o
                0x00004464                _ZN9CMBSender30StartMODBUSRegisterTransactionEhh
 .text._ZN9CMBSender30StartMODBUSVariableTransactionEjh
                0x00004470        0xc MODBUS/CMBSender.o
                0x00004470                _ZN9CMBSender30StartMODBUSVariableTransactionEjh
 .text._ZN9CMBSender18ProcessTransactionEPhj
                0x0000447c       0x62 MODBUS/CMBSender.o
                0x0000447c                _ZN9CMBSender18ProcessTransactionEPhj
 .text._ZN9CMBSender21OnTransactionCallbackEPhj
                0x000044de        0x6 MODBUS/CMBSender.o
                0x000044de                _ZN9CMBSender21OnTransactionCallbackEPhj
 .text._ZN10CDGUSUSART10InitializeE13BAUDRATE_ENUM11PARITY_ENUM12STOBITS_ENUMb
                0x000044e4       0x76 Periphery/CDGUSUSART.o
                0x000044e4                _ZN10CDGUSUSART10InitializeE13BAUDRATE_ENUM11PARITY_ENUM12STOBITS_ENUMb
 .text._ZN10CDGUSUSART15GetReceivedByteEv
                0x0000455a        0x6 Periphery/CDGUSUSART.o
                0x0000455a                _ZN10CDGUSUSART15GetReceivedByteEv
 .text._ZN10CDGUSUSART19SetTransmittingByteEh
                0x00004560        0x6 Periphery/CDGUSUSART.o
                0x00004560                _ZN10CDGUSUSART19SetTransmittingByteEh
 .text._ZN10CDGUSUSART14IsTransmittingEv
                0x00004566       0x10 Periphery/CDGUSUSART.o
                0x00004566                _ZN10CDGUSUSART14IsTransmittingEv
 .text._ZN10CDGUSUSART11IsReceivingEv
                0x00004576        0xe Periphery/CDGUSUSART.o
                0x00004576                _ZN10CDGUSUSART11IsReceivingEv
 .text._ZN10CDGUSUSART11IsDataEmptyEv
                0x00004584       0x10 Periphery/CDGUSUSART.o
                0x00004584                _ZN10CDGUSUSART11IsDataEmptyEv
 .text._ZN10CDGUSUSART25SetRxInterruptionCallbackEPvPFvS0_E
                0x00004594       0x12 Periphery/CDGUSUSART.o
                0x00004594                _ZN10CDGUSUSART25SetRxInterruptionCallbackEPvPFvS0_E
 .text._ZN10CDGUSUSART25SetTxInterruptionCallbackEPvPFvS0_E
                0x000045a6       0x12 Periphery/CDGUSUSART.o
                0x000045a6                _ZN10CDGUSUSART25SetTxInterruptionCallbackEPvPFvS0_E
 .text._ZN10CDGUSUSART12SetDMARxTrigEP13DMA_CH_struct
                0x000045b8       0x12 Periphery/CDGUSUSART.o
                0x000045b8                _ZN10CDGUSUSART12SetDMARxTrigEP13DMA_CH_struct
 .text._ZN10CDGUSUSART12SetDMATxTrigEP13DMA_CH_struct
                0x000045ca       0x12 Periphery/CDGUSUSART.o
                0x000045ca                _ZN10CDGUSUSART12SetDMATxTrigEP13DMA_CH_struct
 .text._ZN10CDGUSUSARTC2Ev
                0x000045dc       0x18 Periphery/CDGUSUSART.o
                0x000045dc                _ZN10CDGUSUSARTC1Ev
                0x000045dc                _ZN10CDGUSUSARTC2Ev
 .text._ZN10CDGUSUSARTD2Ev
                0x000045f4       0x10 Periphery/CDGUSUSART.o
                0x000045f4                _ZN10CDGUSUSARTD2Ev
                0x000045f4                _ZN10CDGUSUSARTD1Ev
 .text._ZN11CLaserBoardC2Ev
                0x00004604        0x2 Periphery/CLaserBoard.o
                0x00004604                _ZN11CLaserBoardC1Ev
                0x00004604                _ZN11CLaserBoardC2Ev
 .text._ZN11CLaserBoardD2Ev
                0x00004606        0x2 Periphery/CLaserBoard.o
                0x00004606                _ZN11CLaserBoardD2Ev
                0x00004606                _ZN11CLaserBoardD1Ev
 .text._ZN11CLaserBoard12InitializeIOEv
                0x00004608       0xae Periphery/CLaserBoard.o
                0x00004608                _ZN11CLaserBoard12InitializeIOEv
 .text._ZN11CLaserBoard15InitializeClockEv
                0x000046b6       0x6a Periphery/CLaserBoard.o
                0x000046b6                _ZN11CLaserBoard15InitializeClockEv
 .text._ZN11CLaserBoard8Relay1OnEv
                0x00004720        0x8 Periphery/CLaserBoard.o
                0x00004720                _ZN11CLaserBoard8Relay1OnEv
 .text._ZN11CLaserBoard8Relay2OnEv
                0x00004728        0x8 Periphery/CLaserBoard.o
                0x00004728                _ZN11CLaserBoard8Relay2OnEv
 .text._ZN11CLaserBoard9Relay1OffEv
                0x00004730        0x8 Periphery/CLaserBoard.o
                0x00004730                _ZN11CLaserBoard9Relay1OffEv
 .text._ZN11CLaserBoard9Relay2OffEv
                0x00004738        0x8 Periphery/CLaserBoard.o
                0x00004738                _ZN11CLaserBoard9Relay2OffEv
 .text._ZN11CLaserBoard12LaserPowerOnEv
                0x00004740        0x8 Periphery/CLaserBoard.o
                0x00004740                _ZN11CLaserBoard12LaserPowerOnEv
 .text._ZN11CLaserBoard13LaserPowerOffEv
                0x00004748        0x8 Periphery/CLaserBoard.o
                0x00004748                _ZN11CLaserBoard13LaserPowerOffEv
 .text._ZN11CLaserBoard4BeepEv
                0x00004750       0x30 Periphery/CLaserBoard.o
                0x00004750                _ZN11CLaserBoard4BeepEv
 .text._ZN11CLaserBoard14BeepClassErrorEv
                0x00004780       0x54 Periphery/CLaserBoard.o
                0x00004780                _ZN11CLaserBoard14BeepClassErrorEv
 .text._ZN11CLaserBoard10FootswitchEv
                0x000047d4        0x8 Periphery/CLaserBoard.o
                0x000047d4                _ZN11CLaserBoard10FootswitchEv
 .text._ZN12CSoundPlayerC2Ev
                0x000047dc        0x2 Periphery/CSoundPlayer.o
                0x000047dc                _ZN12CSoundPlayerC2Ev
                0x000047dc                _ZN12CSoundPlayerC1Ev
 .text._ZN12CSoundPlayerD2Ev
                0x000047de        0x2 Periphery/CSoundPlayer.o
                0x000047de                _ZN12CSoundPlayerD1Ev
                0x000047de                _ZN12CSoundPlayerD2Ev
 .text._ZN12CSoundPlayer19InitializeToneTimerEv
                0x000047e0       0x22 Periphery/CSoundPlayer.o
                0x000047e0                _ZN12CSoundPlayer19InitializeToneTimerEv
 .text._ZN12CSoundPlayer23InitializeDurationTimerEv
                0x00004802       0x18 Periphery/CSoundPlayer.o
                0x00004802                _ZN12CSoundPlayer23InitializeDurationTimerEv
 .text._ZN12CSoundPlayer10SoundStartEjjh
                0x0000481a       0x68 Periphery/CSoundPlayer.o
                0x0000481a                _ZN12CSoundPlayer10SoundStartEjjh
 .text._ZN12CSoundPlayer9SoundStopEv
                0x00004882       0x3c Periphery/CSoundPlayer.o
                0x00004882                _ZN12CSoundPlayer9SoundStopEv
 .text._ZN12CSoundPlayer10InitializeEv
                0x000048be       0x16 Periphery/CSoundPlayer.o
                0x000048be                _ZN12CSoundPlayer10InitializeEv
 .text._ZN7CTimerC10InitializeE27TIMER_WAVEFORMGEN_MODE_ENUM22TIMER_CLOCKSELECT_ENUM
                0x000048d4       0x36 Periphery/CTimerC.o
                0x000048d4                _ZN7CTimerC10InitializeE27TIMER_WAVEFORMGEN_MODE_ENUM22TIMER_CLOCKSELECT_ENUM
 .text._ZN7CTimerC5StartEj
                0x0000490a       0x1a Periphery/CTimerC.o
                0x0000490a                _ZN7CTimerC5StartEj
 .text._ZN7CTimerC4StopEv
                0x00004924       0x10 Periphery/CTimerC.o
                0x00004924                _ZN7CTimerC4StopEv
 .text._ZN7CTimerC13EnableChannelE19TIMER_CHANNELS_ENUM
                0x00004934        0xe Periphery/CTimerC.o
                0x00004934                _ZN7CTimerC13EnableChannelE19TIMER_CHANNELS_ENUM
 .text._ZN7CTimerC14DisableChannelE19TIMER_CHANNELS_ENUM
                0x00004942        0xe Periphery/CTimerC.o
                0x00004942                _ZN7CTimerC14DisableChannelE19TIMER_CHANNELS_ENUM
 .text._ZN7CTimerC9SetPeriodEj
                0x00004950        0xa Periphery/CTimerC.o
                0x00004950                _ZN7CTimerC9SetPeriodEj
 .text._ZN7CTimerC8SetCOMPAEj
                0x0000495a        0xa Periphery/CTimerC.o
                0x0000495a                _ZN7CTimerC8SetCOMPAEj
 .text._ZN7CTimerC8SetCOMPBEj
                0x00004964        0xa Periphery/CTimerC.o
                0x00004964                _ZN7CTimerC8SetCOMPBEj
 .text._ZN7CTimerC8SetCOMPCEj
                0x0000496e        0xa Periphery/CTimerC.o
                0x0000496e                _ZN7CTimerC8SetCOMPCEj
 .text._ZN7CTimerC8SetCOMPDEj
                0x00004978        0xa Periphery/CTimerC.o
                0x00004978                _ZN7CTimerC8SetCOMPDEj
 .text._ZN7CTimerC14SetOVFCallbackEPFvPvES0_17TC_OVFINTLVL_enum
                0x00004982       0x24 Periphery/CTimerC.o
                0x00004982                _ZN7CTimerC14SetOVFCallbackEPFvPvES0_17TC_OVFINTLVL_enum
 .text._ZN7CTimerC14SetERRCallbackEPFvPvES0_17TC_ERRINTLVL_enum
                0x000049a6       0x24 Periphery/CTimerC.o
                0x000049a6                _ZN7CTimerC14SetERRCallbackEPFvPvES0_17TC_ERRINTLVL_enum
 .text._ZN7CTimerC16SetCOMPACallbackEPFvPvES0_17TC_CCAINTLVL_enum
                0x000049ca       0x24 Periphery/CTimerC.o
                0x000049ca                _ZN7CTimerC16SetCOMPACallbackEPFvPvES0_17TC_CCAINTLVL_enum
 .text._ZN7CTimerC16SetCOMPBCallbackEPFvPvES0_17TC_CCBINTLVL_enum
                0x000049ee       0x24 Periphery/CTimerC.o
                0x000049ee                _ZN7CTimerC16SetCOMPBCallbackEPFvPvES0_17TC_CCBINTLVL_enum
 .text._ZN7CTimerC16SetCOMPCCallbackEPFvPvES0_17TC_CCCINTLVL_enum
                0x00004a12       0x24 Periphery/CTimerC.o
                0x00004a12                _ZN7CTimerC16SetCOMPCCallbackEPFvPvES0_17TC_CCCINTLVL_enum
 .text._ZN7CTimerC16SetCOMPDCallbackEPFvPvES0_17TC_CCDINTLVL_enum
                0x00004a36       0x24 Periphery/CTimerC.o
                0x00004a36                _ZN7CTimerC16SetCOMPDCallbackEPFvPvES0_17TC_CCDINTLVL_enum
 .text._ZN7CTimerCC2Ev
                0x00004a5a       0x18 Periphery/CTimerC.o
                0x00004a5a                _ZN7CTimerCC1Ev
                0x00004a5a                _ZN7CTimerCC2Ev
 .text._ZN7CTimerCD2Ev
                0x00004a72       0x10 Periphery/CTimerC.o
                0x00004a72                _ZN7CTimerCD1Ev
                0x00004a72                _ZN7CTimerCD2Ev
 .text._ZN7CTimerD10InitializeE27TIMER_WAVEFORMGEN_MODE_ENUM22TIMER_CLOCKSELECT_ENUM
                0x00004a82       0x36 Periphery/CTimerD.o
                0x00004a82                _ZN7CTimerD10InitializeE27TIMER_WAVEFORMGEN_MODE_ENUM22TIMER_CLOCKSELECT_ENUM
 .text._ZN7CTimerD5StartEj
                0x00004ab8       0x1a Periphery/CTimerD.o
                0x00004ab8                _ZN7CTimerD5StartEj
 .text._ZN7CTimerD4StopEv
                0x00004ad2       0x10 Periphery/CTimerD.o
                0x00004ad2                _ZN7CTimerD4StopEv
 .text._ZN7CTimerD13EnableChannelE19TIMER_CHANNELS_ENUM
                0x00004ae2        0xe Periphery/CTimerD.o
                0x00004ae2                _ZN7CTimerD13EnableChannelE19TIMER_CHANNELS_ENUM
 .text._ZN7CTimerD14DisableChannelE19TIMER_CHANNELS_ENUM
                0x00004af0        0xe Periphery/CTimerD.o
                0x00004af0                _ZN7CTimerD14DisableChannelE19TIMER_CHANNELS_ENUM
 .text._ZN7CTimerD9SetPeriodEj
                0x00004afe        0xa Periphery/CTimerD.o
                0x00004afe                _ZN7CTimerD9SetPeriodEj
 .text._ZN7CTimerD8SetCOMPAEj
                0x00004b08        0xa Periphery/CTimerD.o
                0x00004b08                _ZN7CTimerD8SetCOMPAEj
 .text._ZN7CTimerD8SetCOMPBEj
                0x00004b12        0xa Periphery/CTimerD.o
                0x00004b12                _ZN7CTimerD8SetCOMPBEj
 .text._ZN7CTimerD8SetCOMPCEj
                0x00004b1c        0xa Periphery/CTimerD.o
                0x00004b1c                _ZN7CTimerD8SetCOMPCEj
 .text._ZN7CTimerD8SetCOMPDEj
                0x00004b26        0xa Periphery/CTimerD.o
                0x00004b26                _ZN7CTimerD8SetCOMPDEj
 .text._ZN7CTimerD14SetOVFCallbackEPFvPvES0_17TC_OVFINTLVL_enum
                0x00004b30       0x24 Periphery/CTimerD.o
                0x00004b30                _ZN7CTimerD14SetOVFCallbackEPFvPvES0_17TC_OVFINTLVL_enum
 .text._ZN7CTimerD14SetERRCallbackEPFvPvES0_17TC_ERRINTLVL_enum
                0x00004b54       0x24 Periphery/CTimerD.o
                0x00004b54                _ZN7CTimerD14SetERRCallbackEPFvPvES0_17TC_ERRINTLVL_enum
 .text._ZN7CTimerD16SetCOMPACallbackEPFvPvES0_17TC_CCAINTLVL_enum
                0x00004b78       0x24 Periphery/CTimerD.o
                0x00004b78                _ZN7CTimerD16SetCOMPACallbackEPFvPvES0_17TC_CCAINTLVL_enum
 .text._ZN7CTimerD16SetCOMPBCallbackEPFvPvES0_17TC_CCBINTLVL_enum
                0x00004b9c       0x24 Periphery/CTimerD.o
                0x00004b9c                _ZN7CTimerD16SetCOMPBCallbackEPFvPvES0_17TC_CCBINTLVL_enum
 .text._ZN7CTimerD16SetCOMPCCallbackEPFvPvES0_17TC_CCCINTLVL_enum
                0x00004bc0       0x24 Periphery/CTimerD.o
                0x00004bc0                _ZN7CTimerD16SetCOMPCCallbackEPFvPvES0_17TC_CCCINTLVL_enum
 .text._ZN7CTimerD16SetCOMPDCallbackEPFvPvES0_17TC_CCDINTLVL_enum
                0x00004be4       0x24 Periphery/CTimerD.o
                0x00004be4                _ZN7CTimerD16SetCOMPDCallbackEPFvPvES0_17TC_CCDINTLVL_enum
 .text._ZN7CTimerDC2Ev
                0x00004c08       0x18 Periphery/CTimerD.o
                0x00004c08                _ZN7CTimerDC1Ev
                0x00004c08                _ZN7CTimerDC2Ev
 .text._ZN7CTimerDD2Ev
                0x00004c20       0x10 Periphery/CTimerD.o
                0x00004c20                _ZN7CTimerDD2Ev
                0x00004c20                _ZN7CTimerDD1Ev
 .text._ZN7CTimerF10InitializeE27TIMER_WAVEFORMGEN_MODE_ENUM22TIMER_CLOCKSELECT_ENUM
                0x00004c30       0x36 Periphery/CTimerF.o
                0x00004c30                _ZN7CTimerF10InitializeE27TIMER_WAVEFORMGEN_MODE_ENUM22TIMER_CLOCKSELECT_ENUM
 .text._ZN7CTimerF5StartEj
                0x00004c66       0x1a Periphery/CTimerF.o
                0x00004c66                _ZN7CTimerF5StartEj
 .text._ZN7CTimerF4StopEv
                0x00004c80       0x10 Periphery/CTimerF.o
                0x00004c80                _ZN7CTimerF4StopEv
 .text._ZN7CTimerF13EnableChannelE19TIMER_CHANNELS_ENUM
                0x00004c90        0xc Periphery/CTimerF.o
                0x00004c90                _ZN7CTimerF13EnableChannelE19TIMER_CHANNELS_ENUM
 .text._ZN7CTimerF14DisableChannelE19TIMER_CHANNELS_ENUM
                0x00004c9c        0xe Periphery/CTimerF.o
                0x00004c9c                _ZN7CTimerF14DisableChannelE19TIMER_CHANNELS_ENUM
 .text._ZN7CTimerF10ChannelSetE19TIMER_CHANNELS_ENUM
                0x00004caa       0x10 Periphery/CTimerF.o
                0x00004caa                _ZN7CTimerF10ChannelSetE19TIMER_CHANNELS_ENUM
 .text._ZN7CTimerF12ChannelResetE19TIMER_CHANNELS_ENUM
                0x00004cba       0x12 Periphery/CTimerF.o
                0x00004cba                _ZN7CTimerF12ChannelResetE19TIMER_CHANNELS_ENUM
 .text._ZN7CTimerF9SetPeriodEj
                0x00004ccc        0xa Periphery/CTimerF.o
                0x00004ccc                _ZN7CTimerF9SetPeriodEj
 .text._ZN7CTimerF8SetCOMPAEj
                0x00004cd6        0xa Periphery/CTimerF.o
                0x00004cd6                _ZN7CTimerF8SetCOMPAEj
 .text._ZN7CTimerF8SetCOMPBEj
                0x00004ce0        0xa Periphery/CTimerF.o
                0x00004ce0                _ZN7CTimerF8SetCOMPBEj
 .text._ZN7CTimerF8SetCOMPCEj
                0x00004cea        0xa Periphery/CTimerF.o
                0x00004cea                _ZN7CTimerF8SetCOMPCEj
 .text._ZN7CTimerF8SetCOMPDEj
                0x00004cf4        0xa Periphery/CTimerF.o
                0x00004cf4                _ZN7CTimerF8SetCOMPDEj
 .text._ZN7CTimerF14SetOVFCallbackEPFvPvES0_17TC_OVFINTLVL_enum
                0x00004cfe       0x24 Periphery/CTimerF.o
                0x00004cfe                _ZN7CTimerF14SetOVFCallbackEPFvPvES0_17TC_OVFINTLVL_enum
 .text._ZN7CTimerF14SetERRCallbackEPFvPvES0_17TC_ERRINTLVL_enum
                0x00004d22       0x24 Periphery/CTimerF.o
                0x00004d22                _ZN7CTimerF14SetERRCallbackEPFvPvES0_17TC_ERRINTLVL_enum
 .text._ZN7CTimerF16SetCOMPACallbackEPFvPvES0_17TC_CCAINTLVL_enum
                0x00004d46       0x24 Periphery/CTimerF.o
                0x00004d46                _ZN7CTimerF16SetCOMPACallbackEPFvPvES0_17TC_CCAINTLVL_enum
 .text._ZN7CTimerF16SetCOMPBCallbackEPFvPvES0_17TC_CCBINTLVL_enum
                0x00004d6a       0x24 Periphery/CTimerF.o
                0x00004d6a                _ZN7CTimerF16SetCOMPBCallbackEPFvPvES0_17TC_CCBINTLVL_enum
 .text._ZN7CTimerF16SetCOMPCCallbackEPFvPvES0_17TC_CCCINTLVL_enum
                0x00004d8e       0x24 Periphery/CTimerF.o
                0x00004d8e                _ZN7CTimerF16SetCOMPCCallbackEPFvPvES0_17TC_CCCINTLVL_enum
 .text._ZN7CTimerF16SetCOMPDCallbackEPFvPvES0_17TC_CCDINTLVL_enum
                0x00004db2       0x24 Periphery/CTimerF.o
                0x00004db2                _ZN7CTimerF16SetCOMPDCallbackEPFvPvES0_17TC_CCDINTLVL_enum
 .text._ZN7CTimerFC2Ev
                0x00004dd6       0x18 Periphery/CTimerF.o
                0x00004dd6                _ZN7CTimerFC2Ev
                0x00004dd6                _ZN7CTimerFC1Ev
 .text._ZN7CTimerFD2Ev
                0x00004dee       0x10 Periphery/CTimerF.o
                0x00004dee                _ZN7CTimerFD2Ev
                0x00004dee                _ZN7CTimerFD1Ev
 .text.libgcc.mul
                0x00004dfe       0x20 c:/program files (x86)/atmel/studio/7.0/toolchain/avr8/avr8-gnu-toolchain/bin/../lib/gcc/avr/4.9.2/avrxmega6\libgcc.a(_mulsi3.o)
                0x00004dfe                __mulsi3
 .text.libgcc.div
                0x00004e1e       0x28 c:/program files (x86)/atmel/studio/7.0/toolchain/avr8/avr8-gnu-toolchain/bin/../lib/gcc/avr/4.9.2/avrxmega6\libgcc.a(_udivmodhi4.o)
                0x00004e1e                __udivmodhi4
 .text.libgcc.div
                0x00004e46       0x44 c:/program files (x86)/atmel/studio/7.0/toolchain/avr8/avr8-gnu-toolchain/bin/../lib/gcc/avr/4.9.2/avrxmega6\libgcc.a(_udivmodsi4.o)
                0x00004e46                __udivmodsi4
 .text.libgcc.div
                0x00004e8a       0x2e c:/program files (x86)/atmel/studio/7.0/toolchain/avr8/avr8-gnu-toolchain/bin/../lib/gcc/avr/4.9.2/avrxmega6\libgcc.a(_divmodsi4.o)
                0x00004e8a                __divmodsi4
 .text.libgcc.div
                0x00004eb8       0x10 c:/program files (x86)/atmel/studio/7.0/toolchain/avr8/avr8-gnu-toolchain/bin/../lib/gcc/avr/4.9.2/avrxmega6\libgcc.a(_negsi2.o)
                0x00004eb8                __negsi2
 .text.libgcc   0x00004ec8       0x10 c:/program files (x86)/atmel/studio/7.0/toolchain/avr8/avr8-gnu-toolchain/bin/../lib/gcc/avr/4.9.2/avrxmega6\libgcc.a(_tablejump2.o)
                0x00004ec8                __tablejump2__
 .text.libgcc.mul
                0x00004ed8       0x1e c:/program files (x86)/atmel/studio/7.0/toolchain/avr8/avr8-gnu-toolchain/bin/../lib/gcc/avr/4.9.2/avrxmega6\libgcc.a(_umulhisi3.o)
                0x00004ed8                __umulhisi3
 .text.libgcc.mul
                0x00004ef6       0x16 c:/program files (x86)/atmel/studio/7.0/toolchain/avr8/avr8-gnu-toolchain/bin/../lib/gcc/avr/4.9.2/avrxmega6\libgcc.a(_muluhisi3.o)
                0x00004ef6                __muluhisi3
 .text.avr-libc
                0x00004f0c      0x25a c:/program files (x86)/atmel/studio/7.0/toolchain/avr8/avr8-gnu-toolchain/bin/../lib/gcc/avr/4.9.2/../../../../avr/lib/avrxmega6\libc.a(malloc.o)
                0x00004f0c                malloc
                0x00005036                free
 .text.avr-libc
                0x00005166       0x12 c:/program files (x86)/atmel/studio/7.0/toolchain/avr8/avr8-gnu-toolchain/bin/../lib/gcc/avr/4.9.2/../../../../avr/lib/avrxmega6\libc.a(memcpy.o)
                0x00005166                memcpy
                0x00005178                . = ALIGN (0x2)
 *(.fini9)
 .fini9         0x00005178        0x0 c:/program files (x86)/atmel/studio/7.0/toolchain/avr8/avr8-gnu-toolchain/bin/../lib/gcc/avr/4.9.2/avrxmega6\libgcc.a(_exit.o)
                0x00005178                _exit
                0x00005178                exit
 *(.fini9)
 *(.fini8)
 *(.fini8)
 *(.fini7)
 *(.fini7)
 *(.fini6)
 .fini6         0x00005178       0x20 c:/program files (x86)/atmel/studio/7.0/toolchain/avr8/avr8-gnu-toolchain/bin/../lib/gcc/avr/4.9.2/avrxmega6\libgcc.a(_dtors.o)
                0x00005178                __do_global_dtors
 *(.fini6)
 *(.fini5)
 *(.fini5)
 *(.fini4)
 *(.fini4)
 *(.fini3)
 *(.fini3)
 *(.fini2)
 *(.fini2)
 *(.fini1)
 *(.fini1)
 *(.fini0)
 .fini0         0x00005198        0x4 c:/program files (x86)/atmel/studio/7.0/toolchain/avr8/avr8-gnu-toolchain/bin/../lib/gcc/avr/4.9.2/avrxmega6\libgcc.a(_exit.o)
 *(.fini0)
                0x0000519c                _etext = .

.data           0x00802000      0x136 load address 0x0000519c
                0x00802000                PROVIDE (__data_start, .)
 *(.data)
 .data          0x00802000        0x6 c:/program files (x86)/atmel/studio/7.0/toolchain/avr8/avr8-gnu-toolchain/bin/../lib/gcc/avr/4.9.2/../../../../avr/lib/avrxmega6\libc.a(malloc.o)
                0x00802000                __malloc_heap_end
                0x00802002                __malloc_heap_start
                0x00802004                __malloc_margin
 *(.data*)
 .data.bscale_table
                0x00802006       0x20 Periphery/CDGUSUSART.o
                0x00802006                bscale_table
 .data.bsel_table
                0x00802026       0x20 Periphery/CDGUSUSART.o
                0x00802026                bsel_table
 *(.rodata)
 *(.rodata*)
 .rodata._ZTV16CLaserControlApp
                0x00802046       0x16 CLaserControlApp.o
                0x00802046                _ZTV16CLaserControlApp
 .rodata._ZTV6CTimer
                0x0080205c       0x24 LaserLib/CTimer.o
                0x0080205c                _ZTV6CTimer
 .rodata._ZTV6CUSART
                0x00802080       0x18 LaserLib/CUSART.o
                0x00802080                _ZTV6CUSART
 .rodata._ZTV9CMBSender
                0x00802098       0x16 MODBUS/CMBSender.o
                0x00802098                _ZTV9CMBSender
 .rodata._ZTV10CDGUSUSART
                0x008020ae       0x18 Periphery/CDGUSUSART.o
                0x008020ae                _ZTV10CDGUSUSART
 .rodata._ZTV7CTimerC
                0x008020c6       0x24 Periphery/CTimerC.o
                0x008020c6                _ZTV7CTimerC
 .rodata._ZTV7CTimerD
                0x008020ea       0x24 Periphery/CTimerD.o
                0x008020ea                _ZTV7CTimerD
 .rodata._ZTV7CTimerF
                0x0080210e       0x28 Periphery/CTimerF.o
                0x0080210e                _ZTV7CTimerF
 *(.gnu.linkonce.d*)
                0x00802136                . = ALIGN (0x2)
                0x00802136                _edata = .
                0x00802136                PROVIDE (__data_end, .)

.bss            0x00802136      0x29d
                0x00802136                PROVIDE (__bss_start, .)
 *(.bss)
 *(.bss*)
 .bss.DatabaseStatusRegister
                0x00802136        0x1 CLaserControlApp.o
                0x00802136                DatabaseStatusRegister
 .bss.laserTimer
                0x00802137        0x3 CLaserControlApp.o
                0x00802137                laserTimer
 .bss.timer     0x0080213a        0x3 CLaserControlApp.o
                0x0080213a                timer
 .bss.InterruptFuncTable
                0x0080213d       0xf6 LaserLib/intx128.o
                0x0080213d                InterruptFuncTable
 .bss.InterruptSenderTable
                0x00802233       0xf6 LaserLib/intx128.o
                0x00802233                InterruptSenderTable
 .bss._ZZ4mainE3prs
                0x00802329        0x2 main.o
 .bss.App       0x0080232b       0x69 main.o
                0x0080232b                App
 .bss.player    0x00802394        0x1 main.o
                0x00802394                player
 .bss.laserBoard
                0x00802395        0xa main.o
                0x00802395                laserBoard
 .bss.sender    0x0080239f       0x1d main.o
                0x0080239f                sender
 .bss.Database  0x008023bc        0x8 main.o
                0x008023bc                Database
 .bss.usart     0x008023c4        0x2 main.o
                0x008023c4                usart
 .bss.timeout   0x008023c6        0x3 main.o
                0x008023c6                timeout
 .bss.dacSPI    0x008023c9        0x6 main.o
                0x008023c9                dacSPI
 *(COMMON)
 COMMON         0x008023cf        0x4 c:/program files (x86)/atmel/studio/7.0/toolchain/avr8/avr8-gnu-toolchain/bin/../lib/gcc/avr/4.9.2/../../../../avr/lib/avrxmega6\libc.a(malloc.o)
                0x008023cf                __brkval
                0x008023d1                __flp
                0x008023d3                PROVIDE (__bss_end, .)
                0x0000519c                __data_load_start = LOADADDR (.data)
                0x000052d2                __data_load_end = (__data_load_start + SIZEOF (.data))

.noinit         0x008023d3        0x0
                0x008023d3                PROVIDE (__noinit_start, .)
 *(.noinit*)
                0x008023d3                PROVIDE (__noinit_end, .)
                0x008023d3                _end = .
                0x008023d3                PROVIDE (__heap_start, .)

.eeprom         0x00810000        0x0
 *(.eeprom*)
                0x00810000                __eeprom_end = .

.fuse
 *(.fuse)
 *(.lfuse)
 *(.hfuse)
 *(.efuse)

.lock
 *(.lock*)

.signature
 *(.signature*)

.user_signatures
 *(.user_signatures*)

.stab
 *(.stab)

.stabstr
 *(.stabstr)

.stab.excl
 *(.stab.excl)

.stab.exclstr
 *(.stab.exclstr)

.stab.index
 *(.stab.index)

.stab.indexstr
 *(.stab.indexstr)

.comment        0x00000000       0x30
 *(.comment)
 .comment       0x00000000       0x30 CDGUSDatabase.o
                                 0x31 (size before relaxing)
 .comment       0x00000030       0x31 CLaserControlApp.o
 .comment       0x00000030       0x31 DGUSGUI.o
 .comment       0x00000030       0x31 LaserLib/CSPI.o
 .comment       0x00000030       0x31 LaserLib/CTimer.o
 .comment       0x00000030       0x31 LaserLib/CUSART.o
 .comment       0x00000030       0x31 LaserLib/intx128.o
 .comment       0x00000030       0x31 main.o
 .comment       0x00000030       0x31 MODBUS/CMBProtocol.o
 .comment       0x00000030       0x31 MODBUS/CMBSender.o
 .comment       0x00000030       0x31 Periphery/CDGUSUSART.o
 .comment       0x00000030       0x31 Periphery/CLaserBoard.o
 .comment       0x00000030       0x31 Periphery/CSoundPlayer.o
 .comment       0x00000030       0x31 Periphery/CTimerC.o
 .comment       0x00000030       0x31 Periphery/CTimerD.o
 .comment       0x00000030       0x31 Periphery/CTimerF.o
 .comment       0x00000030       0x31 c:/program files (x86)/atmel/studio/7.0/toolchain/avr8/avr8-gnu-toolchain/bin/../lib/gcc/avr/4.9.2/../../../../avr/lib/avrxmega6\libc.a(malloc.o)

.note.gnu.avr.deviceinfo
                0x00000000       0x40
 .note.gnu.avr.deviceinfo
                0x00000000       0x40 C:/Program Files (x86)/Atmel/Studio/7.0/Packs/atmel/XMEGAA_DFP/1.0.36/gcc/dev/atxmega128a3u/avrxmega6/crtatxmega128a3u.o

.note.gnu.build-id
 *(.note.gnu.build-id)

.debug
 *(.debug)

.line
 *(.line)

.debug_srcinfo
 *(.debug_srcinfo)

.debug_sfnames
 *(.debug_sfnames)

.debug_aranges  0x00000000      0xa40
 *(.debug_aranges)
 .debug_aranges
                0x00000000       0x70 CDGUSDatabase.o
 .debug_aranges
                0x00000070       0xb0 CLaserControlApp.o
 .debug_aranges
                0x00000120       0x40 DGUSGUI.o
 .debug_aranges
                0x00000160       0x58 LaserLib/CSPI.o
 .debug_aranges
                0x000001b8       0x28 LaserLib/CTimer.o
 .debug_aranges
                0x000001e0       0x28 LaserLib/CUSART.o
 .debug_aranges
                0x00000208      0x348 LaserLib/intx128.o
 .debug_aranges
                0x00000550       0x40 main.o
 .debug_aranges
                0x00000590       0x50 MODBUS/CMBProtocol.o
 .debug_aranges
                0x000005e0       0xf8 MODBUS/CMBSender.o
 .debug_aranges
                0x000006d8       0x78 Periphery/CDGUSUSART.o
 .debug_aranges
                0x00000750       0x88 Periphery/CLaserBoard.o
 .debug_aranges
                0x000007d8       0x60 Periphery/CSoundPlayer.o
 .debug_aranges
                0x00000838       0xa8 Periphery/CTimerC.o
 .debug_aranges
                0x000008e0       0xa8 Periphery/CTimerD.o
 .debug_aranges
                0x00000988       0xb8 Periphery/CTimerF.o

.debug_pubnames
 *(.debug_pubnames)

.debug_info     0x00000000     0xea81
 *(.debug_info .gnu.linkonce.wi.*)
 .debug_info    0x00000000      0x9ee CDGUSDatabase.o
 .debug_info    0x000009ee     0x24c7 CLaserControlApp.o
 .debug_info    0x00002eb5      0x20f DGUSGUI.o
 .debug_info    0x000030c4      0x7ce LaserLib/CSPI.o
 .debug_info    0x00003892      0x6a3 LaserLib/CTimer.o
 .debug_info    0x00003f35      0x606 LaserLib/CUSART.o
 .debug_info    0x0000453b      0x91e LaserLib/intx128.o
 .debug_info    0x00004e59     0x1106 main.o
 .debug_info    0x00005f5f      0x595 MODBUS/CMBProtocol.o
 .debug_info    0x000064f4     0x12e6 MODBUS/CMBSender.o
 .debug_info    0x000077da     0x1095 Periphery/CDGUSUSART.o
 .debug_info    0x0000886f      0xcaf Periphery/CLaserBoard.o
 .debug_info    0x0000951e     0x139d Periphery/CSoundPlayer.o
 .debug_info    0x0000a8bb     0x15ac Periphery/CTimerC.o
 .debug_info    0x0000be67     0x15ac Periphery/CTimerD.o
 .debug_info    0x0000d413     0x166e Periphery/CTimerF.o

.debug_abbrev   0x00000000     0x2908
 *(.debug_abbrev)
 .debug_abbrev  0x00000000      0x2ce CDGUSDatabase.o
 .debug_abbrev  0x000002ce      0x545 CLaserControlApp.o
 .debug_abbrev  0x00000813      0x10d DGUSGUI.o
 .debug_abbrev  0x00000920      0x28f LaserLib/CSPI.o
 .debug_abbrev  0x00000baf      0x182 LaserLib/CTimer.o
 .debug_abbrev  0x00000d31      0x1ed LaserLib/CUSART.o
 .debug_abbrev  0x00000f1e       0x83 LaserLib/intx128.o
 .debug_abbrev  0x00000fa1      0x370 main.o
 .debug_abbrev  0x00001311      0x212 MODBUS/CMBProtocol.o
 .debug_abbrev  0x00001523      0x39b MODBUS/CMBSender.o
 .debug_abbrev  0x000018be      0x2d9 Periphery/CDGUSUSART.o
 .debug_abbrev  0x00001b97      0x2e4 Periphery/CLaserBoard.o
 .debug_abbrev  0x00001e7b      0x2b9 Periphery/CSoundPlayer.o
 .debug_abbrev  0x00002134      0x29c Periphery/CTimerC.o
 .debug_abbrev  0x000023d0      0x29c Periphery/CTimerD.o
 .debug_abbrev  0x0000266c      0x29c Periphery/CTimerF.o

.debug_line     0x00000000     0x2fc8
 *(.debug_line .debug_line.* .debug_line_end)
 .debug_line    0x00000000      0x225 CDGUSDatabase.o
 .debug_line    0x00000225      0x4e5 CLaserControlApp.o
 .debug_line    0x0000070a       0xee DGUSGUI.o
 .debug_line    0x000007f8      0x24b LaserLib/CSPI.o
 .debug_line    0x00000a43      0x136 LaserLib/CTimer.o
 .debug_line    0x00000b79      0x136 LaserLib/CUSART.o
 .debug_line    0x00000caf      0xa14 LaserLib/intx128.o
 .debug_line    0x000016c3      0x2f0 main.o
 .debug_line    0x000019b3      0x1d9 MODBUS/CMBProtocol.o
 .debug_line    0x00001b8c      0x476 MODBUS/CMBSender.o
 .debug_line    0x00002002      0x252 Periphery/CDGUSUSART.o
 .debug_line    0x00002254      0x343 Periphery/CLaserBoard.o
 .debug_line    0x00002597      0x244 Periphery/CSoundPlayer.o
 .debug_line    0x000027db      0x299 Periphery/CTimerC.o
 .debug_line    0x00002a74      0x299 Periphery/CTimerD.o
 .debug_line    0x00002d0d      0x2bb Periphery/CTimerF.o

.debug_frame    0x00000000     0x343c
 *(.debug_frame)
 .debug_frame   0x00000000      0x218 CDGUSDatabase.o
 .debug_frame   0x00000218      0x274 CLaserControlApp.o
 .debug_frame   0x0000048c       0x8c DGUSGUI.o
 .debug_frame   0x00000518       0xbc LaserLib/CSPI.o
 .debug_frame   0x000005d4       0x34 LaserLib/CTimer.o
 .debug_frame   0x00000608       0x34 LaserLib/CUSART.o
 .debug_frame   0x0000063c     0x2324 LaserLib/intx128.o
 .debug_frame   0x00002960       0x94 main.o
 .debug_frame   0x000029f4       0xc4 MODBUS/CMBProtocol.o
 .debug_frame   0x00002ab8      0x2dc MODBUS/CMBSender.o
 .debug_frame   0x00002d94       0xe8 Periphery/CDGUSUSART.o
 .debug_frame   0x00002e7c      0x108 Periphery/CLaserBoard.o
 .debug_frame   0x00002f84       0xd8 Periphery/CSoundPlayer.o
 .debug_frame   0x0000305c      0x140 Periphery/CTimerC.o
 .debug_frame   0x0000319c      0x140 Periphery/CTimerD.o
 .debug_frame   0x000032dc      0x160 Periphery/CTimerF.o

.debug_str      0x00000000     0x53f0
 *(.debug_str)
 .debug_str     0x00000000      0x5e2 CDGUSDatabase.o
                                0x66c (size before relaxing)
 .debug_str     0x000005e2     0x1286 CLaserControlApp.o
                               0x1998 (size before relaxing)
 .debug_str     0x00001868       0x36 DGUSGUI.o
                                0x24b (size before relaxing)
 .debug_str     0x0000189e      0x28b LaserLib/CSPI.o
                                0x6e5 (size before relaxing)
 .debug_str     0x00001b29      0x539 LaserLib/CTimer.o
                                0xa3e (size before relaxing)
 .debug_str     0x00002062      0x578 LaserLib/CUSART.o
                                0x7b0 (size before relaxing)
 .debug_str     0x000025da      0x4e2 LaserLib/intx128.o
                                0x6bb (size before relaxing)
 .debug_str     0x00002abc      0x176 main.o
                               0x10dd (size before relaxing)
 .debug_str     0x00002c32      0x289 MODBUS/CMBProtocol.o
                                0x4eb (size before relaxing)
 .debug_str     0x00002ebb      0x608 MODBUS/CMBSender.o
                                0xb3c (size before relaxing)
 .debug_str     0x000034c3      0xcda Periphery/CDGUSUSART.o
                               0x1669 (size before relaxing)
 .debug_str     0x0000419d      0x517 Periphery/CLaserBoard.o
                                0xb10 (size before relaxing)
 .debug_str     0x000046b4      0x662 Periphery/CSoundPlayer.o
                                0xc20 (size before relaxing)
 .debug_str     0x00004d16      0x250 Periphery/CTimerC.o
                               0x1295 (size before relaxing)
 .debug_str     0x00004f66      0x286 Periphery/CTimerD.o
                               0x1295 (size before relaxing)
 .debug_str     0x000051ec      0x204 Periphery/CTimerF.o
                               0x130b (size before relaxing)

.debug_loc      0x00000000     0x9305
 *(.debug_loc)
 .debug_loc     0x00000000      0x8cf CDGUSDatabase.o
 .debug_loc     0x000008cf      0xc2c CLaserControlApp.o
 .debug_loc     0x000014fb      0x2ad DGUSGUI.o
 .debug_loc     0x000017a8      0x276 LaserLib/CSPI.o
 .debug_loc     0x00001a1e     0x50e2 LaserLib/intx128.o
 .debug_loc     0x00006b00       0xab main.o
 .debug_loc     0x00006bab      0x356 MODBUS/CMBProtocol.o
 .debug_loc     0x00006f01      0xf2e MODBUS/CMBSender.o
 .debug_loc     0x00007e2f      0x210 Periphery/CDGUSUSART.o
 .debug_loc     0x0000803f      0x4c2 Periphery/CLaserBoard.o
 .debug_loc     0x00008501      0x344 Periphery/CSoundPlayer.o
 .debug_loc     0x00008845      0x366 Periphery/CTimerC.o
 .debug_loc     0x00008bab      0x366 Periphery/CTimerD.o
 .debug_loc     0x00008f11      0x3f4 Periphery/CTimerF.o

.debug_macinfo
 *(.debug_macinfo)

.debug_weaknames
 *(.debug_weaknames)

.debug_funcnames
 *(.debug_funcnames)

.debug_typenames
 *(.debug_typenames)

.debug_varnames
 *(.debug_varnames)

.debug_pubtypes
 *(.debug_pubtypes)

.debug_ranges   0x00000000      0x958
 *(.debug_ranges)
 .debug_ranges  0x00000000       0x60 CDGUSDatabase.o
 .debug_ranges  0x00000060       0xa0 CLaserControlApp.o
 .debug_ranges  0x00000100       0x30 DGUSGUI.o
 .debug_ranges  0x00000130       0x48 LaserLib/CSPI.o
 .debug_ranges  0x00000178       0x18 LaserLib/CTimer.o
 .debug_ranges  0x00000190       0x18 LaserLib/CUSART.o
 .debug_ranges  0x000001a8      0x338 LaserLib/intx128.o
 .debug_ranges  0x000004e0       0x30 main.o
 .debug_ranges  0x00000510       0x40 MODBUS/CMBProtocol.o
 .debug_ranges  0x00000550       0xe8 MODBUS/CMBSender.o
 .debug_ranges  0x00000638       0x68 Periphery/CDGUSUSART.o
 .debug_ranges  0x000006a0       0x90 Periphery/CLaserBoard.o
 .debug_ranges  0x00000730       0x50 Periphery/CSoundPlayer.o
 .debug_ranges  0x00000780       0x98 Periphery/CTimerC.o
 .debug_ranges  0x00000818       0x98 Periphery/CTimerD.o
 .debug_ranges  0x000008b0       0xa8 Periphery/CTimerF.o

.debug_macro
 *(.debug_macro)
OUTPUT(ATxmegaLaserDiode.elf elf32-avr)
LOAD linker stubs
