Archive member included to satisfy reference by file (symbol)

c:/program files (x86)/atmel/studio/7.0/toolchain/avr8/avr8-gnu-toolchain/bin/../lib/gcc/avr/4.9.2/../../../../avr/lib/avrxmega6\libm.a(fixsfsi.o)
                              Periphery/CDS18B20.o (__fixsfsi)
c:/program files (x86)/atmel/studio/7.0/toolchain/avr8/avr8-gnu-toolchain/bin/../lib/gcc/avr/4.9.2/../../../../avr/lib/avrxmega6\libm.a(fixunssfsi.o)
                              c:/program files (x86)/atmel/studio/7.0/toolchain/avr8/avr8-gnu-toolchain/bin/../lib/gcc/avr/4.9.2/../../../../avr/lib/avrxmega6\libm.a(fixsfsi.o) (__fixunssfsi)
c:/program files (x86)/atmel/studio/7.0/toolchain/avr8/avr8-gnu-toolchain/bin/../lib/gcc/avr/4.9.2/../../../../avr/lib/avrxmega6\libm.a(floatsisf.o)
                              Periphery/CDS18B20.o (__floatsisf)
c:/program files (x86)/atmel/studio/7.0/toolchain/avr8/avr8-gnu-toolchain/bin/../lib/gcc/avr/4.9.2/../../../../avr/lib/avrxmega6\libm.a(fp_split3.o)
                              c:/program files (x86)/atmel/studio/7.0/toolchain/avr8/avr8-gnu-toolchain/bin/../lib/gcc/avr/4.9.2/../../../../avr/lib/avrxmega6\libm.a(fixunssfsi.o) (__fp_splitA)
c:/program files (x86)/atmel/studio/7.0/toolchain/avr8/avr8-gnu-toolchain/bin/../lib/gcc/avr/4.9.2/../../../../avr/lib/avrxmega6\libm.a(fp_zero.o)
                              c:/program files (x86)/atmel/studio/7.0/toolchain/avr8/avr8-gnu-toolchain/bin/../lib/gcc/avr/4.9.2/../../../../avr/lib/avrxmega6\libm.a(fixunssfsi.o) (__fp_zero)
c:/program files (x86)/atmel/studio/7.0/toolchain/avr8/avr8-gnu-toolchain/bin/../lib/gcc/avr/4.9.2/../../../../avr/lib/avrxmega6\libm.a(mulsf3.o)
                              Periphery/CDS18B20.o (__mulsf3)
c:/program files (x86)/atmel/studio/7.0/toolchain/avr8/avr8-gnu-toolchain/bin/../lib/gcc/avr/4.9.2/../../../../avr/lib/avrxmega6\libm.a(mulsf3x.o)
                              c:/program files (x86)/atmel/studio/7.0/toolchain/avr8/avr8-gnu-toolchain/bin/../lib/gcc/avr/4.9.2/../../../../avr/lib/avrxmega6\libm.a(mulsf3.o) (__mulsf3x)
c:/program files (x86)/atmel/studio/7.0/toolchain/avr8/avr8-gnu-toolchain/bin/../lib/gcc/avr/4.9.2/../../../../avr/lib/avrxmega6\libm.a(fp_inf.o)
                              c:/program files (x86)/atmel/studio/7.0/toolchain/avr8/avr8-gnu-toolchain/bin/../lib/gcc/avr/4.9.2/../../../../avr/lib/avrxmega6\libm.a(mulsf3x.o) (__fp_inf)
c:/program files (x86)/atmel/studio/7.0/toolchain/avr8/avr8-gnu-toolchain/bin/../lib/gcc/avr/4.9.2/../../../../avr/lib/avrxmega6\libm.a(fp_nan.o)
                              c:/program files (x86)/atmel/studio/7.0/toolchain/avr8/avr8-gnu-toolchain/bin/../lib/gcc/avr/4.9.2/../../../../avr/lib/avrxmega6\libm.a(mulsf3x.o) (__fp_nan)
c:/program files (x86)/atmel/studio/7.0/toolchain/avr8/avr8-gnu-toolchain/bin/../lib/gcc/avr/4.9.2/../../../../avr/lib/avrxmega6\libm.a(fp_pscA.o)
                              c:/program files (x86)/atmel/studio/7.0/toolchain/avr8/avr8-gnu-toolchain/bin/../lib/gcc/avr/4.9.2/../../../../avr/lib/avrxmega6\libm.a(mulsf3x.o) (__fp_pscA)
c:/program files (x86)/atmel/studio/7.0/toolchain/avr8/avr8-gnu-toolchain/bin/../lib/gcc/avr/4.9.2/../../../../avr/lib/avrxmega6\libm.a(fp_pscB.o)
                              c:/program files (x86)/atmel/studio/7.0/toolchain/avr8/avr8-gnu-toolchain/bin/../lib/gcc/avr/4.9.2/../../../../avr/lib/avrxmega6\libm.a(mulsf3x.o) (__fp_pscB)
c:/program files (x86)/atmel/studio/7.0/toolchain/avr8/avr8-gnu-toolchain/bin/../lib/gcc/avr/4.9.2/../../../../avr/lib/avrxmega6\libm.a(fp_round.o)
                              c:/program files (x86)/atmel/studio/7.0/toolchain/avr8/avr8-gnu-toolchain/bin/../lib/gcc/avr/4.9.2/../../../../avr/lib/avrxmega6\libm.a(mulsf3.o) (__fp_round)
c:/program files (x86)/atmel/studio/7.0/toolchain/avr8/avr8-gnu-toolchain/bin/../lib/gcc/avr/4.9.2/avrxmega6\libgcc.a(_mulsi3.o)
                              CLaserControlApp.o (__mulsi3)
c:/program files (x86)/atmel/studio/7.0/toolchain/avr8/avr8-gnu-toolchain/bin/../lib/gcc/avr/4.9.2/avrxmega6\libgcc.a(_udivmodhi4.o)
                              CLaserControlApp.o (__udivmodhi4)
c:/program files (x86)/atmel/studio/7.0/toolchain/avr8/avr8-gnu-toolchain/bin/../lib/gcc/avr/4.9.2/avrxmega6\libgcc.a(_divmodhi4.o)
                              CLaserControlApp.o (__divmodhi4)
c:/program files (x86)/atmel/studio/7.0/toolchain/avr8/avr8-gnu-toolchain/bin/../lib/gcc/avr/4.9.2/avrxmega6\libgcc.a(_udivmodsi4.o)
                              CLaserControlApp.o (__udivmodsi4)
c:/program files (x86)/atmel/studio/7.0/toolchain/avr8/avr8-gnu-toolchain/bin/../lib/gcc/avr/4.9.2/avrxmega6\libgcc.a(_divmodsi4.o)
                              Periphery/CSoundPlayer.o (__divmodsi4)
c:/program files (x86)/atmel/studio/7.0/toolchain/avr8/avr8-gnu-toolchain/bin/../lib/gcc/avr/4.9.2/avrxmega6\libgcc.a(_negsi2.o)
[...]
Memory Configuration

Name             Origin             Length             Attributes
text             0x00000000         0x00100000         xr
data             0x00802000         0x0000ffa0         rw !x
eeprom           0x00810000         0x00010000         rw !x
fuse             0x00820000         0x00000006         rw !x
lock             0x00830000         0x00000400         rw !x
signature        0x00840000         0x00000400         rw !x
user_signatures  0x00850000         0x00000400         rw !x
*default*        0x00000000         0xffffffff

Linker script and memory map

LOAD c:/program files (x86)/atmel/studio/7.0/toolchain/avr8/avr8-gnu-toolchain/bin/../lib/gcc/avr/4.9.2/../../../../avr/lib/avrxmega6/crtatxmega128a3u.o
LOAD CDGUSDatabase.o
LOAD CLaserControlApp.o
LOAD DGUSGUI.o
LOAD LaserLib/CSPI.o
LOAD LaserLib/CTimer.o
LOAD LaserLib/CTimer1.o
LOAD LaserLib/CUSART.o
LOAD LaserLib/intx128.o
LOAD main.o
LOAD MODBUS/CMBProtocol.o
LOAD MODBUS/CMBSender.o
LOAD Periphery/CDGUSUSART.o
LOAD Periphery/CDS18B20.o
LOAD Periphery/CLaserBoard.o
LOAD Periphery/CSoundPlayer.o
LOAD Periphery/CTimerC.o
LOAD Periphery/CTimerC1.o
LOAD Periphery/CTimerD.o
LOAD Periphery/CTimerD1.o
LOAD Periphery/CTimerF.o
START GROUP
LOAD c:/program files (x86)/atmel/studio/7.0/toolchain/avr8/avr8-gnu-toolchain/bin/../lib/gcc/avr/4.9.2/../../../../avr/lib/avrxmega6\libm.a
END GROUP
LOAD c:/program files (x86)/atmel/studio/7.0/toolchain/avr8/avr8-gnu-toolchain/bin/../lib/gcc/avr/4.9.2/avrxmega6\libgcc.a
LOAD c:/program files (x86)/atmel/studio/7.0/toolchain/avr8/avr8-gnu-toolchain/bin/../lib/gcc/avr/4.9.2/../../../../avr/lib/avrxmega6\libm.a
START GROUP
LOAD c:/program files (x86)/atmel/studio/7.0/toolchain/avr8/avr8-gnu-toolchain/bin/../lib/gcc/avr/4.9.2/avrxmega6\libgcc.a
LOAD c:/program files (x86)/atmel/studio/7.0/toolchain/avr8/avr8-gnu-toolchain/bin/../lib/gcc/avr/4.9.2/../../../../avr/lib/avrxmega6\libm.a
LOAD c:/program files (x86)/atmel/studio/7.0/toolchain/avr8/avr8-gnu-toolchain/bin/../lib/gcc/avr/4.9.2/../../../../avr/lib/avrxmega6\libc.a
LOAD c:/program files (x86)/atmel/studio/7.0/toolchain/avr8/avr8-gnu-toolchain/bin/../lib/gcc/avr/4.9.2/../../../../avr/lib/avrxmega6\libatxmega128a3u.a
END GROUP
                0x00100000                __TEXT_REGION_LENGTH__ = DEFINED (__TEXT_REGION_LENGTH__)?__TEXT_REGION_LENGTH__:0x100000
                0x0000ffa0                __DATA_REGION_LENGTH__ = DEFINED (__DATA_REGION_LENGTH__)?__DATA_REGION_LENGTH__:0xffa0
                0x00010000                __EEPROM_REGION_LENGTH__ = DEFINED (__EEPROM_REGION_LENGTH__)?__EEPROM_REGION_LENGTH__:0x10000
                [0x00000006]                __FUSE_REGION_LENGTH__ = DEFINED (__FUSE_REGION_LENGTH__)?__FUSE_REGION_LENGTH__:0x400
                0x00000400                __LOCK_REGION_LENGTH__ = DEFINED (__LOCK_REGION_LENGTH__)?__LOCK_REGION_LENGTH__:0x400
                0x00000400                __SIGNATURE_REGION_LENGTH__ = DEFINED (__SIGNATURE_REGION_LENGTH__)?__SIGNATURE_REGION_LENGTH__:0x400
                0x00000400                __USER_SIGNATURE_REGION_LENGTH__ = DEFINED (__USER_SIGNATURE_REGION_LENGTH__)?__USER_SIGNATURE_REGION_LENGTH__:0x400

.hash
 *(.hash)

.dynsym
 *(.dynsym)

.dynstr
 *(.dynstr)

.gnu.version
 *(.gnu.version)

.gnu.version_d
 *(.gnu.version_d)

.gnu.version_r
 *(.gnu.version_r)

.rel.init
 *(.rel.init)

.rela.init
 *(.rela.init)

.rel.text
 *(.rel.text)
 *(.rel.text.*)
 *(.rel.gnu.linkonce.t*)

.rela.text
 *(.rela.text)
 *(.rela.text.*)
 *(.rela.gnu.linkonce.t*)

.rel.fini
 *(.rel.fini)

.rela.fini
 *(.rela.fini)

.rel.rodata
 *(.rel.rodata)
 *(.rel.rodata.*)
 *(.rel.gnu.linkonce.r*)

.rela.rodata
 *(.rela.rodata)
 *(.rela.rodata.*)
 *(.rela.gnu.linkonce.r*)

.rel.data
 *(.rel.data)
 *(.rel.data.*)
 *(.rel.gnu.linkonce.d*)

.rela.data
 *(.rela.data)
 *(.rela.data.*)
 *(.rela.gnu.linkonce.d*)

.rel.ctors
 *(.rel.ctors)

.rela.ctors
 *(.rela.ctors)

.rel.dtors
 *(.rel.dtors)

.rela.dtors
 *(.rela.dtors)

.rel.got
 *(.rel.got)

.rela.got
 *(.rela.got)

.rel.bss
 *(.rel.bss)

.rela.bss
 *(.rela.bss)

.rel.plt
 *(.rel.plt)

.rela.plt
 *(.rela.plt)

.text           0x00000000     0x67ae
 *(.vectors)
 .vectors       0x00000000      0x1fc c:/program files (x86)/atmel/studio/7.0/toolchain/avr8/avr8-gnu-toolchain/bin/../lib/gcc/avr/4.9.2/../../../../avr/lib/avrxmega6/crtatxmega128a3u.o
                0x00000000                __vector_default
                0x00000000                __vectors
 *(.vectors)
 *(.progmem.gcc*)
 .progmem.gcc_sw_table._ZN16CLaserControlApp18OnRegisterReceivedEhPhh
                0x000001fc       0x60 CLaserControlApp.o
 .progmem.gcc_sw_table._ZN16CLaserControlApp18OnVariableReceivedEjPjj
                0x0000025c       0x24 CLaserControlApp.o
 .progmem.gcc_sw_table._ZN9CMBSender13OnReceiveByteEh
                0x00000280       0x16 MODBUS/CMBSender.o
                0x00000296                . = ALIGN (0x2)
                0x00000296                __trampolines_start = .
 *(.trampolines)
 .trampolines   0x00000296      0x27c linker stubs
 *(.trampolines*)
                0x00000512                __trampolines_end = .
 *(.progmem*)
                0x00000512                . = ALIGN (0x2)
 *(.jumptables)
 *(.jumptables*)
 *(.lowtext)
 *(.lowtext*)
                0x00000512                __ctors_start = .
 *(.ctors)
 .ctors         0x00000512        0x2 CLaserControlApp.o
 .ctors         0x00000514        0x2 main.o
                0x00000516                __ctors_end = .
                0x00000516                __dtors_start = .
 *(.dtors)
 .dtors         0x00000516        0x2 CLaserControlApp.o
 .dtors         0x00000518        0x2 main.o
                0x0000051a                __dtors_end = .
 SORT(*)(.ctors)
 SORT(*)(.dtors)
 *(.init0)
 .init0         0x0000051a        0x0 c:/program files (x86)/atmel/studio/7.0/toolchain/avr8/avr8-gnu-toolchain/bin/../lib/gcc/avr/4.9.2/../../../../avr/lib/avrxmega6/crtatxmega128a3u.o
                0x0000051a                __init
 *(.init0)
 *(.init1)
 *(.init1)
 *(.init2)
 .init2         0x0000051a       0x10 c:/program files (x86)/atmel/studio/7.0/toolchain/avr8/avr8-gnu-toolchain/bin/../lib/gcc/avr/4.9.2/../../../../avr/lib/avrxmega6/crtatxmega128a3u.o
 *(.init2)
 *(.init3)
 *(.init3)
 *(.init4)
 .init4         0x0000052a       0x1a c:/program files (x86)/atmel/studio/7.0/toolchain/avr8/avr8-gnu-toolchain/bin/../lib/gcc/avr/4.9.2/avrxmega6\libgcc.a(_copy_data.o)
                0x0000052a                __do_copy_data
 .init4         0x00000544       0x10 c:/program files (x86)/atmel/studio/7.0/toolchain/avr8/avr8-gnu-toolchain/bin/../lib/gcc/avr/4.9.2/avrxmega6\libgcc.a(_clear_bss.o)
                0x00000544                __do_clear_bss
 *(.init4)
 *(.init5)
 *(.init5)
 *(.init6)
 .init6         0x00000554       0x20 c:/program files (x86)/atmel/studio/7.0/toolchain/avr8/avr8-gnu-toolchain/bin/../lib/gcc/avr/4.9.2/avrxmega6\libgcc.a(_ctors.o)
                0x00000554                __do_global_ctors
 *(.init6)
 *(.init7)
 *(.init7)
 *(.init8)
 *(.init8)
 *(.init9)
 .init9         0x00000574        0x8 c:/program files (x86)/atmel/studio/7.0/toolchain/avr8/avr8-gnu-toolchain/bin/../lib/gcc/avr/4.9.2/../../../../avr/lib/avrxmega6/crtatxmega128a3u.o
 *(.init9)
 *(.text)
 .text          0x0000057c        0x4 c:/program files (x86)/atmel/studio/7.0/toolchain/avr8/avr8-gnu-toolchain/bin/../lib/gcc/avr/4.9.2/../../../../avr/lib/avrxmega6/crtatxmega128a3u.o
                0x0000057c                __vector_75
                0x0000057c                __vector_102
                0x0000057c                __bad_interrupt
                0x0000057c                __vector_122
                0x0000057c                __vector_114
                0x0000057c                __vector_117
                0x0000057c                __vector_107
                0x0000057c                __vector_98
                0x0000057c                __vector_99
                0x0000057c                __vector_125
                0x0000057c                __vector_123
                0x0000057c                __vector_100
                0x0000057c                __vector_101
                0x0000057c                __vector_76
                0x0000057c                __vector_115
                0x0000057c                __vector_95
                0x0000057c                __vector_103
                0x0000057c                __vector_96
                0x0000057c                __vector_106
                0x0000057c                __vector_118
                0x0000057c                __vector_94
                0x0000057c                __vector_126
                0x0000057c                __vector_124
                0x0000057c                __vector_116
                0x0000057c                __vector_97
                0x00000580                . = ALIGN (0x2)
 *(.text.*)
 .text._ZN13CDGUSDatabaseC2Ev
                0x00000580        0x2 CDGUSDatabase.o
                0x00000580                _ZN13CDGUSDatabaseC2Ev
                0x00000580                _ZN13CDGUSDatabaseC1Ev
 .text._ZN13CDGUSDatabaseD2Ev
                0x00000582        0x2 CDGUSDatabase.o
                0x00000582                _ZN13CDGUSDatabaseD2Ev
                0x00000582                _ZN13CDGUSDatabaseD1Ev
 .text._ZN13CDGUSDatabase10InitializeEP9CMBSenderj
                0x00000584       0x18 CDGUSDatabase.o
                0x00000584                _ZN13CDGUSDatabase10InitializeEP9CMBSenderj
 .text._ZN13CDGUSDatabase18MapDatabaseToWriteEjmj
                0x0000059c       0xca CDGUSDatabase.o
                0x0000059c                _ZN13CDGUSDatabase18MapDatabaseToWriteEjmj
 .text._ZN13CDGUSDatabase17MapDatabaseToReadEjmj
                0x00000666       0xca CDGUSDatabase.o
                0x00000666                _ZN13CDGUSDatabase17MapDatabaseToReadEjmj
 .text._ZN13CDGUSDatabase5UnMapEv
                0x00000730       0x3c CDGUSDatabase.o
                0x00000730                _ZN13CDGUSDatabase5UnMapEv
 .text._ZN16CLaserControlApp21OnTransactionCallbackEPhj
                0x0000076c        0x2 CLaserControlApp.o
                0x0000076c                _ZN16CLaserControlApp21OnTransactionCallbackEPhj
 .text._ZN16CLaserControlApp18OnRegisterReceivedEhPhh
                0x0000076e      0x142 CLaserControlApp.o
                0x0000076e                _ZN16CLaserControlApp18OnRegisterReceivedEhPhh
 .text._ZN16CLaserControlApp18OnVariableReceivedEjPjj
                0x000008b0      0x19a CLaserControlApp.o
                0x000008b0                _ZN16CLaserControlApp18OnVariableReceivedEjPjj
 .text._ZN16CLaserControlAppC2Ev
                0x00000a4a        0xc CLaserControlApp.o
                0x00000a4a                _ZN16CLaserControlAppC2Ev
                0x00000a4a                _ZN16CLaserControlAppC1Ev
 .text._ZN16CLaserControlAppD2Ev
                0x00000a56       0x10 CLaserControlApp.o
                0x00000a56                _ZN16CLaserControlAppD2Ev
                0x00000a56                _ZN16CLaserControlAppD1Ev
 .text._ZN16CLaserControlApp22CalculateLaserSettingsEP24DGUS_LASERPROFILE_STRUCT
                0x00000a66      0x14a CLaserControlApp.o
                0x00000a66                _ZN16CLaserControlApp22CalculateLaserSettingsEP24DGUS_LASERPROFILE_STRUCT
 .text._ZN16CLaserControlApp11GetVariableEjj
                0x00000bb0       0x28 CLaserControlApp.o
                0x00000bb0                _ZN16CLaserControlApp11GetVariableEjj
 .text._ZN16CLaserControlApp11SetVariableEjPjj
                0x00000bd8       0x20 CLaserControlApp.o
                0x00000bd8                _ZN16CLaserControlApp11SetVariableEjPjj
 .text._ZN16CLaserControlApp12SetPictureIdEj
                0x00000bf8       0x4c CLaserControlApp.o
                0x00000bf8                _ZN16CLaserControlApp12SetPictureIdEj
 .text._ZN16CLaserControlApp12OnLaserTimerEv
                0x00000c44       0x58 CLaserControlApp.o
                0x00000c44                _ZN16CLaserControlApp12OnLaserTimerEv
 .text._ZN16CLaserControlApp22OnLaserTimerStopStaticEPv
                0x00000c9c        0x6 CLaserControlApp.o
                0x00000c9c                _ZN16CLaserControlApp22OnLaserTimerStopStaticEPv
 .text._ZN16CLaserControlApp19OnPWMTimerOVFStaticEPv
                0x00000ca2        0xa CLaserControlApp.o
                0x00000ca2                _ZN16CLaserControlApp19OnPWMTimerOVFStaticEPv
 .text._ZN16CLaserControlApp19OnPWMTimerCMPStaticEPv
                0x00000cac        0xa CLaserControlApp.o
                0x00000cac                _ZN16CLaserControlApp19OnPWMTimerCMPStaticEPv
 .text._ZN16CLaserControlApp13MelaninPresetEj
                0x00000cb6      0x16c CLaserControlApp.o
                0x00000cb6                _ZN16CLaserControlApp13MelaninPresetEj
 .text._ZN16CLaserControlApp15PhototypePresetEj
                0x00000e22      0x16e CLaserControlApp.o
                0x00000e22                _ZN16CLaserControlApp15PhototypePresetEj
 .text._ZN16CLaserControlApp11CheckLimitsERjS0_16APP_PROFILE_ENUM
                0x00000f90      0x1be CLaserControlApp.o
                0x00000f90                _ZN16CLaserControlApp11CheckLimitsERjS0_16APP_PROFILE_ENUM
 .text._GLOBAL__sub_I_timer
                0x0000114e       0x12 CLaserControlApp.o
 .text._GLOBAL__sub_D_timer
                0x00001160       0x12 CLaserControlApp.o
 .text._ZN16CLaserControlApp10InitializeEP9CMBSender
                0x00001172      0x234 CLaserControlApp.o
                0x00001172                _ZN16CLaserControlApp10InitializeEP9CMBSender
 .text._ZN16CLaserControlApp5StartEv
                0x000013a6       0x90 CLaserControlApp.o
                0x000013a6                _ZN16CLaserControlApp5StartEv
 .text._ZN16CLaserControlApp16OnLaserTimerStopEv
                0x00001436       0x26 CLaserControlApp.o
                0x00001436                _ZN16CLaserControlApp16OnLaserTimerStopEv
 .text._ZN16CLaserControlApp18OnLaserTimerStaticEPv
                0x0000145c        0x6 CLaserControlApp.o
                0x0000145c                _ZN16CLaserControlApp18OnLaserTimerStaticEPv
 .text._ZN16CLaserControlApp3RunEv
                0x00001462      0x8e6 CLaserControlApp.o
                0x00001462                _ZN16CLaserControlApp3RunEv
 .text._ZN16CLaserControlApp7OnTimerEv
                0x00001d48      0x240 CLaserControlApp.o
                0x00001d48                _ZN16CLaserControlApp7OnTimerEv
 .text._ZN16CLaserControlApp13OnTimerStaticEPv
                0x00001f88        0x6 CLaserControlApp.o
                0x00001f88                _ZN16CLaserControlApp13OnTimerStaticEPv
 .text._ZN16CLaserControlApp6OnINT0Ev
                0x00001f8e      0x12c CLaserControlApp.o
                0x00001f8e                _ZN16CLaserControlApp6OnINT0Ev
 .text._ZN16CLaserControlApp12OnINT0StaticEPv
                0x000020ba        0x6 CLaserControlApp.o
                0x000020ba                _ZN16CLaserControlApp12OnINT0StaticEPv
 .text._Z11ConvertDataPvS_jj
                0x000020c0       0x58 DGUSGUI.o
                0x000020c0                _Z11ConvertDataPvS_jj
 .text._Z3minjj
                0x00002118        0xa DGUSGUI.o
                0x00002118                _Z3minjj
 .text._Z3maxjj
                0x00002122        0xa DGUSGUI.o
                0x00002122                _Z3maxjj
 .text._Z4swapj
                0x0000212c        0x8 DGUSGUI.o
                0x0000212c                _Z4swapj
 .text._Z6swap32m
                0x00002134        0x8 DGUSGUI.o
                0x00002134                _Z6swap32m
 .text._ZN4CSPIC2Ev
                0x0000213c        0x2 LaserLib/CSPI.o
                0x0000213c                _ZN4CSPIC2Ev
                0x0000213c                _ZN4CSPIC1Ev
 .text._ZN4CSPID2Ev
                0x0000213e        0x2 LaserLib/CSPI.o
                0x0000213e                _ZN4CSPID2Ev
                0x0000213e                _ZN4CSPID1Ev
 .text._ZN4CSPI10InitializeEb19SPI_DATA_ORDER_ENUM13SPI_MODE_ENUMb18SPI_PRESCALER_enum
                0x00002140       0x82 LaserLib/CSPI.o
                0x00002140                _ZN4CSPI10InitializeEb19SPI_DATA_ORDER_ENUM13SPI_MODE_ENUMb18SPI_PRESCALER_enum
 .text._ZN4CSPI4SendEPhj
                0x000021c2       0x40 LaserLib/CSPI.o
                0x000021c2                _ZN4CSPI4SendEPhj
 .text._ZN4CSPI10OnTransmitEv
                0x00002202       0x30 LaserLib/CSPI.o
                0x00002202                _ZN4CSPI10OnTransmitEv
 .text._ZN4CSPI16StaticOnTransmitEPv
                0x00002232        0x6 LaserLib/CSPI.o
                0x00002232                _ZN4CSPI16StaticOnTransmitEPv
 .text._ZN6CTimerC2Ev
                0x00002238        0xc LaserLib/CTimer.o
                0x00002238                _ZN6CTimerC1Ev
                0x00002238                _ZN6CTimerC2Ev
 .text._ZN6CTimerD2Ev
                0x00002244        0x2 LaserLib/CTimer.o
                0x00002244                _ZN6CTimerD1Ev
                0x00002244                _ZN6CTimerD2Ev
 .text._ZN7CTimer1C2Ev
                0x00002246        0xc LaserLib/CTimer1.o
                0x00002246                _ZN7CTimer1C1Ev
                0x00002246                _ZN7CTimer1C2Ev
 .text._ZN7CTimer1D2Ev
                0x00002252        0x2 LaserLib/CTimer1.o
                0x00002252                _ZN7CTimer1D1Ev
                0x00002252                _ZN7CTimer1D2Ev
 .text._ZN6CUSARTC2Ev
                0x00002254        0xc LaserLib/CUSART.o
                0x00002254                _ZN6CUSARTC2Ev
                0x00002254                _ZN6CUSARTC1Ev
 .text._ZN6CUSARTD2Ev
                0x00002260        0x2 LaserLib/CUSART.o
                0x00002260                _ZN6CUSARTD1Ev
                0x00002260                _ZN6CUSARTD2Ev
 .text.__vector_1
                0x00002262       0x62 LaserLib/intx128.o
                0x00002262                __vector_1
 .text.__vector_2
                0x000022c4       0x62 LaserLib/intx128.o
                0x000022c4                __vector_2
 .text.__vector_3
                0x00002326       0x62 LaserLib/intx128.o
                0x00002326                __vector_3
 .text.__vector_4
                0x00002388       0x62 LaserLib/intx128.o
                0x00002388                __vector_4
 .text.__vector_5
                0x000023ea       0x62 LaserLib/intx128.o
                0x000023ea                __vector_5
 .text.__vector_6
                0x0000244c       0x62 LaserLib/intx128.o
                0x0000244c                __vector_6
 .text.__vector_7
                0x000024ae       0x62 LaserLib/intx128.o
                0x000024ae                __vector_7
 .text.__vector_8
                0x00002510       0x62 LaserLib/intx128.o
                0x00002510                __vector_8
 .text.__vector_9
                0x00002572       0x62 LaserLib/intx128.o
                0x00002572                __vector_9
 .text.__vector_10
                0x000025d4       0x62 LaserLib/intx128.o
                0x000025d4                __vector_10
 .text.__vector_11
                0x00002636       0x62 LaserLib/intx128.o
                0x00002636                __vector_11
 .text.__vector_12
                0x00002698       0x62 LaserLib/intx128.o
                0x00002698                __vector_12
 .text.__vector_13
                0x000026fa       0x62 LaserLib/intx128.o
                0x000026fa                __vector_13
 .text.__vector_14
                0x0000275c       0x62 LaserLib/intx128.o
                0x0000275c                __vector_14
 .text.__vector_15
                0x000027be       0x62 LaserLib/intx128.o
                0x000027be                __vector_15
 .text.__vector_16
                0x00002820       0x62 LaserLib/intx128.o
                0x00002820                __vector_16
 .text.__vector_17
                0x00002882       0x62 LaserLib/intx128.o
                0x00002882                __vector_17
 .text.__vector_18
                0x000028e4       0x62 LaserLib/intx128.o
                0x000028e4                __vector_18
 .text.__vector_19
                0x00002946       0x62 LaserLib/intx128.o
                0x00002946                __vector_19
 .text.__vector_20
                0x000029a8       0x62 LaserLib/intx128.o
                0x000029a8                __vector_20
 .text.__vector_21
                0x00002a0a       0x62 LaserLib/intx128.o
                0x00002a0a                __vector_21
 .text.__vector_22
                0x00002a6c       0x62 LaserLib/intx128.o
                0x00002a6c                __vector_22
 .text.__vector_23
                0x00002ace       0x62 LaserLib/intx128.o
                0x00002ace                __vector_23
 .text.__vector_24
                0x00002b30       0x62 LaserLib/intx128.o
                0x00002b30                __vector_24
 .text.__vector_25
                0x00002b92       0x62 LaserLib/intx128.o
                0x00002b92                __vector_25
 .text.__vector_26
                0x00002bf4       0x62 LaserLib/intx128.o
                0x00002bf4                __vector_26
 .text.__vector_27
                0x00002c56       0x62 LaserLib/intx128.o
                0x00002c56                __vector_27
 .text.__vector_28
                0x00002cb8       0x62 LaserLib/intx128.o
                0x00002cb8                __vector_28
 .text.__vector_29
                0x00002d1a       0x62 LaserLib/intx128.o
                0x00002d1a                __vector_29
 .text.__vector_30
                0x00002d7c       0x62 LaserLib/intx128.o
                0x00002d7c                __vector_30
 .text.__vector_31
                0x00002dde       0x62 LaserLib/intx128.o
                0x00002dde                __vector_31
 .text.__vector_32
                0x00002e40       0x62 LaserLib/intx128.o
                0x00002e40                __vector_32
 .text.__vector_33
                0x00002ea2       0x62 LaserLib/intx128.o
                0x00002ea2                __vector_33
 .text.__vector_34
                0x00002f04       0x62 LaserLib/intx128.o
                0x00002f04                __vector_34
 .text.__vector_35
                0x00002f66       0x62 LaserLib/intx128.o
                0x00002f66                __vector_35
 .text.__vector_36
                0x00002fc8       0x62 LaserLib/intx128.o
                0x00002fc8                __vector_36
 .text.__vector_37
                0x0000302a       0x62 LaserLib/intx128.o
                0x0000302a                __vector_37
 .text.__vector_38
                0x0000308c       0x62 LaserLib/intx128.o
                0x0000308c                __vector_38
 .text.__vector_39
                0x000030ee       0x62 LaserLib/intx128.o
                0x000030ee                __vector_39
 .text.__vector_40
                0x00003150       0x62 LaserLib/intx128.o
                0x00003150                __vector_40
 .text.__vector_41
                0x000031b2       0x62 LaserLib/intx128.o
                0x000031b2                __vector_41
 .text.__vector_42
                0x00003214       0x62 LaserLib/intx128.o
                0x00003214                __vector_42
 .text.__vector_43
                0x00003276       0x62 LaserLib/intx128.o
                0x00003276                __vector_43
 .text.__vector_44
                0x000032d8       0x62 LaserLib/intx128.o
                0x000032d8                __vector_44
 .text.__vector_45
                0x0000333a       0x62 LaserLib/intx128.o
                0x0000333a                __vector_45
 .text.__vector_46
                0x0000339c       0x62 LaserLib/intx128.o
                0x0000339c                __vector_46
 .text.__vector_47
                0x000033fe       0x62 LaserLib/intx128.o
                0x000033fe                __vector_47
 .text.__vector_48
                0x00003460       0x62 LaserLib/intx128.o
                0x00003460                __vector_48
 .text.__vector_49
                0x000034c2       0x62 LaserLib/intx128.o
                0x000034c2                __vector_49
 .text.__vector_50
                0x00003524       0x62 LaserLib/intx128.o
                0x00003524                __vector_50
 .text.__vector_51
                0x00003586       0x62 LaserLib/intx128.o
                0x00003586                __vector_51
 .text.__vector_52
                0x000035e8       0x62 LaserLib/intx128.o
                0x000035e8                __vector_52
 .text.__vector_53
                0x0000364a       0x62 LaserLib/intx128.o
                0x0000364a                __vector_53
 .text.__vector_54
                0x000036ac       0x62 LaserLib/intx128.o
                0x000036ac                __vector_54
 .text.__vector_55
                0x0000370e       0x62 LaserLib/intx128.o
                0x0000370e                __vector_55
 .text.__vector_56
                0x00003770       0x62 LaserLib/intx128.o
                0x00003770                __vector_56
 .text.__vector_57
                0x000037d2       0x62 LaserLib/intx128.o
                0x000037d2                __vector_57
 .text.__vector_58
                0x00003834       0x62 LaserLib/intx128.o
                0x00003834                __vector_58
 .text.__vector_59
                0x00003896       0x62 LaserLib/intx128.o
                0x00003896                __vector_59
 .text.__vector_60
                0x000038f8       0x62 LaserLib/intx128.o
                0x000038f8                __vector_60
 .text.__vector_61
                0x0000395a       0x62 LaserLib/intx128.o
                0x0000395a                __vector_61
 .text.__vector_62
                0x000039bc       0x62 LaserLib/intx128.o
                0x000039bc                __vector_62
 .text.__vector_63
                0x00003a1e       0x62 LaserLib/intx128.o
                0x00003a1e                __vector_63
 .text.__vector_64
                0x00003a80       0x62 LaserLib/intx128.o
                0x00003a80                __vector_64
 .text.__vector_65
                0x00003ae2       0x62 LaserLib/intx128.o
                0x00003ae2                __vector_65
 .text.__vector_66
                0x00003b44       0x62 LaserLib/intx128.o
                0x00003b44                __vector_66
 .text.__vector_67
                0x00003ba6       0x62 LaserLib/intx128.o
                0x00003ba6                __vector_67
 .text.__vector_68
                0x00003c08       0x62 LaserLib/intx128.o
                0x00003c08                __vector_68
 .text.__vector_69
                0x00003c6a       0x62 LaserLib/intx128.o
                0x00003c6a                __vector_69
 .text.__vector_70
                0x00003ccc       0x62 LaserLib/intx128.o
                0x00003ccc                __vector_70
 .text.__vector_71
                0x00003d2e       0x62 LaserLib/intx128.o
                0x00003d2e                __vector_71
 .text.__vector_72
                0x00003d90       0x62 LaserLib/intx128.o
                0x00003d90                __vector_72
 .text.__vector_73
                0x00003df2       0x62 LaserLib/intx128.o
                0x00003df2                __vector_73
 .text.__vector_74
                0x00003e54       0x62 LaserLib/intx128.o
                0x00003e54                __vector_74
 .text.__vector_77
                0x00003eb6       0x62 LaserLib/intx128.o
                0x00003eb6                __vector_77
 .text.__vector_78
                0x00003f18       0x62 LaserLib/intx128.o
                0x00003f18                __vector_78
 .text.__vector_79
                0x00003f7a       0x62 LaserLib/intx128.o
                0x00003f7a                __vector_79
 .text.__vector_80
                0x00003fdc       0x62 LaserLib/intx128.o
                0x00003fdc                __vector_80
 .text.__vector_81
                0x0000403e       0x62 LaserLib/intx128.o
                0x0000403e                __vector_81
 .text.__vector_82
                0x000040a0       0x62 LaserLib/intx128.o
                0x000040a0                __vector_82
 .text.__vector_83
                0x00004102       0x62 LaserLib/intx128.o
                0x00004102                __vector_83
 .text.__vector_84
                0x00004164       0x62 LaserLib/intx128.o
                0x00004164                __vector_84
 .text.__vector_85
                0x000041c6       0x62 LaserLib/intx128.o
                0x000041c6                __vector_85
 .text.__vector_86
                0x00004228       0x62 LaserLib/intx128.o
                0x00004228                __vector_86
 .text.__vector_87
                0x0000428a       0x62 LaserLib/intx128.o
                0x0000428a                __vector_87
 .text.__vector_88
                0x000042ec       0x62 LaserLib/intx128.o
                0x000042ec                __vector_88
 .text.__vector_89
                0x0000434e       0x62 LaserLib/intx128.o
                0x0000434e                __vector_89
 .text.__vector_90
                0x000043b0       0x62 LaserLib/intx128.o
                0x000043b0                __vector_90
 .text.__vector_91
                0x00004412       0x62 LaserLib/intx128.o
                0x00004412                __vector_91
 .text.__vector_92
                0x00004474       0x62 LaserLib/intx128.o
                0x00004474                __vector_92
 .text.__vector_93
                0x000044d6       0x62 LaserLib/intx128.o
                0x000044d6                __vector_93
 .text.__vector_104
                0x00004538       0x62 LaserLib/intx128.o
                0x00004538                __vector_104
 .text.__vector_105
                0x0000459a       0x62 LaserLib/intx128.o
                0x0000459a                __vector_105
 .text.__vector_108
                0x000045fc       0x62 LaserLib/intx128.o
                0x000045fc                __vector_108
 .text.__vector_109
                0x0000465e       0x62 LaserLib/intx128.o
                0x0000465e                __vector_109
 .text.__vector_110
                0x000046c0       0x62 LaserLib/intx128.o
                0x000046c0                __vector_110
 .text.__vector_111
                0x00004722       0x62 LaserLib/intx128.o
                0x00004722                __vector_111
 .text.__vector_112
                0x00004784       0x62 LaserLib/intx128.o
                0x00004784                __vector_112
 .text.__vector_113
                0x000047e6       0x62 LaserLib/intx128.o
                0x000047e6                __vector_113
 .text.__vector_119
                0x00004848       0x62 LaserLib/intx128.o
                0x00004848                __vector_119
 .text.__vector_120
                0x000048aa       0x62 LaserLib/intx128.o
                0x000048aa                __vector_120
 .text.__vector_121
                0x0000490c       0x62 LaserLib/intx128.o
                0x0000490c                __vector_121
 .text.__cxa_pure_virtual
                0x0000496e        0x6 main.o
                0x0000496e                __cxa_pure_virtual
 .text._GLOBAL__sub_I_dacSPI
                0x00004974       0x5a main.o
 .text._GLOBAL__sub_D_dacSPI
                0x000049ce       0x5a main.o
 .text._Z16SystemInitializev
                0x00004a28      0x14a main.o
                0x00004a28                _Z16SystemInitializev
 .text.main     0x00004b72       0xe6 main.o
                0x00004b72                main
 .text._ZN16CMBEventsHandler13FillRegDataTxEhPhh
                0x00004c58       0x62 MODBUS/CMBProtocol.o
                0x00004c58                _ZN16CMBEventsHandler13FillRegDataTxEhPhh
 .text._ZN16CMBEventsHandler13FillRegDataRqEhh
                0x00004cba       0x3e MODBUS/CMBProtocol.o
                0x00004cba                _ZN16CMBEventsHandler13FillRegDataRqEhh
 .text._ZN16CMBEventsHandler13FillVarDataTxEjPjj
                0x00004cf8       0x90 MODBUS/CMBProtocol.o
                0x00004cf8                _ZN16CMBEventsHandler13FillVarDataTxEjPjj
 .text._ZN16CMBEventsHandler13FillVarDataRqEjj
                0x00004d88       0x46 MODBUS/CMBProtocol.o
                0x00004d88                _ZN16CMBEventsHandler13FillVarDataRqEjj
 .text._ZN16CMBEventsHandler15AllocateBuffersEjj
                0x00004dce       0x36 MODBUS/CMBProtocol.o
                0x00004dce                _ZN16CMBEventsHandler15AllocateBuffersEjj
 .text._ZN16CMBEventsHandler11FreeBuffersEv
                0x00004e04       0x1c MODBUS/CMBProtocol.o
                0x00004e04                _ZN16CMBEventsHandler11FreeBuffersEv
 .text._ZN16CMBEventsHandlerD2Ev
                0x00004e20        0x2 MODBUS/CMBProtocol.o
                0x00004e20                _ZN16CMBEventsHandlerD2Ev
                0x00004e20                _ZN16CMBEventsHandlerD1Ev
 .text._ZN9CMBSender18OnVariableReceivedEjPjj
                0x00004e22       0x1e MODBUS/CMBSender.o
                0x00004e22                _ZN9CMBSender18OnVariableReceivedEjPjj
 .text._ZN9CMBSender18OnRegisterReceivedEhPhh
                0x00004e40       0x1e MODBUS/CMBSender.o
                0x00004e40                _ZN9CMBSender18OnRegisterReceivedEhPhh
 .text._ZN9CMBSenderC2Ev
                0x00004e5e        0xc MODBUS/CMBSender.o
                0x00004e5e                _ZN9CMBSenderC2Ev
                0x00004e5e                _ZN9CMBSenderC1Ev
 .text._ZN9CMBSender10InitializeEP6CTimerP6CUSARTP16CMBEventsHandlerjjj
                0x00004e6a       0xde MODBUS/CMBSender.o
                0x00004e6a                _ZN9CMBSender10InitializeEP6CTimerP6CUSARTP16CMBEventsHandlerjjj
 .text._ZN9CMBSenderD2Ev
                0x00004f48       0x10 MODBUS/CMBSender.o
                0x00004f48                _ZN9CMBSenderD1Ev
                0x00004f48                _ZN9CMBSenderD2Ev
 .text._ZN9CMBSender13OnReceiveByteEh
                0x00004f58      0x15a MODBUS/CMBSender.o
                0x00004f58                _ZN9CMBSender13OnReceiveByteEh
 .text._ZN9CMBSender18OnUSARTRxInterruptEPv
                0x000050b2       0x26 MODBUS/CMBSender.o
                0x000050b2                _ZN9CMBSender18OnUSARTRxInterruptEPv
 .text._ZN9CMBSender9OnTimeoutEv
                0x000050d8       0x28 MODBUS/CMBSender.o
                0x000050d8                _ZN9CMBSender9OnTimeoutEv
 .text._ZN9CMBSender18OnTimeoutInterruptEPv
                0x00005100        0x6 MODBUS/CMBSender.o
                0x00005100                _ZN9CMBSender18OnTimeoutInterruptEPv
 .text._ZN9CMBSender19StartMODBUSListenerEv
                0x00005106       0x32 MODBUS/CMBSender.o
                0x00005106                _ZN9CMBSender19StartMODBUSListenerEv
 .text._ZN9CMBSender14OnTransmitByteEv
                0x00005138       0x92 MODBUS/CMBSender.o
                0x00005138                _ZN9CMBSender14OnTransmitByteEv
 .text._ZN9CMBSender18OnUSARTTxInterruptEPv
                0x000051ca        0x6 MODBUS/CMBSender.o
                0x000051ca                _ZN9CMBSender18OnUSARTTxInterruptEPv
 .text._ZN9CMBSender18WaitMODBUSListenerEv
                0x000051d0       0x22 MODBUS/CMBSender.o
                0x000051d0                _ZN9CMBSender18WaitMODBUSListenerEv
 .text._ZN9CMBSender22StartMODBUSTransmitterEv
                0x000051f2       0x2a MODBUS/CMBSender.o
                0x000051f2                _ZN9CMBSender22StartMODBUSTransmitterEv
 .text._ZN9CMBSender24WriteDataToRegisterAsyncEhPhh
                0x0000521c       0x1e MODBUS/CMBSender.o
                0x0000521c                _ZN9CMBSender24WriteDataToRegisterAsyncEhPhh
 .text._ZN9CMBSender20WriteDataToSRAMAsyncEjPjj
                0x0000523a       0x1e MODBUS/CMBSender.o
                0x0000523a                _ZN9CMBSender20WriteDataToSRAMAsyncEjPjj
 .text._ZN9CMBSender28RequestDataFromRegisterAsyncEhh
                0x00005258       0x1e MODBUS/CMBSender.o
                0x00005258                _ZN9CMBSender28RequestDataFromRegisterAsyncEhh
 .text._ZN9CMBSender24RequestDataFromSRAMAsyncEjh
                0x00005276       0x20 MODBUS/CMBSender.o
                0x00005276                _ZN9CMBSender24RequestDataFromSRAMAsyncEjh
 .text._ZN9CMBSender21WaitMODBUSTransmitterEv
                0x00005296       0x22 MODBUS/CMBSender.o
                0x00005296                _ZN9CMBSender21WaitMODBUSTransmitterEv
 .text._ZN9CMBSender30StartMODBUSRegisterTransactionEhh
                0x000052b8        0xc MODBUS/CMBSender.o
                0x000052b8                _ZN9CMBSender30StartMODBUSRegisterTransactionEhh
 .text._ZN9CMBSender30StartMODBUSVariableTransactionEjh
                0x000052c4        0xc MODBUS/CMBSender.o
                0x000052c4                _ZN9CMBSender30StartMODBUSVariableTransactionEjh
 .text._ZN9CMBSender18ProcessTransactionEPhj
                0x000052d0       0x62 MODBUS/CMBSender.o
                0x000052d0                _ZN9CMBSender18ProcessTransactionEPhj
 .text._ZN9CMBSender21OnTransactionCallbackEPhj
                0x00005332        0x6 MODBUS/CMBSender.o
                0x00005332                _ZN9CMBSender21OnTransactionCallbackEPhj
 .text._ZN10CDGUSUSART10InitializeE13BAUDRATE_ENUM11PARITY_ENUM12STOBITS_ENUMb
                0x00005338       0x76 Periphery/CDGUSUSART.o
                0x00005338                _ZN10CDGUSUSART10InitializeE13BAUDRATE_ENUM11PARITY_ENUM12STOBITS_ENUMb
 .text._ZN10CDGUSUSART15GetReceivedByteEv
                0x000053ae        0x6 Periphery/CDGUSUSART.o
                0x000053ae                _ZN10CDGUSUSART15GetReceivedByteEv
 .text._ZN10CDGUSUSART19SetTransmittingByteEh
                0x000053b4        0x6 Periphery/CDGUSUSART.o
                0x000053b4                _ZN10CDGUSUSART19SetTransmittingByteEh
 .text._ZN10CDGUSUSART14IsTransmittingEv
                0x000053ba       0x10 Periphery/CDGUSUSART.o
                0x000053ba                _ZN10CDGUSUSART14IsTransmittingEv
 .text._ZN10CDGUSUSART11IsReceivingEv
                0x000053ca        0xe Periphery/CDGUSUSART.o
                0x000053ca                _ZN10CDGUSUSART11IsReceivingEv
 .text._ZN10CDGUSUSART11IsDataEmptyEv
                0x000053d8       0x10 Periphery/CDGUSUSART.o
                0x000053d8                _ZN10CDGUSUSART11IsDataEmptyEv
 .text._ZN10CDGUSUSART25SetRxInterruptionCallbackEPvPFvS0_E
                0x000053e8       0x12 Periphery/CDGUSUSART.o
                0x000053e8                _ZN10CDGUSUSART25SetRxInterruptionCallbackEPvPFvS0_E
 .text._ZN10CDGUSUSART25SetTxInterruptionCallbackEPvPFvS0_E
                0x000053fa       0x12 Periphery/CDGUSUSART.o
                0x000053fa                _ZN10CDGUSUSART25SetTxInterruptionCallbackEPvPFvS0_E
 .text._ZN10CDGUSUSART12SetDMARxTrigEP13DMA_CH_struct
                0x0000540c       0x12 Periphery/CDGUSUSART.o
                0x0000540c                _ZN10CDGUSUSART12SetDMARxTrigEP13DMA_CH_struct
 .text._ZN10CDGUSUSART12SetDMATxTrigEP13DMA_CH_struct
                0x0000541e       0x12 Periphery/CDGUSUSART.o
                0x0000541e                _ZN10CDGUSUSART12SetDMATxTrigEP13DMA_CH_struct
 .text._ZN10CDGUSUSARTC2Ev
                0x00005430       0x18 Periphery/CDGUSUSART.o
                0x00005430                _ZN10CDGUSUSARTC1Ev
                0x00005430                _ZN10CDGUSUSARTC2Ev
 .text._ZN10CDGUSUSARTD2Ev
                0x00005448       0x10 Periphery/CDGUSUSART.o
                0x00005448                _ZN10CDGUSUSARTD2Ev
                0x00005448                _ZN10CDGUSUSARTD1Ev
 .text._ZN8CDS18B20C2Ev
                0x00005458        0x2 Periphery/CDS18B20.o
                0x00005458                _ZN8CDS18B20C2Ev
                0x00005458                _ZN8CDS18B20C1Ev
 .text._ZN8CDS18B20D2Ev
                0x0000545a        0x2 Periphery/CDS18B20.o
                0x0000545a                _ZN8CDS18B20D1Ev
                0x0000545a                _ZN8CDS18B20D2Ev
 .text._ZN8CDS18B207w1_findEv
                0x0000545c       0x3a Periphery/CDS18B20.o
                0x0000545c                _ZN8CDS18B207w1_findEv
 .text._ZN8CDS18B2010w1_sendcmdEh
                0x00005496       0x6e Periphery/CDS18B20.o
                0x00005496                _ZN8CDS18B2010w1_sendcmdEh
 .text._ZN8CDS18B2015w1_receive_byteEv
                0x00005504       0x66 Periphery/CDS18B20.o
                0x00005504                _ZN8CDS18B2015w1_receive_byteEv
 .text._ZN8CDS18B2010temp_18b20Ev
                0x0000556a       0x96 Periphery/CDS18B20.o
                0x0000556a                _ZN8CDS18B2010temp_18b20Ev
 .text._ZN8CDS18B2010InitializeEv
                0x00005600       0x1e Periphery/CDS18B20.o
                0x00005600                _ZN8CDS18B2010InitializeEv
 .text._ZN11CLaserBoardC2Ev
                0x0000561e        0x2 Periphery/CLaserBoard.o
                0x0000561e                _ZN11CLaserBoardC1Ev
                0x0000561e                _ZN11CLaserBoardC2Ev
 .text._ZN11CLaserBoardD2Ev
                0x00005620        0x2 Periphery/CLaserBoard.o
                0x00005620                _ZN11CLaserBoardD2Ev
                0x00005620                _ZN11CLaserBoardD1Ev
 .text._ZN11CLaserBoard12InitializeIOEv
                0x00005622       0xc0 Periphery/CLaserBoard.o
                0x00005622                _ZN11CLaserBoard12InitializeIOEv
 .text._ZN11CLaserBoard15InitializeClockEv
                0x000056e2       0x6a Periphery/CLaserBoard.o
                0x000056e2                _ZN11CLaserBoard15InitializeClockEv
 .text._ZN11CLaserBoard5PWMOnEv
                0x0000574c        0x8 Periphery/CLaserBoard.o
                0x0000574c                _ZN11CLaserBoard5PWMOnEv
 .text._ZN11CLaserBoard6PWMOffEv
                0x00005754        0x8 Periphery/CLaserBoard.o
                0x00005754                _ZN11CLaserBoard6PWMOffEv
 .text._ZN11CLaserBoard8Relay1OnEv
                0x0000575c        0x8 Periphery/CLaserBoard.o
                0x0000575c                _ZN11CLaserBoard8Relay1OnEv
 .text._ZN11CLaserBoard8Relay2OnEv
                0x00005764        0x8 Periphery/CLaserBoard.o
                0x00005764                _ZN11CLaserBoard8Relay2OnEv
 .text._ZN11CLaserBoard9Relay2OffEv
                0x0000576c        0x8 Periphery/CLaserBoard.o
                0x0000576c                _ZN11CLaserBoard9Relay2OffEv
 .text._ZN11CLaserBoard12LaserPowerOnEv
                0x00005774        0x8 Periphery/CLaserBoard.o
                0x00005774                _ZN11CLaserBoard12LaserPowerOnEv
 .text._ZN11CLaserBoard13LaserPowerOffEv
                0x0000577c        0x8 Periphery/CLaserBoard.o
                0x0000577c                _ZN11CLaserBoard13LaserPowerOffEv
 .text._ZN11CLaserBoard4BeepEv
                0x00005784       0x30 Periphery/CLaserBoard.o
                0x00005784                _ZN11CLaserBoard4BeepEv
 .text._ZN11CLaserBoard14BeepClassErrorEv
                0x000057b4       0x54 Periphery/CLaserBoard.o
                0x000057b4                _ZN11CLaserBoard14BeepClassErrorEv
 .text._ZN11CLaserBoard9PortCheckEv
                0x00005808        0xa Periphery/CLaserBoard.o
                0x00005808                _ZN11CLaserBoard9PortCheckEv
 .text._ZN11CLaserBoard10FootswitchEv
                0x00005812        0x8 Periphery/CLaserBoard.o
                0x00005812                _ZN11CLaserBoard10FootswitchEv
 .text._ZN12CSoundPlayerC2Ev
                0x0000581a        0x2 Periphery/CSoundPlayer.o
                0x0000581a                _ZN12CSoundPlayerC2Ev
                0x0000581a                _ZN12CSoundPlayerC1Ev
 .text._ZN12CSoundPlayerD2Ev
                0x0000581c        0x2 Periphery/CSoundPlayer.o
                0x0000581c                _ZN12CSoundPlayerD1Ev
                0x0000581c                _ZN12CSoundPlayerD2Ev
 .text._ZN12CSoundPlayer19InitializeToneTimerEv
                0x0000581e       0x22 Periphery/CSoundPlayer.o
                0x0000581e                _ZN12CSoundPlayer19InitializeToneTimerEv
 .text._ZN12CSoundPlayer23InitializeDurationTimerEv
                0x00005840       0x18 Periphery/CSoundPlayer.o
                0x00005840                _ZN12CSoundPlayer23InitializeDurationTimerEv
 .text._ZN12CSoundPlayer10SoundStartEjjh
                0x00005858       0x68 Periphery/CSoundPlayer.o
                0x00005858                _ZN12CSoundPlayer10SoundStartEjjh
 .text._ZN12CSoundPlayer9SoundStopEv
                0x000058c0       0x3c Periphery/CSoundPlayer.o
                0x000058c0                _ZN12CSoundPlayer9SoundStopEv
 .text._ZN12CSoundPlayer10InitializeEv
                0x000058fc       0x16 Periphery/CSoundPlayer.o
                0x000058fc                _ZN12CSoundPlayer10InitializeEv
 .text._ZN7CTimerC10InitializeE27TIMER_WAVEFORMGEN_MODE_ENUM22TIMER_CLOCKSELECT_ENUM
                0x00005912       0x36 Periphery/CTimerC.o
                0x00005912                _ZN7CTimerC10InitializeE27TIMER_WAVEFORMGEN_MODE_ENUM22TIMER_CLOCKSELECT_ENUM
 .text._ZN7CTimerC5StartEj
                0x00005948       0x1a Periphery/CTimerC.o
                0x00005948                _ZN7CTimerC5StartEj
 .text._ZN7CTimerC4StopEv
                0x00005962       0x10 Periphery/CTimerC.o
                0x00005962                _ZN7CTimerC4StopEv
 .text._ZN7CTimerC13EnableChannelE19TIMER_CHANNELS_ENUM
                0x00005972        0xe Periphery/CTimerC.o
                0x00005972                _ZN7CTimerC13EnableChannelE19TIMER_CHANNELS_ENUM
 .text._ZN7CTimerC14DisableChannelE19TIMER_CHANNELS_ENUM
                0x00005980        0xe Periphery/CTimerC.o
                0x00005980                _ZN7CTimerC14DisableChannelE19TIMER_CHANNELS_ENUM
 .text._ZN7CTimerC9SetPeriodEj
                0x0000598e        0xa Periphery/CTimerC.o
                0x0000598e                _ZN7CTimerC9SetPeriodEj
 .text._ZN7CTimerC8SetCOMPAEj
                0x00005998        0xa Periphery/CTimerC.o
                0x00005998                _ZN7CTimerC8SetCOMPAEj
 .text._ZN7CTimerC8SetCOMPBEj
                0x000059a2        0xa Periphery/CTimerC.o
                0x000059a2                _ZN7CTimerC8SetCOMPBEj
 .text._ZN7CTimerC8SetCOMPCEj
                0x000059ac        0xa Periphery/CTimerC.o
                0x000059ac                _ZN7CTimerC8SetCOMPCEj
 .text._ZN7CTimerC8SetCOMPDEj
                0x000059b6        0xa Periphery/CTimerC.o
                0x000059b6                _ZN7CTimerC8SetCOMPDEj
 .text._ZN7CTimerC14SetOVFCallbackEPFvPvES0_17TC_OVFINTLVL_enum
                0x000059c0       0x24 Periphery/CTimerC.o
                0x000059c0                _ZN7CTimerC14SetOVFCallbackEPFvPvES0_17TC_OVFINTLVL_enum
 .text._ZN7CTimerC14SetERRCallbackEPFvPvES0_17TC_ERRINTLVL_enum
                0x000059e4       0x24 Periphery/CTimerC.o
                0x000059e4                _ZN7CTimerC14SetERRCallbackEPFvPvES0_17TC_ERRINTLVL_enum
 .text._ZN7CTimerC16SetCOMPACallbackEPFvPvES0_17TC_CCAINTLVL_enum
                0x00005a08       0x24 Periphery/CTimerC.o
                0x00005a08                _ZN7CTimerC16SetCOMPACallbackEPFvPvES0_17TC_CCAINTLVL_enum
 .text._ZN7CTimerC16SetCOMPBCallbackEPFvPvES0_17TC_CCBINTLVL_enum
                0x00005a2c       0x24 Periphery/CTimerC.o
                0x00005a2c                _ZN7CTimerC16SetCOMPBCallbackEPFvPvES0_17TC_CCBINTLVL_enum
 .text._ZN7CTimerC16SetCOMPCCallbackEPFvPvES0_17TC_CCCINTLVL_enum
                0x00005a50       0x24 Periphery/CTimerC.o
                0x00005a50                _ZN7CTimerC16SetCOMPCCallbackEPFvPvES0_17TC_CCCINTLVL_enum
 .text._ZN7CTimerC16SetCOMPDCallbackEPFvPvES0_17TC_CCDINTLVL_enum
                0x00005a74       0x24 Periphery/CTimerC.o
                0x00005a74                _ZN7CTimerC16SetCOMPDCallbackEPFvPvES0_17TC_CCDINTLVL_enum
 .text._ZN7CTimerCC2Ev
                0x00005a98       0x18 Periphery/CTimerC.o
                0x00005a98                _ZN7CTimerCC1Ev
                0x00005a98                _ZN7CTimerCC2Ev
 .text._ZN7CTimerCD2Ev
                0x00005ab0       0x10 Periphery/CTimerC.o
                0x00005ab0                _ZN7CTimerCD1Ev
                0x00005ab0                _ZN7CTimerCD2Ev
 .text._ZN8CTimerC110InitializeE27TIMER_WAVEFORMGEN_MODE_ENUM22TIMER_CLOCKSELECT_ENUM
                0x00005ac0       0x2e Periphery/CTimerC1.o
                0x00005ac0                _ZN8CTimerC110InitializeE27TIMER_WAVEFORMGEN_MODE_ENUM22TIMER_CLOCKSELECT_ENUM
 .text._ZN8CTimerC15StartEj
                0x00005aee       0x1a Periphery/CTimerC1.o
                0x00005aee                _ZN8CTimerC15StartEj
 .text._ZN8CTimerC14StopEv
                0x00005b08       0x10 Periphery/CTimerC1.o
                0x00005b08                _ZN8CTimerC14StopEv
 .text._ZN8CTimerC15ResetEv
                0x00005b18       0x14 Periphery/CTimerC1.o
                0x00005b18                _ZN8CTimerC15ResetEv
 .text._ZN8CTimerC113EnableChannelE19TIMER_CHANNELS_ENUM
                0x00005b2c        0xe Periphery/CTimerC1.o
                0x00005b2c                _ZN8CTimerC113EnableChannelE19TIMER_CHANNELS_ENUM
 .text._ZN8CTimerC114DisableChannelE19TIMER_CHANNELS_ENUM
                0x00005b3a        0xe Periphery/CTimerC1.o
                0x00005b3a                _ZN8CTimerC114DisableChannelE19TIMER_CHANNELS_ENUM
 .text._ZN8CTimerC19SetPeriodEj
                0x00005b48        0xa Periphery/CTimerC1.o
                0x00005b48                _ZN8CTimerC19SetPeriodEj
 .text._ZN8CTimerC18SetCOMPAEj
                0x00005b52        0xa Periphery/CTimerC1.o
                0x00005b52                _ZN8CTimerC18SetCOMPAEj
 .text._ZN8CTimerC18SetCOMPBEj
                0x00005b5c        0xa Periphery/CTimerC1.o
                0x00005b5c                _ZN8CTimerC18SetCOMPBEj
 .text._ZN8CTimerC114SetOVFCallbackEPFvPvES0_17TC_OVFINTLVL_enum
                0x00005b66       0x24 Periphery/CTimerC1.o
                0x00005b66                _ZN8CTimerC114SetOVFCallbackEPFvPvES0_17TC_OVFINTLVL_enum
 .text._ZN8CTimerC114SetERRCallbackEPFvPvES0_17TC_ERRINTLVL_enum
                0x00005b8a       0x24 Periphery/CTimerC1.o
                0x00005b8a                _ZN8CTimerC114SetERRCallbackEPFvPvES0_17TC_ERRINTLVL_enum
 .text._ZN8CTimerC116SetCOMPACallbackEPFvPvES0_17TC_CCAINTLVL_enum
                0x00005bae       0x24 Periphery/CTimerC1.o
                0x00005bae                _ZN8CTimerC116SetCOMPACallbackEPFvPvES0_17TC_CCAINTLVL_enum
 .text._ZN8CTimerC116SetCOMPBCallbackEPFvPvES0_17TC_CCBINTLVL_enum
                0x00005bd2       0x24 Periphery/CTimerC1.o
                0x00005bd2                _ZN8CTimerC116SetCOMPBCallbackEPFvPvES0_17TC_CCBINTLVL_enum
 .text._ZN8CTimerC1C2Ev
                0x00005bf6       0x18 Periphery/CTimerC1.o
                0x00005bf6                _ZN8CTimerC1C2Ev
                0x00005bf6                _ZN8CTimerC1C1Ev
 .text._ZN8CTimerC1D2Ev
                0x00005c0e       0x10 Periphery/CTimerC1.o
                0x00005c0e                _ZN8CTimerC1D2Ev
                0x00005c0e                _ZN8CTimerC1D1Ev
 .text._ZN7CTimerD10InitializeE27TIMER_WAVEFORMGEN_MODE_ENUM22TIMER_CLOCKSELECT_ENUM
                0x00005c1e       0x36 Periphery/CTimerD.o
                0x00005c1e                _ZN7CTimerD10InitializeE27TIMER_WAVEFORMGEN_MODE_ENUM22TIMER_CLOCKSELECT_ENUM
 .text._ZN7CTimerD5StartEj
                0x00005c54       0x1a Periphery/CTimerD.o
                0x00005c54                _ZN7CTimerD5StartEj
 .text._ZN7CTimerD4StopEv
                0x00005c6e       0x10 Periphery/CTimerD.o
                0x00005c6e                _ZN7CTimerD4StopEv
 .text._ZN7CTimerD13EnableChannelE19TIMER_CHANNELS_ENUM
                0x00005c7e        0xe Periphery/CTimerD.o
                0x00005c7e                _ZN7CTimerD13EnableChannelE19TIMER_CHANNELS_ENUM
 .text._ZN7CTimerD14DisableChannelE19TIMER_CHANNELS_ENUM
                0x00005c8c        0xe Periphery/CTimerD.o
                0x00005c8c                _ZN7CTimerD14DisableChannelE19TIMER_CHANNELS_ENUM
 .text._ZN7CTimerD9SetPeriodEj
                0x00005c9a        0xa Periphery/CTimerD.o
                0x00005c9a                _ZN7CTimerD9SetPeriodEj
 .text._ZN7CTimerD8SetCOMPAEj
                0x00005ca4        0xa Periphery/CTimerD.o
                0x00005ca4                _ZN7CTimerD8SetCOMPAEj
 .text._ZN7CTimerD8SetCOMPBEj
                0x00005cae        0xa Periphery/CTimerD.o
                0x00005cae                _ZN7CTimerD8SetCOMPBEj
 .text._ZN7CTimerD8SetCOMPCEj
                0x00005cb8        0xa Periphery/CTimerD.o
                0x00005cb8                _ZN7CTimerD8SetCOMPCEj
 .text._ZN7CTimerD8SetCOMPDEj
                0x00005cc2        0xa Periphery/CTimerD.o
                0x00005cc2                _ZN7CTimerD8SetCOMPDEj
 .text._ZN7CTimerD14SetOVFCallbackEPFvPvES0_17TC_OVFINTLVL_enum
                0x00005ccc       0x24 Periphery/CTimerD.o
                0x00005ccc                _ZN7CTimerD14SetOVFCallbackEPFvPvES0_17TC_OVFINTLVL_enum
 .text._ZN7CTimerD14SetERRCallbackEPFvPvES0_17TC_ERRINTLVL_enum
                0x00005cf0       0x24 Periphery/CTimerD.o
                0x00005cf0                _ZN7CTimerD14SetERRCallbackEPFvPvES0_17TC_ERRINTLVL_enum
 .text._ZN7CTimerD16SetCOMPACallbackEPFvPvES0_17TC_CCAINTLVL_enum
                0x00005d14       0x24 Periphery/CTimerD.o
                0x00005d14                _ZN7CTimerD16SetCOMPACallbackEPFvPvES0_17TC_CCAINTLVL_enum
 .text._ZN7CTimerD16SetCOMPBCallbackEPFvPvES0_17TC_CCBINTLVL_enum
                0x00005d38       0x24 Periphery/CTimerD.o
                0x00005d38                _ZN7CTimerD16SetCOMPBCallbackEPFvPvES0_17TC_CCBINTLVL_enum
 .text._ZN7CTimerD16SetCOMPCCallbackEPFvPvES0_17TC_CCCINTLVL_enum
                0x00005d5c       0x24 Periphery/CTimerD.o
                0x00005d5c                _ZN7CTimerD16SetCOMPCCallbackEPFvPvES0_17TC_CCCINTLVL_enum
 .text._ZN7CTimerD16SetCOMPDCallbackEPFvPvES0_17TC_CCDINTLVL_enum
                0x00005d80       0x24 Periphery/CTimerD.o
                0x00005d80                _ZN7CTimerD16SetCOMPDCallbackEPFvPvES0_17TC_CCDINTLVL_enum
 .text._ZN7CTimerDC2Ev
                0x00005da4       0x18 Periphery/CTimerD.o
                0x00005da4                _ZN7CTimerDC1Ev
                0x00005da4                _ZN7CTimerDC2Ev
 .text._ZN7CTimerDD2Ev
                0x00005dbc       0x10 Periphery/CTimerD.o
                0x00005dbc                _ZN7CTimerDD2Ev
                0x00005dbc                _ZN7CTimerDD1Ev
 .text._ZN8CTimerD110InitializeE27TIMER_WAVEFORMGEN_MODE_ENUM22TIMER_CLOCKSELECT_ENUM
                0x00005dcc       0x2e Periphery/CTimerD1.o
                0x00005dcc                _ZN8CTimerD110InitializeE27TIMER_WAVEFORMGEN_MODE_ENUM22TIMER_CLOCKSELECT_ENUM
 .text._ZN8CTimerD15StartEj
                0x00005dfa       0x1a Periphery/CTimerD1.o
                0x00005dfa                _ZN8CTimerD15StartEj
 .text._ZN8CTimerD14StopEv
                0x00005e14       0x10 Periphery/CTimerD1.o
                0x00005e14                _ZN8CTimerD14StopEv
 .text._ZN8CTimerD15ResetEv
                0x00005e24       0x14 Periphery/CTimerD1.o
                0x00005e24                _ZN8CTimerD15ResetEv
 .text._ZN8CTimerD113EnableChannelE19TIMER_CHANNELS_ENUM
                0x00005e38        0xe Periphery/CTimerD1.o
                0x00005e38                _ZN8CTimerD113EnableChannelE19TIMER_CHANNELS_ENUM
 .text._ZN8CTimerD114DisableChannelE19TIMER_CHANNELS_ENUM
                0x00005e46        0xe Periphery/CTimerD1.o
                0x00005e46                _ZN8CTimerD114DisableChannelE19TIMER_CHANNELS_ENUM
 .text._ZN8CTimerD19SetPeriodEj
                0x00005e54        0xa Periphery/CTimerD1.o
                0x00005e54                _ZN8CTimerD19SetPeriodEj
 .text._ZN8CTimerD18SetCOMPAEj
                0x00005e5e        0xa Periphery/CTimerD1.o
                0x00005e5e                _ZN8CTimerD18SetCOMPAEj
 .text._ZN8CTimerD18SetCOMPBEj
                0x00005e68        0xa Periphery/CTimerD1.o
                0x00005e68                _ZN8CTimerD18SetCOMPBEj
 .text._ZN8CTimerD114SetOVFCallbackEPFvPvES0_17TC_OVFINTLVL_enum
                0x00005e72       0x24 Periphery/CTimerD1.o
                0x00005e72                _ZN8CTimerD114SetOVFCallbackEPFvPvES0_17TC_OVFINTLVL_enum
 .text._ZN8CTimerD114SetERRCallbackEPFvPvES0_17TC_ERRINTLVL_enum
                0x00005e96       0x24 Periphery/CTimerD1.o
                0x00005e96                _ZN8CTimerD114SetERRCallbackEPFvPvES0_17TC_ERRINTLVL_enum
 .text._ZN8CTimerD116SetCOMPACallbackEPFvPvES0_17TC_CCAINTLVL_enum
                0x00005eba       0x24 Periphery/CTimerD1.o
                0x00005eba                _ZN8CTimerD116SetCOMPACallbackEPFvPvES0_17TC_CCAINTLVL_enum
 .text._ZN8CTimerD116SetCOMPBCallbackEPFvPvES0_17TC_CCBINTLVL_enum
                0x00005ede       0x24 Periphery/CTimerD1.o
                0x00005ede                _ZN8CTimerD116SetCOMPBCallbackEPFvPvES0_17TC_CCBINTLVL_enum
 .text._ZN8CTimerD1C2Ev
                0x00005f02       0x18 Periphery/CTimerD1.o
                0x00005f02                _ZN8CTimerD1C2Ev
                0x00005f02                _ZN8CTimerD1C1Ev
 .text._ZN8CTimerD1D2Ev
                0x00005f1a       0x10 Periphery/CTimerD1.o
                0x00005f1a                _ZN8CTimerD1D2Ev
                0x00005f1a                _ZN8CTimerD1D1Ev
 .text._ZN7CTimerF10InitializeE27TIMER_WAVEFORMGEN_MODE_ENUM22TIMER_CLOCKSELECT_ENUM
                0x00005f2a       0x36 Periphery/CTimerF.o
                0x00005f2a                _ZN7CTimerF10InitializeE27TIMER_WAVEFORMGEN_MODE_ENUM22TIMER_CLOCKSELECT_ENUM
 .text._ZN7CTimerF5StartEj
                0x00005f60       0x1a Periphery/CTimerF.o
                0x00005f60                _ZN7CTimerF5StartEj
 .text._ZN7CTimerF4StopEv
                0x00005f7a       0x10 Periphery/CTimerF.o
                0x00005f7a                _ZN7CTimerF4StopEv
 .text._ZN7CTimerF13EnableChannelE19TIMER_CHANNELS_ENUM
                0x00005f8a        0xc Periphery/CTimerF.o
                0x00005f8a                _ZN7CTimerF13EnableChannelE19TIMER_CHANNELS_ENUM
 .text._ZN7CTimerF14DisableChannelE19TIMER_CHANNELS_ENUM
                0x00005f96        0xe Periphery/CTimerF.o
                0x00005f96                _ZN7CTimerF14DisableChannelE19TIMER_CHANNELS_ENUM
 .text._ZN7CTimerF10ChannelSetE19TIMER_CHANNELS_ENUM
                0x00005fa4       0x10 Periphery/CTimerF.o
                0x00005fa4                _ZN7CTimerF10ChannelSetE19TIMER_CHANNELS_ENUM
 .text._ZN7CTimerF12ChannelResetE19TIMER_CHANNELS_ENUM
                0x00005fb4       0x12 Periphery/CTimerF.o
                0x00005fb4                _ZN7CTimerF12ChannelResetE19TIMER_CHANNELS_ENUM
 .text._ZN7CTimerF9SetPeriodEj
                0x00005fc6        0xa Periphery/CTimerF.o
                0x00005fc6                _ZN7CTimerF9SetPeriodEj
 .text._ZN7CTimerF8SetCOMPAEj
                0x00005fd0        0xa Periphery/CTimerF.o
                0x00005fd0                _ZN7CTimerF8SetCOMPAEj
 .text._ZN7CTimerF8SetCOMPBEj
                0x00005fda        0xa Periphery/CTimerF.o
                0x00005fda                _ZN7CTimerF8SetCOMPBEj
 .text._ZN7CTimerF8SetCOMPCEj
                0x00005fe4        0xa Periphery/CTimerF.o
                0x00005fe4                _ZN7CTimerF8SetCOMPCEj
 .text._ZN7CTimerF8SetCOMPDEj
                0x00005fee        0xa Periphery/CTimerF.o
                0x00005fee                _ZN7CTimerF8SetCOMPDEj
 .text._ZN7CTimerF14SetOVFCallbackEPFvPvES0_17TC_OVFINTLVL_enum
                0x00005ff8       0x24 Periphery/CTimerF.o
                0x00005ff8                _ZN7CTimerF14SetOVFCallbackEPFvPvES0_17TC_OVFINTLVL_enum
 .text._ZN7CTimerF14SetERRCallbackEPFvPvES0_17TC_ERRINTLVL_enum
                0x0000601c       0x24 Periphery/CTimerF.o
                0x0000601c                _ZN7CTimerF14SetERRCallbackEPFvPvES0_17TC_ERRINTLVL_enum
 .text._ZN7CTimerF16SetCOMPACallbackEPFvPvES0_17TC_CCAINTLVL_enum
                0x00006040       0x24 Periphery/CTimerF.o
                0x00006040                _ZN7CTimerF16SetCOMPACallbackEPFvPvES0_17TC_CCAINTLVL_enum
 .text._ZN7CTimerF16SetCOMPBCallbackEPFvPvES0_17TC_CCBINTLVL_enum
                0x00006064       0x24 Periphery/CTimerF.o
                0x00006064                _ZN7CTimerF16SetCOMPBCallbackEPFvPvES0_17TC_CCBINTLVL_enum
 .text._ZN7CTimerF16SetCOMPCCallbackEPFvPvES0_17TC_CCCINTLVL_enum
                0x00006088       0x24 Periphery/CTimerF.o
                0x00006088                _ZN7CTimerF16SetCOMPCCallbackEPFvPvES0_17TC_CCCINTLVL_enum
 .text._ZN7CTimerF16SetCOMPDCallbackEPFvPvES0_17TC_CCDINTLVL_enum
                0x000060ac       0x24 Periphery/CTimerF.o
                0x000060ac                _ZN7CTimerF16SetCOMPDCallbackEPFvPvES0_17TC_CCDINTLVL_enum
 .text._ZN7CTimerFC2Ev
                0x000060d0       0x18 Periphery/CTimerF.o
                0x000060d0                _ZN7CTimerFC2Ev
                0x000060d0                _ZN7CTimerFC1Ev
 .text._ZN7CTimerFD2Ev
                0x000060e8       0x10 Periphery/CTimerF.o
                0x000060e8                _ZN7CTimerFD2Ev
                0x000060e8                _ZN7CTimerFD1Ev
 .text.avr-libc.fplib
                0x000060f8        0xe c:/program files (x86)/atmel/studio/7.0/toolchain/avr8/avr8-gnu-toolchain/bin/../lib/gcc/avr/4.9.2/../../../../avr/lib/avrxmega6\libm.a(fixsfsi.o)
                0x000060f8                __fixsfsi
 .text.avr-libc.fplib
                0x00006106       0x5e c:/program files (x86)/atmel/studio/7.0/toolchain/avr8/avr8-gnu-toolchain/bin/../lib/gcc/avr/4.9.2/../../../../avr/lib/avrxmega6\libm.a(fixunssfsi.o)
                0x00006106                __fixunssfsi
 .text.avr-libc.fplib
                0x00006164       0x7a c:/program files (x86)/atmel/studio/7.0/toolchain/avr8/avr8-gnu-toolchain/bin/../lib/gcc/avr/4.9.2/../../../../avr/lib/avrxmega6\libm.a(floatsisf.o)
                0x00006164                __floatunsisf
                0x00006168                __floatsisf
 .text.avr-libc.fplib
                0x000061de       0x44 c:/program files (x86)/atmel/studio/7.0/toolchain/avr8/avr8-gnu-toolchain/bin/../lib/gcc/avr/4.9.2/../../../../avr/lib/avrxmega6\libm.a(fp_split3.o)
                0x000061de                __fp_split3
                0x000061ee                __fp_splitA
 .text.avr-libc.fplib
                0x00006222        0xe c:/program files (x86)/atmel/studio/7.0/toolchain/avr8/avr8-gnu-toolchain/bin/../lib/gcc/avr/4.9.2/../../../../avr/lib/avrxmega6\libm.a(fp_zero.o)
                0x00006222                __fp_zero
                0x00006224                __fp_szero
 .text.avr-libc.fplib
                0x00006230        0x8 c:/program files (x86)/atmel/studio/7.0/toolchain/avr8/avr8-gnu-toolchain/bin/../lib/gcc/avr/4.9.2/../../../../avr/lib/avrxmega6\libm.a(mulsf3.o)
                0x00006230                __mulsf3
 .text.avr-libc.fplib
                0x00006238       0xd2 c:/program files (x86)/atmel/studio/7.0/toolchain/avr8/avr8-gnu-toolchain/bin/../lib/gcc/avr/4.9.2/../../../../avr/lib/avrxmega6\libm.a(mulsf3x.o)
                0x00006256                __mulsf3x
                0x0000625c                __mulsf3_pse
 .text.avr-libc.fplib
                0x0000630a        0xc c:/program files (x86)/atmel/studio/7.0/toolchain/avr8/avr8-gnu-toolchain/bin/../lib/gcc/avr/4.9.2/../../../../avr/lib/avrxmega6\libm.a(fp_inf.o)
                0x0000630a                __fp_inf
 .text.avr-libc.fplib
                0x00006316        0x6 c:/program files (x86)/atmel/studio/7.0/toolchain/avr8/avr8-gnu-toolchain/bin/../lib/gcc/avr/4.9.2/../../../../avr/lib/avrxmega6\libm.a(fp_nan.o)
                0x00006316                __fp_nan
 .text.avr-libc.fplib
                0x0000631c        0xe c:/program files (x86)/atmel/studio/7.0/toolchain/avr8/avr8-gnu-toolchain/bin/../lib/gcc/avr/4.9.2/../../../../avr/lib/avrxmega6\libm.a(fp_pscA.o)
                0x0000631c                __fp_pscA
 .text.avr-libc.fplib
                0x0000632a        0xe c:/program files (x86)/atmel/studio/7.0/toolchain/avr8/avr8-gnu-toolchain/bin/../lib/gcc/avr/4.9.2/../../../../avr/lib/avrxmega6\libm.a(fp_pscB.o)
                0x0000632a                __fp_pscB
 .text.avr-libc.fplib
                0x00006338       0x22 c:/program files (x86)/atmel/studio/7.0/toolchain/avr8/avr8-gnu-toolchain/bin/../lib/gcc/avr/4.9.2/../../../../avr/lib/avrxmega6\libm.a(fp_round.o)
                0x00006338                __fp_round
 .text.libgcc.mul
                0x0000635a       0x20 c:/program files (x86)/atmel/studio/7.0/toolchain/avr8/avr8-gnu-toolchain/bin/../lib/gcc/avr/4.9.2/avrxmega6\libgcc.a(_mulsi3.o)
                0x0000635a                __mulsi3
 .text.libgcc.div
                0x0000637a       0x28 c:/program files (x86)/atmel/studio/7.0/toolchain/avr8/avr8-gnu-toolchain/bin/../lib/gcc/avr/4.9.2/avrxmega6\libgcc.a(_udivmodhi4.o)
                0x0000637a                __udivmodhi4
 .text.libgcc.div
                0x000063a2       0x28 c:/program files (x86)/atmel/studio/7.0/toolchain/avr8/avr8-gnu-toolchain/bin/../lib/gcc/avr/4.9.2/avrxmega6\libgcc.a(_divmodhi4.o)
                0x000063a2                _div
                0x000063a2                __divmodhi4
 .text.libgcc.div
                0x000063ca       0x44 c:/program files (x86)/atmel/studio/7.0/toolchain/avr8/avr8-gnu-toolchain/bin/../lib/gcc/avr/4.9.2/avrxmega6\libgcc.a(_udivmodsi4.o)
                0x000063ca                __udivmodsi4
 .text.libgcc.div
                0x0000640e       0x2e c:/program files (x86)/atmel/studio/7.0/toolchain/avr8/avr8-gnu-toolchain/bin/../lib/gcc/avr/4.9.2/avrxmega6\libgcc.a(_divmodsi4.o)
                0x0000640e                __divmodsi4
 .text.libgcc.div
                0x0000643c       0x10 c:/program files (x86)/atmel/studio/7.0/toolchain/avr8/avr8-gnu-toolchain/bin/../lib/gcc/avr/4.9.2/avrxmega6\libgcc.a(_negsi2.o)
                0x0000643c                __negsi2
 .text.libgcc   0x0000644c       0x10 c:/program files (x86)/atmel/studio/7.0/toolchain/avr8/avr8-gnu-toolchain/bin/../lib/gcc/avr/4.9.2/avrxmega6\libgcc.a(_tablejump2.o)
                0x0000644c                __tablejump2__
 .text.libgcc.mul
                0x0000645c       0x1e c:/program files (x86)/atmel/studio/7.0/toolchain/avr8/avr8-gnu-toolchain/bin/../lib/gcc/avr/4.9.2/avrxmega6\libgcc.a(_umulhisi3.o)
                0x0000645c                __umulhisi3
 .text.libgcc.mul
                0x0000647a       0x16 c:/program files (x86)/atmel/studio/7.0/toolchain/avr8/avr8-gnu-toolchain/bin/../lib/gcc/avr/4.9.2/avrxmega6\libgcc.a(_muluhisi3.o)
                0x0000647a                __muluhisi3
 .text.avr-libc
                0x00006490      0x25a c:/program files (x86)/atmel/studio/7.0/toolchain/avr8/avr8-gnu-toolchain/bin/../lib/gcc/avr/4.9.2/../../../../avr/lib/avrxmega6\libc.a(malloc.o)
                0x00006490                malloc
                0x000065ba                free
 .text.avr-libc
                0x000066ea       0x12 c:/program files (x86)/atmel/studio/7.0/toolchain/avr8/avr8-gnu-toolchain/bin/../lib/gcc/avr/4.9.2/../../../../avr/lib/avrxmega6\libc.a(memcpy.o)
                0x000066ea                memcpy
 .text.avr-libc
                0x000066fc        0xe c:/program files (x86)/atmel/studio/7.0/toolchain/avr8/avr8-gnu-toolchain/bin/../lib/gcc/avr/4.9.2/../../../../avr/lib/avrxmega6\libatxmega128a3u.a(eerd_dword.o)
                0x000066fc                eeprom_read_float
                0x000066fc                eeprom_read_dword
 .text.avr-libc
                0x0000670a       0x10 c:/program files (x86)/atmel/studio/7.0/toolchain/avr8/avr8-gnu-toolchain/bin/../lib/gcc/avr/4.9.2/../../../../avr/lib/avrxmega6\libatxmega128a3u.a(eewr_dword.o)
                0x0000670a                eeprom_write_dword
                0x0000670a                eeprom_write_float
 .text.avr-libc
                0x0000671a        0xa c:/program files (x86)/atmel/studio/7.0/toolchain/avr8/avr8-gnu-toolchain/bin/../lib/gcc/avr/4.9.2/../../../../avr/lib/avrxmega6\libatxmega128a3u.a(eewr_word.o)
                0x0000671a                eeprom_write_word
 .text.avr-libc
                0x00006724       0x20 c:/program files (x86)/atmel/studio/7.0/toolchain/avr8/avr8-gnu-toolchain/bin/../lib/gcc/avr/4.9.2/../../../../avr/lib/avrxmega6\libatxmega128a3u.a(eerd_byte.o)
                0x00006724                eeprom_read_byte
                0x0000672c                eeprom_mapen
 .text.avr-libc
                0x00006744       0x46 c:/program files (x86)/atmel/studio/7.0/toolchain/avr8/avr8-gnu-toolchain/bin/../lib/gcc/avr/4.9.2/../../../../avr/lib/avrxmega6\libatxmega128a3u.a(eewr_byte.o)
                0x00006744                eeprom_write_byte
                0x00006746                eeprom_write_r18
                0x0000678a                . = ALIGN (0x2)
 *(.fini9)
 .fini9         0x0000678a        0x0 c:/program files (x86)/atmel/studio/7.0/toolchain/avr8/avr8-gnu-toolchain/bin/../lib/gcc/avr/4.9.2/avrxmega6\libgcc.a(_exit.o)
                0x0000678a                _exit
                0x0000678a                exit
 *(.fini9)
 *(.fini8)
 *(.fini8)
 *(.fini7)
 *(.fini7)
 *(.fini6)
 .fini6         0x0000678a       0x20 c:/program files (x86)/atmel/studio/7.0/toolchain/avr8/avr8-gnu-toolchain/bin/../lib/gcc/avr/4.9.2/avrxmega6\libgcc.a(_dtors.o)
                0x0000678a                __do_global_dtors
 *(.fini6)
 *(.fini5)
 *(.fini5)
 *(.fini4)
 *(.fini4)
 *(.fini3)
 *(.fini3)
 *(.fini2)
 *(.fini2)
 *(.fini1)
 *(.fini1)
 *(.fini0)
 .fini0         0x000067aa        0x4 c:/program files (x86)/atmel/studio/7.0/toolchain/avr8/avr8-gnu-toolchain/bin/../lib/gcc/avr/4.9.2/avrxmega6\libgcc.a(_exit.o)
 *(.fini0)
                0x000067ae                _etext = .

.data           0x00802000      0x2ae load address 0x000067ae
                0x00802000                PROVIDE (__data_start, .)
 *(.data)
 .data          0x00802000        0x6 c:/program files (x86)/atmel/studio/7.0/toolchain/avr8/avr8-gnu-toolchain/bin/../lib/gcc/avr/4.9.2/../../../../avr/lib/avrxmega6\libc.a(malloc.o)
                0x00802000                __malloc_heap_end
                0x00802002                __malloc_heap_start
                0x00802004                __malloc_margin
 *(.data*)
 .data.PowerTable
                0x00802006       0xdc CLaserControlApp.o
                0x00802006                PowerTable
 .data.TableNum
                0x008020e2       0x16 CLaserControlApp.o
                0x008020e2                TableNum
 .data.MaxDurationTable
                0x008020f8       0x16 CLaserControlApp.o
                0x008020f8                MaxDurationTable
 .data.MinDurationTable
                0x0080210e       0x16 CLaserControlApp.o
                0x0080210e                MinDurationTable
 .data.bscale_table
                0x00802124       0x20 Periphery/CDGUSUSART.o
                0x00802124                bscale_table
 .data.bsel_table
                0x00802144       0x20 Periphery/CDGUSUSART.o
                0x00802144                bsel_table
 *(.rodata)
 *(.rodata*)
 .rodata._ZTV16CLaserControlApp
                0x00802164       0x16 CLaserControlApp.o
                0x00802164                _ZTV16CLaserControlApp
 .rodata._ZTV6CTimer
                0x0080217a       0x24 LaserLib/CTimer.o
                0x0080217a                _ZTV6CTimer
 .rodata._ZTV7CTimer1
                0x0080219e       0x1e LaserLib/CTimer1.o
                0x0080219e                _ZTV7CTimer1
 .rodata._ZTV6CUSART
                0x008021bc       0x18 LaserLib/CUSART.o
                0x008021bc                _ZTV6CUSART
 .rodata._ZTV9CMBSender
                0x008021d4       0x16 MODBUS/CMBSender.o
                0x008021d4                _ZTV9CMBSender
 .rodata._ZTV10CDGUSUSART
                0x008021ea       0x18 Periphery/CDGUSUSART.o
                0x008021ea                _ZTV10CDGUSUSART
 .rodata._ZTV7CTimerC
                0x00802202       0x24 Periphery/CTimerC.o
                0x00802202                _ZTV7CTimerC
 .rodata._ZTV8CTimerC1
                0x00802226       0x1e Periphery/CTimerC1.o
                0x00802226                _ZTV8CTimerC1
 .rodata._ZTV7CTimerD
                0x00802244       0x24 Periphery/CTimerD.o
                0x00802244                _ZTV7CTimerD
 .rodata._ZTV8CTimerD1
                0x00802268       0x1e Periphery/CTimerD1.o
                0x00802268                _ZTV8CTimerD1
 .rodata._ZTV7CTimerF
                0x00802286       0x28 Periphery/CTimerF.o
                0x00802286                _ZTV7CTimerF
 *(.gnu.linkonce.d*)
                0x008022ae                . = ALIGN (0x2)
                0x008022ae                _edata = .
                0x008022ae                PROVIDE (__data_end, .)

.bss            0x008022ae      0x2b8
                0x008022ae                PROVIDE (__bss_start, .)
 *(.bss)
 *(.bss*)
 .bss._ZZN16CLaserControlApp6OnINT0EvE9isstarted
                0x008022ae        0x1 CLaserControlApp.o
 .bss.DatabaseStatusRegister
                0x008022af        0x1 CLaserControlApp.o
                0x008022af                DatabaseStatusRegister
 .bss.laserTimer
                0x008022b0        0x3 CLaserControlApp.o
                0x008022b0                laserTimer
 .bss.timer     0x008022b3        0x3 CLaserControlApp.o
                0x008022b3                timer
 .bss.InterruptFuncTable
                0x008022b6       0xf6 LaserLib/intx128.o
                0x008022b6                InterruptFuncTable
 .bss.InterruptSenderTable
                0x008023ac       0xf6 LaserLib/intx128.o
                0x008023ac                InterruptSenderTable
 .bss._ZZ4mainE3prs
                0x008024a2        0x2 main.o
 .bss.temperature
                0x008024a4        0x2 main.o
                0x008024a4                temperature
 .bss.D18B20    0x008024a6        0x4 main.o
                0x008024a6                D18B20
 .bss.App       0x008024aa       0x77 main.o
                0x008024aa                App
 .bss.player    0x00802521        0x1 main.o
                0x00802521                player
 .bss.laserBoard
                0x00802522        0xa main.o
                0x00802522                laserBoard
 .bss.sender    0x0080252c       0x1d main.o
                0x0080252c                sender
 .bss.Database  0x00802549        0x8 main.o
                0x00802549                Database
 .bss.usart     0x00802551        0x2 main.o
                0x00802551                usart
 .bss.pwmtimer  0x00802553        0x3 main.o
                0x00802553                pwmtimer
 .bss.flowtimer
                0x00802556        0x3 main.o
                0x00802556                flowtimer
 .bss.timeout   0x00802559        0x3 main.o
                0x00802559                timeout
 .bss.dacSPI    0x0080255c        0x6 main.o
                0x0080255c                dacSPI
 *(COMMON)
 COMMON         0x00802562        0x4 c:/program files (x86)/atmel/studio/7.0/toolchain/avr8/avr8-gnu-toolchain/bin/../lib/gcc/avr/4.9.2/../../../../avr/lib/avrxmega6\libc.a(malloc.o)
                0x00802562                __brkval
                0x00802564                __flp
                0x00802566                PROVIDE (__bss_end, .)
                0x000067ae                __data_load_start = LOADADDR (.data)
                0x00006a5c                __data_load_end = (__data_load_start + SIZEOF (.data))

.noinit         0x00802566        0x0
                [!provide]                PROVIDE (__noinit_start, .)
 *(.noinit*)
                [!provide]                PROVIDE (__noinit_end, .)
                0x00802566                _end = .
                0x00802566                PROVIDE (__heap_start, .)

.eeprom         0x00810000        0x0
 *(.eeprom*)
                0x00810000                __eeprom_end = .

.fuse
 *(.fuse)
 *(.lfuse)
 *(.hfuse)
 *(.efuse)

.lock
 *(.lock*)

.signature
 *(.signature*)

.user_signatures
 *(.user_signatures*)

.stab
 *(.stab)

.stabstr
 *(.stabstr)

.stab.excl
 *(.stab.excl)

.stab.exclstr
 *(.stab.exclstr)

.stab.index
 *(.stab.index)

.stab.indexstr
 *(.stab.indexstr)

.comment        0x00000000       0x30
 *(.comment)
 .comment       0x00000000       0x30 CDGUSDatabase.o
                                 0x31 (size before relaxing)
 .comment       0x00000030       0x31 CLaserControlApp.o
 .comment       0x00000030       0x31 DGUSGUI.o
 .comment       0x00000030       0x31 LaserLib/CSPI.o
 .comment       0x00000030       0x31 LaserLib/CTimer.o
 .comment       0x00000030       0x31 LaserLib/CTimer1.o
 .comment       0x00000030       0x31 LaserLib/CUSART.o
 .comment       0x00000030       0x31 LaserLib/intx128.o
 .comment       0x00000030       0x31 main.o
 .comment       0x00000030       0x31 MODBUS/CMBProtocol.o
 .comment       0x00000030       0x31 MODBUS/CMBSender.o
 .comment       0x00000030       0x31 Periphery/CDGUSUSART.o
 .comment       0x00000030       0x31 Periphery/CDS18B20.o
 .comment       0x00000030       0x31 Periphery/CLaserBoard.o
 .comment       0x00000030       0x31 Periphery/CSoundPlayer.o
 .comment       0x00000030       0x31 Periphery/CTimerC.o
 .comment       0x00000030       0x31 Periphery/CTimerC1.o
 .comment       0x00000030       0x31 Periphery/CTimerD.o
 .comment       0x00000030       0x31 Periphery/CTimerD1.o
 .comment       0x00000030       0x31 Periphery/CTimerF.o
 .comment       0x00000030       0x31 c:/program files (x86)/atmel/studio/7.0/toolchain/avr8/avr8-gnu-toolchain/bin/../lib/gcc/avr/4.9.2/../../../../avr/lib/avrxmega6\libc.a(malloc.o)

.note.gnu.avr.deviceinfo
                0x00000000       0x40
 .note.gnu.avr.deviceinfo
                0x00000000       0x40 c:/program files (x86)/atmel/studio/7.0/toolchain/avr8/avr8-gnu-toolchain/bin/../lib/gcc/avr/4.9.2/../../../../avr/lib/avrxmega6/crtatxmega128a3u.o

.note.gnu.build-id
 *(.note.gnu.build-id)

.debug
 *(.debug)

.line
 *(.line)

.debug_srcinfo
 *(.debug_srcinfo)

.debug_sfnames
 *(.debug_sfnames)

.debug_aranges  0x00000000      0xc50
 *(.debug_aranges)
 .debug_aranges
                0x00000000       0x70 CDGUSDatabase.o
 .debug_aranges
                0x00000070      0x118 CLaserControlApp.o
 .debug_aranges
                0x00000188       0x40 DGUSGUI.o
 .debug_aranges
                0x000001c8       0x58 LaserLib/CSPI.o
 .debug_aranges
                0x00000220       0x28 LaserLib/CTimer.o
 .debug_aranges
                0x00000248       0x28 LaserLib/CTimer1.o
 .debug_aranges
                0x00000270       0x28 LaserLib/CUSART.o
 .debug_aranges
                0x00000298      0x348 LaserLib/intx128.o
 .debug_aranges
                0x000005e0       0x40 main.o
 .debug_aranges
                0x00000620       0x50 MODBUS/CMBProtocol.o
 .debug_aranges
                0x00000670       0xf8 MODBUS/CMBSender.o
 .debug_aranges
                0x00000768       0x78 Periphery/CDGUSUSART.o
 .debug_aranges
                0x000007e0       0x50 Periphery/CDS18B20.o
 .debug_aranges
                0x00000830       0x98 Periphery/CLaserBoard.o
 .debug_aranges
                0x000008c8       0x60 Periphery/CSoundPlayer.o
 .debug_aranges
                0x00000928       0xa8 Periphery/CTimerC.o
 .debug_aranges
                0x000009d0       0x90 Periphery/CTimerC1.o
 .debug_aranges
                0x00000a60       0xa8 Periphery/CTimerD.o
 .debug_aranges
                0x00000b08       0x90 Periphery/CTimerD1.o
 .debug_aranges
                0x00000b98       0xb8 Periphery/CTimerF.o

.debug_pubnames
 *(.debug_pubnames)

.debug_info     0x00000000    0x179eb
 *(.debug_info .gnu.linkonce.wi.*)
 .debug_info    0x00000000     0x3409 c:/program files (x86)/atmel/studio/7.0/toolchain/avr8/avr8-gnu-toolchain/bin/../lib/gcc/avr/4.9.2/../../../../avr/lib/avrxmega6/crtatxmega128a3u.o
 .debug_info    0x00003409      0x9f5 CDGUSDatabase.o
 .debug_info    0x00003dfe     0x40f5 CLaserControlApp.o
 .debug_info    0x00007ef3      0x20f DGUSGUI.o
 .debug_info    0x00008102      0x7ee LaserLib/CSPI.o
 .debug_info    0x000088f0      0x6a3 LaserLib/CTimer.o
 .debug_info    0x00008f93      0x5a8 LaserLib/CTimer1.o
 .debug_info    0x0000953b      0x606 LaserLib/CUSART.o
 .debug_info    0x00009b41      0x91e LaserLib/intx128.o
 .debug_info    0x0000a45f     0x1bc4 main.o
 .debug_info    0x0000c023      0x595 MODBUS/CMBProtocol.o
 .debug_info    0x0000c5b8     0x12e6 MODBUS/CMBSender.o
 .debug_info    0x0000d89e     0x1095 Periphery/CDGUSUSART.o
 .debug_info    0x0000e933      0x8df Periphery/CDS18B20.o
 .debug_info    0x0000f212      0xd5c Periphery/CLaserBoard.o
 .debug_info    0x0000ff6e     0x139d Periphery/CSoundPlayer.o
 .debug_info    0x0001130b     0x15ac Periphery/CTimerC.o
 .debug_info    0x000128b7     0x128d Periphery/CTimerC1.o
 .debug_info    0x00013b44     0x15ac Periphery/CTimerD.o
 .debug_info    0x000150f0     0x128d Periphery/CTimerD1.o
 .debug_info    0x0001637d     0x166e Periphery/CTimerF.o

.debug_abbrev   0x00000000     0x6570
 *(.debug_abbrev)
 .debug_abbrev  0x00000000     0x3148 c:/program files (x86)/atmel/studio/7.0/toolchain/avr8/avr8-gnu-toolchain/bin/../lib/gcc/avr/4.9.2/../../../../avr/lib/avrxmega6/crtatxmega128a3u.o
 .debug_abbrev  0x00003148      0x2ce CDGUSDatabase.o
 .debug_abbrev  0x00003416      0x5f9 CLaserControlApp.o
 .debug_abbrev  0x00003a0f      0x10d DGUSGUI.o
 .debug_abbrev  0x00003b1c      0x2a7 LaserLib/CSPI.o
 .debug_abbrev  0x00003dc3      0x182 LaserLib/CTimer.o
 .debug_abbrev  0x00003f45      0x182 LaserLib/CTimer1.o
 .debug_abbrev  0x000040c7      0x1ed LaserLib/CUSART.o
 .debug_abbrev  0x000042b4       0x83 LaserLib/intx128.o
 .debug_abbrev  0x00004337      0x3e0 main.o
 .debug_abbrev  0x00004717      0x212 MODBUS/CMBProtocol.o
 .debug_abbrev  0x00004929      0x39b MODBUS/CMBSender.o
 .debug_abbrev  0x00004cc4      0x2d9 Periphery/CDGUSUSART.o
 .debug_abbrev  0x00004f9d      0x2f6 Periphery/CDS18B20.o
 .debug_abbrev  0x00005293      0x2e8 Periphery/CLaserBoard.o
 .debug_abbrev  0x0000557b      0x2b9 Periphery/CSoundPlayer.o
 .debug_abbrev  0x00005834      0x29c Periphery/CTimerC.o
 .debug_abbrev  0x00005ad0      0x2b4 Periphery/CTimerC1.o
 .debug_abbrev  0x00005d84      0x29c Periphery/CTimerD.o
 .debug_abbrev  0x00006020      0x2b4 Periphery/CTimerD1.o
 .debug_abbrev  0x000062d4      0x29c Periphery/CTimerF.o

.debug_line     0x00000000     0x5c78
 *(.debug_line .debug_line.* .debug_line_end)
 .debug_line    0x00000000       0x1a c:/program files (x86)/atmel/studio/7.0/toolchain/avr8/avr8-gnu-toolchain/bin/../lib/gcc/avr/4.9.2/../../../../avr/lib/avrxmega6/crtatxmega128a3u.o
 .debug_line    0x0000001a      0x34e CDGUSDatabase.o
 .debug_line    0x00000368     0x10bc CLaserControlApp.o
 .debug_line    0x00001424      0x11e DGUSGUI.o
 .debug_line    0x00001542      0x2f4 LaserLib/CSPI.o
 .debug_line    0x00001836      0x153 LaserLib/CTimer.o
 .debug_line    0x00001989      0x155 LaserLib/CTimer1.o
 .debug_line    0x00001ade      0x145 LaserLib/CUSART.o
 .debug_line    0x00001c23     0x100e LaserLib/intx128.o
 .debug_line    0x00002c31      0x499 main.o
 .debug_line    0x000030ca      0x2c7 MODBUS/CMBProtocol.o
 .debug_line    0x00003391      0x79f MODBUS/CMBSender.o
 .debug_line    0x00003b30      0x343 Periphery/CDGUSUSART.o
 .debug_line    0x00003e73      0x38d Periphery/CDS18B20.o
 .debug_line    0x00004200      0x523 Periphery/CLaserBoard.o
 .debug_line    0x00004723      0x340 Periphery/CSoundPlayer.o
 .debug_line    0x00004a63      0x3bb Periphery/CTimerC.o
 .debug_line    0x00004e1e      0x35b Periphery/CTimerC1.o
 .debug_line    0x00005179      0x3bb Periphery/CTimerD.o
 .debug_line    0x00005534      0x35b Periphery/CTimerD1.o
 .debug_line    0x0000588f      0x3e9 Periphery/CTimerF.o

.debug_frame    0x00000000     0x38bc
 *(.debug_frame)
 .debug_frame   0x00000000      0x218 CDGUSDatabase.o
 .debug_frame   0x00000218      0x3e8 CLaserControlApp.o
 .debug_frame   0x00000600       0x8c DGUSGUI.o
 .debug_frame   0x0000068c       0xbc LaserLib/CSPI.o
 .debug_frame   0x00000748       0x34 LaserLib/CTimer.o
 .debug_frame   0x0000077c       0x34 LaserLib/CTimer1.o
 .debug_frame   0x000007b0       0x34 LaserLib/CUSART.o
 .debug_frame   0x000007e4     0x2324 LaserLib/intx128.o
 .debug_frame   0x00002b08       0x94 main.o
 .debug_frame   0x00002b9c       0xc4 MODBUS/CMBProtocol.o
 .debug_frame   0x00002c60      0x2dc MODBUS/CMBSender.o
 .debug_frame   0x00002f3c       0xe8 Periphery/CDGUSUSART.o
 .debug_frame   0x00003024       0xa0 Periphery/CDS18B20.o
 .debug_frame   0x000030c4      0x120 Periphery/CLaserBoard.o
 .debug_frame   0x000031e4       0xd8 Periphery/CSoundPlayer.o
 .debug_frame   0x000032bc      0x140 Periphery/CTimerC.o
 .debug_frame   0x000033fc      0x110 Periphery/CTimerC1.o
 .debug_frame   0x0000350c      0x140 Periphery/CTimerD.o
 .debug_frame   0x0000364c      0x110 Periphery/CTimerD1.o
 .debug_frame   0x0000375c      0x160 Periphery/CTimerF.o

.debug_str      0x00000000     0x9084
 *(.debug_str)
 .debug_str     0x00000000     0x223b c:/program files (x86)/atmel/studio/7.0/toolchain/avr8/avr8-gnu-toolchain/bin/../lib/gcc/avr/4.9.2/../../../../avr/lib/avrxmega6/crtatxmega128a3u.o
 .debug_str     0x0000223b      0x5e2 CDGUSDatabase.o
                                0x671 (size before relaxing)
 .debug_str     0x0000281d     0x1baa CLaserControlApp.o
                               0x2322 (size before relaxing)
 .debug_str     0x000043c7       0x24 DGUSGUI.o
                                0x24b (size before relaxing)
 .debug_str     0x000043eb      0x1b5 LaserLib/CSPI.o
                                0x713 (size before relaxing)
 .debug_str     0x000045a0      0x4cb LaserLib/CTimer.o
                                0xa3e (size before relaxing)
 .debug_str     0x00004a6b      0x269 LaserLib/CTimer1.o
                                0x8b8 (size before relaxing)
 .debug_str     0x00004cd4      0x56b LaserLib/CUSART.o
                                0x7b0 (size before relaxing)
 .debug_str     0x0000523f      0x4e2 LaserLib/intx128.o
                                0x6bb (size before relaxing)
 .debug_str     0x00005721     0x1062 main.o
                               0x21ea (size before relaxing)
 .debug_str     0x00006783      0x289 MODBUS/CMBProtocol.o
                                0x4eb (size before relaxing)
 .debug_str     0x00006a0c      0x608 MODBUS/CMBSender.o
                                0xb3c (size before relaxing)
 .debug_str     0x00007014      0xcd4 Periphery/CDGUSUSART.o
                               0x1669 (size before relaxing)
 .debug_str     0x00007ce8       0x51 Periphery/CDS18B20.o
                                0x4de (size before relaxing)
 .debug_str     0x00007d39      0x5b5 Periphery/CLaserBoard.o
                                0xc19 (size before relaxing)
 .debug_str     0x000082ee      0x3a2 Periphery/CSoundPlayer.o
                                0xc20 (size before relaxing)
 .debug_str     0x00008690      0x263 Periphery/CTimerC.o
                               0x1295 (size before relaxing)
 .debug_str     0x000088f3      0x1db Periphery/CTimerC1.o
                               0x1144 (size before relaxing)
 .debug_str     0x00008ace      0x286 Periphery/CTimerD.o
                               0x1295 (size before relaxing)
 .debug_str     0x00008d54      0x167 Periphery/CTimerD1.o
                               0x1144 (size before relaxing)
 .debug_str     0x00008ebb      0x1c9 Periphery/CTimerF.o
                               0x130b (size before relaxing)

.debug_loc      0x00000000     0xa3ee
 *(.debug_loc)
 .debug_loc     0x00000000      0x8cf CDGUSDatabase.o
 .debug_loc     0x000008cf     0x142b CLaserControlApp.o
 .debug_loc     0x00001cfa      0x2ad DGUSGUI.o
 .debug_loc     0x00001fa7      0x276 LaserLib/CSPI.o
 .debug_loc     0x0000221d     0x50e2 LaserLib/intx128.o
 .debug_loc     0x000072ff       0xab main.o
 .debug_loc     0x000073aa      0x356 MODBUS/CMBProtocol.o
 .debug_loc     0x00007700      0xf2e MODBUS/CMBSender.o
 .debug_loc     0x0000862e      0x210 Periphery/CDGUSUSART.o
 .debug_loc     0x0000883e      0x362 Periphery/CDS18B20.o
 .debug_loc     0x00008ba0      0x44e Periphery/CLaserBoard.o
 .debug_loc     0x00008fee      0x344 Periphery/CSoundPlayer.o
 .debug_loc     0x00009332      0x366 Periphery/CTimerC.o
 .debug_loc     0x00009698      0x2fe Periphery/CTimerC1.o
 .debug_loc     0x00009996      0x366 Periphery/CTimerD.o
 .debug_loc     0x00009cfc      0x2fe Periphery/CTimerD1.o
 .debug_loc     0x00009ffa      0x3f4 Periphery/CTimerF.o

.debug_macinfo
 *(.debug_macinfo)

.debug_weaknames
 *(.debug_weaknames)

.debug_funcnames
 *(.debug_funcnames)

.debug_typenames
 *(.debug_typenames)

.debug_varnames
 *(.debug_varnames)

.debug_pubtypes
 *(.debug_pubtypes)

.debug_ranges   0x00000000      0xb28
 *(.debug_ranges)
 .debug_ranges  0x00000000       0x60 CDGUSDatabase.o
 .debug_ranges  0x00000060      0x108 CLaserControlApp.o
 .debug_ranges  0x00000168       0x30 DGUSGUI.o
 .debug_ranges  0x00000198       0x48 LaserLib/CSPI.o
 .debug_ranges  0x000001e0       0x18 LaserLib/CTimer.o
 .debug_ranges  0x000001f8       0x18 LaserLib/CTimer1.o
 .debug_ranges  0x00000210       0x18 LaserLib/CUSART.o
 .debug_ranges  0x00000228      0x338 LaserLib/intx128.o
 .debug_ranges  0x00000560       0x48 main.o
 .debug_ranges  0x000005a8       0x40 MODBUS/CMBProtocol.o
 .debug_ranges  0x000005e8       0xe8 MODBUS/CMBSender.o
 .debug_ranges  0x000006d0       0x68 Periphery/CDGUSUSART.o
 .debug_ranges  0x00000738       0x40 Periphery/CDS18B20.o
 .debug_ranges  0x00000778       0x88 Periphery/CLaserBoard.o
 .debug_ranges  0x00000800       0x50 Periphery/CSoundPlayer.o
 .debug_ranges  0x00000850       0x98 Periphery/CTimerC.o
 .debug_ranges  0x000008e8       0x80 Periphery/CTimerC1.o
 .debug_ranges  0x00000968       0x98 Periphery/CTimerD.o
 .debug_ranges  0x00000a00       0x80 Periphery/CTimerD1.o
 .debug_ranges  0x00000a80       0xa8 Periphery/CTimerF.o

.debug_macro
 *(.debug_macro)
OUTPUT(ATxmegaLaserDiode.elf elf32-avr)
LOAD linker stubs
