Archive member included to satisfy reference by file (symbol)

c:/program files (x86)/atmel/studio/7.0/toolchain/avr8/avr8-gnu-toolchain/bin/../lib/gcc/avr/4.9.2/../../../../avr/lib/avrxmega6\libm.a(fixsfsi.o)
                              Periphery/CDS18B20.o (__fixsfsi)
c:/program files (x86)/atmel/studio/7.0/toolchain/avr8/avr8-gnu-toolchain/bin/../lib/gcc/avr/4.9.2/../../../../avr/lib/avrxmega6\libm.a(fixunssfsi.o)
                              c:/program files (x86)/atmel/studio/7.0/toolchain/avr8/avr8-gnu-toolchain/bin/../lib/gcc/avr/4.9.2/../../../../avr/lib/avrxmega6\libm.a(fixsfsi.o) (__fixunssfsi)
c:/program files (x86)/atmel/studio/7.0/toolchain/avr8/avr8-gnu-toolchain/bin/../lib/gcc/avr/4.9.2/../../../../avr/lib/avrxmega6\libm.a(floatsisf.o)
                              Periphery/CDS18B20.o (__floatsisf)
c:/program files (x86)/atmel/studio/7.0/toolchain/avr8/avr8-gnu-toolchain/bin/../lib/gcc/avr/4.9.2/../../../../avr/lib/avrxmega6\libm.a(fp_split3.o)
                              c:/program files (x86)/atmel/studio/7.0/toolchain/avr8/avr8-gnu-toolchain/bin/../lib/gcc/avr/4.9.2/../../../../avr/lib/avrxmega6\libm.a(fixunssfsi.o) (__fp_splitA)
c:/program files (x86)/atmel/studio/7.0/toolchain/avr8/avr8-gnu-toolchain/bin/../lib/gcc/avr/4.9.2/../../../../avr/lib/avrxmega6\libm.a(fp_zero.o)
                              c:/program files (x86)/atmel/studio/7.0/toolchain/avr8/avr8-gnu-toolchain/bin/../lib/gcc/avr/4.9.2/../../../../avr/lib/avrxmega6\libm.a(fixunssfsi.o) (__fp_zero)
c:/program files (x86)/atmel/studio/7.0/toolchain/avr8/avr8-gnu-toolchain/bin/../lib/gcc/avr/4.9.2/../../../../avr/lib/avrxmega6\libm.a(mulsf3.o)
                              Periphery/CDS18B20.o (__mulsf3)
c:/program files (x86)/atmel/studio/7.0/toolchain/avr8/avr8-gnu-toolchain/bin/../lib/gcc/avr/4.9.2/../../../../avr/lib/avrxmega6\libm.a(mulsf3x.o)
                              c:/program files (x86)/atmel/studio/7.0/toolchain/avr8/avr8-gnu-toolchain/bin/../lib/gcc/avr/4.9.2/../../../../avr/lib/avrxmega6\libm.a(mulsf3.o) (__mulsf3x)
c:/program files (x86)/atmel/studio/7.0/toolchain/avr8/avr8-gnu-toolchain/bin/../lib/gcc/avr/4.9.2/../../../../avr/lib/avrxmega6\libm.a(fp_inf.o)
                              c:/program files (x86)/atmel/studio/7.0/toolchain/avr8/avr8-gnu-toolchain/bin/../lib/gcc/avr/4.9.2/../../../../avr/lib/avrxmega6\libm.a(mulsf3x.o) (__fp_inf)
c:/program files (x86)/atmel/studio/7.0/toolchain/avr8/avr8-gnu-toolchain/bin/../lib/gcc/avr/4.9.2/../../../../avr/lib/avrxmega6\libm.a(fp_nan.o)
                              c:/program files (x86)/atmel/studio/7.0/toolchain/avr8/avr8-gnu-toolchain/bin/../lib/gcc/avr/4.9.2/../../../../avr/lib/avrxmega6\libm.a(mulsf3x.o) (__fp_nan)
c:/program files (x86)/atmel/studio/7.0/toolchain/avr8/avr8-gnu-toolchain/bin/../lib/gcc/avr/4.9.2/../../../../avr/lib/avrxmega6\libm.a(fp_pscA.o)
                              c:/program files (x86)/atmel/studio/7.0/toolchain/avr8/avr8-gnu-toolchain/bin/../lib/gcc/avr/4.9.2/../../../../avr/lib/avrxmega6\libm.a(mulsf3x.o) (__fp_pscA)
c:/program files (x86)/atmel/studio/7.0/toolchain/avr8/avr8-gnu-toolchain/bin/../lib/gcc/avr/4.9.2/../../../../avr/lib/avrxmega6\libm.a(fp_pscB.o)
                              c:/program files (x86)/atmel/studio/7.0/toolchain/avr8/avr8-gnu-toolchain/bin/../lib/gcc/avr/4.9.2/../../../../avr/lib/avrxmega6\libm.a(mulsf3x.o) (__fp_pscB)
c:/program files (x86)/atmel/studio/7.0/toolchain/avr8/avr8-gnu-toolchain/bin/../lib/gcc/avr/4.9.2/../../../../avr/lib/avrxmega6\libm.a(fp_round.o)
                              c:/program files (x86)/atmel/studio/7.0/toolchain/avr8/avr8-gnu-toolchain/bin/../lib/gcc/avr/4.9.2/../../../../avr/lib/avrxmega6\libm.a(mulsf3.o) (__fp_round)
c:/program files (x86)/atmel/studio/7.0/toolchain/avr8/avr8-gnu-toolchain/bin/../lib/gcc/avr/4.9.2/avrxmega6\libgcc.a(_mulsi3.o)
                              CLaserControlApp.o (__mulsi3)
c:/program files (x86)/atmel/studio/7.0/toolchain/avr8/avr8-gnu-toolchain/bin/../lib/gcc/avr/4.9.2/avrxmega6\libgcc.a(_udivmodhi4.o)
                              CLaserControlApp.o (__udivmodhi4)
c:/program files (x86)/atmel/studio/7.0/toolchain/avr8/avr8-gnu-toolchain/bin/../lib/gcc/avr/4.9.2/avrxmega6\libgcc.a(_divmodhi4.o)
                              CLaserControlApp.o (__divmodhi4)
c:/program files (x86)/atmel/studio/7.0/toolchain/avr8/avr8-gnu-toolchain/bin/../lib/gcc/avr/4.9.2/avrxmega6\libgcc.a(_udivmodsi4.o)
                              CLaserControlApp.o (__udivmodsi4)
c:/program files (x86)/atmel/studio/7.0/toolchain/avr8/avr8-gnu-toolchain/bin/../lib/gcc/avr/4.9.2/avrxmega6\libgcc.a(_divmodsi4.o)
                              Periphery/CSoundPlayer.o (__divmodsi4)
c:/program files (x86)/atmel/studio/7.0/toolchain/avr8/avr8-gnu-toolchain/bin/../lib/gcc/avr/4.9.2/avrxmega6\libgcc.a(_negsi2.o)
[...]
Memory Configuration

Name             Origin             Length             Attributes
text             0x00000000         0x00100000         xr
data             0x00802000         0x0000ffa0         rw !x
eeprom           0x00810000         0x00010000         rw !x
fuse             0x00820000         0x00000006         rw !x
lock             0x00830000         0x00000400         rw !x
signature        0x00840000         0x00000400         rw !x
user_signatures  0x00850000         0x00000400         rw !x
*default*        0x00000000         0xffffffff

Linker script and memory map

LOAD c:/program files (x86)/atmel/studio/7.0/toolchain/avr8/avr8-gnu-toolchain/bin/../lib/gcc/avr/4.9.2/../../../../avr/lib/avrxmega6/crtatxmega128a3u.o
LOAD CDGUSDatabase.o
LOAD CLaserControlApp.o
LOAD DGUSGUI.o
LOAD LaserLib/CSPI.o
LOAD LaserLib/CTimer.o
LOAD LaserLib/CTimer1.o
LOAD LaserLib/CUSART.o
LOAD LaserLib/intx128.o
LOAD main.o
LOAD MODBUS/CMBProtocol.o
LOAD MODBUS/CMBSender.o
LOAD Periphery/CDGUSUSART.o
LOAD Periphery/CDS18B20.o
LOAD Periphery/CLaserBoard.o
LOAD Periphery/CSoundPlayer.o
LOAD Periphery/CTimerC.o
LOAD Periphery/CTimerC1.o
LOAD Periphery/CTimerD.o
LOAD Periphery/CTimerD1.o
LOAD Periphery/CTimerF.o
START GROUP
LOAD c:/program files (x86)/atmel/studio/7.0/toolchain/avr8/avr8-gnu-toolchain/bin/../lib/gcc/avr/4.9.2/../../../../avr/lib/avrxmega6\libm.a
END GROUP
LOAD c:/program files (x86)/atmel/studio/7.0/toolchain/avr8/avr8-gnu-toolchain/bin/../lib/gcc/avr/4.9.2/avrxmega6\libgcc.a
LOAD c:/program files (x86)/atmel/studio/7.0/toolchain/avr8/avr8-gnu-toolchain/bin/../lib/gcc/avr/4.9.2/../../../../avr/lib/avrxmega6\libm.a
START GROUP
LOAD c:/program files (x86)/atmel/studio/7.0/toolchain/avr8/avr8-gnu-toolchain/bin/../lib/gcc/avr/4.9.2/avrxmega6\libgcc.a
LOAD c:/program files (x86)/atmel/studio/7.0/toolchain/avr8/avr8-gnu-toolchain/bin/../lib/gcc/avr/4.9.2/../../../../avr/lib/avrxmega6\libm.a
LOAD c:/program files (x86)/atmel/studio/7.0/toolchain/avr8/avr8-gnu-toolchain/bin/../lib/gcc/avr/4.9.2/../../../../avr/lib/avrxmega6\libc.a
LOAD c:/program files (x86)/atmel/studio/7.0/toolchain/avr8/avr8-gnu-toolchain/bin/../lib/gcc/avr/4.9.2/../../../../avr/lib/avrxmega6\libatxmega128a3u.a
END GROUP
                0x00100000                __TEXT_REGION_LENGTH__ = DEFINED (__TEXT_REGION_LENGTH__)?__TEXT_REGION_LENGTH__:0x100000
                0x0000ffa0                __DATA_REGION_LENGTH__ = DEFINED (__DATA_REGION_LENGTH__)?__DATA_REGION_LENGTH__:0xffa0
                0x00010000                __EEPROM_REGION_LENGTH__ = DEFINED (__EEPROM_REGION_LENGTH__)?__EEPROM_REGION_LENGTH__:0x10000
                [0x00000006]                __FUSE_REGION_LENGTH__ = DEFINED (__FUSE_REGION_LENGTH__)?__FUSE_REGION_LENGTH__:0x400
                0x00000400                __LOCK_REGION_LENGTH__ = DEFINED (__LOCK_REGION_LENGTH__)?__LOCK_REGION_LENGTH__:0x400
                0x00000400                __SIGNATURE_REGION_LENGTH__ = DEFINED (__SIGNATURE_REGION_LENGTH__)?__SIGNATURE_REGION_LENGTH__:0x400
                0x00000400                __USER_SIGNATURE_REGION_LENGTH__ = DEFINED (__USER_SIGNATURE_REGION_LENGTH__)?__USER_SIGNATURE_REGION_LENGTH__:0x400

.hash
 *(.hash)

.dynsym
 *(.dynsym)

.dynstr
 *(.dynstr)

.gnu.version
 *(.gnu.version)

.gnu.version_d
 *(.gnu.version_d)

.gnu.version_r
 *(.gnu.version_r)

.rel.init
 *(.rel.init)

.rela.init
 *(.rela.init)

.rel.text
 *(.rel.text)
 *(.rel.text.*)
 *(.rel.gnu.linkonce.t*)

.rela.text
 *(.rela.text)
 *(.rela.text.*)
 *(.rela.gnu.linkonce.t*)

.rel.fini
 *(.rel.fini)

.rela.fini
 *(.rela.fini)

.rel.rodata
 *(.rel.rodata)
 *(.rel.rodata.*)
 *(.rel.gnu.linkonce.r*)

.rela.rodata
 *(.rela.rodata)
 *(.rela.rodata.*)
 *(.rela.gnu.linkonce.r*)

.rel.data
 *(.rel.data)
 *(.rel.data.*)
 *(.rel.gnu.linkonce.d*)

.rela.data
 *(.rela.data)
 *(.rela.data.*)
 *(.rela.gnu.linkonce.d*)

.rel.ctors
 *(.rel.ctors)

.rela.ctors
 *(.rela.ctors)

.rel.dtors
 *(.rel.dtors)

.rela.dtors
 *(.rela.dtors)

.rel.got
 *(.rel.got)

.rela.got
 *(.rela.got)

.rel.bss
 *(.rel.bss)

.rela.bss
 *(.rela.bss)

.rel.plt
 *(.rel.plt)

.rela.plt
 *(.rela.plt)

.text           0x00000000     0x69c0
 *(.vectors)
 .vectors       0x00000000      0x1fc c:/program files (x86)/atmel/studio/7.0/toolchain/avr8/avr8-gnu-toolchain/bin/../lib/gcc/avr/4.9.2/../../../../avr/lib/avrxmega6/crtatxmega128a3u.o
                0x00000000                __vector_default
                0x00000000                __vectors
 *(.vectors)
 *(.progmem.gcc*)
 .progmem.gcc_sw_table._ZN16CLaserControlApp18OnRegisterReceivedEhPhh
                0x000001fc       0x60 CLaserControlApp.o
 .progmem.gcc_sw_table._ZN16CLaserControlApp18OnVariableReceivedEjPjj
                0x0000025c       0x24 CLaserControlApp.o
 .progmem.gcc_sw_table._ZN9CMBSender13OnReceiveByteEh
                0x00000280       0x16 MODBUS/CMBSender.o
                0x00000296                . = ALIGN (0x2)
                0x00000296                __trampolines_start = .
 *(.trampolines)
 .trampolines   0x00000296      0x280 linker stubs
 *(.trampolines*)
                0x00000516                __trampolines_end = .
 *(.progmem*)
                0x00000516                . = ALIGN (0x2)
 *(.jumptables)
 *(.jumptables*)
 *(.lowtext)
 *(.lowtext*)
                0x00000516                __ctors_start = .
 *(.ctors)
 .ctors         0x00000516        0x2 main.o
                0x00000518                __ctors_end = .
                0x00000518                __dtors_start = .
 *(.dtors)
 .dtors         0x00000518        0x2 main.o
                0x0000051a                __dtors_end = .
 SORT(*)(.ctors)
 SORT(*)(.dtors)
 *(.init0)
 .init0         0x0000051a        0x0 c:/program files (x86)/atmel/studio/7.0/toolchain/avr8/avr8-gnu-toolchain/bin/../lib/gcc/avr/4.9.2/../../../../avr/lib/avrxmega6/crtatxmega128a3u.o
                0x0000051a                __init
 *(.init0)
 *(.init1)
 *(.init1)
 *(.init2)
 .init2         0x0000051a       0x10 c:/program files (x86)/atmel/studio/7.0/toolchain/avr8/avr8-gnu-toolchain/bin/../lib/gcc/avr/4.9.2/../../../../avr/lib/avrxmega6/crtatxmega128a3u.o
 *(.init2)
 *(.init3)
 *(.init3)
 *(.init4)
 .init4         0x0000052a       0x1a c:/program files (x86)/atmel/studio/7.0/toolchain/avr8/avr8-gnu-toolchain/bin/../lib/gcc/avr/4.9.2/avrxmega6\libgcc.a(_copy_data.o)
                0x0000052a                __do_copy_data
 .init4         0x00000544       0x10 c:/program files (x86)/atmel/studio/7.0/toolchain/avr8/avr8-gnu-toolchain/bin/../lib/gcc/avr/4.9.2/avrxmega6\libgcc.a(_clear_bss.o)
                0x00000544                __do_clear_bss
 *(.init4)
 *(.init5)
 *(.init5)
 *(.init6)
 .init6         0x00000554       0x20 c:/program files (x86)/atmel/studio/7.0/toolchain/avr8/avr8-gnu-toolchain/bin/../lib/gcc/avr/4.9.2/avrxmega6\libgcc.a(_ctors.o)
                0x00000554                __do_global_ctors
 *(.init6)
 *(.init7)
 *(.init7)
 *(.init8)
 *(.init8)
 *(.init9)
 .init9         0x00000574        0x8 c:/program files (x86)/atmel/studio/7.0/toolchain/avr8/avr8-gnu-toolchain/bin/../lib/gcc/avr/4.9.2/../../../../avr/lib/avrxmega6/crtatxmega128a3u.o
 *(.init9)
 *(.text)
 .text          0x0000057c        0x4 c:/program files (x86)/atmel/studio/7.0/toolchain/avr8/avr8-gnu-toolchain/bin/../lib/gcc/avr/4.9.2/../../../../avr/lib/avrxmega6/crtatxmega128a3u.o
                0x0000057c                __vector_75
                0x0000057c                __vector_102
                0x0000057c                __bad_interrupt
                0x0000057c                __vector_122
                0x0000057c                __vector_114
                0x0000057c                __vector_117
                0x0000057c                __vector_107
                0x0000057c                __vector_98
                0x0000057c                __vector_99
                0x0000057c                __vector_125
                0x0000057c                __vector_123
                0x0000057c                __vector_100
                0x0000057c                __vector_101
                0x0000057c                __vector_76
                0x0000057c                __vector_115
                0x0000057c                __vector_95
                0x0000057c                __vector_103
                0x0000057c                __vector_96
                0x0000057c                __vector_106
                0x0000057c                __vector_118
                0x0000057c                __vector_94
                0x0000057c                __vector_126
                0x0000057c                __vector_124
                0x0000057c                __vector_116
                0x0000057c                __vector_97
                0x00000580                . = ALIGN (0x2)
 *(.text.*)
 .text._ZN13CDGUSDatabaseC2Ev
                0x00000580        0x2 CDGUSDatabase.o
                0x00000580                _ZN13CDGUSDatabaseC2Ev
                0x00000580                _ZN13CDGUSDatabaseC1Ev
 .text._ZN13CDGUSDatabaseD2Ev
                0x00000582        0x2 CDGUSDatabase.o
                0x00000582                _ZN13CDGUSDatabaseD2Ev
                0x00000582                _ZN13CDGUSDatabaseD1Ev
 .text._ZN13CDGUSDatabase10InitializeEP9CMBSenderj
                0x00000584       0x18 CDGUSDatabase.o
                0x00000584                _ZN13CDGUSDatabase10InitializeEP9CMBSenderj
 .text._ZN13CDGUSDatabase18MapDatabaseToWriteEjmj
                0x0000059c       0xca CDGUSDatabase.o
                0x0000059c                _ZN13CDGUSDatabase18MapDatabaseToWriteEjmj
 .text._ZN13CDGUSDatabase17MapDatabaseToReadEjmj
                0x00000666       0xca CDGUSDatabase.o
                0x00000666                _ZN13CDGUSDatabase17MapDatabaseToReadEjmj
 .text._ZN13CDGUSDatabase5UnMapEv
                0x00000730       0x3c CDGUSDatabase.o
                0x00000730                _ZN13CDGUSDatabase5UnMapEv
 .text._ZN16CLaserControlApp21OnTransactionCallbackEPhj
                0x0000076c        0x2 CLaserControlApp.o
                0x0000076c                _ZN16CLaserControlApp21OnTransactionCallbackEPhj
 .text._ZN16CLaserControlApp18OnRegisterReceivedEhPhh
                0x0000076e      0x142 CLaserControlApp.o
                0x0000076e                _ZN16CLaserControlApp18OnRegisterReceivedEhPhh
 .text._ZN16CLaserControlApp18OnVariableReceivedEjPjj
                0x000008b0      0x19a CLaserControlApp.o
                0x000008b0                _ZN16CLaserControlApp18OnVariableReceivedEjPjj
 .text._ZN16CLaserControlAppC2Ev
                0x00000a4a        0xc CLaserControlApp.o
                0x00000a4a                _ZN16CLaserControlAppC2Ev
                0x00000a4a                _ZN16CLaserControlAppC1Ev
 .text._ZN16CLaserControlAppD2Ev
                0x00000a56       0x10 CLaserControlApp.o
                0x00000a56                _ZN16CLaserControlAppD2Ev
                0x00000a56                _ZN16CLaserControlAppD1Ev
 .text._ZN16CLaserControlApp22CalculateLaserSettingsEP24DGUS_LASERPROFILE_STRUCT
                0x00000a66      0x14a CLaserControlApp.o
                0x00000a66                _ZN16CLaserControlApp22CalculateLaserSettingsEP24DGUS_LASERPROFILE_STRUCT
 .text._ZN16CLaserControlApp11GetVariableEjj
                0x00000bb0       0x28 CLaserControlApp.o
                0x00000bb0                _ZN16CLaserControlApp11GetVariableEjj
 .text._ZN16CLaserControlApp11SetVariableEjPjj
                0x00000bd8       0x20 CLaserControlApp.o
                0x00000bd8                _ZN16CLaserControlApp11SetVariableEjPjj
 .text._ZN16CLaserControlApp12SetPictureIdEj
                0x00000bf8       0x4c CLaserControlApp.o
                0x00000bf8                _ZN16CLaserControlApp12SetPictureIdEj
 .text._ZN16CLaserControlApp12OnLaserTimerEv
                0x00000c44       0x58 CLaserControlApp.o
                0x00000c44                _ZN16CLaserControlApp12OnLaserTimerEv
 .text._ZN16CLaserControlApp22OnLaserTimerStopStaticEPv
                0x00000c9c        0x6 CLaserControlApp.o
                0x00000c9c                _ZN16CLaserControlApp22OnLaserTimerStopStaticEPv
 .text._ZN16CLaserControlApp13OnPWMTimerCMPEv
                0x00000ca2       0x12 CLaserControlApp.o
                0x00000ca2                _ZN16CLaserControlApp13OnPWMTimerCMPEv
 .text._ZN16CLaserControlApp19OnPWMTimerCMPStaticEPv
                0x00000cb4        0x6 CLaserControlApp.o
                0x00000cb4                _ZN16CLaserControlApp19OnPWMTimerCMPStaticEPv
 .text._ZN16CLaserControlApp19OnPWMTimerREDStaticEPv
                0x00000cba        0xa CLaserControlApp.o
                0x00000cba                _ZN16CLaserControlApp19OnPWMTimerREDStaticEPv
 .text._ZN16CLaserControlApp19OnPWMTimerGRNStaticEPv
                0x00000cc4        0xa CLaserControlApp.o
                0x00000cc4                _ZN16CLaserControlApp19OnPWMTimerGRNStaticEPv
 .text._ZN16CLaserControlApp19OnPWMTimerBLUStaticEPv
                0x00000cce        0xa CLaserControlApp.o
                0x00000cce                _ZN16CLaserControlApp19OnPWMTimerBLUStaticEPv
 .text._ZN16CLaserControlApp13MelaninPresetEj
                0x00000cd8      0x16c CLaserControlApp.o
                0x00000cd8                _ZN16CLaserControlApp13MelaninPresetEj
 .text._ZN16CLaserControlApp15PhototypePresetEj
                0x00000e44      0x16e CLaserControlApp.o
                0x00000e44                _ZN16CLaserControlApp15PhototypePresetEj
 .text._ZN16CLaserControlApp11CheckLimitsERjS0_16APP_PROFILE_ENUM
                0x00000fb2      0x1be CLaserControlApp.o
                0x00000fb2                _ZN16CLaserControlApp11CheckLimitsERjS0_16APP_PROFILE_ENUM
 .text._ZN16CLaserControlApp10InitializeEP9CMBSender
                0x00001170      0x1ee CLaserControlApp.o
                0x00001170                _ZN16CLaserControlApp10InitializeEP9CMBSender
 .text._ZN16CLaserControlApp5StartEv
                0x0000135e       0x90 CLaserControlApp.o
                0x0000135e                _ZN16CLaserControlApp5StartEv
 .text._ZN16CLaserControlApp3RunEv
                0x000013ee      0x8d8 CLaserControlApp.o
                0x000013ee                _ZN16CLaserControlApp3RunEv
 .text._ZN16CLaserControlApp16OnLaserTimerStopEv
                0x00001cc6       0x26 CLaserControlApp.o
                0x00001cc6                _ZN16CLaserControlApp16OnLaserTimerStopEv
 .text._ZN16CLaserControlApp18OnLaserTimerStaticEPv
                0x00001cec        0x6 CLaserControlApp.o
                0x00001cec                _ZN16CLaserControlApp18OnLaserTimerStaticEPv
 .text._ZN16CLaserControlApp7OnTimerEv
                0x00001cf2      0x240 CLaserControlApp.o
                0x00001cf2                _ZN16CLaserControlApp7OnTimerEv
 .text._ZN16CLaserControlApp13OnTimerStaticEPv
                0x00001f32        0x6 CLaserControlApp.o
                0x00001f32                _ZN16CLaserControlApp13OnTimerStaticEPv
 .text._ZN16CLaserControlApp13OnPWMTimerOVFEv
                0x00001f38      0x196 CLaserControlApp.o
                0x00001f38                _ZN16CLaserControlApp13OnPWMTimerOVFEv
 .text._ZN16CLaserControlApp19OnPWMTimerOVFStaticEPv
                0x000020ce        0x6 CLaserControlApp.o
                0x000020ce                _ZN16CLaserControlApp19OnPWMTimerOVFStaticEPv
 .text._ZN16CLaserControlApp6OnINT0Ev
                0x000020d4      0x12c CLaserControlApp.o
                0x000020d4                _ZN16CLaserControlApp6OnINT0Ev
 .text._ZN16CLaserControlApp12OnINT0StaticEPv
                0x00002200        0x6 CLaserControlApp.o
                0x00002200                _ZN16CLaserControlApp12OnINT0StaticEPv
 .text._Z11ConvertDataPvS_jj
                0x00002206       0x58 DGUSGUI.o
                0x00002206                _Z11ConvertDataPvS_jj
 .text._Z3minjj
                0x0000225e        0xa DGUSGUI.o
                0x0000225e                _Z3minjj
 .text._Z3maxjj
                0x00002268        0xa DGUSGUI.o
                0x00002268                _Z3maxjj
 .text._Z4swapj
                0x00002272        0x8 DGUSGUI.o
                0x00002272                _Z4swapj
 .text._Z6swap32m
                0x0000227a        0x8 DGUSGUI.o
                0x0000227a                _Z6swap32m
 .text._ZN4CSPIC2Ev
                0x00002282        0x2 LaserLib/CSPI.o
                0x00002282                _ZN4CSPIC2Ev
                0x00002282                _ZN4CSPIC1Ev
 .text._ZN4CSPID2Ev
                0x00002284        0x2 LaserLib/CSPI.o
                0x00002284                _ZN4CSPID2Ev
                0x00002284                _ZN4CSPID1Ev
 .text._ZN4CSPI10InitializeEb19SPI_DATA_ORDER_ENUM13SPI_MODE_ENUMb18SPI_PRESCALER_enum
                0x00002286       0x82 LaserLib/CSPI.o
                0x00002286                _ZN4CSPI10InitializeEb19SPI_DATA_ORDER_ENUM13SPI_MODE_ENUMb18SPI_PRESCALER_enum
 .text._ZN4CSPI4SendEPhj
                0x00002308       0x40 LaserLib/CSPI.o
                0x00002308                _ZN4CSPI4SendEPhj
 .text._ZN4CSPI10OnTransmitEv
                0x00002348       0x30 LaserLib/CSPI.o
                0x00002348                _ZN4CSPI10OnTransmitEv
 .text._ZN4CSPI16StaticOnTransmitEPv
                0x00002378        0x6 LaserLib/CSPI.o
                0x00002378                _ZN4CSPI16StaticOnTransmitEPv
 .text._ZN6CTimerC2Ev
                0x0000237e        0xc LaserLib/CTimer.o
                0x0000237e                _ZN6CTimerC1Ev
                0x0000237e                _ZN6CTimerC2Ev
 .text._ZN6CTimerD2Ev
                0x0000238a        0x2 LaserLib/CTimer.o
                0x0000238a                _ZN6CTimerD1Ev
                0x0000238a                _ZN6CTimerD2Ev
 .text._ZN7CTimer1C2Ev
                0x0000238c        0xc LaserLib/CTimer1.o
                0x0000238c                _ZN7CTimer1C1Ev
                0x0000238c                _ZN7CTimer1C2Ev
 .text._ZN7CTimer1D2Ev
                0x00002398        0x2 LaserLib/CTimer1.o
                0x00002398                _ZN7CTimer1D1Ev
                0x00002398                _ZN7CTimer1D2Ev
 .text._ZN6CUSARTC2Ev
                0x0000239a        0xc LaserLib/CUSART.o
                0x0000239a                _ZN6CUSARTC2Ev
                0x0000239a                _ZN6CUSARTC1Ev
 .text._ZN6CUSARTD2Ev
                0x000023a6        0x2 LaserLib/CUSART.o
                0x000023a6                _ZN6CUSARTD1Ev
                0x000023a6                _ZN6CUSARTD2Ev
 .text.__vector_1
                0x000023a8       0x62 LaserLib/intx128.o
                0x000023a8                __vector_1
 .text.__vector_2
                0x0000240a       0x62 LaserLib/intx128.o
                0x0000240a                __vector_2
 .text.__vector_3
                0x0000246c       0x62 LaserLib/intx128.o
                0x0000246c                __vector_3
 .text.__vector_4
                0x000024ce       0x62 LaserLib/intx128.o
                0x000024ce                __vector_4
 .text.__vector_5
                0x00002530       0x62 LaserLib/intx128.o
                0x00002530                __vector_5
 .text.__vector_6
                0x00002592       0x62 LaserLib/intx128.o
                0x00002592                __vector_6
 .text.__vector_7
                0x000025f4       0x62 LaserLib/intx128.o
                0x000025f4                __vector_7
 .text.__vector_8
                0x00002656       0x62 LaserLib/intx128.o
                0x00002656                __vector_8
 .text.__vector_9
                0x000026b8       0x62 LaserLib/intx128.o
                0x000026b8                __vector_9
 .text.__vector_10
                0x0000271a       0x62 LaserLib/intx128.o
                0x0000271a                __vector_10
 .text.__vector_11
                0x0000277c       0x62 LaserLib/intx128.o
                0x0000277c                __vector_11
 .text.__vector_12
                0x000027de       0x62 LaserLib/intx128.o
                0x000027de                __vector_12
 .text.__vector_13
                0x00002840       0x62 LaserLib/intx128.o
                0x00002840                __vector_13
 .text.__vector_14
                0x000028a2       0x62 LaserLib/intx128.o
                0x000028a2                __vector_14
 .text.__vector_15
                0x00002904       0x62 LaserLib/intx128.o
                0x00002904                __vector_15
 .text.__vector_16
                0x00002966       0x62 LaserLib/intx128.o
                0x00002966                __vector_16
 .text.__vector_17
                0x000029c8       0x62 LaserLib/intx128.o
                0x000029c8                __vector_17
 .text.__vector_18
                0x00002a2a       0x62 LaserLib/intx128.o
                0x00002a2a                __vector_18
 .text.__vector_19
                0x00002a8c       0x62 LaserLib/intx128.o
                0x00002a8c                __vector_19
 .text.__vector_20
                0x00002aee       0x62 LaserLib/intx128.o
                0x00002aee                __vector_20
 .text.__vector_21
                0x00002b50       0x62 LaserLib/intx128.o
                0x00002b50                __vector_21
 .text.__vector_22
                0x00002bb2       0x62 LaserLib/intx128.o
                0x00002bb2                __vector_22
 .text.__vector_23
                0x00002c14       0x62 LaserLib/intx128.o
                0x00002c14                __vector_23
 .text.__vector_24
                0x00002c76       0x62 LaserLib/intx128.o
                0x00002c76                __vector_24
 .text.__vector_25
                0x00002cd8       0x62 LaserLib/intx128.o
                0x00002cd8                __vector_25
 .text.__vector_26
                0x00002d3a       0x62 LaserLib/intx128.o
                0x00002d3a                __vector_26
 .text.__vector_27
                0x00002d9c       0x62 LaserLib/intx128.o
                0x00002d9c                __vector_27
 .text.__vector_28
                0x00002dfe       0x62 LaserLib/intx128.o
                0x00002dfe                __vector_28
 .text.__vector_29
                0x00002e60       0x62 LaserLib/intx128.o
                0x00002e60                __vector_29
 .text.__vector_30
                0x00002ec2       0x62 LaserLib/intx128.o
                0x00002ec2                __vector_30
 .text.__vector_31
                0x00002f24       0x62 LaserLib/intx128.o
                0x00002f24                __vector_31
 .text.__vector_32
                0x00002f86       0x62 LaserLib/intx128.o
                0x00002f86                __vector_32
 .text.__vector_33
                0x00002fe8       0x62 LaserLib/intx128.o
                0x00002fe8                __vector_33
 .text.__vector_34
                0x0000304a       0x62 LaserLib/intx128.o
                0x0000304a                __vector_34
 .text.__vector_35
                0x000030ac       0x62 LaserLib/intx128.o
                0x000030ac                __vector_35
 .text.__vector_36
                0x0000310e       0x62 LaserLib/intx128.o
                0x0000310e                __vector_36
 .text.__vector_37
                0x00003170       0x62 LaserLib/intx128.o
                0x00003170                __vector_37
 .text.__vector_38
                0x000031d2       0x62 LaserLib/intx128.o
                0x000031d2                __vector_38
 .text.__vector_39
                0x00003234       0x62 LaserLib/intx128.o
                0x00003234                __vector_39
 .text.__vector_40
                0x00003296       0x62 LaserLib/intx128.o
                0x00003296                __vector_40
 .text.__vector_41
                0x000032f8       0x62 LaserLib/intx128.o
                0x000032f8                __vector_41
 .text.__vector_42
                0x0000335a       0x62 LaserLib/intx128.o
                0x0000335a                __vector_42
 .text.__vector_43
                0x000033bc       0x62 LaserLib/intx128.o
                0x000033bc                __vector_43
 .text.__vector_44
                0x0000341e       0x62 LaserLib/intx128.o
                0x0000341e                __vector_44
 .text.__vector_45
                0x00003480       0x62 LaserLib/intx128.o
                0x00003480                __vector_45
 .text.__vector_46
                0x000034e2       0x62 LaserLib/intx128.o
                0x000034e2                __vector_46
 .text.__vector_47
                0x00003544       0x62 LaserLib/intx128.o
                0x00003544                __vector_47
 .text.__vector_48
                0x000035a6       0x62 LaserLib/intx128.o
                0x000035a6                __vector_48
 .text.__vector_49
                0x00003608       0x62 LaserLib/intx128.o
                0x00003608                __vector_49
 .text.__vector_50
                0x0000366a       0x62 LaserLib/intx128.o
                0x0000366a                __vector_50
 .text.__vector_51
                0x000036cc       0x62 LaserLib/intx128.o
                0x000036cc                __vector_51
 .text.__vector_52
                0x0000372e       0x62 LaserLib/intx128.o
                0x0000372e                __vector_52
 .text.__vector_53
                0x00003790       0x62 LaserLib/intx128.o
                0x00003790                __vector_53
 .text.__vector_54
                0x000037f2       0x62 LaserLib/intx128.o
                0x000037f2                __vector_54
 .text.__vector_55
                0x00003854       0x62 LaserLib/intx128.o
                0x00003854                __vector_55
 .text.__vector_56
                0x000038b6       0x62 LaserLib/intx128.o
                0x000038b6                __vector_56
 .text.__vector_57
                0x00003918       0x62 LaserLib/intx128.o
                0x00003918                __vector_57
 .text.__vector_58
                0x0000397a       0x62 LaserLib/intx128.o
                0x0000397a                __vector_58
 .text.__vector_59
                0x000039dc       0x62 LaserLib/intx128.o
                0x000039dc                __vector_59
 .text.__vector_60
                0x00003a3e       0x62 LaserLib/intx128.o
                0x00003a3e                __vector_60
 .text.__vector_61
                0x00003aa0       0x62 LaserLib/intx128.o
                0x00003aa0                __vector_61
 .text.__vector_62
                0x00003b02       0x62 LaserLib/intx128.o
                0x00003b02                __vector_62
 .text.__vector_63
                0x00003b64       0x62 LaserLib/intx128.o
                0x00003b64                __vector_63
 .text.__vector_64
                0x00003bc6       0x62 LaserLib/intx128.o
                0x00003bc6                __vector_64
 .text.__vector_65
                0x00003c28       0x62 LaserLib/intx128.o
                0x00003c28                __vector_65
 .text.__vector_66
                0x00003c8a       0x62 LaserLib/intx128.o
                0x00003c8a                __vector_66
 .text.__vector_67
                0x00003cec       0x62 LaserLib/intx128.o
                0x00003cec                __vector_67
 .text.__vector_68
                0x00003d4e       0x62 LaserLib/intx128.o
                0x00003d4e                __vector_68
 .text.__vector_69
                0x00003db0       0x62 LaserLib/intx128.o
                0x00003db0                __vector_69
 .text.__vector_70
                0x00003e12       0x62 LaserLib/intx128.o
                0x00003e12                __vector_70
 .text.__vector_71
                0x00003e74       0x62 LaserLib/intx128.o
                0x00003e74                __vector_71
 .text.__vector_72
                0x00003ed6       0x62 LaserLib/intx128.o
                0x00003ed6                __vector_72
 .text.__vector_73
                0x00003f38       0x62 LaserLib/intx128.o
                0x00003f38                __vector_73
 .text.__vector_74
                0x00003f9a       0x62 LaserLib/intx128.o
                0x00003f9a                __vector_74
 .text.__vector_77
                0x00003ffc       0x62 LaserLib/intx128.o
                0x00003ffc                __vector_77
 .text.__vector_78
                0x0000405e       0x62 LaserLib/intx128.o
                0x0000405e                __vector_78
 .text.__vector_79
                0x000040c0       0x62 LaserLib/intx128.o
                0x000040c0                __vector_79
 .text.__vector_80
                0x00004122       0x62 LaserLib/intx128.o
                0x00004122                __vector_80
 .text.__vector_81
                0x00004184       0x62 LaserLib/intx128.o
                0x00004184                __vector_81
 .text.__vector_82
                0x000041e6       0x62 LaserLib/intx128.o
                0x000041e6                __vector_82
 .text.__vector_83
                0x00004248       0x62 LaserLib/intx128.o
                0x00004248                __vector_83
 .text.__vector_84
                0x000042aa       0x62 LaserLib/intx128.o
                0x000042aa                __vector_84
 .text.__vector_85
                0x0000430c       0x62 LaserLib/intx128.o
                0x0000430c                __vector_85
 .text.__vector_86
                0x0000436e       0x62 LaserLib/intx128.o
                0x0000436e                __vector_86
 .text.__vector_87
                0x000043d0       0x62 LaserLib/intx128.o
                0x000043d0                __vector_87
 .text.__vector_88
                0x00004432       0x62 LaserLib/intx128.o
                0x00004432                __vector_88
 .text.__vector_89
                0x00004494       0x62 LaserLib/intx128.o
                0x00004494                __vector_89
 .text.__vector_90
                0x000044f6       0x62 LaserLib/intx128.o
                0x000044f6                __vector_90
 .text.__vector_91
                0x00004558       0x62 LaserLib/intx128.o
                0x00004558                __vector_91
 .text.__vector_92
                0x000045ba       0x62 LaserLib/intx128.o
                0x000045ba                __vector_92
 .text.__vector_93
                0x0000461c       0x62 LaserLib/intx128.o
                0x0000461c                __vector_93
 .text.__vector_104
                0x0000467e       0x62 LaserLib/intx128.o
                0x0000467e                __vector_104
 .text.__vector_105
                0x000046e0       0x62 LaserLib/intx128.o
                0x000046e0                __vector_105
 .text.__vector_108
                0x00004742       0x62 LaserLib/intx128.o
                0x00004742                __vector_108
 .text.__vector_109
                0x000047a4       0x62 LaserLib/intx128.o
                0x000047a4                __vector_109
 .text.__vector_110
                0x00004806       0x62 LaserLib/intx128.o
                0x00004806                __vector_110
 .text.__vector_111
                0x00004868       0x62 LaserLib/intx128.o
                0x00004868                __vector_111
 .text.__vector_112
                0x000048ca       0x62 LaserLib/intx128.o
                0x000048ca                __vector_112
 .text.__vector_113
                0x0000492c       0x62 LaserLib/intx128.o
                0x0000492c                __vector_113
 .text.__vector_119
                0x0000498e       0x62 LaserLib/intx128.o
                0x0000498e                __vector_119
 .text.__vector_120
                0x000049f0       0x62 LaserLib/intx128.o
                0x000049f0                __vector_120
 .text.__vector_121
                0x00004a52       0x62 LaserLib/intx128.o
                0x00004a52                __vector_121
 .text.__cxa_pure_virtual
                0x00004ab4        0x6 main.o
                0x00004ab4                __cxa_pure_virtual
 .text._GLOBAL__sub_I_dacSPI
                0x00004aba       0x6a main.o
 .text._GLOBAL__sub_D_dacSPI
                0x00004b24       0x6a main.o
 .text._Z16SystemInitializev
                0x00004b8e      0x1f2 main.o
                0x00004b8e                _Z16SystemInitializev
 .text.main     0x00004d80       0xe6 main.o
                0x00004d80                main
 .text._ZN16CMBEventsHandler13FillRegDataTxEhPhh
                0x00004e66       0x62 MODBUS/CMBProtocol.o
                0x00004e66                _ZN16CMBEventsHandler13FillRegDataTxEhPhh
 .text._ZN16CMBEventsHandler13FillRegDataRqEhh
                0x00004ec8       0x3e MODBUS/CMBProtocol.o
                0x00004ec8                _ZN16CMBEventsHandler13FillRegDataRqEhh
 .text._ZN16CMBEventsHandler13FillVarDataTxEjPjj
                0x00004f06       0x90 MODBUS/CMBProtocol.o
                0x00004f06                _ZN16CMBEventsHandler13FillVarDataTxEjPjj
 .text._ZN16CMBEventsHandler13FillVarDataRqEjj
                0x00004f96       0x46 MODBUS/CMBProtocol.o
                0x00004f96                _ZN16CMBEventsHandler13FillVarDataRqEjj
 .text._ZN16CMBEventsHandler15AllocateBuffersEjj
                0x00004fdc       0x36 MODBUS/CMBProtocol.o
                0x00004fdc                _ZN16CMBEventsHandler15AllocateBuffersEjj
 .text._ZN16CMBEventsHandler11FreeBuffersEv
                0x00005012       0x1c MODBUS/CMBProtocol.o
                0x00005012                _ZN16CMBEventsHandler11FreeBuffersEv
 .text._ZN16CMBEventsHandlerD2Ev
                0x0000502e        0x2 MODBUS/CMBProtocol.o
                0x0000502e                _ZN16CMBEventsHandlerD2Ev
                0x0000502e                _ZN16CMBEventsHandlerD1Ev
 .text._ZN9CMBSender18OnVariableReceivedEjPjj
                0x00005030       0x1e MODBUS/CMBSender.o
                0x00005030                _ZN9CMBSender18OnVariableReceivedEjPjj
 .text._ZN9CMBSender18OnRegisterReceivedEhPhh
                0x0000504e       0x1e MODBUS/CMBSender.o
                0x0000504e                _ZN9CMBSender18OnRegisterReceivedEhPhh
 .text._ZN9CMBSenderC2Ev
                0x0000506c        0xc MODBUS/CMBSender.o
                0x0000506c                _ZN9CMBSenderC2Ev
                0x0000506c                _ZN9CMBSenderC1Ev
 .text._ZN9CMBSender10InitializeEP7CTimer1P6CUSARTP16CMBEventsHandlerjjj
                0x00005078       0xde MODBUS/CMBSender.o
                0x00005078                _ZN9CMBSender10InitializeEP7CTimer1P6CUSARTP16CMBEventsHandlerjjj
 .text._ZN9CMBSenderD2Ev
                0x00005156       0x10 MODBUS/CMBSender.o
                0x00005156                _ZN9CMBSenderD1Ev
                0x00005156                _ZN9CMBSenderD2Ev
 .text._ZN9CMBSender13OnReceiveByteEh
                0x00005166      0x15a MODBUS/CMBSender.o
                0x00005166                _ZN9CMBSender13OnReceiveByteEh
 .text._ZN9CMBSender18OnUSARTRxInterruptEPv
                0x000052c0       0x26 MODBUS/CMBSender.o
                0x000052c0                _ZN9CMBSender18OnUSARTRxInterruptEPv
 .text._ZN9CMBSender9OnTimeoutEv
                0x000052e6       0x28 MODBUS/CMBSender.o
                0x000052e6                _ZN9CMBSender9OnTimeoutEv
 .text._ZN9CMBSender18OnTimeoutInterruptEPv
                0x0000530e        0x6 MODBUS/CMBSender.o
                0x0000530e                _ZN9CMBSender18OnTimeoutInterruptEPv
 .text._ZN9CMBSender19StartMODBUSListenerEv
                0x00005314       0x32 MODBUS/CMBSender.o
                0x00005314                _ZN9CMBSender19StartMODBUSListenerEv
 .text._ZN9CMBSender14OnTransmitByteEv
                0x00005346       0x92 MODBUS/CMBSender.o
                0x00005346                _ZN9CMBSender14OnTransmitByteEv
 .text._ZN9CMBSender18OnUSARTTxInterruptEPv
                0x000053d8        0x6 MODBUS/CMBSender.o
                0x000053d8                _ZN9CMBSender18OnUSARTTxInterruptEPv
 .text._ZN9CMBSender18WaitMODBUSListenerEv
                0x000053de       0x22 MODBUS/CMBSender.o
                0x000053de                _ZN9CMBSender18WaitMODBUSListenerEv
 .text._ZN9CMBSender22StartMODBUSTransmitterEv
                0x00005400       0x2a MODBUS/CMBSender.o
                0x00005400                _ZN9CMBSender22StartMODBUSTransmitterEv
 .text._ZN9CMBSender24WriteDataToRegisterAsyncEhPhh
                0x0000542a       0x1e MODBUS/CMBSender.o
                0x0000542a                _ZN9CMBSender24WriteDataToRegisterAsyncEhPhh
 .text._ZN9CMBSender20WriteDataToSRAMAsyncEjPjj
                0x00005448       0x1e MODBUS/CMBSender.o
                0x00005448                _ZN9CMBSender20WriteDataToSRAMAsyncEjPjj
 .text._ZN9CMBSender28RequestDataFromRegisterAsyncEhh
                0x00005466       0x1e MODBUS/CMBSender.o
                0x00005466                _ZN9CMBSender28RequestDataFromRegisterAsyncEhh
 .text._ZN9CMBSender24RequestDataFromSRAMAsyncEjh
                0x00005484       0x20 MODBUS/CMBSender.o
                0x00005484                _ZN9CMBSender24RequestDataFromSRAMAsyncEjh
 .text._ZN9CMBSender21WaitMODBUSTransmitterEv
                0x000054a4       0x22 MODBUS/CMBSender.o
                0x000054a4                _ZN9CMBSender21WaitMODBUSTransmitterEv
 .text._ZN9CMBSender30StartMODBUSRegisterTransactionEhh
                0x000054c6        0xc MODBUS/CMBSender.o
                0x000054c6                _ZN9CMBSender30StartMODBUSRegisterTransactionEhh
 .text._ZN9CMBSender30StartMODBUSVariableTransactionEjh
                0x000054d2        0xc MODBUS/CMBSender.o
                0x000054d2                _ZN9CMBSender30StartMODBUSVariableTransactionEjh
 .text._ZN9CMBSender18ProcessTransactionEPhj
                0x000054de       0x62 MODBUS/CMBSender.o
                0x000054de                _ZN9CMBSender18ProcessTransactionEPhj
 .text._ZN9CMBSender21OnTransactionCallbackEPhj
                0x00005540        0x6 MODBUS/CMBSender.o
                0x00005540                _ZN9CMBSender21OnTransactionCallbackEPhj
 .text._ZN10CDGUSUSART10InitializeE13BAUDRATE_ENUM11PARITY_ENUM12STOBITS_ENUMb
                0x00005546       0x76 Periphery/CDGUSUSART.o
                0x00005546                _ZN10CDGUSUSART10InitializeE13BAUDRATE_ENUM11PARITY_ENUM12STOBITS_ENUMb
 .text._ZN10CDGUSUSART15GetReceivedByteEv
                0x000055bc        0x6 Periphery/CDGUSUSART.o
                0x000055bc                _ZN10CDGUSUSART15GetReceivedByteEv
 .text._ZN10CDGUSUSART19SetTransmittingByteEh
                0x000055c2        0x6 Periphery/CDGUSUSART.o
                0x000055c2                _ZN10CDGUSUSART19SetTransmittingByteEh
 .text._ZN10CDGUSUSART14IsTransmittingEv
                0x000055c8       0x10 Periphery/CDGUSUSART.o
                0x000055c8                _ZN10CDGUSUSART14IsTransmittingEv
 .text._ZN10CDGUSUSART11IsReceivingEv
                0x000055d8        0xe Periphery/CDGUSUSART.o
                0x000055d8                _ZN10CDGUSUSART11IsReceivingEv
 .text._ZN10CDGUSUSART11IsDataEmptyEv
                0x000055e6       0x10 Periphery/CDGUSUSART.o
                0x000055e6                _ZN10CDGUSUSART11IsDataEmptyEv
 .text._ZN10CDGUSUSART25SetRxInterruptionCallbackEPvPFvS0_E
                0x000055f6       0x12 Periphery/CDGUSUSART.o
                0x000055f6                _ZN10CDGUSUSART25SetRxInterruptionCallbackEPvPFvS0_E
 .text._ZN10CDGUSUSART25SetTxInterruptionCallbackEPvPFvS0_E
                0x00005608       0x12 Periphery/CDGUSUSART.o
                0x00005608                _ZN10CDGUSUSART25SetTxInterruptionCallbackEPvPFvS0_E
 .text._ZN10CDGUSUSART12SetDMARxTrigEP13DMA_CH_struct
                0x0000561a       0x12 Periphery/CDGUSUSART.o
                0x0000561a                _ZN10CDGUSUSART12SetDMARxTrigEP13DMA_CH_struct
 .text._ZN10CDGUSUSART12SetDMATxTrigEP13DMA_CH_struct
                0x0000562c       0x12 Periphery/CDGUSUSART.o
                0x0000562c                _ZN10CDGUSUSART12SetDMATxTrigEP13DMA_CH_struct
 .text._ZN10CDGUSUSARTC2Ev
                0x0000563e       0x18 Periphery/CDGUSUSART.o
                0x0000563e                _ZN10CDGUSUSARTC1Ev
                0x0000563e                _ZN10CDGUSUSARTC2Ev
 .text._ZN10CDGUSUSARTD2Ev
                0x00005656       0x10 Periphery/CDGUSUSART.o
                0x00005656                _ZN10CDGUSUSARTD2Ev
                0x00005656                _ZN10CDGUSUSARTD1Ev
 .text._ZN8CDS18B20C2Ev
                0x00005666        0x2 Periphery/CDS18B20.o
                0x00005666                _ZN8CDS18B20C2Ev
                0x00005666                _ZN8CDS18B20C1Ev
 .text._ZN8CDS18B20D2Ev
                0x00005668        0x2 Periphery/CDS18B20.o
                0x00005668                _ZN8CDS18B20D1Ev
                0x00005668                _ZN8CDS18B20D2Ev
 .text._ZN8CDS18B207w1_findEv
                0x0000566a       0x3a Periphery/CDS18B20.o
                0x0000566a                _ZN8CDS18B207w1_findEv
 .text._ZN8CDS18B2010w1_sendcmdEh
                0x000056a4       0x6e Periphery/CDS18B20.o
                0x000056a4                _ZN8CDS18B2010w1_sendcmdEh
 .text._ZN8CDS18B2015w1_receive_byteEv
                0x00005712       0x66 Periphery/CDS18B20.o
                0x00005712                _ZN8CDS18B2015w1_receive_byteEv
 .text._ZN8CDS18B2010temp_18b20Ev
                0x00005778       0x96 Periphery/CDS18B20.o
                0x00005778                _ZN8CDS18B2010temp_18b20Ev
 .text._ZN8CDS18B2010InitializeEv
                0x0000580e       0x1e Periphery/CDS18B20.o
                0x0000580e                _ZN8CDS18B2010InitializeEv
 .text._ZN11CLaserBoardC2Ev
                0x0000582c        0x2 Periphery/CLaserBoard.o
                0x0000582c                _ZN11CLaserBoardC1Ev
                0x0000582c                _ZN11CLaserBoardC2Ev
 .text._ZN11CLaserBoardD2Ev
                0x0000582e        0x2 Periphery/CLaserBoard.o
                0x0000582e                _ZN11CLaserBoardD2Ev
                0x0000582e                _ZN11CLaserBoardD1Ev
 .text._ZN11CLaserBoard12InitializeIOEv
                0x00005830       0xc0 Periphery/CLaserBoard.o
                0x00005830                _ZN11CLaserBoard12InitializeIOEv
 .text._ZN11CLaserBoard15InitializeClockEv
                0x000058f0       0x6a Periphery/CLaserBoard.o
                0x000058f0                _ZN11CLaserBoard15InitializeClockEv
 .text._ZN11CLaserBoard5PWMOnEv
                0x0000595a        0x8 Periphery/CLaserBoard.o
                0x0000595a                _ZN11CLaserBoard5PWMOnEv
 .text._ZN11CLaserBoard6PWMOffEv
                0x00005962        0x8 Periphery/CLaserBoard.o
                0x00005962                _ZN11CLaserBoard6PWMOffEv
 .text._ZN11CLaserBoard5REDOnEv
                0x0000596a        0x8 Periphery/CLaserBoard.o
                0x0000596a                _ZN11CLaserBoard5REDOnEv
 .text._ZN11CLaserBoard6REDOffEv
                0x00005972        0x8 Periphery/CLaserBoard.o
                0x00005972                _ZN11CLaserBoard6REDOffEv
 .text._ZN11CLaserBoard5GRNOnEv
                0x0000597a        0x8 Periphery/CLaserBoard.o
                0x0000597a                _ZN11CLaserBoard5GRNOnEv
 .text._ZN11CLaserBoard6GRNOffEv
                0x00005982        0x8 Periphery/CLaserBoard.o
                0x00005982                _ZN11CLaserBoard6GRNOffEv
 .text._ZN11CLaserBoard5BLUOnEv
                0x0000598a        0x8 Periphery/CLaserBoard.o
                0x0000598a                _ZN11CLaserBoard5BLUOnEv
 .text._ZN11CLaserBoard6BLUOffEv
                0x00005992        0x8 Periphery/CLaserBoard.o
                0x00005992                _ZN11CLaserBoard6BLUOffEv
 .text._ZN11CLaserBoard8Relay1OnEv
                0x0000599a        0x8 Periphery/CLaserBoard.o
                0x0000599a                _ZN11CLaserBoard8Relay1OnEv
 .text._ZN11CLaserBoard8Relay2OnEv
                0x000059a2        0x8 Periphery/CLaserBoard.o
                0x000059a2                _ZN11CLaserBoard8Relay2OnEv
 .text._ZN11CLaserBoard9Relay2OffEv
                0x000059aa        0x8 Periphery/CLaserBoard.o
                0x000059aa                _ZN11CLaserBoard9Relay2OffEv
 .text._ZN11CLaserBoard12LaserPowerOnEv
                0x000059b2        0x8 Periphery/CLaserBoard.o
                0x000059b2                _ZN11CLaserBoard12LaserPowerOnEv
 .text._ZN11CLaserBoard13LaserPowerOffEv
                0x000059ba        0x8 Periphery/CLaserBoard.o
                0x000059ba                _ZN11CLaserBoard13LaserPowerOffEv
 .text._ZN11CLaserBoard4BeepEv
                0x000059c2       0x30 Periphery/CLaserBoard.o
                0x000059c2                _ZN11CLaserBoard4BeepEv
 .text._ZN11CLaserBoard14BeepClassErrorEv
                0x000059f2       0x54 Periphery/CLaserBoard.o
                0x000059f2                _ZN11CLaserBoard14BeepClassErrorEv
 .text._ZN11CLaserBoard9PortCheckEv
                0x00005a46        0xa Periphery/CLaserBoard.o
                0x00005a46                _ZN11CLaserBoard9PortCheckEv
 .text._ZN11CLaserBoard10FootswitchEv
                0x00005a50        0x8 Periphery/CLaserBoard.o
                0x00005a50                _ZN11CLaserBoard10FootswitchEv
 .text._ZN12CSoundPlayerC2Ev
                0x00005a58        0x2 Periphery/CSoundPlayer.o
                0x00005a58                _ZN12CSoundPlayerC2Ev
                0x00005a58                _ZN12CSoundPlayerC1Ev
 .text._ZN12CSoundPlayerD2Ev
                0x00005a5a        0x2 Periphery/CSoundPlayer.o
                0x00005a5a                _ZN12CSoundPlayerD1Ev
                0x00005a5a                _ZN12CSoundPlayerD2Ev
 .text._ZN12CSoundPlayer19InitializeToneTimerEv
                0x00005a5c       0x22 Periphery/CSoundPlayer.o
                0x00005a5c                _ZN12CSoundPlayer19InitializeToneTimerEv
 .text._ZN12CSoundPlayer23InitializeDurationTimerEv
                0x00005a7e       0x18 Periphery/CSoundPlayer.o
                0x00005a7e                _ZN12CSoundPlayer23InitializeDurationTimerEv
 .text._ZN12CSoundPlayer10SoundStartEjjh
                0x00005a96       0x68 Periphery/CSoundPlayer.o
                0x00005a96                _ZN12CSoundPlayer10SoundStartEjjh
 .text._ZN12CSoundPlayer9SoundStopEv
                0x00005afe       0x3c Periphery/CSoundPlayer.o
                0x00005afe                _ZN12CSoundPlayer9SoundStopEv
 .text._ZN12CSoundPlayer10InitializeEv
                0x00005b3a       0x16 Periphery/CSoundPlayer.o
                0x00005b3a                _ZN12CSoundPlayer10InitializeEv
 .text._ZN7CTimerC10InitializeE27TIMER_WAVEFORMGEN_MODE_ENUM22TIMER_CLOCKSELECT_ENUM
                0x00005b50       0x36 Periphery/CTimerC.o
                0x00005b50                _ZN7CTimerC10InitializeE27TIMER_WAVEFORMGEN_MODE_ENUM22TIMER_CLOCKSELECT_ENUM
 .text._ZN7CTimerC5StartEj
                0x00005b86       0x1a Periphery/CTimerC.o
                0x00005b86                _ZN7CTimerC5StartEj
 .text._ZN7CTimerC4StopEv
                0x00005ba0       0x10 Periphery/CTimerC.o
                0x00005ba0                _ZN7CTimerC4StopEv
 .text._ZN7CTimerC13EnableChannelE19TIMER_CHANNELS_ENUM
                0x00005bb0        0xe Periphery/CTimerC.o
                0x00005bb0                _ZN7CTimerC13EnableChannelE19TIMER_CHANNELS_ENUM
 .text._ZN7CTimerC14DisableChannelE19TIMER_CHANNELS_ENUM
                0x00005bbe        0xe Periphery/CTimerC.o
                0x00005bbe                _ZN7CTimerC14DisableChannelE19TIMER_CHANNELS_ENUM
 .text._ZN7CTimerC9SetPeriodEj
                0x00005bcc        0xa Periphery/CTimerC.o
                0x00005bcc                _ZN7CTimerC9SetPeriodEj
 .text._ZN7CTimerC8SetCOMPAEj
                0x00005bd6        0xa Periphery/CTimerC.o
                0x00005bd6                _ZN7CTimerC8SetCOMPAEj
 .text._ZN7CTimerC8SetCOMPBEj
                0x00005be0        0xa Periphery/CTimerC.o
                0x00005be0                _ZN7CTimerC8SetCOMPBEj
 .text._ZN7CTimerC8SetCOMPCEj
                0x00005bea        0xa Periphery/CTimerC.o
                0x00005bea                _ZN7CTimerC8SetCOMPCEj
 .text._ZN7CTimerC8SetCOMPDEj
                0x00005bf4        0xa Periphery/CTimerC.o
                0x00005bf4                _ZN7CTimerC8SetCOMPDEj
 .text._ZN7CTimerC14SetOVFCallbackEPFvPvES0_17TC_OVFINTLVL_enum
                0x00005bfe       0x22 Periphery/CTimerC.o
                0x00005bfe                _ZN7CTimerC14SetOVFCallbackEPFvPvES0_17TC_OVFINTLVL_enum
 .text._ZN7CTimerC14SetERRCallbackEPFvPvES0_17TC_ERRINTLVL_enum
                0x00005c20       0x22 Periphery/CTimerC.o
                0x00005c20                _ZN7CTimerC14SetERRCallbackEPFvPvES0_17TC_ERRINTLVL_enum
 .text._ZN7CTimerC16SetCOMPACallbackEPFvPvES0_17TC_CCAINTLVL_enum
                0x00005c42       0x22 Periphery/CTimerC.o
                0x00005c42                _ZN7CTimerC16SetCOMPACallbackEPFvPvES0_17TC_CCAINTLVL_enum
 .text._ZN7CTimerC16SetCOMPBCallbackEPFvPvES0_17TC_CCBINTLVL_enum
                0x00005c64       0x22 Periphery/CTimerC.o
                0x00005c64                _ZN7CTimerC16SetCOMPBCallbackEPFvPvES0_17TC_CCBINTLVL_enum
 .text._ZN7CTimerC16SetCOMPCCallbackEPFvPvES0_17TC_CCCINTLVL_enum
                0x00005c86       0x22 Periphery/CTimerC.o
                0x00005c86                _ZN7CTimerC16SetCOMPCCallbackEPFvPvES0_17TC_CCCINTLVL_enum
 .text._ZN7CTimerC16SetCOMPDCallbackEPFvPvES0_17TC_CCDINTLVL_enum
                0x00005ca8       0x22 Periphery/CTimerC.o
                0x00005ca8                _ZN7CTimerC16SetCOMPDCallbackEPFvPvES0_17TC_CCDINTLVL_enum
 .text._ZN7CTimerCC2Ev
                0x00005cca       0x18 Periphery/CTimerC.o
                0x00005cca                _ZN7CTimerCC1Ev
                0x00005cca                _ZN7CTimerCC2Ev
 .text._ZN7CTimerCD2Ev
                0x00005ce2       0x10 Periphery/CTimerC.o
                0x00005ce2                _ZN7CTimerCD1Ev
                0x00005ce2                _ZN7CTimerCD2Ev
 .text._ZN8CTimerC110InitializeE27TIMER_WAVEFORMGEN_MODE_ENUM22TIMER_CLOCKSELECT_ENUM
                0x00005cf2       0x2e Periphery/CTimerC1.o
                0x00005cf2                _ZN8CTimerC110InitializeE27TIMER_WAVEFORMGEN_MODE_ENUM22TIMER_CLOCKSELECT_ENUM
 .text._ZN8CTimerC15StartEj
                0x00005d20       0x1a Periphery/CTimerC1.o
                0x00005d20                _ZN8CTimerC15StartEj
 .text._ZN8CTimerC14StopEv
                0x00005d3a       0x10 Periphery/CTimerC1.o
                0x00005d3a                _ZN8CTimerC14StopEv
 .text._ZN8CTimerC15ResetEv
                0x00005d4a       0x14 Periphery/CTimerC1.o
                0x00005d4a                _ZN8CTimerC15ResetEv
 .text._ZN8CTimerC113EnableChannelE19TIMER_CHANNELS_ENUM
                0x00005d5e        0xe Periphery/CTimerC1.o
                0x00005d5e                _ZN8CTimerC113EnableChannelE19TIMER_CHANNELS_ENUM
 .text._ZN8CTimerC114DisableChannelE19TIMER_CHANNELS_ENUM
                0x00005d6c        0xe Periphery/CTimerC1.o
                0x00005d6c                _ZN8CTimerC114DisableChannelE19TIMER_CHANNELS_ENUM
 .text._ZN8CTimerC19SetPeriodEj
                0x00005d7a        0xa Periphery/CTimerC1.o
                0x00005d7a                _ZN8CTimerC19SetPeriodEj
 .text._ZN8CTimerC18SetCOMPAEj
                0x00005d84        0xa Periphery/CTimerC1.o
                0x00005d84                _ZN8CTimerC18SetCOMPAEj
 .text._ZN8CTimerC18SetCOMPBEj
                0x00005d8e        0xa Periphery/CTimerC1.o
                0x00005d8e                _ZN8CTimerC18SetCOMPBEj
 .text._ZN8CTimerC114SetOVFCallbackEPFvPvES0_17TC_OVFINTLVL_enum
                0x00005d98       0x24 Periphery/CTimerC1.o
                0x00005d98                _ZN8CTimerC114SetOVFCallbackEPFvPvES0_17TC_OVFINTLVL_enum
 .text._ZN8CTimerC114SetERRCallbackEPFvPvES0_17TC_ERRINTLVL_enum
                0x00005dbc       0x24 Periphery/CTimerC1.o
                0x00005dbc                _ZN8CTimerC114SetERRCallbackEPFvPvES0_17TC_ERRINTLVL_enum
 .text._ZN8CTimerC116SetCOMPACallbackEPFvPvES0_17TC_CCAINTLVL_enum
                0x00005de0       0x24 Periphery/CTimerC1.o
                0x00005de0                _ZN8CTimerC116SetCOMPACallbackEPFvPvES0_17TC_CCAINTLVL_enum
 .text._ZN8CTimerC116SetCOMPBCallbackEPFvPvES0_17TC_CCBINTLVL_enum
                0x00005e04       0x24 Periphery/CTimerC1.o
                0x00005e04                _ZN8CTimerC116SetCOMPBCallbackEPFvPvES0_17TC_CCBINTLVL_enum
 .text._ZN8CTimerC1C2Ev
                0x00005e28       0x18 Periphery/CTimerC1.o
                0x00005e28                _ZN8CTimerC1C2Ev
                0x00005e28                _ZN8CTimerC1C1Ev
 .text._ZN8CTimerC1D2Ev
                0x00005e40       0x10 Periphery/CTimerC1.o
                0x00005e40                _ZN8CTimerC1D2Ev
                0x00005e40                _ZN8CTimerC1D1Ev
 .text._ZN7CTimerD10InitializeE27TIMER_WAVEFORMGEN_MODE_ENUM22TIMER_CLOCKSELECT_ENUM
                0x00005e50       0x36 Periphery/CTimerD.o
                0x00005e50                _ZN7CTimerD10InitializeE27TIMER_WAVEFORMGEN_MODE_ENUM22TIMER_CLOCKSELECT_ENUM
 .text._ZN7CTimerD5StartEj
                0x00005e86       0x1a Periphery/CTimerD.o
                0x00005e86                _ZN7CTimerD5StartEj
 .text._ZN7CTimerD4StopEv
                0x00005ea0       0x10 Periphery/CTimerD.o
                0x00005ea0                _ZN7CTimerD4StopEv
 .text._ZN7CTimerD13EnableChannelE19TIMER_CHANNELS_ENUM
                0x00005eb0        0xe Periphery/CTimerD.o
                0x00005eb0                _ZN7CTimerD13EnableChannelE19TIMER_CHANNELS_ENUM
 .text._ZN7CTimerD14DisableChannelE19TIMER_CHANNELS_ENUM
                0x00005ebe        0xe Periphery/CTimerD.o
                0x00005ebe                _ZN7CTimerD14DisableChannelE19TIMER_CHANNELS_ENUM
 .text._ZN7CTimerD9SetPeriodEj
                0x00005ecc        0xa Periphery/CTimerD.o
                0x00005ecc                _ZN7CTimerD9SetPeriodEj
 .text._ZN7CTimerD8SetCOMPAEj
                0x00005ed6        0xa Periphery/CTimerD.o
                0x00005ed6                _ZN7CTimerD8SetCOMPAEj
 .text._ZN7CTimerD8SetCOMPBEj
                0x00005ee0        0xa Periphery/CTimerD.o
                0x00005ee0                _ZN7CTimerD8SetCOMPBEj
 .text._ZN7CTimerD8SetCOMPCEj
                0x00005eea        0xa Periphery/CTimerD.o
                0x00005eea                _ZN7CTimerD8SetCOMPCEj
 .text._ZN7CTimerD8SetCOMPDEj
                0x00005ef4        0xa Periphery/CTimerD.o
                0x00005ef4                _ZN7CTimerD8SetCOMPDEj
 .text._ZN7CTimerD14SetOVFCallbackEPFvPvES0_17TC_OVFINTLVL_enum
                0x00005efe       0x22 Periphery/CTimerD.o
                0x00005efe                _ZN7CTimerD14SetOVFCallbackEPFvPvES0_17TC_OVFINTLVL_enum
 .text._ZN7CTimerD14SetERRCallbackEPFvPvES0_17TC_ERRINTLVL_enum
                0x00005f20       0x22 Periphery/CTimerD.o
                0x00005f20                _ZN7CTimerD14SetERRCallbackEPFvPvES0_17TC_ERRINTLVL_enum
 .text._ZN7CTimerD16SetCOMPACallbackEPFvPvES0_17TC_CCAINTLVL_enum
                0x00005f42       0x22 Periphery/CTimerD.o
                0x00005f42                _ZN7CTimerD16SetCOMPACallbackEPFvPvES0_17TC_CCAINTLVL_enum
 .text._ZN7CTimerD16SetCOMPBCallbackEPFvPvES0_17TC_CCBINTLVL_enum
                0x00005f64       0x22 Periphery/CTimerD.o
                0x00005f64                _ZN7CTimerD16SetCOMPBCallbackEPFvPvES0_17TC_CCBINTLVL_enum
 .text._ZN7CTimerD16SetCOMPCCallbackEPFvPvES0_17TC_CCCINTLVL_enum
                0x00005f86       0x22 Periphery/CTimerD.o
                0x00005f86                _ZN7CTimerD16SetCOMPCCallbackEPFvPvES0_17TC_CCCINTLVL_enum
 .text._ZN7CTimerD16SetCOMPDCallbackEPFvPvES0_17TC_CCDINTLVL_enum
                0x00005fa8       0x22 Periphery/CTimerD.o
                0x00005fa8                _ZN7CTimerD16SetCOMPDCallbackEPFvPvES0_17TC_CCDINTLVL_enum
 .text._ZN7CTimerDC2Ev
                0x00005fca       0x18 Periphery/CTimerD.o
                0x00005fca                _ZN7CTimerDC1Ev
                0x00005fca                _ZN7CTimerDC2Ev
 .text._ZN7CTimerDD2Ev
                0x00005fe2       0x10 Periphery/CTimerD.o
                0x00005fe2                _ZN7CTimerDD2Ev
                0x00005fe2                _ZN7CTimerDD1Ev
 .text._ZN8CTimerD110InitializeE27TIMER_WAVEFORMGEN_MODE_ENUM22TIMER_CLOCKSELECT_ENUM
                0x00005ff2       0x2e Periphery/CTimerD1.o
                0x00005ff2                _ZN8CTimerD110InitializeE27TIMER_WAVEFORMGEN_MODE_ENUM22TIMER_CLOCKSELECT_ENUM
 .text._ZN8CTimerD15StartEj
                0x00006020       0x1a Periphery/CTimerD1.o
                0x00006020                _ZN8CTimerD15StartEj
 .text._ZN8CTimerD14StopEv
                0x0000603a       0x10 Periphery/CTimerD1.o
                0x0000603a                _ZN8CTimerD14StopEv
 .text._ZN8CTimerD15ResetEv
                0x0000604a       0x14 Periphery/CTimerD1.o
                0x0000604a                _ZN8CTimerD15ResetEv
 .text._ZN8CTimerD113EnableChannelE19TIMER_CHANNELS_ENUM
                0x0000605e        0xe Periphery/CTimerD1.o
                0x0000605e                _ZN8CTimerD113EnableChannelE19TIMER_CHANNELS_ENUM
 .text._ZN8CTimerD114DisableChannelE19TIMER_CHANNELS_ENUM
                0x0000606c        0xe Periphery/CTimerD1.o
                0x0000606c                _ZN8CTimerD114DisableChannelE19TIMER_CHANNELS_ENUM
 .text._ZN8CTimerD19SetPeriodEj
                0x0000607a        0xa Periphery/CTimerD1.o
                0x0000607a                _ZN8CTimerD19SetPeriodEj
 .text._ZN8CTimerD18SetCOMPAEj
                0x00006084        0xa Periphery/CTimerD1.o
                0x00006084                _ZN8CTimerD18SetCOMPAEj
 .text._ZN8CTimerD18SetCOMPBEj
                0x0000608e        0xa Periphery/CTimerD1.o
                0x0000608e                _ZN8CTimerD18SetCOMPBEj
 .text._ZN8CTimerD114SetOVFCallbackEPFvPvES0_17TC_OVFINTLVL_enum
                0x00006098       0x22 Periphery/CTimerD1.o
                0x00006098                _ZN8CTimerD114SetOVFCallbackEPFvPvES0_17TC_OVFINTLVL_enum
 .text._ZN8CTimerD114SetERRCallbackEPFvPvES0_17TC_ERRINTLVL_enum
                0x000060ba       0x22 Periphery/CTimerD1.o
                0x000060ba                _ZN8CTimerD114SetERRCallbackEPFvPvES0_17TC_ERRINTLVL_enum
 .text._ZN8CTimerD116SetCOMPACallbackEPFvPvES0_17TC_CCAINTLVL_enum
                0x000060dc       0x22 Periphery/CTimerD1.o
                0x000060dc                _ZN8CTimerD116SetCOMPACallbackEPFvPvES0_17TC_CCAINTLVL_enum
 .text._ZN8CTimerD116SetCOMPBCallbackEPFvPvES0_17TC_CCBINTLVL_enum
                0x000060fe       0x22 Periphery/CTimerD1.o
                0x000060fe                _ZN8CTimerD116SetCOMPBCallbackEPFvPvES0_17TC_CCBINTLVL_enum
 .text._ZN8CTimerD1C2Ev
                0x00006120       0x18 Periphery/CTimerD1.o
                0x00006120                _ZN8CTimerD1C2Ev
                0x00006120                _ZN8CTimerD1C1Ev
 .text._ZN8CTimerD1D2Ev
                0x00006138       0x10 Periphery/CTimerD1.o
                0x00006138                _ZN8CTimerD1D2Ev
                0x00006138                _ZN8CTimerD1D1Ev
 .text._ZN7CTimerF10InitializeE27TIMER_WAVEFORMGEN_MODE_ENUM22TIMER_CLOCKSELECT_ENUM
                0x00006148       0x36 Periphery/CTimerF.o
                0x00006148                _ZN7CTimerF10InitializeE27TIMER_WAVEFORMGEN_MODE_ENUM22TIMER_CLOCKSELECT_ENUM
 .text._ZN7CTimerF5StartEj
                0x0000617e       0x1a Periphery/CTimerF.o
                0x0000617e                _ZN7CTimerF5StartEj
 .text._ZN7CTimerF4StopEv
                0x00006198       0x10 Periphery/CTimerF.o
                0x00006198                _ZN7CTimerF4StopEv
 .text._ZN7CTimerF13EnableChannelE19TIMER_CHANNELS_ENUM
                0x000061a8        0xc Periphery/CTimerF.o
                0x000061a8                _ZN7CTimerF13EnableChannelE19TIMER_CHANNELS_ENUM
 .text._ZN7CTimerF14DisableChannelE19TIMER_CHANNELS_ENUM
                0x000061b4        0xe Periphery/CTimerF.o
                0x000061b4                _ZN7CTimerF14DisableChannelE19TIMER_CHANNELS_ENUM
 .text._ZN7CTimerF10ChannelSetE19TIMER_CHANNELS_ENUM
                0x000061c2       0x10 Periphery/CTimerF.o
                0x000061c2                _ZN7CTimerF10ChannelSetE19TIMER_CHANNELS_ENUM
 .text._ZN7CTimerF12ChannelResetE19TIMER_CHANNELS_ENUM
                0x000061d2       0x12 Periphery/CTimerF.o
                0x000061d2                _ZN7CTimerF12ChannelResetE19TIMER_CHANNELS_ENUM
 .text._ZN7CTimerF9SetPeriodEj
                0x000061e4        0xa Periphery/CTimerF.o
                0x000061e4                _ZN7CTimerF9SetPeriodEj
 .text._ZN7CTimerF8SetCOMPAEj
                0x000061ee        0xa Periphery/CTimerF.o
                0x000061ee                _ZN7CTimerF8SetCOMPAEj
 .text._ZN7CTimerF8SetCOMPBEj
                0x000061f8        0xa Periphery/CTimerF.o
                0x000061f8                _ZN7CTimerF8SetCOMPBEj
 .text._ZN7CTimerF8SetCOMPCEj
                0x00006202        0xa Periphery/CTimerF.o
                0x00006202                _ZN7CTimerF8SetCOMPCEj
 .text._ZN7CTimerF8SetCOMPDEj
                0x0000620c        0xa Periphery/CTimerF.o
                0x0000620c                _ZN7CTimerF8SetCOMPDEj
 .text._ZN7CTimerF14SetOVFCallbackEPFvPvES0_17TC_OVFINTLVL_enum
                0x00006216       0x22 Periphery/CTimerF.o
                0x00006216                _ZN7CTimerF14SetOVFCallbackEPFvPvES0_17TC_OVFINTLVL_enum
 .text._ZN7CTimerF14SetERRCallbackEPFvPvES0_17TC_ERRINTLVL_enum
                0x00006238       0x22 Periphery/CTimerF.o
                0x00006238                _ZN7CTimerF14SetERRCallbackEPFvPvES0_17TC_ERRINTLVL_enum
 .text._ZN7CTimerF16SetCOMPACallbackEPFvPvES0_17TC_CCAINTLVL_enum
                0x0000625a       0x22 Periphery/CTimerF.o
                0x0000625a                _ZN7CTimerF16SetCOMPACallbackEPFvPvES0_17TC_CCAINTLVL_enum
 .text._ZN7CTimerF16SetCOMPBCallbackEPFvPvES0_17TC_CCBINTLVL_enum
                0x0000627c       0x22 Periphery/CTimerF.o
                0x0000627c                _ZN7CTimerF16SetCOMPBCallbackEPFvPvES0_17TC_CCBINTLVL_enum
 .text._ZN7CTimerF16SetCOMPCCallbackEPFvPvES0_17TC_CCCINTLVL_enum
                0x0000629e       0x22 Periphery/CTimerF.o
                0x0000629e                _ZN7CTimerF16SetCOMPCCallbackEPFvPvES0_17TC_CCCINTLVL_enum
 .text._ZN7CTimerF16SetCOMPDCallbackEPFvPvES0_17TC_CCDINTLVL_enum
                0x000062c0       0x22 Periphery/CTimerF.o
                0x000062c0                _ZN7CTimerF16SetCOMPDCallbackEPFvPvES0_17TC_CCDINTLVL_enum
 .text._ZN7CTimerFC2Ev
                0x000062e2       0x18 Periphery/CTimerF.o
                0x000062e2                _ZN7CTimerFC2Ev
                0x000062e2                _ZN7CTimerFC1Ev
 .text._ZN7CTimerFD2Ev
                0x000062fa       0x10 Periphery/CTimerF.o
                0x000062fa                _ZN7CTimerFD2Ev
                0x000062fa                _ZN7CTimerFD1Ev
 .text.avr-libc.fplib
                0x0000630a        0xe c:/program files (x86)/atmel/studio/7.0/toolchain/avr8/avr8-gnu-toolchain/bin/../lib/gcc/avr/4.9.2/../../../../avr/lib/avrxmega6\libm.a(fixsfsi.o)
                0x0000630a                __fixsfsi
 .text.avr-libc.fplib
                0x00006318       0x5e c:/program files (x86)/atmel/studio/7.0/toolchain/avr8/avr8-gnu-toolchain/bin/../lib/gcc/avr/4.9.2/../../../../avr/lib/avrxmega6\libm.a(fixunssfsi.o)
                0x00006318                __fixunssfsi
 .text.avr-libc.fplib
                0x00006376       0x7a c:/program files (x86)/atmel/studio/7.0/toolchain/avr8/avr8-gnu-toolchain/bin/../lib/gcc/avr/4.9.2/../../../../avr/lib/avrxmega6\libm.a(floatsisf.o)
                0x00006376                __floatunsisf
                0x0000637a                __floatsisf
 .text.avr-libc.fplib
                0x000063f0       0x44 c:/program files (x86)/atmel/studio/7.0/toolchain/avr8/avr8-gnu-toolchain/bin/../lib/gcc/avr/4.9.2/../../../../avr/lib/avrxmega6\libm.a(fp_split3.o)
                0x000063f0                __fp_split3
                0x00006400                __fp_splitA
 .text.avr-libc.fplib
                0x00006434        0xe c:/program files (x86)/atmel/studio/7.0/toolchain/avr8/avr8-gnu-toolchain/bin/../lib/gcc/avr/4.9.2/../../../../avr/lib/avrxmega6\libm.a(fp_zero.o)
                0x00006434                __fp_zero
                0x00006436                __fp_szero
 .text.avr-libc.fplib
                0x00006442        0x8 c:/program files (x86)/atmel/studio/7.0/toolchain/avr8/avr8-gnu-toolchain/bin/../lib/gcc/avr/4.9.2/../../../../avr/lib/avrxmega6\libm.a(mulsf3.o)
                0x00006442                __mulsf3
 .text.avr-libc.fplib
                0x0000644a       0xd2 c:/program files (x86)/atmel/studio/7.0/toolchain/avr8/avr8-gnu-toolchain/bin/../lib/gcc/avr/4.9.2/../../../../avr/lib/avrxmega6\libm.a(mulsf3x.o)
                0x00006468                __mulsf3x
                0x0000646e                __mulsf3_pse
 .text.avr-libc.fplib
                0x0000651c        0xc c:/program files (x86)/atmel/studio/7.0/toolchain/avr8/avr8-gnu-toolchain/bin/../lib/gcc/avr/4.9.2/../../../../avr/lib/avrxmega6\libm.a(fp_inf.o)
                0x0000651c                __fp_inf
 .text.avr-libc.fplib
                0x00006528        0x6 c:/program files (x86)/atmel/studio/7.0/toolchain/avr8/avr8-gnu-toolchain/bin/../lib/gcc/avr/4.9.2/../../../../avr/lib/avrxmega6\libm.a(fp_nan.o)
                0x00006528                __fp_nan
 .text.avr-libc.fplib
                0x0000652e        0xe c:/program files (x86)/atmel/studio/7.0/toolchain/avr8/avr8-gnu-toolchain/bin/../lib/gcc/avr/4.9.2/../../../../avr/lib/avrxmega6\libm.a(fp_pscA.o)
                0x0000652e                __fp_pscA
 .text.avr-libc.fplib
                0x0000653c        0xe c:/program files (x86)/atmel/studio/7.0/toolchain/avr8/avr8-gnu-toolchain/bin/../lib/gcc/avr/4.9.2/../../../../avr/lib/avrxmega6\libm.a(fp_pscB.o)
                0x0000653c                __fp_pscB
 .text.avr-libc.fplib
                0x0000654a       0x22 c:/program files (x86)/atmel/studio/7.0/toolchain/avr8/avr8-gnu-toolchain/bin/../lib/gcc/avr/4.9.2/../../../../avr/lib/avrxmega6\libm.a(fp_round.o)
                0x0000654a                __fp_round
 .text.libgcc.mul
                0x0000656c       0x20 c:/program files (x86)/atmel/studio/7.0/toolchain/avr8/avr8-gnu-toolchain/bin/../lib/gcc/avr/4.9.2/avrxmega6\libgcc.a(_mulsi3.o)
                0x0000656c                __mulsi3
 .text.libgcc.div
                0x0000658c       0x28 c:/program files (x86)/atmel/studio/7.0/toolchain/avr8/avr8-gnu-toolchain/bin/../lib/gcc/avr/4.9.2/avrxmega6\libgcc.a(_udivmodhi4.o)
                0x0000658c                __udivmodhi4
 .text.libgcc.div
                0x000065b4       0x28 c:/program files (x86)/atmel/studio/7.0/toolchain/avr8/avr8-gnu-toolchain/bin/../lib/gcc/avr/4.9.2/avrxmega6\libgcc.a(_divmodhi4.o)
                0x000065b4                _div
                0x000065b4                __divmodhi4
 .text.libgcc.div
                0x000065dc       0x44 c:/program files (x86)/atmel/studio/7.0/toolchain/avr8/avr8-gnu-toolchain/bin/../lib/gcc/avr/4.9.2/avrxmega6\libgcc.a(_udivmodsi4.o)
                0x000065dc                __udivmodsi4
 .text.libgcc.div
                0x00006620       0x2e c:/program files (x86)/atmel/studio/7.0/toolchain/avr8/avr8-gnu-toolchain/bin/../lib/gcc/avr/4.9.2/avrxmega6\libgcc.a(_divmodsi4.o)
                0x00006620                __divmodsi4
 .text.libgcc.div
                0x0000664e       0x10 c:/program files (x86)/atmel/studio/7.0/toolchain/avr8/avr8-gnu-toolchain/bin/../lib/gcc/avr/4.9.2/avrxmega6\libgcc.a(_negsi2.o)
                0x0000664e                __negsi2
 .text.libgcc   0x0000665e       0x10 c:/program files (x86)/atmel/studio/7.0/toolchain/avr8/avr8-gnu-toolchain/bin/../lib/gcc/avr/4.9.2/avrxmega6\libgcc.a(_tablejump2.o)
                0x0000665e                __tablejump2__
 .text.libgcc.mul
                0x0000666e       0x1e c:/program files (x86)/atmel/studio/7.0/toolchain/avr8/avr8-gnu-toolchain/bin/../lib/gcc/avr/4.9.2/avrxmega6\libgcc.a(_umulhisi3.o)
                0x0000666e                __umulhisi3
 .text.libgcc.mul
                0x0000668c       0x16 c:/program files (x86)/atmel/studio/7.0/toolchain/avr8/avr8-gnu-toolchain/bin/../lib/gcc/avr/4.9.2/avrxmega6\libgcc.a(_muluhisi3.o)
                0x0000668c                __muluhisi3
 .text.avr-libc
                0x000066a2      0x25a c:/program files (x86)/atmel/studio/7.0/toolchain/avr8/avr8-gnu-toolchain/bin/../lib/gcc/avr/4.9.2/../../../../avr/lib/avrxmega6\libc.a(malloc.o)
                0x000066a2                malloc
                0x000067cc                free
 .text.avr-libc
                0x000068fc       0x12 c:/program files (x86)/atmel/studio/7.0/toolchain/avr8/avr8-gnu-toolchain/bin/../lib/gcc/avr/4.9.2/../../../../avr/lib/avrxmega6\libc.a(memcpy.o)
                0x000068fc                memcpy
 .text.avr-libc
                0x0000690e        0xe c:/program files (x86)/atmel/studio/7.0/toolchain/avr8/avr8-gnu-toolchain/bin/../lib/gcc/avr/4.9.2/../../../../avr/lib/avrxmega6\libatxmega128a3u.a(eerd_dword.o)
                0x0000690e                eeprom_read_float
                0x0000690e                eeprom_read_dword
 .text.avr-libc
                0x0000691c       0x10 c:/program files (x86)/atmel/studio/7.0/toolchain/avr8/avr8-gnu-toolchain/bin/../lib/gcc/avr/4.9.2/../../../../avr/lib/avrxmega6\libatxmega128a3u.a(eewr_dword.o)
                0x0000691c                eeprom_write_dword
                0x0000691c                eeprom_write_float
 .text.avr-libc
                0x0000692c        0xa c:/program files (x86)/atmel/studio/7.0/toolchain/avr8/avr8-gnu-toolchain/bin/../lib/gcc/avr/4.9.2/../../../../avr/lib/avrxmega6\libatxmega128a3u.a(eewr_word.o)
                0x0000692c                eeprom_write_word
 .text.avr-libc
                0x00006936       0x20 c:/program files (x86)/atmel/studio/7.0/toolchain/avr8/avr8-gnu-toolchain/bin/../lib/gcc/avr/4.9.2/../../../../avr/lib/avrxmega6\libatxmega128a3u.a(eerd_byte.o)
                0x00006936                eeprom_read_byte
                0x0000693e                eeprom_mapen
 .text.avr-libc
                0x00006956       0x46 c:/program files (x86)/atmel/studio/7.0/toolchain/avr8/avr8-gnu-toolchain/bin/../lib/gcc/avr/4.9.2/../../../../avr/lib/avrxmega6\libatxmega128a3u.a(eewr_byte.o)
                0x00006956                eeprom_write_byte
                0x00006958                eeprom_write_r18
                0x0000699c                . = ALIGN (0x2)
 *(.fini9)
 .fini9         0x0000699c        0x0 c:/program files (x86)/atmel/studio/7.0/toolchain/avr8/avr8-gnu-toolchain/bin/../lib/gcc/avr/4.9.2/avrxmega6\libgcc.a(_exit.o)
                0x0000699c                _exit
                0x0000699c                exit
 *(.fini9)
 *(.fini8)
 *(.fini8)
 *(.fini7)
 *(.fini7)
 *(.fini6)
 .fini6         0x0000699c       0x20 c:/program files (x86)/atmel/studio/7.0/toolchain/avr8/avr8-gnu-toolchain/bin/../lib/gcc/avr/4.9.2/avrxmega6\libgcc.a(_dtors.o)
                0x0000699c                __do_global_dtors
 *(.fini6)
 *(.fini5)
 *(.fini5)
 *(.fini4)
 *(.fini4)
 *(.fini3)
 *(.fini3)
 *(.fini2)
 *(.fini2)
 *(.fini1)
 *(.fini1)
 *(.fini0)
 .fini0         0x000069bc        0x4 c:/program files (x86)/atmel/studio/7.0/toolchain/avr8/avr8-gnu-toolchain/bin/../lib/gcc/avr/4.9.2/avrxmega6\libgcc.a(_exit.o)
 *(.fini0)
                0x000069c0                _etext = .

.data           0x00802000      0x2e0 load address 0x000069c0
                0x00802000                PROVIDE (__data_start, .)
 *(.data)
 .data          0x00802000        0x6 c:/program files (x86)/atmel/studio/7.0/toolchain/avr8/avr8-gnu-toolchain/bin/../lib/gcc/avr/4.9.2/../../../../avr/lib/avrxmega6\libc.a(malloc.o)
                0x00802000                __malloc_heap_end
                0x00802002                __malloc_heap_start
                0x00802004                __malloc_margin
 *(.data*)
 .data._ZZN16CLaserControlApp13OnPWMTimerOVFEvE5delay
                0x00802006        0x2 CLaserControlApp.o
 .data.tableBLU
                0x00802008       0x10 CLaserControlApp.o
                0x00802008                tableBLU
 .data.tableGRN
                0x00802018       0x10 CLaserControlApp.o
                0x00802018                tableGRN
 .data.tableRED
                0x00802028       0x10 CLaserControlApp.o
                0x00802028                tableRED
 .data.PowerTable
                0x00802038       0xdc CLaserControlApp.o
                0x00802038                PowerTable
 .data.TableNum
                0x00802114       0x16 CLaserControlApp.o
                0x00802114                TableNum
 .data.MaxDurationTable
                0x0080212a       0x16 CLaserControlApp.o
                0x0080212a                MaxDurationTable
 .data.MinDurationTable
                0x00802140       0x16 CLaserControlApp.o
                0x00802140                MinDurationTable
 .data.bscale_table
                0x00802156       0x20 Periphery/CDGUSUSART.o
                0x00802156                bscale_table
 .data.bsel_table
                0x00802176       0x20 Periphery/CDGUSUSART.o
                0x00802176                bsel_table
 *(.rodata)
 *(.rodata*)
 .rodata._ZTV16CLaserControlApp
                0x00802196       0x16 CLaserControlApp.o
                0x00802196                _ZTV16CLaserControlApp
 .rodata._ZTV6CTimer
                0x008021ac       0x24 LaserLib/CTimer.o
                0x008021ac                _ZTV6CTimer
 .rodata._ZTV7CTimer1
                0x008021d0       0x1e LaserLib/CTimer1.o
                0x008021d0                _ZTV7CTimer1
 .rodata._ZTV6CUSART
                0x008021ee       0x18 LaserLib/CUSART.o
                0x008021ee                _ZTV6CUSART
 .rodata._ZTV9CMBSender
                0x00802206       0x16 MODBUS/CMBSender.o
                0x00802206                _ZTV9CMBSender
 .rodata._ZTV10CDGUSUSART
                0x0080221c       0x18 Periphery/CDGUSUSART.o
                0x0080221c                _ZTV10CDGUSUSART
 .rodata._ZTV7CTimerC
                0x00802234       0x24 Periphery/CTimerC.o
                0x00802234                _ZTV7CTimerC
 .rodata._ZTV8CTimerC1
                0x00802258       0x1e Periphery/CTimerC1.o
                0x00802258                _ZTV8CTimerC1
 .rodata._ZTV7CTimerD
                0x00802276       0x24 Periphery/CTimerD.o
                0x00802276                _ZTV7CTimerD
 .rodata._ZTV8CTimerD1
                0x0080229a       0x1e Periphery/CTimerD1.o
                0x0080229a                _ZTV8CTimerD1
 .rodata._ZTV7CTimerF
                0x008022b8       0x28 Periphery/CTimerF.o
                0x008022b8                _ZTV7CTimerF
 *(.gnu.linkonce.d*)
                0x008022e0                . = ALIGN (0x2)
                0x008022e0                _edata = .
                0x008022e0                PROVIDE (__data_end, .)

.bss            0x008022e0      0x2c1
                0x008022e0                PROVIDE (__bss_start, .)
 *(.bss)
 *(.bss*)
 .bss._ZZN16CLaserControlApp6OnINT0EvE9isstarted
                0x008022e0        0x1 CLaserControlApp.o
 .bss._ZZN16CLaserControlApp13OnPWMTimerOVFEvE3blu
                0x008022e1        0x2 CLaserControlApp.o
 .bss._ZZN16CLaserControlApp13OnPWMTimerOVFEvE3red
                0x008022e3        0x2 CLaserControlApp.o
 .bss._ZZN16CLaserControlApp13OnPWMTimerOVFEvE3grn
                0x008022e5        0x2 CLaserControlApp.o
 .bss._ZZN16CLaserControlApp13OnPWMTimerOVFEvE3pos
                0x008022e7        0x2 CLaserControlApp.o
 .bss.DatabaseStatusRegister
                0x008022e9        0x1 CLaserControlApp.o
                0x008022e9                DatabaseStatusRegister
 .bss.InterruptFuncTable
                0x008022ea       0xf6 LaserLib/intx128.o
                0x008022ea                InterruptFuncTable
 .bss.InterruptSenderTable
                0x008023e0       0xf6 LaserLib/intx128.o
                0x008023e0                InterruptSenderTable
 .bss._ZZ4mainE3prs
                0x008024d6        0x2 main.o
 .bss.temperature
                0x008024d8        0x2 main.o
                0x008024d8                temperature
 .bss.D18B20    0x008024da        0x4 main.o
                0x008024da                D18B20
 .bss.App       0x008024de       0x78 main.o
                0x008024de                App
 .bss.player    0x00802556        0x1 main.o
                0x00802556                player
 .bss.laserBoard
                0x00802557        0xa main.o
                0x00802557                laserBoard
 .bss.sender    0x00802561       0x1d main.o
                0x00802561                sender
 .bss.Database  0x0080257e        0x8 main.o
                0x0080257e                Database
 .bss.usart     0x00802586        0x2 main.o
                0x00802586                usart
 .bss.pwmtimer  0x00802588        0x3 main.o
                0x00802588                pwmtimer
 .bss.flowtimer
                0x0080258b        0x3 main.o
                0x0080258b                flowtimer
 .bss.laserTimer
                0x0080258e        0x3 main.o
                0x0080258e                laserTimer
 .bss.timeout   0x00802591        0x3 main.o
                0x00802591                timeout
 .bss.timer     0x00802594        0x3 main.o
                0x00802594                timer
 .bss.dacSPI    0x00802597        0x6 main.o
                0x00802597                dacSPI
 *(COMMON)
 COMMON         0x0080259d        0x4 c:/program files (x86)/atmel/studio/7.0/toolchain/avr8/avr8-gnu-toolchain/bin/../lib/gcc/avr/4.9.2/../../../../avr/lib/avrxmega6\libc.a(malloc.o)
                0x0080259d                __brkval
                0x0080259f                __flp
                0x008025a1                PROVIDE (__bss_end, .)
                0x000069c0                __data_load_start = LOADADDR (.data)
                0x00006ca0                __data_load_end = (__data_load_start + SIZEOF (.data))

.noinit         0x008025a1        0x0
                [!provide]                PROVIDE (__noinit_start, .)
 *(.noinit*)
                [!provide]                PROVIDE (__noinit_end, .)
                0x008025a1                _end = .
                0x008025a1                PROVIDE (__heap_start, .)

.eeprom         0x00810000        0x0
 *(.eeprom*)
                0x00810000                __eeprom_end = .

.fuse
 *(.fuse)
 *(.lfuse)
 *(.hfuse)
 *(.efuse)

.lock
 *(.lock*)

.signature
 *(.signature*)

.user_signatures
 *(.user_signatures*)

.stab
 *(.stab)

.stabstr
 *(.stabstr)

.stab.excl
 *(.stab.excl)

.stab.exclstr
 *(.stab.exclstr)

.stab.index
 *(.stab.index)

.stab.indexstr
 *(.stab.indexstr)

.comment        0x00000000       0x30
 *(.comment)
 .comment       0x00000000       0x30 CDGUSDatabase.o
                                 0x31 (size before relaxing)
 .comment       0x00000030       0x31 CLaserControlApp.o
 .comment       0x00000030       0x31 DGUSGUI.o
 .comment       0x00000030       0x31 LaserLib/CSPI.o
 .comment       0x00000030       0x31 LaserLib/CTimer.o
 .comment       0x00000030       0x31 LaserLib/CTimer1.o
 .comment       0x00000030       0x31 LaserLib/CUSART.o
 .comment       0x00000030       0x31 LaserLib/intx128.o
 .comment       0x00000030       0x31 main.o
 .comment       0x00000030       0x31 MODBUS/CMBProtocol.o
 .comment       0x00000030       0x31 MODBUS/CMBSender.o
 .comment       0x00000030       0x31 Periphery/CDGUSUSART.o
 .comment       0x00000030       0x31 Periphery/CDS18B20.o
 .comment       0x00000030       0x31 Periphery/CLaserBoard.o
 .comment       0x00000030       0x31 Periphery/CSoundPlayer.o
 .comment       0x00000030       0x31 Periphery/CTimerC.o
 .comment       0x00000030       0x31 Periphery/CTimerC1.o
 .comment       0x00000030       0x31 Periphery/CTimerD.o
 .comment       0x00000030       0x31 Periphery/CTimerD1.o
 .comment       0x00000030       0x31 Periphery/CTimerF.o
 .comment       0x00000030       0x31 c:/program files (x86)/atmel/studio/7.0/toolchain/avr8/avr8-gnu-toolchain/bin/../lib/gcc/avr/4.9.2/../../../../avr/lib/avrxmega6\libc.a(malloc.o)

.note.gnu.avr.deviceinfo
                0x00000000       0x40
 .note.gnu.avr.deviceinfo
                0x00000000       0x40 c:/program files (x86)/atmel/studio/7.0/toolchain/avr8/avr8-gnu-toolchain/bin/../lib/gcc/avr/4.9.2/../../../../avr/lib/avrxmega6/crtatxmega128a3u.o

.note.gnu.build-id
 *(.note.gnu.build-id)

.debug
 *(.debug)

.line
 *(.line)

.debug_srcinfo
 *(.debug_srcinfo)

.debug_sfnames
 *(.debug_sfnames)

.debug_aranges  0x00000000      0xca0
 *(.debug_aranges)
 .debug_aranges
                0x00000000       0x70 CDGUSDatabase.o
 .debug_aranges
                0x00000070      0x138 CLaserControlApp.o
 .debug_aranges
                0x000001a8       0x40 DGUSGUI.o
 .debug_aranges
                0x000001e8       0x58 LaserLib/CSPI.o
 .debug_aranges
                0x00000240       0x28 LaserLib/CTimer.o
 .debug_aranges
                0x00000268       0x28 LaserLib/CTimer1.o
 .debug_aranges
                0x00000290       0x28 LaserLib/CUSART.o
 .debug_aranges
                0x000002b8      0x348 LaserLib/intx128.o
 .debug_aranges
                0x00000600       0x40 main.o
 .debug_aranges
                0x00000640       0x50 MODBUS/CMBProtocol.o
 .debug_aranges
                0x00000690       0xf8 MODBUS/CMBSender.o
 .debug_aranges
                0x00000788       0x78 Periphery/CDGUSUSART.o
 .debug_aranges
                0x00000800       0x50 Periphery/CDS18B20.o
 .debug_aranges
                0x00000850       0xc8 Periphery/CLaserBoard.o
 .debug_aranges
                0x00000918       0x60 Periphery/CSoundPlayer.o
 .debug_aranges
                0x00000978       0xa8 Periphery/CTimerC.o
 .debug_aranges
                0x00000a20       0x90 Periphery/CTimerC1.o
 .debug_aranges
                0x00000ab0       0xa8 Periphery/CTimerD.o
 .debug_aranges
                0x00000b58       0x90 Periphery/CTimerD1.o
 .debug_aranges
                0x00000be8       0xb8 Periphery/CTimerF.o

.debug_pubnames
 *(.debug_pubnames)

.debug_info     0x00000000    0x18194
 *(.debug_info .gnu.linkonce.wi.*)
 .debug_info    0x00000000     0x3409 c:/program files (x86)/atmel/studio/7.0/toolchain/avr8/avr8-gnu-toolchain/bin/../lib/gcc/avr/4.9.2/../../../../avr/lib/avrxmega6/crtatxmega128a3u.o
 .debug_info    0x00003409      0x9f5 CDGUSDatabase.o
 .debug_info    0x00003dfe     0x4154 CLaserControlApp.o
 .debug_info    0x00007f52      0x20f DGUSGUI.o
 .debug_info    0x00008161      0x7ee LaserLib/CSPI.o
 .debug_info    0x0000894f      0x6a3 LaserLib/CTimer.o
 .debug_info    0x00008ff2      0x5a8 LaserLib/CTimer1.o
 .debug_info    0x0000959a      0x606 LaserLib/CUSART.o
 .debug_info    0x00009ba0      0x91e LaserLib/intx128.o
 .debug_info    0x0000a4be     0x2163 main.o
 .debug_info    0x0000c621      0x595 MODBUS/CMBProtocol.o
 .debug_info    0x0000cbb6     0x12e6 MODBUS/CMBSender.o
 .debug_info    0x0000de9c     0x1095 Periphery/CDGUSUSART.o
 .debug_info    0x0000ef31      0x8df Periphery/CDS18B20.o
 .debug_info    0x0000f810      0xf07 Periphery/CLaserBoard.o
 .debug_info    0x00010717     0x139d Periphery/CSoundPlayer.o
 .debug_info    0x00011ab4     0x15ac Periphery/CTimerC.o
 .debug_info    0x00013060     0x128d Periphery/CTimerC1.o
 .debug_info    0x000142ed     0x15ac Periphery/CTimerD.o
 .debug_info    0x00015899     0x128d Periphery/CTimerD1.o
 .debug_info    0x00016b26     0x166e Periphery/CTimerF.o

.debug_abbrev   0x00000000     0x650f
 *(.debug_abbrev)
 .debug_abbrev  0x00000000     0x3148 c:/program files (x86)/atmel/studio/7.0/toolchain/avr8/avr8-gnu-toolchain/bin/../lib/gcc/avr/4.9.2/../../../../avr/lib/avrxmega6/crtatxmega128a3u.o
 .debug_abbrev  0x00003148      0x2ce CDGUSDatabase.o
 .debug_abbrev  0x00003416      0x598 CLaserControlApp.o
 .debug_abbrev  0x000039ae      0x10d DGUSGUI.o
 .debug_abbrev  0x00003abb      0x2a7 LaserLib/CSPI.o
 .debug_abbrev  0x00003d62      0x182 LaserLib/CTimer.o
 .debug_abbrev  0x00003ee4      0x182 LaserLib/CTimer1.o
 .debug_abbrev  0x00004066      0x1ed LaserLib/CUSART.o
 .debug_abbrev  0x00004253       0x83 LaserLib/intx128.o
 .debug_abbrev  0x000042d6      0x3e0 main.o
 .debug_abbrev  0x000046b6      0x212 MODBUS/CMBProtocol.o
 .debug_abbrev  0x000048c8      0x39b MODBUS/CMBSender.o
 .debug_abbrev  0x00004c63      0x2d9 Periphery/CDGUSUSART.o
 .debug_abbrev  0x00004f3c      0x2f6 Periphery/CDS18B20.o
 .debug_abbrev  0x00005232      0x2e8 Periphery/CLaserBoard.o
 .debug_abbrev  0x0000551a      0x2b9 Periphery/CSoundPlayer.o
 .debug_abbrev  0x000057d3      0x29c Periphery/CTimerC.o
 .debug_abbrev  0x00005a6f      0x2b4 Periphery/CTimerC1.o
 .debug_abbrev  0x00005d23      0x29c Periphery/CTimerD.o
 .debug_abbrev  0x00005fbf      0x2b4 Periphery/CTimerD1.o
 .debug_abbrev  0x00006273      0x29c Periphery/CTimerF.o

.debug_line     0x00000000     0x5e83
 *(.debug_line .debug_line.* .debug_line_end)
 .debug_line    0x00000000       0x1a c:/program files (x86)/atmel/studio/7.0/toolchain/avr8/avr8-gnu-toolchain/bin/../lib/gcc/avr/4.9.2/../../../../avr/lib/avrxmega6/crtatxmega128a3u.o
 .debug_line    0x0000001a      0x34e CDGUSDatabase.o
 .debug_line    0x00000368     0x11d3 CLaserControlApp.o
 .debug_line    0x0000153b      0x11e DGUSGUI.o
 .debug_line    0x00001659      0x2f4 LaserLib/CSPI.o
 .debug_line    0x0000194d      0x153 LaserLib/CTimer.o
 .debug_line    0x00001aa0      0x155 LaserLib/CTimer1.o
 .debug_line    0x00001bf5      0x145 LaserLib/CUSART.o
 .debug_line    0x00001d3a     0x100e LaserLib/intx128.o
 .debug_line    0x00002d48      0x50b main.o
 .debug_line    0x00003253      0x2c7 MODBUS/CMBProtocol.o
 .debug_line    0x0000351a      0x79f MODBUS/CMBSender.o
 .debug_line    0x00003cb9      0x343 Periphery/CDGUSUSART.o
 .debug_line    0x00003ffc      0x38d Periphery/CDS18B20.o
 .debug_line    0x00004389      0x5a5 Periphery/CLaserBoard.o
 .debug_line    0x0000492e      0x340 Periphery/CSoundPlayer.o
 .debug_line    0x00004c6e      0x3bb Periphery/CTimerC.o
 .debug_line    0x00005029      0x35b Periphery/CTimerC1.o
 .debug_line    0x00005384      0x3bb Periphery/CTimerD.o
 .debug_line    0x0000573f      0x35b Periphery/CTimerD1.o
 .debug_line    0x00005a9a      0x3e9 Periphery/CTimerF.o

.debug_frame    0x00000000     0x395c
 *(.debug_frame)
 .debug_frame   0x00000000      0x218 CDGUSDatabase.o
 .debug_frame   0x00000218      0x428 CLaserControlApp.o
 .debug_frame   0x00000640       0x8c DGUSGUI.o
 .debug_frame   0x000006cc       0xbc LaserLib/CSPI.o
 .debug_frame   0x00000788       0x34 LaserLib/CTimer.o
 .debug_frame   0x000007bc       0x34 LaserLib/CTimer1.o
 .debug_frame   0x000007f0       0x34 LaserLib/CUSART.o
 .debug_frame   0x00000824     0x2324 LaserLib/intx128.o
 .debug_frame   0x00002b48       0x94 main.o
 .debug_frame   0x00002bdc       0xc4 MODBUS/CMBProtocol.o
 .debug_frame   0x00002ca0      0x2dc MODBUS/CMBSender.o
 .debug_frame   0x00002f7c       0xe8 Periphery/CDGUSUSART.o
 .debug_frame   0x00003064       0xa0 Periphery/CDS18B20.o
 .debug_frame   0x00003104      0x180 Periphery/CLaserBoard.o
 .debug_frame   0x00003284       0xd8 Periphery/CSoundPlayer.o
 .debug_frame   0x0000335c      0x140 Periphery/CTimerC.o
 .debug_frame   0x0000349c      0x110 Periphery/CTimerC1.o
 .debug_frame   0x000035ac      0x140 Periphery/CTimerD.o
 .debug_frame   0x000036ec      0x110 Periphery/CTimerD1.o
 .debug_frame   0x000037fc      0x160 Periphery/CTimerF.o

.debug_str      0x00000000     0x92fc
 *(.debug_str)
 .debug_str     0x00000000     0x223b c:/program files (x86)/atmel/studio/7.0/toolchain/avr8/avr8-gnu-toolchain/bin/../lib/gcc/avr/4.9.2/../../../../avr/lib/avrxmega6/crtatxmega128a3u.o
 .debug_str     0x0000223b      0x5d8 CDGUSDatabase.o
                                0x667 (size before relaxing)
 .debug_str     0x00002813     0x1d1b CLaserControlApp.o
                               0x2488 (size before relaxing)
 .debug_str     0x0000452e       0x7e DGUSGUI.o
                                0x24b (size before relaxing)
 .debug_str     0x000045ac      0x1b5 LaserLib/CSPI.o
                                0x709 (size before relaxing)
 .debug_str     0x00004761      0x4b9 LaserLib/CTimer.o
                                0xa34 (size before relaxing)
 .debug_str     0x00004c1a      0x269 LaserLib/CTimer1.o
                                0x8b8 (size before relaxing)
 .debug_str     0x00004e83      0x56b LaserLib/CUSART.o
                                0x7b0 (size before relaxing)
 .debug_str     0x000053ee      0x4e2 LaserLib/intx128.o
                                0x6bb (size before relaxing)
 .debug_str     0x000058d0     0x120a main.o
                               0x260f (size before relaxing)
 .debug_str     0x00006ada      0x289 MODBUS/CMBProtocol.o
                                0x4eb (size before relaxing)
 .debug_str     0x00006d63      0x608 MODBUS/CMBSender.o
                                0xb3e (size before relaxing)
 .debug_str     0x0000736b      0xcd4 Periphery/CDGUSUSART.o
                               0x1669 (size before relaxing)
 .debug_str     0x0000803f       0x51 Periphery/CDS18B20.o
                                0x4de (size before relaxing)
 .debug_str     0x00008090      0x5b5 Periphery/CLaserBoard.o
                                0xccf (size before relaxing)
 .debug_str     0x00008645      0x3a2 Periphery/CSoundPlayer.o
                                0xc20 (size before relaxing)
 .debug_str     0x000089e7      0x263 Periphery/CTimerC.o
                               0x1295 (size before relaxing)
 .debug_str     0x00008c4a      0x1db Periphery/CTimerC1.o
                               0x1144 (size before relaxing)
 .debug_str     0x00008e25      0x109 Periphery/CTimerD.o
                               0x1295 (size before relaxing)
 .debug_str     0x00008f2e      0x205 Periphery/CTimerD1.o
                               0x1144 (size before relaxing)
 .debug_str     0x00009133      0x1c9 Periphery/CTimerF.o
                               0x130b (size before relaxing)

.debug_loc      0x00000000     0xa5ca
 *(.debug_loc)
 .debug_loc     0x00000000      0x8cf CDGUSDatabase.o
 .debug_loc     0x000008cf     0x1523 CLaserControlApp.o
 .debug_loc     0x00001df2      0x2ad DGUSGUI.o
 .debug_loc     0x0000209f      0x276 LaserLib/CSPI.o
 .debug_loc     0x00002315     0x50e2 LaserLib/intx128.o
 .debug_loc     0x000073f7       0xab main.o
 .debug_loc     0x000074a2      0x356 MODBUS/CMBProtocol.o
 .debug_loc     0x000077f8      0xf2e MODBUS/CMBSender.o
 .debug_loc     0x00008726      0x210 Periphery/CDGUSUSART.o
 .debug_loc     0x00008936      0x362 Periphery/CDS18B20.o
 .debug_loc     0x00008c98      0x532 Periphery/CLaserBoard.o
 .debug_loc     0x000091ca      0x344 Periphery/CSoundPlayer.o
 .debug_loc     0x0000950e      0x366 Periphery/CTimerC.o
 .debug_loc     0x00009874      0x2fe Periphery/CTimerC1.o
 .debug_loc     0x00009b72      0x366 Periphery/CTimerD.o
 .debug_loc     0x00009ed8      0x2fe Periphery/CTimerD1.o
 .debug_loc     0x0000a1d6      0x3f4 Periphery/CTimerF.o

.debug_macinfo
 *(.debug_macinfo)

.debug_weaknames
 *(.debug_weaknames)

.debug_funcnames
 *(.debug_funcnames)

.debug_typenames
 *(.debug_typenames)

.debug_varnames
 *(.debug_varnames)

.debug_pubtypes
 *(.debug_pubtypes)

.debug_ranges   0x00000000      0xb78
 *(.debug_ranges)
 .debug_ranges  0x00000000       0x60 CDGUSDatabase.o
 .debug_ranges  0x00000060      0x128 CLaserControlApp.o
 .debug_ranges  0x00000188       0x30 DGUSGUI.o
 .debug_ranges  0x000001b8       0x48 LaserLib/CSPI.o
 .debug_ranges  0x00000200       0x18 LaserLib/CTimer.o
 .debug_ranges  0x00000218       0x18 LaserLib/CTimer1.o
 .debug_ranges  0x00000230       0x18 LaserLib/CUSART.o
 .debug_ranges  0x00000248      0x338 LaserLib/intx128.o
 .debug_ranges  0x00000580       0x48 main.o
 .debug_ranges  0x000005c8       0x40 MODBUS/CMBProtocol.o
 .debug_ranges  0x00000608       0xe8 MODBUS/CMBSender.o
 .debug_ranges  0x000006f0       0x68 Periphery/CDGUSUSART.o
 .debug_ranges  0x00000758       0x40 Periphery/CDS18B20.o
 .debug_ranges  0x00000798       0xb8 Periphery/CLaserBoard.o
 .debug_ranges  0x00000850       0x50 Periphery/CSoundPlayer.o
 .debug_ranges  0x000008a0       0x98 Periphery/CTimerC.o
 .debug_ranges  0x00000938       0x80 Periphery/CTimerC1.o
 .debug_ranges  0x000009b8       0x98 Periphery/CTimerD.o
 .debug_ranges  0x00000a50       0x80 Periphery/CTimerD1.o
 .debug_ranges  0x00000ad0       0xa8 Periphery/CTimerF.o

.debug_macro
 *(.debug_macro)
OUTPUT(ATxmegaLaserDiode.elf elf32-avr)
LOAD linker stubs