Archive member included to satisfy reference by file (symbol)

c:/program files (x86)/atmel/studio/7.0/toolchain/avr8/avr8-gnu-toolchain/bin/../lib/gcc/avr/4.9.2/avr4\libgcc.a(_exit.o)
                              C:/Program Files (x86)/Atmel/Studio/7.0/Packs/atmel/ATmega_DFP/1.0.90/gcc/dev/atmega8/avr4/crtatmega8.o (exit)
c:/program files (x86)/atmel/studio/7.0/toolchain/avr8/avr8-gnu-toolchain/bin/../lib/gcc/avr/4.9.2/avr4\libgcc.a(_copy_data.o)
                              CDGUSUSART.o (__do_copy_data)
c:/program files (x86)/atmel/studio/7.0/toolchain/avr8/avr8-gnu-toolchain/bin/../lib/gcc/avr/4.9.2/avr4\libgcc.a(_clear_bss.o)
                              CLaserControlApp.o (__do_clear_bss)
c:/program files (x86)/atmel/studio/7.0/toolchain/avr8/avr8-gnu-toolchain/bin/../lib/gcc/avr/4.9.2/avr4\libgcc.a(_ctors.o)
                              main.o (__do_global_ctors)
c:/program files (x86)/atmel/studio/7.0/toolchain/avr8/avr8-gnu-toolchain/bin/../lib/gcc/avr/4.9.2/avr4\libgcc.a(_dtors.o)
                              main.o (__do_global_dtors)
c:/program files (x86)/atmel/studio/7.0/toolchain/avr8/avr8-gnu-toolchain/bin/../lib/gcc/avr/4.9.2/avr4\libgcc.a(_umulhisi3.o)
                              CLaserControlApp.o (__umulhisi3)
c:/program files (x86)/atmel/studio/7.0/toolchain/avr8/avr8-gnu-toolchain/bin/../lib/gcc/avr/4.9.2/avr4\libgcc.a(_tablejump2.o)
                              c:/program files (x86)/atmel/studio/7.0/toolchain/avr8/avr8-gnu-toolchain/bin/../lib/gcc/avr/4.9.2/avr4\libgcc.a(_ctors.o) (__tablejump2__)
c:/program files (x86)/atmel/studio/7.0/toolchain/avr8/avr8-gnu-toolchain/bin/../lib/gcc/avr/4.9.2/../../../../avr/lib/avr4\libc.a(malloc.o)
                              MODBUS/CMBProtocol.o (malloc)
c:/program files (x86)/atmel/studio/7.0/toolchain/avr8/avr8-gnu-toolchain/bin/../lib/gcc/avr/4.9.2/../../../../avr/lib/avr4\libc.a(memcpy.o)
                              CDGUSDatabase.o (memcpy)

Allocating common symbols
Common symbol       size              file

__brkval            0x2               c:/program files (x86)/atmel/studio/7.0/toolchain/avr8/avr8-gnu-toolchain/bin/../lib/gcc/avr/4.9.2/../../../../avr/lib/avr4\libc.a(malloc.o)
__flp               0x2               c:/program files (x86)/atmel/studio/7.0/toolchain/avr8/avr8-gnu-toolchain/bin/../lib/gcc/avr/4.9.2/../../../../avr/lib/avr4\libc.a(malloc.o)

Discarded input sections

 .text          0x00000000        0x2 C:/Program Files (x86)/Atmel/Studio/7.0/Packs/atmel/ATmega_DFP/1.0.90/gcc/dev/atmega8/avr4/crtatmega8.o
 .data          0x00000000        0x0 C:/Program Files (x86)/Atmel/Studio/7.0/Packs/atmel/ATmega_DFP/1.0.90/gcc/dev/atmega8/avr4/crtatmega8.o
 .bss           0x00000000        0x0 C:/Program Files (x86)/Atmel/Studio/7.0/Packs/atmel/ATmega_DFP/1.0.90/gcc/dev/atmega8/avr4/crtatmega8.o
 .text          0x00000000        0x0 CDGUSDatabase.o
 .data          0x00000000        0x0 CDGUSDatabase.o
 .bss           0x00000000        0x0 CDGUSDatabase.o
 .text._ZN13CDGUSDatabase10InitializeEP9CMBSenderj
                0x00000000       0x18 CDGUSDatabase.o
 .text._ZN13CDGUSDatabase15WriteToDatabaseEPvjm
                0x00000000      0x106 CDGUSDatabase.o
 .text._ZN13CDGUSDatabase16ReadFromDatabaseEPvjm
                0x00000000       0xf2 CDGUSDatabase.o
 .text._ZN13CDGUSDatabase18MapDatabaseToWriteEjmj
                0x00000000       0xd2 CDGUSDatabase.o
 .text._ZN13CDGUSDatabase17MapDatabaseToReadEjmj
                0x00000000       0xd2 CDGUSDatabase.o
 .text._ZN13CDGUSDatabase5UnMapEv
                0x00000000       0x38 CDGUSDatabase.o
 .text._ZN13CDGUSDatabase11WriteEnableEv
                0x00000000       0x3a CDGUSDatabase.o
 .text._ZN13CDGUSDatabase12WriteDisableEv
                0x00000000       0x38 CDGUSDatabase.o
 .text._ZN13CDGUSDatabase18OnVariableReceivedEjPjj
                0x00000000       0x1e CDGUSDatabase.o
 .group         0x00000000        0x8 CDGUSUSART.o
 .text          0x00000000        0x0 CDGUSUSART.o
 .data          0x00000000        0x0 CDGUSUSART.o
 .bss           0x00000000        0x0 CDGUSUSART.o
 .text          0x00000000        0x0 CLaserBoard.o
 .data          0x00000000        0x0 CLaserBoard.o
 .bss           0x00000000        0x0 CLaserBoard.o
 .group         0x00000000        0x8 CLaserControlApp.o
 .text          0x00000000        0x0 CLaserControlApp.o
 .data          0x00000000        0x0 CLaserControlApp.o
 .bss           0x00000000        0x0 CLaserControlApp.o
 .text._Z4swapj
                0x00000000        0x8 CLaserControlApp.o
 .text._Z3minjj
                0x00000000        0xa CLaserControlApp.o
 .text._Z3maxjj
                0x00000000        0xa CLaserControlApp.o
 .group         0x00000000        0x8 CRelayTimer.o
 .text          0x00000000        0x0 CRelayTimer.o
 .data          0x00000000        0x0 CRelayTimer.o
 .bss           0x00000000        0x0 CRelayTimer.o
 .text._ZN11CRelayTimer18WaitTCNTUpdateBusyEh
                0x00000000       0x16 CRelayTimer.o
 .text._ZN11CRelayTimer27WaitOutputCompareUpdateBusyEh
                0x00000000       0x14 CRelayTimer.o
 .text._ZN11CRelayTimer21WaitControlUpdateBusyEh
                0x00000000       0x12 CRelayTimer.o
 .text._ZN11CRelayTimer14ResetPrescalerEv
                0x00000000        0x8 CRelayTimer.o
 .group         0x00000000        0x8 CSensorADC.o
 .text          0x00000000        0x0 CSensorADC.o
 .data          0x00000000        0x0 CSensorADC.o
 .bss           0x00000000        0x0 CSensorADC.o
 .group         0x00000000        0x8 LaserLib/CTimer.o
 .text          0x00000000        0x0 LaserLib/CTimer.o
 .data          0x00000000        0x0 LaserLib/CTimer.o
 .bss           0x00000000        0x0 LaserLib/CTimer.o
 .group         0x00000000        0x8 LaserLib/CUSART.o
 .group         0x00000000        0x8 LaserLib/CUSART.o
 .group         0x00000000        0x8 LaserLib/CUSART.o
 .text          0x00000000        0x0 LaserLib/CUSART.o
 .data          0x00000000        0x0 LaserLib/CUSART.o
 .bss           0x00000000        0x0 LaserLib/CUSART.o
 .text          0x00000000        0x0 LaserLib/int8a.o
 .data          0x00000000        0x0 LaserLib/int8a.o
 .bss           0x00000000        0x0 LaserLib/int8a.o
 .text          0x00000000        0x0 main.o
 .data          0x00000000        0x0 main.o
 .bss           0x00000000        0x0 main.o
 .group         0x00000000        0x8 MODBUS/CMBProtocol.o
 .text          0x00000000        0x0 MODBUS/CMBProtocol.o
 .data          0x00000000        0x0 MODBUS/CMBProtocol.o
 .bss           0x00000000        0x0 MODBUS/CMBProtocol.o
 .rodata._ZTV16CMBEventsHandler
                0x00000000       0x16 MODBUS/CMBProtocol.o
 .group         0x00000000        0x8 MODBUS/CMBSender.o
 .text          0x00000000        0x0 MODBUS/CMBSender.o
 .data          0x00000000        0x0 MODBUS/CMBSender.o
 .bss           0x00000000        0x0 MODBUS/CMBSender.o
 .text._ZN9CMBSender12DeinitializeEv
                0x00000000       0x18 MODBUS/CMBSender.o
 .text._ZN9CMBSender19WriteDataToRegisterEhPhh
                0x00000000       0x6a MODBUS/CMBSender.o
 .text._ZN9CMBSender15WriteDataToSRAMEjPjj
                0x00000000       0x6a MODBUS/CMBSender.o
 .text._ZN9CMBSender9OnTimeoutEv
                0x00000000        0xe MODBUS/CMBSender.o
 .text._ZN9CMBSender18StopMODBUSListenerEv
                0x00000000        0x8 MODBUS/CMBSender.o
 .text._ZN9CMBSender21StopMODBUSTransmitterEv
                0x00000000        0x8 MODBUS/CMBSender.o
 .text          0x00000000        0x0 c:/program files (x86)/atmel/studio/7.0/toolchain/avr8/avr8-gnu-toolchain/bin/../lib/gcc/avr/4.9.2/avr4\libgcc.a(_exit.o)
 .data          0x00000000        0x0 c:/program files (x86)/atmel/studio/7.0/toolchain/avr8/avr8-gnu-toolchain/bin/../lib/gcc/avr/4.9.2/avr4\libgcc.a(_exit.o)
 .bss           0x00000000        0x0 c:/program files (x86)/atmel/studio/7.0/toolchain/avr8/avr8-gnu-toolchain/bin/../lib/gcc/avr/4.9.2/avr4\libgcc.a(_exit.o)
 .text.libgcc.mul
                0x00000000        0x0 c:/program files (x86)/atmel/studio/7.0/toolchain/avr8/avr8-gnu-toolchain/bin/../lib/gcc/avr/4.9.2/avr4\libgcc.a(_exit.o)
 .text.libgcc.div
                0x00000000        0x0 c:/program files (x86)/atmel/studio/7.0/toolchain/avr8/avr8-gnu-toolchain/bin/../lib/gcc/avr/4.9.2/avr4\libgcc.a(_exit.o)
 .text.libgcc   0x00000000        0x0 c:/program files (x86)/atmel/studio/7.0/toolchain/avr8/avr8-gnu-toolchain/bin/../lib/gcc/avr/4.9.2/avr4\libgcc.a(_exit.o)
 .text.libgcc.prologue
                0x00000000        0x0 c:/program files (x86)/atmel/studio/7.0/toolchain/avr8/avr8-gnu-toolchain/bin/../lib/gcc/avr/4.9.2/avr4\libgcc.a(_exit.o)
 .text.libgcc.builtins
                0x00000000        0x0 c:/program files (x86)/atmel/studio/7.0/toolchain/avr8/avr8-gnu-toolchain/bin/../lib/gcc/avr/4.9.2/avr4\libgcc.a(_exit.o)
 .text.libgcc.fmul
                0x00000000        0x0 c:/program files (x86)/atmel/studio/7.0/toolchain/avr8/avr8-gnu-toolchain/bin/../lib/gcc/avr/4.9.2/avr4\libgcc.a(_exit.o)
 .text.libgcc.fixed
                0x00000000        0x0 c:/program files (x86)/atmel/studio/7.0/toolchain/avr8/avr8-gnu-toolchain/bin/../lib/gcc/avr/4.9.2/avr4\libgcc.a(_exit.o)
 .text          0x00000000        0x0 c:/program files (x86)/atmel/studio/7.0/toolchain/avr8/avr8-gnu-toolchain/bin/../lib/gcc/avr/4.9.2/avr4\libgcc.a(_copy_data.o)
 .data          0x00000000        0x0 c:/program files (x86)/atmel/studio/7.0/toolchain/avr8/avr8-gnu-toolchain/bin/../lib/gcc/avr/4.9.2/avr4\libgcc.a(_copy_data.o)
 .bss           0x00000000        0x0 c:/program files (x86)/atmel/studio/7.0/toolchain/avr8/avr8-gnu-toolchain/bin/../lib/gcc/avr/4.9.2/avr4\libgcc.a(_copy_data.o)
 .text.libgcc.mul
                0x00000000        0x0 c:/program files (x86)/atmel/studio/7.0/toolchain/avr8/avr8-gnu-toolchain/bin/../lib/gcc/avr/4.9.2/avr4\libgcc.a(_copy_data.o)
 .text.libgcc.div
                0x00000000        0x0 c:/program files (x86)/atmel/studio/7.0/toolchain/avr8/avr8-gnu-toolchain/bin/../lib/gcc/avr/4.9.2/avr4\libgcc.a(_copy_data.o)
 .text.libgcc   0x00000000        0x0 c:/program files (x86)/atmel/studio/7.0/toolchain/avr8/avr8-gnu-toolchain/bin/../lib/gcc/avr/4.9.2/avr4\libgcc.a(_copy_data.o)
 .text.libgcc.prologue
                0x00000000        0x0 c:/program files (x86)/atmel/studio/7.0/toolchain/avr8/avr8-gnu-toolchain/bin/../lib/gcc/avr/4.9.2/avr4\libgcc.a(_copy_data.o)
 .text.libgcc.builtins
                0x00000000        0x0 c:/program files (x86)/atmel/studio/7.0/toolchain/avr8/avr8-gnu-toolchain/bin/../lib/gcc/avr/4.9.2/avr4\libgcc.a(_copy_data.o)
 .text.libgcc.fmul
                0x00000000        0x0 c:/program files (x86)/atmel/studio/7.0/toolchain/avr8/avr8-gnu-toolchain/bin/../lib/gcc/avr/4.9.2/avr4\libgcc.a(_copy_data.o)
 .text.libgcc.fixed
                0x00000000        0x0 c:/program files (x86)/atmel/studio/7.0/toolchain/avr8/avr8-gnu-toolchain/bin/../lib/gcc/avr/4.9.2/avr4\libgcc.a(_copy_data.o)
 .text          0x00000000        0x0 c:/program files (x86)/atmel/studio/7.0/toolchain/avr8/avr8-gnu-toolchain/bin/../lib/gcc/avr/4.9.2/avr4\libgcc.a(_clear_bss.o)
 .data          0x00000000        0x0 c:/program files (x86)/atmel/studio/7.0/toolchain/avr8/avr8-gnu-toolchain/bin/../lib/gcc/avr/4.9.2/avr4\libgcc.a(_clear_bss.o)
 .bss           0x00000000        0x0 c:/program files (x86)/atmel/studio/7.0/toolchain/avr8/avr8-gnu-toolchain/bin/../lib/gcc/avr/4.9.2/avr4\libgcc.a(_clear_bss.o)
 .text.libgcc.mul
                0x00000000        0x0 c:/program files (x86)/atmel/studio/7.0/toolchain/avr8/avr8-gnu-toolchain/bin/../lib/gcc/avr/4.9.2/avr4\libgcc.a(_clear_bss.o)
 .text.libgcc.div
                0x00000000        0x0 c:/program files (x86)/atmel/studio/7.0/toolchain/avr8/avr8-gnu-toolchain/bin/../lib/gcc/avr/4.9.2/avr4\libgcc.a(_clear_bss.o)
 .text.libgcc   0x00000000        0x0 c:/program files (x86)/atmel/studio/7.0/toolchain/avr8/avr8-gnu-toolchain/bin/../lib/gcc/avr/4.9.2/avr4\libgcc.a(_clear_bss.o)
 .text.libgcc.prologue
                0x00000000        0x0 c:/program files (x86)/atmel/studio/7.0/toolchain/avr8/avr8-gnu-toolchain/bin/../lib/gcc/avr/4.9.2/avr4\libgcc.a(_clear_bss.o)
 .text.libgcc.builtins
                0x00000000        0x0 c:/program files (x86)/atmel/studio/7.0/toolchain/avr8/avr8-gnu-toolchain/bin/../lib/gcc/avr/4.9.2/avr4\libgcc.a(_clear_bss.o)
 .text.libgcc.fmul
                0x00000000        0x0 c:/program files (x86)/atmel/studio/7.0/toolchain/avr8/avr8-gnu-toolchain/bin/../lib/gcc/avr/4.9.2/avr4\libgcc.a(_clear_bss.o)
 .text.libgcc.fixed
                0x00000000        0x0 c:/program files (x86)/atmel/studio/7.0/toolchain/avr8/avr8-gnu-toolchain/bin/../lib/gcc/avr/4.9.2/avr4\libgcc.a(_clear_bss.o)
 .text          0x00000000        0x0 c:/program files (x86)/atmel/studio/7.0/toolchain/avr8/avr8-gnu-toolchain/bin/../lib/gcc/avr/4.9.2/avr4\libgcc.a(_ctors.o)
 .data          0x00000000        0x0 c:/program files (x86)/atmel/studio/7.0/toolchain/avr8/avr8-gnu-toolchain/bin/../lib/gcc/avr/4.9.2/avr4\libgcc.a(_ctors.o)
 .bss           0x00000000        0x0 c:/program files (x86)/atmel/studio/7.0/toolchain/avr8/avr8-gnu-toolchain/bin/../lib/gcc/avr/4.9.2/avr4\libgcc.a(_ctors.o)
 .text.libgcc.mul
                0x00000000        0x0 c:/program files (x86)/atmel/studio/7.0/toolchain/avr8/avr8-gnu-toolchain/bin/../lib/gcc/avr/4.9.2/avr4\libgcc.a(_ctors.o)
 .text.libgcc.div
                0x00000000        0x0 c:/program files (x86)/atmel/studio/7.0/toolchain/avr8/avr8-gnu-toolchain/bin/../lib/gcc/avr/4.9.2/avr4\libgcc.a(_ctors.o)
 .text.libgcc   0x00000000        0x0 c:/program files (x86)/atmel/studio/7.0/toolchain/avr8/avr8-gnu-toolchain/bin/../lib/gcc/avr/4.9.2/avr4\libgcc.a(_ctors.o)
 .text.libgcc.prologue
                0x00000000        0x0 c:/program files (x86)/atmel/studio/7.0/toolchain/avr8/avr8-gnu-toolchain/bin/../lib/gcc/avr/4.9.2/avr4\libgcc.a(_ctors.o)
 .text.libgcc.builtins
                0x00000000        0x0 c:/program files (x86)/atmel/studio/7.0/toolchain/avr8/avr8-gnu-toolchain/bin/../lib/gcc/avr/4.9.2/avr4\libgcc.a(_ctors.o)
 .text.libgcc.fmul
                0x00000000        0x0 c:/program files (x86)/atmel/studio/7.0/toolchain/avr8/avr8-gnu-toolchain/bin/../lib/gcc/avr/4.9.2/avr4\libgcc.a(_ctors.o)
 .text.libgcc.fixed
                0x00000000        0x0 c:/program files (x86)/atmel/studio/7.0/toolchain/avr8/avr8-gnu-toolchain/bin/../lib/gcc/avr/4.9.2/avr4\libgcc.a(_ctors.o)
 .text          0x00000000        0x0 c:/program files (x86)/atmel/studio/7.0/toolchain/avr8/avr8-gnu-toolchain/bin/../lib/gcc/avr/4.9.2/avr4\libgcc.a(_dtors.o)
 .data          0x00000000        0x0 c:/program files (x86)/atmel/studio/7.0/toolchain/avr8/avr8-gnu-toolchain/bin/../lib/gcc/avr/4.9.2/avr4\libgcc.a(_dtors.o)
 .bss           0x00000000        0x0 c:/program files (x86)/atmel/studio/7.0/toolchain/avr8/avr8-gnu-toolchain/bin/../lib/gcc/avr/4.9.2/avr4\libgcc.a(_dtors.o)
 .text.libgcc.mul
                0x00000000        0x0 c:/program files (x86)/atmel/studio/7.0/toolchain/avr8/avr8-gnu-toolchain/bin/../lib/gcc/avr/4.9.2/avr4\libgcc.a(_dtors.o)
 .text.libgcc.div
                0x00000000        0x0 c:/program files (x86)/atmel/studio/7.0/toolchain/avr8/avr8-gnu-toolchain/bin/../lib/gcc/avr/4.9.2/avr4\libgcc.a(_dtors.o)
 .text.libgcc   0x00000000        0x0 c:/program files (x86)/atmel/studio/7.0/toolchain/avr8/avr8-gnu-toolchain/bin/../lib/gcc/avr/4.9.2/avr4\libgcc.a(_dtors.o)
 .text.libgcc.prologue
                0x00000000        0x0 c:/program files (x86)/atmel/studio/7.0/toolchain/avr8/avr8-gnu-toolchain/bin/../lib/gcc/avr/4.9.2/avr4\libgcc.a(_dtors.o)
 .text.libgcc.builtins
                0x00000000        0x0 c:/program files (x86)/atmel/studio/7.0/toolchain/avr8/avr8-gnu-toolchain/bin/../lib/gcc/avr/4.9.2/avr4\libgcc.a(_dtors.o)
 .text.libgcc.fmul
                0x00000000        0x0 c:/program files (x86)/atmel/studio/7.0/toolchain/avr8/avr8-gnu-toolchain/bin/../lib/gcc/avr/4.9.2/avr4\libgcc.a(_dtors.o)
 .text.libgcc.fixed
                0x00000000        0x0 c:/program files (x86)/atmel/studio/7.0/toolchain/avr8/avr8-gnu-toolchain/bin/../lib/gcc/avr/4.9.2/avr4\libgcc.a(_dtors.o)
 .text          0x00000000        0x0 c:/program files (x86)/atmel/studio/7.0/toolchain/avr8/avr8-gnu-toolchain/bin/../lib/gcc/avr/4.9.2/avr4\libgcc.a(_umulhisi3.o)
 .data          0x00000000        0x0 c:/program files (x86)/atmel/studio/7.0/toolchain/avr8/avr8-gnu-toolchain/bin/../lib/gcc/avr/4.9.2/avr4\libgcc.a(_umulhisi3.o)
 .bss           0x00000000        0x0 c:/program files (x86)/atmel/studio/7.0/toolchain/avr8/avr8-gnu-toolchain/bin/../lib/gcc/avr/4.9.2/avr4\libgcc.a(_umulhisi3.o)
 .text.libgcc.div
                0x00000000        0x0 c:/program files (x86)/atmel/studio/7.0/toolchain/avr8/avr8-gnu-toolchain/bin/../lib/gcc/avr/4.9.2/avr4\libgcc.a(_umulhisi3.o)
 .text.libgcc   0x00000000        0x0 c:/program files (x86)/atmel/studio/7.0/toolchain/avr8/avr8-gnu-toolchain/bin/../lib/gcc/avr/4.9.2/avr4\libgcc.a(_umulhisi3.o)
 .text.libgcc.prologue
                0x00000000        0x0 c:/program files (x86)/atmel/studio/7.0/toolchain/avr8/avr8-gnu-toolchain/bin/../lib/gcc/avr/4.9.2/avr4\libgcc.a(_umulhisi3.o)
 .text.libgcc.builtins
                0x00000000        0x0 c:/program files (x86)/atmel/studio/7.0/toolchain/avr8/avr8-gnu-toolchain/bin/../lib/gcc/avr/4.9.2/avr4\libgcc.a(_umulhisi3.o)
 .text.libgcc.fmul
                0x00000000        0x0 c:/program files (x86)/atmel/studio/7.0/toolchain/avr8/avr8-gnu-toolchain/bin/../lib/gcc/avr/4.9.2/avr4\libgcc.a(_umulhisi3.o)
 .text.libgcc.fixed
                0x00000000        0x0 c:/program files (x86)/atmel/studio/7.0/toolchain/avr8/avr8-gnu-toolchain/bin/../lib/gcc/avr/4.9.2/avr4\libgcc.a(_umulhisi3.o)
 .text          0x00000000        0x0 c:/program files (x86)/atmel/studio/7.0/toolchain/avr8/avr8-gnu-toolchain/bin/../lib/gcc/avr/4.9.2/avr4\libgcc.a(_tablejump2.o)
 .data          0x00000000        0x0 c:/program files (x86)/atmel/studio/7.0/toolchain/avr8/avr8-gnu-toolchain/bin/../lib/gcc/avr/4.9.2/avr4\libgcc.a(_tablejump2.o)
 .bss           0x00000000        0x0 c:/program files (x86)/atmel/studio/7.0/toolchain/avr8/avr8-gnu-toolchain/bin/../lib/gcc/avr/4.9.2/avr4\libgcc.a(_tablejump2.o)
 .text.libgcc.mul
                0x00000000        0x0 c:/program files (x86)/atmel/studio/7.0/toolchain/avr8/avr8-gnu-toolchain/bin/../lib/gcc/avr/4.9.2/avr4\libgcc.a(_tablejump2.o)
 .text.libgcc.div
                0x00000000        0x0 c:/program files (x86)/atmel/studio/7.0/toolchain/avr8/avr8-gnu-toolchain/bin/../lib/gcc/avr/4.9.2/avr4\libgcc.a(_tablejump2.o)
 .text.libgcc.prologue
                0x00000000        0x0 c:/program files (x86)/atmel/studio/7.0/toolchain/avr8/avr8-gnu-toolchain/bin/../lib/gcc/avr/4.9.2/avr4\libgcc.a(_tablejump2.o)
 .text.libgcc.builtins
                0x00000000        0x0 c:/program files (x86)/atmel/studio/7.0/toolchain/avr8/avr8-gnu-toolchain/bin/../lib/gcc/avr/4.9.2/avr4\libgcc.a(_tablejump2.o)
 .text.libgcc.fmul
                0x00000000        0x0 c:/program files (x86)/atmel/studio/7.0/toolchain/avr8/avr8-gnu-toolchain/bin/../lib/gcc/avr/4.9.2/avr4\libgcc.a(_tablejump2.o)
 .text.libgcc.fixed
                0x00000000        0x0 c:/program files (x86)/atmel/studio/7.0/toolchain/avr8/avr8-gnu-toolchain/bin/../lib/gcc/avr/4.9.2/avr4\libgcc.a(_tablejump2.o)
 .text          0x00000000        0x0 c:/program files (x86)/atmel/studio/7.0/toolchain/avr8/avr8-gnu-toolchain/bin/../lib/gcc/avr/4.9.2/../../../../avr/lib/avr4\libc.a(malloc.o)
 .bss           0x00000000        0x0 c:/program files (x86)/atmel/studio/7.0/toolchain/avr8/avr8-gnu-toolchain/bin/../lib/gcc/avr/4.9.2/../../../../avr/lib/avr4\libc.a(malloc.o)
 .text          0x00000000        0x0 c:/program files (x86)/atmel/studio/7.0/toolchain/avr8/avr8-gnu-toolchain/bin/../lib/gcc/avr/4.9.2/../../../../avr/lib/avr4\libc.a(memcpy.o)
 .data          0x00000000        0x0 c:/program files (x86)/atmel/studio/7.0/toolchain/avr8/avr8-gnu-toolchain/bin/../lib/gcc/avr/4.9.2/../../../../avr/lib/avr4\libc.a(memcpy.o)
 .bss           0x00000000        0x0 c:/program files (x86)/atmel/studio/7.0/toolchain/avr8/avr8-gnu-toolchain/bin/../lib/gcc/avr/4.9.2/../../../../avr/lib/avr4\libc.a(memcpy.o)
 .text.avr-libc
                0x00000000       0x12 c:/program files (x86)/atmel/studio/7.0/toolchain/avr8/avr8-gnu-toolchain/bin/../lib/gcc/avr/4.9.2/../../../../avr/lib/avr4\libc.a(memcpy.o)

Memory Configuration

Name             Origin             Length             Attributes
text             0x00000000         0x00002000         xr
data             0x00800060         0x0000ffa0         rw !x
eeprom           0x00810000         0x00010000         rw !x
fuse             0x00820000         0x00000400         rw !x
lock             0x00830000         0x00000400         rw !x
signature        0x00840000         0x00000400         rw !x
user_signatures  0x00850000         0x00000400         rw !x
*default*        0x00000000         0xffffffff

Linker script and memory map

LOAD C:/Program Files (x86)/Atmel/Studio/7.0/Packs/atmel/ATmega_DFP/1.0.90/gcc/dev/atmega8/avr4/crtatmega8.o
LOAD CDGUSDatabase.o
LOAD CDGUSUSART.o
LOAD CLaserBoard.o
LOAD CLaserControlApp.o
LOAD CRelayTimer.o
LOAD CSensorADC.o
LOAD LaserLib/CTimer.o
LOAD LaserLib/CUSART.o
LOAD LaserLib/int8a.o
LOAD main.o
LOAD MODBUS/CMBProtocol.o
LOAD MODBUS/CMBSender.o
START GROUP
LOAD c:/program files (x86)/atmel/studio/7.0/toolchain/avr8/avr8-gnu-toolchain/bin/../lib/gcc/avr/4.9.2/../../../../avr/lib/avr4\libm.a
END GROUP
LOAD c:/program files (x86)/atmel/studio/7.0/toolchain/avr8/avr8-gnu-toolchain/bin/../lib/gcc/avr/4.9.2/avr4\libgcc.a
LOAD c:/program files (x86)/atmel/studio/7.0/toolchain/avr8/avr8-gnu-toolchain/bin/../lib/gcc/avr/4.9.2/../../../../avr/lib/avr4\libm.a
START GROUP
LOAD c:/program files (x86)/atmel/studio/7.0/toolchain/avr8/avr8-gnu-toolchain/bin/../lib/gcc/avr/4.9.2/avr4\libgcc.a
LOAD c:/program files (x86)/atmel/studio/7.0/toolchain/avr8/avr8-gnu-toolchain/bin/../lib/gcc/avr/4.9.2/../../../../avr/lib/avr4\libm.a
LOAD c:/program files (x86)/atmel/studio/7.0/toolchain/avr8/avr8-gnu-toolchain/bin/../lib/gcc/avr/4.9.2/../../../../avr/lib/avr4\libc.a
LOAD C:/Program Files (x86)/Atmel/Studio/7.0/Packs/atmel/ATmega_DFP/1.0.90/gcc/dev/atmega8/avr4\libatmega8.a
END GROUP

.hash
 *(.hash)

.dynsym
 *(.dynsym)

.dynstr
 *(.dynstr)

.gnu.version
 *(.gnu.version)

.gnu.version_d
 *(.gnu.version_d)

.gnu.version_r
 *(.gnu.version_r)

.rel.init
 *(.rel.init)

.rela.init
 *(.rela.init)

.rel.text
 *(.rel.text)
 *(.rel.text.*)
 *(.rel.gnu.linkonce.t*)

.rela.text
 *(.rela.text)
 *(.rela.text.*)
 *(.rela.gnu.linkonce.t*)

.rel.fini
 *(.rel.fini)

.rela.fini
 *(.rela.fini)

.rel.rodata
 *(.rel.rodata)
 *(.rel.rodata.*)
 *(.rel.gnu.linkonce.r*)

.rela.rodata
 *(.rela.rodata)
 *(.rela.rodata.*)
 *(.rela.gnu.linkonce.r*)

.rel.data
 *(.rel.data)
 *(.rel.data.*)
 *(.rel.gnu.linkonce.d*)

.rela.data
 *(.rela.data)
 *(.rela.data.*)
 *(.rela.gnu.linkonce.d*)

.rel.ctors
 *(.rel.ctors)

.rela.ctors
 *(.rela.ctors)

.rel.dtors
 *(.rel.dtors)

.rela.dtors
 *(.rela.dtors)

.rel.got
 *(.rel.got)

.rela.got
 *(.rela.got)

.rel.bss
 *(.rel.bss)

.rela.bss
 *(.rela.bss)

.rel.plt
 *(.rel.plt)

.rela.plt
 *(.rela.plt)

.text           0x00000000     0x1fde
 *(.vectors)
 .vectors       0x00000000       0x26 C:/Program Files (x86)/Atmel/Studio/7.0/Packs/atmel/ATmega_DFP/1.0.90/gcc/dev/atmega8/avr4/crtatmega8.o
                0x00000000                __vector_default
                0x00000000                __vectors
 *(.vectors)
 *(.progmem.gcc*)
 .progmem.gcc_sw_table._ZN16CLaserControlApp18OnRegisterReceivedEhPhh
                0x00000026       0x46 CLaserControlApp.o
 .progmem.gcc_sw_table._ZN16CLaserControlApp3RunEv
                0x0000006c       0x16 CLaserControlApp.o
 .progmem.gcc_sw_table._ZN9CMBSender13OnReceiveByteEh
                0x00000082       0x16 MODBUS/CMBSender.o
                0x00000098                . = ALIGN (0x2)
                0x00000098                __trampolines_start = .
 *(.trampolines)
 .trampolines   0x00000098        0x0 linker stubs
 *(.trampolines*)
                0x00000098                __trampolines_end = .
 *(.progmem*)
                0x00000098                . = ALIGN (0x2)
 *(.jumptables)
 *(.jumptables*)
 *(.lowtext)
 *(.lowtext*)
                0x00000098                __ctors_start = .
 *(.ctors)
 .ctors         0x00000098        0x2 main.o
                0x0000009a                __ctors_end = .
                0x0000009a                __dtors_start = .
 *(.dtors)
 .dtors         0x0000009a        0x2 main.o
                0x0000009c                __dtors_end = .
 SORT(*)(.ctors)
 SORT(*)(.dtors)
 *(.init0)
 .init0         0x0000009c        0x0 C:/Program Files (x86)/Atmel/Studio/7.0/Packs/atmel/ATmega_DFP/1.0.90/gcc/dev/atmega8/avr4/crtatmega8.o
                0x0000009c                __init
 *(.init0)
 *(.init1)
 *(.init1)
 *(.init2)
 .init2         0x0000009c        0xc C:/Program Files (x86)/Atmel/Studio/7.0/Packs/atmel/ATmega_DFP/1.0.90/gcc/dev/atmega8/avr4/crtatmega8.o
 *(.init2)
 *(.init3)
 *(.init3)
 *(.init4)
 .init4         0x000000a8       0x16 c:/program files (x86)/atmel/studio/7.0/toolchain/avr8/avr8-gnu-toolchain/bin/../lib/gcc/avr/4.9.2/avr4\libgcc.a(_copy_data.o)
                0x000000a8                __do_copy_data
 .init4         0x000000be       0x10 c:/program files (x86)/atmel/studio/7.0/toolchain/avr8/avr8-gnu-toolchain/bin/../lib/gcc/avr/4.9.2/avr4\libgcc.a(_clear_bss.o)
                0x000000be                __do_clear_bss
 *(.init4)
 *(.init5)
 *(.init5)
 *(.init6)
 .init6         0x000000ce       0x14 c:/program files (x86)/atmel/studio/7.0/toolchain/avr8/avr8-gnu-toolchain/bin/../lib/gcc/avr/4.9.2/avr4\libgcc.a(_ctors.o)
                0x000000ce                __do_global_ctors
 *(.init6)
 *(.init7)
 *(.init7)
 *(.init8)
 *(.init8)
 *(.init9)
 .init9         0x000000e2        0x4 C:/Program Files (x86)/Atmel/Studio/7.0/Packs/atmel/ATmega_DFP/1.0.90/gcc/dev/atmega8/avr4/crtatmega8.o
 *(.init9)
 *(.text)
                0x000000e6                . = ALIGN (0x2)
 *(.text.*)
 .text._ZN13CDGUSDatabaseC2Ev
                0x000000e6        0x2 CDGUSDatabase.o
                0x000000e6                _ZN13CDGUSDatabaseC2Ev
                0x000000e6                _ZN13CDGUSDatabaseC1Ev
 .text._ZN13CDGUSDatabaseD2Ev
                0x000000e8        0x2 CDGUSDatabase.o
                0x000000e8                _ZN13CDGUSDatabaseD2Ev
                0x000000e8                _ZN13CDGUSDatabaseD1Ev
 .text._ZN10CDGUSUSART10InitializeE13BAUDRATE_ENUM11PARITY_ENUM12STOBITS_ENUMb
                0x000000ea       0x54 CDGUSUSART.o
                0x000000ea                _ZN10CDGUSUSART10InitializeE13BAUDRATE_ENUM11PARITY_ENUM12STOBITS_ENUMb
 .text._ZN10CDGUSUSART15GetReceivedByteEv
                0x0000013e        0x4 CDGUSUSART.o
                0x0000013e                _ZN10CDGUSUSART15GetReceivedByteEv
 .text._ZN10CDGUSUSART19SetTransmittingByteEh
                0x00000142        0x4 CDGUSUSART.o
                0x00000142                _ZN10CDGUSUSART19SetTransmittingByteEh
 .text._ZN10CDGUSUSART25SetRxInterruptionCallbackEPvPFvS0_E
                0x00000146       0x12 CDGUSUSART.o
                0x00000146                _ZN10CDGUSUSART25SetRxInterruptionCallbackEPvPFvS0_E
 .text._ZN10CDGUSUSART25SetTxInterruptionCallbackEPvPFvS0_E
                0x00000158       0x12 CDGUSUSART.o
                0x00000158                _ZN10CDGUSUSART25SetTxInterruptionCallbackEPvPFvS0_E
 .text._ZN10CDGUSUSART14IsTransmittingEv
                0x0000016a        0xe CDGUSUSART.o
                0x0000016a                _ZN10CDGUSUSART14IsTransmittingEv
 .text._ZN10CDGUSUSART11IsReceivingEv
                0x00000178        0xc CDGUSUSART.o
                0x00000178                _ZN10CDGUSUSART11IsReceivingEv
 .text._ZN10CDGUSUSART11IsDataEmptyEv
                0x00000184        0xe CDGUSUSART.o
                0x00000184                _ZN10CDGUSUSART11IsDataEmptyEv
 .text._ZN10CDGUSUSARTC2Ev
                0x00000192       0x16 CDGUSUSART.o
                0x00000192                _ZN10CDGUSUSARTC1Ev
                0x00000192                _ZN10CDGUSUSARTC2Ev
 .text._ZN10CDGUSUSARTD2Ev
                0x000001a8        0xe CDGUSUSART.o
                0x000001a8                _ZN10CDGUSUSARTD2Ev
                0x000001a8                _ZN10CDGUSUSARTD1Ev
 .text._ZN11CLaserBoardC2Ev
                0x000001b6        0x2 CLaserBoard.o
                0x000001b6                _ZN11CLaserBoardC1Ev
                0x000001b6                _ZN11CLaserBoardC2Ev
 .text._ZN11CLaserBoardD2Ev
                0x000001b8        0x2 CLaserBoard.o
                0x000001b8                _ZN11CLaserBoardD2Ev
                0x000001b8                _ZN11CLaserBoardD1Ev
 .text._ZN11CLaserBoard8Relay1OnEv
                0x000001ba        0x4 CLaserBoard.o
                0x000001ba                _ZN11CLaserBoard8Relay1OnEv
 .text._ZN11CLaserBoard8Relay2OnEv
                0x000001be        0x4 CLaserBoard.o
                0x000001be                _ZN11CLaserBoard8Relay2OnEv
 .text._ZN11CLaserBoard9Relay1OffEv
                0x000001c2        0x4 CLaserBoard.o
                0x000001c2                _ZN11CLaserBoard9Relay1OffEv
 .text._ZN11CLaserBoard9Relay2OffEv
                0x000001c6        0x4 CLaserBoard.o
                0x000001c6                _ZN11CLaserBoard9Relay2OffEv
 .text._ZN11CLaserBoard14SPI_MasterInitEv
                0x000001ca        0xe CLaserBoard.o
                0x000001ca                _ZN11CLaserBoard14SPI_MasterInitEv
 .text._ZN11CLaserBoard10Init_RelayEv
                0x000001d8       0x2e CLaserBoard.o
                0x000001d8                _ZN11CLaserBoard10Init_RelayEv
 .text._ZN11CLaserBoard18SPI_MasterTransmitEc
                0x00000206        0x8 CLaserBoard.o
                0x00000206                _ZN11CLaserBoard18SPI_MasterTransmitEc
 .text._ZN11CLaserBoard11SetDACValueEj
                0x0000020e       0x24 CLaserBoard.o
                0x0000020e                _ZN11CLaserBoard11SetDACValueEj
 .text._ZN11CLaserBoard15SetINT1CallbackEPFvPvES0_
                0x00000232       0x1a CLaserBoard.o
                0x00000232                _ZN11CLaserBoard15SetINT1CallbackEPFvPvES0_
 .text._ZN11CLaserBoard15SetTIM1CallbackEPFvPvES0_
                0x0000024c       0x12 CLaserBoard.o
                0x0000024c                _ZN11CLaserBoard15SetTIM1CallbackEPFvPvES0_
 .text._ZN16CLaserControlApp21OnTransactionCallbackEPhj
                0x0000025e        0x2 CLaserControlApp.o
                0x0000025e                _ZN16CLaserControlApp21OnTransactionCallbackEPhj
 .text._ZN16CLaserControlApp18OnRegisterReceivedEhPhh
                0x00000260       0xcc CLaserControlApp.o
                0x00000260                _ZN16CLaserControlApp18OnRegisterReceivedEhPhh
 .text._ZN16CLaserControlApp18OnVariableReceivedEjPjj
                0x0000032c       0x3c CLaserControlApp.o
                0x0000032c                _ZN16CLaserControlApp18OnVariableReceivedEjPjj
 .text._ZN16CLaserControlAppC2Ev
                0x00000368        0xc CLaserControlApp.o
                0x00000368                _ZN16CLaserControlAppC2Ev
                0x00000368                _ZN16CLaserControlAppC1Ev
 .text._ZN16CLaserControlAppD2Ev
                0x00000374        0xe CLaserControlApp.o
                0x00000374                _ZN16CLaserControlAppD2Ev
                0x00000374                _ZN16CLaserControlAppD1Ev
 .text._ZN16CLaserControlApp10InitializeEP9CMBSender
                0x00000382       0x32 CLaserControlApp.o
                0x00000382                _ZN16CLaserControlApp10InitializeEP9CMBSender
 .text._ZN16CLaserControlApp5StartEv
                0x000003b4      0x150 CLaserControlApp.o
                0x000003b4                _ZN16CLaserControlApp5StartEv
 .text._ZN16CLaserControlApp9OnEncoderEv
                0x00000504       0x24 CLaserControlApp.o
                0x00000504                _ZN16CLaserControlApp9OnEncoderEv
 .text._ZN16CLaserControlApp5OnPWMEv
                0x00000528       0xe0 CLaserControlApp.o
                0x00000528                _ZN16CLaserControlApp5OnPWMEv
 .text._ZN16CLaserControlApp11OnPWMStaticEPv
                0x00000608        0x4 CLaserControlApp.o
                0x00000608                _ZN16CLaserControlApp11OnPWMStaticEPv
 .text._ZN16CLaserControlApp15OnEncoderStaticEPv
                0x0000060c        0x4 CLaserControlApp.o
                0x0000060c                _ZN16CLaserControlApp15OnEncoderStaticEPv
 .text._ZN16CLaserControlApp3RunEv
                0x00000610      0x732 CLaserControlApp.o
                0x00000610                _ZN16CLaserControlApp3RunEv
 .text._ZN16CLaserControlApp9OnTimeoutEv
                0x00000d42        0xe CLaserControlApp.o
                0x00000d42                _ZN16CLaserControlApp9OnTimeoutEv
 .text._ZN16CLaserControlApp7OnTimerEv
                0x00000d50       0x50 CLaserControlApp.o
                0x00000d50                _ZN16CLaserControlApp7OnTimerEv
 .text._ZN16CLaserControlApp13OnTimerStaticEPv
                0x00000da0        0x4 CLaserControlApp.o
                0x00000da0                _ZN16CLaserControlApp13OnTimerStaticEPv
 .text._ZN11CRelayTimer10InitializeE27TIMER_WAVEFORMGEN_MODE_ENUM31TIMER_COMPAREMATCHOUT_MODE_ENUM22TIMER_CLOCKSELECT_ENUMb
                0x00000da4       0x52 CRelayTimer.o
                0x00000da4                _ZN11CRelayTimer10InitializeE27TIMER_WAVEFORMGEN_MODE_ENUM31TIMER_COMPAREMATCHOUT_MODE_ENUM22TIMER_CLOCKSELECT_ENUMb
 .text._ZN11CRelayTimer5StartEh
                0x00000df6       0x16 CRelayTimer.o
                0x00000df6                _ZN11CRelayTimer5StartEh
 .text._ZN11CRelayTimer5StartEj
                0x00000e0c        0x2 CRelayTimer.o
                0x00000e0c                _ZN11CRelayTimer5StartEj
 .text._ZN11CRelayTimer4StopEv
                0x00000e0e        0xc CRelayTimer.o
                0x00000e0e                _ZN11CRelayTimer4StopEv
 .text._ZN11CRelayTimer8SetCOMPAEj
                0x00000e1a        0x2 CRelayTimer.o
                0x00000e1a                _ZN11CRelayTimer8SetCOMPAEj
 .text._ZN11CRelayTimer8SetCOMPBEj
                0x00000e1c        0x2 CRelayTimer.o
                0x00000e1c                _ZN11CRelayTimer8SetCOMPBEj
 .text._ZN11CRelayTimer8SetCOMPCEj
                0x00000e1e        0x2 CRelayTimer.o
                0x00000e1e                _ZN11CRelayTimer8SetCOMPCEj
 .text._ZN11CRelayTimer8SetCOMPAEh
                0x00000e20        0x4 CRelayTimer.o
                0x00000e20                _ZN11CRelayTimer8SetCOMPAEh
 .text._ZN11CRelayTimer8SetCOMPBEh
                0x00000e24        0x2 CRelayTimer.o
                0x00000e24                _ZN11CRelayTimer8SetCOMPBEh
 .text._ZN11CRelayTimer8SetCOMPCEh
                0x00000e26        0x2 CRelayTimer.o
                0x00000e26                _ZN11CRelayTimer8SetCOMPCEh
 .text._ZN11CRelayTimer14SetOVFCallbackEPFvPvES0_
                0x00000e28       0x12 CRelayTimer.o
                0x00000e28                _ZN11CRelayTimer14SetOVFCallbackEPFvPvES0_
 .text._ZN11CRelayTimer15SetCAPTCallbackEPFvPvES0_
                0x00000e3a        0x2 CRelayTimer.o
                0x00000e3a                _ZN11CRelayTimer15SetCAPTCallbackEPFvPvES0_
 .text._ZN11CRelayTimer16SetCOMPACallbackEPFvPvES0_
                0x00000e3c       0x12 CRelayTimer.o
                0x00000e3c                _ZN11CRelayTimer16SetCOMPACallbackEPFvPvES0_
 .text._ZN11CRelayTimer16SetCOMPBCallbackEPFvPvES0_
                0x00000e4e        0x2 CRelayTimer.o
                0x00000e4e                _ZN11CRelayTimer16SetCOMPBCallbackEPFvPvES0_
 .text._ZN11CRelayTimer16SetCOMPCCallbackEPFvPvES0_
                0x00000e50        0x2 CRelayTimer.o
                0x00000e50                _ZN11CRelayTimer16SetCOMPCCallbackEPFvPvES0_
 .text._ZN11CRelayTimerC2Ev
                0x00000e52       0x16 CRelayTimer.o
                0x00000e52                _ZN11CRelayTimerC2Ev
                0x00000e52                _ZN11CRelayTimerC1Ev
 .text._ZN11CRelayTimerD2Ev
                0x00000e68        0xe CRelayTimer.o
                0x00000e68                _ZN11CRelayTimerD1Ev
                0x00000e68                _ZN11CRelayTimerD2Ev
 .text._ZN11CRelayTimer9AsyncModeEb
                0x00000e76       0x14 CRelayTimer.o
                0x00000e76                _ZN11CRelayTimer9AsyncModeEb
 .text._ZN10CSensorADC10InitializeE18ADC_REFERENCE_ENUM16ADC_CHANNEL_ENUM18ADC_PRESCALER_ENUMbb
                0x00000e8a       0x50 CSensorADC.o
                0x00000e8a                _ZN10CSensorADC10InitializeE18ADC_REFERENCE_ENUM16ADC_CHANNEL_ENUM18ADC_PRESCALER_ENUMbb
 .text._ZN10CSensorADC5StartEv
                0x00000eda        0x4 CSensorADC.o
                0x00000eda                _ZN10CSensorADC5StartEv
 .text._ZN10CSensorADC14SetADCCallbackEPFvPvES0_
                0x00000ede       0x12 CSensorADC.o
                0x00000ede                _ZN10CSensorADC14SetADCCallbackEPFvPvES0_
 .text._ZN10CSensorADC8GetValueEv
                0x00000ef0        0x8 CSensorADC.o
                0x00000ef0                _ZN10CSensorADC8GetValueEv
 .text._ZN10CSensorADC29StaticADCConvCompleteCallbackEPv
                0x00000ef8       0x10 CSensorADC.o
                0x00000ef8                _ZN10CSensorADC29StaticADCConvCompleteCallbackEPv
 .text._ZN10CSensorADC23ADCConvCompleteCallbackEv
                0x00000f08        0xc CSensorADC.o
                0x00000f08                _ZN10CSensorADC23ADCConvCompleteCallbackEv
 .text._ZN10CSensorADCC2Ev
                0x00000f14        0xc CSensorADC.o
                0x00000f14                _ZN10CSensorADCC1Ev
                0x00000f14                _ZN10CSensorADCC2Ev
 .text._ZN10CSensorADCD2Ev
                0x00000f20        0x2 CSensorADC.o
                0x00000f20                _ZN10CSensorADCD1Ev
                0x00000f20                _ZN10CSensorADCD2Ev
 .text._ZN6CTimer10InitializeE27TIMER_WAVEFORMGEN_MODE_ENUM31TIMER_COMPAREMATCHOUT_MODE_ENUM22TIMER_CLOCKSELECT_ENUMb
                0x00000f22        0x2 LaserLib/CTimer.o
                0x00000f22                _ZN6CTimer10InitializeE27TIMER_WAVEFORMGEN_MODE_ENUM31TIMER_COMPAREMATCHOUT_MODE_ENUM22TIMER_CLOCKSELECT_ENUMb
 .text._ZN6CTimer5StartEh
                0x00000f24        0x2 LaserLib/CTimer.o
                0x00000f24                _ZN6CTimer5StartEh
 .text._ZN6CTimer5StartEj
                0x00000f26        0x2 LaserLib/CTimer.o
                0x00000f26                _ZN6CTimer5StartEj
 .text._ZN6CTimer4StopEv
                0x00000f28        0x2 LaserLib/CTimer.o
                0x00000f28                _ZN6CTimer4StopEv
 .text._ZN6CTimer8SetCOMPAEj
                0x00000f2a        0x2 LaserLib/CTimer.o
                0x00000f2a                _ZN6CTimer8SetCOMPAEj
 .text._ZN6CTimer8SetCOMPBEj
                0x00000f2c        0x2 LaserLib/CTimer.o
                0x00000f2c                _ZN6CTimer8SetCOMPBEj
 .text._ZN6CTimer8SetCOMPCEj
                0x00000f2e        0x2 LaserLib/CTimer.o
                0x00000f2e                _ZN6CTimer8SetCOMPCEj
 .text._ZN6CTimer8SetCOMPAEh
                0x00000f30        0x2 LaserLib/CTimer.o
                0x00000f30                _ZN6CTimer8SetCOMPAEh
 .text._ZN6CTimer8SetCOMPBEh
                0x00000f32        0x2 LaserLib/CTimer.o
                0x00000f32                _ZN6CTimer8SetCOMPBEh
 .text._ZN6CTimer8SetCOMPCEh
                0x00000f34        0x2 LaserLib/CTimer.o
                0x00000f34                _ZN6CTimer8SetCOMPCEh
 .text._ZN6CTimer14SetOVFCallbackEPFvPvES0_
                0x00000f36        0x2 LaserLib/CTimer.o
                0x00000f36                _ZN6CTimer14SetOVFCallbackEPFvPvES0_
 .text._ZN6CTimer15SetCAPTCallbackEPFvPvES0_
                0x00000f38        0x2 LaserLib/CTimer.o
                0x00000f38                _ZN6CTimer15SetCAPTCallbackEPFvPvES0_
 .text._ZN6CTimer16SetCOMPACallbackEPFvPvES0_
                0x00000f3a        0x2 LaserLib/CTimer.o
                0x00000f3a                _ZN6CTimer16SetCOMPACallbackEPFvPvES0_
 .text._ZN6CTimer16SetCOMPBCallbackEPFvPvES0_
                0x00000f3c        0x2 LaserLib/CTimer.o
                0x00000f3c                _ZN6CTimer16SetCOMPBCallbackEPFvPvES0_
 .text._ZN6CTimer16SetCOMPCCallbackEPFvPvES0_
                0x00000f3e        0x2 LaserLib/CTimer.o
                0x00000f3e                _ZN6CTimer16SetCOMPCCallbackEPFvPvES0_
 .text._ZN6CTimerC2Ev
                0x00000f40        0xc LaserLib/CTimer.o
                0x00000f40                _ZN6CTimerC1Ev
                0x00000f40                _ZN6CTimerC2Ev
 .text._ZN6CTimerD2Ev
                0x00000f4c        0x2 LaserLib/CTimer.o
                0x00000f4c                _ZN6CTimerD1Ev
                0x00000f4c                _ZN6CTimerD2Ev
 .text._ZN6CUSART25SetRxInterruptionCallbackEPvPFvS0_E
                0x00000f4e        0x2 LaserLib/CUSART.o
                0x00000f4e                _ZN6CUSART25SetRxInterruptionCallbackEPvPFvS0_E
 .text._ZN6CUSART25SetTxInterruptionCallbackEPvPFvS0_E
                0x00000f50        0x2 LaserLib/CUSART.o
                0x00000f50                _ZN6CUSART25SetTxInterruptionCallbackEPvPFvS0_E
 .text._ZN6CUSARTC2Ev
                0x00000f52        0xc LaserLib/CUSART.o
                0x00000f52                _ZN6CUSARTC2Ev
                0x00000f52                _ZN6CUSARTC1Ev
 .text._ZN6CUSARTD2Ev
                0x00000f5e        0x2 LaserLib/CUSART.o
                0x00000f5e                _ZN6CUSARTD1Ev
                0x00000f5e                _ZN6CUSARTD2Ev
 .text.__vector_1
                0x00000f60       0x5a LaserLib/int8a.o
                0x00000f60                __vector_1
 .text.__vector_2
                0x00000fba       0x5a LaserLib/int8a.o
                0x00000fba                __vector_2
 .text.__vector_3
                0x00001014       0x5a LaserLib/int8a.o
                0x00001014                __vector_3
 .text.__vector_4
                0x0000106e       0x5a LaserLib/int8a.o
                0x0000106e                __vector_4
 .text.__vector_5
                0x000010c8       0x5a LaserLib/int8a.o
                0x000010c8                __vector_5
 .text.__vector_6
                0x00001122       0x5a LaserLib/int8a.o
                0x00001122                __vector_6
 .text.__vector_7
                0x0000117c       0x5a LaserLib/int8a.o
                0x0000117c                __vector_7
 .text.__vector_8
                0x000011d6       0x5a LaserLib/int8a.o
                0x000011d6                __vector_8
 .text.__vector_9
                0x00001230       0x5a LaserLib/int8a.o
                0x00001230                __vector_9
 .text.__vector_10
                0x0000128a       0x5a LaserLib/int8a.o
                0x0000128a                __vector_10
 .text.__vector_11
                0x000012e4       0x5a LaserLib/int8a.o
                0x000012e4                __vector_11
 .text.__vector_12
                0x0000133e       0x5a LaserLib/int8a.o
                0x0000133e                __vector_12
 .text.__vector_13
                0x00001398       0x5a LaserLib/int8a.o
                0x00001398                __vector_13
 .text.__vector_14
                0x000013f2       0x5a LaserLib/int8a.o
                0x000013f2                __vector_14
 .text.__vector_15
                0x0000144c       0x5a LaserLib/int8a.o
                0x0000144c                __vector_15
 .text.__vector_16
                0x000014a6       0x5a LaserLib/int8a.o
                0x000014a6                __vector_16
 .text.__vector_17
                0x00001500       0x5a LaserLib/int8a.o
                0x00001500                __vector_17
 .text.__vector_18
                0x0000155a       0x5a LaserLib/int8a.o
                0x0000155a                __vector_18
 .text.__cxa_pure_virtual
                0x000015b4        0x2 main.o
                0x000015b4                __cxa_pure_virtual
 .text._GLOBAL__sub_I_usart
                0x000015b6       0x2c main.o
 .text._GLOBAL__sub_D_usart
                0x000015e2       0x2c main.o
 .text._Z16SystemInitializev
                0x0000160e       0xb0 main.o
                0x0000160e                _Z16SystemInitializev
 .text.main     0x000016be       0x64 main.o
                0x000016be                main
 .text._ZN16CMBEventsHandler13FillRegDataTxEhPhh
                0x00001722       0x62 MODBUS/CMBProtocol.o
                0x00001722                _ZN16CMBEventsHandler13FillRegDataTxEhPhh
 .text._ZN16CMBEventsHandler13FillRegDataRqEhh
                0x00001784       0x3e MODBUS/CMBProtocol.o
                0x00001784                _ZN16CMBEventsHandler13FillRegDataRqEhh
 .text._ZN16CMBEventsHandler13FillVarDataTxEjPjj
                0x000017c2       0x90 MODBUS/CMBProtocol.o
                0x000017c2                _ZN16CMBEventsHandler13FillVarDataTxEjPjj
 .text._ZN16CMBEventsHandler13FillVarDataRqEjj
                0x00001852       0x46 MODBUS/CMBProtocol.o
                0x00001852                _ZN16CMBEventsHandler13FillVarDataRqEjj
 .text._ZN16CMBEventsHandler15AllocateBuffersEjj
                0x00001898       0x32 MODBUS/CMBProtocol.o
                0x00001898                _ZN16CMBEventsHandler15AllocateBuffersEjj
 .text._ZN16CMBEventsHandler11FreeBuffersEv
                0x000018ca       0x18 MODBUS/CMBProtocol.o
                0x000018ca                _ZN16CMBEventsHandler11FreeBuffersEv
 .text._ZN16CMBEventsHandlerD2Ev
                0x000018e2        0x2 MODBUS/CMBProtocol.o
                0x000018e2                _ZN16CMBEventsHandlerD2Ev
                0x000018e2                _ZN16CMBEventsHandlerD1Ev
 .text._ZN9CMBSender18OnVariableReceivedEjPjj
                0x000018e4       0x1e MODBUS/CMBSender.o
                0x000018e4                _ZN9CMBSender18OnVariableReceivedEjPjj
 .text._ZN9CMBSender18OnRegisterReceivedEhPhh
                0x00001902       0x1e MODBUS/CMBSender.o
                0x00001902                _ZN9CMBSender18OnRegisterReceivedEhPhh
 .text._ZN9CMBSenderC2Ev
                0x00001920        0xc MODBUS/CMBSender.o
                0x00001920                _ZN9CMBSenderC2Ev
                0x00001920                _ZN9CMBSenderC1Ev
 .text._ZN9CMBSender10InitializeEP6CUSARTP16CMBEventsHandlerjj
                0x0000192c       0x9a MODBUS/CMBSender.o
                0x0000192c                _ZN9CMBSender10InitializeEP6CUSARTP16CMBEventsHandlerjj
 .text._ZN9CMBSenderD2Ev
                0x000019c6        0xe MODBUS/CMBSender.o
                0x000019c6                _ZN9CMBSenderD1Ev
                0x000019c6                _ZN9CMBSenderD2Ev
 .text._ZN9CMBSender13OnReceiveByteEh
                0x000019d4      0x170 MODBUS/CMBSender.o
                0x000019d4                _ZN9CMBSender13OnReceiveByteEh
 .text._ZN9CMBSender18OnUSARTRxInterruptEPv
                0x00001b44       0x24 MODBUS/CMBSender.o
                0x00001b44                _ZN9CMBSender18OnUSARTRxInterruptEPv
 .text._ZN9CMBSender19StartMODBUSListenerEv
                0x00001b68       0x12 MODBUS/CMBSender.o
                0x00001b68                _ZN9CMBSender19StartMODBUSListenerEv
 .text._ZN9CMBSender14OnTransmitByteEv
                0x00001b7a       0x90 MODBUS/CMBSender.o
                0x00001b7a                _ZN9CMBSender14OnTransmitByteEv
 .text._ZN9CMBSender18OnUSARTTxInterruptEPv
                0x00001c0a        0x4 MODBUS/CMBSender.o
                0x00001c0a                _ZN9CMBSender18OnUSARTTxInterruptEPv
 .text._ZN9CMBSender18WaitMODBUSListenerEv
                0x00001c0e       0x22 MODBUS/CMBSender.o
                0x00001c0e                _ZN9CMBSender18WaitMODBUSListenerEv
 .text._ZN9CMBSender22StartMODBUSTransmitterEv
                0x00001c30        0xa MODBUS/CMBSender.o
                0x00001c30                _ZN9CMBSender22StartMODBUSTransmitterEv
 .text._ZN9CMBSender24WriteDataToRegisterAsyncEhPhh
                0x00001c3a       0x1c MODBUS/CMBSender.o
                0x00001c3a                _ZN9CMBSender24WriteDataToRegisterAsyncEhPhh
 .text._ZN9CMBSender20WriteDataToSRAMAsyncEjPjj
                0x00001c56       0x1c MODBUS/CMBSender.o
                0x00001c56                _ZN9CMBSender20WriteDataToSRAMAsyncEjPjj
 .text._ZN9CMBSender28RequestDataFromRegisterAsyncEhh
                0x00001c72       0x1c MODBUS/CMBSender.o
                0x00001c72                _ZN9CMBSender28RequestDataFromRegisterAsyncEhh
 .text._ZN9CMBSender24RequestDataFromSRAMAsyncEjh
                0x00001c8e       0x1e MODBUS/CMBSender.o
                0x00001c8e                _ZN9CMBSender24RequestDataFromSRAMAsyncEjh
 .text._ZN9CMBSender21WaitMODBUSTransmitterEv
                0x00001cac       0x22 MODBUS/CMBSender.o
                0x00001cac                _ZN9CMBSender21WaitMODBUSTransmitterEv
 .text._ZN9CMBSender30StartMODBUSRegisterTransactionEhh
                0x00001cce        0xa MODBUS/CMBSender.o
                0x00001cce                _ZN9CMBSender30StartMODBUSRegisterTransactionEhh
 .text._ZN9CMBSender30StartMODBUSVariableTransactionEjh
                0x00001cd8        0xa MODBUS/CMBSender.o
                0x00001cd8                _ZN9CMBSender30StartMODBUSVariableTransactionEjh
 .text._ZN9CMBSender18ProcessTransactionEPhj
                0x00001ce2       0x62 MODBUS/CMBSender.o
                0x00001ce2                _ZN9CMBSender18ProcessTransactionEPhj
 .text._ZN9CMBSender21OnTransactionCallbackEPhj
                0x00001d44        0x4 MODBUS/CMBSender.o
                0x00001d44                _ZN9CMBSender21OnTransactionCallbackEPhj
 .text.libgcc.mul
                0x00001d48       0x18 c:/program files (x86)/atmel/studio/7.0/toolchain/avr8/avr8-gnu-toolchain/bin/../lib/gcc/avr/4.9.2/avr4\libgcc.a(_umulhisi3.o)
                0x00001d48                __umulhisi3
 .text.libgcc   0x00001d60        0xc c:/program files (x86)/atmel/studio/7.0/toolchain/avr8/avr8-gnu-toolchain/bin/../lib/gcc/avr/4.9.2/avr4\libgcc.a(_tablejump2.o)
                0x00001d60                __tablejump2__
 .text.avr-libc
                0x00001d6c      0x25a c:/program files (x86)/atmel/studio/7.0/toolchain/avr8/avr8-gnu-toolchain/bin/../lib/gcc/avr/4.9.2/../../../../avr/lib/avr4\libc.a(malloc.o)
                0x00001d6c                malloc
                0x00001e96                free
                0x00001fc6                . = ALIGN (0x2)
 *(.fini9)
 .fini9         0x00001fc6        0x0 c:/program files (x86)/atmel/studio/7.0/toolchain/avr8/avr8-gnu-toolchain/bin/../lib/gcc/avr/4.9.2/avr4\libgcc.a(_exit.o)
                0x00001fc6                _exit
                0x00001fc6                exit
 *(.fini9)
 *(.fini8)
 *(.fini8)
 *(.fini7)
 *(.fini7)
 *(.fini6)
 .fini6         0x00001fc6       0x14 c:/program files (x86)/atmel/studio/7.0/toolchain/avr8/avr8-gnu-toolchain/bin/../lib/gcc/avr/4.9.2/avr4\libgcc.a(_dtors.o)
                0x00001fc6                __do_global_dtors
 *(.fini6)
 *(.fini5)
 *(.fini5)
 *(.fini4)
 *(.fini4)
 *(.fini3)
 *(.fini3)
 *(.fini2)
 *(.fini2)
 *(.fini1)
 *(.fini1)
 *(.fini0)
 .fini0         0x00001fda        0x4 c:/program files (x86)/atmel/studio/7.0/toolchain/avr8/avr8-gnu-toolchain/bin/../lib/gcc/avr/4.9.2/avr4\libgcc.a(_exit.o)
 *(.fini0)
                0x00001fde                _etext = .

.data           0x00800060       0xce load address 0x00001fde
                0x00800060                PROVIDE (__data_start, .)
 *(.data)
 .data          0x00800060        0x6 c:/program files (x86)/atmel/studio/7.0/toolchain/avr8/avr8-gnu-toolchain/bin/../lib/gcc/avr/4.9.2/../../../../avr/lib/avr4\libc.a(malloc.o)
                0x00800060                __malloc_heap_end
                0x00800062                __malloc_heap_start
                0x00800064                __malloc_margin
 *(.data*)
 .data.ubrr_table
                0x00800066       0x1c CDGUSUSART.o
                0x00800066                ubrr_table
 .data._ZZN16CLaserControlApp5OnPWMEvE2dx
                0x00800082        0x2 CLaserControlApp.o
 .data._ZZN16CLaserControlApp3RunEvE2hl
                0x00800084        0x1 CLaserControlApp.o
 .data._ZZN16CLaserControlApp3RunEvE4anim
                0x00800085        0x2 CLaserControlApp.o
 *(.rodata)
 *(.rodata*)
 .rodata._ZTV10CDGUSUSART
                0x00800087       0x14 CDGUSUSART.o
                0x00800087                _ZTV10CDGUSUSART
 .rodata._ZTV16CLaserControlApp
                0x0080009b       0x16 CLaserControlApp.o
                0x0080009b                _ZTV16CLaserControlApp
 .rodata._ZTV11CRelayTimer
                0x008000b1       0x22 CRelayTimer.o
                0x008000b1                _ZTV11CRelayTimer
 .rodata._ZTV10CSensorADC
                0x008000d3        0xe CSensorADC.o
                0x008000d3                _ZTV10CSensorADC
 .rodata._ZTV6CTimer
                0x008000e1       0x22 LaserLib/CTimer.o
                0x008000e1                _ZTV6CTimer
 .rodata._ZTV6CUSART
                0x00800103       0x14 LaserLib/CUSART.o
                0x00800103                _ZTV6CUSART
 .rodata._ZTV9CMBSender
                0x00800117       0x16 MODBUS/CMBSender.o
                0x00800117                _ZTV9CMBSender
 *(.gnu.linkonce.d*)
                0x0080012e                . = ALIGN (0x2)
 *fill*         0x0080012d        0x1 
                0x0080012e                _edata = .
                0x0080012e                PROVIDE (__data_end, .)

.bss            0x0080012e       0xa3
                0x0080012e                PROVIDE (__bss_start, .)
 *(.bss)
 *(.bss*)
 .bss._ZZN16CLaserControlApp5OnPWMEvE9pwm_pulse
                0x0080012e        0x2 CLaserControlApp.o
 .bss._ZZN16CLaserControlApp5OnPWMEvE8prescale
                0x00800130        0x1 CLaserControlApp.o
 .bss._ZZN16CLaserControlApp3RunEvE3bar
                0x00800131        0x2 CLaserControlApp.o
 .bss.InterruptFuncTable
                0x00800133       0x26 LaserLib/int8a.o
                0x00800133                InterruptFuncTable
 .bss.InterruptSenderTable
                0x00800159       0x26 LaserLib/int8a.o
                0x00800159                InterruptSenderTable
 .bss._ZZ4mainE3prs
                0x0080017f        0x2 main.o
 .bss.Database  0x00800181        0x8 main.o
                0x00800181                Database
 .bss.App       0x00800189       0x1f main.o
                0x00800189                App
 .bss.laserBoard
                0x008001a8        0x1 main.o
                0x008001a8                laserBoard
 .bss.adc       0x008001a9        0x4 main.o
                0x008001a9                adc
 .bss.relayTimer
                0x008001ad        0x3 main.o
                0x008001ad                relayTimer
 .bss.sender    0x008001b0       0x19 main.o
                0x008001b0                sender
 .bss.usart     0x008001c9        0x2 main.o
                0x008001c9                usart
 .bss.cnt       0x008001cb        0x2 MODBUS/CMBSender.o
                0x008001cb                cnt
 *(COMMON)
 COMMON         0x008001cd        0x4 c:/program files (x86)/atmel/studio/7.0/toolchain/avr8/avr8-gnu-toolchain/bin/../lib/gcc/avr/4.9.2/../../../../avr/lib/avr4\libc.a(malloc.o)
                0x008001cd                __brkval
                0x008001cf                __flp
                0x008001d1                PROVIDE (__bss_end, .)
                0x00001fde                __data_load_start = LOADADDR (.data)
                0x000020ac                __data_load_end = (__data_load_start + SIZEOF (.data))

.noinit         0x008001d1        0x0
                0x008001d1                PROVIDE (__noinit_start, .)
 *(.noinit*)
                0x008001d1                PROVIDE (__noinit_end, .)
                0x008001d1                _end = .
                0x008001d1                PROVIDE (__heap_start, .)

.eeprom         0x00810000        0x0
 *(.eeprom*)
                0x00810000                __eeprom_end = .

.fuse
 *(.fuse)
 *(.lfuse)
 *(.hfuse)
 *(.efuse)

.lock
 *(.lock*)

.signature
 *(.signature*)

.user_signatures
 *(.user_signatures*)

.stab
 *(.stab)

.stabstr
 *(.stabstr)

.stab.excl
 *(.stab.excl)

.stab.exclstr
 *(.stab.exclstr)

.stab.index
 *(.stab.index)

.stab.indexstr
 *(.stab.indexstr)

.comment        0x00000000       0x30
 *(.comment)
 .comment       0x00000000       0x30 CDGUSDatabase.o
                                 0x31 (size before relaxing)
 .comment       0x00000030       0x31 CDGUSUSART.o
 .comment       0x00000030       0x31 CLaserBoard.o
 .comment       0x00000030       0x31 CLaserControlApp.o
 .comment       0x00000030       0x31 CRelayTimer.o
 .comment       0x00000030       0x31 CSensorADC.o
 .comment       0x00000030       0x31 LaserLib/CTimer.o
 .comment       0x00000030       0x31 LaserLib/CUSART.o
 .comment       0x00000030       0x31 LaserLib/int8a.o
 .comment       0x00000030       0x31 main.o
 .comment       0x00000030       0x31 MODBUS/CMBProtocol.o
 .comment       0x00000030       0x31 MODBUS/CMBSender.o
 .comment       0x00000030       0x31 c:/program files (x86)/atmel/studio/7.0/toolchain/avr8/avr8-gnu-toolchain/bin/../lib/gcc/avr/4.9.2/../../../../avr/lib/avr4\libc.a(malloc.o)

.note.gnu.avr.deviceinfo
                0x00000000       0x3c
 .note.gnu.avr.deviceinfo
                0x00000000       0x3c C:/Program Files (x86)/Atmel/Studio/7.0/Packs/atmel/ATmega_DFP/1.0.90/gcc/dev/atmega8/avr4/crtatmega8.o

.note.gnu.build-id
 *(.note.gnu.build-id)

.debug
 *(.debug)

.line
 *(.line)

.debug_srcinfo
 *(.debug_srcinfo)

.debug_sfnames
 *(.debug_sfnames)

.debug_aranges  0x00000000      0x618
 *(.debug_aranges)
 .debug_aranges
                0x00000000       0x70 CDGUSDatabase.o
 .debug_aranges
                0x00000070       0x68 CDGUSUSART.o
 .debug_aranges
                0x000000d8       0x78 CLaserBoard.o
 .debug_aranges
                0x00000150       0xa8 CLaserControlApp.o
 .debug_aranges
                0x000001f8       0xc8 CRelayTimer.o
 .debug_aranges
                0x000002c0       0x58 CSensorADC.o
 .debug_aranges
                0x00000318       0xa0 LaserLib/CTimer.o
 .debug_aranges
                0x000003b8       0x38 LaserLib/CUSART.o
 .debug_aranges
                0x000003f0       0xa8 LaserLib/int8a.o
 .debug_aranges
                0x00000498       0x40 main.o
 .debug_aranges
                0x000004d8       0x50 MODBUS/CMBProtocol.o
 .debug_aranges
                0x00000528       0xf0 MODBUS/CMBSender.o

.debug_pubnames
 *(.debug_pubnames)

.debug_info     0x00000000     0x74d5
 *(.debug_info .gnu.linkonce.wi.*)
 .debug_info    0x00000000      0x9f5 CDGUSDatabase.o
 .debug_info    0x000009f5      0x845 CDGUSUSART.o
 .debug_info    0x0000123a      0x568 CLaserBoard.o
 .debug_info    0x000017a2     0x1746 CLaserControlApp.o
 .debug_info    0x00002ee8      0xb20 CRelayTimer.o
 .debug_info    0x00003a08      0x564 CSensorADC.o
 .debug_info    0x00003f6c      0x8f6 LaserLib/CTimer.o
 .debug_info    0x00004862      0x479 LaserLib/CUSART.o
 .debug_info    0x00004cdb      0x23a LaserLib/int8a.o
 .debug_info    0x00004f15      0xe60 main.o
 .debug_info    0x00005d75      0x58e MODBUS/CMBProtocol.o
 .debug_info    0x00006303     0x11d2 MODBUS/CMBSender.o

.debug_abbrev   0x00000000     0x1c66
 *(.debug_abbrev)
 .debug_abbrev  0x00000000      0x2ce CDGUSDatabase.o
 .debug_abbrev  0x000002ce      0x26a CDGUSUSART.o
 .debug_abbrev  0x00000538      0x19e CLaserBoard.o
 .debug_abbrev  0x000006d6      0x464 CLaserControlApp.o
 .debug_abbrev  0x00000b3a      0x263 CRelayTimer.o
 .debug_abbrev  0x00000d9d      0x265 CSensorADC.o
 .debug_abbrev  0x00001002      0x1a5 LaserLib/CTimer.o
 .debug_abbrev  0x000011a7      0x1bd LaserLib/CUSART.o
 .debug_abbrev  0x00001364       0x83 LaserLib/int8a.o
 .debug_abbrev  0x000013e7      0x2d0 main.o
 .debug_abbrev  0x000016b7      0x212 MODBUS/CMBProtocol.o
 .debug_abbrev  0x000018c9      0x39d MODBUS/CMBSender.o

.debug_line     0x00000000     0x19e1
 *(.debug_line .debug_line.* .debug_line_end)
 .debug_line    0x00000000      0x224 CDGUSDatabase.o
 .debug_line    0x00000224      0x1b5 CDGUSUSART.o
 .debug_line    0x000003d9      0x1b1 CLaserBoard.o
 .debug_line    0x0000058a      0x41b CLaserControlApp.o
 .debug_line    0x000009a5      0x28b CRelayTimer.o
 .debug_line    0x00000c30      0x173 CSensorADC.o
 .debug_line    0x00000da3      0x1bc LaserLib/CTimer.o
 .debug_line    0x00000f5f       0xf9 LaserLib/CUSART.o
 .debug_line    0x00001058      0x170 LaserLib/int8a.o
 .debug_line    0x000011c8      0x247 main.o
 .debug_line    0x0000140f      0x1d9 MODBUS/CMBProtocol.o
 .debug_line    0x000015e8      0x3f9 MODBUS/CMBSender.o

.debug_frame    0x00000000     0x12d4
 *(.debug_frame)
 .debug_frame   0x00000000      0x218 CDGUSDatabase.o
 .debug_frame   0x00000218       0xc8 CDGUSUSART.o
 .debug_frame   0x000002e0       0xe4 CLaserBoard.o
 .debug_frame   0x000003c4      0x16c CLaserControlApp.o
 .debug_frame   0x00000530      0x188 CRelayTimer.o
 .debug_frame   0x000006b8       0xa0 CSensorADC.o
 .debug_frame   0x00000758      0x124 LaserLib/CTimer.o
 .debug_frame   0x0000087c       0x54 LaserLib/CUSART.o
 .debug_frame   0x000008d0      0x644 LaserLib/int8a.o
 .debug_frame   0x00000f14       0x74 main.o
 .debug_frame   0x00000f88       0xc4 MODBUS/CMBProtocol.o
 .debug_frame   0x0000104c      0x288 MODBUS/CMBSender.o

.debug_str      0x00000000     0x26f4
 *(.debug_str)
 .debug_str     0x00000000      0x5d9 CDGUSDatabase.o
                                0x668 (size before relaxing)
 .debug_str     0x000005d9      0x4dd CDGUSUSART.o
                                0x6d4 (size before relaxing)
 .debug_str     0x00000ab6      0x229 CLaserBoard.o
                                0x43b (size before relaxing)
 .debug_str     0x00000cdf      0x4c4 CLaserControlApp.o
                                0xaed (size before relaxing)
 .debug_str     0x000011a3      0x54a CRelayTimer.o
                                0x7bb (size before relaxing)
 .debug_str     0x000016ed      0x349 CSensorADC.o
                                0x59e (size before relaxing)
 .debug_str     0x00001a36      0x235 LaserLib/CTimer.o
                                0x5fb (size before relaxing)
 .debug_str     0x00001c6b       0x35 LaserLib/CUSART.o
                                0x4eb (size before relaxing)
 .debug_str     0x00001ca0       0xe5 LaserLib/int8a.o
                                0x2b5 (size before relaxing)
 .debug_str     0x00001d85       0xf3 main.o
                                0xd75 (size before relaxing)
 .debug_str     0x00001e78      0x2ac MODBUS/CMBProtocol.o
                                0x4d9 (size before relaxing)
 .debug_str     0x00002124      0x5d0 MODBUS/CMBSender.o
                                0xa65 (size before relaxing)

.debug_loc      0x00000000     0x35fc
 *(.debug_loc)
 .debug_loc     0x00000000      0x8cf CDGUSDatabase.o
 .debug_loc     0x000008cf      0x1c4 CDGUSUSART.o
 .debug_loc     0x00000a93      0x10a CLaserBoard.o
 .debug_loc     0x00000b9d      0x5e8 CLaserControlApp.o
 .debug_loc     0x00001185      0x2e0 CRelayTimer.o
 .debug_loc     0x00001465      0x14a CSensorADC.o
 .debug_loc     0x000015af      0xe46 LaserLib/int8a.o
 .debug_loc     0x000023f5       0x3c main.o
 .debug_loc     0x00002431      0x356 MODBUS/CMBProtocol.o
 .debug_loc     0x00002787      0xe75 MODBUS/CMBSender.o

.debug_macinfo
 *(.debug_macinfo)

.debug_weaknames
 *(.debug_weaknames)

.debug_funcnames
 *(.debug_funcnames)

.debug_typenames
 *(.debug_typenames)

.debug_varnames
 *(.debug_varnames)

.debug_pubtypes
 *(.debug_pubtypes)

.debug_ranges   0x00000000      0x558
 *(.debug_ranges)
 .debug_ranges  0x00000000       0x60 CDGUSDatabase.o
 .debug_ranges  0x00000060       0x58 CDGUSUSART.o
 .debug_ranges  0x000000b8       0x68 CLaserBoard.o
 .debug_ranges  0x00000120       0x98 CLaserControlApp.o
 .debug_ranges  0x000001b8       0xb8 CRelayTimer.o
 .debug_ranges  0x00000270       0x48 CSensorADC.o
 .debug_ranges  0x000002b8       0x90 LaserLib/CTimer.o
 .debug_ranges  0x00000348       0x28 LaserLib/CUSART.o
 .debug_ranges  0x00000370       0x98 LaserLib/int8a.o
 .debug_ranges  0x00000408       0x30 main.o
 .debug_ranges  0x00000438       0x40 MODBUS/CMBProtocol.o
 .debug_ranges  0x00000478       0xe0 MODBUS/CMBSender.o

.debug_macro
 *(.debug_macro)
OUTPUT(Electroporation.elf elf32-avr)
LOAD linker stubs
